Copyright 1986-2022 Xilinx, Inc. All Rights Reserved. Copyright 2022-2025 Advanced Micro Devices, Inc. All Rights Reserved.
----------------------------------------------------------------------------------------------------------------------------------------------------------
| Tool Version : Vivado v.2025.2 (lin64) Build 6299465 Fri Nov 14 12:34:56 MST 2025
| Date         : Sun Sep  6 23:30:24 2026
| Host         : netarch-cxl.ece.cornell.edu running 64-bit Ubuntu 24.04.4 LTS
| Command      : report_ram_utilization -file /data/work/rio-synthesis/hardware-replay/rio-replay-pe5-v32-c1024-j16384-vivado/reports/ram-utilization.rpt
| Design       : PifoMesh
| Device       : xcku5p-ffvb676-2-e
| Speed File   : -2
----------------------------------------------------------------------------------------------------------------------------------------------------------

RAM Usage Information

Table of Contents
-----------------
1. Summary
2. Memory Description
3. Memory Utilization - Inferred
4. Memory Performance - Inferred
5. Block Ram / URAM Memory Power - Inferred

1. Summary
----------

+--------------------------+------------+-----------+-------+-----------+
| Memory Type              | Total Used | Available | Util% | Inferred% |
+--------------------------+------------+-----------+-------+-----------+
| URAM                     |          0 |        64 |  0.00 |      0.00 |
| BlockRAM                 |       51.5 |       480 | 10.73 |    100.00 |
|  RAMB36E2                |         51 |           |       |    100.00 |
|  RAMB18E2                |          1 |           |       |    100.00 |
| LUTMs as Distributed RAM |        552 |     99840 |  0.55 |    100.00 |
|  LUTMs as RAM32X1D       |         40 |           |       |    100.00 |
|  LUTMs as RAM32M16       |        472 |           |       |    100.00 |
|  LUTMs as RAM32M         |         40 |           |       |    100.00 |
+--------------------------+------------+-----------+-------+-----------+
*  Each RAMB18 is calculated as 0.5 BlockRAM
**  Tables 2, 3, 4 and 5 cover RAMs inferred by Vivado Synthesis using XPMs or RTL inference
***  XRAMs are not reported for detailed tables


2. Memory Description
---------------------

+-----------------------------------------------------+------------+-----------+-------------+------------------------+------------------------+
| Memory Name                                         | Array Size | RAM_STYLE | Memory Type | Port 1 Dimension / Map | Port 2 Dimension / Map |
+-----------------------------------------------------+------------+-----------+-------------+------------------------+------------------------+
| streamFifo_53/logic_ram                             |     409600 |           | RAM_SDP     | 16384x25               | 16384x25               |
|  streamFifo_53/logic_ram_reg_bram_0                 |      36864 |      AUTO |             |  A:A:2048x18           |  B:B:2048x18           |
|  streamFifo_53/logic_ram_reg_bram_1                 |      36864 |      AUTO |             |  A:A:2048x18           |  B:B:2048x18           |
|  streamFifo_53/logic_ram_reg_bram_2                 |      36864 |      AUTO |             |  A:A:2048x18           |  B:B:2048x18           |
|  streamFifo_53/logic_ram_reg_bram_3                 |      36864 |      AUTO |             |  A:A:2048x18           |  B:B:2048x18           |
|  streamFifo_53/logic_ram_reg_bram_4                 |      36864 |      AUTO |             |  A:A:2048x18           |  B:B:2048x18           |
|  streamFifo_53/logic_ram_reg_bram_5                 |      36864 |      AUTO |             |  A:A:2048x18           |  B:B:2048x18           |
|  streamFifo_53/logic_ram_reg_bram_6                 |      36864 |      AUTO |             |  A:A:2048x18           |  B:B:2048x18           |
|  streamFifo_53/logic_ram_reg_bram_7                 |      36864 |      AUTO |             |  A:A:2048x18           |  B:B:2048x18           |
|  streamFifo_53/logic_ram_reg_bram_8                 |      32768 |      AUTO |             |  A:A:8192x4            |  B:B:8192x4            |
|  streamFifo_53/logic_ram_reg_bram_9                 |      32768 |      AUTO |             |  A:A:8192x4            |  B:B:8192x4            |
|  streamFifo_53/logic_ram_reg_bram_10                |      32768 |      AUTO |             |  A:A:16384x2           |  B:B:16384x2           |
|  streamFifo_53/logic_ram_reg_bram_11                |      16384 |      AUTO |             |  A:A:16384x1           |  B:B:16384x1           |
| pifoEngines_0/enque_brain/engineCAM/ram             |     262144 |           | RAM_SDP     | 8192x18                | 8192x18                |
|  pifoEngines_0/enque_brain/engineCAM/ram_reg_bram_0 |      36864 |      AUTO |             |  A:A:2048x18           |  B:B:2048x18           |
|  pifoEngines_0/enque_brain/engineCAM/ram_reg_bram_1 |      36864 |      AUTO |             |  A:A:2048x18           |  B:B:2048x18           |
|  pifoEngines_0/enque_brain/engineCAM/ram_reg_bram_2 |      36864 |      AUTO |             |  A:A:2048x18           |  B:B:2048x18           |
|  pifoEngines_0/enque_brain/engineCAM/ram_reg_bram_3 |      36864 |      AUTO |             |  A:A:2048x18           |  B:B:2048x18           |
| pifoEngines_1/enque_brain/engineCAM/ram             |     262144 |           | RAM_SDP     | 8192x18                | 8192x18                |
|  pifoEngines_1/enque_brain/engineCAM/ram_reg_bram_0 |      36864 |      AUTO |             |  A:A:2048x18           |  B:B:2048x18           |
|  pifoEngines_1/enque_brain/engineCAM/ram_reg_bram_1 |      36864 |      AUTO |             |  A:A:2048x18           |  B:B:2048x18           |
|  pifoEngines_1/enque_brain/engineCAM/ram_reg_bram_2 |      36864 |      AUTO |             |  A:A:2048x18           |  B:B:2048x18           |
|  pifoEngines_1/enque_brain/engineCAM/ram_reg_bram_3 |      36864 |      AUTO |             |  A:A:2048x18           |  B:B:2048x18           |
| pifoEngines_2/enque_brain/engineCAM/ram             |     262144 |           | RAM_SDP     | 8192x18                | 8192x18                |
|  pifoEngines_2/enque_brain/engineCAM/ram_reg_bram_0 |      36864 |      AUTO |             |  A:A:2048x18           |  B:B:2048x18           |
|  pifoEngines_2/enque_brain/engineCAM/ram_reg_bram_1 |      36864 |      AUTO |             |  A:A:2048x18           |  B:B:2048x18           |
|  pifoEngines_2/enque_brain/engineCAM/ram_reg_bram_2 |      36864 |      AUTO |             |  A:A:2048x18           |  B:B:2048x18           |
|  pifoEngines_2/enque_brain/engineCAM/ram_reg_bram_3 |      36864 |      AUTO |             |  A:A:2048x18           |  B:B:2048x18           |
| pifoEngines_3/enque_brain/engineCAM/ram             |     262144 |           | RAM_SDP     | 8192x18                | 8192x18                |
|  pifoEngines_3/enque_brain/engineCAM/ram_reg_bram_0 |      36864 |      AUTO |             |  A:A:2048x18           |  B:B:2048x18           |
|  pifoEngines_3/enque_brain/engineCAM/ram_reg_bram_1 |      36864 |      AUTO |             |  A:A:2048x18           |  B:B:2048x18           |
|  pifoEngines_3/enque_brain/engineCAM/ram_reg_bram_2 |      36864 |      AUTO |             |  A:A:2048x18           |  B:B:2048x18           |
|  pifoEngines_3/enque_brain/engineCAM/ram_reg_bram_3 |      36864 |      AUTO |             |  A:A:2048x18           |  B:B:2048x18           |
| pifoEngines_4/enque_brain/engineCAM/ram             |     262144 |           | RAM_SDP     | 8192x18                | 8192x18                |
|  pifoEngines_4/enque_brain/engineCAM/ram_reg_bram_0 |      36864 |      AUTO |             |  A:A:2048x18           |  B:B:2048x18           |
|  pifoEngines_4/enque_brain/engineCAM/ram_reg_bram_1 |      36864 |      AUTO |             |  A:A:2048x18           |  B:B:2048x18           |
|  pifoEngines_4/enque_brain/engineCAM/ram_reg_bram_2 |      36864 |      AUTO |             |  A:A:2048x18           |  B:B:2048x18           |
|  pifoEngines_4/enque_brain/engineCAM/ram_reg_bram_3 |      36864 |      AUTO |             |  A:A:2048x18           |  B:B:2048x18           |
| pifoEngines_0/deque_dequeMapper/banks_0             |      65536 |           | RAM_SDP     | 8192x8                 | 8192x8                 |
|  pifoEngines_0/deque_dequeMapper/banks_0_reg_bram_0 |      32768 |      AUTO |             |  A:A:4096x8            |  B:B:4096x8            |
|  pifoEngines_0/deque_dequeMapper/banks_0_reg_bram_1 |      32768 |      AUTO |             |  A:A:4096x8            |  B:B:4096x8            |
| pifoEngines_0/deque_dequeMapper/banks_1             |      65536 |           | RAM_SDP     | 8192x8                 | 8192x8                 |
|  pifoEngines_0/deque_dequeMapper/banks_1_reg_bram_0 |      32768 |      AUTO |             |  A:A:4096x8            |  B:B:4096x8            |
|  pifoEngines_0/deque_dequeMapper/banks_1_reg_bram_1 |      32768 |      AUTO |             |  A:A:4096x8            |  B:B:4096x8            |
| pifoEngines_1/deque_dequeMapper/banks_0             |      65536 |           | RAM_SDP     | 8192x8                 | 8192x8                 |
|  pifoEngines_1/deque_dequeMapper/banks_0_reg_bram_0 |      32768 |      AUTO |             |  A:A:4096x8            |  B:B:4096x8            |
|  pifoEngines_1/deque_dequeMapper/banks_0_reg_bram_1 |      32768 |      AUTO |             |  A:A:4096x8            |  B:B:4096x8            |
| pifoEngines_1/deque_dequeMapper/banks_1             |      65536 |           | RAM_SDP     | 8192x8                 | 8192x8                 |
|  pifoEngines_1/deque_dequeMapper/banks_1_reg_bram_0 |      32768 |      AUTO |             |  A:A:4096x8            |  B:B:4096x8            |
|  pifoEngines_1/deque_dequeMapper/banks_1_reg_bram_1 |      32768 |      AUTO |             |  A:A:4096x8            |  B:B:4096x8            |
| pifoEngines_2/deque_dequeMapper/banks_0             |      65536 |           | RAM_SDP     | 8192x8                 | 8192x8                 |
|  pifoEngines_2/deque_dequeMapper/banks_0_reg_bram_0 |      32768 |      AUTO |             |  A:A:4096x8            |  B:B:4096x8            |
|  pifoEngines_2/deque_dequeMapper/banks_0_reg_bram_1 |      32768 |      AUTO |             |  A:A:4096x8            |  B:B:4096x8            |
| pifoEngines_2/deque_dequeMapper/banks_1             |      65536 |           | RAM_SDP     | 8192x8                 | 8192x8                 |
|  pifoEngines_2/deque_dequeMapper/banks_1_reg_bram_0 |      32768 |      AUTO |             |  A:A:4096x8            |  B:B:4096x8            |
|  pifoEngines_2/deque_dequeMapper/banks_1_reg_bram_1 |      32768 |      AUTO |             |  A:A:4096x8            |  B:B:4096x8            |
| pifoEngines_3/deque_dequeMapper/banks_0             |      65536 |           | RAM_SDP     | 8192x8                 | 8192x8                 |
|  pifoEngines_3/deque_dequeMapper/banks_0_reg_bram_0 |      32768 |      AUTO |             |  A:A:4096x8            |  B:B:4096x8            |
|  pifoEngines_3/deque_dequeMapper/banks_0_reg_bram_1 |      32768 |      AUTO |             |  A:A:4096x8            |  B:B:4096x8            |
| pifoEngines_3/deque_dequeMapper/banks_1             |      65536 |           | RAM_SDP     | 8192x8                 | 8192x8                 |
|  pifoEngines_3/deque_dequeMapper/banks_1_reg_bram_0 |      32768 |      AUTO |             |  A:A:4096x8            |  B:B:4096x8            |
|  pifoEngines_3/deque_dequeMapper/banks_1_reg_bram_1 |      32768 |      AUTO |             |  A:A:4096x8            |  B:B:4096x8            |
| pifoEngines_4/deque_dequeMapper/banks_0             |      65536 |           | RAM_SDP     | 8192x8                 | 8192x8                 |
|  pifoEngines_4/deque_dequeMapper/banks_0_reg_bram_0 |      32768 |      AUTO |             |  A:A:4096x8            |  B:B:4096x8            |
|  pifoEngines_4/deque_dequeMapper/banks_0_reg_bram_1 |      32768 |      AUTO |             |  A:A:4096x8            |  B:B:4096x8            |
| pifoEngines_4/deque_dequeMapper/banks_1             |      65536 |           | RAM_SDP     | 8192x8                 | 8192x8                 |
|  pifoEngines_4/deque_dequeMapper/banks_1_reg_bram_0 |      32768 |      AUTO |             |  A:A:4096x8            |  B:B:4096x8            |
|  pifoEngines_4/deque_dequeMapper/banks_1_reg_bram_1 |      32768 |      AUTO |             |  A:A:4096x8            |  B:B:4096x8            |
+-----------------------------------------------------+------------+-----------+-------------+------------------------+------------------------+


3. Memory Utilization - Inferred
--------------------------------

+-----------------------------------------------------+-----------+-----------+----------------+-----------+-----------+---------+---------------+---------------+---------+---------------+---------------+---------+---------------+---------------+---------+---------------+---------------+
| Memory Name                                         | Primitive | RAM STYLE | Available Bits | Used Bits | Bit Util% | A Depth | A Depth Avail | A Depth Util% | A Width | A Width Avail | A Width Util% | B Depth | B Depth Avail | B Depth Util% | B Width | B Width Avail | B Width Util% |
+-----------------------------------------------------+-----------+-----------+----------------+-----------+-----------+---------+---------------+---------------+---------+---------------+---------------+---------+---------------+---------------+---------+---------------+---------------+
| streamFifo_53/logic_ram                             |           |           |                |           |           |         |               |               |         |               |               |         |               |               |         |               |               |
|  streamFifo_53/logic_ram_reg_bram_0                 | RAMB36E2  |      AUTO |          36864 |     36864 |    100.00 |    2048 |          2048 |        100.00 |      18 |            18 |        100.00 |    2048 |          2048 |        100.00 |      18 |            18 |        100.00 |
|  streamFifo_53/logic_ram_reg_bram_1                 | RAMB36E2  |      AUTO |          36864 |     36864 |    100.00 |    2048 |          2048 |        100.00 |      18 |            18 |        100.00 |    2048 |          2048 |        100.00 |      18 |            18 |        100.00 |
|  streamFifo_53/logic_ram_reg_bram_2                 | RAMB36E2  |      AUTO |          36864 |     36864 |    100.00 |    2048 |          2048 |        100.00 |      18 |            18 |        100.00 |    2048 |          2048 |        100.00 |      18 |            18 |        100.00 |
|  streamFifo_53/logic_ram_reg_bram_3                 | RAMB36E2  |      AUTO |          36864 |     36864 |    100.00 |    2048 |          2048 |        100.00 |      18 |            18 |        100.00 |    2048 |          2048 |        100.00 |      18 |            18 |        100.00 |
|  streamFifo_53/logic_ram_reg_bram_4                 | RAMB36E2  |      AUTO |          36864 |     36864 |    100.00 |    2048 |          2048 |        100.00 |      18 |            18 |        100.00 |    2048 |          2048 |        100.00 |      18 |            18 |        100.00 |
|  streamFifo_53/logic_ram_reg_bram_5                 | RAMB36E2  |      AUTO |          36864 |     36864 |    100.00 |    2048 |          2048 |        100.00 |      18 |            18 |        100.00 |    2048 |          2048 |        100.00 |      18 |            18 |        100.00 |
|  streamFifo_53/logic_ram_reg_bram_6                 | RAMB36E2  |      AUTO |          36864 |     36864 |    100.00 |    2048 |          2048 |        100.00 |      18 |            18 |        100.00 |    2048 |          2048 |        100.00 |      18 |            18 |        100.00 |
|  streamFifo_53/logic_ram_reg_bram_7                 | RAMB36E2  |      AUTO |          36864 |     36864 |    100.00 |    2048 |          2048 |        100.00 |      18 |            18 |        100.00 |    2048 |          2048 |        100.00 |      18 |            18 |        100.00 |
|  streamFifo_53/logic_ram_reg_bram_8                 | RAMB36E2  |      AUTO |          36864 |     32768 |     88.89 |    8192 |          8192 |        100.00 |       4 |             4 |        100.00 |    8192 |          8192 |        100.00 |       4 |             4 |        100.00 |
|  streamFifo_53/logic_ram_reg_bram_9                 | RAMB36E2  |      AUTO |          36864 |     32768 |     88.89 |    8192 |          8192 |        100.00 |       4 |             4 |        100.00 |    8192 |          8192 |        100.00 |       4 |             4 |        100.00 |
|  streamFifo_53/logic_ram_reg_bram_10                | RAMB36E2  |      AUTO |          36864 |     32768 |     88.89 |   16384 |         16384 |        100.00 |       2 |             2 |        100.00 |   16384 |         16384 |        100.00 |       2 |             2 |        100.00 |
|  streamFifo_53/logic_ram_reg_bram_11                | RAMB18E2  |      AUTO |          18432 |     16384 |     88.89 |   16384 |         16384 |        100.00 |       1 |             1 |        100.00 |   16384 |         16384 |        100.00 |       1 |             1 |        100.00 |
| pifoEngines_0/enque_brain/engineCAM/ram             |           |           |                |           |           |         |               |               |         |               |               |         |               |               |         |               |               |
|  pifoEngines_0/enque_brain/engineCAM/ram_reg_bram_0 | RAMB36E2  |      AUTO |          36864 |     36864 |    100.00 |    2048 |          2048 |        100.00 |      18 |            18 |        100.00 |    2048 |          2048 |        100.00 |      18 |            18 |        100.00 |
|  pifoEngines_0/enque_brain/engineCAM/ram_reg_bram_1 | RAMB36E2  |      AUTO |          36864 |     36864 |    100.00 |    2048 |          2048 |        100.00 |      18 |            18 |        100.00 |    2048 |          2048 |        100.00 |      18 |            18 |        100.00 |
|  pifoEngines_0/enque_brain/engineCAM/ram_reg_bram_2 | RAMB36E2  |      AUTO |          36864 |     36864 |    100.00 |    2048 |          2048 |        100.00 |      18 |            18 |        100.00 |    2048 |          2048 |        100.00 |      18 |            18 |        100.00 |
|  pifoEngines_0/enque_brain/engineCAM/ram_reg_bram_3 | RAMB36E2  |      AUTO |          36864 |     36864 |    100.00 |    2048 |          2048 |        100.00 |      18 |            18 |        100.00 |    2048 |          2048 |        100.00 |      18 |            18 |        100.00 |
| pifoEngines_1/enque_brain/engineCAM/ram             |           |           |                |           |           |         |               |               |         |               |               |         |               |               |         |               |               |
|  pifoEngines_1/enque_brain/engineCAM/ram_reg_bram_0 | RAMB36E2  |      AUTO |          36864 |     36864 |    100.00 |    2048 |          2048 |        100.00 |      18 |            18 |        100.00 |    2048 |          2048 |        100.00 |      18 |            18 |        100.00 |
|  pifoEngines_1/enque_brain/engineCAM/ram_reg_bram_1 | RAMB36E2  |      AUTO |          36864 |     36864 |    100.00 |    2048 |          2048 |        100.00 |      18 |            18 |        100.00 |    2048 |          2048 |        100.00 |      18 |            18 |        100.00 |
|  pifoEngines_1/enque_brain/engineCAM/ram_reg_bram_2 | RAMB36E2  |      AUTO |          36864 |     36864 |    100.00 |    2048 |          2048 |        100.00 |      18 |            18 |        100.00 |    2048 |          2048 |        100.00 |      18 |            18 |        100.00 |
|  pifoEngines_1/enque_brain/engineCAM/ram_reg_bram_3 | RAMB36E2  |      AUTO |          36864 |     36864 |    100.00 |    2048 |          2048 |        100.00 |      18 |            18 |        100.00 |    2048 |          2048 |        100.00 |      18 |            18 |        100.00 |
| pifoEngines_2/enque_brain/engineCAM/ram             |           |           |                |           |           |         |               |               |         |               |               |         |               |               |         |               |               |
|  pifoEngines_2/enque_brain/engineCAM/ram_reg_bram_0 | RAMB36E2  |      AUTO |          36864 |     36864 |    100.00 |    2048 |          2048 |        100.00 |      18 |            18 |        100.00 |    2048 |          2048 |        100.00 |      18 |            18 |        100.00 |
|  pifoEngines_2/enque_brain/engineCAM/ram_reg_bram_1 | RAMB36E2  |      AUTO |          36864 |     36864 |    100.00 |    2048 |          2048 |        100.00 |      18 |            18 |        100.00 |    2048 |          2048 |        100.00 |      18 |            18 |        100.00 |
|  pifoEngines_2/enque_brain/engineCAM/ram_reg_bram_2 | RAMB36E2  |      AUTO |          36864 |     36864 |    100.00 |    2048 |          2048 |        100.00 |      18 |            18 |        100.00 |    2048 |          2048 |        100.00 |      18 |            18 |        100.00 |
|  pifoEngines_2/enque_brain/engineCAM/ram_reg_bram_3 | RAMB36E2  |      AUTO |          36864 |     36864 |    100.00 |    2048 |          2048 |        100.00 |      18 |            18 |        100.00 |    2048 |          2048 |        100.00 |      18 |            18 |        100.00 |
| pifoEngines_3/enque_brain/engineCAM/ram             |           |           |                |           |           |         |               |               |         |               |               |         |               |               |         |               |               |
|  pifoEngines_3/enque_brain/engineCAM/ram_reg_bram_0 | RAMB36E2  |      AUTO |          36864 |     36864 |    100.00 |    2048 |          2048 |        100.00 |      18 |            18 |        100.00 |    2048 |          2048 |        100.00 |      18 |            18 |        100.00 |
|  pifoEngines_3/enque_brain/engineCAM/ram_reg_bram_1 | RAMB36E2  |      AUTO |          36864 |     36864 |    100.00 |    2048 |          2048 |        100.00 |      18 |            18 |        100.00 |    2048 |          2048 |        100.00 |      18 |            18 |        100.00 |
|  pifoEngines_3/enque_brain/engineCAM/ram_reg_bram_2 | RAMB36E2  |      AUTO |          36864 |     36864 |    100.00 |    2048 |          2048 |        100.00 |      18 |            18 |        100.00 |    2048 |          2048 |        100.00 |      18 |            18 |        100.00 |
|  pifoEngines_3/enque_brain/engineCAM/ram_reg_bram_3 | RAMB36E2  |      AUTO |          36864 |     36864 |    100.00 |    2048 |          2048 |        100.00 |      18 |            18 |        100.00 |    2048 |          2048 |        100.00 |      18 |            18 |        100.00 |
| pifoEngines_4/enque_brain/engineCAM/ram             |           |           |                |           |           |         |               |               |         |               |               |         |               |               |         |               |               |
|  pifoEngines_4/enque_brain/engineCAM/ram_reg_bram_0 | RAMB36E2  |      AUTO |          36864 |     36864 |    100.00 |    2048 |          2048 |        100.00 |      18 |            18 |        100.00 |    2048 |          2048 |        100.00 |      18 |            18 |        100.00 |
|  pifoEngines_4/enque_brain/engineCAM/ram_reg_bram_1 | RAMB36E2  |      AUTO |          36864 |     36864 |    100.00 |    2048 |          2048 |        100.00 |      18 |            18 |        100.00 |    2048 |          2048 |        100.00 |      18 |            18 |        100.00 |
|  pifoEngines_4/enque_brain/engineCAM/ram_reg_bram_2 | RAMB36E2  |      AUTO |          36864 |     36864 |    100.00 |    2048 |          2048 |        100.00 |      18 |            18 |        100.00 |    2048 |          2048 |        100.00 |      18 |            18 |        100.00 |
|  pifoEngines_4/enque_brain/engineCAM/ram_reg_bram_3 | RAMB36E2  |      AUTO |          36864 |     36864 |    100.00 |    2048 |          2048 |        100.00 |      18 |            18 |        100.00 |    2048 |          2048 |        100.00 |      18 |            18 |        100.00 |
| pifoEngines_0/deque_dequeMapper/banks_0             |           |           |                |           |           |         |               |               |         |               |               |         |               |               |         |               |               |
|  pifoEngines_0/deque_dequeMapper/banks_0_reg_bram_0 | RAMB36E2  |      AUTO |          36864 |     32768 |     88.89 |    4096 |          4096 |        100.00 |       8 |             9 |         88.89 |    4096 |          4096 |        100.00 |       8 |             9 |         88.89 |
|  pifoEngines_0/deque_dequeMapper/banks_0_reg_bram_1 | RAMB36E2  |      AUTO |          36864 |     32768 |     88.89 |    4096 |          4096 |        100.00 |       8 |             9 |         88.89 |    4096 |          4096 |        100.00 |       8 |             9 |         88.89 |
| pifoEngines_0/deque_dequeMapper/banks_1             |           |           |                |           |           |         |               |               |         |               |               |         |               |               |         |               |               |
|  pifoEngines_0/deque_dequeMapper/banks_1_reg_bram_0 | RAMB36E2  |      AUTO |          36864 |     32768 |     88.89 |    4096 |          4096 |        100.00 |       8 |             9 |         88.89 |    4096 |          4096 |        100.00 |       8 |             9 |         88.89 |
|  pifoEngines_0/deque_dequeMapper/banks_1_reg_bram_1 | RAMB36E2  |      AUTO |          36864 |     32768 |     88.89 |    4096 |          4096 |        100.00 |       8 |             9 |         88.89 |    4096 |          4096 |        100.00 |       8 |             9 |         88.89 |
| pifoEngines_1/deque_dequeMapper/banks_0             |           |           |                |           |           |         |               |               |         |               |               |         |               |               |         |               |               |
|  pifoEngines_1/deque_dequeMapper/banks_0_reg_bram_0 | RAMB36E2  |      AUTO |          36864 |     32768 |     88.89 |    4096 |          4096 |        100.00 |       8 |             9 |         88.89 |    4096 |          4096 |        100.00 |       8 |             9 |         88.89 |
|  pifoEngines_1/deque_dequeMapper/banks_0_reg_bram_1 | RAMB36E2  |      AUTO |          36864 |     32768 |     88.89 |    4096 |          4096 |        100.00 |       8 |             9 |         88.89 |    4096 |          4096 |        100.00 |       8 |             9 |         88.89 |
| pifoEngines_1/deque_dequeMapper/banks_1             |           |           |                |           |           |         |               |               |         |               |               |         |               |               |         |               |               |
|  pifoEngines_1/deque_dequeMapper/banks_1_reg_bram_0 | RAMB36E2  |      AUTO |          36864 |     32768 |     88.89 |    4096 |          4096 |        100.00 |       8 |             9 |         88.89 |    4096 |          4096 |        100.00 |       8 |             9 |         88.89 |
|  pifoEngines_1/deque_dequeMapper/banks_1_reg_bram_1 | RAMB36E2  |      AUTO |          36864 |     32768 |     88.89 |    4096 |          4096 |        100.00 |       8 |             9 |         88.89 |    4096 |          4096 |        100.00 |       8 |             9 |         88.89 |
| pifoEngines_2/deque_dequeMapper/banks_0             |           |           |                |           |           |         |               |               |         |               |               |         |               |               |         |               |               |
|  pifoEngines_2/deque_dequeMapper/banks_0_reg_bram_0 | RAMB36E2  |      AUTO |          36864 |     32768 |     88.89 |    4096 |          4096 |        100.00 |       8 |             9 |         88.89 |    4096 |          4096 |        100.00 |       8 |             9 |         88.89 |
|  pifoEngines_2/deque_dequeMapper/banks_0_reg_bram_1 | RAMB36E2  |      AUTO |          36864 |     32768 |     88.89 |    4096 |          4096 |        100.00 |       8 |             9 |         88.89 |    4096 |          4096 |        100.00 |       8 |             9 |         88.89 |
| pifoEngines_2/deque_dequeMapper/banks_1             |           |           |                |           |           |         |               |               |         |               |               |         |               |               |         |               |               |
|  pifoEngines_2/deque_dequeMapper/banks_1_reg_bram_0 | RAMB36E2  |      AUTO |          36864 |     32768 |     88.89 |    4096 |          4096 |        100.00 |       8 |             9 |         88.89 |    4096 |          4096 |        100.00 |       8 |             9 |         88.89 |
|  pifoEngines_2/deque_dequeMapper/banks_1_reg_bram_1 | RAMB36E2  |      AUTO |          36864 |     32768 |     88.89 |    4096 |          4096 |        100.00 |       8 |             9 |         88.89 |    4096 |          4096 |        100.00 |       8 |             9 |         88.89 |
| pifoEngines_3/deque_dequeMapper/banks_0             |           |           |                |           |           |         |               |               |         |               |               |         |               |               |         |               |               |
|  pifoEngines_3/deque_dequeMapper/banks_0_reg_bram_0 | RAMB36E2  |      AUTO |          36864 |     32768 |     88.89 |    4096 |          4096 |        100.00 |       8 |             9 |         88.89 |    4096 |          4096 |        100.00 |       8 |             9 |         88.89 |
|  pifoEngines_3/deque_dequeMapper/banks_0_reg_bram_1 | RAMB36E2  |      AUTO |          36864 |     32768 |     88.89 |    4096 |          4096 |        100.00 |       8 |             9 |         88.89 |    4096 |          4096 |        100.00 |       8 |             9 |         88.89 |
| pifoEngines_3/deque_dequeMapper/banks_1             |           |           |                |           |           |         |               |               |         |               |               |         |               |               |         |               |               |
|  pifoEngines_3/deque_dequeMapper/banks_1_reg_bram_0 | RAMB36E2  |      AUTO |          36864 |     32768 |     88.89 |    4096 |          4096 |        100.00 |       8 |             9 |         88.89 |    4096 |          4096 |        100.00 |       8 |             9 |         88.89 |
|  pifoEngines_3/deque_dequeMapper/banks_1_reg_bram_1 | RAMB36E2  |      AUTO |          36864 |     32768 |     88.89 |    4096 |          4096 |        100.00 |       8 |             9 |         88.89 |    4096 |          4096 |        100.00 |       8 |             9 |         88.89 |
| pifoEngines_4/deque_dequeMapper/banks_0             |           |           |                |           |           |         |               |               |         |               |               |         |               |               |         |               |               |
|  pifoEngines_4/deque_dequeMapper/banks_0_reg_bram_0 | RAMB36E2  |      AUTO |          36864 |     32768 |     88.89 |    4096 |          4096 |        100.00 |       8 |             9 |         88.89 |    4096 |          4096 |        100.00 |       8 |             9 |         88.89 |
|  pifoEngines_4/deque_dequeMapper/banks_0_reg_bram_1 | RAMB36E2  |      AUTO |          36864 |     32768 |     88.89 |    4096 |          4096 |        100.00 |       8 |             9 |         88.89 |    4096 |          4096 |        100.00 |       8 |             9 |         88.89 |
| pifoEngines_4/deque_dequeMapper/banks_1             |           |           |                |           |           |         |               |               |         |               |               |         |               |               |         |               |               |
|  pifoEngines_4/deque_dequeMapper/banks_1_reg_bram_0 | RAMB36E2  |      AUTO |          36864 |     32768 |     88.89 |    4096 |          4096 |        100.00 |       8 |             9 |         88.89 |    4096 |          4096 |        100.00 |       8 |             9 |         88.89 |
|  pifoEngines_4/deque_dequeMapper/banks_1_reg_bram_1 | RAMB36E2  |      AUTO |          36864 |     32768 |     88.89 |    4096 |          4096 |        100.00 |       8 |             9 |         88.89 |    4096 |          4096 |        100.00 |       8 |             9 |         88.89 |
+-----------------------------------------------------+-----------+-----------+----------------+-----------+-----------+---------+---------------+---------------+---------+---------------+---------------+---------+---------------+---------------+---------+---------------+---------------+


4. Memory Performance - Inferred
--------------------------------

+-----------------------------------------------------+-----------+------------------------+------------------------+-------------+-------------------------+-------------+-------------------------+-----------+--------+--------+---------+-----------+--------+--------+---------+
| Memory Name                                         | Primitive | Port 1 Dimension / Map | Port 2 Dimension / Map | Port A Type | Port A Requirement (ns) | Port B Type | Port B Requirement (ns) | A Cascade | IREG_A | OREG_A | DOA_REG | B Cascade | IREG_B | OREG_B | DOB_REG |
+-----------------------------------------------------+-----------+------------------------+------------------------+-------------+-------------------------+-------------+-------------------------+-----------+--------+--------+---------+-----------+--------+--------+---------+
| streamFifo_53/logic_ram                             |           | 16384x25               | 16384x25               |             |                         |             |                         |           |        |        |         |           |        |        |         |
|  streamFifo_53/logic_ram_reg_bram_0                 | RAMB36E2  |  A:A:2048x18           |  B:B:2048x18           |       Write |                    10.0 |        Read |                    10.0 |      NONE |        |        |       0 |     FIRST |        |        |       0 |
|  streamFifo_53/logic_ram_reg_bram_1                 | RAMB36E2  |  A:A:2048x18           |  B:B:2048x18           |       Write |                    10.0 |        Read |                    10.0 |      NONE |        |        |       0 |    MIDDLE |        |        |       0 |
|  streamFifo_53/logic_ram_reg_bram_2                 | RAMB36E2  |  A:A:2048x18           |  B:B:2048x18           |       Write |                    10.0 |        Read |                    10.0 |      NONE |        |        |       0 |    MIDDLE |        |        |       0 |
|  streamFifo_53/logic_ram_reg_bram_3                 | RAMB36E2  |  A:A:2048x18           |  B:B:2048x18           |       Write |                    10.0 |        Read |                    10.0 |      NONE |        |        |       0 |    MIDDLE |        |        |       0 |
|  streamFifo_53/logic_ram_reg_bram_4                 | RAMB36E2  |  A:A:2048x18           |  B:B:2048x18           |       Write |                    10.0 |        Read |                    10.0 |      NONE |        |        |       0 |    MIDDLE |        |        |       0 |
|  streamFifo_53/logic_ram_reg_bram_5                 | RAMB36E2  |  A:A:2048x18           |  B:B:2048x18           |       Write |                    10.0 |        Read |                    10.0 |      NONE |        |        |       0 |    MIDDLE |        |        |       0 |
|  streamFifo_53/logic_ram_reg_bram_6                 | RAMB36E2  |  A:A:2048x18           |  B:B:2048x18           |       Write |                    10.0 |        Read |                    10.0 |      NONE |        |        |       0 |    MIDDLE |        |        |       0 |
|  streamFifo_53/logic_ram_reg_bram_7                 | RAMB36E2  |  A:A:2048x18           |  B:B:2048x18           |       Write |                    10.0 |        Read |                    10.0 |      NONE |        |        |       0 |      LAST |        |        |       0 |
|  streamFifo_53/logic_ram_reg_bram_8                 | RAMB36E2  |  A:A:8192x4            |  B:B:8192x4            |       Write |                    10.0 |        Read |                    10.0 |      NONE |        |        |       0 |     FIRST |        |        |       0 |
|  streamFifo_53/logic_ram_reg_bram_9                 | RAMB36E2  |  A:A:8192x4            |  B:B:8192x4            |       Write |                    10.0 |        Read |                    10.0 |      NONE |        |        |       0 |      LAST |        |        |       0 |
|  streamFifo_53/logic_ram_reg_bram_10                | RAMB36E2  |  A:A:16384x2           |  B:B:16384x2           |       Write |                    10.0 |        Read |                    10.0 |      NONE |        |        |       0 |      NONE |        |        |       0 |
|  streamFifo_53/logic_ram_reg_bram_11                | RAMB18E2  |  A:A:16384x1           |  B:B:16384x1           |       Write |                    10.0 |        Read |                    10.0 |      NONE |        |        |       0 |      NONE |        |        |       0 |
| pifoEngines_0/enque_brain/engineCAM/ram             |           | 8192x18                | 8192x18                |             |                         |             |                         |           |        |        |         |           |        |        |         |
|  pifoEngines_0/enque_brain/engineCAM/ram_reg_bram_0 | RAMB36E2  |  A:A:2048x18           |  B:B:2048x18           |       Write |                    10.0 |        Read |                    10.0 |      NONE |        |        |       0 |     FIRST |        |        |       0 |
|  pifoEngines_0/enque_brain/engineCAM/ram_reg_bram_1 | RAMB36E2  |  A:A:2048x18           |  B:B:2048x18           |       Write |                    10.0 |        Read |                    10.0 |      NONE |        |        |       0 |    MIDDLE |        |        |       0 |
|  pifoEngines_0/enque_brain/engineCAM/ram_reg_bram_2 | RAMB36E2  |  A:A:2048x18           |  B:B:2048x18           |       Write |                    10.0 |        Read |                    10.0 |      NONE |        |        |       0 |    MIDDLE |        |        |       0 |
|  pifoEngines_0/enque_brain/engineCAM/ram_reg_bram_3 | RAMB36E2  |  A:A:2048x18           |  B:B:2048x18           |       Write |                    10.0 |        Read |                    10.0 |      NONE |        |        |       0 |      LAST |        |        |       0 |
| pifoEngines_1/enque_brain/engineCAM/ram             |           | 8192x18                | 8192x18                |             |                         |             |                         |           |        |        |         |           |        |        |         |
|  pifoEngines_1/enque_brain/engineCAM/ram_reg_bram_0 | RAMB36E2  |  A:A:2048x18           |  B:B:2048x18           |       Write |                    10.0 |        Read |                    10.0 |      NONE |        |        |       0 |     FIRST |        |        |       0 |
|  pifoEngines_1/enque_brain/engineCAM/ram_reg_bram_1 | RAMB36E2  |  A:A:2048x18           |  B:B:2048x18           |       Write |                    10.0 |        Read |                    10.0 |      NONE |        |        |       0 |    MIDDLE |        |        |       0 |
|  pifoEngines_1/enque_brain/engineCAM/ram_reg_bram_2 | RAMB36E2  |  A:A:2048x18           |  B:B:2048x18           |       Write |                    10.0 |        Read |                    10.0 |      NONE |        |        |       0 |    MIDDLE |        |        |       0 |
|  pifoEngines_1/enque_brain/engineCAM/ram_reg_bram_3 | RAMB36E2  |  A:A:2048x18           |  B:B:2048x18           |       Write |                    10.0 |        Read |                    10.0 |      NONE |        |        |       0 |      LAST |        |        |       0 |
| pifoEngines_2/enque_brain/engineCAM/ram             |           | 8192x18                | 8192x18                |             |                         |             |                         |           |        |        |         |           |        |        |         |
|  pifoEngines_2/enque_brain/engineCAM/ram_reg_bram_0 | RAMB36E2  |  A:A:2048x18           |  B:B:2048x18           |       Write |                    10.0 |        Read |                    10.0 |      NONE |        |        |       0 |     FIRST |        |        |       0 |
|  pifoEngines_2/enque_brain/engineCAM/ram_reg_bram_1 | RAMB36E2  |  A:A:2048x18           |  B:B:2048x18           |       Write |                    10.0 |        Read |                    10.0 |      NONE |        |        |       0 |    MIDDLE |        |        |       0 |
|  pifoEngines_2/enque_brain/engineCAM/ram_reg_bram_2 | RAMB36E2  |  A:A:2048x18           |  B:B:2048x18           |       Write |                    10.0 |        Read |                    10.0 |      NONE |        |        |       0 |    MIDDLE |        |        |       0 |
|  pifoEngines_2/enque_brain/engineCAM/ram_reg_bram_3 | RAMB36E2  |  A:A:2048x18           |  B:B:2048x18           |       Write |                    10.0 |        Read |                    10.0 |      NONE |        |        |       0 |      LAST |        |        |       0 |
| pifoEngines_3/enque_brain/engineCAM/ram             |           | 8192x18                | 8192x18                |             |                         |             |                         |           |        |        |         |           |        |        |         |
|  pifoEngines_3/enque_brain/engineCAM/ram_reg_bram_0 | RAMB36E2  |  A:A:2048x18           |  B:B:2048x18           |       Write |                    10.0 |        Read |                    10.0 |      NONE |        |        |       0 |     FIRST |        |        |       0 |
|  pifoEngines_3/enque_brain/engineCAM/ram_reg_bram_1 | RAMB36E2  |  A:A:2048x18           |  B:B:2048x18           |       Write |                    10.0 |        Read |                    10.0 |      NONE |        |        |       0 |    MIDDLE |        |        |       0 |
|  pifoEngines_3/enque_brain/engineCAM/ram_reg_bram_2 | RAMB36E2  |  A:A:2048x18           |  B:B:2048x18           |       Write |                    10.0 |        Read |                    10.0 |      NONE |        |        |       0 |    MIDDLE |        |        |       0 |
|  pifoEngines_3/enque_brain/engineCAM/ram_reg_bram_3 | RAMB36E2  |  A:A:2048x18           |  B:B:2048x18           |       Write |                    10.0 |        Read |                    10.0 |      NONE |        |        |       0 |      LAST |        |        |       0 |
| pifoEngines_4/enque_brain/engineCAM/ram             |           | 8192x18                | 8192x18                |             |                         |             |                         |           |        |        |         |           |        |        |         |
|  pifoEngines_4/enque_brain/engineCAM/ram_reg_bram_0 | RAMB36E2  |  A:A:2048x18           |  B:B:2048x18           |       Write |                    10.0 |        Read |                    10.0 |      NONE |        |        |       0 |     FIRST |        |        |       0 |
|  pifoEngines_4/enque_brain/engineCAM/ram_reg_bram_1 | RAMB36E2  |  A:A:2048x18           |  B:B:2048x18           |       Write |                    10.0 |        Read |                    10.0 |      NONE |        |        |       0 |    MIDDLE |        |        |       0 |
|  pifoEngines_4/enque_brain/engineCAM/ram_reg_bram_2 | RAMB36E2  |  A:A:2048x18           |  B:B:2048x18           |       Write |                    10.0 |        Read |                    10.0 |      NONE |        |        |       0 |    MIDDLE |        |        |       0 |
|  pifoEngines_4/enque_brain/engineCAM/ram_reg_bram_3 | RAMB36E2  |  A:A:2048x18           |  B:B:2048x18           |       Write |                    10.0 |        Read |                    10.0 |      NONE |        |        |       0 |      LAST |        |        |       0 |
| pifoEngines_0/deque_dequeMapper/banks_0             |           | 8192x8                 | 8192x8                 |             |                         |             |                         |           |        |        |         |           |        |        |         |
|  pifoEngines_0/deque_dequeMapper/banks_0_reg_bram_0 | RAMB36E2  |  A:A:4096x8            |  B:B:4096x8            |       Write |                    10.0 |        Read |                    10.0 |      NONE |        |        |       0 |     FIRST |        |        |       0 |
|  pifoEngines_0/deque_dequeMapper/banks_0_reg_bram_1 | RAMB36E2  |  A:A:4096x8            |  B:B:4096x8            |       Write |                    10.0 |        Read |                    10.0 |      NONE |        |        |       0 |      LAST |        |        |       0 |
| pifoEngines_0/deque_dequeMapper/banks_1             |           | 8192x8                 | 8192x8                 |             |                         |             |                         |           |        |        |         |           |        |        |         |
|  pifoEngines_0/deque_dequeMapper/banks_1_reg_bram_0 | RAMB36E2  |  A:A:4096x8            |  B:B:4096x8            |       Write |                    10.0 |        Read |                    10.0 |      NONE |        |        |       0 |     FIRST |        |        |       0 |
|  pifoEngines_0/deque_dequeMapper/banks_1_reg_bram_1 | RAMB36E2  |  A:A:4096x8            |  B:B:4096x8            |       Write |                    10.0 |        Read |                    10.0 |      NONE |        |        |       0 |      LAST |        |        |       0 |
| pifoEngines_1/deque_dequeMapper/banks_0             |           | 8192x8                 | 8192x8                 |             |                         |             |                         |           |        |        |         |           |        |        |         |
|  pifoEngines_1/deque_dequeMapper/banks_0_reg_bram_0 | RAMB36E2  |  A:A:4096x8            |  B:B:4096x8            |       Write |                    10.0 |        Read |                    10.0 |      NONE |        |        |       0 |     FIRST |        |        |       0 |
|  pifoEngines_1/deque_dequeMapper/banks_0_reg_bram_1 | RAMB36E2  |  A:A:4096x8            |  B:B:4096x8            |       Write |                    10.0 |        Read |                    10.0 |      NONE |        |        |       0 |      LAST |        |        |       0 |
| pifoEngines_1/deque_dequeMapper/banks_1             |           | 8192x8                 | 8192x8                 |             |                         |             |                         |           |        |        |         |           |        |        |         |
|  pifoEngines_1/deque_dequeMapper/banks_1_reg_bram_0 | RAMB36E2  |  A:A:4096x8            |  B:B:4096x8            |       Write |                    10.0 |        Read |                    10.0 |      NONE |        |        |       0 |     FIRST |        |        |       0 |
|  pifoEngines_1/deque_dequeMapper/banks_1_reg_bram_1 | RAMB36E2  |  A:A:4096x8            |  B:B:4096x8            |       Write |                    10.0 |        Read |                    10.0 |      NONE |        |        |       0 |      LAST |        |        |       0 |
| pifoEngines_2/deque_dequeMapper/banks_0             |           | 8192x8                 | 8192x8                 |             |                         |             |                         |           |        |        |         |           |        |        |         |
|  pifoEngines_2/deque_dequeMapper/banks_0_reg_bram_0 | RAMB36E2  |  A:A:4096x8            |  B:B:4096x8            |       Write |                    10.0 |        Read |                    10.0 |      NONE |        |        |       0 |     FIRST |        |        |       0 |
|  pifoEngines_2/deque_dequeMapper/banks_0_reg_bram_1 | RAMB36E2  |  A:A:4096x8            |  B:B:4096x8            |       Write |                    10.0 |        Read |                    10.0 |      NONE |        |        |       0 |      LAST |        |        |       0 |
| pifoEngines_2/deque_dequeMapper/banks_1             |           | 8192x8                 | 8192x8                 |             |                         |             |                         |           |        |        |         |           |        |        |         |
|  pifoEngines_2/deque_dequeMapper/banks_1_reg_bram_0 | RAMB36E2  |  A:A:4096x8            |  B:B:4096x8            |       Write |                    10.0 |        Read |                    10.0 |      NONE |        |        |       0 |     FIRST |        |        |       0 |
|  pifoEngines_2/deque_dequeMapper/banks_1_reg_bram_1 | RAMB36E2  |  A:A:4096x8            |  B:B:4096x8            |       Write |                    10.0 |        Read |                    10.0 |      NONE |        |        |       0 |      LAST |        |        |       0 |
| pifoEngines_3/deque_dequeMapper/banks_0             |           | 8192x8                 | 8192x8                 |             |                         |             |                         |           |        |        |         |           |        |        |         |
|  pifoEngines_3/deque_dequeMapper/banks_0_reg_bram_0 | RAMB36E2  |  A:A:4096x8            |  B:B:4096x8            |       Write |                    10.0 |        Read |                    10.0 |      NONE |        |        |       0 |     FIRST |        |        |       0 |
|  pifoEngines_3/deque_dequeMapper/banks_0_reg_bram_1 | RAMB36E2  |  A:A:4096x8            |  B:B:4096x8            |       Write |                    10.0 |        Read |                    10.0 |      NONE |        |        |       0 |      LAST |        |        |       0 |
| pifoEngines_3/deque_dequeMapper/banks_1             |           | 8192x8                 | 8192x8                 |             |                         |             |                         |           |        |        |         |           |        |        |         |
|  pifoEngines_3/deque_dequeMapper/banks_1_reg_bram_0 | RAMB36E2  |  A:A:4096x8            |  B:B:4096x8            |       Write |                    10.0 |        Read |                    10.0 |      NONE |        |        |       0 |     FIRST |        |        |       0 |
|  pifoEngines_3/deque_dequeMapper/banks_1_reg_bram_1 | RAMB36E2  |  A:A:4096x8            |  B:B:4096x8            |       Write |                    10.0 |        Read |                    10.0 |      NONE |        |        |       0 |      LAST |        |        |       0 |
| pifoEngines_4/deque_dequeMapper/banks_0             |           | 8192x8                 | 8192x8                 |             |                         |             |                         |           |        |        |         |           |        |        |         |
|  pifoEngines_4/deque_dequeMapper/banks_0_reg_bram_0 | RAMB36E2  |  A:A:4096x8            |  B:B:4096x8            |       Write |                    10.0 |        Read |                    10.0 |      NONE |        |        |       0 |     FIRST |        |        |       0 |
|  pifoEngines_4/deque_dequeMapper/banks_0_reg_bram_1 | RAMB36E2  |  A:A:4096x8            |  B:B:4096x8            |       Write |                    10.0 |        Read |                    10.0 |      NONE |        |        |       0 |      LAST |        |        |       0 |
| pifoEngines_4/deque_dequeMapper/banks_1             |           | 8192x8                 | 8192x8                 |             |                         |             |                         |           |        |        |         |           |        |        |         |
|  pifoEngines_4/deque_dequeMapper/banks_1_reg_bram_0 | RAMB36E2  |  A:A:4096x8            |  B:B:4096x8            |       Write |                    10.0 |        Read |                    10.0 |      NONE |        |        |       0 |     FIRST |        |        |       0 |
|  pifoEngines_4/deque_dequeMapper/banks_1_reg_bram_1 | RAMB36E2  |  A:A:4096x8            |  B:B:4096x8            |       Write |                    10.0 |        Read |                    10.0 |      NONE |        |        |       0 |      LAST |        |        |       0 |
+-----------------------------------------------------+-----------+------------------------+------------------------+-------------+-------------------------+-------------+-------------------------+-----------+--------+--------+---------+-----------+--------+--------+---------+


5. Block Ram / URAM Memory Power - Inferred
-------------------------------------------

+-----------------------------------------------------+-----------+------------------------+------------------------+--------------------+---------------+-------------------+-----------+--------------------+---------------+-------------------+-----------+
| Memory Name                                         | Primitive | Port 1 Dimension / Map | Port 2 Dimension / Map | Port A Power Gated | Port A Enable | Port A WRITE_MODE | A Cascade | Port B Power Gated | Port B Enable | Port B WRITE_MODE | B Cascade |
+-----------------------------------------------------+-----------+------------------------+------------------------+--------------------+---------------+-------------------+-----------+--------------------+---------------+-------------------+-----------+
| streamFifo_53/logic_ram                             |           | 16384x25               | 16384x25               |                    |               |                   |           |                    |               |                   |           |
|  streamFifo_53/logic_ram_reg_bram_0                 | RAMB36E2  |  A:A:2048x18           |  B:B:2048x18           |                    |        SIGNAL |        READ_FIRST |      NONE |                    |        SIGNAL |       WRITE_FIRST |     FIRST |
|  streamFifo_53/logic_ram_reg_bram_1                 | RAMB36E2  |  A:A:2048x18           |  B:B:2048x18           |                    |        SIGNAL |        READ_FIRST |      NONE |                    |        SIGNAL |       WRITE_FIRST |    MIDDLE |
|  streamFifo_53/logic_ram_reg_bram_2                 | RAMB36E2  |  A:A:2048x18           |  B:B:2048x18           |                    |        SIGNAL |        READ_FIRST |      NONE |                    |        SIGNAL |       WRITE_FIRST |    MIDDLE |
|  streamFifo_53/logic_ram_reg_bram_3                 | RAMB36E2  |  A:A:2048x18           |  B:B:2048x18           |                    |        SIGNAL |        READ_FIRST |      NONE |                    |        SIGNAL |       WRITE_FIRST |    MIDDLE |
|  streamFifo_53/logic_ram_reg_bram_4                 | RAMB36E2  |  A:A:2048x18           |  B:B:2048x18           |                    |        SIGNAL |        READ_FIRST |      NONE |                    |        SIGNAL |       WRITE_FIRST |    MIDDLE |
|  streamFifo_53/logic_ram_reg_bram_5                 | RAMB36E2  |  A:A:2048x18           |  B:B:2048x18           |                    |        SIGNAL |        READ_FIRST |      NONE |                    |        SIGNAL |       WRITE_FIRST |    MIDDLE |
|  streamFifo_53/logic_ram_reg_bram_6                 | RAMB36E2  |  A:A:2048x18           |  B:B:2048x18           |                    |        SIGNAL |        READ_FIRST |      NONE |                    |        SIGNAL |       WRITE_FIRST |    MIDDLE |
|  streamFifo_53/logic_ram_reg_bram_7                 | RAMB36E2  |  A:A:2048x18           |  B:B:2048x18           |                    |        SIGNAL |        READ_FIRST |      NONE |                    |        SIGNAL |       WRITE_FIRST |      LAST |
|  streamFifo_53/logic_ram_reg_bram_8                 | RAMB36E2  |  A:A:8192x4            |  B:B:8192x4            |                    |        SIGNAL |        READ_FIRST |      NONE |                    |        SIGNAL |       WRITE_FIRST |     FIRST |
|  streamFifo_53/logic_ram_reg_bram_9                 | RAMB36E2  |  A:A:8192x4            |  B:B:8192x4            |                    |        SIGNAL |        READ_FIRST |      NONE |                    |        SIGNAL |       WRITE_FIRST |      LAST |
|  streamFifo_53/logic_ram_reg_bram_10                | RAMB36E2  |  A:A:16384x2           |  B:B:16384x2           |                    |        SIGNAL |        READ_FIRST |      NONE |                    |        SIGNAL |       WRITE_FIRST |      NONE |
|  streamFifo_53/logic_ram_reg_bram_11                | RAMB18E2  |  A:A:16384x1           |  B:B:16384x1           |                    |        SIGNAL |        READ_FIRST |      NONE |                    |        SIGNAL |       WRITE_FIRST |      NONE |
| pifoEngines_0/enque_brain/engineCAM/ram             |           | 8192x18                | 8192x18                |                    |               |                   |           |                    |               |                   |           |
|  pifoEngines_0/enque_brain/engineCAM/ram_reg_bram_0 | RAMB36E2  |  A:A:2048x18           |  B:B:2048x18           |                    |        SIGNAL |        READ_FIRST |      NONE |                    |        SIGNAL |       WRITE_FIRST |     FIRST |
|  pifoEngines_0/enque_brain/engineCAM/ram_reg_bram_1 | RAMB36E2  |  A:A:2048x18           |  B:B:2048x18           |                    |        SIGNAL |        READ_FIRST |      NONE |                    |        SIGNAL |       WRITE_FIRST |    MIDDLE |
|  pifoEngines_0/enque_brain/engineCAM/ram_reg_bram_2 | RAMB36E2  |  A:A:2048x18           |  B:B:2048x18           |                    |        SIGNAL |        READ_FIRST |      NONE |                    |        SIGNAL |       WRITE_FIRST |    MIDDLE |
|  pifoEngines_0/enque_brain/engineCAM/ram_reg_bram_3 | RAMB36E2  |  A:A:2048x18           |  B:B:2048x18           |                    |        SIGNAL |        READ_FIRST |      NONE |                    |        SIGNAL |       WRITE_FIRST |      LAST |
| pifoEngines_1/enque_brain/engineCAM/ram             |           | 8192x18                | 8192x18                |                    |               |                   |           |                    |               |                   |           |
|  pifoEngines_1/enque_brain/engineCAM/ram_reg_bram_0 | RAMB36E2  |  A:A:2048x18           |  B:B:2048x18           |                    |        SIGNAL |        READ_FIRST |      NONE |                    |        SIGNAL |       WRITE_FIRST |     FIRST |
|  pifoEngines_1/enque_brain/engineCAM/ram_reg_bram_1 | RAMB36E2  |  A:A:2048x18           |  B:B:2048x18           |                    |        SIGNAL |        READ_FIRST |      NONE |                    |        SIGNAL |       WRITE_FIRST |    MIDDLE |
|  pifoEngines_1/enque_brain/engineCAM/ram_reg_bram_2 | RAMB36E2  |  A:A:2048x18           |  B:B:2048x18           |                    |        SIGNAL |        READ_FIRST |      NONE |                    |        SIGNAL |       WRITE_FIRST |    MIDDLE |
|  pifoEngines_1/enque_brain/engineCAM/ram_reg_bram_3 | RAMB36E2  |  A:A:2048x18           |  B:B:2048x18           |                    |        SIGNAL |        READ_FIRST |      NONE |                    |        SIGNAL |       WRITE_FIRST |      LAST |
| pifoEngines_2/enque_brain/engineCAM/ram             |           | 8192x18                | 8192x18                |                    |               |                   |           |                    |               |                   |           |
|  pifoEngines_2/enque_brain/engineCAM/ram_reg_bram_0 | RAMB36E2  |  A:A:2048x18           |  B:B:2048x18           |                    |        SIGNAL |        READ_FIRST |      NONE |                    |        SIGNAL |       WRITE_FIRST |     FIRST |
|  pifoEngines_2/enque_brain/engineCAM/ram_reg_bram_1 | RAMB36E2  |  A:A:2048x18           |  B:B:2048x18           |                    |        SIGNAL |        READ_FIRST |      NONE |                    |        SIGNAL |       WRITE_FIRST |    MIDDLE |
|  pifoEngines_2/enque_brain/engineCAM/ram_reg_bram_2 | RAMB36E2  |  A:A:2048x18           |  B:B:2048x18           |                    |        SIGNAL |        READ_FIRST |      NONE |                    |        SIGNAL |       WRITE_FIRST |    MIDDLE |
|  pifoEngines_2/enque_brain/engineCAM/ram_reg_bram_3 | RAMB36E2  |  A:A:2048x18           |  B:B:2048x18           |                    |        SIGNAL |        READ_FIRST |      NONE |                    |        SIGNAL |       WRITE_FIRST |      LAST |
| pifoEngines_3/enque_brain/engineCAM/ram             |           | 8192x18                | 8192x18                |                    |               |                   |           |                    |               |                   |           |
|  pifoEngines_3/enque_brain/engineCAM/ram_reg_bram_0 | RAMB36E2  |  A:A:2048x18           |  B:B:2048x18           |                    |        SIGNAL |        READ_FIRST |      NONE |                    |        SIGNAL |       WRITE_FIRST |     FIRST |
|  pifoEngines_3/enque_brain/engineCAM/ram_reg_bram_1 | RAMB36E2  |  A:A:2048x18           |  B:B:2048x18           |                    |        SIGNAL |        READ_FIRST |      NONE |                    |        SIGNAL |       WRITE_FIRST |    MIDDLE |
|  pifoEngines_3/enque_brain/engineCAM/ram_reg_bram_2 | RAMB36E2  |  A:A:2048x18           |  B:B:2048x18           |                    |        SIGNAL |        READ_FIRST |      NONE |                    |        SIGNAL |       WRITE_FIRST |    MIDDLE |
|  pifoEngines_3/enque_brain/engineCAM/ram_reg_bram_3 | RAMB36E2  |  A:A:2048x18           |  B:B:2048x18           |                    |        SIGNAL |        READ_FIRST |      NONE |                    |        SIGNAL |       WRITE_FIRST |      LAST |
| pifoEngines_4/enque_brain/engineCAM/ram             |           | 8192x18                | 8192x18                |                    |               |                   |           |                    |               |                   |           |
|  pifoEngines_4/enque_brain/engineCAM/ram_reg_bram_0 | RAMB36E2  |  A:A:2048x18           |  B:B:2048x18           |                    |        SIGNAL |        READ_FIRST |      NONE |                    |        SIGNAL |       WRITE_FIRST |     FIRST |
|  pifoEngines_4/enque_brain/engineCAM/ram_reg_bram_1 | RAMB36E2  |  A:A:2048x18           |  B:B:2048x18           |                    |        SIGNAL |        READ_FIRST |      NONE |                    |        SIGNAL |       WRITE_FIRST |    MIDDLE |
|  pifoEngines_4/enque_brain/engineCAM/ram_reg_bram_2 | RAMB36E2  |  A:A:2048x18           |  B:B:2048x18           |                    |        SIGNAL |        READ_FIRST |      NONE |                    |        SIGNAL |       WRITE_FIRST |    MIDDLE |
|  pifoEngines_4/enque_brain/engineCAM/ram_reg_bram_3 | RAMB36E2  |  A:A:2048x18           |  B:B:2048x18           |                    |        SIGNAL |        READ_FIRST |      NONE |                    |        SIGNAL |       WRITE_FIRST |      LAST |
| pifoEngines_0/deque_dequeMapper/banks_0             |           | 8192x8                 | 8192x8                 |                    |               |                   |           |                    |               |                   |           |
|  pifoEngines_0/deque_dequeMapper/banks_0_reg_bram_0 | RAMB36E2  |  A:A:4096x8            |  B:B:4096x8            |                    |        SIGNAL |        READ_FIRST |      NONE |                    |        SIGNAL |       WRITE_FIRST |     FIRST |
|  pifoEngines_0/deque_dequeMapper/banks_0_reg_bram_1 | RAMB36E2  |  A:A:4096x8            |  B:B:4096x8            |                    |        SIGNAL |        READ_FIRST |      NONE |                    |        SIGNAL |       WRITE_FIRST |      LAST |
| pifoEngines_0/deque_dequeMapper/banks_1             |           | 8192x8                 | 8192x8                 |                    |               |                   |           |                    |               |                   |           |
|  pifoEngines_0/deque_dequeMapper/banks_1_reg_bram_0 | RAMB36E2  |  A:A:4096x8            |  B:B:4096x8            |                    |        SIGNAL |        READ_FIRST |      NONE |                    |        SIGNAL |       WRITE_FIRST |     FIRST |
|  pifoEngines_0/deque_dequeMapper/banks_1_reg_bram_1 | RAMB36E2  |  A:A:4096x8            |  B:B:4096x8            |                    |        SIGNAL |        READ_FIRST |      NONE |                    |        SIGNAL |       WRITE_FIRST |      LAST |
| pifoEngines_1/deque_dequeMapper/banks_0             |           | 8192x8                 | 8192x8                 |                    |               |                   |           |                    |               |                   |           |
|  pifoEngines_1/deque_dequeMapper/banks_0_reg_bram_0 | RAMB36E2  |  A:A:4096x8            |  B:B:4096x8            |                    |        SIGNAL |        READ_FIRST |      NONE |                    |        SIGNAL |       WRITE_FIRST |     FIRST |
|  pifoEngines_1/deque_dequeMapper/banks_0_reg_bram_1 | RAMB36E2  |  A:A:4096x8            |  B:B:4096x8            |                    |        SIGNAL |        READ_FIRST |      NONE |                    |        SIGNAL |       WRITE_FIRST |      LAST |
| pifoEngines_1/deque_dequeMapper/banks_1             |           | 8192x8                 | 8192x8                 |                    |               |                   |           |                    |               |                   |           |
|  pifoEngines_1/deque_dequeMapper/banks_1_reg_bram_0 | RAMB36E2  |  A:A:4096x8            |  B:B:4096x8            |                    |        SIGNAL |        READ_FIRST |      NONE |                    |        SIGNAL |       WRITE_FIRST |     FIRST |
|  pifoEngines_1/deque_dequeMapper/banks_1_reg_bram_1 | RAMB36E2  |  A:A:4096x8            |  B:B:4096x8            |                    |        SIGNAL |        READ_FIRST |      NONE |                    |        SIGNAL |       WRITE_FIRST |      LAST |
| pifoEngines_2/deque_dequeMapper/banks_0             |           | 8192x8                 | 8192x8                 |                    |               |                   |           |                    |               |                   |           |
|  pifoEngines_2/deque_dequeMapper/banks_0_reg_bram_0 | RAMB36E2  |  A:A:4096x8            |  B:B:4096x8            |                    |        SIGNAL |        READ_FIRST |      NONE |                    |        SIGNAL |       WRITE_FIRST |     FIRST |
|  pifoEngines_2/deque_dequeMapper/banks_0_reg_bram_1 | RAMB36E2  |  A:A:4096x8            |  B:B:4096x8            |                    |        SIGNAL |        READ_FIRST |      NONE |                    |        SIGNAL |       WRITE_FIRST |      LAST |
| pifoEngines_2/deque_dequeMapper/banks_1             |           | 8192x8                 | 8192x8                 |                    |               |                   |           |                    |               |                   |           |
|  pifoEngines_2/deque_dequeMapper/banks_1_reg_bram_0 | RAMB36E2  |  A:A:4096x8            |  B:B:4096x8            |                    |        SIGNAL |        READ_FIRST |      NONE |                    |        SIGNAL |       WRITE_FIRST |     FIRST |
|  pifoEngines_2/deque_dequeMapper/banks_1_reg_bram_1 | RAMB36E2  |  A:A:4096x8            |  B:B:4096x8            |                    |        SIGNAL |        READ_FIRST |      NONE |                    |        SIGNAL |       WRITE_FIRST |      LAST |
| pifoEngines_3/deque_dequeMapper/banks_0             |           | 8192x8                 | 8192x8                 |                    |               |                   |           |                    |               |                   |           |
|  pifoEngines_3/deque_dequeMapper/banks_0_reg_bram_0 | RAMB36E2  |  A:A:4096x8            |  B:B:4096x8            |                    |        SIGNAL |        READ_FIRST |      NONE |                    |        SIGNAL |       WRITE_FIRST |     FIRST |
|  pifoEngines_3/deque_dequeMapper/banks_0_reg_bram_1 | RAMB36E2  |  A:A:4096x8            |  B:B:4096x8            |                    |        SIGNAL |        READ_FIRST |      NONE |                    |        SIGNAL |       WRITE_FIRST |      LAST |
| pifoEngines_3/deque_dequeMapper/banks_1             |           | 8192x8                 | 8192x8                 |                    |               |                   |           |                    |               |                   |           |
|  pifoEngines_3/deque_dequeMapper/banks_1_reg_bram_0 | RAMB36E2  |  A:A:4096x8            |  B:B:4096x8            |                    |        SIGNAL |        READ_FIRST |      NONE |                    |        SIGNAL |       WRITE_FIRST |     FIRST |
|  pifoEngines_3/deque_dequeMapper/banks_1_reg_bram_1 | RAMB36E2  |  A:A:4096x8            |  B:B:4096x8            |                    |        SIGNAL |        READ_FIRST |      NONE |                    |        SIGNAL |       WRITE_FIRST |      LAST |
| pifoEngines_4/deque_dequeMapper/banks_0             |           | 8192x8                 | 8192x8                 |                    |               |                   |           |                    |               |                   |           |
|  pifoEngines_4/deque_dequeMapper/banks_0_reg_bram_0 | RAMB36E2  |  A:A:4096x8            |  B:B:4096x8            |                    |        SIGNAL |        READ_FIRST |      NONE |                    |        SIGNAL |       WRITE_FIRST |     FIRST |
|  pifoEngines_4/deque_dequeMapper/banks_0_reg_bram_1 | RAMB36E2  |  A:A:4096x8            |  B:B:4096x8            |                    |        SIGNAL |        READ_FIRST |      NONE |                    |        SIGNAL |       WRITE_FIRST |      LAST |
| pifoEngines_4/deque_dequeMapper/banks_1             |           | 8192x8                 | 8192x8                 |                    |               |                   |           |                    |               |                   |           |
|  pifoEngines_4/deque_dequeMapper/banks_1_reg_bram_0 | RAMB36E2  |  A:A:4096x8            |  B:B:4096x8            |                    |        SIGNAL |        READ_FIRST |      NONE |                    |        SIGNAL |       WRITE_FIRST |     FIRST |
|  pifoEngines_4/deque_dequeMapper/banks_1_reg_bram_1 | RAMB36E2  |  A:A:4096x8            |  B:B:4096x8            |                    |        SIGNAL |        READ_FIRST |      NONE |                    |        SIGNAL |       WRITE_FIRST |      LAST |
+-----------------------------------------------------+-----------+------------------------+------------------------+--------------------+---------------+-------------------+-----------+--------------------+---------------+-------------------+-----------+


