Copyright 1986-2022 Xilinx, Inc. All Rights Reserved. Copyright 2022-2025 Advanced Micro Devices, Inc. All Rights Reserved.
------------------------------------------------------------------------------------------------------------------------------------------------------------------------------------------------
| Tool Version : Vivado v.2025.2 (lin64) Build 6299465 Fri Nov 14 12:34:56 MST 2025
| Date         : Sun Sep  6 23:30:23 2026
| Host         : netarch-cxl.ece.cornell.edu running 64-bit Ubuntu 24.04.4 LTS
| Command      : report_utilization -hierarchical -hierarchical_depth 5 -file /data/work/rio-synthesis/hardware-replay/rio-replay-pe5-v32-c1024-j16384-vivado/reports/utilization-hierarchy.rpt
| Design       : PifoMesh
| Device       : xcku5p-ffvb676-2-e
| Speed File   : -2
| Design State : Synthesized
------------------------------------------------------------------------------------------------------------------------------------------------------------------------------------------------

Utilization Design Information

Table of Contents
-----------------
1. Utilization by Hierarchy

1. Utilization by Hierarchy
---------------------------

+------------------------+----------------------+------------+------------+---------+------+------+--------+--------+------+------------+
|        Instance        |        Module        | Total LUTs | Logic LUTs | LUTRAMs | SRLs |  FFs | RAMB36 | RAMB18 | URAM | DSP Blocks |
+------------------------+----------------------+------------+------------+---------+------+------+--------+--------+------+------------+
| PifoMesh               |                (top) |       4011 |       3459 |     552 |    0 | 2125 |     51 |      1 |    0 |          0 |
|   (PifoMesh)           |                (top) |        405 |         17 |     388 |    0 |   20 |      0 |      0 |    0 |          0 |
|   ingress_fifo         |        StreamFifo_51 |        343 |        319 |      24 |    0 |   47 |      0 |      0 |    0 |          0 |
|   pifoEngines_0        |           PifoEngine |        424 |        396 |      28 |    0 |  375 |      8 |      0 |    0 |          0 |
|     enque_brain        |            PIFOBrain |        186 |        166 |      20 |    0 |   60 |      4 |      0 |    0 |          0 |
|     deque_frontRewrite | FrontRewriteTable_85 |        171 |        171 |       0 |    0 |  288 |      0 |      0 |    0 |          0 |
|   pifoEngines_1        |         PifoEngine_1 |        424 |        396 |      28 |    0 |  375 |      8 |      0 |    0 |          0 |
|     enque_brain        |          PIFOBrain_1 |        186 |        166 |      20 |    0 |   60 |      4 |      0 |    0 |          0 |
|     deque_frontRewrite | FrontRewriteTable_64 |        171 |        171 |       0 |    0 |  288 |      0 |      0 |    0 |          0 |
|   pifoEngines_2        |         PifoEngine_2 |        424 |        396 |      28 |    0 |  375 |      8 |      0 |    0 |          0 |
|     enque_brain        |          PIFOBrain_2 |        186 |        166 |      20 |    0 |   60 |      4 |      0 |    0 |          0 |
|     deque_frontRewrite | FrontRewriteTable_43 |        171 |        171 |       0 |    0 |  288 |      0 |      0 |    0 |          0 |
|   pifoEngines_3        |         PifoEngine_3 |        424 |        396 |      28 |    0 |  375 |      8 |      0 |    0 |          0 |
|     enque_brain        |          PIFOBrain_3 |        186 |        166 |      20 |    0 |   60 |      4 |      0 |    0 |          0 |
|     deque_frontRewrite | FrontRewriteTable_22 |        171 |        171 |       0 |    0 |  288 |      0 |      0 |    0 |          0 |
|   pifoEngines_4        |         PifoEngine_4 |        426 |        398 |      28 |    0 |  375 |      8 |      0 |    0 |          0 |
|     enque_brain        |          PIFOBrain_4 |        183 |        163 |      20 |    0 |   60 |      4 |      0 |    0 |          0 |
|     deque_frontRewrite |    FrontRewriteTable |        176 |        176 |       0 |    0 |  288 |      0 |      0 |    0 |          0 |
|   streamFifo_53        |        StreamFifo_52 |        711 |        711 |       0 |    0 |   46 |     11 |      1 |    0 |          0 |
|   xbar                 |      MessageCrossBar |        408 |        408 |       0 |    0 |  129 |      0 |      0 |    0 |          0 |
|     (xbar)             |      MessageCrossBar |        148 |        148 |       0 |    0 |   39 |      0 |      0 |    0 |          0 |
+------------------------+----------------------+------------+------------+---------+------+------+--------+--------+------+------------+


