Info (22747): Value AUTO_DISCOVERY for QSF Assignment PWRMGT_VOLTAGE_OUTPUT_FORMAT is not supported. Hence changing the value to LINEAR_FORMAT
Info: *******************************************************************
Info: Running Quartus Prime Synthesis
    Info: Version 25.3.1 Build 100 12/19/2025 SC Pro Edition
    Info: Copyright (C) 2025  Altera Corporation. All rights reserved.
    Info: Your use of Altera Corporation's design tools, logic functions 
    Info: and other software and tools, and any partner logic 
    Info: functions, and any output files from any of the foregoing 
    Info: (including device programming or simulation files), and any 
    Info: associated documentation or information are expressly subject 
    Info: to the terms and conditions of the Altera Program License 
    Info: Subscription Agreement, the Altera Quartus Prime License Agreement,
    Info: the Altera IP License Agreement, or other applicable license
    Info: agreement, including, without limitation, that your use is for
    Info: the sole purpose of programming logic devices manufactured by
    Info: Altera and sold by Altera or its authorized distributors.  Please
    Info: refer to the Altera Software License Subscription Agreements 
    Info: on the Quartus Prime software download page.
    Info: Processing started: Wed Sep  9 12:25:20 2026
    Info: System process ID: 707049
Info: Command: quartus_syn pifo
Info: qis_default_flow_script.tcl version: #2
Info: Initializing Synthesis...
Info: Project = "pifo"
Info: Revision = "pifo"
Info (21958): Initialized Quartus Message Database
Info: Analyzing source files
Critical Warning (20759): Use the Reset Release IP in Agilex 7 designs to ensure a successful configuration. For more information about the Reset Release IP, refer to the Configuration User Guide.
Info: Elaborating from top-level entity "PifoMesh"
Info (22567): Verilog HDL info at PifoMesh.v(33040): extracting RAM for identifier 'logic_ram' File: /data/work/rio-synthesis/cam-shared-fifo-20260909/pe5-v64-c1024-q256-replay-quartus/quartus-rtl/PifoMesh.v Line: 33040
Info (22567): Verilog HDL info at PifoMesh.v(27492): extracting RAM for identifier 'banks_0' File: /data/work/rio-synthesis/cam-shared-fifo-20260909/pe5-v64-c1024-q256-replay-quartus/quartus-rtl/PifoMesh.v Line: 27492
Info (22567): Verilog HDL info at PifoMesh.v(27494): extracting RAM for identifier 'banks_1' File: /data/work/rio-synthesis/cam-shared-fifo-20260909/pe5-v64-c1024-q256-replay-quartus/quartus-rtl/PifoMesh.v Line: 27494
Info (22567): Verilog HDL info at PifoMesh.v(32885): extracting RAM for identifier 'logic_ram' File: /data/work/rio-synthesis/cam-shared-fifo-20260909/pe5-v64-c1024-q256-replay-quartus/quartus-rtl/PifoMesh.v Line: 32885
Info (22567): Verilog HDL info at PifoMesh.v(32678): extracting RAM for identifier 'ram' File: /data/work/rio-synthesis/cam-shared-fifo-20260909/pe5-v64-c1024-q256-replay-quartus/quartus-rtl/PifoMesh.v Line: 32678
Info (22567): Verilog HDL info at PifoMesh.v(32622): extracting RAM for identifier 'ram' File: /data/work/rio-synthesis/cam-shared-fifo-20260909/pe5-v64-c1024-q256-replay-quartus/quartus-rtl/PifoMesh.v Line: 32622
Info (22567): Verilog HDL info at PifoMesh.v(30454): extracting RAM for identifier 'banks_0_values' File: /data/work/rio-synthesis/cam-shared-fifo-20260909/pe5-v64-c1024-q256-replay-quartus/quartus-rtl/PifoMesh.v Line: 30454
Info (22567): Verilog HDL info at PifoMesh.v(33891): extracting RAM for identifier 'logic_ram' File: /data/work/rio-synthesis/cam-shared-fifo-20260909/pe5-v64-c1024-q256-replay-quartus/quartus-rtl/PifoMesh.v Line: 33891
Info (22567): Verilog HDL info at PifoMesh.v(29449): extracting RAM for identifier 'ram' File: /data/work/rio-synthesis/cam-shared-fifo-20260909/pe5-v64-c1024-q256-replay-quartus/quartus-rtl/PifoMesh.v Line: 29449
Info (22567): Verilog HDL info at PifoMesh.v(33746): extracting RAM for identifier 'logic_ram' File: /data/work/rio-synthesis/cam-shared-fifo-20260909/pe5-v64-c1024-q256-replay-quartus/quartus-rtl/PifoMesh.v Line: 33746
Info (22567): Verilog HDL info at PifoMesh.v(33612): extracting RAM for identifier 'logic_ram' File: /data/work/rio-synthesis/cam-shared-fifo-20260909/pe5-v64-c1024-q256-replay-quartus/quartus-rtl/PifoMesh.v Line: 33612
Info (22567): Verilog HDL info at PifoMesh.v(33484): extracting RAM for identifier 'logic_ram' File: /data/work/rio-synthesis/cam-shared-fifo-20260909/pe5-v64-c1024-q256-replay-quartus/quartus-rtl/PifoMesh.v Line: 33484
Info (22567): Verilog HDL info at PifoMesh.v(33354): extracting RAM for identifier 'logic_ram' File: /data/work/rio-synthesis/cam-shared-fifo-20260909/pe5-v64-c1024-q256-replay-quartus/quartus-rtl/PifoMesh.v Line: 33354
Info (22567): Verilog HDL info at PifoMesh.v(33215): extracting RAM for identifier 'logic_ram' File: /data/work/rio-synthesis/cam-shared-fifo-20260909/pe5-v64-c1024-q256-replay-quartus/quartus-rtl/PifoMesh.v Line: 33215
Info (22567): Verilog HDL info at PifoMesh.v(22076): extracting RAM for identifier 'banks_0_values' File: /data/work/rio-synthesis/cam-shared-fifo-20260909/pe5-v64-c1024-q256-replay-quartus/quartus-rtl/PifoMesh.v Line: 22076
Info (22567): Verilog HDL info at PifoMesh.v(22077): extracting RAM for identifier 'banks_1_values' File: /data/work/rio-synthesis/cam-shared-fifo-20260909/pe5-v64-c1024-q256-replay-quartus/quartus-rtl/PifoMesh.v Line: 22077
Info (22567): Verilog HDL info at PifoMesh.v(28844): extracting RAM for identifier 'logic_ram' File: /data/work/rio-synthesis/cam-shared-fifo-20260909/pe5-v64-c1024-q256-replay-quartus/quartus-rtl/PifoMesh.v Line: 28844
Info (22567): Verilog HDL info at PifoMesh.v(16745): extracting RAM for identifier 'banks_0' File: /data/work/rio-synthesis/cam-shared-fifo-20260909/pe5-v64-c1024-q256-replay-quartus/quartus-rtl/PifoMesh.v Line: 16745
Info (22567): Verilog HDL info at PifoMesh.v(16747): extracting RAM for identifier 'banks_1' File: /data/work/rio-synthesis/cam-shared-fifo-20260909/pe5-v64-c1024-q256-replay-quartus/quartus-rtl/PifoMesh.v Line: 16747
Info (22567): Verilog HDL info at PifoMesh.v(28748): extracting RAM for identifier 'ram' File: /data/work/rio-synthesis/cam-shared-fifo-20260909/pe5-v64-c1024-q256-replay-quartus/quartus-rtl/PifoMesh.v Line: 28748
Info (22567): Verilog HDL info at PifoMesh.v(28692): extracting RAM for identifier 'ram' File: /data/work/rio-synthesis/cam-shared-fifo-20260909/pe5-v64-c1024-q256-replay-quartus/quartus-rtl/PifoMesh.v Line: 28692
Info (22567): Verilog HDL info at PifoMesh.v(28630): extracting RAM for identifier 'ram' File: /data/work/rio-synthesis/cam-shared-fifo-20260909/pe5-v64-c1024-q256-replay-quartus/quartus-rtl/PifoMesh.v Line: 28630
Info (22567): Verilog HDL info at PifoMesh.v(15570): extracting RAM for identifier 'banks_0' File: /data/work/rio-synthesis/cam-shared-fifo-20260909/pe5-v64-c1024-q256-replay-quartus/quartus-rtl/PifoMesh.v Line: 15570
Info (22567): Verilog HDL info at PifoMesh.v(15572): extracting RAM for identifier 'banks_1' File: /data/work/rio-synthesis/cam-shared-fifo-20260909/pe5-v64-c1024-q256-replay-quartus/quartus-rtl/PifoMesh.v Line: 15572
Info (22567): Verilog HDL info at PifoMesh.v(28552): extracting RAM for identifier 'ram' File: /data/work/rio-synthesis/cam-shared-fifo-20260909/pe5-v64-c1024-q256-replay-quartus/quartus-rtl/PifoMesh.v Line: 28552
Info (22567): Verilog HDL info at PifoMesh.v(28496): extracting RAM for identifier 'ram' File: /data/work/rio-synthesis/cam-shared-fifo-20260909/pe5-v64-c1024-q256-replay-quartus/quartus-rtl/PifoMesh.v Line: 28496
Info (22567): Verilog HDL info at PifoMesh.v(28434): extracting RAM for identifier 'ram' File: /data/work/rio-synthesis/cam-shared-fifo-20260909/pe5-v64-c1024-q256-replay-quartus/quartus-rtl/PifoMesh.v Line: 28434
Info (22567): Verilog HDL info at PifoMesh.v(14395): extracting RAM for identifier 'banks_0' File: /data/work/rio-synthesis/cam-shared-fifo-20260909/pe5-v64-c1024-q256-replay-quartus/quartus-rtl/PifoMesh.v Line: 14395
Info (22567): Verilog HDL info at PifoMesh.v(14397): extracting RAM for identifier 'banks_1' File: /data/work/rio-synthesis/cam-shared-fifo-20260909/pe5-v64-c1024-q256-replay-quartus/quartus-rtl/PifoMesh.v Line: 14397
Info (22567): Verilog HDL info at PifoMesh.v(28356): extracting RAM for identifier 'ram' File: /data/work/rio-synthesis/cam-shared-fifo-20260909/pe5-v64-c1024-q256-replay-quartus/quartus-rtl/PifoMesh.v Line: 28356
Info (22567): Verilog HDL info at PifoMesh.v(28300): extracting RAM for identifier 'ram' File: /data/work/rio-synthesis/cam-shared-fifo-20260909/pe5-v64-c1024-q256-replay-quartus/quartus-rtl/PifoMesh.v Line: 28300
Info (22567): Verilog HDL info at PifoMesh.v(28238): extracting RAM for identifier 'ram' File: /data/work/rio-synthesis/cam-shared-fifo-20260909/pe5-v64-c1024-q256-replay-quartus/quartus-rtl/PifoMesh.v Line: 28238
Info (22567): Verilog HDL info at PifoMesh.v(13220): extracting RAM for identifier 'banks_0' File: /data/work/rio-synthesis/cam-shared-fifo-20260909/pe5-v64-c1024-q256-replay-quartus/quartus-rtl/PifoMesh.v Line: 13220
Info (22567): Verilog HDL info at PifoMesh.v(13222): extracting RAM for identifier 'banks_1' File: /data/work/rio-synthesis/cam-shared-fifo-20260909/pe5-v64-c1024-q256-replay-quartus/quartus-rtl/PifoMesh.v Line: 13222
Info (22567): Verilog HDL info at PifoMesh.v(28160): extracting RAM for identifier 'ram' File: /data/work/rio-synthesis/cam-shared-fifo-20260909/pe5-v64-c1024-q256-replay-quartus/quartus-rtl/PifoMesh.v Line: 28160
Info (22567): Verilog HDL info at PifoMesh.v(28104): extracting RAM for identifier 'ram' File: /data/work/rio-synthesis/cam-shared-fifo-20260909/pe5-v64-c1024-q256-replay-quartus/quartus-rtl/PifoMesh.v Line: 28104
Info (22567): Verilog HDL info at PifoMesh.v(28042): extracting RAM for identifier 'ram' File: /data/work/rio-synthesis/cam-shared-fifo-20260909/pe5-v64-c1024-q256-replay-quartus/quartus-rtl/PifoMesh.v Line: 28042
Info (22567): Verilog HDL info at PifoMesh.v(6534): extracting RAM for identifier 'storage' File: /data/work/rio-synthesis/cam-shared-fifo-20260909/pe5-v64-c1024-q256-replay-quartus/quartus-rtl/PifoMesh.v Line: 6534
Info: Found 67 design entities
Info: There are 205 partitions after elaboration.
Info: DA report generation in native DNI mode
Info (21615): Running Design Assistant Rules for snapshot 'partitioned'
Info: No waiver waived any violations
Info (22360): Design Assistant Results: 8 of 10 enabled rules passed, and 1 rules was disabled, in snapshot 'partitioned'
Warning (21620): Design Assistant Results: 1 of 1 High severity rules issued violations in snapshot 'partitioned'. Please refer to DRC report '/data/work/rio-synthesis/cam-shared-fifo-20260909/pe5-v64-c1024-q256-replay-quartus/output_files/pifo.drc.partitioned.rpt' for more information
Info (21621): Design Assistant Results: 1 of 1 Medium severity rules issued violations in snapshot 'partitioned'. Please refer to DRC report '/data/work/rio-synthesis/cam-shared-fifo-20260909/pe5-v64-c1024-q256-replay-quartus/output_files/pifo.drc.partitioned.rpt' for more information
Info (21622): Design Assistant Results: 0 of 8 Low severity rules issued violations in snapshot 'partitioned'
Info: Synthesizing partition "root_partition"
Warning (276020): Inferred RAM node "xbar|io_inputs_0_fifo|fifo|logic_ram_rtl_0" from synchronous design logic.  Pass-through logic has been added to match the read-during-write behavior of the original design. File: /data/work/rio-synthesis/cam-shared-fifo-20260909/pe5-v64-c1024-q256-replay-quartus/quartus-rtl/PifoMesh.v Line: 33040
Warning (276020): Inferred RAM node "xbar|io_inputs_1_fifo|fifo|logic_ram_rtl_0" from synchronous design logic.  Pass-through logic has been added to match the read-during-write behavior of the original design. File: /data/work/rio-synthesis/cam-shared-fifo-20260909/pe5-v64-c1024-q256-replay-quartus/quartus-rtl/PifoMesh.v Line: 33040
Warning (276020): Inferred RAM node "xbar|io_inputs_2_fifo|fifo|logic_ram_rtl_0" from synchronous design logic.  Pass-through logic has been added to match the read-during-write behavior of the original design. File: /data/work/rio-synthesis/cam-shared-fifo-20260909/pe5-v64-c1024-q256-replay-quartus/quartus-rtl/PifoMesh.v Line: 33040
Warning (276020): Inferred RAM node "xbar|io_inputs_3_fifo|fifo|logic_ram_rtl_0" from synchronous design logic.  Pass-through logic has been added to match the read-during-write behavior of the original design. File: /data/work/rio-synthesis/cam-shared-fifo-20260909/pe5-v64-c1024-q256-replay-quartus/quartus-rtl/PifoMesh.v Line: 33040
Warning (276020): Inferred RAM node "xbar|io_inputs_4_fifo|fifo|logic_ram_rtl_0" from synchronous design logic.  Pass-through logic has been added to match the read-during-write behavior of the original design. File: /data/work/rio-synthesis/cam-shared-fifo-20260909/pe5-v64-c1024-q256-replay-quartus/quartus-rtl/PifoMesh.v Line: 33040
Warning (276020): Inferred RAM node "xbar|io_inputs_5_fifo|fifo|logic_ram_rtl_0" from synchronous design logic.  Pass-through logic has been added to match the read-during-write behavior of the original design. File: /data/work/rio-synthesis/cam-shared-fifo-20260909/pe5-v64-c1024-q256-replay-quartus/quartus-rtl/PifoMesh.v Line: 33040
Info (276014): Found 20 instances of uninferred RAM logic
    Info (276004): RAM logic "pifoEngines_0|enque_brain|flowStateUpdate_fifo|fifo|logic_ram" is uninferred due to inappropriate RAM size File: /data/work/rio-synthesis/cam-shared-fifo-20260909/pe5-v64-c1024-q256-replay-quartus/quartus-rtl/PifoMesh.v Line: 33891
    Info (276004): RAM logic "pifoEngines_0|enque_brain|brainStateUpdate_toStream_fifo|fifo|logic_ram" is uninferred due to inappropriate RAM size File: /data/work/rio-synthesis/cam-shared-fifo-20260909/pe5-v64-c1024-q256-replay-quartus/quartus-rtl/PifoMesh.v Line: 33746
    Info (276004): RAM logic "pifoEngines_0|enque_brain|brainStateMem_io_readRes_toStream_fifo|fifo|logic_ram" is uninferred due to inappropriate RAM size File: /data/work/rio-synthesis/cam-shared-fifo-20260909/pe5-v64-c1024-q256-replay-quartus/quartus-rtl/PifoMesh.v Line: 33484
    Info (276004): RAM logic "pifoEngines_0|enque_brain|engineCAM_io_readRes_toStream_fifo|fifo|logic_ram" is uninferred due to inappropriate RAM size File: /data/work/rio-synthesis/cam-shared-fifo-20260909/pe5-v64-c1024-q256-replay-quartus/quartus-rtl/PifoMesh.v Line: 33484
    Info (276004): RAM logic "pifoEngines_1|enque_brain|flowStateUpdate_fifo|fifo|logic_ram" is uninferred due to inappropriate RAM size File: /data/work/rio-synthesis/cam-shared-fifo-20260909/pe5-v64-c1024-q256-replay-quartus/quartus-rtl/PifoMesh.v Line: 33891
    Info (276004): RAM logic "pifoEngines_1|enque_brain|brainStateUpdate_toStream_fifo|fifo|logic_ram" is uninferred due to inappropriate RAM size File: /data/work/rio-synthesis/cam-shared-fifo-20260909/pe5-v64-c1024-q256-replay-quartus/quartus-rtl/PifoMesh.v Line: 33746
    Info (276004): RAM logic "pifoEngines_1|enque_brain|brainStateMem_io_readRes_toStream_fifo|fifo|logic_ram" is uninferred due to inappropriate RAM size File: /data/work/rio-synthesis/cam-shared-fifo-20260909/pe5-v64-c1024-q256-replay-quartus/quartus-rtl/PifoMesh.v Line: 33484
    Info (276004): RAM logic "pifoEngines_1|enque_brain|engineCAM_io_readRes_toStream_fifo|fifo|logic_ram" is uninferred due to inappropriate RAM size File: /data/work/rio-synthesis/cam-shared-fifo-20260909/pe5-v64-c1024-q256-replay-quartus/quartus-rtl/PifoMesh.v Line: 33484
    Info (276004): RAM logic "pifoEngines_2|enque_brain|flowStateUpdate_fifo|fifo|logic_ram" is uninferred due to inappropriate RAM size File: /data/work/rio-synthesis/cam-shared-fifo-20260909/pe5-v64-c1024-q256-replay-quartus/quartus-rtl/PifoMesh.v Line: 33891
    Info (276004): RAM logic "pifoEngines_2|enque_brain|brainStateUpdate_toStream_fifo|fifo|logic_ram" is uninferred due to inappropriate RAM size File: /data/work/rio-synthesis/cam-shared-fifo-20260909/pe5-v64-c1024-q256-replay-quartus/quartus-rtl/PifoMesh.v Line: 33746
    Info (276004): RAM logic "pifoEngines_2|enque_brain|brainStateMem_io_readRes_toStream_fifo|fifo|logic_ram" is uninferred due to inappropriate RAM size File: /data/work/rio-synthesis/cam-shared-fifo-20260909/pe5-v64-c1024-q256-replay-quartus/quartus-rtl/PifoMesh.v Line: 33484
    Info (276004): RAM logic "pifoEngines_2|enque_brain|engineCAM_io_readRes_toStream_fifo|fifo|logic_ram" is uninferred due to inappropriate RAM size File: /data/work/rio-synthesis/cam-shared-fifo-20260909/pe5-v64-c1024-q256-replay-quartus/quartus-rtl/PifoMesh.v Line: 33484
    Info (276004): RAM logic "pifoEngines_3|enque_brain|flowStateUpdate_fifo|fifo|logic_ram" is uninferred due to inappropriate RAM size File: /data/work/rio-synthesis/cam-shared-fifo-20260909/pe5-v64-c1024-q256-replay-quartus/quartus-rtl/PifoMesh.v Line: 33891
    Info (276004): RAM logic "pifoEngines_3|enque_brain|brainStateUpdate_toStream_fifo|fifo|logic_ram" is uninferred due to inappropriate RAM size File: /data/work/rio-synthesis/cam-shared-fifo-20260909/pe5-v64-c1024-q256-replay-quartus/quartus-rtl/PifoMesh.v Line: 33746
    Info (276004): RAM logic "pifoEngines_3|enque_brain|brainStateMem_io_readRes_toStream_fifo|fifo|logic_ram" is uninferred due to inappropriate RAM size File: /data/work/rio-synthesis/cam-shared-fifo-20260909/pe5-v64-c1024-q256-replay-quartus/quartus-rtl/PifoMesh.v Line: 33484
    Info (276004): RAM logic "pifoEngines_3|enque_brain|engineCAM_io_readRes_toStream_fifo|fifo|logic_ram" is uninferred due to inappropriate RAM size File: /data/work/rio-synthesis/cam-shared-fifo-20260909/pe5-v64-c1024-q256-replay-quartus/quartus-rtl/PifoMesh.v Line: 33484
    Info (276004): RAM logic "pifoEngines_4|enque_brain|flowStateUpdate_fifo|fifo|logic_ram" is uninferred due to inappropriate RAM size File: /data/work/rio-synthesis/cam-shared-fifo-20260909/pe5-v64-c1024-q256-replay-quartus/quartus-rtl/PifoMesh.v Line: 33891
    Info (276004): RAM logic "pifoEngines_4|enque_brain|brainStateUpdate_toStream_fifo|fifo|logic_ram" is uninferred due to inappropriate RAM size File: /data/work/rio-synthesis/cam-shared-fifo-20260909/pe5-v64-c1024-q256-replay-quartus/quartus-rtl/PifoMesh.v Line: 33746
    Info (276004): RAM logic "pifoEngines_4|enque_brain|brainStateMem_io_readRes_toStream_fifo|fifo|logic_ram" is uninferred due to inappropriate RAM size File: /data/work/rio-synthesis/cam-shared-fifo-20260909/pe5-v64-c1024-q256-replay-quartus/quartus-rtl/PifoMesh.v Line: 33484
    Info (276004): RAM logic "pifoEngines_4|enque_brain|engineCAM_io_readRes_toStream_fifo|fifo|logic_ram" is uninferred due to inappropriate RAM size File: /data/work/rio-synthesis/cam-shared-fifo-20260909/pe5-v64-c1024-q256-replay-quartus/quartus-rtl/PifoMesh.v Line: 33484
Info (19000): Inferred 47 megafunctions from design logic
    Info (276029): Inferred altsyncram megafunction from the following design logic: "replayControl|storage_rtl_0"  File: /data/work/rio-synthesis/cam-shared-fifo-20260909/pe5-v64-c1024-q256-replay-quartus/quartus-rtl/PifoMesh.v Line: 6534
        Info (286033): Parameter OPERATION_MODE set to DUAL_PORT
        Info (286033): Parameter WIDTH_A set to 53
        Info (286033): Parameter WIDTHAD_A set to 8
        Info (286033): Parameter NUMWORDS_A set to 256
        Info (286033): Parameter WIDTH_B set to 53
        Info (286033): Parameter WIDTHAD_B set to 8
        Info (286033): Parameter NUMWORDS_B set to 256
        Info (286033): Parameter ADDRESS_ACLR_A set to NONE
        Info (286033): Parameter OUTDATA_REG_B set to UNREGISTERED
        Info (286033): Parameter ADDRESS_ACLR_B set to NONE
        Info (286033): Parameter OUTDATA_ACLR_B set to NONE
        Info (286033): Parameter ADDRESS_REG_B set to CLOCK0
        Info (286033): Parameter INDATA_ACLR_A set to NONE
        Info (286033): Parameter WRCONTROL_ACLR_A set to NONE
        Info (286033): Parameter READ_DURING_WRITE_MODE_MIXED_PORTS set to OLD_DATA
        Info (286033): Parameter RDCONTROL_REG_B set to CLOCK0
    Info (276029): Inferred altsyncram megafunction from the following design logic: "pifoEngines_0|enque_enqueMapper|banks_0_rtl_0"  File: /data/work/rio-synthesis/cam-shared-fifo-20260909/pe5-v64-c1024-q256-replay-quartus/quartus-rtl/PifoMesh.v Line: 27492
        Info (286033): Parameter OPERATION_MODE set to DUAL_PORT
        Info (286033): Parameter WIDTH_A set to 6
        Info (286033): Parameter WIDTHAD_A set to 6
        Info (286033): Parameter NUMWORDS_A set to 64
        Info (286033): Parameter WIDTH_B set to 6
        Info (286033): Parameter WIDTHAD_B set to 6
        Info (286033): Parameter NUMWORDS_B set to 64
        Info (286033): Parameter ADDRESS_ACLR_A set to NONE
        Info (286033): Parameter OUTDATA_REG_B set to UNREGISTERED
        Info (286033): Parameter ADDRESS_ACLR_B set to NONE
        Info (286033): Parameter OUTDATA_ACLR_B set to NONE
        Info (286033): Parameter ADDRESS_REG_B set to CLOCK0
        Info (286033): Parameter INDATA_ACLR_A set to NONE
        Info (286033): Parameter WRCONTROL_ACLR_A set to NONE
        Info (286033): Parameter INIT_FILE set to /data/work/rio-synthesis/cam-shared-fifo-20260909/pe5-v64-c1024-q256-replay-quartus/quartus-rtl/PifoMesh.v_toplevel_pifoEngines_0_enque_enqueMapper_banks_0.bin.mif
        Info (286033): Parameter READ_DURING_WRITE_MODE_MIXED_PORTS set to OLD_DATA
        Info (286033): Parameter RDCONTROL_REG_B set to CLOCK0
    Info (276029): Inferred altsyncram megafunction from the following design logic: "pifoEngines_0|enque_enqueMapper|banks_1_rtl_0"  File: /data/work/rio-synthesis/cam-shared-fifo-20260909/pe5-v64-c1024-q256-replay-quartus/quartus-rtl/PifoMesh.v Line: 27494
        Info (286033): Parameter OPERATION_MODE set to DUAL_PORT
        Info (286033): Parameter WIDTH_A set to 6
        Info (286033): Parameter WIDTHAD_A set to 6
        Info (286033): Parameter NUMWORDS_A set to 64
        Info (286033): Parameter WIDTH_B set to 6
        Info (286033): Parameter WIDTHAD_B set to 6
        Info (286033): Parameter NUMWORDS_B set to 64
        Info (286033): Parameter ADDRESS_ACLR_A set to NONE
        Info (286033): Parameter OUTDATA_REG_B set to UNREGISTERED
        Info (286033): Parameter ADDRESS_ACLR_B set to NONE
        Info (286033): Parameter OUTDATA_ACLR_B set to NONE
        Info (286033): Parameter ADDRESS_REG_B set to CLOCK0
        Info (286033): Parameter INDATA_ACLR_A set to NONE
        Info (286033): Parameter WRCONTROL_ACLR_A set to NONE
        Info (286033): Parameter INIT_FILE set to /data/work/rio-synthesis/cam-shared-fifo-20260909/pe5-v64-c1024-q256-replay-quartus/quartus-rtl/PifoMesh.v_toplevel_pifoEngines_0_enque_enqueMapper_banks_1.bin.mif
        Info (286033): Parameter READ_DURING_WRITE_MODE_MIXED_PORTS set to OLD_DATA
        Info (286033): Parameter RDCONTROL_REG_B set to CLOCK0
    Info (276029): Inferred altsyncram megafunction from the following design logic: "pifoEngines_0|deque_dequeMapper|banks_0_values_rtl_0"  File: /data/work/rio-synthesis/cam-shared-fifo-20260909/pe5-v64-c1024-q256-replay-quartus/quartus-rtl/PifoMesh.v Line: 22076
        Info (286033): Parameter OPERATION_MODE set to DUAL_PORT
        Info (286033): Parameter WIDTH_A set to 9
        Info (286033): Parameter WIDTHAD_A set to 7
        Info (286033): Parameter NUMWORDS_A set to 128
        Info (286033): Parameter WIDTH_B set to 9
        Info (286033): Parameter WIDTHAD_B set to 7
        Info (286033): Parameter NUMWORDS_B set to 128
        Info (286033): Parameter ADDRESS_ACLR_A set to NONE
        Info (286033): Parameter OUTDATA_REG_B set to UNREGISTERED
        Info (286033): Parameter ADDRESS_ACLR_B set to NONE
        Info (286033): Parameter OUTDATA_ACLR_B set to NONE
        Info (286033): Parameter ADDRESS_REG_B set to CLOCK0
        Info (286033): Parameter INDATA_ACLR_A set to NONE
        Info (286033): Parameter WRCONTROL_ACLR_A set to NONE
        Info (286033): Parameter READ_DURING_WRITE_MODE_MIXED_PORTS set to OLD_DATA
        Info (286033): Parameter RDCONTROL_REG_B set to CLOCK0
    Info (276029): Inferred altsyncram megafunction from the following design logic: "pifoEngines_0|deque_dequeMapper|banks_1_values_rtl_0"  File: /data/work/rio-synthesis/cam-shared-fifo-20260909/pe5-v64-c1024-q256-replay-quartus/quartus-rtl/PifoMesh.v Line: 22077
        Info (286033): Parameter OPERATION_MODE set to DUAL_PORT
        Info (286033): Parameter WIDTH_A set to 9
        Info (286033): Parameter WIDTHAD_A set to 7
        Info (286033): Parameter NUMWORDS_A set to 128
        Info (286033): Parameter WIDTH_B set to 9
        Info (286033): Parameter WIDTHAD_B set to 7
        Info (286033): Parameter NUMWORDS_B set to 128
        Info (286033): Parameter ADDRESS_ACLR_A set to NONE
        Info (286033): Parameter OUTDATA_REG_B set to UNREGISTERED
        Info (286033): Parameter ADDRESS_ACLR_B set to NONE
        Info (286033): Parameter OUTDATA_ACLR_B set to NONE
        Info (286033): Parameter ADDRESS_REG_B set to CLOCK0
        Info (286033): Parameter INDATA_ACLR_A set to NONE
        Info (286033): Parameter WRCONTROL_ACLR_A set to NONE
        Info (286033): Parameter READ_DURING_WRITE_MODE_MIXED_PORTS set to OLD_DATA
        Info (286033): Parameter RDCONTROL_REG_B set to CLOCK0
    Info (276029): Inferred altsyncram megafunction from the following design logic: "pifoEngines_1|enque_enqueMapper|banks_0_rtl_0"  File: /data/work/rio-synthesis/cam-shared-fifo-20260909/pe5-v64-c1024-q256-replay-quartus/quartus-rtl/PifoMesh.v Line: 16745
        Info (286033): Parameter OPERATION_MODE set to DUAL_PORT
        Info (286033): Parameter WIDTH_A set to 6
        Info (286033): Parameter WIDTHAD_A set to 6
        Info (286033): Parameter NUMWORDS_A set to 64
        Info (286033): Parameter WIDTH_B set to 6
        Info (286033): Parameter WIDTHAD_B set to 6
        Info (286033): Parameter NUMWORDS_B set to 64
        Info (286033): Parameter ADDRESS_ACLR_A set to NONE
        Info (286033): Parameter OUTDATA_REG_B set to UNREGISTERED
        Info (286033): Parameter ADDRESS_ACLR_B set to NONE
        Info (286033): Parameter OUTDATA_ACLR_B set to NONE
        Info (286033): Parameter ADDRESS_REG_B set to CLOCK0
        Info (286033): Parameter INDATA_ACLR_A set to NONE
        Info (286033): Parameter WRCONTROL_ACLR_A set to NONE
        Info (286033): Parameter INIT_FILE set to /data/work/rio-synthesis/cam-shared-fifo-20260909/pe5-v64-c1024-q256-replay-quartus/quartus-rtl/PifoMesh.v_toplevel_pifoEngines_1_enque_enqueMapper_banks_0.bin.mif
        Info (286033): Parameter READ_DURING_WRITE_MODE_MIXED_PORTS set to OLD_DATA
        Info (286033): Parameter RDCONTROL_REG_B set to CLOCK0
    Info (276029): Inferred altsyncram megafunction from the following design logic: "pifoEngines_1|enque_enqueMapper|banks_1_rtl_0"  File: /data/work/rio-synthesis/cam-shared-fifo-20260909/pe5-v64-c1024-q256-replay-quartus/quartus-rtl/PifoMesh.v Line: 16747
        Info (286033): Parameter OPERATION_MODE set to DUAL_PORT
        Info (286033): Parameter WIDTH_A set to 6
        Info (286033): Parameter WIDTHAD_A set to 6
        Info (286033): Parameter NUMWORDS_A set to 64
        Info (286033): Parameter WIDTH_B set to 6
        Info (286033): Parameter WIDTHAD_B set to 6
        Info (286033): Parameter NUMWORDS_B set to 64
        Info (286033): Parameter ADDRESS_ACLR_A set to NONE
        Info (286033): Parameter OUTDATA_REG_B set to UNREGISTERED
        Info (286033): Parameter ADDRESS_ACLR_B set to NONE
        Info (286033): Parameter OUTDATA_ACLR_B set to NONE
        Info (286033): Parameter ADDRESS_REG_B set to CLOCK0
        Info (286033): Parameter INDATA_ACLR_A set to NONE
        Info (286033): Parameter WRCONTROL_ACLR_A set to NONE
        Info (286033): Parameter INIT_FILE set to /data/work/rio-synthesis/cam-shared-fifo-20260909/pe5-v64-c1024-q256-replay-quartus/quartus-rtl/PifoMesh.v_toplevel_pifoEngines_1_enque_enqueMapper_banks_1.bin.mif
        Info (286033): Parameter READ_DURING_WRITE_MODE_MIXED_PORTS set to OLD_DATA
        Info (286033): Parameter RDCONTROL_REG_B set to CLOCK0
    Info (276029): Inferred altsyncram megafunction from the following design logic: "pifoEngines_1|deque_dequeMapper|banks_0_values_rtl_0"  File: /data/work/rio-synthesis/cam-shared-fifo-20260909/pe5-v64-c1024-q256-replay-quartus/quartus-rtl/PifoMesh.v Line: 22076
        Info (286033): Parameter OPERATION_MODE set to DUAL_PORT
        Info (286033): Parameter WIDTH_A set to 9
        Info (286033): Parameter WIDTHAD_A set to 7
        Info (286033): Parameter NUMWORDS_A set to 128
        Info (286033): Parameter WIDTH_B set to 9
        Info (286033): Parameter WIDTHAD_B set to 7
        Info (286033): Parameter NUMWORDS_B set to 128
        Info (286033): Parameter ADDRESS_ACLR_A set to NONE
        Info (286033): Parameter OUTDATA_REG_B set to UNREGISTERED
        Info (286033): Parameter ADDRESS_ACLR_B set to NONE
        Info (286033): Parameter OUTDATA_ACLR_B set to NONE
        Info (286033): Parameter ADDRESS_REG_B set to CLOCK0
        Info (286033): Parameter INDATA_ACLR_A set to NONE
        Info (286033): Parameter WRCONTROL_ACLR_A set to NONE
        Info (286033): Parameter READ_DURING_WRITE_MODE_MIXED_PORTS set to OLD_DATA
        Info (286033): Parameter RDCONTROL_REG_B set to CLOCK0
    Info (276029): Inferred altsyncram megafunction from the following design logic: "pifoEngines_1|deque_dequeMapper|banks_1_values_rtl_0"  File: /data/work/rio-synthesis/cam-shared-fifo-20260909/pe5-v64-c1024-q256-replay-quartus/quartus-rtl/PifoMesh.v Line: 22077
        Info (286033): Parameter OPERATION_MODE set to DUAL_PORT
        Info (286033): Parameter WIDTH_A set to 9
        Info (286033): Parameter WIDTHAD_A set to 7
        Info (286033): Parameter NUMWORDS_A set to 128
        Info (286033): Parameter WIDTH_B set to 9
        Info (286033): Parameter WIDTHAD_B set to 7
        Info (286033): Parameter NUMWORDS_B set to 128
        Info (286033): Parameter ADDRESS_ACLR_A set to NONE
        Info (286033): Parameter OUTDATA_REG_B set to UNREGISTERED
        Info (286033): Parameter ADDRESS_ACLR_B set to NONE
        Info (286033): Parameter OUTDATA_ACLR_B set to NONE
        Info (286033): Parameter ADDRESS_REG_B set to CLOCK0
        Info (286033): Parameter INDATA_ACLR_A set to NONE
        Info (286033): Parameter WRCONTROL_ACLR_A set to NONE
        Info (286033): Parameter READ_DURING_WRITE_MODE_MIXED_PORTS set to OLD_DATA
        Info (286033): Parameter RDCONTROL_REG_B set to CLOCK0
    Info (276029): Inferred altsyncram megafunction from the following design logic: "pifoEngines_2|enque_enqueMapper|banks_0_rtl_0"  File: /data/work/rio-synthesis/cam-shared-fifo-20260909/pe5-v64-c1024-q256-replay-quartus/quartus-rtl/PifoMesh.v Line: 15570
        Info (286033): Parameter OPERATION_MODE set to DUAL_PORT
        Info (286033): Parameter WIDTH_A set to 6
        Info (286033): Parameter WIDTHAD_A set to 6
        Info (286033): Parameter NUMWORDS_A set to 64
        Info (286033): Parameter WIDTH_B set to 6
        Info (286033): Parameter WIDTHAD_B set to 6
        Info (286033): Parameter NUMWORDS_B set to 64
        Info (286033): Parameter ADDRESS_ACLR_A set to NONE
        Info (286033): Parameter OUTDATA_REG_B set to UNREGISTERED
        Info (286033): Parameter ADDRESS_ACLR_B set to NONE
        Info (286033): Parameter OUTDATA_ACLR_B set to NONE
        Info (286033): Parameter ADDRESS_REG_B set to CLOCK0
        Info (286033): Parameter INDATA_ACLR_A set to NONE
        Info (286033): Parameter WRCONTROL_ACLR_A set to NONE
        Info (286033): Parameter INIT_FILE set to /data/work/rio-synthesis/cam-shared-fifo-20260909/pe5-v64-c1024-q256-replay-quartus/quartus-rtl/PifoMesh.v_toplevel_pifoEngines_2_enque_enqueMapper_banks_0.bin.mif
        Info (286033): Parameter READ_DURING_WRITE_MODE_MIXED_PORTS set to OLD_DATA
        Info (286033): Parameter RDCONTROL_REG_B set to CLOCK0
    Info (276029): Inferred altsyncram megafunction from the following design logic: "pifoEngines_2|enque_enqueMapper|banks_1_rtl_0"  File: /data/work/rio-synthesis/cam-shared-fifo-20260909/pe5-v64-c1024-q256-replay-quartus/quartus-rtl/PifoMesh.v Line: 15572
        Info (286033): Parameter OPERATION_MODE set to DUAL_PORT
        Info (286033): Parameter WIDTH_A set to 6
        Info (286033): Parameter WIDTHAD_A set to 6
        Info (286033): Parameter NUMWORDS_A set to 64
        Info (286033): Parameter WIDTH_B set to 6
        Info (286033): Parameter WIDTHAD_B set to 6
        Info (286033): Parameter NUMWORDS_B set to 64
        Info (286033): Parameter ADDRESS_ACLR_A set to NONE
        Info (286033): Parameter OUTDATA_REG_B set to UNREGISTERED
        Info (286033): Parameter ADDRESS_ACLR_B set to NONE
        Info (286033): Parameter OUTDATA_ACLR_B set to NONE
        Info (286033): Parameter ADDRESS_REG_B set to CLOCK0
        Info (286033): Parameter INDATA_ACLR_A set to NONE
        Info (286033): Parameter WRCONTROL_ACLR_A set to NONE
        Info (286033): Parameter INIT_FILE set to /data/work/rio-synthesis/cam-shared-fifo-20260909/pe5-v64-c1024-q256-replay-quartus/quartus-rtl/PifoMesh.v_toplevel_pifoEngines_2_enque_enqueMapper_banks_1.bin.mif
        Info (286033): Parameter READ_DURING_WRITE_MODE_MIXED_PORTS set to OLD_DATA
        Info (286033): Parameter RDCONTROL_REG_B set to CLOCK0
    Info (276029): Inferred altsyncram megafunction from the following design logic: "pifoEngines_2|deque_dequeMapper|banks_0_values_rtl_0"  File: /data/work/rio-synthesis/cam-shared-fifo-20260909/pe5-v64-c1024-q256-replay-quartus/quartus-rtl/PifoMesh.v Line: 22076
        Info (286033): Parameter OPERATION_MODE set to DUAL_PORT
        Info (286033): Parameter WIDTH_A set to 9
        Info (286033): Parameter WIDTHAD_A set to 7
        Info (286033): Parameter NUMWORDS_A set to 128
        Info (286033): Parameter WIDTH_B set to 9
        Info (286033): Parameter WIDTHAD_B set to 7
        Info (286033): Parameter NUMWORDS_B set to 128
        Info (286033): Parameter ADDRESS_ACLR_A set to NONE
        Info (286033): Parameter OUTDATA_REG_B set to UNREGISTERED
        Info (286033): Parameter ADDRESS_ACLR_B set to NONE
        Info (286033): Parameter OUTDATA_ACLR_B set to NONE
        Info (286033): Parameter ADDRESS_REG_B set to CLOCK0
        Info (286033): Parameter INDATA_ACLR_A set to NONE
        Info (286033): Parameter WRCONTROL_ACLR_A set to NONE
        Info (286033): Parameter READ_DURING_WRITE_MODE_MIXED_PORTS set to OLD_DATA
        Info (286033): Parameter RDCONTROL_REG_B set to CLOCK0
    Info (276029): Inferred altsyncram megafunction from the following design logic: "pifoEngines_2|deque_dequeMapper|banks_1_values_rtl_0"  File: /data/work/rio-synthesis/cam-shared-fifo-20260909/pe5-v64-c1024-q256-replay-quartus/quartus-rtl/PifoMesh.v Line: 22077
        Info (286033): Parameter OPERATION_MODE set to DUAL_PORT
        Info (286033): Parameter WIDTH_A set to 9
        Info (286033): Parameter WIDTHAD_A set to 7
        Info (286033): Parameter NUMWORDS_A set to 128
        Info (286033): Parameter WIDTH_B set to 9
        Info (286033): Parameter WIDTHAD_B set to 7
        Info (286033): Parameter NUMWORDS_B set to 128
        Info (286033): Parameter ADDRESS_ACLR_A set to NONE
        Info (286033): Parameter OUTDATA_REG_B set to UNREGISTERED
        Info (286033): Parameter ADDRESS_ACLR_B set to NONE
        Info (286033): Parameter OUTDATA_ACLR_B set to NONE
        Info (286033): Parameter ADDRESS_REG_B set to CLOCK0
        Info (286033): Parameter INDATA_ACLR_A set to NONE
        Info (286033): Parameter WRCONTROL_ACLR_A set to NONE
        Info (286033): Parameter READ_DURING_WRITE_MODE_MIXED_PORTS set to OLD_DATA
        Info (286033): Parameter RDCONTROL_REG_B set to CLOCK0
    Info (276029): Inferred altsyncram megafunction from the following design logic: "pifoEngines_3|enque_enqueMapper|banks_0_rtl_0"  File: /data/work/rio-synthesis/cam-shared-fifo-20260909/pe5-v64-c1024-q256-replay-quartus/quartus-rtl/PifoMesh.v Line: 14395
        Info (286033): Parameter OPERATION_MODE set to DUAL_PORT
        Info (286033): Parameter WIDTH_A set to 6
        Info (286033): Parameter WIDTHAD_A set to 6
        Info (286033): Parameter NUMWORDS_A set to 64
        Info (286033): Parameter WIDTH_B set to 6
        Info (286033): Parameter WIDTHAD_B set to 6
        Info (286033): Parameter NUMWORDS_B set to 64
        Info (286033): Parameter ADDRESS_ACLR_A set to NONE
        Info (286033): Parameter OUTDATA_REG_B set to UNREGISTERED
        Info (286033): Parameter ADDRESS_ACLR_B set to NONE
        Info (286033): Parameter OUTDATA_ACLR_B set to NONE
        Info (286033): Parameter ADDRESS_REG_B set to CLOCK0
        Info (286033): Parameter INDATA_ACLR_A set to NONE
        Info (286033): Parameter WRCONTROL_ACLR_A set to NONE
        Info (286033): Parameter INIT_FILE set to /data/work/rio-synthesis/cam-shared-fifo-20260909/pe5-v64-c1024-q256-replay-quartus/quartus-rtl/PifoMesh.v_toplevel_pifoEngines_3_enque_enqueMapper_banks_0.bin.mif
        Info (286033): Parameter READ_DURING_WRITE_MODE_MIXED_PORTS set to OLD_DATA
        Info (286033): Parameter RDCONTROL_REG_B set to CLOCK0
    Info (276029): Inferred altsyncram megafunction from the following design logic: "pifoEngines_3|enque_enqueMapper|banks_1_rtl_0"  File: /data/work/rio-synthesis/cam-shared-fifo-20260909/pe5-v64-c1024-q256-replay-quartus/quartus-rtl/PifoMesh.v Line: 14397
        Info (286033): Parameter OPERATION_MODE set to DUAL_PORT
        Info (286033): Parameter WIDTH_A set to 6
        Info (286033): Parameter WIDTHAD_A set to 6
        Info (286033): Parameter NUMWORDS_A set to 64
        Info (286033): Parameter WIDTH_B set to 6
        Info (286033): Parameter WIDTHAD_B set to 6
        Info (286033): Parameter NUMWORDS_B set to 64
        Info (286033): Parameter ADDRESS_ACLR_A set to NONE
        Info (286033): Parameter OUTDATA_REG_B set to UNREGISTERED
        Info (286033): Parameter ADDRESS_ACLR_B set to NONE
        Info (286033): Parameter OUTDATA_ACLR_B set to NONE
        Info (286033): Parameter ADDRESS_REG_B set to CLOCK0
        Info (286033): Parameter INDATA_ACLR_A set to NONE
        Info (286033): Parameter WRCONTROL_ACLR_A set to NONE
        Info (286033): Parameter INIT_FILE set to /data/work/rio-synthesis/cam-shared-fifo-20260909/pe5-v64-c1024-q256-replay-quartus/quartus-rtl/PifoMesh.v_toplevel_pifoEngines_3_enque_enqueMapper_banks_1.bin.mif
        Info (286033): Parameter READ_DURING_WRITE_MODE_MIXED_PORTS set to OLD_DATA
        Info (286033): Parameter RDCONTROL_REG_B set to CLOCK0
    Info (276029): Inferred altsyncram megafunction from the following design logic: "pifoEngines_3|deque_dequeMapper|banks_0_values_rtl_0"  File: /data/work/rio-synthesis/cam-shared-fifo-20260909/pe5-v64-c1024-q256-replay-quartus/quartus-rtl/PifoMesh.v Line: 22076
        Info (286033): Parameter OPERATION_MODE set to DUAL_PORT
        Info (286033): Parameter WIDTH_A set to 9
        Info (286033): Parameter WIDTHAD_A set to 7
        Info (286033): Parameter NUMWORDS_A set to 128
        Info (286033): Parameter WIDTH_B set to 9
        Info (286033): Parameter WIDTHAD_B set to 7
        Info (286033): Parameter NUMWORDS_B set to 128
        Info (286033): Parameter ADDRESS_ACLR_A set to NONE
        Info (286033): Parameter OUTDATA_REG_B set to UNREGISTERED
        Info (286033): Parameter ADDRESS_ACLR_B set to NONE
        Info (286033): Parameter OUTDATA_ACLR_B set to NONE
        Info (286033): Parameter ADDRESS_REG_B set to CLOCK0
        Info (286033): Parameter INDATA_ACLR_A set to NONE
        Info (286033): Parameter WRCONTROL_ACLR_A set to NONE
        Info (286033): Parameter READ_DURING_WRITE_MODE_MIXED_PORTS set to OLD_DATA
        Info (286033): Parameter RDCONTROL_REG_B set to CLOCK0
    Info (276029): Inferred altsyncram megafunction from the following design logic: "pifoEngines_3|deque_dequeMapper|banks_1_values_rtl_0"  File: /data/work/rio-synthesis/cam-shared-fifo-20260909/pe5-v64-c1024-q256-replay-quartus/quartus-rtl/PifoMesh.v Line: 22077
        Info (286033): Parameter OPERATION_MODE set to DUAL_PORT
        Info (286033): Parameter WIDTH_A set to 9
        Info (286033): Parameter WIDTHAD_A set to 7
        Info (286033): Parameter NUMWORDS_A set to 128
        Info (286033): Parameter WIDTH_B set to 9
        Info (286033): Parameter WIDTHAD_B set to 7
        Info (286033): Parameter NUMWORDS_B set to 128
        Info (286033): Parameter ADDRESS_ACLR_A set to NONE
        Info (286033): Parameter OUTDATA_REG_B set to UNREGISTERED
        Info (286033): Parameter ADDRESS_ACLR_B set to NONE
        Info (286033): Parameter OUTDATA_ACLR_B set to NONE
        Info (286033): Parameter ADDRESS_REG_B set to CLOCK0
        Info (286033): Parameter INDATA_ACLR_A set to NONE
        Info (286033): Parameter WRCONTROL_ACLR_A set to NONE
        Info (286033): Parameter READ_DURING_WRITE_MODE_MIXED_PORTS set to OLD_DATA
        Info (286033): Parameter RDCONTROL_REG_B set to CLOCK0
    Info (276029): Inferred altsyncram megafunction from the following design logic: "pifoEngines_4|enque_enqueMapper|banks_0_rtl_0"  File: /data/work/rio-synthesis/cam-shared-fifo-20260909/pe5-v64-c1024-q256-replay-quartus/quartus-rtl/PifoMesh.v Line: 13220
        Info (286033): Parameter OPERATION_MODE set to DUAL_PORT
        Info (286033): Parameter WIDTH_A set to 6
        Info (286033): Parameter WIDTHAD_A set to 6
        Info (286033): Parameter NUMWORDS_A set to 64
        Info (286033): Parameter WIDTH_B set to 6
        Info (286033): Parameter WIDTHAD_B set to 6
        Info (286033): Parameter NUMWORDS_B set to 64
        Info (286033): Parameter ADDRESS_ACLR_A set to NONE
        Info (286033): Parameter OUTDATA_REG_B set to UNREGISTERED
        Info (286033): Parameter ADDRESS_ACLR_B set to NONE
        Info (286033): Parameter OUTDATA_ACLR_B set to NONE
        Info (286033): Parameter ADDRESS_REG_B set to CLOCK0
        Info (286033): Parameter INDATA_ACLR_A set to NONE
        Info (286033): Parameter WRCONTROL_ACLR_A set to NONE
        Info (286033): Parameter INIT_FILE set to /data/work/rio-synthesis/cam-shared-fifo-20260909/pe5-v64-c1024-q256-replay-quartus/quartus-rtl/PifoMesh.v_toplevel_pifoEngines_4_enque_enqueMapper_banks_0.bin.mif
        Info (286033): Parameter READ_DURING_WRITE_MODE_MIXED_PORTS set to OLD_DATA
        Info (286033): Parameter RDCONTROL_REG_B set to CLOCK0
    Info (276029): Inferred altsyncram megafunction from the following design logic: "pifoEngines_4|enque_enqueMapper|banks_1_rtl_0"  File: /data/work/rio-synthesis/cam-shared-fifo-20260909/pe5-v64-c1024-q256-replay-quartus/quartus-rtl/PifoMesh.v Line: 13222
        Info (286033): Parameter OPERATION_MODE set to DUAL_PORT
        Info (286033): Parameter WIDTH_A set to 6
        Info (286033): Parameter WIDTHAD_A set to 6
        Info (286033): Parameter NUMWORDS_A set to 64
        Info (286033): Parameter WIDTH_B set to 6
        Info (286033): Parameter WIDTHAD_B set to 6
        Info (286033): Parameter NUMWORDS_B set to 64
        Info (286033): Parameter ADDRESS_ACLR_A set to NONE
        Info (286033): Parameter OUTDATA_REG_B set to UNREGISTERED
        Info (286033): Parameter ADDRESS_ACLR_B set to NONE
        Info (286033): Parameter OUTDATA_ACLR_B set to NONE
        Info (286033): Parameter ADDRESS_REG_B set to CLOCK0
        Info (286033): Parameter INDATA_ACLR_A set to NONE
        Info (286033): Parameter WRCONTROL_ACLR_A set to NONE
        Info (286033): Parameter INIT_FILE set to /data/work/rio-synthesis/cam-shared-fifo-20260909/pe5-v64-c1024-q256-replay-quartus/quartus-rtl/PifoMesh.v_toplevel_pifoEngines_4_enque_enqueMapper_banks_1.bin.mif
        Info (286033): Parameter READ_DURING_WRITE_MODE_MIXED_PORTS set to OLD_DATA
        Info (286033): Parameter RDCONTROL_REG_B set to CLOCK0
    Info (276029): Inferred altsyncram megafunction from the following design logic: "pifoEngines_4|deque_dequeMapper|banks_0_values_rtl_0"  File: /data/work/rio-synthesis/cam-shared-fifo-20260909/pe5-v64-c1024-q256-replay-quartus/quartus-rtl/PifoMesh.v Line: 22076
        Info (286033): Parameter OPERATION_MODE set to DUAL_PORT
        Info (286033): Parameter WIDTH_A set to 9
        Info (286033): Parameter WIDTHAD_A set to 7
        Info (286033): Parameter NUMWORDS_A set to 128
        Info (286033): Parameter WIDTH_B set to 9
        Info (286033): Parameter WIDTHAD_B set to 7
        Info (286033): Parameter NUMWORDS_B set to 128
        Info (286033): Parameter ADDRESS_ACLR_A set to NONE
        Info (286033): Parameter OUTDATA_REG_B set to UNREGISTERED
        Info (286033): Parameter ADDRESS_ACLR_B set to NONE
        Info (286033): Parameter OUTDATA_ACLR_B set to NONE
        Info (286033): Parameter ADDRESS_REG_B set to CLOCK0
        Info (286033): Parameter INDATA_ACLR_A set to NONE
        Info (286033): Parameter WRCONTROL_ACLR_A set to NONE
        Info (286033): Parameter READ_DURING_WRITE_MODE_MIXED_PORTS set to OLD_DATA
        Info (286033): Parameter RDCONTROL_REG_B set to CLOCK0
    Info (276029): Inferred altsyncram megafunction from the following design logic: "pifoEngines_4|deque_dequeMapper|banks_1_values_rtl_0"  File: /data/work/rio-synthesis/cam-shared-fifo-20260909/pe5-v64-c1024-q256-replay-quartus/quartus-rtl/PifoMesh.v Line: 22077
        Info (286033): Parameter OPERATION_MODE set to DUAL_PORT
        Info (286033): Parameter WIDTH_A set to 9
        Info (286033): Parameter WIDTHAD_A set to 7
        Info (286033): Parameter NUMWORDS_A set to 128
        Info (286033): Parameter WIDTH_B set to 9
        Info (286033): Parameter WIDTHAD_B set to 7
        Info (286033): Parameter NUMWORDS_B set to 128
        Info (286033): Parameter ADDRESS_ACLR_A set to NONE
        Info (286033): Parameter OUTDATA_REG_B set to UNREGISTERED
        Info (286033): Parameter ADDRESS_ACLR_B set to NONE
        Info (286033): Parameter OUTDATA_ACLR_B set to NONE
        Info (286033): Parameter ADDRESS_REG_B set to CLOCK0
        Info (286033): Parameter INDATA_ACLR_A set to NONE
        Info (286033): Parameter WRCONTROL_ACLR_A set to NONE
        Info (286033): Parameter READ_DURING_WRITE_MODE_MIXED_PORTS set to OLD_DATA
        Info (286033): Parameter RDCONTROL_REG_B set to CLOCK0
    Info (276029): Inferred altsyncram megafunction from the following design logic: "xbar|io_inputs_0_fifo|fifo|logic_ram_rtl_0"  File: /data/work/rio-synthesis/cam-shared-fifo-20260909/pe5-v64-c1024-q256-replay-quartus/quartus-rtl/PifoMesh.v Line: 33040
        Info (286033): Parameter OPERATION_MODE set to DUAL_PORT
        Info (286033): Parameter WIDTH_A set to 9
        Info (286033): Parameter WIDTHAD_A set to 3
        Info (286033): Parameter NUMWORDS_A set to 8
        Info (286033): Parameter WIDTH_B set to 9
        Info (286033): Parameter WIDTHAD_B set to 3
        Info (286033): Parameter NUMWORDS_B set to 8
        Info (286033): Parameter ADDRESS_ACLR_A set to NONE
        Info (286033): Parameter OUTDATA_REG_B set to UNREGISTERED
        Info (286033): Parameter ADDRESS_ACLR_B set to CLEAR0
        Info (286033): Parameter OUTDATA_ACLR_B set to NONE
        Info (286033): Parameter ADDRESS_REG_B set to CLOCK0
        Info (286033): Parameter INDATA_ACLR_A set to NONE
        Info (286033): Parameter WRCONTROL_ACLR_A set to NONE
    Info (276029): Inferred altsyncram megafunction from the following design logic: "xbar|io_inputs_1_fifo|fifo|logic_ram_rtl_0"  File: /data/work/rio-synthesis/cam-shared-fifo-20260909/pe5-v64-c1024-q256-replay-quartus/quartus-rtl/PifoMesh.v Line: 33040
        Info (286033): Parameter OPERATION_MODE set to DUAL_PORT
        Info (286033): Parameter WIDTH_A set to 9
        Info (286033): Parameter WIDTHAD_A set to 3
        Info (286033): Parameter NUMWORDS_A set to 8
        Info (286033): Parameter WIDTH_B set to 9
        Info (286033): Parameter WIDTHAD_B set to 3
        Info (286033): Parameter NUMWORDS_B set to 8
        Info (286033): Parameter ADDRESS_ACLR_A set to NONE
        Info (286033): Parameter OUTDATA_REG_B set to UNREGISTERED
        Info (286033): Parameter ADDRESS_ACLR_B set to CLEAR0
        Info (286033): Parameter OUTDATA_ACLR_B set to NONE
        Info (286033): Parameter ADDRESS_REG_B set to CLOCK0
        Info (286033): Parameter INDATA_ACLR_A set to NONE
        Info (286033): Parameter WRCONTROL_ACLR_A set to NONE
    Info (276029): Inferred altsyncram megafunction from the following design logic: "xbar|io_inputs_2_fifo|fifo|logic_ram_rtl_0"  File: /data/work/rio-synthesis/cam-shared-fifo-20260909/pe5-v64-c1024-q256-replay-quartus/quartus-rtl/PifoMesh.v Line: 33040
        Info (286033): Parameter OPERATION_MODE set to DUAL_PORT
        Info (286033): Parameter WIDTH_A set to 9
        Info (286033): Parameter WIDTHAD_A set to 3
        Info (286033): Parameter NUMWORDS_A set to 8
        Info (286033): Parameter WIDTH_B set to 9
        Info (286033): Parameter WIDTHAD_B set to 3
        Info (286033): Parameter NUMWORDS_B set to 8
        Info (286033): Parameter ADDRESS_ACLR_A set to NONE
        Info (286033): Parameter OUTDATA_REG_B set to UNREGISTERED
        Info (286033): Parameter ADDRESS_ACLR_B set to CLEAR0
        Info (286033): Parameter OUTDATA_ACLR_B set to NONE
        Info (286033): Parameter ADDRESS_REG_B set to CLOCK0
        Info (286033): Parameter INDATA_ACLR_A set to NONE
        Info (286033): Parameter WRCONTROL_ACLR_A set to NONE
    Info (276029): Inferred altsyncram megafunction from the following design logic: "xbar|io_inputs_3_fifo|fifo|logic_ram_rtl_0"  File: /data/work/rio-synthesis/cam-shared-fifo-20260909/pe5-v64-c1024-q256-replay-quartus/quartus-rtl/PifoMesh.v Line: 33040
        Info (286033): Parameter OPERATION_MODE set to DUAL_PORT
        Info (286033): Parameter WIDTH_A set to 9
        Info (286033): Parameter WIDTHAD_A set to 3
        Info (286033): Parameter NUMWORDS_A set to 8
        Info (286033): Parameter WIDTH_B set to 9
        Info (286033): Parameter WIDTHAD_B set to 3
        Info (286033): Parameter NUMWORDS_B set to 8
        Info (286033): Parameter ADDRESS_ACLR_A set to NONE
        Info (286033): Parameter OUTDATA_REG_B set to UNREGISTERED
        Info (286033): Parameter ADDRESS_ACLR_B set to CLEAR0
        Info (286033): Parameter OUTDATA_ACLR_B set to NONE
        Info (286033): Parameter ADDRESS_REG_B set to CLOCK0
        Info (286033): Parameter INDATA_ACLR_A set to NONE
        Info (286033): Parameter WRCONTROL_ACLR_A set to NONE
    Info (276029): Inferred altsyncram megafunction from the following design logic: "xbar|io_inputs_4_fifo|fifo|logic_ram_rtl_0"  File: /data/work/rio-synthesis/cam-shared-fifo-20260909/pe5-v64-c1024-q256-replay-quartus/quartus-rtl/PifoMesh.v Line: 33040
        Info (286033): Parameter OPERATION_MODE set to DUAL_PORT
        Info (286033): Parameter WIDTH_A set to 9
        Info (286033): Parameter WIDTHAD_A set to 3
        Info (286033): Parameter NUMWORDS_A set to 8
        Info (286033): Parameter WIDTH_B set to 9
        Info (286033): Parameter WIDTHAD_B set to 3
        Info (286033): Parameter NUMWORDS_B set to 8
        Info (286033): Parameter ADDRESS_ACLR_A set to NONE
        Info (286033): Parameter OUTDATA_REG_B set to UNREGISTERED
        Info (286033): Parameter ADDRESS_ACLR_B set to CLEAR0
        Info (286033): Parameter OUTDATA_ACLR_B set to NONE
        Info (286033): Parameter ADDRESS_REG_B set to CLOCK0
        Info (286033): Parameter INDATA_ACLR_A set to NONE
        Info (286033): Parameter WRCONTROL_ACLR_A set to NONE
    Info (276029): Inferred altsyncram megafunction from the following design logic: "xbar|io_inputs_5_fifo|fifo|logic_ram_rtl_0"  File: /data/work/rio-synthesis/cam-shared-fifo-20260909/pe5-v64-c1024-q256-replay-quartus/quartus-rtl/PifoMesh.v Line: 33040
        Info (286033): Parameter OPERATION_MODE set to DUAL_PORT
        Info (286033): Parameter WIDTH_A set to 9
        Info (286033): Parameter WIDTHAD_A set to 3
        Info (286033): Parameter NUMWORDS_A set to 8
        Info (286033): Parameter WIDTH_B set to 9
        Info (286033): Parameter WIDTHAD_B set to 3
        Info (286033): Parameter NUMWORDS_B set to 8
        Info (286033): Parameter ADDRESS_ACLR_A set to NONE
        Info (286033): Parameter OUTDATA_REG_B set to UNREGISTERED
        Info (286033): Parameter ADDRESS_ACLR_B set to CLEAR0
        Info (286033): Parameter OUTDATA_ACLR_B set to NONE
        Info (286033): Parameter ADDRESS_REG_B set to CLOCK0
        Info (286033): Parameter INDATA_ACLR_A set to NONE
        Info (286033): Parameter WRCONTROL_ACLR_A set to NONE
    Info (276029): Inferred altsyncram megafunction from the following design logic: "pifoEngines_0|enque_brain|engineMapper|ram_rtl_0"  File: /data/work/rio-synthesis/cam-shared-fifo-20260909/pe5-v64-c1024-q256-replay-quartus/quartus-rtl/PifoMesh.v Line: 32678
        Info (286033): Parameter OPERATION_MODE set to DUAL_PORT
        Info (286033): Parameter WIDTH_A set to 2
        Info (286033): Parameter WIDTHAD_A set to 6
        Info (286033): Parameter NUMWORDS_A set to 64
        Info (286033): Parameter WIDTH_B set to 2
        Info (286033): Parameter WIDTHAD_B set to 6
        Info (286033): Parameter NUMWORDS_B set to 64
        Info (286033): Parameter ADDRESS_ACLR_A set to NONE
        Info (286033): Parameter OUTDATA_REG_B set to UNREGISTERED
        Info (286033): Parameter ADDRESS_ACLR_B set to NONE
        Info (286033): Parameter OUTDATA_ACLR_B set to NONE
        Info (286033): Parameter ADDRESS_REG_B set to CLOCK0
        Info (286033): Parameter INDATA_ACLR_A set to NONE
        Info (286033): Parameter WRCONTROL_ACLR_A set to NONE
        Info (286033): Parameter INIT_FILE set to /data/work/rio-synthesis/cam-shared-fifo-20260909/pe5-v64-c1024-q256-replay-quartus/quartus-rtl/PifoMesh.v_toplevel_pifoEngines_0_enque_brain_engineMapper_ram.bin.mif
        Info (286033): Parameter READ_DURING_WRITE_MODE_MIXED_PORTS set to OLD_DATA
    Info (276029): Inferred altsyncram megafunction from the following design logic: "pifoEngines_0|enque_brain|lastVirtualMapper|ram_rtl_0"  File: /data/work/rio-synthesis/cam-shared-fifo-20260909/pe5-v64-c1024-q256-replay-quartus/quartus-rtl/PifoMesh.v Line: 32622
        Info (286033): Parameter OPERATION_MODE set to DUAL_PORT
        Info (286033): Parameter WIDTH_A set to 8
        Info (286033): Parameter WIDTHAD_A set to 6
        Info (286033): Parameter NUMWORDS_A set to 64
        Info (286033): Parameter WIDTH_B set to 8
        Info (286033): Parameter WIDTHAD_B set to 6
        Info (286033): Parameter NUMWORDS_B set to 64
        Info (286033): Parameter ADDRESS_ACLR_A set to NONE
        Info (286033): Parameter OUTDATA_REG_B set to UNREGISTERED
        Info (286033): Parameter ADDRESS_ACLR_B set to NONE
        Info (286033): Parameter OUTDATA_ACLR_B set to NONE
        Info (286033): Parameter ADDRESS_REG_B set to CLOCK0
        Info (286033): Parameter INDATA_ACLR_A set to NONE
        Info (286033): Parameter WRCONTROL_ACLR_A set to NONE
        Info (286033): Parameter INIT_FILE set to /data/work/rio-synthesis/cam-shared-fifo-20260909/pe5-v64-c1024-q256-replay-quartus/quartus-rtl/PifoMesh.v_toplevel_pifoEngines_0_enque_brain_lastVirtualMapper_ram.bin.mif
        Info (286033): Parameter READ_DURING_WRITE_MODE_MIXED_PORTS set to OLD_DATA
    Info (276029): Inferred altsyncram megafunction from the following design logic: "pifoEngines_0|enque_brain|engineCAM|banks_0_values_rtl_0"  File: /data/work/rio-synthesis/cam-shared-fifo-20260909/pe5-v64-c1024-q256-replay-quartus/quartus-rtl/PifoMesh.v Line: 30454
        Info (286033): Parameter OPERATION_MODE set to DUAL_PORT
        Info (286033): Parameter WIDTH_A set to 8
        Info (286033): Parameter WIDTHAD_A set to 7
        Info (286033): Parameter NUMWORDS_A set to 128
        Info (286033): Parameter WIDTH_B set to 8
        Info (286033): Parameter WIDTHAD_B set to 7
        Info (286033): Parameter NUMWORDS_B set to 128
        Info (286033): Parameter ADDRESS_ACLR_A set to NONE
        Info (286033): Parameter OUTDATA_REG_B set to UNREGISTERED
        Info (286033): Parameter ADDRESS_ACLR_B set to NONE
        Info (286033): Parameter OUTDATA_ACLR_B set to NONE
        Info (286033): Parameter ADDRESS_REG_B set to CLOCK0
        Info (286033): Parameter INDATA_ACLR_A set to NONE
        Info (286033): Parameter WRCONTROL_ACLR_A set to NONE
        Info (286033): Parameter READ_DURING_WRITE_MODE_MIXED_PORTS set to OLD_DATA
        Info (286033): Parameter RDCONTROL_REG_B set to CLOCK0
    Info (276029): Inferred altsyncram megafunction from the following design logic: "pifoEngines_0|enque_brain|brainStateMem|ram_rtl_0"  File: /data/work/rio-synthesis/cam-shared-fifo-20260909/pe5-v64-c1024-q256-replay-quartus/quartus-rtl/PifoMesh.v Line: 29449
        Info (286033): Parameter OPERATION_MODE set to DUAL_PORT
        Info (286033): Parameter WIDTH_A set to 32
        Info (286033): Parameter WIDTHAD_A set to 6
        Info (286033): Parameter NUMWORDS_A set to 64
        Info (286033): Parameter WIDTH_B set to 32
        Info (286033): Parameter WIDTHAD_B set to 6
        Info (286033): Parameter NUMWORDS_B set to 64
        Info (286033): Parameter ADDRESS_ACLR_A set to NONE
        Info (286033): Parameter OUTDATA_REG_B set to UNREGISTERED
        Info (286033): Parameter ADDRESS_ACLR_B set to NONE
        Info (286033): Parameter OUTDATA_ACLR_B set to NONE
        Info (286033): Parameter ADDRESS_REG_B set to CLOCK0
        Info (286033): Parameter INDATA_ACLR_A set to NONE
        Info (286033): Parameter WRCONTROL_ACLR_A set to NONE
        Info (286033): Parameter INIT_FILE set to /data/work/rio-synthesis/cam-shared-fifo-20260909/pe5-v64-c1024-q256-replay-quartus/quartus-rtl/PifoMesh.v_toplevel_pifoEngines_0_enque_brain_brainStateMem_ram.bin.mif
        Info (286033): Parameter READ_DURING_WRITE_MODE_MIXED_PORTS set to OLD_DATA
    Info (276029): Inferred altsyncram megafunction from the following design logic: "pifoEngines_1|enque_brain|engineMapper|ram_rtl_0"  File: /data/work/rio-synthesis/cam-shared-fifo-20260909/pe5-v64-c1024-q256-replay-quartus/quartus-rtl/PifoMesh.v Line: 28748
        Info (286033): Parameter OPERATION_MODE set to DUAL_PORT
        Info (286033): Parameter WIDTH_A set to 2
        Info (286033): Parameter WIDTHAD_A set to 6
        Info (286033): Parameter NUMWORDS_A set to 64
        Info (286033): Parameter WIDTH_B set to 2
        Info (286033): Parameter WIDTHAD_B set to 6
        Info (286033): Parameter NUMWORDS_B set to 64
        Info (286033): Parameter ADDRESS_ACLR_A set to NONE
        Info (286033): Parameter OUTDATA_REG_B set to UNREGISTERED
        Info (286033): Parameter ADDRESS_ACLR_B set to NONE
        Info (286033): Parameter OUTDATA_ACLR_B set to NONE
        Info (286033): Parameter ADDRESS_REG_B set to CLOCK0
        Info (286033): Parameter INDATA_ACLR_A set to NONE
        Info (286033): Parameter WRCONTROL_ACLR_A set to NONE
        Info (286033): Parameter INIT_FILE set to /data/work/rio-synthesis/cam-shared-fifo-20260909/pe5-v64-c1024-q256-replay-quartus/quartus-rtl/PifoMesh.v_toplevel_pifoEngines_1_enque_brain_engineMapper_ram.bin.mif
        Info (286033): Parameter READ_DURING_WRITE_MODE_MIXED_PORTS set to OLD_DATA
    Info (276029): Inferred altsyncram megafunction from the following design logic: "pifoEngines_1|enque_brain|lastVirtualMapper|ram_rtl_0"  File: /data/work/rio-synthesis/cam-shared-fifo-20260909/pe5-v64-c1024-q256-replay-quartus/quartus-rtl/PifoMesh.v Line: 28692
        Info (286033): Parameter OPERATION_MODE set to DUAL_PORT
        Info (286033): Parameter WIDTH_A set to 8
        Info (286033): Parameter WIDTHAD_A set to 6
        Info (286033): Parameter NUMWORDS_A set to 64
        Info (286033): Parameter WIDTH_B set to 8
        Info (286033): Parameter WIDTHAD_B set to 6
        Info (286033): Parameter NUMWORDS_B set to 64
        Info (286033): Parameter ADDRESS_ACLR_A set to NONE
        Info (286033): Parameter OUTDATA_REG_B set to UNREGISTERED
        Info (286033): Parameter ADDRESS_ACLR_B set to NONE
        Info (286033): Parameter OUTDATA_ACLR_B set to NONE
        Info (286033): Parameter ADDRESS_REG_B set to CLOCK0
        Info (286033): Parameter INDATA_ACLR_A set to NONE
        Info (286033): Parameter WRCONTROL_ACLR_A set to NONE
        Info (286033): Parameter INIT_FILE set to /data/work/rio-synthesis/cam-shared-fifo-20260909/pe5-v64-c1024-q256-replay-quartus/quartus-rtl/PifoMesh.v_toplevel_pifoEngines_1_enque_brain_lastVirtualMapper_ram.bin.mif
        Info (286033): Parameter READ_DURING_WRITE_MODE_MIXED_PORTS set to OLD_DATA
    Info (276029): Inferred altsyncram megafunction from the following design logic: "pifoEngines_1|enque_brain|engineCAM|banks_0_values_rtl_0"  File: /data/work/rio-synthesis/cam-shared-fifo-20260909/pe5-v64-c1024-q256-replay-quartus/quartus-rtl/PifoMesh.v Line: 30454
        Info (286033): Parameter OPERATION_MODE set to DUAL_PORT
        Info (286033): Parameter WIDTH_A set to 8
        Info (286033): Parameter WIDTHAD_A set to 7
        Info (286033): Parameter NUMWORDS_A set to 128
        Info (286033): Parameter WIDTH_B set to 8
        Info (286033): Parameter WIDTHAD_B set to 7
        Info (286033): Parameter NUMWORDS_B set to 128
        Info (286033): Parameter ADDRESS_ACLR_A set to NONE
        Info (286033): Parameter OUTDATA_REG_B set to UNREGISTERED
        Info (286033): Parameter ADDRESS_ACLR_B set to NONE
        Info (286033): Parameter OUTDATA_ACLR_B set to NONE
        Info (286033): Parameter ADDRESS_REG_B set to CLOCK0
        Info (286033): Parameter INDATA_ACLR_A set to NONE
        Info (286033): Parameter WRCONTROL_ACLR_A set to NONE
        Info (286033): Parameter READ_DURING_WRITE_MODE_MIXED_PORTS set to OLD_DATA
        Info (286033): Parameter RDCONTROL_REG_B set to CLOCK0
    Info (276029): Inferred altsyncram megafunction from the following design logic: "pifoEngines_1|enque_brain|brainStateMem|ram_rtl_0"  File: /data/work/rio-synthesis/cam-shared-fifo-20260909/pe5-v64-c1024-q256-replay-quartus/quartus-rtl/PifoMesh.v Line: 28630
        Info (286033): Parameter OPERATION_MODE set to DUAL_PORT
        Info (286033): Parameter WIDTH_A set to 32
        Info (286033): Parameter WIDTHAD_A set to 6
        Info (286033): Parameter NUMWORDS_A set to 64
        Info (286033): Parameter WIDTH_B set to 32
        Info (286033): Parameter WIDTHAD_B set to 6
        Info (286033): Parameter NUMWORDS_B set to 64
        Info (286033): Parameter ADDRESS_ACLR_A set to NONE
        Info (286033): Parameter OUTDATA_REG_B set to UNREGISTERED
        Info (286033): Parameter ADDRESS_ACLR_B set to NONE
        Info (286033): Parameter OUTDATA_ACLR_B set to NONE
        Info (286033): Parameter ADDRESS_REG_B set to CLOCK0
        Info (286033): Parameter INDATA_ACLR_A set to NONE
        Info (286033): Parameter WRCONTROL_ACLR_A set to NONE
        Info (286033): Parameter INIT_FILE set to /data/work/rio-synthesis/cam-shared-fifo-20260909/pe5-v64-c1024-q256-replay-quartus/quartus-rtl/PifoMesh.v_toplevel_pifoEngines_1_enque_brain_brainStateMem_ram.bin.mif
        Info (286033): Parameter READ_DURING_WRITE_MODE_MIXED_PORTS set to OLD_DATA
    Info (276029): Inferred altsyncram megafunction from the following design logic: "pifoEngines_2|enque_brain|engineMapper|ram_rtl_0"  File: /data/work/rio-synthesis/cam-shared-fifo-20260909/pe5-v64-c1024-q256-replay-quartus/quartus-rtl/PifoMesh.v Line: 28552
        Info (286033): Parameter OPERATION_MODE set to DUAL_PORT
        Info (286033): Parameter WIDTH_A set to 2
        Info (286033): Parameter WIDTHAD_A set to 6
        Info (286033): Parameter NUMWORDS_A set to 64
        Info (286033): Parameter WIDTH_B set to 2
        Info (286033): Parameter WIDTHAD_B set to 6
        Info (286033): Parameter NUMWORDS_B set to 64
        Info (286033): Parameter ADDRESS_ACLR_A set to NONE
        Info (286033): Parameter OUTDATA_REG_B set to UNREGISTERED
        Info (286033): Parameter ADDRESS_ACLR_B set to NONE
        Info (286033): Parameter OUTDATA_ACLR_B set to NONE
        Info (286033): Parameter ADDRESS_REG_B set to CLOCK0
        Info (286033): Parameter INDATA_ACLR_A set to NONE
        Info (286033): Parameter WRCONTROL_ACLR_A set to NONE
        Info (286033): Parameter INIT_FILE set to /data/work/rio-synthesis/cam-shared-fifo-20260909/pe5-v64-c1024-q256-replay-quartus/quartus-rtl/PifoMesh.v_toplevel_pifoEngines_2_enque_brain_engineMapper_ram.bin.mif
        Info (286033): Parameter READ_DURING_WRITE_MODE_MIXED_PORTS set to OLD_DATA
    Info (276029): Inferred altsyncram megafunction from the following design logic: "pifoEngines_2|enque_brain|lastVirtualMapper|ram_rtl_0"  File: /data/work/rio-synthesis/cam-shared-fifo-20260909/pe5-v64-c1024-q256-replay-quartus/quartus-rtl/PifoMesh.v Line: 28496
        Info (286033): Parameter OPERATION_MODE set to DUAL_PORT
        Info (286033): Parameter WIDTH_A set to 8
        Info (286033): Parameter WIDTHAD_A set to 6
        Info (286033): Parameter NUMWORDS_A set to 64
        Info (286033): Parameter WIDTH_B set to 8
        Info (286033): Parameter WIDTHAD_B set to 6
        Info (286033): Parameter NUMWORDS_B set to 64
        Info (286033): Parameter ADDRESS_ACLR_A set to NONE
        Info (286033): Parameter OUTDATA_REG_B set to UNREGISTERED
        Info (286033): Parameter ADDRESS_ACLR_B set to NONE
        Info (286033): Parameter OUTDATA_ACLR_B set to NONE
        Info (286033): Parameter ADDRESS_REG_B set to CLOCK0
        Info (286033): Parameter INDATA_ACLR_A set to NONE
        Info (286033): Parameter WRCONTROL_ACLR_A set to NONE
        Info (286033): Parameter INIT_FILE set to /data/work/rio-synthesis/cam-shared-fifo-20260909/pe5-v64-c1024-q256-replay-quartus/quartus-rtl/PifoMesh.v_toplevel_pifoEngines_2_enque_brain_lastVirtualMapper_ram.bin.mif
        Info (286033): Parameter READ_DURING_WRITE_MODE_MIXED_PORTS set to OLD_DATA
    Info (276029): Inferred altsyncram megafunction from the following design logic: "pifoEngines_2|enque_brain|engineCAM|banks_0_values_rtl_0"  File: /data/work/rio-synthesis/cam-shared-fifo-20260909/pe5-v64-c1024-q256-replay-quartus/quartus-rtl/PifoMesh.v Line: 30454
        Info (286033): Parameter OPERATION_MODE set to DUAL_PORT
        Info (286033): Parameter WIDTH_A set to 8
        Info (286033): Parameter WIDTHAD_A set to 7
        Info (286033): Parameter NUMWORDS_A set to 128
        Info (286033): Parameter WIDTH_B set to 8
        Info (286033): Parameter WIDTHAD_B set to 7
        Info (286033): Parameter NUMWORDS_B set to 128
        Info (286033): Parameter ADDRESS_ACLR_A set to NONE
        Info (286033): Parameter OUTDATA_REG_B set to UNREGISTERED
        Info (286033): Parameter ADDRESS_ACLR_B set to NONE
        Info (286033): Parameter OUTDATA_ACLR_B set to NONE
        Info (286033): Parameter ADDRESS_REG_B set to CLOCK0
        Info (286033): Parameter INDATA_ACLR_A set to NONE
        Info (286033): Parameter WRCONTROL_ACLR_A set to NONE
        Info (286033): Parameter READ_DURING_WRITE_MODE_MIXED_PORTS set to OLD_DATA
        Info (286033): Parameter RDCONTROL_REG_B set to CLOCK0
    Info (276029): Inferred altsyncram megafunction from the following design logic: "pifoEngines_2|enque_brain|brainStateMem|ram_rtl_0"  File: /data/work/rio-synthesis/cam-shared-fifo-20260909/pe5-v64-c1024-q256-replay-quartus/quartus-rtl/PifoMesh.v Line: 28434
        Info (286033): Parameter OPERATION_MODE set to DUAL_PORT
        Info (286033): Parameter WIDTH_A set to 32
        Info (286033): Parameter WIDTHAD_A set to 6
        Info (286033): Parameter NUMWORDS_A set to 64
        Info (286033): Parameter WIDTH_B set to 32
        Info (286033): Parameter WIDTHAD_B set to 6
        Info (286033): Parameter NUMWORDS_B set to 64
        Info (286033): Parameter ADDRESS_ACLR_A set to NONE
        Info (286033): Parameter OUTDATA_REG_B set to UNREGISTERED
        Info (286033): Parameter ADDRESS_ACLR_B set to NONE
        Info (286033): Parameter OUTDATA_ACLR_B set to NONE
        Info (286033): Parameter ADDRESS_REG_B set to CLOCK0
        Info (286033): Parameter INDATA_ACLR_A set to NONE
        Info (286033): Parameter WRCONTROL_ACLR_A set to NONE
        Info (286033): Parameter INIT_FILE set to /data/work/rio-synthesis/cam-shared-fifo-20260909/pe5-v64-c1024-q256-replay-quartus/quartus-rtl/PifoMesh.v_toplevel_pifoEngines_2_enque_brain_brainStateMem_ram.bin.mif
        Info (286033): Parameter READ_DURING_WRITE_MODE_MIXED_PORTS set to OLD_DATA
    Info (276029): Inferred altsyncram megafunction from the following design logic: "pifoEngines_3|enque_brain|engineMapper|ram_rtl_0"  File: /data/work/rio-synthesis/cam-shared-fifo-20260909/pe5-v64-c1024-q256-replay-quartus/quartus-rtl/PifoMesh.v Line: 28356
        Info (286033): Parameter OPERATION_MODE set to DUAL_PORT
        Info (286033): Parameter WIDTH_A set to 2
        Info (286033): Parameter WIDTHAD_A set to 6
        Info (286033): Parameter NUMWORDS_A set to 64
        Info (286033): Parameter WIDTH_B set to 2
        Info (286033): Parameter WIDTHAD_B set to 6
        Info (286033): Parameter NUMWORDS_B set to 64
        Info (286033): Parameter ADDRESS_ACLR_A set to NONE
        Info (286033): Parameter OUTDATA_REG_B set to UNREGISTERED
        Info (286033): Parameter ADDRESS_ACLR_B set to NONE
        Info (286033): Parameter OUTDATA_ACLR_B set to NONE
        Info (286033): Parameter ADDRESS_REG_B set to CLOCK0
        Info (286033): Parameter INDATA_ACLR_A set to NONE
        Info (286033): Parameter WRCONTROL_ACLR_A set to NONE
        Info (286033): Parameter INIT_FILE set to /data/work/rio-synthesis/cam-shared-fifo-20260909/pe5-v64-c1024-q256-replay-quartus/quartus-rtl/PifoMesh.v_toplevel_pifoEngines_3_enque_brain_engineMapper_ram.bin.mif
        Info (286033): Parameter READ_DURING_WRITE_MODE_MIXED_PORTS set to OLD_DATA
    Info (276029): Inferred altsyncram megafunction from the following design logic: "pifoEngines_3|enque_brain|lastVirtualMapper|ram_rtl_0"  File: /data/work/rio-synthesis/cam-shared-fifo-20260909/pe5-v64-c1024-q256-replay-quartus/quartus-rtl/PifoMesh.v Line: 28300
        Info (286033): Parameter OPERATION_MODE set to DUAL_PORT
        Info (286033): Parameter WIDTH_A set to 8
        Info (286033): Parameter WIDTHAD_A set to 6
        Info (286033): Parameter NUMWORDS_A set to 64
        Info (286033): Parameter WIDTH_B set to 8
        Info (286033): Parameter WIDTHAD_B set to 6
        Info (286033): Parameter NUMWORDS_B set to 64
        Info (286033): Parameter ADDRESS_ACLR_A set to NONE
        Info (286033): Parameter OUTDATA_REG_B set to UNREGISTERED
        Info (286033): Parameter ADDRESS_ACLR_B set to NONE
        Info (286033): Parameter OUTDATA_ACLR_B set to NONE
        Info (286033): Parameter ADDRESS_REG_B set to CLOCK0
        Info (286033): Parameter INDATA_ACLR_A set to NONE
        Info (286033): Parameter WRCONTROL_ACLR_A set to NONE
        Info (286033): Parameter INIT_FILE set to /data/work/rio-synthesis/cam-shared-fifo-20260909/pe5-v64-c1024-q256-replay-quartus/quartus-rtl/PifoMesh.v_toplevel_pifoEngines_3_enque_brain_lastVirtualMapper_ram.bin.mif
        Info (286033): Parameter READ_DURING_WRITE_MODE_MIXED_PORTS set to OLD_DATA
    Info (276029): Inferred altsyncram megafunction from the following design logic: "pifoEngines_3|enque_brain|engineCAM|banks_0_values_rtl_0"  File: /data/work/rio-synthesis/cam-shared-fifo-20260909/pe5-v64-c1024-q256-replay-quartus/quartus-rtl/PifoMesh.v Line: 30454
        Info (286033): Parameter OPERATION_MODE set to DUAL_PORT
        Info (286033): Parameter WIDTH_A set to 8
        Info (286033): Parameter WIDTHAD_A set to 7
        Info (286033): Parameter NUMWORDS_A set to 128
        Info (286033): Parameter WIDTH_B set to 8
        Info (286033): Parameter WIDTHAD_B set to 7
        Info (286033): Parameter NUMWORDS_B set to 128
        Info (286033): Parameter ADDRESS_ACLR_A set to NONE
        Info (286033): Parameter OUTDATA_REG_B set to UNREGISTERED
        Info (286033): Parameter ADDRESS_ACLR_B set to NONE
        Info (286033): Parameter OUTDATA_ACLR_B set to NONE
        Info (286033): Parameter ADDRESS_REG_B set to CLOCK0
        Info (286033): Parameter INDATA_ACLR_A set to NONE
        Info (286033): Parameter WRCONTROL_ACLR_A set to NONE
        Info (286033): Parameter READ_DURING_WRITE_MODE_MIXED_PORTS set to OLD_DATA
        Info (286033): Parameter RDCONTROL_REG_B set to CLOCK0
    Info (276029): Inferred altsyncram megafunction from the following design logic: "pifoEngines_3|enque_brain|brainStateMem|ram_rtl_0"  File: /data/work/rio-synthesis/cam-shared-fifo-20260909/pe5-v64-c1024-q256-replay-quartus/quartus-rtl/PifoMesh.v Line: 28238
        Info (286033): Parameter OPERATION_MODE set to DUAL_PORT
        Info (286033): Parameter WIDTH_A set to 32
        Info (286033): Parameter WIDTHAD_A set to 6
        Info (286033): Parameter NUMWORDS_A set to 64
        Info (286033): Parameter WIDTH_B set to 32
        Info (286033): Parameter WIDTHAD_B set to 6
        Info (286033): Parameter NUMWORDS_B set to 64
        Info (286033): Parameter ADDRESS_ACLR_A set to NONE
        Info (286033): Parameter OUTDATA_REG_B set to UNREGISTERED
        Info (286033): Parameter ADDRESS_ACLR_B set to NONE
        Info (286033): Parameter OUTDATA_ACLR_B set to NONE
        Info (286033): Parameter ADDRESS_REG_B set to CLOCK0
        Info (286033): Parameter INDATA_ACLR_A set to NONE
        Info (286033): Parameter WRCONTROL_ACLR_A set to NONE
        Info (286033): Parameter INIT_FILE set to /data/work/rio-synthesis/cam-shared-fifo-20260909/pe5-v64-c1024-q256-replay-quartus/quartus-rtl/PifoMesh.v_toplevel_pifoEngines_3_enque_brain_brainStateMem_ram.bin.mif
        Info (286033): Parameter READ_DURING_WRITE_MODE_MIXED_PORTS set to OLD_DATA
    Info (276029): Inferred altsyncram megafunction from the following design logic: "pifoEngines_4|enque_brain|engineMapper|ram_rtl_0"  File: /data/work/rio-synthesis/cam-shared-fifo-20260909/pe5-v64-c1024-q256-replay-quartus/quartus-rtl/PifoMesh.v Line: 28160
        Info (286033): Parameter OPERATION_MODE set to DUAL_PORT
        Info (286033): Parameter WIDTH_A set to 2
        Info (286033): Parameter WIDTHAD_A set to 6
        Info (286033): Parameter NUMWORDS_A set to 64
        Info (286033): Parameter WIDTH_B set to 2
        Info (286033): Parameter WIDTHAD_B set to 6
        Info (286033): Parameter NUMWORDS_B set to 64
        Info (286033): Parameter ADDRESS_ACLR_A set to NONE
        Info (286033): Parameter OUTDATA_REG_B set to UNREGISTERED
        Info (286033): Parameter ADDRESS_ACLR_B set to NONE
        Info (286033): Parameter OUTDATA_ACLR_B set to NONE
        Info (286033): Parameter ADDRESS_REG_B set to CLOCK0
        Info (286033): Parameter INDATA_ACLR_A set to NONE
        Info (286033): Parameter WRCONTROL_ACLR_A set to NONE
        Info (286033): Parameter INIT_FILE set to /data/work/rio-synthesis/cam-shared-fifo-20260909/pe5-v64-c1024-q256-replay-quartus/quartus-rtl/PifoMesh.v_toplevel_pifoEngines_4_enque_brain_engineMapper_ram.bin.mif
        Info (286033): Parameter READ_DURING_WRITE_MODE_MIXED_PORTS set to OLD_DATA
    Info (276029): Inferred altsyncram megafunction from the following design logic: "pifoEngines_4|enque_brain|lastVirtualMapper|ram_rtl_0"  File: /data/work/rio-synthesis/cam-shared-fifo-20260909/pe5-v64-c1024-q256-replay-quartus/quartus-rtl/PifoMesh.v Line: 28104
        Info (286033): Parameter OPERATION_MODE set to DUAL_PORT
        Info (286033): Parameter WIDTH_A set to 8
        Info (286033): Parameter WIDTHAD_A set to 6
        Info (286033): Parameter NUMWORDS_A set to 64
        Info (286033): Parameter WIDTH_B set to 8
        Info (286033): Parameter WIDTHAD_B set to 6
        Info (286033): Parameter NUMWORDS_B set to 64
        Info (286033): Parameter ADDRESS_ACLR_A set to NONE
        Info (286033): Parameter OUTDATA_REG_B set to UNREGISTERED
        Info (286033): Parameter ADDRESS_ACLR_B set to NONE
        Info (286033): Parameter OUTDATA_ACLR_B set to NONE
        Info (286033): Parameter ADDRESS_REG_B set to CLOCK0
        Info (286033): Parameter INDATA_ACLR_A set to NONE
        Info (286033): Parameter WRCONTROL_ACLR_A set to NONE
        Info (286033): Parameter INIT_FILE set to /data/work/rio-synthesis/cam-shared-fifo-20260909/pe5-v64-c1024-q256-replay-quartus/quartus-rtl/PifoMesh.v_toplevel_pifoEngines_4_enque_brain_lastVirtualMapper_ram.bin.mif
        Info (286033): Parameter READ_DURING_WRITE_MODE_MIXED_PORTS set to OLD_DATA
    Info (276029): Inferred altsyncram megafunction from the following design logic: "pifoEngines_4|enque_brain|engineCAM|banks_0_values_rtl_0"  File: /data/work/rio-synthesis/cam-shared-fifo-20260909/pe5-v64-c1024-q256-replay-quartus/quartus-rtl/PifoMesh.v Line: 30454
        Info (286033): Parameter OPERATION_MODE set to DUAL_PORT
        Info (286033): Parameter WIDTH_A set to 8
        Info (286033): Parameter WIDTHAD_A set to 7
        Info (286033): Parameter NUMWORDS_A set to 128
        Info (286033): Parameter WIDTH_B set to 8
        Info (286033): Parameter WIDTHAD_B set to 7
        Info (286033): Parameter NUMWORDS_B set to 128
        Info (286033): Parameter ADDRESS_ACLR_A set to NONE
        Info (286033): Parameter OUTDATA_REG_B set to UNREGISTERED
        Info (286033): Parameter ADDRESS_ACLR_B set to NONE
        Info (286033): Parameter OUTDATA_ACLR_B set to NONE
        Info (286033): Parameter ADDRESS_REG_B set to CLOCK0
        Info (286033): Parameter INDATA_ACLR_A set to NONE
        Info (286033): Parameter WRCONTROL_ACLR_A set to NONE
        Info (286033): Parameter READ_DURING_WRITE_MODE_MIXED_PORTS set to OLD_DATA
        Info (286033): Parameter RDCONTROL_REG_B set to CLOCK0
    Info (276029): Inferred altsyncram megafunction from the following design logic: "pifoEngines_4|enque_brain|brainStateMem|ram_rtl_0"  File: /data/work/rio-synthesis/cam-shared-fifo-20260909/pe5-v64-c1024-q256-replay-quartus/quartus-rtl/PifoMesh.v Line: 28042
        Info (286033): Parameter OPERATION_MODE set to DUAL_PORT
        Info (286033): Parameter WIDTH_A set to 32
        Info (286033): Parameter WIDTHAD_A set to 6
        Info (286033): Parameter NUMWORDS_A set to 64
        Info (286033): Parameter WIDTH_B set to 32
        Info (286033): Parameter WIDTHAD_B set to 6
        Info (286033): Parameter NUMWORDS_B set to 64
        Info (286033): Parameter ADDRESS_ACLR_A set to NONE
        Info (286033): Parameter OUTDATA_REG_B set to UNREGISTERED
        Info (286033): Parameter ADDRESS_ACLR_B set to NONE
        Info (286033): Parameter OUTDATA_ACLR_B set to NONE
        Info (286033): Parameter ADDRESS_REG_B set to CLOCK0
        Info (286033): Parameter INDATA_ACLR_A set to NONE
        Info (286033): Parameter WRCONTROL_ACLR_A set to NONE
        Info (286033): Parameter INIT_FILE set to /data/work/rio-synthesis/cam-shared-fifo-20260909/pe5-v64-c1024-q256-replay-quartus/quartus-rtl/PifoMesh.v_toplevel_pifoEngines_4_enque_brain_brainStateMem_ram.bin.mif
        Info (286033): Parameter READ_DURING_WRITE_MODE_MIXED_PORTS set to OLD_DATA
Warning (14284): Synthesized away the following node(s):
    Warning (25637): Synthesized away 120 node(s) of type RAM. See "Registers Removed during Synthesis" report for more details.
Warning (13024): Output pins are stuck at VCC or GND
    Warning (13410): Pin "io_pifo_0_push2_payload_data[0..8]" is stuck at GND File: /data/work/rio-synthesis/cam-shared-fifo-20260909/pe5-v64-c1024-q256-replay-quartus/quartus-rtl/PifoMesh.v Line: 49
    Warning (13410): Pin "io_pifo_0_push2_payload_port[0..5]" is stuck at GND File: /data/work/rio-synthesis/cam-shared-fifo-20260909/pe5-v64-c1024-q256-replay-quartus/quartus-rtl/PifoMesh.v Line: 50
    Warning (13410): Pin "io_pifo_0_push2_payload_priority[0..7]" is stuck at GND File: /data/work/rio-synthesis/cam-shared-fifo-20260909/pe5-v64-c1024-q256-replay-quartus/quartus-rtl/PifoMesh.v Line: 48
    Warning (13410): Pin "io_pifo_0_push2_valid" is stuck at GND File: /data/work/rio-synthesis/cam-shared-fifo-20260909/pe5-v64-c1024-q256-replay-quartus/quartus-rtl/PifoMesh.v Line: 47
    Warning (13410): Pin "io_pifo_1_push2_payload_data[0..8]" is stuck at GND File: /data/work/rio-synthesis/cam-shared-fifo-20260909/pe5-v64-c1024-q256-replay-quartus/quartus-rtl/PifoMesh.v Line: 71
    Warning (13410): Pin "io_pifo_1_push2_payload_port[0..5]" is stuck at GND File: /data/work/rio-synthesis/cam-shared-fifo-20260909/pe5-v64-c1024-q256-replay-quartus/quartus-rtl/PifoMesh.v Line: 72
    Warning (13410): Pin "io_pifo_1_push2_payload_priority[0..7]" is stuck at GND File: /data/work/rio-synthesis/cam-shared-fifo-20260909/pe5-v64-c1024-q256-replay-quartus/quartus-rtl/PifoMesh.v Line: 70
    Warning (13410): Pin "io_pifo_1_push2_valid" is stuck at GND File: /data/work/rio-synthesis/cam-shared-fifo-20260909/pe5-v64-c1024-q256-replay-quartus/quartus-rtl/PifoMesh.v Line: 69
    Warning (13410): Pin "io_pifo_2_push2_payload_data[0..8]" is stuck at GND File: /data/work/rio-synthesis/cam-shared-fifo-20260909/pe5-v64-c1024-q256-replay-quartus/quartus-rtl/PifoMesh.v Line: 93
    Warning (13410): Pin "io_pifo_2_push2_payload_port[0..5]" is stuck at GND File: /data/work/rio-synthesis/cam-shared-fifo-20260909/pe5-v64-c1024-q256-replay-quartus/quartus-rtl/PifoMesh.v Line: 94
    Warning (13410): Pin "io_pifo_2_push2_payload_priority[0..7]" is stuck at GND File: /data/work/rio-synthesis/cam-shared-fifo-20260909/pe5-v64-c1024-q256-replay-quartus/quartus-rtl/PifoMesh.v Line: 92
    Warning (13410): Pin "io_pifo_2_push2_valid" is stuck at GND File: /data/work/rio-synthesis/cam-shared-fifo-20260909/pe5-v64-c1024-q256-replay-quartus/quartus-rtl/PifoMesh.v Line: 91
    Warning (13410): Pin "io_pifo_3_push2_payload_data[0..8]" is stuck at GND File: /data/work/rio-synthesis/cam-shared-fifo-20260909/pe5-v64-c1024-q256-replay-quartus/quartus-rtl/PifoMesh.v Line: 115
    Warning (13410): Pin "io_pifo_3_push2_payload_port[0..5]" is stuck at GND File: /data/work/rio-synthesis/cam-shared-fifo-20260909/pe5-v64-c1024-q256-replay-quartus/quartus-rtl/PifoMesh.v Line: 116
    Warning (13410): Pin "io_pifo_3_push2_payload_priority[0..7]" is stuck at GND File: /data/work/rio-synthesis/cam-shared-fifo-20260909/pe5-v64-c1024-q256-replay-quartus/quartus-rtl/PifoMesh.v Line: 114
    Warning (13410): Pin "io_pifo_3_push2_valid" is stuck at GND File: /data/work/rio-synthesis/cam-shared-fifo-20260909/pe5-v64-c1024-q256-replay-quartus/quartus-rtl/PifoMesh.v Line: 113
    Warning (13410): Pin "io_pifo_4_push2_payload_data[0..8]" is stuck at GND File: /data/work/rio-synthesis/cam-shared-fifo-20260909/pe5-v64-c1024-q256-replay-quartus/quartus-rtl/PifoMesh.v Line: 137
    Warning (13410): Pin "io_pifo_4_push2_payload_port[0..5]" is stuck at GND File: /data/work/rio-synthesis/cam-shared-fifo-20260909/pe5-v64-c1024-q256-replay-quartus/quartus-rtl/PifoMesh.v Line: 138
    Warning (13410): Pin "io_pifo_4_push2_payload_priority[0..7]" is stuck at GND File: /data/work/rio-synthesis/cam-shared-fifo-20260909/pe5-v64-c1024-q256-replay-quartus/quartus-rtl/PifoMesh.v Line: 136
    Warning (13410): Pin "io_pifo_4_push2_valid" is stuck at GND File: /data/work/rio-synthesis/cam-shared-fifo-20260909/pe5-v64-c1024-q256-replay-quartus/quartus-rtl/PifoMesh.v Line: 135
    Warning (13410): Pin "io_replayLogAvailable[8]" is stuck at GND File: /data/work/rio-synthesis/cam-shared-fifo-20260909/pe5-v64-c1024-q256-replay-quartus/quartus-rtl/PifoMesh.v Line: 156
Info (17049): 370 registers lost all their fanouts during netlist optimizations.
Info (21057): Implemented 94626 device resources after synthesis - the final resource count might be different
    Info (21058): Implemented 352 input pins
    Info (21059): Implemented 340 output pins
    Info (21061): Implemented 93547 logic cells
    Info (21064): Implemented 387 RAM segments
Info: Successfully synthesized partition
Info: Saving post-synthesis snapshots for 1 partition(s)
Info (21615): Running Design Assistant Rules for snapshot 'synthesized'
Info: No waiver waived any violations
Info (22360): Design Assistant Results: 12 of 13 enabled rules passed, and 7 rules was disabled, in snapshot 'synthesized'
Info (21661): Design Assistant Results: 0 of 1 High severity rules issued violations in snapshot 'synthesized'
Info (21621): Design Assistant Results: 1 of 6 Medium severity rules issued violations in snapshot 'synthesized'. Please refer to DRC report '/data/work/rio-synthesis/cam-shared-fifo-20260909/pe5-v64-c1024-q256-replay-quartus/output_files/pifo.drc.synthesized.rpt' for more information
Info (21622): Design Assistant Results: 0 of 6 Low severity rules issued violations in snapshot 'synthesized'
Info: Quartus Prime Synthesis was successful. 0 errors, 31 warnings
    Info: Peak virtual memory: 3188 megabytes
    Info: Processing ended: Wed Sep  9 12:27:14 2026
    Info: Elapsed time: 00:01:54
    Info: System process ID: 707049
