
****** Vivado v2025.2 (64-bit)
  **** SW Build 6299465 on Fri Nov 14 12:34:56 MST 2025
  **** IP Build 6300035 on Fri Nov 14 10:48:45 MST 2025
  **** SharedData Build 6298862 on Thu Nov 13 04:50:51 MST 2025
  **** Start of session at: Sun Sep  6 21:54:46 2026
    ** Copyright 1986-2022 Xilinx, Inc. All Rights Reserved.
    ** Copyright 2022-2025 Advanced Micro Devices, Inc. All Rights Reserved.

source /home/zg366/packet-scheduling/pifo-hardware/synthesis/vivado_synth.tcl
# if {$argc < 5 || $argc > 6} {
#     error {Expected BUILD_DIR PART THREADS CLOCK_PERIOD_NS PREPARE_ONLY [DIRECTIVE]}
# }
# lassign $argv build_dir part threads period prepare_only directive
# if {$directive eq ""} { set directive default }
# set build_dir [file normalize $build_dir]
# set rtl_dir [file join $build_dir rtl]
# set report_dir [file join $build_dir reports]
# file mkdir $report_dir
# if {[llength [get_parts -quiet $part]] != 1} {
#     error "Target part is not installed: $part"
# }
# puts "PIFO_VIVADO_VERSION: [version -short]"
PIFO_VIVADO_VERSION: 2025.2
# puts "PIFO_VIVADO_PART: $part"
PIFO_VIVADO_PART: xcku5p-ffvb676-2-e
# set_param general.maxThreads $threads
# create_project -in_memory -part $part
# cd $rtl_dir
# read_verilog -sv [glob -directory $rtl_dir *.v *.sv]
# set xdc [file join $build_dir pifo.xdc]
# set constraints [open $xdc w]
# puts $constraints "create_clock -name clk -period $period \[get_ports clk\]"
# puts $constraints {set_false_path -from [get_ports reset]}
# close $constraints
# read_xdc $xdc
# if {$prepare_only} {
#     puts "PIFO_PREPARED: $build_dir"
#     exit 0
# }
# synth_design -top PifoMesh -part $part -mode out_of_context -flatten_hierarchy rebuilt -directive $directive
Command: synth_design -top PifoMesh -part xcku5p-ffvb676-2-e -mode out_of_context -flatten_hierarchy rebuilt -directive RuntimeOptimized
Starting synth_design
Attempting to get a license for feature 'Synthesis' and/or device 'xcku5p'
INFO: [Common 17-349] Got license for feature 'Synthesis' and/or device 'xcku5p'
INFO: [Device 21-403] Loading part xcku5p-ffvb676-2-e
INFO: [Synth 8-7079] Multithreading enabled for synth_design using a maximum of 7 processes.
INFO: [Synth 8-7078] Launching helper process for spawning children vivado processes
INFO: [Synth 8-7075] Helper process launched with PID 258610
---------------------------------------------------------------------------------
Starting RTL Elaboration : Time (s): cpu = 00:00:04 ; elapsed = 00:00:05 . Memory (MB): peak = 2833.684 ; gain = 181.688 ; free physical = 161741 ; free virtual = 182842
---------------------------------------------------------------------------------
INFO: [Synth 8-6157] synthesizing module 'PifoMesh' [/data/work/rio-synthesis/hardware-overhead/pe5-v1024-c1024-dynamic-vivado/rtl/PifoMesh.v:7]
INFO: [Synth 8-6157] synthesizing module 'MessageCrossBar' [/data/work/rio-synthesis/hardware-overhead/pe5-v1024-c1024-dynamic-vivado/rtl/PifoMesh.v:6003]
INFO: [Synth 8-6157] synthesizing module 'StreamFifoLowLatency' [/data/work/rio-synthesis/hardware-overhead/pe5-v1024-c1024-dynamic-vivado/rtl/PifoMesh.v:195593]
INFO: [Synth 8-6157] synthesizing module 'StreamFifo' [/data/work/rio-synthesis/hardware-overhead/pe5-v1024-c1024-dynamic-vivado/rtl/PifoMesh.v:197838]
INFO: [Synth 8-6155] done synthesizing module 'StreamFifo' (0#1) [/data/work/rio-synthesis/hardware-overhead/pe5-v1024-c1024-dynamic-vivado/rtl/PifoMesh.v:197838]
INFO: [Synth 8-6155] done synthesizing module 'StreamFifoLowLatency' (0#1) [/data/work/rio-synthesis/hardware-overhead/pe5-v1024-c1024-dynamic-vivado/rtl/PifoMesh.v:195593]
INFO: [Synth 8-6157] synthesizing module 'StreamDemux' [/data/work/rio-synthesis/hardware-overhead/pe5-v1024-c1024-dynamic-vivado/rtl/PifoMesh.v:195463]
INFO: [Synth 8-6155] done synthesizing module 'StreamDemux' (0#1) [/data/work/rio-synthesis/hardware-overhead/pe5-v1024-c1024-dynamic-vivado/rtl/PifoMesh.v:195463]
INFO: [Synth 8-6157] synthesizing module 'StreamArbiter' [/data/work/rio-synthesis/hardware-overhead/pe5-v1024-c1024-dynamic-vivado/rtl/PifoMesh.v:195281]
INFO: [Synth 8-6155] done synthesizing module 'StreamArbiter' (0#1) [/data/work/rio-synthesis/hardware-overhead/pe5-v1024-c1024-dynamic-vivado/rtl/PifoMesh.v:195281]
INFO: [Synth 8-6155] done synthesizing module 'MessageCrossBar' (0#1) [/data/work/rio-synthesis/hardware-overhead/pe5-v1024-c1024-dynamic-vivado/rtl/PifoMesh.v:6003]
INFO: [Synth 8-6157] synthesizing module 'PifoEngine' [/data/work/rio-synthesis/hardware-overhead/pe5-v1024-c1024-dynamic-vivado/rtl/PifoMesh.v:5204]
INFO: [Synth 8-6157] synthesizing module 'ConcurrentPifoRTL' [/data/work/rio-synthesis/hardware-overhead/pe5-v1024-c1024-dynamic-vivado/rtl/PifoMesh.v:67337]
INFO: [Synth 8-6157] synthesizing module 'priority_encode_log' [/data/work/rio-synthesis/hardware-overhead/pe5-v1024-c1024-dynamic-vivado/rtl/priority_encode_log.v:1]
	Parameter width bound to: 1024 - type: integer 
	Parameter log_width bound to: 10 - type: integer 
INFO: [Synth 8-6155] done synthesizing module 'priority_encode_log' (0#1) [/data/work/rio-synthesis/hardware-overhead/pe5-v1024-c1024-dynamic-vivado/rtl/priority_encode_log.v:1]
INFO: [Synth 8-6155] done synthesizing module 'ConcurrentPifoRTL' (0#1) [/data/work/rio-synthesis/hardware-overhead/pe5-v1024-c1024-dynamic-vivado/rtl/PifoMesh.v:67337]
INFO: [Synth 8-6157] synthesizing module 'TransactionalMapper' [/data/work/rio-synthesis/hardware-overhead/pe5-v1024-c1024-dynamic-vivado/rtl/PifoMesh.v:67187]
INFO: [Synth 8-3876] $readmem data file 'PifoMesh.v_toplevel_pifoEngines_0_enque_enqueMapper_banks_0.bin' is read successfully [/data/work/rio-synthesis/hardware-overhead/pe5-v1024-c1024-dynamic-vivado/rtl/PifoMesh.v:67241]
INFO: [Synth 8-3876] $readmem data file 'PifoMesh.v_toplevel_pifoEngines_0_enque_enqueMapper_banks_1.bin' is read successfully [/data/work/rio-synthesis/hardware-overhead/pe5-v1024-c1024-dynamic-vivado/rtl/PifoMesh.v:67262]
INFO: [Synth 8-6155] done synthesizing module 'TransactionalMapper' (0#1) [/data/work/rio-synthesis/hardware-overhead/pe5-v1024-c1024-dynamic-vivado/rtl/PifoMesh.v:67187]
INFO: [Synth 8-6157] synthesizing module 'StreamFifoLowLatency_13' [/data/work/rio-synthesis/hardware-overhead/pe5-v1024-c1024-dynamic-vivado/rtl/PifoMesh.v:67140]
INFO: [Synth 8-6157] synthesizing module 'StreamFifo_6' [/data/work/rio-synthesis/hardware-overhead/pe5-v1024-c1024-dynamic-vivado/rtl/PifoMesh.v:197683]
INFO: [Synth 8-6155] done synthesizing module 'StreamFifo_6' (0#1) [/data/work/rio-synthesis/hardware-overhead/pe5-v1024-c1024-dynamic-vivado/rtl/PifoMesh.v:197683]
INFO: [Synth 8-6155] done synthesizing module 'StreamFifoLowLatency_13' (0#1) [/data/work/rio-synthesis/hardware-overhead/pe5-v1024-c1024-dynamic-vivado/rtl/PifoMesh.v:67140]
INFO: [Synth 8-6157] synthesizing module 'PIFOBrain' [/data/work/rio-synthesis/hardware-overhead/pe5-v1024-c1024-dynamic-vivado/rtl/PifoMesh.v:66077]
INFO: [Synth 8-6157] synthesizing module 'StreamFork' [/data/work/rio-synthesis/hardware-overhead/pe5-v1024-c1024-dynamic-vivado/rtl/PifoMesh.v:197558]
INFO: [Synth 8-6155] done synthesizing module 'StreamFork' (0#1) [/data/work/rio-synthesis/hardware-overhead/pe5-v1024-c1024-dynamic-vivado/rtl/PifoMesh.v:197558]
INFO: [Synth 8-6157] synthesizing module 'Mapper' [/data/work/rio-synthesis/hardware-overhead/pe5-v1024-c1024-dynamic-vivado/rtl/PifoMesh.v:197505]
INFO: [Synth 8-3876] $readmem data file 'PifoMesh.v_toplevel_pifoEngines_0_enque_brain_engineMapper_ram.bin' is read successfully [/data/work/rio-synthesis/hardware-overhead/pe5-v1024-c1024-dynamic-vivado/rtl/PifoMesh.v:197528]
INFO: [Synth 8-6155] done synthesizing module 'Mapper' (0#1) [/data/work/rio-synthesis/hardware-overhead/pe5-v1024-c1024-dynamic-vivado/rtl/PifoMesh.v:197505]
INFO: [Synth 8-6157] synthesizing module 'Mapper_1' [/data/work/rio-synthesis/hardware-overhead/pe5-v1024-c1024-dynamic-vivado/rtl/PifoMesh.v:197452]
INFO: [Synth 8-3876] $readmem data file 'PifoMesh.v_toplevel_pifoEngines_0_enque_brain_lastVirtualMapper_ram.bin' is read successfully [/data/work/rio-synthesis/hardware-overhead/pe5-v1024-c1024-dynamic-vivado/rtl/PifoMesh.v:197475]
INFO: [Synth 8-6155] done synthesizing module 'Mapper_1' (0#1) [/data/work/rio-synthesis/hardware-overhead/pe5-v1024-c1024-dynamic-vivado/rtl/PifoMesh.v:197452]
INFO: [Synth 8-6157] synthesizing module 'Mapper_2' [/data/work/rio-synthesis/hardware-overhead/pe5-v1024-c1024-dynamic-vivado/rtl/PifoMesh.v:197399]
INFO: [Synth 8-3876] $readmem data file 'PifoMesh.v_toplevel_pifoEngines_0_enque_brain_engineCAM_ram.bin' is read successfully [/data/work/rio-synthesis/hardware-overhead/pe5-v1024-c1024-dynamic-vivado/rtl/PifoMesh.v:197422]
INFO: [Synth 8-6155] done synthesizing module 'Mapper_2' (0#1) [/data/work/rio-synthesis/hardware-overhead/pe5-v1024-c1024-dynamic-vivado/rtl/PifoMesh.v:197399]
INFO: [Synth 8-6157] synthesizing module 'StreamFifoLowLatency_6' [/data/work/rio-synthesis/hardware-overhead/pe5-v1024-c1024-dynamic-vivado/rtl/PifoMesh.v:197352]
INFO: [Synth 8-6157] synthesizing module 'StreamFifo_7' [/data/work/rio-synthesis/hardware-overhead/pe5-v1024-c1024-dynamic-vivado/rtl/PifoMesh.v:198689]
INFO: [Synth 8-6155] done synthesizing module 'StreamFifo_7' (0#1) [/data/work/rio-synthesis/hardware-overhead/pe5-v1024-c1024-dynamic-vivado/rtl/PifoMesh.v:198689]
INFO: [Synth 8-6155] done synthesizing module 'StreamFifoLowLatency_6' (0#1) [/data/work/rio-synthesis/hardware-overhead/pe5-v1024-c1024-dynamic-vivado/rtl/PifoMesh.v:197352]
INFO: [Synth 8-6157] synthesizing module 'StreamArbiter_6' [/data/work/rio-synthesis/hardware-overhead/pe5-v1024-c1024-dynamic-vivado/rtl/PifoMesh.v:197281]
INFO: [Synth 8-6155] done synthesizing module 'StreamArbiter_6' (0#1) [/data/work/rio-synthesis/hardware-overhead/pe5-v1024-c1024-dynamic-vivado/rtl/PifoMesh.v:197281]
INFO: [Synth 8-6157] synthesizing module 'Mapper_3' [/data/work/rio-synthesis/hardware-overhead/pe5-v1024-c1024-dynamic-vivado/rtl/PifoMesh.v:197228]
INFO: [Synth 8-3876] $readmem data file 'PifoMesh.v_toplevel_pifoEngines_0_enque_brain_brainStateMem_ram.bin' is read successfully [/data/work/rio-synthesis/hardware-overhead/pe5-v1024-c1024-dynamic-vivado/rtl/PifoMesh.v:197251]
INFO: [Synth 8-6155] done synthesizing module 'Mapper_3' (0#1) [/data/work/rio-synthesis/hardware-overhead/pe5-v1024-c1024-dynamic-vivado/rtl/PifoMesh.v:197228]
INFO: [Synth 8-6157] synthesizing module 'StreamFifoLowLatency_7' [/data/work/rio-synthesis/hardware-overhead/pe5-v1024-c1024-dynamic-vivado/rtl/PifoMesh.v:197181]
INFO: [Synth 8-6157] synthesizing module 'StreamFifo_8' [/data/work/rio-synthesis/hardware-overhead/pe5-v1024-c1024-dynamic-vivado/rtl/PifoMesh.v:198544]
INFO: [Synth 8-6155] done synthesizing module 'StreamFifo_8' (0#1) [/data/work/rio-synthesis/hardware-overhead/pe5-v1024-c1024-dynamic-vivado/rtl/PifoMesh.v:198544]
INFO: [Synth 8-6155] done synthesizing module 'StreamFifoLowLatency_7' (0#1) [/data/work/rio-synthesis/hardware-overhead/pe5-v1024-c1024-dynamic-vivado/rtl/PifoMesh.v:197181]
INFO: [Synth 8-6157] synthesizing module 'StreamArbiter_7' [/data/work/rio-synthesis/hardware-overhead/pe5-v1024-c1024-dynamic-vivado/rtl/PifoMesh.v:197110]
INFO: [Synth 8-6155] done synthesizing module 'StreamArbiter_7' (0#1) [/data/work/rio-synthesis/hardware-overhead/pe5-v1024-c1024-dynamic-vivado/rtl/PifoMesh.v:197110]
INFO: [Synth 8-6157] synthesizing module 'StreamFork_1' [/data/work/rio-synthesis/hardware-overhead/pe5-v1024-c1024-dynamic-vivado/rtl/PifoMesh.v:196939]
INFO: [Synth 8-6155] done synthesizing module 'StreamFork_1' (0#1) [/data/work/rio-synthesis/hardware-overhead/pe5-v1024-c1024-dynamic-vivado/rtl/PifoMesh.v:196939]
INFO: [Synth 8-6157] synthesizing module 'StreamFifoLowLatency_8' [/data/work/rio-synthesis/hardware-overhead/pe5-v1024-c1024-dynamic-vivado/rtl/PifoMesh.v:196898]
INFO: [Synth 8-6157] synthesizing module 'StreamFifo_9' [/data/work/rio-synthesis/hardware-overhead/pe5-v1024-c1024-dynamic-vivado/rtl/PifoMesh.v:198416]
INFO: [Synth 8-6155] done synthesizing module 'StreamFifo_9' (0#1) [/data/work/rio-synthesis/hardware-overhead/pe5-v1024-c1024-dynamic-vivado/rtl/PifoMesh.v:198416]
INFO: [Synth 8-6155] done synthesizing module 'StreamFifoLowLatency_8' (0#1) [/data/work/rio-synthesis/hardware-overhead/pe5-v1024-c1024-dynamic-vivado/rtl/PifoMesh.v:196898]
INFO: [Synth 8-6157] synthesizing module 'StreamFifoLowLatency_9' [/data/work/rio-synthesis/hardware-overhead/pe5-v1024-c1024-dynamic-vivado/rtl/PifoMesh.v:196857]
INFO: [Synth 8-6157] synthesizing module 'StreamFifo_10' [/data/work/rio-synthesis/hardware-overhead/pe5-v1024-c1024-dynamic-vivado/rtl/PifoMesh.v:198288]
INFO: [Synth 8-6155] done synthesizing module 'StreamFifo_10' (0#1) [/data/work/rio-synthesis/hardware-overhead/pe5-v1024-c1024-dynamic-vivado/rtl/PifoMesh.v:198288]
INFO: [Synth 8-6155] done synthesizing module 'StreamFifoLowLatency_9' (0#1) [/data/work/rio-synthesis/hardware-overhead/pe5-v1024-c1024-dynamic-vivado/rtl/PifoMesh.v:196857]
INFO: [Synth 8-6157] synthesizing module 'StreamFifoLowLatency_11' [/data/work/rio-synthesis/hardware-overhead/pe5-v1024-c1024-dynamic-vivado/rtl/PifoMesh.v:196814]
INFO: [Synth 8-6157] synthesizing module 'StreamFifo_12' [/data/work/rio-synthesis/hardware-overhead/pe5-v1024-c1024-dynamic-vivado/rtl/PifoMesh.v:198158]
INFO: [Synth 8-6155] done synthesizing module 'StreamFifo_12' (0#1) [/data/work/rio-synthesis/hardware-overhead/pe5-v1024-c1024-dynamic-vivado/rtl/PifoMesh.v:198158]
INFO: [Synth 8-6155] done synthesizing module 'StreamFifoLowLatency_11' (0#1) [/data/work/rio-synthesis/hardware-overhead/pe5-v1024-c1024-dynamic-vivado/rtl/PifoMesh.v:196814]
INFO: [Synth 8-6157] synthesizing module 'StreamFifoLowLatency_12' [/data/work/rio-synthesis/hardware-overhead/pe5-v1024-c1024-dynamic-vivado/rtl/PifoMesh.v:196767]
INFO: [Synth 8-6157] synthesizing module 'StreamFifo_13' [/data/work/rio-synthesis/hardware-overhead/pe5-v1024-c1024-dynamic-vivado/rtl/PifoMesh.v:198013]
INFO: [Synth 8-6155] done synthesizing module 'StreamFifo_13' (0#1) [/data/work/rio-synthesis/hardware-overhead/pe5-v1024-c1024-dynamic-vivado/rtl/PifoMesh.v:198013]
INFO: [Synth 8-6155] done synthesizing module 'StreamFifoLowLatency_12' (0#1) [/data/work/rio-synthesis/hardware-overhead/pe5-v1024-c1024-dynamic-vivado/rtl/PifoMesh.v:196767]
INFO: [Synth 8-6155] done synthesizing module 'PIFOBrain' (0#1) [/data/work/rio-synthesis/hardware-overhead/pe5-v1024-c1024-dynamic-vivado/rtl/PifoMesh.v:66077]
INFO: [Synth 8-6157] synthesizing module 'TransactionalMapper_1' [/data/work/rio-synthesis/hardware-overhead/pe5-v1024-c1024-dynamic-vivado/rtl/PifoMesh.v:65927]
INFO: [Synth 8-3876] $readmem data file 'PifoMesh.v_toplevel_pifoEngines_0_deque_dequeMapper_banks_0.bin' is read successfully [/data/work/rio-synthesis/hardware-overhead/pe5-v1024-c1024-dynamic-vivado/rtl/PifoMesh.v:65981]
INFO: [Synth 8-3876] $readmem data file 'PifoMesh.v_toplevel_pifoEngines_0_deque_dequeMapper_banks_1.bin' is read successfully [/data/work/rio-synthesis/hardware-overhead/pe5-v1024-c1024-dynamic-vivado/rtl/PifoMesh.v:66002]
INFO: [Synth 8-6155] done synthesizing module 'TransactionalMapper_1' (0#1) [/data/work/rio-synthesis/hardware-overhead/pe5-v1024-c1024-dynamic-vivado/rtl/PifoMesh.v:65927]
INFO: [Synth 8-6157] synthesizing module 'FrontRewriteTable' [/data/work/rio-synthesis/hardware-overhead/pe5-v1024-c1024-dynamic-vivado/rtl/PifoMesh.v:12587]
INFO: [Synth 8-6155] done synthesizing module 'FrontRewriteTable' (0#1) [/data/work/rio-synthesis/hardware-overhead/pe5-v1024-c1024-dynamic-vivado/rtl/PifoMesh.v:12587]
INFO: [Synth 8-6157] synthesizing module 'StreamFork_2' [/data/work/rio-synthesis/hardware-overhead/pe5-v1024-c1024-dynamic-vivado/rtl/PifoMesh.v:12488]
INFO: [Synth 8-6155] done synthesizing module 'StreamFork_2' (0#1) [/data/work/rio-synthesis/hardware-overhead/pe5-v1024-c1024-dynamic-vivado/rtl/PifoMesh.v:12488]
INFO: [Synth 8-6157] synthesizing module 'StreamFifoLowLatency_14' [/data/work/rio-synthesis/hardware-overhead/pe5-v1024-c1024-dynamic-vivado/rtl/PifoMesh.v:12429]
INFO: [Synth 8-6157] synthesizing module 'StreamFifo_14' [/data/work/rio-synthesis/hardware-overhead/pe5-v1024-c1024-dynamic-vivado/rtl/PifoMesh.v:196592]
INFO: [Synth 8-6155] done synthesizing module 'StreamFifo_14' (0#1) [/data/work/rio-synthesis/hardware-overhead/pe5-v1024-c1024-dynamic-vivado/rtl/PifoMesh.v:196592]
INFO: [Synth 8-6155] done synthesizing module 'StreamFifoLowLatency_14' (0#1) [/data/work/rio-synthesis/hardware-overhead/pe5-v1024-c1024-dynamic-vivado/rtl/PifoMesh.v:12429]
INFO: [Synth 8-6155] done synthesizing module 'PifoEngine' (0#1) [/data/work/rio-synthesis/hardware-overhead/pe5-v1024-c1024-dynamic-vivado/rtl/PifoMesh.v:5204]
INFO: [Synth 8-6157] synthesizing module 'PifoEngine_1' [/data/work/rio-synthesis/hardware-overhead/pe5-v1024-c1024-dynamic-vivado/rtl/PifoMesh.v:4405]
INFO: [Synth 8-6157] synthesizing module 'TransactionalMapper_2' [/data/work/rio-synthesis/hardware-overhead/pe5-v1024-c1024-dynamic-vivado/rtl/PifoMesh.v:12275]
INFO: [Synth 8-3876] $readmem data file 'PifoMesh.v_toplevel_pifoEngines_1_enque_enqueMapper_banks_0.bin' is read successfully [/data/work/rio-synthesis/hardware-overhead/pe5-v1024-c1024-dynamic-vivado/rtl/PifoMesh.v:12329]
INFO: [Synth 8-3876] $readmem data file 'PifoMesh.v_toplevel_pifoEngines_1_enque_enqueMapper_banks_1.bin' is read successfully [/data/work/rio-synthesis/hardware-overhead/pe5-v1024-c1024-dynamic-vivado/rtl/PifoMesh.v:12350]
INFO: [Synth 8-6155] done synthesizing module 'TransactionalMapper_2' (0#1) [/data/work/rio-synthesis/hardware-overhead/pe5-v1024-c1024-dynamic-vivado/rtl/PifoMesh.v:12275]
INFO: [Synth 8-6157] synthesizing module 'PIFOBrain_1' [/data/work/rio-synthesis/hardware-overhead/pe5-v1024-c1024-dynamic-vivado/rtl/PifoMesh.v:11210]
INFO: [Synth 8-6157] synthesizing module 'Mapper_4' [/data/work/rio-synthesis/hardware-overhead/pe5-v1024-c1024-dynamic-vivado/rtl/PifoMesh.v:196535]
INFO: [Synth 8-3876] $readmem data file 'PifoMesh.v_toplevel_pifoEngines_1_enque_brain_engineMapper_ram.bin' is read successfully [/data/work/rio-synthesis/hardware-overhead/pe5-v1024-c1024-dynamic-vivado/rtl/PifoMesh.v:196558]
INFO: [Synth 8-6155] done synthesizing module 'Mapper_4' (0#1) [/data/work/rio-synthesis/hardware-overhead/pe5-v1024-c1024-dynamic-vivado/rtl/PifoMesh.v:196535]
INFO: [Synth 8-6157] synthesizing module 'Mapper_5' [/data/work/rio-synthesis/hardware-overhead/pe5-v1024-c1024-dynamic-vivado/rtl/PifoMesh.v:196482]
INFO: [Synth 8-3876] $readmem data file 'PifoMesh.v_toplevel_pifoEngines_1_enque_brain_lastVirtualMapper_ram.bin' is read successfully [/data/work/rio-synthesis/hardware-overhead/pe5-v1024-c1024-dynamic-vivado/rtl/PifoMesh.v:196505]
INFO: [Synth 8-6155] done synthesizing module 'Mapper_5' (0#1) [/data/work/rio-synthesis/hardware-overhead/pe5-v1024-c1024-dynamic-vivado/rtl/PifoMesh.v:196482]
INFO: [Synth 8-6157] synthesizing module 'Mapper_6' [/data/work/rio-synthesis/hardware-overhead/pe5-v1024-c1024-dynamic-vivado/rtl/PifoMesh.v:196429]
INFO: [Synth 8-3876] $readmem data file 'PifoMesh.v_toplevel_pifoEngines_1_enque_brain_engineCAM_ram.bin' is read successfully [/data/work/rio-synthesis/hardware-overhead/pe5-v1024-c1024-dynamic-vivado/rtl/PifoMesh.v:196452]
INFO: [Synth 8-6155] done synthesizing module 'Mapper_6' (0#1) [/data/work/rio-synthesis/hardware-overhead/pe5-v1024-c1024-dynamic-vivado/rtl/PifoMesh.v:196429]
INFO: [Synth 8-6157] synthesizing module 'Mapper_7' [/data/work/rio-synthesis/hardware-overhead/pe5-v1024-c1024-dynamic-vivado/rtl/PifoMesh.v:196372]
INFO: [Synth 8-3876] $readmem data file 'PifoMesh.v_toplevel_pifoEngines_1_enque_brain_brainStateMem_ram.bin' is read successfully [/data/work/rio-synthesis/hardware-overhead/pe5-v1024-c1024-dynamic-vivado/rtl/PifoMesh.v:196395]
INFO: [Synth 8-6155] done synthesizing module 'Mapper_7' (0#1) [/data/work/rio-synthesis/hardware-overhead/pe5-v1024-c1024-dynamic-vivado/rtl/PifoMesh.v:196372]
INFO: [Synth 8-6155] done synthesizing module 'PIFOBrain_1' (0#1) [/data/work/rio-synthesis/hardware-overhead/pe5-v1024-c1024-dynamic-vivado/rtl/PifoMesh.v:11210]
INFO: [Synth 8-6157] synthesizing module 'TransactionalMapper_3' [/data/work/rio-synthesis/hardware-overhead/pe5-v1024-c1024-dynamic-vivado/rtl/PifoMesh.v:11060]
INFO: [Synth 8-3876] $readmem data file 'PifoMesh.v_toplevel_pifoEngines_1_deque_dequeMapper_banks_0.bin' is read successfully [/data/work/rio-synthesis/hardware-overhead/pe5-v1024-c1024-dynamic-vivado/rtl/PifoMesh.v:11114]
INFO: [Synth 8-3876] $readmem data file 'PifoMesh.v_toplevel_pifoEngines_1_deque_dequeMapper_banks_1.bin' is read successfully [/data/work/rio-synthesis/hardware-overhead/pe5-v1024-c1024-dynamic-vivado/rtl/PifoMesh.v:11135]
INFO: [Synth 8-6155] done synthesizing module 'TransactionalMapper_3' (0#1) [/data/work/rio-synthesis/hardware-overhead/pe5-v1024-c1024-dynamic-vivado/rtl/PifoMesh.v:11060]
INFO: [Synth 8-6155] done synthesizing module 'PifoEngine_1' (0#1) [/data/work/rio-synthesis/hardware-overhead/pe5-v1024-c1024-dynamic-vivado/rtl/PifoMesh.v:4405]
INFO: [Synth 8-6157] synthesizing module 'PifoEngine_2' [/data/work/rio-synthesis/hardware-overhead/pe5-v1024-c1024-dynamic-vivado/rtl/PifoMesh.v:3606]
INFO: [Synth 8-6157] synthesizing module 'TransactionalMapper_4' [/data/work/rio-synthesis/hardware-overhead/pe5-v1024-c1024-dynamic-vivado/rtl/PifoMesh.v:10900]
INFO: [Synth 8-3876] $readmem data file 'PifoMesh.v_toplevel_pifoEngines_2_enque_enqueMapper_banks_0.bin' is read successfully [/data/work/rio-synthesis/hardware-overhead/pe5-v1024-c1024-dynamic-vivado/rtl/PifoMesh.v:10954]
INFO: [Synth 8-3876] $readmem data file 'PifoMesh.v_toplevel_pifoEngines_2_enque_enqueMapper_banks_1.bin' is read successfully [/data/work/rio-synthesis/hardware-overhead/pe5-v1024-c1024-dynamic-vivado/rtl/PifoMesh.v:10975]
INFO: [Synth 8-6155] done synthesizing module 'TransactionalMapper_4' (0#1) [/data/work/rio-synthesis/hardware-overhead/pe5-v1024-c1024-dynamic-vivado/rtl/PifoMesh.v:10900]
INFO: [Synth 8-6157] synthesizing module 'PIFOBrain_2' [/data/work/rio-synthesis/hardware-overhead/pe5-v1024-c1024-dynamic-vivado/rtl/PifoMesh.v:9835]
INFO: [Synth 8-6157] synthesizing module 'Mapper_8' [/data/work/rio-synthesis/hardware-overhead/pe5-v1024-c1024-dynamic-vivado/rtl/PifoMesh.v:196297]
INFO: [Synth 8-3876] $readmem data file 'PifoMesh.v_toplevel_pifoEngines_2_enque_brain_engineMapper_ram.bin' is read successfully [/data/work/rio-synthesis/hardware-overhead/pe5-v1024-c1024-dynamic-vivado/rtl/PifoMesh.v:196320]
INFO: [Synth 8-6155] done synthesizing module 'Mapper_8' (0#1) [/data/work/rio-synthesis/hardware-overhead/pe5-v1024-c1024-dynamic-vivado/rtl/PifoMesh.v:196297]
INFO: [Synth 8-6157] synthesizing module 'Mapper_9' [/data/work/rio-synthesis/hardware-overhead/pe5-v1024-c1024-dynamic-vivado/rtl/PifoMesh.v:196244]
INFO: [Synth 8-3876] $readmem data file 'PifoMesh.v_toplevel_pifoEngines_2_enque_brain_lastVirtualMapper_ram.bin' is read successfully [/data/work/rio-synthesis/hardware-overhead/pe5-v1024-c1024-dynamic-vivado/rtl/PifoMesh.v:196267]
INFO: [Synth 8-6155] done synthesizing module 'Mapper_9' (0#1) [/data/work/rio-synthesis/hardware-overhead/pe5-v1024-c1024-dynamic-vivado/rtl/PifoMesh.v:196244]
INFO: [Synth 8-6157] synthesizing module 'Mapper_10' [/data/work/rio-synthesis/hardware-overhead/pe5-v1024-c1024-dynamic-vivado/rtl/PifoMesh.v:196191]
INFO: [Synth 8-3876] $readmem data file 'PifoMesh.v_toplevel_pifoEngines_2_enque_brain_engineCAM_ram.bin' is read successfully [/data/work/rio-synthesis/hardware-overhead/pe5-v1024-c1024-dynamic-vivado/rtl/PifoMesh.v:196214]
INFO: [Synth 8-6155] done synthesizing module 'Mapper_10' (0#1) [/data/work/rio-synthesis/hardware-overhead/pe5-v1024-c1024-dynamic-vivado/rtl/PifoMesh.v:196191]
INFO: [Synth 8-6157] synthesizing module 'Mapper_11' [/data/work/rio-synthesis/hardware-overhead/pe5-v1024-c1024-dynamic-vivado/rtl/PifoMesh.v:196134]
INFO: [Synth 8-3876] $readmem data file 'PifoMesh.v_toplevel_pifoEngines_2_enque_brain_brainStateMem_ram.bin' is read successfully [/data/work/rio-synthesis/hardware-overhead/pe5-v1024-c1024-dynamic-vivado/rtl/PifoMesh.v:196157]
INFO: [Synth 8-6155] done synthesizing module 'Mapper_11' (0#1) [/data/work/rio-synthesis/hardware-overhead/pe5-v1024-c1024-dynamic-vivado/rtl/PifoMesh.v:196134]
INFO: [Synth 8-6155] done synthesizing module 'PIFOBrain_2' (0#1) [/data/work/rio-synthesis/hardware-overhead/pe5-v1024-c1024-dynamic-vivado/rtl/PifoMesh.v:9835]
INFO: [Synth 8-6157] synthesizing module 'TransactionalMapper_5' [/data/work/rio-synthesis/hardware-overhead/pe5-v1024-c1024-dynamic-vivado/rtl/PifoMesh.v:9685]
INFO: [Synth 8-3876] $readmem data file 'PifoMesh.v_toplevel_pifoEngines_2_deque_dequeMapper_banks_0.bin' is read successfully [/data/work/rio-synthesis/hardware-overhead/pe5-v1024-c1024-dynamic-vivado/rtl/PifoMesh.v:9739]
INFO: [Synth 8-3876] $readmem data file 'PifoMesh.v_toplevel_pifoEngines_2_deque_dequeMapper_banks_1.bin' is read successfully [/data/work/rio-synthesis/hardware-overhead/pe5-v1024-c1024-dynamic-vivado/rtl/PifoMesh.v:9760]
INFO: [Synth 8-6155] done synthesizing module 'TransactionalMapper_5' (0#1) [/data/work/rio-synthesis/hardware-overhead/pe5-v1024-c1024-dynamic-vivado/rtl/PifoMesh.v:9685]
INFO: [Synth 8-6155] done synthesizing module 'PifoEngine_2' (0#1) [/data/work/rio-synthesis/hardware-overhead/pe5-v1024-c1024-dynamic-vivado/rtl/PifoMesh.v:3606]
INFO: [Synth 8-6157] synthesizing module 'PifoEngine_3' [/data/work/rio-synthesis/hardware-overhead/pe5-v1024-c1024-dynamic-vivado/rtl/PifoMesh.v:2807]
INFO: [Synth 8-6157] synthesizing module 'TransactionalMapper_6' [/data/work/rio-synthesis/hardware-overhead/pe5-v1024-c1024-dynamic-vivado/rtl/PifoMesh.v:9525]
INFO: [Synth 8-3876] $readmem data file 'PifoMesh.v_toplevel_pifoEngines_3_enque_enqueMapper_banks_0.bin' is read successfully [/data/work/rio-synthesis/hardware-overhead/pe5-v1024-c1024-dynamic-vivado/rtl/PifoMesh.v:9579]
INFO: [Synth 8-3876] $readmem data file 'PifoMesh.v_toplevel_pifoEngines_3_enque_enqueMapper_banks_1.bin' is read successfully [/data/work/rio-synthesis/hardware-overhead/pe5-v1024-c1024-dynamic-vivado/rtl/PifoMesh.v:9600]
INFO: [Synth 8-6155] done synthesizing module 'TransactionalMapper_6' (0#1) [/data/work/rio-synthesis/hardware-overhead/pe5-v1024-c1024-dynamic-vivado/rtl/PifoMesh.v:9525]
INFO: [Synth 8-6157] synthesizing module 'PIFOBrain_3' [/data/work/rio-synthesis/hardware-overhead/pe5-v1024-c1024-dynamic-vivado/rtl/PifoMesh.v:8460]
INFO: [Synth 8-6157] synthesizing module 'Mapper_12' [/data/work/rio-synthesis/hardware-overhead/pe5-v1024-c1024-dynamic-vivado/rtl/PifoMesh.v:196059]
INFO: [Synth 8-3876] $readmem data file 'PifoMesh.v_toplevel_pifoEngines_3_enque_brain_engineMapper_ram.bin' is read successfully [/data/work/rio-synthesis/hardware-overhead/pe5-v1024-c1024-dynamic-vivado/rtl/PifoMesh.v:196082]
INFO: [Synth 8-6155] done synthesizing module 'Mapper_12' (0#1) [/data/work/rio-synthesis/hardware-overhead/pe5-v1024-c1024-dynamic-vivado/rtl/PifoMesh.v:196059]
INFO: [Synth 8-6157] synthesizing module 'Mapper_13' [/data/work/rio-synthesis/hardware-overhead/pe5-v1024-c1024-dynamic-vivado/rtl/PifoMesh.v:196006]
INFO: [Synth 8-3876] $readmem data file 'PifoMesh.v_toplevel_pifoEngines_3_enque_brain_lastVirtualMapper_ram.bin' is read successfully [/data/work/rio-synthesis/hardware-overhead/pe5-v1024-c1024-dynamic-vivado/rtl/PifoMesh.v:196029]
INFO: [Synth 8-6155] done synthesizing module 'Mapper_13' (0#1) [/data/work/rio-synthesis/hardware-overhead/pe5-v1024-c1024-dynamic-vivado/rtl/PifoMesh.v:196006]
INFO: [Synth 8-6157] synthesizing module 'Mapper_14' [/data/work/rio-synthesis/hardware-overhead/pe5-v1024-c1024-dynamic-vivado/rtl/PifoMesh.v:195953]
INFO: [Synth 8-3876] $readmem data file 'PifoMesh.v_toplevel_pifoEngines_3_enque_brain_engineCAM_ram.bin' is read successfully [/data/work/rio-synthesis/hardware-overhead/pe5-v1024-c1024-dynamic-vivado/rtl/PifoMesh.v:195976]
INFO: [Synth 8-6155] done synthesizing module 'Mapper_14' (0#1) [/data/work/rio-synthesis/hardware-overhead/pe5-v1024-c1024-dynamic-vivado/rtl/PifoMesh.v:195953]
INFO: [Synth 8-6157] synthesizing module 'Mapper_15' [/data/work/rio-synthesis/hardware-overhead/pe5-v1024-c1024-dynamic-vivado/rtl/PifoMesh.v:195896]
INFO: [Synth 8-3876] $readmem data file 'PifoMesh.v_toplevel_pifoEngines_3_enque_brain_brainStateMem_ram.bin' is read successfully [/data/work/rio-synthesis/hardware-overhead/pe5-v1024-c1024-dynamic-vivado/rtl/PifoMesh.v:195919]
INFO: [Synth 8-6155] done synthesizing module 'Mapper_15' (0#1) [/data/work/rio-synthesis/hardware-overhead/pe5-v1024-c1024-dynamic-vivado/rtl/PifoMesh.v:195896]
INFO: [Synth 8-6155] done synthesizing module 'PIFOBrain_3' (0#1) [/data/work/rio-synthesis/hardware-overhead/pe5-v1024-c1024-dynamic-vivado/rtl/PifoMesh.v:8460]
INFO: [Synth 8-6157] synthesizing module 'TransactionalMapper_7' [/data/work/rio-synthesis/hardware-overhead/pe5-v1024-c1024-dynamic-vivado/rtl/PifoMesh.v:8310]
INFO: [Synth 8-3876] $readmem data file 'PifoMesh.v_toplevel_pifoEngines_3_deque_dequeMapper_banks_0.bin' is read successfully [/data/work/rio-synthesis/hardware-overhead/pe5-v1024-c1024-dynamic-vivado/rtl/PifoMesh.v:8364]
INFO: [Synth 8-3876] $readmem data file 'PifoMesh.v_toplevel_pifoEngines_3_deque_dequeMapper_banks_1.bin' is read successfully [/data/work/rio-synthesis/hardware-overhead/pe5-v1024-c1024-dynamic-vivado/rtl/PifoMesh.v:8385]
INFO: [Synth 8-6155] done synthesizing module 'TransactionalMapper_7' (0#1) [/data/work/rio-synthesis/hardware-overhead/pe5-v1024-c1024-dynamic-vivado/rtl/PifoMesh.v:8310]
INFO: [Synth 8-6155] done synthesizing module 'PifoEngine_3' (0#1) [/data/work/rio-synthesis/hardware-overhead/pe5-v1024-c1024-dynamic-vivado/rtl/PifoMesh.v:2807]
INFO: [Synth 8-6157] synthesizing module 'PifoEngine_4' [/data/work/rio-synthesis/hardware-overhead/pe5-v1024-c1024-dynamic-vivado/rtl/PifoMesh.v:2008]
INFO: [Synth 8-6157] synthesizing module 'TransactionalMapper_8' [/data/work/rio-synthesis/hardware-overhead/pe5-v1024-c1024-dynamic-vivado/rtl/PifoMesh.v:8150]
INFO: [Synth 8-3876] $readmem data file 'PifoMesh.v_toplevel_pifoEngines_4_enque_enqueMapper_banks_0.bin' is read successfully [/data/work/rio-synthesis/hardware-overhead/pe5-v1024-c1024-dynamic-vivado/rtl/PifoMesh.v:8204]
INFO: [Synth 8-3876] $readmem data file 'PifoMesh.v_toplevel_pifoEngines_4_enque_enqueMapper_banks_1.bin' is read successfully [/data/work/rio-synthesis/hardware-overhead/pe5-v1024-c1024-dynamic-vivado/rtl/PifoMesh.v:8225]
INFO: [Synth 8-6155] done synthesizing module 'TransactionalMapper_8' (0#1) [/data/work/rio-synthesis/hardware-overhead/pe5-v1024-c1024-dynamic-vivado/rtl/PifoMesh.v:8150]
INFO: [Synth 8-6157] synthesizing module 'PIFOBrain_4' [/data/work/rio-synthesis/hardware-overhead/pe5-v1024-c1024-dynamic-vivado/rtl/PifoMesh.v:7085]
INFO: [Synth 8-6157] synthesizing module 'Mapper_16' [/data/work/rio-synthesis/hardware-overhead/pe5-v1024-c1024-dynamic-vivado/rtl/PifoMesh.v:195821]
INFO: [Synth 8-3876] $readmem data file 'PifoMesh.v_toplevel_pifoEngines_4_enque_brain_engineMapper_ram.bin' is read successfully [/data/work/rio-synthesis/hardware-overhead/pe5-v1024-c1024-dynamic-vivado/rtl/PifoMesh.v:195844]
INFO: [Synth 8-6155] done synthesizing module 'Mapper_16' (0#1) [/data/work/rio-synthesis/hardware-overhead/pe5-v1024-c1024-dynamic-vivado/rtl/PifoMesh.v:195821]
INFO: [Synth 8-6157] synthesizing module 'Mapper_17' [/data/work/rio-synthesis/hardware-overhead/pe5-v1024-c1024-dynamic-vivado/rtl/PifoMesh.v:195768]
INFO: [Synth 8-3876] $readmem data file 'PifoMesh.v_toplevel_pifoEngines_4_enque_brain_lastVirtualMapper_ram.bin' is read successfully [/data/work/rio-synthesis/hardware-overhead/pe5-v1024-c1024-dynamic-vivado/rtl/PifoMesh.v:195791]
INFO: [Synth 8-6155] done synthesizing module 'Mapper_17' (0#1) [/data/work/rio-synthesis/hardware-overhead/pe5-v1024-c1024-dynamic-vivado/rtl/PifoMesh.v:195768]
INFO: [Synth 8-6157] synthesizing module 'Mapper_18' [/data/work/rio-synthesis/hardware-overhead/pe5-v1024-c1024-dynamic-vivado/rtl/PifoMesh.v:195715]
INFO: [Synth 8-3876] $readmem data file 'PifoMesh.v_toplevel_pifoEngines_4_enque_brain_engineCAM_ram.bin' is read successfully [/data/work/rio-synthesis/hardware-overhead/pe5-v1024-c1024-dynamic-vivado/rtl/PifoMesh.v:195738]
INFO: [Synth 8-6155] done synthesizing module 'Mapper_18' (0#1) [/data/work/rio-synthesis/hardware-overhead/pe5-v1024-c1024-dynamic-vivado/rtl/PifoMesh.v:195715]
INFO: [Synth 8-6157] synthesizing module 'Mapper_19' [/data/work/rio-synthesis/hardware-overhead/pe5-v1024-c1024-dynamic-vivado/rtl/PifoMesh.v:195658]
INFO: [Synth 8-3876] $readmem data file 'PifoMesh.v_toplevel_pifoEngines_4_enque_brain_brainStateMem_ram.bin' is read successfully [/data/work/rio-synthesis/hardware-overhead/pe5-v1024-c1024-dynamic-vivado/rtl/PifoMesh.v:195681]
INFO: [Synth 8-6155] done synthesizing module 'Mapper_19' (0#1) [/data/work/rio-synthesis/hardware-overhead/pe5-v1024-c1024-dynamic-vivado/rtl/PifoMesh.v:195658]
INFO: [Synth 8-6155] done synthesizing module 'PIFOBrain_4' (0#1) [/data/work/rio-synthesis/hardware-overhead/pe5-v1024-c1024-dynamic-vivado/rtl/PifoMesh.v:7085]
INFO: [Synth 8-6157] synthesizing module 'TransactionalMapper_9' [/data/work/rio-synthesis/hardware-overhead/pe5-v1024-c1024-dynamic-vivado/rtl/PifoMesh.v:6935]
INFO: [Synth 8-3876] $readmem data file 'PifoMesh.v_toplevel_pifoEngines_4_deque_dequeMapper_banks_0.bin' is read successfully [/data/work/rio-synthesis/hardware-overhead/pe5-v1024-c1024-dynamic-vivado/rtl/PifoMesh.v:6989]
INFO: [Synth 8-3876] $readmem data file 'PifoMesh.v_toplevel_pifoEngines_4_deque_dequeMapper_banks_1.bin' is read successfully [/data/work/rio-synthesis/hardware-overhead/pe5-v1024-c1024-dynamic-vivado/rtl/PifoMesh.v:7010]
INFO: [Synth 8-6155] done synthesizing module 'TransactionalMapper_9' (0#1) [/data/work/rio-synthesis/hardware-overhead/pe5-v1024-c1024-dynamic-vivado/rtl/PifoMesh.v:6935]
INFO: [Synth 8-6155] done synthesizing module 'PifoEngine_4' (0#1) [/data/work/rio-synthesis/hardware-overhead/pe5-v1024-c1024-dynamic-vivado/rtl/PifoMesh.v:2008]
INFO: [Synth 8-6157] synthesizing module 'StreamFifo_51' [/data/work/rio-synthesis/hardware-overhead/pe5-v1024-c1024-dynamic-vivado/rtl/PifoMesh.v:1702]
INFO: [Synth 8-6155] done synthesizing module 'StreamFifo_51' (0#1) [/data/work/rio-synthesis/hardware-overhead/pe5-v1024-c1024-dynamic-vivado/rtl/PifoMesh.v:1702]
INFO: [Synth 8-6157] synthesizing module 'StreamDemux_6' [/data/work/rio-synthesis/hardware-overhead/pe5-v1024-c1024-dynamic-vivado/rtl/PifoMesh.v:1467]
INFO: [Synth 8-6155] done synthesizing module 'StreamDemux_6' (0#1) [/data/work/rio-synthesis/hardware-overhead/pe5-v1024-c1024-dynamic-vivado/rtl/PifoMesh.v:1467]
INFO: [Synth 8-6157] synthesizing module 'StreamFork_20' [/data/work/rio-synthesis/hardware-overhead/pe5-v1024-c1024-dynamic-vivado/rtl/PifoMesh.v:1218]
INFO: [Synth 8-6155] done synthesizing module 'StreamFork_20' (0#1) [/data/work/rio-synthesis/hardware-overhead/pe5-v1024-c1024-dynamic-vivado/rtl/PifoMesh.v:1218]
INFO: [Synth 8-6157] synthesizing module 'StreamArbiter_16' [/data/work/rio-synthesis/hardware-overhead/pe5-v1024-c1024-dynamic-vivado/rtl/PifoMesh.v:1068]
INFO: [Synth 8-6155] done synthesizing module 'StreamArbiter_16' (0#1) [/data/work/rio-synthesis/hardware-overhead/pe5-v1024-c1024-dynamic-vivado/rtl/PifoMesh.v:1068]
INFO: [Synth 8-6155] done synthesizing module 'PifoMesh' (0#1) [/data/work/rio-synthesis/hardware-overhead/pe5-v1024-c1024-dynamic-vivado/rtl/PifoMesh.v:7]
WARNING: [Synth 8-6014] Unused sequential element logic_ptr_wentUp_reg was removed.  [/data/work/rio-synthesis/hardware-overhead/pe5-v1024-c1024-dynamic-vivado/rtl/PifoMesh.v:197933]
WARNING: [Synth 8-3936] Found unconnected internal register 'genblk1[9].part_idx_reg[9]' and it is trimmed from '1024' to '11' bits. [/data/work/rio-synthesis/hardware-overhead/pe5-v1024-c1024-dynamic-vivado/rtl/priority_encode_log.v:33]
WARNING: [Synth 8-3936] Found unconnected internal register 'genblk1[8].part_idx_reg[8]' and it is trimmed from '1024' to '522' bits. [/data/work/rio-synthesis/hardware-overhead/pe5-v1024-c1024-dynamic-vivado/rtl/priority_encode_log.v:33]
WARNING: [Synth 8-3936] Found unconnected internal register 'genblk1[7].part_idx_reg[7]' and it is trimmed from '1024' to '777' bits. [/data/work/rio-synthesis/hardware-overhead/pe5-v1024-c1024-dynamic-vivado/rtl/priority_encode_log.v:33]
WARNING: [Synth 8-3936] Found unconnected internal register 'genblk1[6].part_idx_reg[6]' and it is trimmed from '1024' to '904' bits. [/data/work/rio-synthesis/hardware-overhead/pe5-v1024-c1024-dynamic-vivado/rtl/priority_encode_log.v:33]
WARNING: [Synth 8-3936] Found unconnected internal register 'genblk1[5].part_idx_reg[5]' and it is trimmed from '1024' to '967' bits. [/data/work/rio-synthesis/hardware-overhead/pe5-v1024-c1024-dynamic-vivado/rtl/priority_encode_log.v:33]
WARNING: [Synth 8-3936] Found unconnected internal register 'genblk1[4].part_idx_reg[4]' and it is trimmed from '1024' to '998' bits. [/data/work/rio-synthesis/hardware-overhead/pe5-v1024-c1024-dynamic-vivado/rtl/priority_encode_log.v:33]
WARNING: [Synth 8-3936] Found unconnected internal register 'genblk1[3].part_idx_reg[3]' and it is trimmed from '1024' to '1013' bits. [/data/work/rio-synthesis/hardware-overhead/pe5-v1024-c1024-dynamic-vivado/rtl/priority_encode_log.v:33]
WARNING: [Synth 8-3936] Found unconnected internal register 'genblk1[2].part_idx_reg[2]' and it is trimmed from '1024' to '1020' bits. [/data/work/rio-synthesis/hardware-overhead/pe5-v1024-c1024-dynamic-vivado/rtl/priority_encode_log.v:33]
WARNING: [Synth 8-3936] Found unconnected internal register 'genblk1[1].part_idx_reg[1]' and it is trimmed from '1024' to '1023' bits. [/data/work/rio-synthesis/hardware-overhead/pe5-v1024-c1024-dynamic-vivado/rtl/priority_encode_log.v:33]
WARNING: [Synth 8-6014] Unused sequential element logic_ptr_wentUp_reg was removed.  [/data/work/rio-synthesis/hardware-overhead/pe5-v1024-c1024-dynamic-vivado/rtl/PifoMesh.v:197804]
WARNING: [Synth 8-6014] Unused sequential element logic_ptr_wentUp_reg was removed.  [/data/work/rio-synthesis/hardware-overhead/pe5-v1024-c1024-dynamic-vivado/rtl/PifoMesh.v:198810]
WARNING: [Synth 8-6014] Unused sequential element logic_ptr_wentUp_reg was removed.  [/data/work/rio-synthesis/hardware-overhead/pe5-v1024-c1024-dynamic-vivado/rtl/PifoMesh.v:198665]
WARNING: [Synth 8-6014] Unused sequential element logic_ptr_wentUp_reg was removed.  [/data/work/rio-synthesis/hardware-overhead/pe5-v1024-c1024-dynamic-vivado/rtl/PifoMesh.v:198520]
WARNING: [Synth 8-6014] Unused sequential element logic_ptr_wentUp_reg was removed.  [/data/work/rio-synthesis/hardware-overhead/pe5-v1024-c1024-dynamic-vivado/rtl/PifoMesh.v:198392]
WARNING: [Synth 8-6014] Unused sequential element logic_ptr_wentUp_reg was removed.  [/data/work/rio-synthesis/hardware-overhead/pe5-v1024-c1024-dynamic-vivado/rtl/PifoMesh.v:198262]
WARNING: [Synth 8-6014] Unused sequential element logic_ptr_wentUp_reg was removed.  [/data/work/rio-synthesis/hardware-overhead/pe5-v1024-c1024-dynamic-vivado/rtl/PifoMesh.v:198134]
WARNING: [Synth 8-6014] Unused sequential element logic_ptr_wentUp_reg was removed.  [/data/work/rio-synthesis/hardware-overhead/pe5-v1024-c1024-dynamic-vivado/rtl/PifoMesh.v:196743]
WARNING: [Synth 8-6014] Unused sequential element logic_ptr_wentUp_reg was removed.  [/data/work/rio-synthesis/hardware-overhead/pe5-v1024-c1024-dynamic-vivado/rtl/PifoMesh.v:1964]
WARNING: [Synth 8-6014] Unused sequential element logic_pop_addressGen_rData_reg was removed.  [/data/work/rio-synthesis/hardware-overhead/pe5-v1024-c1024-dynamic-vivado/rtl/PifoMesh.v:1929]
WARNING: [Synth 8-7129] Port reset in module Mapper_19 is either unconnected or has no load
WARNING: [Synth 8-7129] Port reset in module Mapper_18 is either unconnected or has no load
WARNING: [Synth 8-7129] Port reset in module Mapper_17 is either unconnected or has no load
WARNING: [Synth 8-7129] Port reset in module Mapper_16 is either unconnected or has no load
WARNING: [Synth 8-7129] Port io_poped_payload_data[12] in module PIFOBrain_4 is either unconnected or has no load
WARNING: [Synth 8-7129] Port io_poped_payload_data[11] in module PIFOBrain_4 is either unconnected or has no load
WARNING: [Synth 8-7129] Port io_poped_payload_data[10] in module PIFOBrain_4 is either unconnected or has no load
WARNING: [Synth 8-7129] Port io_poped_payload_data[9] in module PIFOBrain_4 is either unconnected or has no load
WARNING: [Synth 8-7129] Port io_poped_payload_data[8] in module PIFOBrain_4 is either unconnected or has no load
WARNING: [Synth 8-7129] Port io_poped_payload_data[7] in module PIFOBrain_4 is either unconnected or has no load
WARNING: [Synth 8-7129] Port io_poped_payload_data[6] in module PIFOBrain_4 is either unconnected or has no load
WARNING: [Synth 8-7129] Port io_poped_payload_data[5] in module PIFOBrain_4 is either unconnected or has no load
WARNING: [Synth 8-7129] Port io_poped_payload_data[4] in module PIFOBrain_4 is either unconnected or has no load
WARNING: [Synth 8-7129] Port io_poped_payload_data[3] in module PIFOBrain_4 is either unconnected or has no load
WARNING: [Synth 8-7129] Port io_poped_payload_data[2] in module PIFOBrain_4 is either unconnected or has no load
WARNING: [Synth 8-7129] Port io_poped_payload_data[1] in module PIFOBrain_4 is either unconnected or has no load
WARNING: [Synth 8-7129] Port io_poped_payload_data[0] in module PIFOBrain_4 is either unconnected or has no load
WARNING: [Synth 8-7129] Port clk in module priority_encode_log is either unconnected or has no load
WARNING: [Synth 8-7129] Port rst in module priority_encode_log is either unconnected or has no load
WARNING: [Synth 8-7129] Port io_dequeueRequest_payload_engineId[2] in module PifoEngine_4 is either unconnected or has no load
WARNING: [Synth 8-7129] Port io_dequeueRequest_payload_engineId[1] in module PifoEngine_4 is either unconnected or has no load
WARNING: [Synth 8-7129] Port io_dequeueRequest_payload_engineId[0] in module PifoEngine_4 is either unconnected or has no load
WARNING: [Synth 8-7129] Port reset in module Mapper_15 is either unconnected or has no load
WARNING: [Synth 8-7129] Port reset in module Mapper_14 is either unconnected or has no load
WARNING: [Synth 8-7129] Port reset in module Mapper_13 is either unconnected or has no load
WARNING: [Synth 8-7129] Port reset in module Mapper_12 is either unconnected or has no load
WARNING: [Synth 8-7129] Port io_poped_payload_data[12] in module PIFOBrain_3 is either unconnected or has no load
WARNING: [Synth 8-7129] Port io_poped_payload_data[11] in module PIFOBrain_3 is either unconnected or has no load
WARNING: [Synth 8-7129] Port io_poped_payload_data[10] in module PIFOBrain_3 is either unconnected or has no load
WARNING: [Synth 8-7129] Port io_poped_payload_data[9] in module PIFOBrain_3 is either unconnected or has no load
WARNING: [Synth 8-7129] Port io_poped_payload_data[8] in module PIFOBrain_3 is either unconnected or has no load
WARNING: [Synth 8-7129] Port io_poped_payload_data[7] in module PIFOBrain_3 is either unconnected or has no load
WARNING: [Synth 8-7129] Port io_poped_payload_data[6] in module PIFOBrain_3 is either unconnected or has no load
WARNING: [Synth 8-7129] Port io_poped_payload_data[5] in module PIFOBrain_3 is either unconnected or has no load
WARNING: [Synth 8-7129] Port io_poped_payload_data[4] in module PIFOBrain_3 is either unconnected or has no load
WARNING: [Synth 8-7129] Port io_poped_payload_data[3] in module PIFOBrain_3 is either unconnected or has no load
WARNING: [Synth 8-7129] Port io_poped_payload_data[2] in module PIFOBrain_3 is either unconnected or has no load
WARNING: [Synth 8-7129] Port io_poped_payload_data[1] in module PIFOBrain_3 is either unconnected or has no load
WARNING: [Synth 8-7129] Port io_poped_payload_data[0] in module PIFOBrain_3 is either unconnected or has no load
WARNING: [Synth 8-7129] Port io_dequeueRequest_payload_engineId[2] in module PifoEngine_3 is either unconnected or has no load
WARNING: [Synth 8-7129] Port io_dequeueRequest_payload_engineId[1] in module PifoEngine_3 is either unconnected or has no load
WARNING: [Synth 8-7129] Port io_dequeueRequest_payload_engineId[0] in module PifoEngine_3 is either unconnected or has no load
WARNING: [Synth 8-7129] Port reset in module Mapper_11 is either unconnected or has no load
WARNING: [Synth 8-7129] Port reset in module Mapper_10 is either unconnected or has no load
WARNING: [Synth 8-7129] Port reset in module Mapper_9 is either unconnected or has no load
WARNING: [Synth 8-7129] Port reset in module Mapper_8 is either unconnected or has no load
WARNING: [Synth 8-7129] Port io_poped_payload_data[12] in module PIFOBrain_2 is either unconnected or has no load
WARNING: [Synth 8-7129] Port io_poped_payload_data[11] in module PIFOBrain_2 is either unconnected or has no load
WARNING: [Synth 8-7129] Port io_poped_payload_data[10] in module PIFOBrain_2 is either unconnected or has no load
WARNING: [Synth 8-7129] Port io_poped_payload_data[9] in module PIFOBrain_2 is either unconnected or has no load
WARNING: [Synth 8-7129] Port io_poped_payload_data[8] in module PIFOBrain_2 is either unconnected or has no load
WARNING: [Synth 8-7129] Port io_poped_payload_data[7] in module PIFOBrain_2 is either unconnected or has no load
WARNING: [Synth 8-7129] Port io_poped_payload_data[6] in module PIFOBrain_2 is either unconnected or has no load
WARNING: [Synth 8-7129] Port io_poped_payload_data[5] in module PIFOBrain_2 is either unconnected or has no load
WARNING: [Synth 8-7129] Port io_poped_payload_data[4] in module PIFOBrain_2 is either unconnected or has no load
WARNING: [Synth 8-7129] Port io_poped_payload_data[3] in module PIFOBrain_2 is either unconnected or has no load
WARNING: [Synth 8-7129] Port io_poped_payload_data[2] in module PIFOBrain_2 is either unconnected or has no load
WARNING: [Synth 8-7129] Port io_poped_payload_data[1] in module PIFOBrain_2 is either unconnected or has no load
WARNING: [Synth 8-7129] Port io_poped_payload_data[0] in module PIFOBrain_2 is either unconnected or has no load
WARNING: [Synth 8-7129] Port io_dequeueRequest_payload_engineId[2] in module PifoEngine_2 is either unconnected or has no load
WARNING: [Synth 8-7129] Port io_dequeueRequest_payload_engineId[1] in module PifoEngine_2 is either unconnected or has no load
WARNING: [Synth 8-7129] Port io_dequeueRequest_payload_engineId[0] in module PifoEngine_2 is either unconnected or has no load
WARNING: [Synth 8-7129] Port reset in module Mapper_7 is either unconnected or has no load
WARNING: [Synth 8-7129] Port reset in module Mapper_6 is either unconnected or has no load
WARNING: [Synth 8-7129] Port reset in module Mapper_5 is either unconnected or has no load
WARNING: [Synth 8-7129] Port reset in module Mapper_4 is either unconnected or has no load
WARNING: [Synth 8-7129] Port io_poped_payload_data[12] in module PIFOBrain_1 is either unconnected or has no load
WARNING: [Synth 8-7129] Port io_poped_payload_data[11] in module PIFOBrain_1 is either unconnected or has no load
WARNING: [Synth 8-7129] Port io_poped_payload_data[10] in module PIFOBrain_1 is either unconnected or has no load
WARNING: [Synth 8-7129] Port io_poped_payload_data[9] in module PIFOBrain_1 is either unconnected or has no load
WARNING: [Synth 8-7129] Port io_poped_payload_data[8] in module PIFOBrain_1 is either unconnected or has no load
WARNING: [Synth 8-7129] Port io_poped_payload_data[7] in module PIFOBrain_1 is either unconnected or has no load
WARNING: [Synth 8-7129] Port io_poped_payload_data[6] in module PIFOBrain_1 is either unconnected or has no load
WARNING: [Synth 8-7129] Port io_poped_payload_data[5] in module PIFOBrain_1 is either unconnected or has no load
WARNING: [Synth 8-7129] Port io_poped_payload_data[4] in module PIFOBrain_1 is either unconnected or has no load
WARNING: [Synth 8-7129] Port io_poped_payload_data[3] in module PIFOBrain_1 is either unconnected or has no load
WARNING: [Synth 8-7129] Port io_poped_payload_data[2] in module PIFOBrain_1 is either unconnected or has no load
WARNING: [Synth 8-7129] Port io_poped_payload_data[1] in module PIFOBrain_1 is either unconnected or has no load
WARNING: [Synth 8-7129] Port io_poped_payload_data[0] in module PIFOBrain_1 is either unconnected or has no load
WARNING: [Synth 8-7129] Port io_dequeueRequest_payload_engineId[2] in module PifoEngine_1 is either unconnected or has no load
WARNING: [Synth 8-7129] Port io_dequeueRequest_payload_engineId[1] in module PifoEngine_1 is either unconnected or has no load
WARNING: [Synth 8-7129] Port io_dequeueRequest_payload_engineId[0] in module PifoEngine_1 is either unconnected or has no load
WARNING: [Synth 8-7129] Port reset in module Mapper_3 is either unconnected or has no load
WARNING: [Synth 8-7129] Port reset in module Mapper_2 is either unconnected or has no load
WARNING: [Synth 8-7129] Port reset in module Mapper_1 is either unconnected or has no load
WARNING: [Synth 8-7129] Port reset in module Mapper is either unconnected or has no load
WARNING: [Synth 8-7129] Port io_poped_payload_data[12] in module PIFOBrain is either unconnected or has no load
WARNING: [Synth 8-7129] Port io_poped_payload_data[11] in module PIFOBrain is either unconnected or has no load
WARNING: [Synth 8-7129] Port io_poped_payload_data[10] in module PIFOBrain is either unconnected or has no load
WARNING: [Synth 8-7129] Port io_poped_payload_data[9] in module PIFOBrain is either unconnected or has no load
WARNING: [Synth 8-7129] Port io_poped_payload_data[8] in module PIFOBrain is either unconnected or has no load
WARNING: [Synth 8-7129] Port io_poped_payload_data[7] in module PIFOBrain is either unconnected or has no load
WARNING: [Synth 8-7129] Port io_poped_payload_data[6] in module PIFOBrain is either unconnected or has no load
WARNING: [Synth 8-7129] Port io_poped_payload_data[5] in module PIFOBrain is either unconnected or has no load
WARNING: [Synth 8-7129] Port io_poped_payload_data[4] in module PIFOBrain is either unconnected or has no load
WARNING: [Synth 8-7129] Port io_poped_payload_data[3] in module PIFOBrain is either unconnected or has no load
WARNING: [Synth 8-7129] Port io_poped_payload_data[2] in module PIFOBrain is either unconnected or has no load
WARNING: [Synth 8-7129] Port io_poped_payload_data[1] in module PIFOBrain is either unconnected or has no load
WARNING: [Synth 8-7129] Port io_poped_payload_data[0] in module PIFOBrain is either unconnected or has no load
WARNING: [Synth 8-7129] Port io_dequeueRequest_payload_engineId[2] in module PifoEngine is either unconnected or has no load
INFO: [Common 17-14] Message 'Synth 8-7129' appears 100 times and further instances of the messages will be disabled. Use the Tcl command set_msg_config to change the current settings.
---------------------------------------------------------------------------------
Finished RTL Elaboration : Time (s): cpu = 00:18:01 ; elapsed = 00:18:55 . Memory (MB): peak = 53602.512 ; gain = 50950.516 ; free physical = 65669 ; free virtual = 91235
---------------------------------------------------------------------------------
---------------------------------------------------------------------------------
Start Handling Custom Attributes
---------------------------------------------------------------------------------
---------------------------------------------------------------------------------
Finished Handling Custom Attributes : Time (s): cpu = 00:18:03 ; elapsed = 00:18:57 . Memory (MB): peak = 53602.512 ; gain = 50950.516 ; free physical = 65186 ; free virtual = 90751
---------------------------------------------------------------------------------
---------------------------------------------------------------------------------
Finished RTL Optimization Phase 1 : Time (s): cpu = 00:18:03 ; elapsed = 00:18:57 . Memory (MB): peak = 53602.512 ; gain = 50950.516 ; free physical = 65192 ; free virtual = 90757
---------------------------------------------------------------------------------
Netlist sorting complete. Time (s): cpu = 00:00:32 ; elapsed = 00:00:32 . Memory (MB): peak = 53602.512 ; gain = 0.000 ; free physical = 61013 ; free virtual = 86391
INFO: [Project 1-570] Preparing netlist for logic optimization

Processing XDC Constraints
Initializing timing engine
Parsing XDC File [/data/work/rio-synthesis/hardware-overhead/pe5-v1024-c1024-dynamic-vivado/pifo.xdc]
Finished Parsing XDC File [/data/work/rio-synthesis/hardware-overhead/pe5-v1024-c1024-dynamic-vivado/pifo.xdc]
Completed Processing XDC Constraints

Netlist sorting complete. Time (s): cpu = 00:00:00.41 ; elapsed = 00:00:00.41 . Memory (MB): peak = 53642.531 ; gain = 0.000 ; free physical = 45973 ; free virtual = 72693
INFO: [Project 1-111] Unisim Transformation Summary:
No Unisim elements were transformed.

---------------------------------------------------------------------------------
Finished Constraint Validation : Time (s): cpu = 00:22:51 ; elapsed = 00:23:14 . Memory (MB): peak = 53658.539 ; gain = 51006.543 ; free physical = 94705 ; free virtual = 119416
---------------------------------------------------------------------------------
---------------------------------------------------------------------------------
Start Loading Part and Timing Information
---------------------------------------------------------------------------------
Loading part: xcku5p-ffvb676-2-e
INFO: [Synth 8-6742] Reading net delay rules and data
---------------------------------------------------------------------------------
Finished Loading Part and Timing Information : Time (s): cpu = 00:22:51 ; elapsed = 00:23:14 . Memory (MB): peak = 53666.543 ; gain = 51014.547 ; free physical = 94709 ; free virtual = 119420
---------------------------------------------------------------------------------
---------------------------------------------------------------------------------
Start Applying 'set_property' XDC Constraints
---------------------------------------------------------------------------------
---------------------------------------------------------------------------------
Finished applying 'set_property' XDC Constraints : Time (s): cpu = 00:22:51 ; elapsed = 00:23:14 . Memory (MB): peak = 53666.543 ; gain = 51014.547 ; free physical = 94762 ; free virtual = 119470
---------------------------------------------------------------------------------
INFO: [Synth 8-3971] The signal "TransactionalMapper:/banks_1_reg" was recognized as a true dual port RAM template.
INFO: [Synth 8-3971] The signal "TransactionalMapper:/banks_0_reg" was recognized as a true dual port RAM template.
INFO: [Synth 8-6904] The RAM "Mapper:/ram_reg" of size (depth=1024 x width=2) is automatically implemented using LUTRAM. BRAM implementation would be inefficient 
INFO: [Synth 8-6792] Large memory block ("Mapper_2:/ram_reg") is implemented using BRAM instead of URAM due to insufficient pipeline registers. Use of ram_style="ultra" and/or providing sufficient pipeline registers is recommended
INFO: [Synth 8-6793] RAM ("Mapper_2:/ram_reg") is implemented using BRAM instead of URAM due to insufficient pipeline registers. Available pipeline stages = 0, Minimum required pipeline stages = 104 
INFO: [Synth 8-6792] Large memory block ("Mapper_2:/ram_reg") is implemented using BRAM instead of URAM due to insufficient pipeline registers. Use of ram_style="ultra" and/or providing sufficient pipeline registers is recommended
INFO: [Synth 8-6793] RAM ("Mapper_2:/ram_reg") is implemented using BRAM instead of URAM due to insufficient pipeline registers. Available pipeline stages = 0, Minimum required pipeline stages = 104 
INFO: [Synth 8-3971] The signal "TransactionalMapper_1:/banks_1_reg" was recognized as a true dual port RAM template.
INFO: [Synth 8-3971] The signal "TransactionalMapper_1:/banks_0_reg" was recognized as a true dual port RAM template.
INFO: [Synth 8-3971] The signal "TransactionalMapper_2:/banks_1_reg" was recognized as a true dual port RAM template.
INFO: [Synth 8-3971] The signal "TransactionalMapper_2:/banks_0_reg" was recognized as a true dual port RAM template.
INFO: [Synth 8-6904] The RAM "Mapper_4:/ram_reg" of size (depth=1024 x width=2) is automatically implemented using LUTRAM. BRAM implementation would be inefficient 
INFO: [Synth 8-6792] Large memory block ("Mapper_6:/ram_reg") is implemented using BRAM instead of URAM due to insufficient pipeline registers. Use of ram_style="ultra" and/or providing sufficient pipeline registers is recommended
INFO: [Synth 8-6793] RAM ("Mapper_6:/ram_reg") is implemented using BRAM instead of URAM due to insufficient pipeline registers. Available pipeline stages = 0, Minimum required pipeline stages = 104 
INFO: [Synth 8-6792] Large memory block ("Mapper_6:/ram_reg") is implemented using BRAM instead of URAM due to insufficient pipeline registers. Use of ram_style="ultra" and/or providing sufficient pipeline registers is recommended
INFO: [Synth 8-6793] RAM ("Mapper_6:/ram_reg") is implemented using BRAM instead of URAM due to insufficient pipeline registers. Available pipeline stages = 0, Minimum required pipeline stages = 104 
INFO: [Synth 8-3971] The signal "TransactionalMapper_3:/banks_1_reg" was recognized as a true dual port RAM template.
INFO: [Synth 8-3971] The signal "TransactionalMapper_3:/banks_0_reg" was recognized as a true dual port RAM template.
INFO: [Synth 8-3971] The signal "TransactionalMapper_4:/banks_1_reg" was recognized as a true dual port RAM template.
INFO: [Synth 8-3971] The signal "TransactionalMapper_4:/banks_0_reg" was recognized as a true dual port RAM template.
INFO: [Synth 8-6904] The RAM "Mapper_8:/ram_reg" of size (depth=1024 x width=2) is automatically implemented using LUTRAM. BRAM implementation would be inefficient 
INFO: [Synth 8-6792] Large memory block ("Mapper_10:/ram_reg") is implemented using BRAM instead of URAM due to insufficient pipeline registers. Use of ram_style="ultra" and/or providing sufficient pipeline registers is recommended
INFO: [Synth 8-6793] RAM ("Mapper_10:/ram_reg") is implemented using BRAM instead of URAM due to insufficient pipeline registers. Available pipeline stages = 0, Minimum required pipeline stages = 104 
INFO: [Synth 8-6792] Large memory block ("Mapper_10:/ram_reg") is implemented using BRAM instead of URAM due to insufficient pipeline registers. Use of ram_style="ultra" and/or providing sufficient pipeline registers is recommended
INFO: [Synth 8-6793] RAM ("Mapper_10:/ram_reg") is implemented using BRAM instead of URAM due to insufficient pipeline registers. Available pipeline stages = 0, Minimum required pipeline stages = 104 
INFO: [Synth 8-3971] The signal "TransactionalMapper_5:/banks_1_reg" was recognized as a true dual port RAM template.
INFO: [Synth 8-3971] The signal "TransactionalMapper_5:/banks_0_reg" was recognized as a true dual port RAM template.
INFO: [Synth 8-3971] The signal "TransactionalMapper_6:/banks_1_reg" was recognized as a true dual port RAM template.
INFO: [Synth 8-3971] The signal "TransactionalMapper_6:/banks_0_reg" was recognized as a true dual port RAM template.
INFO: [Synth 8-6904] The RAM "Mapper_12:/ram_reg" of size (depth=1024 x width=2) is automatically implemented using LUTRAM. BRAM implementation would be inefficient 
INFO: [Synth 8-6792] Large memory block ("Mapper_14:/ram_reg") is implemented using BRAM instead of URAM due to insufficient pipeline registers. Use of ram_style="ultra" and/or providing sufficient pipeline registers is recommended
INFO: [Synth 8-6793] RAM ("Mapper_14:/ram_reg") is implemented using BRAM instead of URAM due to insufficient pipeline registers. Available pipeline stages = 0, Minimum required pipeline stages = 104 
INFO: [Synth 8-6792] Large memory block ("Mapper_14:/ram_reg") is implemented using BRAM instead of URAM due to insufficient pipeline registers. Use of ram_style="ultra" and/or providing sufficient pipeline registers is recommended
INFO: [Synth 8-6793] RAM ("Mapper_14:/ram_reg") is implemented using BRAM instead of URAM due to insufficient pipeline registers. Available pipeline stages = 0, Minimum required pipeline stages = 104 
INFO: [Synth 8-3971] The signal "TransactionalMapper_7:/banks_1_reg" was recognized as a true dual port RAM template.
INFO: [Synth 8-3971] The signal "TransactionalMapper_7:/banks_0_reg" was recognized as a true dual port RAM template.
INFO: [Synth 8-3971] The signal "TransactionalMapper_8:/banks_1_reg" was recognized as a true dual port RAM template.
INFO: [Synth 8-3971] The signal "TransactionalMapper_8:/banks_0_reg" was recognized as a true dual port RAM template.
INFO: [Synth 8-6904] The RAM "Mapper_16:/ram_reg" of size (depth=1024 x width=2) is automatically implemented using LUTRAM. BRAM implementation would be inefficient 
INFO: [Synth 8-6792] Large memory block ("Mapper_18:/ram_reg") is implemented using BRAM instead of URAM due to insufficient pipeline registers. Use of ram_style="ultra" and/or providing sufficient pipeline registers is recommended
INFO: [Synth 8-6793] RAM ("Mapper_18:/ram_reg") is implemented using BRAM instead of URAM due to insufficient pipeline registers. Available pipeline stages = 0, Minimum required pipeline stages = 104 
INFO: [Synth 8-6792] Large memory block ("Mapper_18:/ram_reg") is implemented using BRAM instead of URAM due to insufficient pipeline registers. Use of ram_style="ultra" and/or providing sufficient pipeline registers is recommended
INFO: [Synth 8-6793] RAM ("Mapper_18:/ram_reg") is implemented using BRAM instead of URAM due to insufficient pipeline registers. Available pipeline stages = 0, Minimum required pipeline stages = 104 
INFO: [Synth 8-3971] The signal "TransactionalMapper_9:/banks_1_reg" was recognized as a true dual port RAM template.
INFO: [Synth 8-3971] The signal "TransactionalMapper_9:/banks_0_reg" was recognized as a true dual port RAM template.
INFO: [Synth 8-6904] The RAM "StreamFifo_51:/logic_ram_reg" of size (depth=4 x width=61) is automatically implemented using LUTRAM. BRAM implementation would be inefficient 
---------------------------------------------------------------------------------
Finished RTL Optimization Phase 2 : Time (s): cpu = 00:29:28 ; elapsed = 00:30:23 . Memory (MB): peak = 53666.543 ; gain = 51014.547 ; free physical = 86872 ; free virtual = 111942
---------------------------------------------------------------------------------
---------------------------------------------------------------------------------
Start RTL Component Statistics 
---------------------------------------------------------------------------------
Detailed RTL Component Info : 
+---Adders : 
	   2 Input   23 Bit       Adders := 5     
	   4 Input   11 Bit       Adders := 5     
	   3 Input   11 Bit       Adders := 5     
	   2 Input   11 Bit       Adders := 5     
	   2 Input   10 Bit       Adders := 5     
	   2 Input    8 Bit       Adders := 10    
	   2 Input    6 Bit       Adders := 6     
	   2 Input    4 Bit       Adders := 18    
	   3 Input    4 Bit       Adders := 6     
	   3 Input    3 Bit       Adders := 1     
	   2 Input    3 Bit       Adders := 4     
	   3 Input    2 Bit       Adders := 45    
	   2 Input    2 Bit       Adders := 150   
+---XORs : 
	   3 Input      4 Bit         XORs := 6     
	   3 Input      3 Bit         XORs := 1     
	   3 Input      2 Bit         XORs := 45    
+---Registers : 
	               61 Bit    Registers := 1     
	               32 Bit    Registers := 10    
	               23 Bit    Registers := 10    
	               13 Bit    Registers := 5145  
	               10 Bit    Registers := 10286 
	                8 Bit    Registers := 5130  
	                4 Bit    Registers := 12    
	                3 Bit    Registers := 7     
	                2 Bit    Registers := 5     
	                1 Bit    Registers := 20776 
+---RAMs : 
	           262144K Bit	(8388608 X 32 bit)          RAMs := 5     
	           106496K Bit	(8388608 X 13 bit)          RAMs := 10    
	              32K Bit	(1024 X 32 bit)          RAMs := 5     
	              10K Bit	(1024 X 10 bit)          RAMs := 10    
	               8K Bit	(1024 X 8 bit)          RAMs := 5     
	               2K Bit	(1024 X 2 bit)          RAMs := 5     
	              244 Bit	(4 X 61 bit)          RAMs := 1     
+---Muxes : 
	   2 Input   32 Bit        Muxes := 35    
	   2 Input   23 Bit        Muxes := 20    
	   2 Input   13 Bit        Muxes := 25610 
	   2 Input   11 Bit        Muxes := 5     
	   2 Input   10 Bit        Muxes := 25640 
	   2 Input    9 Bit        Muxes := 15    
	   2 Input    8 Bit        Muxes := 25640 
	   4 Input    8 Bit        Muxes := 5     
	   2 Input    7 Bit        Muxes := 60    
	   2 Input    6 Bit        Muxes := 120   
	   2 Input    5 Bit        Muxes := 240   
	   2 Input    4 Bit        Muxes := 492   
	   2 Input    3 Bit        Muxes := 978   
	   2 Input    2 Bit        Muxes := 2015  
	   2 Input    1 Bit        Muxes := 65799 
---------------------------------------------------------------------------------
Finished RTL Component Statistics 
---------------------------------------------------------------------------------
---------------------------------------------------------------------------------
Start Part Resource Summary
---------------------------------------------------------------------------------
Part Resources:
DSPs: 1824 (col length:96)
BRAMs: 960 (col length: RAMB18 96 RAMB36 48)
---------------------------------------------------------------------------------
Finished Part Resource Summary
---------------------------------------------------------------------------------
---------------------------------------------------------------------------------
Start Cross Boundary and Area Optimization
---------------------------------------------------------------------------------
INFO: [Synth 8-6904] The RAM "PifoMesh/engineMapper/ram_reg" of size (depth=1024 x width=2) is automatically implemented using LUTRAM. BRAM implementation would be inefficient 
RAM ("PifoMesh/lastVirtualMapper/ram_reg") is too shallow (depth = 1024) to use URAM. Choosing BRAM instead of URAM 
RAM ("PifoMesh/brainStateMem/ram_reg") is too shallow (depth = 1024) to use URAM. Choosing BRAM instead of URAM 
RAM ("PifoMesh/enque_enqueMapper/banks_1_reg") is too shallow (depth = 1024) to use URAM. Choosing BRAM instead of URAM 
RAM ("PifoMesh/enque_enqueMapper/banks_1_reg") is too shallow (depth = 1024) to use URAM. Choosing BRAM instead of URAM 
INFO: [Synth 8-3971] The signal "PifoMesh/enque_enqueMapper/banks_1_reg" was recognized as a true dual port RAM template.
RAM ("PifoMesh/enque_enqueMapper/banks_0_reg") is too shallow (depth = 1024) to use URAM. Choosing BRAM instead of URAM 
RAM ("PifoMesh/enque_enqueMapper/banks_0_reg") is too shallow (depth = 1024) to use URAM. Choosing BRAM instead of URAM 
INFO: [Synth 8-3971] The signal "PifoMesh/enque_enqueMapper/banks_0_reg" was recognized as a true dual port RAM template.
INFO: [Synth 8-6904] The RAM "PifoMesh/engineMapper/ram_reg" of size (depth=1024 x width=2) is automatically implemented using LUTRAM. BRAM implementation would be inefficient 
RAM ("PifoMesh/lastVirtualMapper/ram_reg") is too shallow (depth = 1024) to use URAM. Choosing BRAM instead of URAM 
RAM ("PifoMesh/brainStateMem/ram_reg") is too shallow (depth = 1024) to use URAM. Choosing BRAM instead of URAM 
RAM ("PifoMesh/enque_enqueMapper/banks_1_reg") is too shallow (depth = 1024) to use URAM. Choosing BRAM instead of URAM 
RAM ("PifoMesh/enque_enqueMapper/banks_1_reg") is too shallow (depth = 1024) to use URAM. Choosing BRAM instead of URAM 
INFO: [Synth 8-3971] The signal "PifoMesh/enque_enqueMapper/banks_1_reg" was recognized as a true dual port RAM template.
RAM ("PifoMesh/enque_enqueMapper/banks_0_reg") is too shallow (depth = 1024) to use URAM. Choosing BRAM instead of URAM 
RAM ("PifoMesh/enque_enqueMapper/banks_0_reg") is too shallow (depth = 1024) to use URAM. Choosing BRAM instead of URAM 
INFO: [Synth 8-3971] The signal "PifoMesh/enque_enqueMapper/banks_0_reg" was recognized as a true dual port RAM template.
INFO: [Synth 8-6904] The RAM "PifoMesh/engineMapper/ram_reg" of size (depth=1024 x width=2) is automatically implemented using LUTRAM. BRAM implementation would be inefficient 
RAM ("PifoMesh/lastVirtualMapper/ram_reg") is too shallow (depth = 1024) to use URAM. Choosing BRAM instead of URAM 
RAM ("PifoMesh/brainStateMem/ram_reg") is too shallow (depth = 1024) to use URAM. Choosing BRAM instead of URAM 
RAM ("PifoMesh/enque_enqueMapper/banks_1_reg") is too shallow (depth = 1024) to use URAM. Choosing BRAM instead of URAM 
RAM ("PifoMesh/enque_enqueMapper/banks_1_reg") is too shallow (depth = 1024) to use URAM. Choosing BRAM instead of URAM 
INFO: [Synth 8-3971] The signal "PifoMesh/enque_enqueMapper/banks_1_reg" was recognized as a true dual port RAM template.
RAM ("PifoMesh/enque_enqueMapper/banks_0_reg") is too shallow (depth = 1024) to use URAM. Choosing BRAM instead of URAM 
RAM ("PifoMesh/enque_enqueMapper/banks_0_reg") is too shallow (depth = 1024) to use URAM. Choosing BRAM instead of URAM 
INFO: [Synth 8-3971] The signal "PifoMesh/enque_enqueMapper/banks_0_reg" was recognized as a true dual port RAM template.
INFO: [Synth 8-6904] The RAM "PifoMesh/engineMapper/ram_reg" of size (depth=1024 x width=2) is automatically implemented using LUTRAM. BRAM implementation would be inefficient 
RAM ("PifoMesh/lastVirtualMapper/ram_reg") is too shallow (depth = 1024) to use URAM. Choosing BRAM instead of URAM 
RAM ("PifoMesh/brainStateMem/ram_reg") is too shallow (depth = 1024) to use URAM. Choosing BRAM instead of URAM 
RAM ("PifoMesh/enque_enqueMapper/banks_1_reg") is too shallow (depth = 1024) to use URAM. Choosing BRAM instead of URAM 
RAM ("PifoMesh/enque_enqueMapper/banks_1_reg") is too shallow (depth = 1024) to use URAM. Choosing BRAM instead of URAM 
INFO: [Synth 8-3971] The signal "PifoMesh/enque_enqueMapper/banks_1_reg" was recognized as a true dual port RAM template.
RAM ("PifoMesh/enque_enqueMapper/banks_0_reg") is too shallow (depth = 1024) to use URAM. Choosing BRAM instead of URAM 
RAM ("PifoMesh/enque_enqueMapper/banks_0_reg") is too shallow (depth = 1024) to use URAM. Choosing BRAM instead of URAM 
INFO: [Synth 8-3971] The signal "PifoMesh/enque_enqueMapper/banks_0_reg" was recognized as a true dual port RAM template.
INFO: [Synth 8-6904] The RAM "PifoMesh/engineMapper/ram_reg" of size (depth=1024 x width=2) is automatically implemented using LUTRAM. BRAM implementation would be inefficient 
RAM ("PifoMesh/lastVirtualMapper/ram_reg") is too shallow (depth = 1024) to use URAM. Choosing BRAM instead of URAM 
RAM ("PifoMesh/brainStateMem/ram_reg") is too shallow (depth = 1024) to use URAM. Choosing BRAM instead of URAM 
RAM ("PifoMesh/enque_enqueMapper/banks_1_reg") is too shallow (depth = 1024) to use URAM. Choosing BRAM instead of URAM 
RAM ("PifoMesh/enque_enqueMapper/banks_1_reg") is too shallow (depth = 1024) to use URAM. Choosing BRAM instead of URAM 
INFO: [Synth 8-3971] The signal "PifoMesh/enque_enqueMapper/banks_1_reg" was recognized as a true dual port RAM template.
RAM ("PifoMesh/enque_enqueMapper/banks_0_reg") is too shallow (depth = 1024) to use URAM. Choosing BRAM instead of URAM 
RAM ("PifoMesh/enque_enqueMapper/banks_0_reg") is too shallow (depth = 1024) to use URAM. Choosing BRAM instead of URAM 
INFO: [Synth 8-3971] The signal "PifoMesh/enque_enqueMapper/banks_0_reg" was recognized as a true dual port RAM template.
INFO: [Synth 8-6904] The RAM "PifoMesh/io_controlRequest_fifo/logic_ram_reg" of size (depth=4 x width=61) is automatically implemented using LUTRAM. BRAM implementation would be inefficient 
INFO: [Synth 8-6792] Large memory block ("extram__4_Mapper_2__GD/ram_reg") is implemented using BRAM instead of URAM due to insufficient pipeline registers. Use of ram_style="ultra" and/or providing sufficient pipeline registers is recommended
INFO: [Synth 8-6793] RAM ("extram__4_Mapper_2__GD/ram_reg") is implemented using BRAM instead of URAM due to insufficient pipeline registers. Available pipeline stages = 0, Minimum required pipeline stages = 104 
INFO: [Synth 8-7124] RAM ("extram__7_TransactionalMapper_1__GD/banks_0_reg") is implemented using BRAM instead of URAM. Memory would be severely underutilized if URAMs are used
INFO: [Synth 8-7124] RAM ("extram__7_TransactionalMapper_1__GD/banks_0_reg") is implemented using BRAM instead of URAM. Memory would be severely underutilized if URAMs are used
INFO: [Synth 8-3971] The signal "extram__7_TransactionalMapper_1__GD/banks_0_reg" was recognized as a true dual port RAM template.
INFO: [Synth 8-3886] merging instance 'i_0/banks_0_reg_2_mux_sel_b_pos_6' (FDE) to 'i_0/banks_0_reg_2_mux_sel_b_pos_6__0'
INFO: [Synth 8-3886] merging instance 'i_0/banks_0_reg_2_mux_sel_b_pos_5' (FDE) to 'i_0/banks_0_reg_2_mux_sel_b_pos_5__0'
INFO: [Synth 8-3886] merging instance 'i_0/banks_0_reg_2_mux_sel_b_pos_4' (FDE) to 'i_0/banks_0_reg_2_mux_sel_b_pos_4__0'
INFO: [Synth 8-3886] merging instance 'i_0/banks_0_reg_2_mux_sel_b_pos_3' (FDE) to 'i_0/banks_0_reg_2_mux_sel_b_pos_3__0'
INFO: [Synth 8-3886] merging instance 'i_0/banks_0_reg_2_mux_sel_b_pos_2' (FDE) to 'i_0/banks_0_reg_2_mux_sel_b_pos_2__0'
INFO: [Synth 8-3886] merging instance 'i_0/banks_0_reg_2_mux_sel_b_pos_1' (FDE) to 'i_0/banks_0_reg_2_mux_sel_b_pos_1__0'
INFO: [Synth 8-3886] merging instance 'i_0/banks_0_reg_2_mux_sel_b_pos_0' (FDE) to 'i_0/banks_0_reg_2_mux_sel_b_pos_0__0'
INFO: [Synth 8-3886] merging instance 'i_0/banks_0_reg_1_mux_sel_b_pos_6' (FDE) to 'i_0/banks_0_reg_1_mux_sel_b_pos_6__0'
INFO: [Synth 8-3886] merging instance 'i_0/banks_0_reg_1_mux_sel_b_pos_5' (FDE) to 'i_0/banks_0_reg_1_mux_sel_b_pos_5__0'
INFO: [Synth 8-3886] merging instance 'i_0/banks_0_reg_1_mux_sel_b_pos_4' (FDE) to 'i_0/banks_0_reg_1_mux_sel_b_pos_4__0'
INFO: [Synth 8-3886] merging instance 'i_0/banks_0_reg_1_mux_sel_b_pos_3' (FDE) to 'i_0/banks_0_reg_1_mux_sel_b_pos_3__0'
INFO: [Synth 8-3886] merging instance 'i_0/banks_0_reg_1_mux_sel_b_pos_2' (FDE) to 'i_0/banks_0_reg_1_mux_sel_b_pos_2__0'
INFO: [Synth 8-3886] merging instance 'i_0/banks_0_reg_1_mux_sel_b_pos_1' (FDE) to 'i_0/banks_0_reg_1_mux_sel_b_pos_1__0'
INFO: [Synth 8-3886] merging instance 'i_0/banks_0_reg_1_mux_sel_b_pos_0' (FDE) to 'i_0/banks_0_reg_1_mux_sel_b_pos_0__0'
INFO: [Synth 8-7124] RAM ("extram__6_TransactionalMapper_1__GD/banks_1_reg") is implemented using BRAM instead of URAM. Memory would be severely underutilized if URAMs are used
INFO: [Synth 8-7124] RAM ("extram__6_TransactionalMapper_1__GD/banks_1_reg") is implemented using BRAM instead of URAM. Memory would be severely underutilized if URAMs are used
INFO: [Synth 8-3971] The signal "extram__6_TransactionalMapper_1__GD/banks_1_reg" was recognized as a true dual port RAM template.
INFO: [Synth 8-3886] merging instance 'i_0/banks_1_reg_2_mux_sel_b_pos_6' (FDE) to 'i_0/banks_1_reg_2_mux_sel_b_pos_6__0'
INFO: [Synth 8-3886] merging instance 'i_0/banks_1_reg_2_mux_sel_b_pos_5' (FDE) to 'i_0/banks_1_reg_2_mux_sel_b_pos_5__0'
INFO: [Synth 8-3886] merging instance 'i_0/banks_1_reg_2_mux_sel_b_pos_4' (FDE) to 'i_0/banks_1_reg_2_mux_sel_b_pos_4__0'
INFO: [Synth 8-3886] merging instance 'i_0/banks_1_reg_2_mux_sel_b_pos_3' (FDE) to 'i_0/banks_1_reg_2_mux_sel_b_pos_3__0'
INFO: [Synth 8-3886] merging instance 'i_0/banks_1_reg_2_mux_sel_b_pos_2' (FDE) to 'i_0/banks_1_reg_2_mux_sel_b_pos_2__0'
INFO: [Synth 8-3886] merging instance 'i_0/banks_1_reg_2_mux_sel_b_pos_1' (FDE) to 'i_0/banks_1_reg_2_mux_sel_b_pos_1__0'
INFO: [Synth 8-3886] merging instance 'i_0/banks_1_reg_2_mux_sel_b_pos_0' (FDE) to 'i_0/banks_1_reg_2_mux_sel_b_pos_0__0'
INFO: [Synth 8-3886] merging instance 'i_0/banks_1_reg_1_mux_sel_b_pos_6' (FDE) to 'i_0/banks_1_reg_1_mux_sel_b_pos_6__0'
INFO: [Synth 8-3886] merging instance 'i_0/banks_1_reg_1_mux_sel_b_pos_5' (FDE) to 'i_0/banks_1_reg_1_mux_sel_b_pos_5__0'
INFO: [Synth 8-3886] merging instance 'i_0/banks_1_reg_1_mux_sel_b_pos_4' (FDE) to 'i_0/banks_1_reg_1_mux_sel_b_pos_4__0'
INFO: [Synth 8-3886] merging instance 'i_0/banks_1_reg_1_mux_sel_b_pos_3' (FDE) to 'i_0/banks_1_reg_1_mux_sel_b_pos_3__0'
INFO: [Synth 8-3886] merging instance 'i_0/banks_1_reg_1_mux_sel_b_pos_2' (FDE) to 'i_0/banks_1_reg_1_mux_sel_b_pos_2__0'
INFO: [Synth 8-3886] merging instance 'i_0/banks_1_reg_1_mux_sel_b_pos_1' (FDE) to 'i_0/banks_1_reg_1_mux_sel_b_pos_1__0'
INFO: [Synth 8-3886] merging instance 'i_0/banks_1_reg_1_mux_sel_b_pos_0' (FDE) to 'i_0/banks_1_reg_1_mux_sel_b_pos_0__0'
INFO: [Synth 8-6792] Large memory block ("extram__12_Mapper_6__GD/ram_reg") is implemented using BRAM instead of URAM due to insufficient pipeline registers. Use of ram_style="ultra" and/or providing sufficient pipeline registers is recommended
INFO: [Synth 8-6793] RAM ("extram__12_Mapper_6__GD/ram_reg") is implemented using BRAM instead of URAM due to insufficient pipeline registers. Available pipeline stages = 0, Minimum required pipeline stages = 104 
INFO: [Synth 8-7124] RAM ("extram__15_TransactionalMapper_3__GD/banks_0_reg") is implemented using BRAM instead of URAM. Memory would be severely underutilized if URAMs are used
INFO: [Synth 8-7124] RAM ("extram__15_TransactionalMapper_3__GD/banks_0_reg") is implemented using BRAM instead of URAM. Memory would be severely underutilized if URAMs are used
INFO: [Synth 8-3971] The signal "extram__15_TransactionalMapper_3__GD/banks_0_reg" was recognized as a true dual port RAM template.
INFO: [Synth 8-3886] merging instance 'i_0/banks_0_reg_2_mux_sel_b_pos_6' (FDE) to 'i_0/banks_0_reg_2_mux_sel_b_pos_6__0'
INFO: [Synth 8-3886] merging instance 'i_0/banks_0_reg_2_mux_sel_b_pos_5' (FDE) to 'i_0/banks_0_reg_2_mux_sel_b_pos_5__0'
INFO: [Synth 8-3886] merging instance 'i_0/banks_0_reg_2_mux_sel_b_pos_4' (FDE) to 'i_0/banks_0_reg_2_mux_sel_b_pos_4__0'
INFO: [Synth 8-3886] merging instance 'i_0/banks_0_reg_2_mux_sel_b_pos_3' (FDE) to 'i_0/banks_0_reg_2_mux_sel_b_pos_3__0'
INFO: [Synth 8-3886] merging instance 'i_0/banks_0_reg_2_mux_sel_b_pos_2' (FDE) to 'i_0/banks_0_reg_2_mux_sel_b_pos_2__0'
INFO: [Synth 8-3886] merging instance 'i_0/banks_0_reg_2_mux_sel_b_pos_1' (FDE) to 'i_0/banks_0_reg_2_mux_sel_b_pos_1__0'
INFO: [Synth 8-3886] merging instance 'i_0/banks_0_reg_2_mux_sel_b_pos_0' (FDE) to 'i_0/banks_0_reg_2_mux_sel_b_pos_0__0'
INFO: [Synth 8-3886] merging instance 'i_0/banks_0_reg_1_mux_sel_b_pos_6' (FDE) to 'i_0/banks_0_reg_1_mux_sel_b_pos_6__0'
INFO: [Synth 8-3886] merging instance 'i_0/banks_0_reg_1_mux_sel_b_pos_5' (FDE) to 'i_0/banks_0_reg_1_mux_sel_b_pos_5__0'
INFO: [Synth 8-3886] merging instance 'i_0/banks_0_reg_1_mux_sel_b_pos_4' (FDE) to 'i_0/banks_0_reg_1_mux_sel_b_pos_4__0'
INFO: [Synth 8-3886] merging instance 'i_0/banks_0_reg_1_mux_sel_b_pos_3' (FDE) to 'i_0/banks_0_reg_1_mux_sel_b_pos_3__0'
INFO: [Synth 8-3886] merging instance 'i_0/banks_0_reg_1_mux_sel_b_pos_2' (FDE) to 'i_0/banks_0_reg_1_mux_sel_b_pos_2__0'
INFO: [Synth 8-3886] merging instance 'i_0/banks_0_reg_1_mux_sel_b_pos_1' (FDE) to 'i_0/banks_0_reg_1_mux_sel_b_pos_1__0'
INFO: [Synth 8-3886] merging instance 'i_0/banks_0_reg_1_mux_sel_b_pos_0' (FDE) to 'i_0/banks_0_reg_1_mux_sel_b_pos_0__0'
INFO: [Synth 8-7124] RAM ("extram__14_TransactionalMapper_3__GD/banks_1_reg") is implemented using BRAM instead of URAM. Memory would be severely underutilized if URAMs are used
INFO: [Synth 8-7124] RAM ("extram__14_TransactionalMapper_3__GD/banks_1_reg") is implemented using BRAM instead of URAM. Memory would be severely underutilized if URAMs are used
INFO: [Synth 8-3971] The signal "extram__14_TransactionalMapper_3__GD/banks_1_reg" was recognized as a true dual port RAM template.
INFO: [Synth 8-3886] merging instance 'i_0/banks_1_reg_2_mux_sel_b_pos_6' (FDE) to 'i_0/banks_1_reg_2_mux_sel_b_pos_6__0'
INFO: [Synth 8-3886] merging instance 'i_0/banks_1_reg_2_mux_sel_b_pos_5' (FDE) to 'i_0/banks_1_reg_2_mux_sel_b_pos_5__0'
INFO: [Synth 8-3886] merging instance 'i_0/banks_1_reg_2_mux_sel_b_pos_4' (FDE) to 'i_0/banks_1_reg_2_mux_sel_b_pos_4__0'
INFO: [Synth 8-3886] merging instance 'i_0/banks_1_reg_2_mux_sel_b_pos_3' (FDE) to 'i_0/banks_1_reg_2_mux_sel_b_pos_3__0'
INFO: [Synth 8-3886] merging instance 'i_0/banks_1_reg_2_mux_sel_b_pos_2' (FDE) to 'i_0/banks_1_reg_2_mux_sel_b_pos_2__0'
INFO: [Synth 8-3886] merging instance 'i_0/banks_1_reg_2_mux_sel_b_pos_1' (FDE) to 'i_0/banks_1_reg_2_mux_sel_b_pos_1__0'
INFO: [Synth 8-3886] merging instance 'i_0/banks_1_reg_2_mux_sel_b_pos_0' (FDE) to 'i_0/banks_1_reg_2_mux_sel_b_pos_0__0'
INFO: [Synth 8-3886] merging instance 'i_0/banks_1_reg_1_mux_sel_b_pos_6' (FDE) to 'i_0/banks_1_reg_1_mux_sel_b_pos_6__0'
INFO: [Synth 8-3886] merging instance 'i_0/banks_1_reg_1_mux_sel_b_pos_5' (FDE) to 'i_0/banks_1_reg_1_mux_sel_b_pos_5__0'
INFO: [Synth 8-3886] merging instance 'i_0/banks_1_reg_1_mux_sel_b_pos_4' (FDE) to 'i_0/banks_1_reg_1_mux_sel_b_pos_4__0'
INFO: [Synth 8-3886] merging instance 'i_0/banks_1_reg_1_mux_sel_b_pos_3' (FDE) to 'i_0/banks_1_reg_1_mux_sel_b_pos_3__0'
INFO: [Synth 8-3886] merging instance 'i_0/banks_1_reg_1_mux_sel_b_pos_2' (FDE) to 'i_0/banks_1_reg_1_mux_sel_b_pos_2__0'
INFO: [Synth 8-3886] merging instance 'i_0/banks_1_reg_1_mux_sel_b_pos_1' (FDE) to 'i_0/banks_1_reg_1_mux_sel_b_pos_1__0'
INFO: [Synth 8-3886] merging instance 'i_0/banks_1_reg_1_mux_sel_b_pos_0' (FDE) to 'i_0/banks_1_reg_1_mux_sel_b_pos_0__0'
INFO: [Synth 8-6792] Large memory block ("extram__20_Mapper_10__GD/ram_reg") is implemented using BRAM instead of URAM due to insufficient pipeline registers. Use of ram_style="ultra" and/or providing sufficient pipeline registers is recommended
INFO: [Synth 8-6793] RAM ("extram__20_Mapper_10__GD/ram_reg") is implemented using BRAM instead of URAM due to insufficient pipeline registers. Available pipeline stages = 0, Minimum required pipeline stages = 104 
INFO: [Synth 8-7124] RAM ("extram__23_TransactionalMapper_5__GD/banks_0_reg") is implemented using BRAM instead of URAM. Memory would be severely underutilized if URAMs are used
INFO: [Synth 8-7124] RAM ("extram__23_TransactionalMapper_5__GD/banks_0_reg") is implemented using BRAM instead of URAM. Memory would be severely underutilized if URAMs are used
INFO: [Synth 8-3971] The signal "extram__23_TransactionalMapper_5__GD/banks_0_reg" was recognized as a true dual port RAM template.
INFO: [Synth 8-3886] merging instance 'i_0/banks_0_reg_2_mux_sel_b_pos_6' (FDE) to 'i_0/banks_0_reg_2_mux_sel_b_pos_6__0'
INFO: [Synth 8-3886] merging instance 'i_0/banks_0_reg_2_mux_sel_b_pos_5' (FDE) to 'i_0/banks_0_reg_2_mux_sel_b_pos_5__0'
INFO: [Synth 8-3886] merging instance 'i_0/banks_0_reg_2_mux_sel_b_pos_4' (FDE) to 'i_0/banks_0_reg_2_mux_sel_b_pos_4__0'
INFO: [Synth 8-3886] merging instance 'i_0/banks_0_reg_2_mux_sel_b_pos_3' (FDE) to 'i_0/banks_0_reg_2_mux_sel_b_pos_3__0'
INFO: [Synth 8-3886] merging instance 'i_0/banks_0_reg_2_mux_sel_b_pos_2' (FDE) to 'i_0/banks_0_reg_2_mux_sel_b_pos_2__0'
INFO: [Synth 8-3886] merging instance 'i_0/banks_0_reg_2_mux_sel_b_pos_1' (FDE) to 'i_0/banks_0_reg_2_mux_sel_b_pos_1__0'
INFO: [Synth 8-3886] merging instance 'i_0/banks_0_reg_2_mux_sel_b_pos_0' (FDE) to 'i_0/banks_0_reg_2_mux_sel_b_pos_0__0'
INFO: [Synth 8-3886] merging instance 'i_0/banks_0_reg_1_mux_sel_b_pos_6' (FDE) to 'i_0/banks_0_reg_1_mux_sel_b_pos_6__0'
INFO: [Synth 8-3886] merging instance 'i_0/banks_0_reg_1_mux_sel_b_pos_5' (FDE) to 'i_0/banks_0_reg_1_mux_sel_b_pos_5__0'
INFO: [Synth 8-3886] merging instance 'i_0/banks_0_reg_1_mux_sel_b_pos_4' (FDE) to 'i_0/banks_0_reg_1_mux_sel_b_pos_4__0'
INFO: [Synth 8-3886] merging instance 'i_0/banks_0_reg_1_mux_sel_b_pos_3' (FDE) to 'i_0/banks_0_reg_1_mux_sel_b_pos_3__0'
INFO: [Synth 8-3886] merging instance 'i_0/banks_0_reg_1_mux_sel_b_pos_2' (FDE) to 'i_0/banks_0_reg_1_mux_sel_b_pos_2__0'
INFO: [Synth 8-3886] merging instance 'i_0/banks_0_reg_1_mux_sel_b_pos_1' (FDE) to 'i_0/banks_0_reg_1_mux_sel_b_pos_1__0'
INFO: [Synth 8-3886] merging instance 'i_0/banks_0_reg_1_mux_sel_b_pos_0' (FDE) to 'i_0/banks_0_reg_1_mux_sel_b_pos_0__0'
INFO: [Synth 8-7124] RAM ("extram__22_TransactionalMapper_5__GD/banks_1_reg") is implemented using BRAM instead of URAM. Memory would be severely underutilized if URAMs are used
INFO: [Synth 8-7124] RAM ("extram__22_TransactionalMapper_5__GD/banks_1_reg") is implemented using BRAM instead of URAM. Memory would be severely underutilized if URAMs are used
INFO: [Synth 8-3971] The signal "extram__22_TransactionalMapper_5__GD/banks_1_reg" was recognized as a true dual port RAM template.
INFO: [Synth 8-3886] merging instance 'i_0/banks_1_reg_2_mux_sel_b_pos_6' (FDE) to 'i_0/banks_1_reg_2_mux_sel_b_pos_6__0'
INFO: [Synth 8-3886] merging instance 'i_0/banks_1_reg_2_mux_sel_b_pos_5' (FDE) to 'i_0/banks_1_reg_2_mux_sel_b_pos_5__0'
INFO: [Synth 8-3886] merging instance 'i_0/banks_1_reg_2_mux_sel_b_pos_4' (FDE) to 'i_0/banks_1_reg_2_mux_sel_b_pos_4__0'
INFO: [Synth 8-3886] merging instance 'i_0/banks_1_reg_2_mux_sel_b_pos_3' (FDE) to 'i_0/banks_1_reg_2_mux_sel_b_pos_3__0'
INFO: [Synth 8-3886] merging instance 'i_0/banks_1_reg_2_mux_sel_b_pos_2' (FDE) to 'i_0/banks_1_reg_2_mux_sel_b_pos_2__0'
INFO: [Synth 8-3886] merging instance 'i_0/banks_1_reg_2_mux_sel_b_pos_1' (FDE) to 'i_0/banks_1_reg_2_mux_sel_b_pos_1__0'
INFO: [Synth 8-3886] merging instance 'i_0/banks_1_reg_2_mux_sel_b_pos_0' (FDE) to 'i_0/banks_1_reg_2_mux_sel_b_pos_0__0'
INFO: [Synth 8-3886] merging instance 'i_0/banks_1_reg_1_mux_sel_b_pos_6' (FDE) to 'i_0/banks_1_reg_1_mux_sel_b_pos_6__0'
INFO: [Synth 8-3886] merging instance 'i_0/banks_1_reg_1_mux_sel_b_pos_5' (FDE) to 'i_0/banks_1_reg_1_mux_sel_b_pos_5__0'
INFO: [Synth 8-3886] merging instance 'i_0/banks_1_reg_1_mux_sel_b_pos_4' (FDE) to 'i_0/banks_1_reg_1_mux_sel_b_pos_4__0'
INFO: [Synth 8-3886] merging instance 'i_0/banks_1_reg_1_mux_sel_b_pos_3' (FDE) to 'i_0/banks_1_reg_1_mux_sel_b_pos_3__0'
INFO: [Synth 8-3886] merging instance 'i_0/banks_1_reg_1_mux_sel_b_pos_2' (FDE) to 'i_0/banks_1_reg_1_mux_sel_b_pos_2__0'
INFO: [Synth 8-3886] merging instance 'i_0/banks_1_reg_1_mux_sel_b_pos_1' (FDE) to 'i_0/banks_1_reg_1_mux_sel_b_pos_1__0'
INFO: [Synth 8-3886] merging instance 'i_0/banks_1_reg_1_mux_sel_b_pos_0' (FDE) to 'i_0/banks_1_reg_1_mux_sel_b_pos_0__0'
INFO: [Synth 8-6792] Large memory block ("extram__28_Mapper_14__GD/ram_reg") is implemented using BRAM instead of URAM due to insufficient pipeline registers. Use of ram_style="ultra" and/or providing sufficient pipeline registers is recommended
INFO: [Synth 8-6793] RAM ("extram__28_Mapper_14__GD/ram_reg") is implemented using BRAM instead of URAM due to insufficient pipeline registers. Available pipeline stages = 0, Minimum required pipeline stages = 104 
INFO: [Synth 8-7124] RAM ("extram__31_TransactionalMapper_7__GD/banks_0_reg") is implemented using BRAM instead of URAM. Memory would be severely underutilized if URAMs are used
INFO: [Synth 8-7124] RAM ("extram__31_TransactionalMapper_7__GD/banks_0_reg") is implemented using BRAM instead of URAM. Memory would be severely underutilized if URAMs are used
INFO: [Synth 8-3971] The signal "extram__31_TransactionalMapper_7__GD/banks_0_reg" was recognized as a true dual port RAM template.
INFO: [Synth 8-3886] merging instance 'i_0/banks_0_reg_2_mux_sel_b_pos_6' (FDE) to 'i_0/banks_0_reg_2_mux_sel_b_pos_6__0'
INFO: [Synth 8-3886] merging instance 'i_0/banks_0_reg_2_mux_sel_b_pos_5' (FDE) to 'i_0/banks_0_reg_2_mux_sel_b_pos_5__0'
INFO: [Synth 8-3886] merging instance 'i_0/banks_0_reg_2_mux_sel_b_pos_4' (FDE) to 'i_0/banks_0_reg_2_mux_sel_b_pos_4__0'
INFO: [Synth 8-3886] merging instance 'i_0/banks_0_reg_2_mux_sel_b_pos_3' (FDE) to 'i_0/banks_0_reg_2_mux_sel_b_pos_3__0'
INFO: [Synth 8-3886] merging instance 'i_0/banks_0_reg_2_mux_sel_b_pos_2' (FDE) to 'i_0/banks_0_reg_2_mux_sel_b_pos_2__0'
INFO: [Synth 8-3886] merging instance 'i_0/banks_0_reg_2_mux_sel_b_pos_1' (FDE) to 'i_0/banks_0_reg_2_mux_sel_b_pos_1__0'
INFO: [Synth 8-3886] merging instance 'i_0/banks_0_reg_2_mux_sel_b_pos_0' (FDE) to 'i_0/banks_0_reg_2_mux_sel_b_pos_0__0'
INFO: [Synth 8-3886] merging instance 'i_0/banks_0_reg_1_mux_sel_b_pos_6' (FDE) to 'i_0/banks_0_reg_1_mux_sel_b_pos_6__0'
INFO: [Synth 8-3886] merging instance 'i_0/banks_0_reg_1_mux_sel_b_pos_5' (FDE) to 'i_0/banks_0_reg_1_mux_sel_b_pos_5__0'
INFO: [Synth 8-3886] merging instance 'i_0/banks_0_reg_1_mux_sel_b_pos_4' (FDE) to 'i_0/banks_0_reg_1_mux_sel_b_pos_4__0'
INFO: [Synth 8-3886] merging instance 'i_0/banks_0_reg_1_mux_sel_b_pos_3' (FDE) to 'i_0/banks_0_reg_1_mux_sel_b_pos_3__0'
INFO: [Synth 8-3886] merging instance 'i_0/banks_0_reg_1_mux_sel_b_pos_2' (FDE) to 'i_0/banks_0_reg_1_mux_sel_b_pos_2__0'
INFO: [Synth 8-3886] merging instance 'i_0/banks_0_reg_1_mux_sel_b_pos_1' (FDE) to 'i_0/banks_0_reg_1_mux_sel_b_pos_1__0'
INFO: [Synth 8-3886] merging instance 'i_0/banks_0_reg_1_mux_sel_b_pos_0' (FDE) to 'i_0/banks_0_reg_1_mux_sel_b_pos_0__0'
INFO: [Synth 8-7124] RAM ("extram__30_TransactionalMapper_7__GD/banks_1_reg") is implemented using BRAM instead of URAM. Memory would be severely underutilized if URAMs are used
INFO: [Synth 8-7124] RAM ("extram__30_TransactionalMapper_7__GD/banks_1_reg") is implemented using BRAM instead of URAM. Memory would be severely underutilized if URAMs are used
INFO: [Synth 8-3971] The signal "extram__30_TransactionalMapper_7__GD/banks_1_reg" was recognized as a true dual port RAM template.
INFO: [Synth 8-3886] merging instance 'i_0/banks_1_reg_2_mux_sel_b_pos_6' (FDE) to 'i_0/banks_1_reg_2_mux_sel_b_pos_6__0'
INFO: [Synth 8-3886] merging instance 'i_0/banks_1_reg_2_mux_sel_b_pos_5' (FDE) to 'i_0/banks_1_reg_2_mux_sel_b_pos_5__0'
INFO: [Common 17-14] Message 'Synth 8-3886' appears 100 times and further instances of the messages will be disabled. Use the Tcl command set_msg_config to change the current settings.
INFO: [Synth 8-6792] Large memory block ("extram__36_Mapper_18__GD/ram_reg") is implemented using BRAM instead of URAM due to insufficient pipeline registers. Use of ram_style="ultra" and/or providing sufficient pipeline registers is recommended
INFO: [Synth 8-6793] RAM ("extram__36_Mapper_18__GD/ram_reg") is implemented using BRAM instead of URAM due to insufficient pipeline registers. Available pipeline stages = 0, Minimum required pipeline stages = 104 
INFO: [Synth 8-7124] RAM ("extram__39_TransactionalMapper_9__GD/banks_0_reg") is implemented using BRAM instead of URAM. Memory would be severely underutilized if URAMs are used
INFO: [Synth 8-7124] RAM ("extram__39_TransactionalMapper_9__GD/banks_0_reg") is implemented using BRAM instead of URAM. Memory would be severely underutilized if URAMs are used
INFO: [Synth 8-3971] The signal "extram__39_TransactionalMapper_9__GD/banks_0_reg" was recognized as a true dual port RAM template.
INFO: [Synth 8-7124] RAM ("extram__38_TransactionalMapper_9__GD/banks_1_reg") is implemented using BRAM instead of URAM. Memory would be severely underutilized if URAMs are used
INFO: [Synth 8-7124] RAM ("extram__38_TransactionalMapper_9__GD/banks_1_reg") is implemented using BRAM instead of URAM. Memory would be severely underutilized if URAMs are used
INFO: [Synth 8-3971] The signal "extram__38_TransactionalMapper_9__GD/banks_1_reg" was recognized as a true dual port RAM template.
---------------------------------------------------------------------------------
Finished Cross Boundary and Area Optimization : Time (s): cpu = 00:33:20 ; elapsed = 00:34:21 . Memory (MB): peak = 53678.469 ; gain = 51026.473 ; free physical = 48494 ; free virtual = 69218
---------------------------------------------------------------------------------
ERROR: [Synth 8-5834] Design needs 197155 RAMB18 which is more than device capacity of 960

Report Cell Usage: 
+------+--------------+--------+
|      |Cell          |Count   |
+------+--------------+--------+
|1     |BUF           |   46276|
|2     |GATE_2        |   31234|
|4     |GATE_2_14_OR  |  492518|
|5     |GATE_2_1_NOR  |  149775|
|6     |GATE_2        |  262273|
|8     |GATE_2_6_XOR  |   55490|
|9     |GATE_2_7_NAND |  188009|
|10    |GATE_2_8_AND  |  245302|
|11    |GATE_2_9_XNOR |   66661|
|12    |INV           |   50677|
|13    |MUX1          | 1132089|
|14    |MUXCY         |   40725|
|15    |MUXCY_L       |     155|
|16    |RAM16X1D      |      10|
|17    |RAM256X1D     |      40|
|18    |RAM32M16      |      66|
|19    |RAMB18E2      |      25|
|20    |RAMB36E2      |   98565|
|21    |XORCY         |     165|
|22    |FD            |  158945|
|23    |FDC           |     295|
|24    |FDCE          |   72130|
|25    |FDE           |     445|
|26    |FDPE          |      82|
+------+--------------+--------+

Synthesis Optimization Runtime : Time (s): cpu = 00:29:37 ; elapsed = 00:31:25 . Memory (MB): peak = 53678.469 ; gain = 50974.531 ; free physical = 90154 ; free virtual = 110870
INFO: [Common 17-83] Releasing license: Synthesis
401 Infos, 120 Warnings, 0 Critical Warnings and 2 Errors encountered.
synth_design failed
synth_design: Time (s): cpu = 00:33:35 ; elapsed = 00:34:35 . Memory (MB): peak = 53678.469 ; gain = 52048.035 ; free physical = 90154 ; free virtual = 110870
INFO: [Common 17-2834] synth_design peak Physical Memory [PSS] (MB): overall = 91917.739; main = 52588.813; forked = 39370.796
INFO: [Common 17-2834] synth_design peak Virtual Memory [VSS] (MB): overall = 101213.246; main = 53674.555; forked = 47538.695
ERROR: [Common 17-69] Command failed: Vivado Synthesis failed
INFO: [Common 17-206] Exiting Vivado at Sun Sep  6 22:29:27 2026...
