Copyright 1986-2022 Xilinx, Inc. All Rights Reserved. Copyright 2022-2025 Advanced Micro Devices, Inc. All Rights Reserved.
------------------------------------------------------------------------------------------------------------------------------------------------------------------------------------------------------------
| Tool Version : Vivado v.2025.2 (lin64) Build 6299465 Fri Nov 14 12:34:56 MST 2025
| Date         : Wed Sep  9 15:59:14 2026
| Host         : netarch-cxl.ece.cornell.edu running 64-bit Ubuntu 24.04.4 LTS
| Command      : report_utilization -hierarchical -hierarchical_depth 5 -file /data/work/rio-synthesis/cam-pipeline-kcu116-20260909/pe5-v32-c1024-q256-p128-replay-kcu116/reports/utilization-hierarchy.rpt
| Design       : PifoMesh
| Device       : xcku5p-ffvb676-2-e
| Speed File   : -2
| Design State : Synthesized
------------------------------------------------------------------------------------------------------------------------------------------------------------------------------------------------------------

Utilization Design Information

Table of Contents
-----------------
1. Utilization by Hierarchy

1. Utilization by Hierarchy
---------------------------

+---------------------------------+--------------------------+------------+------------+---------+------+------+--------+--------+------+------------+
|             Instance            |          Module          | Total LUTs | Logic LUTs | LUTRAMs | SRLs |  FFs | RAMB36 | RAMB18 | URAM | DSP Blocks |
+---------------------------------+--------------------------+------------+------------+---------+------+------+--------+--------+------+------------+
| PifoMesh                        |                    (top) |      16500 |      12242 |     418 | 3840 | 6922 |      1 |      0 |    0 |          0 |
|   (PifoMesh)                    |                    (top) |         81 |          1 |      80 |    0 |   34 |      0 |      0 |    0 |          0 |
|   guard                         |               DrainGuard |        605 |        605 |       0 |    0 |  320 |      0 |      0 |    0 |          0 |
|   pifoEngines_0                 |               PifoEngine |       2864 |       2038 |      58 |  768 | 1276 |      0 |      0 |    0 |          0 |
|     streamFifo_57               |        StreamFifo_15_105 |         59 |         59 |       0 |    0 |  117 |      0 |      0 |    0 |          0 |
|     deque_frontRewrite          |    FrontRewriteTable_100 |        167 |        167 |       0 |    0 |  288 |      0 |      0 |    0 |          0 |
|     enque_brain                 |                PIFOBrain |       1003 |        717 |      30 |  256 |  414 |      0 |      0 |    0 |          0 |
|       streamFifo_56             |         StreamFifo_9_117 |         62 |         62 |       0 |    0 |   17 |      0 |      0 |    0 |          0 |
|       pipelinedCamMapper_10     |   PipelinedCamMapper_115 |        734 |        468 |      10 |  256 |  220 |      0 |      0 |    0 |          0 |
|         (pipelinedCamMapper_10) |   PipelinedCamMapper_115 |        223 |        213 |      10 |    0 |   98 |      0 |      0 |    0 |          0 |
|         banks_0_stages_0_core   |              cam_srl_120 |        483 |        227 |       0 |  256 |   84 |      0 |      0 |    0 |          0 |
|     enque_enqueMapper           |             ReplayMapper |         76 |         68 |       8 |    0 |   13 |      0 |      0 |    0 |          0 |
|     pipelinedCamMapper_10       | PipelinedCamMapper_1_103 |       1506 |        974 |      20 |  512 |  389 |      0 |      0 |    0 |          0 |
|       (pipelinedCamMapper_10)   | PipelinedCamMapper_1_103 |        455 |        435 |      20 |    0 |  183 |      0 |      0 |    0 |          0 |
|       banks_0_stages_0_core     |              cam_srl_107 |        510 |        254 |       0 |  256 |   84 |      0 |      0 |    0 |          0 |
|       banks_1_stages_0_core     |              cam_srl_108 |        491 |        235 |       0 |  256 |   84 |      0 |      0 |    0 |          0 |
|       responses                 |        StreamFifo_12_109 |         50 |         50 |       0 |    0 |   38 |      0 |      0 |    0 |          0 |
|   pifoEngines_1                 |             PifoEngine_1 |       2866 |       2040 |      58 |  768 | 1276 |      0 |      0 |    0 |          0 |
|     streamFifo_57               |         StreamFifo_15_81 |         59 |         59 |       0 |    0 |  117 |      0 |      0 |    0 |          0 |
|     deque_frontRewrite          |     FrontRewriteTable_76 |        169 |        169 |       0 |    0 |  288 |      0 |      0 |    0 |          0 |
|     enque_brain                 |              PIFOBrain_1 |       1003 |        717 |      30 |  256 |  414 |      0 |      0 |    0 |          0 |
|       streamFifo_56             |          StreamFifo_9_93 |         62 |         62 |       0 |    0 |   17 |      0 |      0 |    0 |          0 |
|       pipelinedCamMapper_10     |    PipelinedCamMapper_91 |        733 |        467 |      10 |  256 |  220 |      0 |      0 |    0 |          0 |
|         (pipelinedCamMapper_10) |    PipelinedCamMapper_91 |        223 |        213 |      10 |    0 |   98 |      0 |      0 |    0 |          0 |
|         banks_0_stages_0_core   |               cam_srl_96 |        482 |        226 |       0 |  256 |   84 |      0 |      0 |    0 |          0 |
|     enque_enqueMapper           |           ReplayMapper_1 |         76 |         68 |       8 |    0 |   13 |      0 |      0 |    0 |          0 |
|     pipelinedCamMapper_10       |  PipelinedCamMapper_1_79 |       1506 |        974 |      20 |  512 |  389 |      0 |      0 |    0 |          0 |
|       (pipelinedCamMapper_10)   |  PipelinedCamMapper_1_79 |        455 |        435 |      20 |    0 |  183 |      0 |      0 |    0 |          0 |
|       banks_0_stages_0_core     |               cam_srl_83 |        510 |        254 |       0 |  256 |   84 |      0 |      0 |    0 |          0 |
|       banks_1_stages_0_core     |               cam_srl_84 |        491 |        235 |       0 |  256 |   84 |      0 |      0 |    0 |          0 |
|       responses                 |         StreamFifo_12_85 |         50 |         50 |       0 |    0 |   38 |      0 |      0 |    0 |          0 |
|   pifoEngines_2                 |             PifoEngine_2 |       2856 |       2030 |      58 |  768 | 1276 |      0 |      0 |    0 |          0 |
|     streamFifo_57               |         StreamFifo_15_57 |         59 |         59 |       0 |    0 |  117 |      0 |      0 |    0 |          0 |
|     deque_frontRewrite          |     FrontRewriteTable_52 |        169 |        169 |       0 |    0 |  288 |      0 |      0 |    0 |          0 |
|     enque_brain                 |              PIFOBrain_2 |       1004 |        718 |      30 |  256 |  414 |      0 |      0 |    0 |          0 |
|       streamFifo_57             |         StreamFifo_10_70 |         50 |         50 |       0 |    0 |   47 |      0 |      0 |    0 |          0 |
|       pipelinedCamMapper_10     |    PipelinedCamMapper_67 |        733 |        467 |      10 |  256 |  220 |      0 |      0 |    0 |          0 |
|         (pipelinedCamMapper_10) |    PipelinedCamMapper_67 |        227 |        217 |      10 |    0 |   98 |      0 |      0 |    0 |          0 |
|         banks_0_stages_0_core   |               cam_srl_72 |        478 |        222 |       0 |  256 |   84 |      0 |      0 |    0 |          0 |
|       streamFifo_56             |          StreamFifo_9_69 |         65 |         65 |       0 |    0 |   17 |      0 |      0 |    0 |          0 |
|     enque_enqueMapper           |           ReplayMapper_2 |         76 |         68 |       8 |    0 |   13 |      0 |      0 |    0 |          0 |
|     pipelinedCamMapper_10       |  PipelinedCamMapper_1_55 |       1495 |        963 |      20 |  512 |  389 |      0 |      0 |    0 |          0 |
|       (pipelinedCamMapper_10)   |  PipelinedCamMapper_1_55 |        453 |        433 |      20 |    0 |  183 |      0 |      0 |    0 |          0 |
|       banks_0_stages_0_core     |               cam_srl_59 |        494 |        238 |       0 |  256 |   84 |      0 |      0 |    0 |          0 |
|       banks_1_stages_0_core     |               cam_srl_60 |        498 |        242 |       0 |  256 |   84 |      0 |      0 |    0 |          0 |
|       responses                 |         StreamFifo_12_61 |         50 |         50 |       0 |    0 |   38 |      0 |      0 |    0 |          0 |
|   pifoEngines_3                 |             PifoEngine_3 |       2865 |       2039 |      58 |  768 | 1276 |      0 |      0 |    0 |          0 |
|     streamFifo_57               |         StreamFifo_15_33 |         59 |         59 |       0 |    0 |  117 |      0 |      0 |    0 |          0 |
|     deque_frontRewrite          |     FrontRewriteTable_28 |        169 |        169 |       0 |    0 |  288 |      0 |      0 |    0 |          0 |
|     enque_brain                 |              PIFOBrain_3 |       1003 |        717 |      30 |  256 |  414 |      0 |      0 |    0 |          0 |
|       streamFifo_56             |          StreamFifo_9_45 |         62 |         62 |       0 |    0 |   17 |      0 |      0 |    0 |          0 |
|       pipelinedCamMapper_10     |    PipelinedCamMapper_43 |        733 |        467 |      10 |  256 |  220 |      0 |      0 |    0 |          0 |
|         (pipelinedCamMapper_10) |    PipelinedCamMapper_43 |        223 |        213 |      10 |    0 |   98 |      0 |      0 |    0 |          0 |
|         banks_0_stages_0_core   |               cam_srl_48 |        482 |        226 |       0 |  256 |   84 |      0 |      0 |    0 |          0 |
|     enque_enqueMapper           |           ReplayMapper_3 |         76 |         68 |       8 |    0 |   13 |      0 |      0 |    0 |          0 |
|     pipelinedCamMapper_10       |  PipelinedCamMapper_1_31 |       1505 |        973 |      20 |  512 |  389 |      0 |      0 |    0 |          0 |
|       (pipelinedCamMapper_10)   |  PipelinedCamMapper_1_31 |        454 |        434 |      20 |    0 |  183 |      0 |      0 |    0 |          0 |
|       banks_0_stages_0_core     |               cam_srl_35 |        510 |        254 |       0 |  256 |   84 |      0 |      0 |    0 |          0 |
|       banks_1_stages_0_core     |               cam_srl_36 |        491 |        235 |       0 |  256 |   84 |      0 |      0 |    0 |          0 |
|       responses                 |         StreamFifo_12_37 |         50 |         50 |       0 |    0 |   38 |      0 |      0 |    0 |          0 |
|   pifoEngines_4                 |             PifoEngine_4 |       2855 |       2029 |      58 |  768 | 1276 |      0 |      0 |    0 |          0 |
|     streamFifo_57               |         StreamFifo_15_22 |         59 |         59 |       0 |    0 |  117 |      0 |      0 |    0 |          0 |
|     deque_frontRewrite          |        FrontRewriteTable |        166 |        166 |       0 |    0 |  288 |      0 |      0 |    0 |          0 |
|     enque_brain                 |              PIFOBrain_4 |       1004 |        718 |      30 |  256 |  414 |      0 |      0 |    0 |          0 |
|       streamFifo_57             |            StreamFifo_10 |         50 |         50 |       0 |    0 |   47 |      0 |      0 |    0 |          0 |
|       pipelinedCamMapper_10     |       PipelinedCamMapper |        733 |        467 |      10 |  256 |  220 |      0 |      0 |    0 |          0 |
|         (pipelinedCamMapper_10) |       PipelinedCamMapper |        227 |        217 |      10 |    0 |   98 |      0 |      0 |    0 |          0 |
|         banks_0_stages_0_core   |               cam_srl_26 |        478 |        222 |       0 |  256 |   84 |      0 |      0 |    0 |          0 |
|       streamFifo_56             |             StreamFifo_9 |         65 |         65 |       0 |    0 |   17 |      0 |      0 |    0 |          0 |
|     enque_enqueMapper           |           ReplayMapper_4 |         76 |         68 |       8 |    0 |   13 |      0 |      0 |    0 |          0 |
|     pipelinedCamMapper_10       |     PipelinedCamMapper_1 |       1497 |        965 |      20 |  512 |  389 |      0 |      0 |    0 |          0 |
|       (pipelinedCamMapper_10)   |     PipelinedCamMapper_1 |        453 |        433 |      20 |    0 |  183 |      0 |      0 |    0 |          0 |
|       banks_0_stages_0_core     |                  cam_srl |        494 |        238 |       0 |  256 |   84 |      0 |      0 |    0 |          0 |
|       banks_1_stages_0_core     |               cam_srl_23 |        498 |        242 |       0 |  256 |   84 |      0 |      0 |    0 |          0 |
|       responses                 |            StreamFifo_12 |         52 |         52 |       0 |    0 |   38 |      0 |      0 |    0 |          0 |
|   replayControl                 |        ReplayControlFifo |        976 |        976 |       0 |    0 |   39 |      1 |      0 |    0 |          0 |
|   xbar                          |          MessageCrossBar |        499 |        451 |      48 |    0 |  129 |      0 |      0 |    0 |          0 |
|     (xbar)                      |          MessageCrossBar |        161 |        161 |       0 |    0 |   39 |      0 |      0 |    0 |          0 |
+---------------------------------+--------------------------+------------+------------+---------+------+------+--------+--------+------+------------+


