Running /data/work/vivado/2025.2/Vivado/bin/vivado -version
  log: /data/work/rio-synthesis/hardware-overhead/pe5-v256-c1024-static-vivado/vivado-version.txt
Running /data/work/vivado/2025.2/Vivado/bin/vivado -mode batch -nojournal -log /data/work/rio-synthesis/hardware-overhead/pe5-v256-c1024-static-vivado/vivado.log -source /home/zg366/packet-scheduling/pifo-hardware/synthesis/vivado_synth.tcl -tclargs /data/work/rio-synthesis/hardware-overhead/pe5-v256-c1024-static-vivado xcku5p-ffvb676-2-e 8 10.0 0 RuntimeOptimized
  log: /data/work/rio-synthesis/hardware-overhead/pe5-v256-c1024-static-vivado/synthesis.log
Finished Flattening Before IO Insertion
---------------------------------------------------------------------------------
---------------------------------------------------------------------------------
Start Final Netlist Cleanup
---------------------------------------------------------------------------------
---------------------------------------------------------------------------------
Finished Final Netlist Cleanup
---------------------------------------------------------------------------------
---------------------------------------------------------------------------------
Finished IO Insertion : Time (s): cpu = 00:14:50 ; elapsed = 00:12:26 . Memory (MB): peak = 8368.508 ; gain = 5715.996 ; free physical = 114828 ; free virtual = 136556
---------------------------------------------------------------------------------
---------------------------------------------------------------------------------
Start Renaming Generated Instances
---------------------------------------------------------------------------------
---------------------------------------------------------------------------------
Finished Renaming Generated Instances : Time (s): cpu = 00:14:56 ; elapsed = 00:12:33 . Memory (MB): peak = 8368.508 ; gain = 5715.996 ; free physical = 115846 ; free virtual = 136546
---------------------------------------------------------------------------------
---------------------------------------------------------------------------------
Start Rebuilding User Hierarchy
---------------------------------------------------------------------------------
Command '[PosixPath('/data/work/vivado/2025.2/Vivado/bin/vivado'), '-mode', 'batch', '-nojournal', '-log', PosixPath('/data/work/rio-synthesis/hardware-overhead/pe5-v256-c1024-static-vivado/vivado.log'), '-source', PosixPath('/home/zg366/packet-scheduling/pifo-hardware/synthesis/vivado_synth.tcl'), '-tclargs', PosixPath('/data/work/rio-synthesis/hardware-overhead/pe5-v256-c1024-static-vivado'), 'xcku5p-ffvb676-2-e', '8', '10.0', '0', 'RuntimeOptimized']' died with <Signals.SIGTERM: 15>.
