Running /data/work/vivado/2025.2/Vivado/bin/vivado -version
  log: /data/work/rio-synthesis/hardware-overhead/pe5-v256-c1024-dynamic-vivado/vivado-version.txt
Running /data/work/vivado/2025.2/Vivado/bin/vivado -mode batch -nojournal -log /data/work/rio-synthesis/hardware-overhead/pe5-v256-c1024-dynamic-vivado/vivado.log -source /home/zg366/packet-scheduling/pifo-hardware/synthesis/vivado_synth.tcl -tclargs /data/work/rio-synthesis/hardware-overhead/pe5-v256-c1024-dynamic-vivado xcku5p-ffvb676-2-e 8 10.0 0 RuntimeOptimized 0
  log: /data/work/rio-synthesis/hardware-overhead/pe5-v256-c1024-dynamic-vivado/synthesis.log
INFO: [Project 1-111] Unisim Transformation Summary:
No Unisim elements were transformed.

---------------------------------------------------------------------------------
Finished Constraint Validation : Time (s): cpu = 00:06:07 ; elapsed = 00:05:33 . Memory (MB): peak = 8552.684 ; gain = 5900.793 ; free physical = 115970 ; free virtual = 136601
---------------------------------------------------------------------------------
---------------------------------------------------------------------------------
Start Loading Part and Timing Information
---------------------------------------------------------------------------------
Loading part: xcku5p-ffvb676-2-e
INFO: [Synth 8-6742] Reading net delay rules and data
---------------------------------------------------------------------------------
Finished Loading Part and Timing Information : Time (s): cpu = 00:06:08 ; elapsed = 00:05:33 . Memory (MB): peak = 8560.688 ; gain = 5908.797 ; free physical = 115969 ; free virtual = 136601
---------------------------------------------------------------------------------
---------------------------------------------------------------------------------
Start Applying 'set_property' XDC Constraints
---------------------------------------------------------------------------------
---------------------------------------------------------------------------------
Finished applying 'set_property' XDC Constraints : Time (s): cpu = 00:06:08 ; elapsed = 00:05:34 . Memory (MB): peak = 8560.688 ; gain = 5908.797 ; free physical = 115950 ; free virtual = 136581
---------------------------------------------------------------------------------
Command '[PosixPath('/data/work/vivado/2025.2/Vivado/bin/vivado'), '-mode', 'batch', '-nojournal', '-log', PosixPath('/data/work/rio-synthesis/hardware-overhead/pe5-v256-c1024-dynamic-vivado/vivado.log'), '-source', PosixPath('/home/zg366/packet-scheduling/pifo-hardware/synthesis/vivado_synth.tcl'), '-tclargs', PosixPath('/data/work/rio-synthesis/hardware-overhead/pe5-v256-c1024-dynamic-vivado'), 'xcku5p-ffvb676-2-e', '8', '10.0', '0', 'RuntimeOptimized', '0']' died with <Signals.SIGTERM: 15>.
