Running /data/work/vivado/2025.2/Vivado/bin/vivado -version
  log: /data/work/rio-synthesis/hardware-overhead/pe5-v128-c1024-dynamic-vivado/vivado-version.txt
Running /data/work/vivado/2025.2/Vivado/bin/vivado -mode batch -nojournal -log /data/work/rio-synthesis/hardware-overhead/pe5-v128-c1024-dynamic-vivado/vivado.log -source /home/zg366/packet-scheduling/pifo-hardware/synthesis/vivado_synth.tcl -tclargs /data/work/rio-synthesis/hardware-overhead/pe5-v128-c1024-dynamic-vivado xcku5p-ffvb676-2-e 8 10.0 0 RuntimeOptimized
  log: /data/work/rio-synthesis/hardware-overhead/pe5-v128-c1024-dynamic-vivado/synthesis.log
  A total of 164 instances were transformed.
  RAM128X1D => RAM128X1D (MUXF7(x2), RAMD64E(x4)): 10 instances
  RAM16X1D => RAM32X1D (RAMD32(x2)): 10 instances
  RAM32M => RAM32M (RAMD32(x6), RAMS32(x2)): 5 instances
  RAM32M16 => RAM32M16 (RAMD32(x14), RAMS32(x2)): 49 instances
  RAM32X1D => RAM32X1D (RAMD32(x2)): 10 instances
  RAM64M8 => RAM64M8 (RAMD64E(x8)): 70 instances
  RAM64X1D => RAM64X1D (RAMD64E(x2)): 10 instances

Synth Design complete | Checksum: 52472ad2
INFO: [Common 17-83] Releasing license: Synthesis
547 Infos, 108 Warnings, 1 Critical Warnings and 0 Errors encountered.
synth_design completed successfully
synth_design: Time (s): cpu = 00:17:12 ; elapsed = 00:14:55 . Memory (MB): peak = 7373.086 ; gain = 5790.770 ; free physical = 115243 ; free virtual = 136666
INFO: [Common 17-2834] synth_design peak Physical Memory [PSS] (MB): overall = 14368.763; main = 6141.480; forked = 8267.931
INFO: [Common 17-2834] synth_design peak Virtual Memory [VSS] (MB): overall = 23782.191; main = 7369.172; forked = 16512.578
# write_checkpoint -force [file join $build_dir pifo_synth.dcp]
INFO: [Timing 38-35] Done setting XDC timing constraints.
INFO: [Timing 38-480] Writing timing data to binary archive.
Write ShapeDB Complete: Time (s): cpu = 00:00:03 ; elapsed = 00:00:00.86 . Memory (MB): peak = 7449.203 ; gain = 0.000 ; free physical = 115663 ; free virtual = 136410
Command '[PosixPath('/data/work/vivado/2025.2/Vivado/bin/vivado'), '-mode', 'batch', '-nojournal', '-log', PosixPath('/data/work/rio-synthesis/hardware-overhead/pe5-v128-c1024-dynamic-vivado/vivado.log'), '-source', PosixPath('/home/zg366/packet-scheduling/pifo-hardware/synthesis/vivado_synth.tcl'), '-tclargs', PosixPath('/data/work/rio-synthesis/hardware-overhead/pe5-v128-c1024-dynamic-vivado'), 'xcku5p-ffvb676-2-e', '8', '10.0', '0', 'RuntimeOptimized']' died with <Signals.SIGTERM: 15>.
