[info] welcome to sbt 1.10.2 (Ubuntu Java 21.0.10)
[info] loading settings for project pifo-hardware-build from plugins.sbt ...
[info] loading project definition from /home/zg366/packet-scheduling/pifo-hardware/project
[info] loading settings for project rio from build.sbt ...
[info] set current project to rio (in build file:/home/zg366/packet-scheduling/pifo-hardware/)
[info] running (fork) rio.GeneratePipelinedCam /data/work/rio-cam-pipeline-references/rtl-2048-p128-static 2048 128 static
[info] [Runtime] SpinalHDL v1.12.3    git head : 591e64062329e5e2e2b81f4d52422948053edb97
[info] [Runtime] JVM max memory : 30208.0MiB
[info] [Runtime] Current date : 2026.09.09 13:48:36
[info] [Progress] at 0.000 : Elaborate components
[info] [Progress] at 1.023 : Checks and transforms
[info] [Progress] at 1.945 : Generate Verilog to /data/work/rio-cam-pipeline-references/rtl-2048-p128-static
[info] [Warning] 42 signals were pruned. You can call printPruned on the backend report to get more informations.
[info] [Done] at 2.530
[info] Pipelined CAM: 2048 entries/bank, 128 entries/stage, 17 cycles minimum lookup latency, static
[success] Total time: 5 s, completed Sep 9, 2026, 1:48:39 PM
[info] running (fork) rio.GeneratePipelinedCam /data/work/rio-cam-pipeline-references/rtl-2048-p128-replay 2048 128 replay
[info] [Runtime] SpinalHDL v1.12.3    git head : 591e64062329e5e2e2b81f4d52422948053edb97
[info] [Runtime] JVM max memory : 30208.0MiB
[info] [Runtime] Current date : 2026.09.09 13:48:40
[info] [Progress] at 0.000 : Elaborate components
[info] [Progress] at 1.107 : Checks and transforms
[info] [Progress] at 2.503 : Generate Verilog to /data/work/rio-cam-pipeline-references/rtl-2048-p128-replay
[info] [Warning] 75 signals were pruned. You can call printPruned on the backend report to get more informations.
[info] [Done] at 3.642
[info] Pipelined CAM: 2048 entries/bank, 128 entries/stage, 17 cycles minimum lookup latency, replay
[success] Total time: 4 s, completed Sep 9, 2026, 1:48:44 PM
[info] running (fork) rio.GeneratePipelinedCam /data/work/rio-cam-pipeline-references/rtl-2048-p256-static 2048 256 static
[info] [Runtime] SpinalHDL v1.12.3    git head : 591e64062329e5e2e2b81f4d52422948053edb97
[info] [Runtime] JVM max memory : 30208.0MiB
[info] [Runtime] Current date : 2026.09.09 13:48:45
[info] [Progress] at 0.000 : Elaborate components
[info] [Progress] at 1.073 : Checks and transforms
[info] [Progress] at 2.166 : Generate Verilog to /data/work/rio-cam-pipeline-references/rtl-2048-p256-static
[info] [Warning] 26 signals were pruned. You can call printPruned on the backend report to get more informations.
[info] [Done] at 2.733
[info] Pipelined CAM: 2048 entries/bank, 256 entries/stage, 9 cycles minimum lookup latency, static
[success] Total time: 4 s, completed Sep 9, 2026, 1:48:47 PM
[info] running (fork) rio.GeneratePipelinedCam /data/work/rio-cam-pipeline-references/rtl-2048-p256-replay 2048 256 replay
[info] [Runtime] SpinalHDL v1.12.3    git head : 591e64062329e5e2e2b81f4d52422948053edb97
[info] [Runtime] JVM max memory : 30208.0MiB
[info] [Runtime] Current date : 2026.09.09 13:48:48
[info] [Progress] at 0.000 : Elaborate components
[info] [Progress] at 1.044 : Checks and transforms
[info] [Progress] at 2.347 : Generate Verilog to /data/work/rio-cam-pipeline-references/rtl-2048-p256-replay
[info] [Warning] 43 signals were pruned. You can call printPruned on the backend report to get more informations.
[info] [Done] at 3.195
[info] Pipelined CAM: 2048 entries/bank, 256 entries/stage, 9 cycles minimum lookup latency, replay
[success] Total time: 4 s, completed Sep 9, 2026, 1:48:51 PM
