Design Assistant report for pifo
Sun Sep  6 22:58:24 2026
Quartus Prime Version 25.3.1 Build 100 12/19/2025 SC Pro Edition


---------------------
; Table of Contents ;
---------------------
  1. Legal Notice
  2. Design Assistant (Synthesized) Results - 1 of 13 Rules Failed
  3. RES-30134 - Registers Not Reachable from Reset Release IP
  4. LNT-30011 - Design Contains Combinational Loops
  5. LNT-30017 - Register Output Driving Its Own Asynchronous Control Signal Directly or Through Combinational Logic
  6. LNT-30023 - Reset Nets with Polarity Conflict
  7. RES-30132 - Registers May Not Be Properly Reset
  8. RES-30133 - Embedded Memory Blocks with Initialized Content That Might be Modified Before the FPGA Enters User Mode
  9. TMC-20052 - Paths with Post Synthesis Inferred Latches
 10. FLP-10500 - Non Driving Top Level Inputs Found
 11. LNT-30010 - Nets Driving both Reset and Clock Enable Signals
 12. LNT-50006 - DSP Control Signal Registers Reset Mode Mismatch
 13. TMC-20053 - DSP Inputs Driven by High Fan-Out Net
 14. TMC-20500 - Hierarchical Tree Duplication was Shallower than Possible
 15. TMC-20501 - Hierarchical Tree Duplication was Shallower than Requested



----------------
; Legal Notice ;
----------------
Copyright (C) 2025  Altera Corporation. All rights reserved.
Your use of Altera Corporation's design tools, logic functions 
and other software and tools, and any partner logic 
functions, and any output files from any of the foregoing 
(including device programming or simulation files), and any 
associated documentation or information are expressly subject 
to the terms and conditions of the Altera Program License 
Subscription Agreement, the Altera Quartus Prime License Agreement,
the Altera IP License Agreement, or other applicable license
agreement, including, without limitation, that your use is for
the sole purpose of programming logic devices manufactured by
Altera and sold by Altera or its authorized distributors.  Please
refer to the Altera Software License Subscription Agreements 
on the Quartus Prime software download page.



+----------------------------------------------------------------------------------------------------------------------------------------------------------------------------------------+
; Design Assistant (Synthesized) Results - 1 of 13 Rules Failed                                                                                                                          ;
+---------------------------------------------------------------------------------------------------------------------+----------+------------+--------+---------------------------------+
; Rule                                                                                                                ; Severity ; Violations ; Waived ; Tags                            ;
+---------------------------------------------------------------------------------------------------------------------+----------+------------+--------+---------------------------------+
; RES-30134 - Registers Not Reachable from Reset Release IP                                                           ; Medium   ; 732        ; 0      ; reset-usage, reset-reachability ;
; LNT-30011 - Design Contains Combinational Loops                                                                     ; High     ; 0          ; 0      ; nonstandard-timing              ;
; LNT-30017 - Register Output Driving Its Own Asynchronous Control Signal Directly or Through Combinational Logic     ; Medium   ; 0          ; 0      ; nonstandard-timing              ;
; LNT-30023 - Reset Nets with Polarity Conflict                                                                       ; Medium   ; 0          ; 0      ; reset-usage                     ;
; RES-30132 - Registers May Not Be Properly Reset                                                                     ; Medium   ; 0          ; 0      ; reset-usage, reset-reachability ;
; RES-30133 - Embedded Memory Blocks with Initialized Content That Might be Modified Before the FPGA Enters User Mode ; Medium   ; 0          ; 0      ; ram, reset-usage                ;
; TMC-20052 - Paths with Post Synthesis Inferred Latches                                                              ; Medium   ; 0          ; 0      ; nonstandard-timing, latch       ;
; FLP-10500 - Non Driving Top Level Inputs Found                                                                      ; Low      ; 0          ; 0      ; system                          ;
; LNT-30010 - Nets Driving both Reset and Clock Enable Signals                                                        ; Low      ; 0          ; 0      ; reset-usage                     ;
; LNT-50006 - DSP Control Signal Registers Reset Mode Mismatch                                                        ; Low      ; 0          ; 0      ; dsp, reset-usage                ;
; TMC-20053 - DSP Inputs Driven by High Fan-Out Net                                                                   ; Low      ; 0          ; 0      ; dsp                             ;
; TMC-20500 - Hierarchical Tree Duplication was Shallower than Possible                                               ; Low      ; 0          ; 0      ; register-duplication, synthesis ;
; TMC-20501 - Hierarchical Tree Duplication was Shallower than Requested                                              ; Low      ; 0          ; 0      ; register-duplication, synthesis ;
+---------------------------------------------------------------------------------------------------------------------+----------+------------+--------+---------------------------------+


Status:		FAIL
Severity:		Medium
Number of violations: 	732
Rule Parameters:      	max_violations = 5000
+---------------------------------------------------------------------------------------------------------+
; RES-30134 - Registers Not Reachable from Reset Release IP                                               ;
+------------------------------------------------------------------------------------------------+--------+
; Register Node                                                                                  ; Waived ;
+------------------------------------------------------------------------------------------------+--------+
; pifoEngines_0|enque_brain|engineCAM_io_readRes_toStream_fifo|fifo|logic_ptr_pop[1]             ;        ;
; pifoEngines_0|enque_brain|engineMapper_io_readRes_toStream_fifo|fifo|logic_ptr_push[0]         ;        ;
; xbar|io_inputs_3_fifo|fifo|logic_ram~12                                                        ;        ;
; xbar|io_inputs_3_fifo|fifo|logic_ram_rtl_0_bypass[6]                                           ;        ;
; xbar|io_inputs_3_fifo|fifo|logic_ram_rtl_0_bypass[5]                                           ;        ;
; xbar|io_inputs_3_fifo|fifo|logic_ram~11                                                        ;        ;
; xbar|io_inputs_3_fifo|fifo|logic_ram~13                                                        ;        ;
; xbar|io_inputs_3_fifo|fifo|logic_ram_rtl_0_bypass[0]                                           ;        ;
; xbar|io_inputs_3_fifo|fifo|logic_ptr_pop[2]                                                    ;        ;
; xbar|io_inputs_3_fifo|fifo|logic_ptr_push[2]                                                   ;        ;
; xbar|io_inputs_3_fifo|fifo|logic_ram_rtl_0_bypass[8]                                           ;        ;
; xbar|io_inputs_3_fifo|fifo|logic_ptr_pop[1]                                                    ;        ;
; pifoEngines_0|enque_brain|engineMapper|io_readReq_valid_regNext                                ;        ;
; xbar|io_inputs_3_fifo|fifo|logic_ram_rtl_0_bypass[4]                                           ;        ;
; xbar|io_inputs_3_fifo|fifo|logic_ptr_push[1]                                                   ;        ;
; xbar|io_inputs_3_fifo|fifo|logic_ram_rtl_0_bypass[3]                                           ;        ;
; pifoEngines_2|deque_dequeMapper|ram_rtl_0|auto_generated|altera_syncram_impl1|address_reg_b[7] ;        ;
; pifoEngines_2|deque_dequeMapper|ram_rtl_0|auto_generated|altera_syncram_impl1|address_reg_b[6] ;        ;
; pifoEngines_2|deque_dequeMapper|ram_rtl_0|auto_generated|altera_syncram_impl1|address_reg_b[1] ;        ;
; pifoEngines_2|deque_dequeMapper|ram_rtl_0|auto_generated|altera_syncram_impl1|address_reg_b[0] ;        ;
; pifoEngines_2|deque_dequeMapper|ram_rtl_0|auto_generated|altera_syncram_impl1|address_reg_b[3] ;        ;
; pifoEngines_2|deque_dequeMapper|ram_rtl_0|auto_generated|altera_syncram_impl1|address_reg_b[2] ;        ;
; pifoEngines_2|deque_dequeMapper|ram_rtl_0|auto_generated|altera_syncram_impl1|address_reg_b[5] ;        ;
; pifoEngines_0|enque_brain|lastVirtualMapper|io_readReq_valid_regNext                           ;        ;
; pifoEngines_2|deque_dequeMapper|ram_rtl_0|auto_generated|altera_syncram_impl1|address_reg_b[4] ;        ;
; xbar|io_inputs_3_fifo|fifo|logic_ram_rtl_0_bypass[7]                                           ;        ;
; xbar|streamArbiter_16|maskLocked_3                                                             ;        ;
; xbar|io_inputs_3_fifo|fifo|logic_ram_rtl_0_bypass[2]                                           ;        ;
; xbar|io_inputs_3_fifo|fifo|logic_ram_rtl_0_bypass[1]                                           ;        ;
; xbar|io_inputs_3_fifo|fifo|logic_ptr_pop[0]                                                    ;        ;
; xbar|io_inputs_3_fifo|fifo|logic_ptr_pop[3]                                                    ;        ;
; pifoEngines_2|io_outputs_2_fifo|fifo|logic_ptr_pop[1]                                          ;        ;
; pifoEngines_2|io_outputs_2_fifo|fifo|logic_ptr_push[1]                                         ;        ;
; pifoEngines_2|io_outputs_2_fifo|fifo|logic_ptr_pop[0]                                          ;        ;
; pifoEngines_0|enque_brain|brainStateMem_io_readRes_toStream_fifo|fifo|logic_ptr_pop[1]         ;        ;
; pifoEngines_2|io_outputs_2_fifo|fifo|logic_ptr_push[0]                                         ;        ;
; pifoEngines_2|deque_existingPop_fork|logic_linkEnable_0                                        ;        ;
; pifoEngines_2|deque_dequeMapper|io_readReq_valid_regNext                                       ;        ;
; xbar|io_inputs_3_fifo|fifo|logic_ptr_push[0]                                                   ;        ;
; xbar|io_inputs_3_fifo|fifo|logic_ptr_push[3]                                                   ;        ;
; xbar|io_inputs_2_fifo|fifo|logic_ram~14                                                        ;        ;
; xbar|io_inputs_2_fifo|fifo|logic_ram_rtl_0_bypass[9]                                           ;        ;
; xbar|io_inputs_2_fifo|fifo|logic_ram~13                                                        ;        ;
; xbar|io_inputs_2_fifo|fifo|logic_ram_rtl_0_bypass[8]                                           ;        ;
; xbar|io_inputs_2_fifo|fifo|logic_ram_rtl_0_bypass[6]                                           ;        ;
; pifoEngines_0|enque_brain|brainStateMem_io_readRes_toStream_fifo|fifo|logic_ptr_push[1]        ;        ;
; xbar|io_inputs_2_fifo|fifo|logic_ram_rtl_0_bypass[5]                                           ;        ;
; xbar|io_inputs_2_fifo|fifo|logic_ram~11                                                        ;        ;
; xbar|io_inputs_2_fifo|fifo|logic_ram~12                                                        ;        ;
; xbar|io_inputs_2_fifo|fifo|logic_ptr_pop[2]                                                    ;        ;
; xbar|io_inputs_2_fifo|fifo|logic_ptr_push[2]                                                   ;        ;
; pifoEngines_1|deque_dequeMapper|ram_rtl_0|auto_generated|altera_syncram_impl1|address_reg_b[7] ;        ;
; pifoEngines_1|deque_dequeMapper|ram_rtl_0|auto_generated|altera_syncram_impl1|address_reg_b[6] ;        ;
; pifoEngines_1|deque_dequeMapper|ram_rtl_0|auto_generated|altera_syncram_impl1|address_reg_b[1] ;        ;
; pifoEngines_1|deque_dequeMapper|ram_rtl_0|auto_generated|altera_syncram_impl1|address_reg_b[0] ;        ;
; pifoEngines_1|deque_dequeMapper|ram_rtl_0|auto_generated|altera_syncram_impl1|address_reg_b[3] ;        ;
; pifoEngines_0|enque_brain|brainStateMem_io_readRes_toStream_fifo|fifo|logic_ptr_pop[0]         ;        ;
; pifoEngines_1|deque_dequeMapper|ram_rtl_0|auto_generated|altera_syncram_impl1|address_reg_b[2] ;        ;
; pifoEngines_1|deque_dequeMapper|ram_rtl_0|auto_generated|altera_syncram_impl1|address_reg_b[5] ;        ;
; pifoEngines_1|deque_dequeMapper|ram_rtl_0|auto_generated|altera_syncram_impl1|address_reg_b[4] ;        ;
; xbar|io_inputs_2_fifo|fifo|logic_ram_rtl_0_bypass[7]                                           ;        ;
; xbar|io_inputs_2_fifo|fifo|logic_ptr_pop[1]                                                    ;        ;
; xbar|io_inputs_2_fifo|fifo|logic_ram_rtl_0_bypass[4]                                           ;        ;
; xbar|io_inputs_2_fifo|fifo|logic_ptr_push[1]                                                   ;        ;
; xbar|io_inputs_2_fifo|fifo|logic_ram_rtl_0_bypass[3]                                           ;        ;
; xbar|io_inputs_2_fifo|fifo|logic_ram_rtl_0_bypass[0]                                           ;        ;
; xbar|io_inputs_1_fifo|fifo|logic_ram~13                                                        ;        ;
; pifoEngines_0|enque_brain|brainStateMem_io_readRes_toStream_fifo|fifo|logic_ptr_push[0]        ;        ;
; xbar|io_inputs_1_fifo|fifo|logic_ram_rtl_0_bypass[8]                                           ;        ;
; xbar|io_inputs_0_fifo|fifo|logic_ram~14                                                        ;        ;
; xbar|streamArbiter_16|maskLocked_0                                                             ;        ;
; xbar|io_inputs_0_fifo|fifo|logic_ram~13                                                        ;        ;
; xbar|io_inputs_0_fifo|fifo|logic_ram~11                                                        ;        ;
; xbar|io_inputs_0_fifo|fifo|logic_ram~12                                                        ;        ;
; xbar|io_inputs_0_fifo|fifo|logic_ram_rtl_0_bypass[0]                                           ;        ;
; xbar|io_inputs_0_fifo|fifo|logic_ptr_pop[2]                                                    ;        ;
; xbar|io_inputs_0_fifo|fifo|logic_ram_rtl_0_bypass[6]                                           ;        ;
; xbar|io_inputs_0_fifo|fifo|logic_ptr_push[2]                                                   ;        ;
; pifoEngines_0|enque_brain|engineCAM|io_readReq_valid_regNext                                   ;        ;
; xbar|io_inputs_0_fifo|fifo|logic_ram_rtl_0_bypass[5]                                           ;        ;
; xbar|io_inputs_0_fifo|fifo|logic_ptr_pop[1]                                                    ;        ;
; xbar|io_inputs_0_fifo|fifo|logic_ram_rtl_0_bypass[4]                                           ;        ;
; xbar|io_inputs_0_fifo|fifo|logic_ptr_push[1]                                                   ;        ;
; xbar|io_inputs_0_fifo|fifo|logic_ram_rtl_0_bypass[3]                                           ;        ;
; xbar|io_inputs_0_fifo|fifo|logic_ram_rtl_0_bypass[2]                                           ;        ;
; xbar|io_inputs_0_fifo|fifo|logic_ram_rtl_0_bypass[1]                                           ;        ;
; xbar|io_inputs_0_fifo|fifo|logic_ptr_pop[0]                                                    ;        ;
; xbar|io_inputs_0_fifo|fifo|logic_ptr_pop[3]                                                    ;        ;
; xbar|io_inputs_0_fifo|fifo|logic_ptr_push[0]                                                   ;        ;
; pifoEngines_0|enque_brain|io_request_fork|logic_linkEnable_0                                   ;        ;
; xbar|io_inputs_0_fifo|fifo|logic_ptr_push[3]                                                   ;        ;
; xbar|io_inputs_1_fifo|fifo|logic_ram~11                                                        ;        ;
; xbar|io_inputs_1_fifo|fifo|logic_ram~12                                                        ;        ;
; pifoEngines_0|deque_dequeMapper|ram_rtl_0|auto_generated|altera_syncram_impl1|address_reg_b[7] ;        ;
; pifoEngines_0|deque_dequeMapper|ram_rtl_0|auto_generated|altera_syncram_impl1|address_reg_b[6] ;        ;
; pifoEngines_0|deque_dequeMapper|ram_rtl_0|auto_generated|altera_syncram_impl1|address_reg_b[1] ;        ;
; pifoEngines_0|deque_dequeMapper|ram_rtl_0|auto_generated|altera_syncram_impl1|address_reg_b[0] ;        ;
; pifoEngines_0|deque_dequeMapper|ram_rtl_0|auto_generated|altera_syncram_impl1|address_reg_b[3] ;        ;
; pifoEngines_0|deque_dequeMapper|ram_rtl_0|auto_generated|altera_syncram_impl1|address_reg_b[2] ;        ;
; pifoEngines_0|deque_dequeMapper|ram_rtl_0|auto_generated|altera_syncram_impl1|address_reg_b[5] ;        ;
; pifoEngines_0|enque_brain|brainStateMem|io_readReq_valid_regNext                               ;        ;
; pifoEngines_0|deque_dequeMapper|ram_rtl_0|auto_generated|altera_syncram_impl1|address_reg_b[4] ;        ;
; xbar|io_inputs_1_fifo|fifo|logic_ram_rtl_0_bypass[7]                                           ;        ;
; xbar|io_inputs_1_fifo|fifo|logic_ptr_pop[2]                                                    ;        ;
; xbar|io_inputs_1_fifo|fifo|logic_ram_rtl_0_bypass[6]                                           ;        ;
; xbar|io_inputs_1_fifo|fifo|logic_ram_rtl_0_bypass[5]                                           ;        ;
; xbar|io_inputs_1_fifo|fifo|logic_ram_rtl_0_bypass[4]                                           ;        ;
; xbar|io_inputs_1_fifo|fifo|logic_ram_rtl_0_bypass[3]                                           ;        ;
; xbar|io_inputs_1_fifo|fifo|logic_ram_rtl_0_bypass[0]                                           ;        ;
; xbar|streamArbiter_16|maskLocked_2                                                             ;        ;
; xbar|io_inputs_2_fifo|fifo|logic_ram_rtl_0_bypass[2]                                           ;        ;
; pifoEngines_0|enque_brain|engineCAM_io_readRes_toStream_fifo|fifo|logic_ptr_push[1]            ;        ;
; pifoEngines_0|enque_flowIdStream_fifo|fifo|logic_ptr_pop[1]                                    ;        ;
; xbar|io_inputs_2_fifo|fifo|logic_ram_rtl_0_bypass[1]                                           ;        ;
; xbar|io_inputs_2_fifo|fifo|logic_ptr_pop[0]                                                    ;        ;
; xbar|io_inputs_2_fifo|fifo|logic_ptr_pop[3]                                                    ;        ;
; pifoEngines_1|io_outputs_2_fifo|fifo|logic_ptr_pop[1]                                          ;        ;
; pifoEngines_1|io_outputs_2_fifo|fifo|logic_ptr_push[1]                                         ;        ;
; pifoEngines_1|io_outputs_2_fifo|fifo|logic_ptr_pop[0]                                          ;        ;
; pifoEngines_1|io_outputs_2_fifo|fifo|logic_ptr_push[0]                                         ;        ;
; pifoEngines_1|deque_existingPop_fork|logic_linkEnable_0                                        ;        ;
; pifoEngines_1|deque_dequeMapper|io_readReq_valid_regNext                                       ;        ;
; xbar|io_inputs_2_fifo|fifo|logic_ptr_push[0]                                                   ;        ;
; pifoEngines_0|enque_flowIdStream_fifo|fifo|logic_ptr_push[1]                                   ;        ;
; xbar|io_inputs_2_fifo|fifo|logic_ptr_push[3]                                                   ;        ;
; xbar|io_inputs_4_fifo|fifo|logic_ram_rtl_0_bypass[2]                                           ;        ;
; xbar|io_inputs_4_fifo|fifo|logic_ram_rtl_0_bypass[1]                                           ;        ;
; xbar|io_inputs_4_fifo|fifo|logic_ptr_pop[0]                                                    ;        ;
; xbar|io_inputs_4_fifo|fifo|logic_ptr_pop[3]                                                    ;        ;
; pifoEngines_3|io_outputs_2_fifo|fifo|logic_ptr_pop[1]                                          ;        ;
; pifoEngines_3|io_outputs_2_fifo|fifo|logic_ptr_push[1]                                         ;        ;
; pifoEngines_3|io_outputs_2_fifo|fifo|logic_ptr_pop[0]                                          ;        ;
; pifoEngines_3|io_outputs_2_fifo|fifo|logic_ptr_push[0]                                         ;        ;
; pifoEngines_3|deque_existingPop_fork|logic_linkEnable_0                                        ;        ;
; pifoEngines_0|enque_brain|io_outputs_4_fifo|fifo|logic_ptr_pop[1]                              ;        ;
; pifoEngines_3|deque_dequeMapper|io_readReq_valid_regNext                                       ;        ;
; xbar|io_inputs_4_fifo|fifo|logic_ptr_push[0]                                                   ;        ;
; xbar|io_inputs_4_fifo|fifo|logic_ptr_push[3]                                                   ;        ;
; xbar|streamArbiter_16|maskLocked_5                                                             ;        ;
; xbar|streamArbiter_16|locked                                                                   ;        ;
; xbar|io_inputs_5_fifo|fifo|logic_ram_rtl_0_bypass[2]                                           ;        ;
; xbar|io_inputs_5_fifo|fifo|logic_ram_rtl_0_bypass[1]                                           ;        ;
; xbar|io_inputs_5_fifo|fifo|logic_ptr_pop[0]                                                    ;        ;
; xbar|io_inputs_5_fifo|fifo|logic_ptr_pop[3]                                                    ;        ;
; pifoEngines_4|io_outputs_2_fifo|fifo|logic_ptr_pop[1]                                          ;        ;
; pifoEngines_0|enque_brain|io_outputs_4_fifo|fifo|logic_ptr_push[1]                             ;        ;
; pifoEngines_4|io_outputs_2_fifo|fifo|logic_ptr_push[1]                                         ;        ;
; pifoEngines_4|io_outputs_2_fifo|fifo|logic_ptr_pop[0]                                          ;        ;
; pifoEngines_4|io_outputs_2_fifo|fifo|logic_ptr_push[0]                                         ;        ;
; pifoEngines_4|deque_existingPop_fork|logic_linkEnable_0                                        ;        ;
; pifoEngines_4|deque_dequeMapper|io_readReq_valid_regNext                                       ;        ;
; xbar|io_inputs_5_fifo|fifo|logic_ptr_push[0]                                                   ;        ;
; xbar|io_inputs_5_fifo|fifo|logic_ptr_push[3]                                                   ;        ;
; xbar|_zz_io_outputs_0_valid_1                                                                  ;        ;
; xbar|io_inputs_1_fifo|fifo|logic_ram_rtl_0_bypass[2]                                           ;        ;
; xbar|io_inputs_1_fifo|fifo|logic_ram_rtl_0_bypass[1]                                           ;        ;
; pifoEngines_0|enque_brain|io_outputs_4_fifo|fifo|logic_ptr_pop[0]                              ;        ;
; xbar|io_inputs_1_fifo|fifo|logic_ptr_pop[1]                                                    ;        ;
; xbar|io_inputs_1_fifo|fifo|logic_ptr_pop[0]                                                    ;        ;
; xbar|io_inputs_1_fifo|fifo|logic_ptr_pop[3]                                                    ;        ;
; xbar|io_inputs_1_fifo|fifo|logic_ptr_push[2]                                                   ;        ;
; xbar|io_inputs_1_fifo|fifo|logic_ptr_push[1]                                                   ;        ;
; xbar|io_inputs_1_fifo|fifo|logic_ptr_push[0]                                                   ;        ;
; xbar|io_inputs_1_fifo|fifo|logic_ptr_push[3]                                                   ;        ;
; pifoEngines_0|deque_dequeMapper|io_readReq_valid_regNext                                       ;        ;
; pifoEngines_0|io_outputs_2_fifo|fifo|logic_ptr_pop[1]                                          ;        ;
; pifoEngines_0|io_outputs_2_fifo|fifo|logic_ptr_push[1]                                         ;        ;
; pifoEngines_0|enque_brain|io_outputs_4_fifo|fifo|logic_ptr_push[0]                             ;        ;
; pifoEngines_0|io_outputs_2_fifo|fifo|logic_ptr_pop[0]                                          ;        ;
; pifoEngines_0|io_outputs_2_fifo|fifo|logic_ptr_push[0]                                         ;        ;
; pifoEngines_0|deque_existingPop_fork|logic_linkEnable_0                                        ;        ;
; pifoEngines_0|enque_brain|engineCAM_io_readRes_toStream_fifo|fifo|logic_ram~0                  ;        ;
; pifoEngines_0|enque_brain|flowStateUpdate_toStream_fifo|fifo|logic_ram~19                      ;        ;
; pifoEngines_0|enque_brain|flowStateUpdate_toStream_fifo|fifo|logic_ram~46                      ;        ;
; pifoEngines_0|enque_brain|engineCAM_io_readRes_toStream_fifo|fifo|logic_ram~8                  ;        ;
; pifoEngines_0|enque_brain|flowStateUpdate_toStream_fifo|fifo|logic_ram~20                      ;        ;
; pifoEngines_0|enque_brain|flowStateUpdate_toStream_fifo|fifo|logic_ram~47                      ;        ;
; pifoEngines_0|enque_brain|engineCAM_io_readRes_toStream_fifo|fifo|logic_ram~1                  ;        ;
; pifoEngines_0|enque_flowIdStream_fifo|fifo|logic_ptr_pop[0]                                    ;        ;
; pifoEngines_0|enque_brain|engineCAM_io_readRes_toStream_fifo|fifo|logic_ram~9                  ;        ;
; pifoEngines_0|enque_brain|engineCAM_io_readRes_toStream_fifo|fifo|logic_ram~2                  ;        ;
; pifoEngines_0|enque_brain|flowStateUpdate_toStream_fifo|fifo|logic_ram~21                      ;        ;
; pifoEngines_0|enque_brain|flowStateUpdate_toStream_fifo|fifo|logic_ram~48                      ;        ;
; pifoEngines_0|enque_brain|engineCAM_io_readRes_toStream_fifo|fifo|logic_ram~10                 ;        ;
; pifoEngines_0|enque_brain|flowStateUpdate_toStream_fifo|fifo|logic_ram~22                      ;        ;
; pifoEngines_0|enque_brain|flowStateUpdate_toStream_fifo|fifo|logic_ram~49                      ;        ;
; pifoEngines_0|enque_brain|engineCAM_io_readRes_toStream_fifo|fifo|logic_ram~3                  ;        ;
; pifoEngines_0|enque_brain|engineCAM_io_readRes_toStream_fifo|fifo|logic_ram~11                 ;        ;
; pifoEngines_0|enque_brain|flowStateUpdate_toStream_fifo|fifo|logic_ram~26                      ;        ;
; pifoEngines_0|enque_flowIdStream_fifo|fifo|logic_ptr_push[0]                                   ;        ;
; pifoEngines_0|enque_brain|engineCAM_io_readRes_toStream_fifo|fifo|logic_ram~7                  ;        ;
; pifoEngines_0|enque_brain|engineCAM_io_readRes_toStream_fifo|fifo|logic_ram~15                 ;        ;
; pifoEngines_0|enque_brain|engineCAM_io_readRes_toStream_fifo|fifo|logic_ram~6                  ;        ;
; pifoEngines_0|enque_brain|flowStateUpdate_toStream_fifo|fifo|logic_ram~25                      ;        ;
; pifoEngines_0|enque_brain|flowStateUpdate_toStream_fifo|fifo|logic_ram~52                      ;        ;
; pifoEngines_0|enque_brain|engineCAM_io_readRes_toStream_fifo|fifo|logic_ram~5                  ;        ;
; pifoEngines_0|enque_brain|flowStateUpdate_toStream_fifo|fifo|logic_ram~24                      ;        ;
; pifoEngines_0|enque_brain|flowStateUpdate_toStream_fifo|fifo|logic_ram~51                      ;        ;
; pifoEngines_0|enque_brain|engineCAM_io_readRes_toStream_fifo|fifo|logic_ram~13                 ;        ;
; pifoEngines_0|enque_brain|engineCAM_io_readRes_toStream_fifo|fifo|logic_ram~4                  ;        ;
; pifoEngines_0|io_enqueRequest_fork2_logic_linkEnable_0                                         ;        ;
; pifoEngines_0|enque_brain|flowStateUpdate_toStream_fifo|fifo|logic_ram~23                      ;        ;
; pifoEngines_0|enque_brain|flowStateUpdate_toStream_fifo|fifo|logic_ram~50                      ;        ;
; pifoEngines_0|enque_brain|engineCAM_io_readRes_toStream_fifo|fifo|logic_ram~12                 ;        ;
; pifoEngines_0|enque_brain|engineCAM_io_readRes_toStream_fifo|fifo|logic_ram~14                 ;        ;
; pifoEngines_0|enque_brain|flowStateUpdate_toStream_fifo|fifo|logic_ram~53                      ;        ;
; pifoEngines_0|enque_brain|brainStateUpdate_toStream_fifo|fifo|logic_ptr_pop[1]                 ;        ;
; pifoEngines_0|enque_brain|brainStateUpdate_toStream_fifo|fifo|logic_ptr_push[1]                ;        ;
; pifoEngines_0|enque_brain|brainStateUpdate_toStream_fifo|fifo|logic_ptr_pop[0]                 ;        ;
; pifoEngines_0|enque_brain|brainStateUpdate_toStream_fifo|fifo|logic_ptr_push[0]                ;        ;
; pifoEngines_0|enque_brain|brainStateMem_io_readRes_toStream_fifo|fifo|logic_ram~0              ;        ;
; pifoEngines_0|enque_enqueMapper|io_readReq_valid_regNext                                       ;        ;
; pifoEngines_0|enque_brain|brainStateMem_io_readRes_toStream_fifo|fifo|logic_ram~8              ;        ;
; pifoEngines_0|enque_brain|brainStateUpdate_toStream_fifo|fifo|logic_ram~8                      ;        ;
; pifoEngines_0|enque_brain|brainStateUpdate_toStream_fifo|fifo|logic_ram~24                     ;        ;
; pifoEngines_0|enque_brain|brainStateMem_io_readRes_toStream_fifo|fifo|logic_ram~1              ;        ;
; pifoEngines_0|enque_brain|brainStateMem_io_readRes_toStream_fifo|fifo|logic_ram~9              ;        ;
; pifoEngines_0|enque_brain|brainStateUpdate_toStream_fifo|fifo|logic_ram~9                      ;        ;
; pifoEngines_0|enque_brain|brainStateUpdate_toStream_fifo|fifo|logic_ram~25                     ;        ;
; pifoEngines_0|enque_brain|brainStateMem_io_readRes_toStream_fifo|fifo|logic_ram~2              ;        ;
; pifoEngines_0|enque_brain|brainStateMem_io_readRes_toStream_fifo|fifo|logic_ram~10             ;        ;
; pifoEngines_0|enque_brain|brainStateUpdate_toStream_fifo|fifo|logic_ram~10                     ;        ;
; pifoEngines_0|enque_brain|lastVirtualMapper_io_readRes_toStream_fifo|fifo|logic_ptr_pop[1]     ;        ;
; pifoEngines_0|enque_brain|engineCAM_io_readRes_toStream_fifo|fifo|logic_ptr_pop[0]             ;        ;
; pifoEngines_0|enque_brain|brainStateUpdate_toStream_fifo|fifo|logic_ram~26                     ;        ;
; pifoEngines_0|enque_brain|brainStateMem_io_readRes_toStream_fifo|fifo|logic_ram~3              ;        ;
; pifoEngines_0|enque_brain|brainStateMem_io_readRes_toStream_fifo|fifo|logic_ram~11             ;        ;
; pifoEngines_0|enque_brain|brainStateUpdate_toStream_fifo|fifo|logic_ram~11                     ;        ;
; pifoEngines_0|enque_brain|brainStateUpdate_toStream_fifo|fifo|logic_ram~27                     ;        ;
; pifoEngines_0|enque_brain|brainStateMem_io_readRes_toStream_fifo|fifo|logic_ram~4              ;        ;
; pifoEngines_0|enque_brain|brainStateMem_io_readRes_toStream_fifo|fifo|logic_ram~12             ;        ;
; pifoEngines_0|enque_brain|brainStateUpdate_toStream_fifo|fifo|logic_ram~12                     ;        ;
; pifoEngines_0|enque_brain|brainStateUpdate_toStream_fifo|fifo|logic_ram~28                     ;        ;
; pifoEngines_0|enque_brain|brainStateMem_io_readRes_toStream_fifo|fifo|logic_ram~5              ;        ;
; pifoEngines_0|enque_brain|engineCAM_io_readRes_toStream_fifo|fifo|logic_ptr_push[0]            ;        ;
; pifoEngines_0|enque_brain|brainStateMem_io_readRes_toStream_fifo|fifo|logic_ram~13             ;        ;
; pifoEngines_0|enque_brain|brainStateUpdate_toStream_fifo|fifo|logic_ram~13                     ;        ;
; pifoEngines_0|enque_brain|brainStateUpdate_toStream_fifo|fifo|logic_ram~29                     ;        ;
; pifoEngines_0|enque_brain|brainStateUpdate_toStream_fifo|fifo|logic_ram~14                     ;        ;
; pifoEngines_0|enque_brain|brainStateUpdate_toStream_fifo|fifo|logic_ram~30                     ;        ;
; pifoEngines_0|enque_brain|brainStateMem_io_readRes_toStream_fifo|fifo|logic_ram~6              ;        ;
; pifoEngines_0|enque_brain|brainStateMem_io_readRes_toStream_fifo|fifo|logic_ram~14             ;        ;
; pifoEngines_0|enque_brain|brainStateMem_io_readRes_toStream_fifo|fifo|logic_ram~7              ;        ;
; pifoEngines_0|enque_brain|brainStateMem_io_readRes_toStream_fifo|fifo|logic_ram~15             ;        ;
; pifoEngines_0|enque_brain|brainStateUpdate_toStream_fifo|fifo|logic_ram~15                     ;        ;
; io_controlRequest_fifo|logic_pop_sync_popReg[2]                                                ;        ;
; pifoEngines_0|enque_brain|brainStateUpdate_toStream_fifo|fifo|logic_ram~31                     ;        ;
; pifoEngines_1|enque_flowIdStream_fifo|fifo|logic_ptr_pop[1]                                    ;        ;
; pifoEngines_1|enque_flowIdStream_fifo|fifo|logic_ptr_push[1]                                   ;        ;
; pifoEngines_1|enque_brain|io_outputs_4_fifo|fifo|logic_ptr_pop[1]                              ;        ;
; pifoEngines_1|enque_brain|io_outputs_4_fifo|fifo|logic_ptr_push[1]                             ;        ;
; pifoEngines_1|enque_brain|lastVirtualMapper_io_readRes_toStream_fifo|fifo|logic_ptr_pop[1]     ;        ;
; pifoEngines_1|enque_brain|lastVirtualMapper_io_readRes_toStream_fifo|fifo|logic_ptr_push[1]    ;        ;
; pifoEngines_1|enque_brain|lastVirtualMapper_io_readRes_toStream_fifo|fifo|logic_ptr_pop[0]     ;        ;
; pifoEngines_1|enque_brain|lastVirtualMapper_io_readRes_toStream_fifo|fifo|logic_ptr_push[0]    ;        ;
; pifoEngines_1|enque_brain|engineMapper_io_readRes_toStream_fifo|fifo|logic_ptr_pop[1]          ;        ;
; io_controlRequest_fifo|logic_pop_sync_popReg[1]                                                ;        ;
; pifoEngines_1|enque_brain|engineMapper_io_readRes_toStream_fifo|fifo|logic_ptr_push[1]         ;        ;
; pifoEngines_1|enque_brain|engineMapper_io_readRes_toStream_fifo|fifo|logic_ptr_pop[0]          ;        ;
; pifoEngines_1|enque_brain|engineMapper_io_readRes_toStream_fifo|fifo|logic_ptr_push[0]         ;        ;
; pifoEngines_1|enque_brain|engineMapper|io_readReq_valid_regNext                                ;        ;
; pifoEngines_1|enque_brain|lastVirtualMapper|io_readReq_valid_regNext                           ;        ;
; pifoEngines_1|enque_brain|brainStateMem_io_readRes_toStream_fifo|fifo|logic_ptr_pop[1]         ;        ;
; pifoEngines_1|enque_brain|brainStateMem_io_readRes_toStream_fifo|fifo|logic_ptr_push[1]        ;        ;
; pifoEngines_1|enque_brain|brainStateMem_io_readRes_toStream_fifo|fifo|logic_ptr_pop[0]         ;        ;
; pifoEngines_1|enque_brain|brainStateMem_io_readRes_toStream_fifo|fifo|logic_ptr_push[0]        ;        ;
; pifoEngines_1|enque_brain|engineCAM_io_readRes_toStream_fifo|fifo|logic_ptr_pop[1]             ;        ;
; io_controlRequest_fifo|logic_ptr_pop[1]                                                        ;        ;
; pifoEngines_1|enque_brain|engineCAM_io_readRes_toStream_fifo|fifo|logic_ptr_push[1]            ;        ;
; pifoEngines_1|enque_brain|engineCAM_io_readRes_toStream_fifo|fifo|logic_ptr_pop[0]             ;        ;
; pifoEngines_1|enque_brain|engineCAM_io_readRes_toStream_fifo|fifo|logic_ptr_push[0]            ;        ;
; pifoEngines_1|enque_brain|engineCAM|io_readReq_valid_regNext                                   ;        ;
; pifoEngines_1|enque_brain|io_request_fork|logic_linkEnable_0                                   ;        ;
; pifoEngines_1|enque_brain|brainStateMem|io_readReq_valid_regNext                               ;        ;
; pifoEngines_1|enque_brain|io_outputs_4_fifo|fifo|logic_ptr_pop[0]                              ;        ;
; pifoEngines_1|enque_brain|io_outputs_4_fifo|fifo|logic_ptr_push[0]                             ;        ;
; pifoEngines_1|enque_enqueMapper|io_readReq_valid_regNext                                       ;        ;
; pifoEngines_1|enque_flowIdStream_fifo|fifo|logic_ptr_pop[0]                                    ;        ;
; io_controlRequest_fifo|logic_ptr_pop[2]                                                        ;        ;
; pifoEngines_1|enque_flowIdStream_fifo|fifo|logic_ptr_push[0]                                   ;        ;
; pifoEngines_1|io_enqueRequest_fork2_logic_linkEnable_0                                         ;        ;
; pifoEngines_1|enque_brain|brainStateUpdate_toStream_fifo|fifo|logic_ptr_pop[1]                 ;        ;
; pifoEngines_1|enque_brain|brainStateUpdate_toStream_fifo|fifo|logic_ptr_push[1]                ;        ;
; pifoEngines_1|enque_brain|brainStateUpdate_toStream_fifo|fifo|logic_ptr_pop[0]                 ;        ;
; pifoEngines_1|enque_brain|brainStateUpdate_toStream_fifo|fifo|logic_ptr_push[0]                ;        ;
; pifoEngines_1|enque_brain|brainStateUpdate_toStream_fifo|fifo|logic_ram~8                      ;        ;
; pifoEngines_1|enque_brain|brainStateUpdate_toStream_fifo|fifo|logic_ram~24                     ;        ;
; pifoEngines_1|enque_brain|brainStateMem_io_readRes_toStream_fifo|fifo|logic_ram~0              ;        ;
; pifoEngines_1|enque_brain|brainStateMem_io_readRes_toStream_fifo|fifo|logic_ram~8              ;        ;
; io_controlRequest_fifo|logic_ptr_push[1]                                                       ;        ;
; pifoEngines_1|enque_brain|flowStateUpdate_toStream_fifo|fifo|logic_ptr_pop[1]                  ;        ;
; pifoEngines_1|enque_brain|flowStateUpdate_toStream_fifo|fifo|logic_ptr_push[1]                 ;        ;
; pifoEngines_1|enque_brain|flowStateUpdate_toStream_fifo|fifo|logic_ptr_pop[0]                  ;        ;
; pifoEngines_1|enque_brain|flowStateUpdate_toStream_fifo|fifo|logic_ptr_push[0]                 ;        ;
; pifoEngines_1|enque_brain|flowStateUpdate_toStream_fifo|fifo|logic_ram~19                      ;        ;
; pifoEngines_1|enque_brain|flowStateUpdate_toStream_fifo|fifo|logic_ram~20                      ;        ;
; pifoEngines_1|enque_brain|flowStateUpdate_toStream_fifo|fifo|logic_ram~47                      ;        ;
; pifoEngines_1|enque_brain|engineCAM_io_readRes_toStream_fifo|fifo|logic_ram~1                  ;        ;
; pifoEngines_1|enque_brain|engineCAM_io_readRes_toStream_fifo|fifo|logic_ram~9                  ;        ;
; pifoEngines_1|enque_brain|engineCAM_io_readRes_toStream_fifo|fifo|logic_ram~2                  ;        ;
; io_controlRequest_fifo|logic_ptr_push[2]                                                       ;        ;
; pifoEngines_1|enque_brain|flowStateUpdate_toStream_fifo|fifo|logic_ram~21                      ;        ;
; pifoEngines_1|enque_brain|flowStateUpdate_toStream_fifo|fifo|logic_ram~48                      ;        ;
; pifoEngines_1|enque_brain|engineCAM_io_readRes_toStream_fifo|fifo|logic_ram~10                 ;        ;
; pifoEngines_1|enque_brain|flowStateUpdate_toStream_fifo|fifo|logic_ram~22                      ;        ;
; pifoEngines_1|enque_brain|flowStateUpdate_toStream_fifo|fifo|logic_ram~49                      ;        ;
; pifoEngines_1|enque_brain|engineCAM_io_readRes_toStream_fifo|fifo|logic_ram~3                  ;        ;
; pifoEngines_1|enque_brain|engineCAM_io_readRes_toStream_fifo|fifo|logic_ram~11                 ;        ;
; pifoEngines_1|enque_brain|flowStateUpdate_toStream_fifo|fifo|logic_ram~26                      ;        ;
; pifoEngines_1|enque_brain|engineCAM_io_readRes_toStream_fifo|fifo|logic_ram~7                  ;        ;
; pifoEngines_1|enque_brain|engineCAM_io_readRes_toStream_fifo|fifo|logic_ram~15                 ;        ;
; io_controlRequest_fifo|logic_ptr_pop[0]                                                        ;        ;
; pifoEngines_1|enque_brain|engineCAM_io_readRes_toStream_fifo|fifo|logic_ram~6                  ;        ;
; pifoEngines_1|enque_brain|flowStateUpdate_toStream_fifo|fifo|logic_ram~25                      ;        ;
; pifoEngines_1|enque_brain|flowStateUpdate_toStream_fifo|fifo|logic_ram~52                      ;        ;
; pifoEngines_1|enque_brain|engineCAM_io_readRes_toStream_fifo|fifo|logic_ram~5                  ;        ;
; pifoEngines_1|enque_brain|flowStateUpdate_toStream_fifo|fifo|logic_ram~24                      ;        ;
; pifoEngines_1|enque_brain|flowStateUpdate_toStream_fifo|fifo|logic_ram~51                      ;        ;
; pifoEngines_1|enque_brain|engineCAM_io_readRes_toStream_fifo|fifo|logic_ram~13                 ;        ;
; pifoEngines_1|enque_brain|engineCAM_io_readRes_toStream_fifo|fifo|logic_ram~4                  ;        ;
; pifoEngines_1|enque_brain|flowStateUpdate_toStream_fifo|fifo|logic_ram~23                      ;        ;
; pifoEngines_1|enque_brain|flowStateUpdate_toStream_fifo|fifo|logic_ram~50                      ;        ;
; io_controlRequest_fifo|logic_pop_sync_popReg[0]                                                ;        ;
; pifoEngines_1|enque_brain|engineCAM_io_readRes_toStream_fifo|fifo|logic_ram~12                 ;        ;
; pifoEngines_1|enque_brain|engineCAM_io_readRes_toStream_fifo|fifo|logic_ram~14                 ;        ;
; pifoEngines_1|enque_brain|flowStateUpdate_toStream_fifo|fifo|logic_ram~53                      ;        ;
; pifoEngines_1|enque_brain|flowStateUpdate_toStream_fifo|fifo|logic_ram~46                      ;        ;
; pifoEngines_1|enque_brain|engineCAM_io_readRes_toStream_fifo|fifo|logic_ram~0                  ;        ;
; pifoEngines_1|enque_brain|engineCAM_io_readRes_toStream_fifo|fifo|logic_ram~8                  ;        ;
; pifoEngines_1|enque_brain|brainStateMem_io_readRes_toStream_fifo|fifo|logic_ram~1              ;        ;
; pifoEngines_1|enque_brain|brainStateMem_io_readRes_toStream_fifo|fifo|logic_ram~9              ;        ;
; pifoEngines_1|enque_brain|brainStateUpdate_toStream_fifo|fifo|logic_ram~9                      ;        ;
; pifoEngines_1|enque_brain|brainStateUpdate_toStream_fifo|fifo|logic_ram~25                     ;        ;
; pifoEngines_0|enque_brain|lastVirtualMapper_io_readRes_toStream_fifo|fifo|logic_ptr_push[1]    ;        ;
; io_controlRequest_fifo|logic_ptr_push[0]                                                       ;        ;
; pifoEngines_1|enque_brain|brainStateMem_io_readRes_toStream_fifo|fifo|logic_ram~2              ;        ;
; pifoEngines_1|enque_brain|brainStateMem_io_readRes_toStream_fifo|fifo|logic_ram~10             ;        ;
; pifoEngines_1|enque_brain|brainStateUpdate_toStream_fifo|fifo|logic_ram~10                     ;        ;
; pifoEngines_1|enque_brain|brainStateUpdate_toStream_fifo|fifo|logic_ram~26                     ;        ;
; pifoEngines_1|enque_brain|brainStateMem_io_readRes_toStream_fifo|fifo|logic_ram~3              ;        ;
; pifoEngines_1|enque_brain|brainStateMem_io_readRes_toStream_fifo|fifo|logic_ram~11             ;        ;
; pifoEngines_1|enque_brain|brainStateUpdate_toStream_fifo|fifo|logic_ram~11                     ;        ;
; pifoEngines_1|enque_brain|brainStateUpdate_toStream_fifo|fifo|logic_ram~27                     ;        ;
; pifoEngines_1|enque_brain|brainStateMem_io_readRes_toStream_fifo|fifo|logic_ram~4              ;        ;
; pifoEngines_1|enque_brain|brainStateMem_io_readRes_toStream_fifo|fifo|logic_ram~12             ;        ;
; io_controlRequest_fifo|logic_pop_addressGen_rValid                                             ;        ;
; pifoEngines_1|enque_brain|brainStateUpdate_toStream_fifo|fifo|logic_ram~12                     ;        ;
; pifoEngines_1|enque_brain|brainStateUpdate_toStream_fifo|fifo|logic_ram~28                     ;        ;
; pifoEngines_1|enque_brain|brainStateMem_io_readRes_toStream_fifo|fifo|logic_ram~5              ;        ;
; pifoEngines_1|enque_brain|brainStateMem_io_readRes_toStream_fifo|fifo|logic_ram~13             ;        ;
; pifoEngines_1|enque_brain|brainStateUpdate_toStream_fifo|fifo|logic_ram~13                     ;        ;
; pifoEngines_1|enque_brain|brainStateUpdate_toStream_fifo|fifo|logic_ram~29                     ;        ;
; pifoEngines_1|enque_brain|brainStateUpdate_toStream_fifo|fifo|logic_ram~14                     ;        ;
; pifoEngines_1|enque_brain|brainStateUpdate_toStream_fifo|fifo|logic_ram~30                     ;        ;
; pifoEngines_1|enque_brain|brainStateMem_io_readRes_toStream_fifo|fifo|logic_ram~6              ;        ;
; pifoEngines_1|enque_brain|brainStateMem_io_readRes_toStream_fifo|fifo|logic_ram~14             ;        ;
; pifoEngines_0|enque_brain|flowStateUpdate_toStream_fifo|fifo|logic_ptr_pop[1]                  ;        ;
; pifoEngines_1|enque_brain|brainStateMem_io_readRes_toStream_fifo|fifo|logic_ram~7              ;        ;
; pifoEngines_1|enque_brain|brainStateMem_io_readRes_toStream_fifo|fifo|logic_ram~15             ;        ;
; pifoEngines_1|enque_brain|brainStateUpdate_toStream_fifo|fifo|logic_ram~15                     ;        ;
; pifoEngines_1|enque_brain|brainStateUpdate_toStream_fifo|fifo|logic_ram~31                     ;        ;
; pifoEngines_2|enque_brain|engineCAM_io_readRes_toStream_fifo|fifo|logic_ptr_pop[1]             ;        ;
; pifoEngines_2|enque_brain|engineCAM_io_readRes_toStream_fifo|fifo|logic_ptr_push[1]            ;        ;
; pifoEngines_2|enque_brain|lastVirtualMapper_io_readRes_toStream_fifo|fifo|logic_ptr_pop[1]     ;        ;
; pifoEngines_2|enque_brain|lastVirtualMapper_io_readRes_toStream_fifo|fifo|logic_ptr_push[1]    ;        ;
; pifoEngines_2|enque_brain|lastVirtualMapper_io_readRes_toStream_fifo|fifo|logic_ptr_pop[0]     ;        ;
; pifoEngines_2|enque_brain|lastVirtualMapper_io_readRes_toStream_fifo|fifo|logic_ptr_push[0]    ;        ;
; pifoEngines_0|enque_brain|flowStateUpdate_toStream_fifo|fifo|logic_ptr_push[1]                 ;        ;
; pifoEngines_2|enque_brain|engineMapper_io_readRes_toStream_fifo|fifo|logic_ptr_pop[1]          ;        ;
; pifoEngines_2|enque_brain|engineMapper_io_readRes_toStream_fifo|fifo|logic_ptr_push[1]         ;        ;
; pifoEngines_2|enque_brain|engineMapper_io_readRes_toStream_fifo|fifo|logic_ptr_pop[0]          ;        ;
; pifoEngines_2|enque_brain|engineMapper_io_readRes_toStream_fifo|fifo|logic_ptr_push[0]         ;        ;
; pifoEngines_2|enque_brain|engineMapper|io_readReq_valid_regNext                                ;        ;
; pifoEngines_2|enque_brain|lastVirtualMapper|io_readReq_valid_regNext                           ;        ;
; pifoEngines_2|enque_brain|brainStateMem_io_readRes_toStream_fifo|fifo|logic_ptr_pop[1]         ;        ;
; pifoEngines_2|enque_brain|brainStateMem_io_readRes_toStream_fifo|fifo|logic_ptr_push[1]        ;        ;
; pifoEngines_2|enque_brain|brainStateMem_io_readRes_toStream_fifo|fifo|logic_ptr_pop[0]         ;        ;
; pifoEngines_2|enque_brain|brainStateMem_io_readRes_toStream_fifo|fifo|logic_ptr_push[0]        ;        ;
; pifoEngines_0|enque_brain|flowStateUpdate_toStream_fifo|fifo|logic_ptr_pop[0]                  ;        ;
; pifoEngines_2|enque_brain|engineCAM|io_readReq_valid_regNext                                   ;        ;
; pifoEngines_2|enque_brain|io_request_fork|logic_linkEnable_0                                   ;        ;
; pifoEngines_2|enque_brain|brainStateMem|io_readReq_valid_regNext                               ;        ;
; pifoEngines_2|enque_flowIdStream_fifo|fifo|logic_ptr_pop[1]                                    ;        ;
; pifoEngines_2|enque_flowIdStream_fifo|fifo|logic_ptr_push[1]                                   ;        ;
; pifoEngines_2|enque_brain|io_outputs_4_fifo|fifo|logic_ptr_pop[1]                              ;        ;
; pifoEngines_2|enque_brain|io_outputs_4_fifo|fifo|logic_ptr_push[1]                             ;        ;
; pifoEngines_2|enque_brain|io_outputs_4_fifo|fifo|logic_ptr_pop[0]                              ;        ;
; pifoEngines_2|enque_brain|io_outputs_4_fifo|fifo|logic_ptr_push[0]                             ;        ;
; pifoEngines_2|enque_flowIdStream_fifo|fifo|logic_ptr_pop[0]                                    ;        ;
; pifoEngines_0|enque_brain|flowStateUpdate_toStream_fifo|fifo|logic_ptr_push[0]                 ;        ;
; pifoEngines_2|enque_flowIdStream_fifo|fifo|logic_ptr_push[0]                                   ;        ;
; pifoEngines_2|io_enqueRequest_fork2_logic_linkEnable_0                                         ;        ;
; pifoEngines_2|enque_enqueMapper|io_readReq_valid_regNext                                       ;        ;
; pifoEngines_2|enque_brain|engineCAM_io_readRes_toStream_fifo|fifo|logic_ptr_pop[0]             ;        ;
; pifoEngines_2|enque_brain|engineCAM_io_readRes_toStream_fifo|fifo|logic_ptr_push[0]            ;        ;
; pifoEngines_2|enque_brain|flowStateUpdate_toStream_fifo|fifo|logic_ptr_pop[1]                  ;        ;
; pifoEngines_2|enque_brain|flowStateUpdate_toStream_fifo|fifo|logic_ptr_push[1]                 ;        ;
; pifoEngines_2|enque_brain|flowStateUpdate_toStream_fifo|fifo|logic_ptr_pop[0]                  ;        ;
; pifoEngines_2|enque_brain|flowStateUpdate_toStream_fifo|fifo|logic_ptr_push[0]                 ;        ;
; pifoEngines_2|enque_brain|engineCAM_io_readRes_toStream_fifo|fifo|logic_ram~0                  ;        ;
; xbar|io_inputs_1_fifo|fifo|logic_ram~14                                                        ;        ;
; pifoEngines_2|enque_brain|flowStateUpdate_toStream_fifo|fifo|logic_ram~19                      ;        ;
; pifoEngines_2|enque_brain|flowStateUpdate_toStream_fifo|fifo|logic_ram~46                      ;        ;
; pifoEngines_2|enque_brain|engineCAM_io_readRes_toStream_fifo|fifo|logic_ram~8                  ;        ;
; pifoEngines_2|enque_brain|flowStateUpdate_toStream_fifo|fifo|logic_ram~20                      ;        ;
; pifoEngines_2|enque_brain|flowStateUpdate_toStream_fifo|fifo|logic_ram~47                      ;        ;
; pifoEngines_2|enque_brain|engineCAM_io_readRes_toStream_fifo|fifo|logic_ram~1                  ;        ;
; pifoEngines_2|enque_brain|engineCAM_io_readRes_toStream_fifo|fifo|logic_ram~9                  ;        ;
; pifoEngines_2|enque_brain|engineCAM_io_readRes_toStream_fifo|fifo|logic_ram~2                  ;        ;
; pifoEngines_2|enque_brain|flowStateUpdate_toStream_fifo|fifo|logic_ram~21                      ;        ;
; pifoEngines_2|enque_brain|flowStateUpdate_toStream_fifo|fifo|logic_ram~48                      ;        ;
; xbar|io_inputs_1_fifo|fifo|logic_ram_rtl_0_bypass[9]                                           ;        ;
; pifoEngines_2|enque_brain|engineCAM_io_readRes_toStream_fifo|fifo|logic_ram~10                 ;        ;
; pifoEngines_2|enque_brain|flowStateUpdate_toStream_fifo|fifo|logic_ram~22                      ;        ;
; pifoEngines_2|enque_brain|flowStateUpdate_toStream_fifo|fifo|logic_ram~49                      ;        ;
; pifoEngines_2|enque_brain|engineCAM_io_readRes_toStream_fifo|fifo|logic_ram~3                  ;        ;
; pifoEngines_2|enque_brain|engineCAM_io_readRes_toStream_fifo|fifo|logic_ram~11                 ;        ;
; pifoEngines_2|enque_brain|flowStateUpdate_toStream_fifo|fifo|logic_ram~26                      ;        ;
; pifoEngines_2|enque_brain|engineCAM_io_readRes_toStream_fifo|fifo|logic_ram~7                  ;        ;
; pifoEngines_2|enque_brain|engineCAM_io_readRes_toStream_fifo|fifo|logic_ram~15                 ;        ;
; pifoEngines_2|enque_brain|engineCAM_io_readRes_toStream_fifo|fifo|logic_ram~6                  ;        ;
; pifoEngines_2|enque_brain|flowStateUpdate_toStream_fifo|fifo|logic_ram~25                      ;        ;
; xbar|streamArbiter_16|maskLocked_1                                                             ;        ;
; pifoEngines_2|enque_brain|flowStateUpdate_toStream_fifo|fifo|logic_ram~52                      ;        ;
; pifoEngines_2|enque_brain|engineCAM_io_readRes_toStream_fifo|fifo|logic_ram~5                  ;        ;
; pifoEngines_2|enque_brain|flowStateUpdate_toStream_fifo|fifo|logic_ram~24                      ;        ;
; pifoEngines_2|enque_brain|flowStateUpdate_toStream_fifo|fifo|logic_ram~51                      ;        ;
; pifoEngines_2|enque_brain|engineCAM_io_readRes_toStream_fifo|fifo|logic_ram~13                 ;        ;
; pifoEngines_2|enque_brain|engineCAM_io_readRes_toStream_fifo|fifo|logic_ram~4                  ;        ;
; pifoEngines_2|enque_brain|flowStateUpdate_toStream_fifo|fifo|logic_ram~23                      ;        ;
; pifoEngines_2|enque_brain|flowStateUpdate_toStream_fifo|fifo|logic_ram~50                      ;        ;
; pifoEngines_2|enque_brain|engineCAM_io_readRes_toStream_fifo|fifo|logic_ram~12                 ;        ;
; pifoEngines_2|enque_brain|engineCAM_io_readRes_toStream_fifo|fifo|logic_ram~14                 ;        ;
; xbar|io_inputs_5_fifo|fifo|logic_ram~14                                                        ;        ;
; pifoEngines_2|enque_brain|flowStateUpdate_toStream_fifo|fifo|logic_ram~53                      ;        ;
; pifoEngines_2|enque_brain|brainStateUpdate_toStream_fifo|fifo|logic_ptr_pop[1]                 ;        ;
; pifoEngines_2|enque_brain|brainStateUpdate_toStream_fifo|fifo|logic_ptr_push[1]                ;        ;
; pifoEngines_2|enque_brain|brainStateUpdate_toStream_fifo|fifo|logic_ptr_pop[0]                 ;        ;
; pifoEngines_2|enque_brain|brainStateUpdate_toStream_fifo|fifo|logic_ptr_push[0]                ;        ;
; pifoEngines_2|enque_brain|brainStateMem_io_readRes_toStream_fifo|fifo|logic_ram~0              ;        ;
; pifoEngines_2|enque_brain|brainStateMem_io_readRes_toStream_fifo|fifo|logic_ram~8              ;        ;
; pifoEngines_2|enque_brain|brainStateUpdate_toStream_fifo|fifo|logic_ram~8                      ;        ;
; pifoEngines_2|enque_brain|brainStateUpdate_toStream_fifo|fifo|logic_ram~24                     ;        ;
; pifoEngines_2|enque_brain|brainStateMem_io_readRes_toStream_fifo|fifo|logic_ram~1              ;        ;
; pifoEngines_0|enque_brain|lastVirtualMapper_io_readRes_toStream_fifo|fifo|logic_ptr_pop[0]     ;        ;
; xbar|io_inputs_5_fifo|fifo|logic_ram_rtl_0_bypass[9]                                           ;        ;
; pifoEngines_2|enque_brain|brainStateMem_io_readRes_toStream_fifo|fifo|logic_ram~9              ;        ;
; pifoEngines_2|enque_brain|brainStateUpdate_toStream_fifo|fifo|logic_ram~9                      ;        ;
; pifoEngines_2|enque_brain|brainStateUpdate_toStream_fifo|fifo|logic_ram~25                     ;        ;
; pifoEngines_2|enque_brain|brainStateMem_io_readRes_toStream_fifo|fifo|logic_ram~2              ;        ;
; pifoEngines_2|enque_brain|brainStateMem_io_readRes_toStream_fifo|fifo|logic_ram~10             ;        ;
; pifoEngines_2|enque_brain|brainStateUpdate_toStream_fifo|fifo|logic_ram~10                     ;        ;
; pifoEngines_2|enque_brain|brainStateUpdate_toStream_fifo|fifo|logic_ram~26                     ;        ;
; pifoEngines_2|enque_brain|brainStateMem_io_readRes_toStream_fifo|fifo|logic_ram~3              ;        ;
; pifoEngines_2|enque_brain|brainStateMem_io_readRes_toStream_fifo|fifo|logic_ram~11             ;        ;
; pifoEngines_2|enque_brain|brainStateUpdate_toStream_fifo|fifo|logic_ram~11                     ;        ;
; xbar|io_inputs_5_fifo|fifo|logic_ram~13                                                        ;        ;
; pifoEngines_2|enque_brain|brainStateUpdate_toStream_fifo|fifo|logic_ram~27                     ;        ;
; pifoEngines_2|enque_brain|brainStateMem_io_readRes_toStream_fifo|fifo|logic_ram~4              ;        ;
; pifoEngines_2|enque_brain|brainStateMem_io_readRes_toStream_fifo|fifo|logic_ram~12             ;        ;
; pifoEngines_2|enque_brain|brainStateUpdate_toStream_fifo|fifo|logic_ram~12                     ;        ;
; pifoEngines_2|enque_brain|brainStateUpdate_toStream_fifo|fifo|logic_ram~28                     ;        ;
; pifoEngines_2|enque_brain|brainStateMem_io_readRes_toStream_fifo|fifo|logic_ram~5              ;        ;
; pifoEngines_2|enque_brain|brainStateMem_io_readRes_toStream_fifo|fifo|logic_ram~13             ;        ;
; pifoEngines_2|enque_brain|brainStateUpdate_toStream_fifo|fifo|logic_ram~13                     ;        ;
; pifoEngines_2|enque_brain|brainStateUpdate_toStream_fifo|fifo|logic_ram~29                     ;        ;
; pifoEngines_2|enque_brain|brainStateUpdate_toStream_fifo|fifo|logic_ram~14                     ;        ;
; xbar|io_inputs_5_fifo|fifo|logic_ram_rtl_0_bypass[8]                                           ;        ;
; pifoEngines_2|enque_brain|brainStateUpdate_toStream_fifo|fifo|logic_ram~30                     ;        ;
; pifoEngines_2|enque_brain|brainStateMem_io_readRes_toStream_fifo|fifo|logic_ram~6              ;        ;
; pifoEngines_2|enque_brain|brainStateMem_io_readRes_toStream_fifo|fifo|logic_ram~14             ;        ;
; pifoEngines_2|enque_brain|brainStateMem_io_readRes_toStream_fifo|fifo|logic_ram~7              ;        ;
; pifoEngines_2|enque_brain|brainStateMem_io_readRes_toStream_fifo|fifo|logic_ram~15             ;        ;
; pifoEngines_2|enque_brain|brainStateUpdate_toStream_fifo|fifo|logic_ram~15                     ;        ;
; pifoEngines_2|enque_brain|brainStateUpdate_toStream_fifo|fifo|logic_ram~31                     ;        ;
; pifoEngines_3|enque_brain|engineCAM_io_readRes_toStream_fifo|fifo|logic_ptr_pop[1]             ;        ;
; pifoEngines_3|enque_brain|engineCAM_io_readRes_toStream_fifo|fifo|logic_ptr_push[1]            ;        ;
; pifoEngines_3|enque_brain|lastVirtualMapper_io_readRes_toStream_fifo|fifo|logic_ptr_pop[1]     ;        ;
; xbar|io_inputs_5_fifo|fifo|logic_ram_rtl_0_bypass[6]                                           ;        ;
; pifoEngines_3|enque_brain|lastVirtualMapper_io_readRes_toStream_fifo|fifo|logic_ptr_push[1]    ;        ;
; pifoEngines_3|enque_brain|lastVirtualMapper_io_readRes_toStream_fifo|fifo|logic_ptr_pop[0]     ;        ;
; pifoEngines_3|enque_brain|lastVirtualMapper_io_readRes_toStream_fifo|fifo|logic_ptr_push[0]    ;        ;
; pifoEngines_3|enque_brain|engineMapper_io_readRes_toStream_fifo|fifo|logic_ptr_pop[1]          ;        ;
; pifoEngines_3|enque_brain|engineMapper_io_readRes_toStream_fifo|fifo|logic_ptr_push[1]         ;        ;
; pifoEngines_3|enque_brain|engineMapper_io_readRes_toStream_fifo|fifo|logic_ptr_pop[0]          ;        ;
; pifoEngines_3|enque_brain|engineMapper_io_readRes_toStream_fifo|fifo|logic_ptr_push[0]         ;        ;
; pifoEngines_3|enque_brain|engineMapper|io_readReq_valid_regNext                                ;        ;
; pifoEngines_3|enque_brain|lastVirtualMapper|io_readReq_valid_regNext                           ;        ;
; pifoEngines_3|enque_brain|brainStateMem_io_readRes_toStream_fifo|fifo|logic_ptr_pop[1]         ;        ;
; xbar|io_inputs_5_fifo|fifo|logic_ram_rtl_0_bypass[5]                                           ;        ;
; pifoEngines_3|enque_brain|brainStateMem_io_readRes_toStream_fifo|fifo|logic_ptr_push[1]        ;        ;
; pifoEngines_3|enque_brain|brainStateMem_io_readRes_toStream_fifo|fifo|logic_ptr_pop[0]         ;        ;
; pifoEngines_3|enque_brain|brainStateMem_io_readRes_toStream_fifo|fifo|logic_ptr_push[0]        ;        ;
; pifoEngines_3|enque_brain|engineCAM|io_readReq_valid_regNext                                   ;        ;
; pifoEngines_3|enque_brain|io_request_fork|logic_linkEnable_0                                   ;        ;
; pifoEngines_3|enque_brain|brainStateMem|io_readReq_valid_regNext                               ;        ;
; pifoEngines_3|enque_flowIdStream_fifo|fifo|logic_ptr_pop[1]                                    ;        ;
; pifoEngines_3|enque_flowIdStream_fifo|fifo|logic_ptr_push[1]                                   ;        ;
; pifoEngines_3|enque_brain|io_outputs_4_fifo|fifo|logic_ptr_pop[1]                              ;        ;
; pifoEngines_3|enque_brain|io_outputs_4_fifo|fifo|logic_ptr_push[1]                             ;        ;
; xbar|io_inputs_5_fifo|fifo|logic_ram~11                                                        ;        ;
; pifoEngines_3|enque_brain|io_outputs_4_fifo|fifo|logic_ptr_pop[0]                              ;        ;
; pifoEngines_3|enque_brain|io_outputs_4_fifo|fifo|logic_ptr_push[0]                             ;        ;
; pifoEngines_3|enque_flowIdStream_fifo|fifo|logic_ptr_pop[0]                                    ;        ;
; pifoEngines_3|enque_flowIdStream_fifo|fifo|logic_ptr_push[0]                                   ;        ;
; pifoEngines_3|io_enqueRequest_fork2_logic_linkEnable_0                                         ;        ;
; pifoEngines_3|enque_enqueMapper|io_readReq_valid_regNext                                       ;        ;
; pifoEngines_3|enque_brain|engineCAM_io_readRes_toStream_fifo|fifo|logic_ptr_pop[0]             ;        ;
; pifoEngines_3|enque_brain|engineCAM_io_readRes_toStream_fifo|fifo|logic_ptr_push[0]            ;        ;
; pifoEngines_3|enque_brain|flowStateUpdate_toStream_fifo|fifo|logic_ptr_pop[1]                  ;        ;
; pifoEngines_3|enque_brain|flowStateUpdate_toStream_fifo|fifo|logic_ptr_push[1]                 ;        ;
; xbar|io_inputs_5_fifo|fifo|logic_ram~12                                                        ;        ;
; pifoEngines_3|enque_brain|flowStateUpdate_toStream_fifo|fifo|logic_ptr_pop[0]                  ;        ;
; pifoEngines_3|enque_brain|flowStateUpdate_toStream_fifo|fifo|logic_ptr_push[0]                 ;        ;
; pifoEngines_3|enque_brain|engineCAM_io_readRes_toStream_fifo|fifo|logic_ram~0                  ;        ;
; pifoEngines_3|enque_brain|flowStateUpdate_toStream_fifo|fifo|logic_ram~19                      ;        ;
; pifoEngines_3|enque_brain|flowStateUpdate_toStream_fifo|fifo|logic_ram~46                      ;        ;
; pifoEngines_3|enque_brain|engineCAM_io_readRes_toStream_fifo|fifo|logic_ram~8                  ;        ;
; pifoEngines_3|enque_brain|flowStateUpdate_toStream_fifo|fifo|logic_ram~20                      ;        ;
; pifoEngines_3|enque_brain|flowStateUpdate_toStream_fifo|fifo|logic_ram~47                      ;        ;
; pifoEngines_3|enque_brain|engineCAM_io_readRes_toStream_fifo|fifo|logic_ram~1                  ;        ;
; pifoEngines_3|enque_brain|engineCAM_io_readRes_toStream_fifo|fifo|logic_ram~9                  ;        ;
; xbar|io_inputs_5_fifo|fifo|logic_ptr_pop[2]                                                    ;        ;
; pifoEngines_3|enque_brain|engineCAM_io_readRes_toStream_fifo|fifo|logic_ram~2                  ;        ;
; pifoEngines_3|enque_brain|flowStateUpdate_toStream_fifo|fifo|logic_ram~21                      ;        ;
; pifoEngines_3|enque_brain|flowStateUpdate_toStream_fifo|fifo|logic_ram~48                      ;        ;
; pifoEngines_3|enque_brain|engineCAM_io_readRes_toStream_fifo|fifo|logic_ram~10                 ;        ;
; pifoEngines_3|enque_brain|flowStateUpdate_toStream_fifo|fifo|logic_ram~22                      ;        ;
; pifoEngines_3|enque_brain|flowStateUpdate_toStream_fifo|fifo|logic_ram~49                      ;        ;
; pifoEngines_3|enque_brain|engineCAM_io_readRes_toStream_fifo|fifo|logic_ram~3                  ;        ;
; pifoEngines_3|enque_brain|engineCAM_io_readRes_toStream_fifo|fifo|logic_ram~11                 ;        ;
; pifoEngines_3|enque_brain|flowStateUpdate_toStream_fifo|fifo|logic_ram~26                      ;        ;
; pifoEngines_3|enque_brain|engineCAM_io_readRes_toStream_fifo|fifo|logic_ram~7                  ;        ;
; xbar|io_inputs_5_fifo|fifo|logic_ptr_push[2]                                                   ;        ;
; pifoEngines_3|enque_brain|engineCAM_io_readRes_toStream_fifo|fifo|logic_ram~15                 ;        ;
; pifoEngines_3|enque_brain|engineCAM_io_readRes_toStream_fifo|fifo|logic_ram~6                  ;        ;
; pifoEngines_3|enque_brain|flowStateUpdate_toStream_fifo|fifo|logic_ram~25                      ;        ;
; pifoEngines_3|enque_brain|flowStateUpdate_toStream_fifo|fifo|logic_ram~52                      ;        ;
; pifoEngines_3|enque_brain|engineCAM_io_readRes_toStream_fifo|fifo|logic_ram~5                  ;        ;
; pifoEngines_3|enque_brain|flowStateUpdate_toStream_fifo|fifo|logic_ram~24                      ;        ;
; pifoEngines_3|enque_brain|flowStateUpdate_toStream_fifo|fifo|logic_ram~51                      ;        ;
; pifoEngines_3|enque_brain|engineCAM_io_readRes_toStream_fifo|fifo|logic_ram~13                 ;        ;
; pifoEngines_3|enque_brain|engineCAM_io_readRes_toStream_fifo|fifo|logic_ram~4                  ;        ;
; pifoEngines_3|enque_brain|flowStateUpdate_toStream_fifo|fifo|logic_ram~23                      ;        ;
; pifoEngines_4|deque_dequeMapper|ram_rtl_0|auto_generated|altera_syncram_impl1|address_reg_b[7] ;        ;
; pifoEngines_3|enque_brain|flowStateUpdate_toStream_fifo|fifo|logic_ram~50                      ;        ;
; pifoEngines_3|enque_brain|engineCAM_io_readRes_toStream_fifo|fifo|logic_ram~12                 ;        ;
; pifoEngines_3|enque_brain|engineCAM_io_readRes_toStream_fifo|fifo|logic_ram~14                 ;        ;
; pifoEngines_3|enque_brain|flowStateUpdate_toStream_fifo|fifo|logic_ram~53                      ;        ;
; pifoEngines_3|enque_brain|brainStateUpdate_toStream_fifo|fifo|logic_ptr_pop[1]                 ;        ;
; pifoEngines_3|enque_brain|brainStateUpdate_toStream_fifo|fifo|logic_ptr_push[1]                ;        ;
; pifoEngines_3|enque_brain|brainStateUpdate_toStream_fifo|fifo|logic_ptr_pop[0]                 ;        ;
; pifoEngines_3|enque_brain|brainStateUpdate_toStream_fifo|fifo|logic_ptr_push[0]                ;        ;
; pifoEngines_3|enque_brain|brainStateMem_io_readRes_toStream_fifo|fifo|logic_ram~0              ;        ;
; pifoEngines_3|enque_brain|brainStateMem_io_readRes_toStream_fifo|fifo|logic_ram~8              ;        ;
; pifoEngines_0|enque_brain|lastVirtualMapper_io_readRes_toStream_fifo|fifo|logic_ptr_push[0]    ;        ;
; pifoEngines_4|deque_dequeMapper|ram_rtl_0|auto_generated|altera_syncram_impl1|address_reg_b[6] ;        ;
; pifoEngines_3|enque_brain|brainStateUpdate_toStream_fifo|fifo|logic_ram~8                      ;        ;
; pifoEngines_3|enque_brain|brainStateUpdate_toStream_fifo|fifo|logic_ram~24                     ;        ;
; pifoEngines_3|enque_brain|brainStateMem_io_readRes_toStream_fifo|fifo|logic_ram~1              ;        ;
; pifoEngines_3|enque_brain|brainStateMem_io_readRes_toStream_fifo|fifo|logic_ram~9              ;        ;
; pifoEngines_3|enque_brain|brainStateUpdate_toStream_fifo|fifo|logic_ram~9                      ;        ;
; pifoEngines_3|enque_brain|brainStateUpdate_toStream_fifo|fifo|logic_ram~25                     ;        ;
; pifoEngines_3|enque_brain|brainStateMem_io_readRes_toStream_fifo|fifo|logic_ram~2              ;        ;
; pifoEngines_3|enque_brain|brainStateMem_io_readRes_toStream_fifo|fifo|logic_ram~10             ;        ;
; pifoEngines_3|enque_brain|brainStateUpdate_toStream_fifo|fifo|logic_ram~10                     ;        ;
; pifoEngines_3|enque_brain|brainStateUpdate_toStream_fifo|fifo|logic_ram~26                     ;        ;
; pifoEngines_4|deque_dequeMapper|ram_rtl_0|auto_generated|altera_syncram_impl1|address_reg_b[1] ;        ;
; pifoEngines_3|enque_brain|brainStateMem_io_readRes_toStream_fifo|fifo|logic_ram~3              ;        ;
; pifoEngines_3|enque_brain|brainStateMem_io_readRes_toStream_fifo|fifo|logic_ram~11             ;        ;
; pifoEngines_3|enque_brain|brainStateUpdate_toStream_fifo|fifo|logic_ram~11                     ;        ;
; pifoEngines_3|enque_brain|brainStateUpdate_toStream_fifo|fifo|logic_ram~27                     ;        ;
; pifoEngines_3|enque_brain|brainStateMem_io_readRes_toStream_fifo|fifo|logic_ram~4              ;        ;
; pifoEngines_3|enque_brain|brainStateMem_io_readRes_toStream_fifo|fifo|logic_ram~12             ;        ;
; pifoEngines_3|enque_brain|brainStateUpdate_toStream_fifo|fifo|logic_ram~12                     ;        ;
; pifoEngines_3|enque_brain|brainStateUpdate_toStream_fifo|fifo|logic_ram~28                     ;        ;
; pifoEngines_3|enque_brain|brainStateMem_io_readRes_toStream_fifo|fifo|logic_ram~5              ;        ;
; pifoEngines_3|enque_brain|brainStateMem_io_readRes_toStream_fifo|fifo|logic_ram~13             ;        ;
; pifoEngines_4|deque_dequeMapper|ram_rtl_0|auto_generated|altera_syncram_impl1|address_reg_b[0] ;        ;
; pifoEngines_3|enque_brain|brainStateUpdate_toStream_fifo|fifo|logic_ram~13                     ;        ;
; pifoEngines_3|enque_brain|brainStateUpdate_toStream_fifo|fifo|logic_ram~29                     ;        ;
; pifoEngines_3|enque_brain|brainStateUpdate_toStream_fifo|fifo|logic_ram~14                     ;        ;
; pifoEngines_3|enque_brain|brainStateUpdate_toStream_fifo|fifo|logic_ram~30                     ;        ;
; pifoEngines_3|enque_brain|brainStateMem_io_readRes_toStream_fifo|fifo|logic_ram~6              ;        ;
; pifoEngines_3|enque_brain|brainStateMem_io_readRes_toStream_fifo|fifo|logic_ram~14             ;        ;
; pifoEngines_3|enque_brain|brainStateMem_io_readRes_toStream_fifo|fifo|logic_ram~7              ;        ;
; pifoEngines_3|enque_brain|brainStateMem_io_readRes_toStream_fifo|fifo|logic_ram~15             ;        ;
; pifoEngines_3|enque_brain|brainStateUpdate_toStream_fifo|fifo|logic_ram~15                     ;        ;
; pifoEngines_3|enque_brain|brainStateUpdate_toStream_fifo|fifo|logic_ram~31                     ;        ;
; pifoEngines_4|deque_dequeMapper|ram_rtl_0|auto_generated|altera_syncram_impl1|address_reg_b[3] ;        ;
; pifoEngines_4|enque_brain|engineCAM_io_readRes_toStream_fifo|fifo|logic_ptr_pop[1]             ;        ;
; pifoEngines_4|enque_brain|engineCAM_io_readRes_toStream_fifo|fifo|logic_ptr_push[1]            ;        ;
; pifoEngines_4|enque_brain|lastVirtualMapper_io_readRes_toStream_fifo|fifo|logic_ptr_pop[1]     ;        ;
; pifoEngines_4|enque_brain|lastVirtualMapper_io_readRes_toStream_fifo|fifo|logic_ptr_push[1]    ;        ;
; pifoEngines_4|enque_brain|lastVirtualMapper_io_readRes_toStream_fifo|fifo|logic_ptr_pop[0]     ;        ;
; pifoEngines_4|enque_brain|lastVirtualMapper_io_readRes_toStream_fifo|fifo|logic_ptr_push[0]    ;        ;
; pifoEngines_4|enque_brain|engineMapper_io_readRes_toStream_fifo|fifo|logic_ptr_pop[1]          ;        ;
; pifoEngines_4|enque_brain|engineMapper_io_readRes_toStream_fifo|fifo|logic_ptr_push[1]         ;        ;
; pifoEngines_4|enque_brain|engineMapper_io_readRes_toStream_fifo|fifo|logic_ptr_pop[0]          ;        ;
; pifoEngines_4|enque_brain|engineMapper_io_readRes_toStream_fifo|fifo|logic_ptr_push[0]         ;        ;
; pifoEngines_4|deque_dequeMapper|ram_rtl_0|auto_generated|altera_syncram_impl1|address_reg_b[2] ;        ;
; pifoEngines_4|enque_brain|engineMapper|io_readReq_valid_regNext                                ;        ;
; pifoEngines_4|enque_brain|lastVirtualMapper|io_readReq_valid_regNext                           ;        ;
; pifoEngines_4|enque_brain|brainStateMem_io_readRes_toStream_fifo|fifo|logic_ptr_pop[1]         ;        ;
; pifoEngines_4|enque_brain|brainStateMem_io_readRes_toStream_fifo|fifo|logic_ptr_push[1]        ;        ;
; pifoEngines_4|enque_brain|brainStateMem_io_readRes_toStream_fifo|fifo|logic_ptr_pop[0]         ;        ;
; pifoEngines_4|enque_brain|brainStateMem_io_readRes_toStream_fifo|fifo|logic_ptr_push[0]        ;        ;
; pifoEngines_4|enque_brain|engineCAM|io_readReq_valid_regNext                                   ;        ;
; pifoEngines_4|enque_brain|io_request_fork|logic_linkEnable_0                                   ;        ;
; pifoEngines_4|enque_brain|brainStateMem|io_readReq_valid_regNext                               ;        ;
; pifoEngines_4|enque_flowIdStream_fifo|fifo|logic_ptr_pop[1]                                    ;        ;
; pifoEngines_4|deque_dequeMapper|ram_rtl_0|auto_generated|altera_syncram_impl1|address_reg_b[5] ;        ;
; pifoEngines_4|enque_flowIdStream_fifo|fifo|logic_ptr_push[1]                                   ;        ;
; pifoEngines_4|enque_brain|io_outputs_4_fifo|fifo|logic_ptr_pop[1]                              ;        ;
; pifoEngines_4|enque_brain|io_outputs_4_fifo|fifo|logic_ptr_push[1]                             ;        ;
; pifoEngines_4|enque_brain|io_outputs_4_fifo|fifo|logic_ptr_pop[0]                              ;        ;
; pifoEngines_4|enque_brain|io_outputs_4_fifo|fifo|logic_ptr_push[0]                             ;        ;
; pifoEngines_4|enque_flowIdStream_fifo|fifo|logic_ptr_pop[0]                                    ;        ;
; pifoEngines_4|enque_flowIdStream_fifo|fifo|logic_ptr_push[0]                                   ;        ;
; pifoEngines_4|io_enqueRequest_fork2_logic_linkEnable_0                                         ;        ;
; pifoEngines_4|enque_enqueMapper|io_readReq_valid_regNext                                       ;        ;
; pifoEngines_4|enque_brain|engineCAM_io_readRes_toStream_fifo|fifo|logic_ptr_pop[0]             ;        ;
; pifoEngines_4|deque_dequeMapper|ram_rtl_0|auto_generated|altera_syncram_impl1|address_reg_b[4] ;        ;
; pifoEngines_4|enque_brain|engineCAM_io_readRes_toStream_fifo|fifo|logic_ptr_push[0]            ;        ;
; pifoEngines_4|enque_brain|flowStateUpdate_toStream_fifo|fifo|logic_ptr_pop[1]                  ;        ;
; pifoEngines_4|enque_brain|flowStateUpdate_toStream_fifo|fifo|logic_ptr_push[1]                 ;        ;
; pifoEngines_4|enque_brain|flowStateUpdate_toStream_fifo|fifo|logic_ptr_pop[0]                  ;        ;
; pifoEngines_4|enque_brain|flowStateUpdate_toStream_fifo|fifo|logic_ptr_push[0]                 ;        ;
; pifoEngines_4|enque_brain|engineCAM_io_readRes_toStream_fifo|fifo|logic_ram~0                  ;        ;
; pifoEngines_4|enque_brain|flowStateUpdate_toStream_fifo|fifo|logic_ram~19                      ;        ;
; pifoEngines_4|enque_brain|flowStateUpdate_toStream_fifo|fifo|logic_ram~46                      ;        ;
; pifoEngines_4|enque_brain|engineCAM_io_readRes_toStream_fifo|fifo|logic_ram~8                  ;        ;
; pifoEngines_4|enque_brain|flowStateUpdate_toStream_fifo|fifo|logic_ram~20                      ;        ;
; xbar|io_inputs_5_fifo|fifo|logic_ram_rtl_0_bypass[7]                                           ;        ;
; pifoEngines_4|enque_brain|flowStateUpdate_toStream_fifo|fifo|logic_ram~47                      ;        ;
; pifoEngines_4|enque_brain|engineCAM_io_readRes_toStream_fifo|fifo|logic_ram~1                  ;        ;
; pifoEngines_4|enque_brain|engineCAM_io_readRes_toStream_fifo|fifo|logic_ram~9                  ;        ;
; pifoEngines_4|enque_brain|engineCAM_io_readRes_toStream_fifo|fifo|logic_ram~2                  ;        ;
; pifoEngines_4|enque_brain|flowStateUpdate_toStream_fifo|fifo|logic_ram~21                      ;        ;
; pifoEngines_4|enque_brain|flowStateUpdate_toStream_fifo|fifo|logic_ram~48                      ;        ;
; pifoEngines_4|enque_brain|engineCAM_io_readRes_toStream_fifo|fifo|logic_ram~10                 ;        ;
; pifoEngines_4|enque_brain|flowStateUpdate_toStream_fifo|fifo|logic_ram~22                      ;        ;
; pifoEngines_4|enque_brain|flowStateUpdate_toStream_fifo|fifo|logic_ram~49                      ;        ;
; pifoEngines_4|enque_brain|engineCAM_io_readRes_toStream_fifo|fifo|logic_ram~3                  ;        ;
; xbar|io_inputs_5_fifo|fifo|logic_ptr_pop[1]                                                    ;        ;
; pifoEngines_4|enque_brain|engineCAM_io_readRes_toStream_fifo|fifo|logic_ram~11                 ;        ;
; pifoEngines_4|enque_brain|flowStateUpdate_toStream_fifo|fifo|logic_ram~26                      ;        ;
; pifoEngines_4|enque_brain|engineCAM_io_readRes_toStream_fifo|fifo|logic_ram~7                  ;        ;
; pifoEngines_4|enque_brain|engineCAM_io_readRes_toStream_fifo|fifo|logic_ram~15                 ;        ;
; pifoEngines_4|enque_brain|engineCAM_io_readRes_toStream_fifo|fifo|logic_ram~6                  ;        ;
; pifoEngines_4|enque_brain|flowStateUpdate_toStream_fifo|fifo|logic_ram~25                      ;        ;
; pifoEngines_4|enque_brain|flowStateUpdate_toStream_fifo|fifo|logic_ram~52                      ;        ;
; pifoEngines_4|enque_brain|engineCAM_io_readRes_toStream_fifo|fifo|logic_ram~5                  ;        ;
; pifoEngines_4|enque_brain|flowStateUpdate_toStream_fifo|fifo|logic_ram~24                      ;        ;
; pifoEngines_4|enque_brain|flowStateUpdate_toStream_fifo|fifo|logic_ram~51                      ;        ;
; xbar|io_inputs_5_fifo|fifo|logic_ram_rtl_0_bypass[4]                                           ;        ;
; pifoEngines_4|enque_brain|engineCAM_io_readRes_toStream_fifo|fifo|logic_ram~13                 ;        ;
; pifoEngines_4|enque_brain|engineCAM_io_readRes_toStream_fifo|fifo|logic_ram~4                  ;        ;
; pifoEngines_4|enque_brain|flowStateUpdate_toStream_fifo|fifo|logic_ram~23                      ;        ;
; pifoEngines_4|enque_brain|flowStateUpdate_toStream_fifo|fifo|logic_ram~50                      ;        ;
; pifoEngines_4|enque_brain|engineCAM_io_readRes_toStream_fifo|fifo|logic_ram~12                 ;        ;
; pifoEngines_4|enque_brain|engineCAM_io_readRes_toStream_fifo|fifo|logic_ram~14                 ;        ;
; pifoEngines_4|enque_brain|flowStateUpdate_toStream_fifo|fifo|logic_ram~53                      ;        ;
; pifoEngines_4|enque_brain|brainStateUpdate_toStream_fifo|fifo|logic_ptr_pop[1]                 ;        ;
; pifoEngines_4|enque_brain|brainStateUpdate_toStream_fifo|fifo|logic_ptr_push[1]                ;        ;
; pifoEngines_4|enque_brain|brainStateUpdate_toStream_fifo|fifo|logic_ptr_pop[0]                 ;        ;
; pifoEngines_0|enque_brain|engineMapper_io_readRes_toStream_fifo|fifo|logic_ptr_pop[1]          ;        ;
; xbar|io_inputs_5_fifo|fifo|logic_ptr_push[1]                                                   ;        ;
; pifoEngines_4|enque_brain|brainStateUpdate_toStream_fifo|fifo|logic_ptr_push[0]                ;        ;
; pifoEngines_4|enque_brain|brainStateMem_io_readRes_toStream_fifo|fifo|logic_ram~0              ;        ;
; pifoEngines_4|enque_brain|brainStateMem_io_readRes_toStream_fifo|fifo|logic_ram~8              ;        ;
; pifoEngines_4|enque_brain|brainStateUpdate_toStream_fifo|fifo|logic_ram~8                      ;        ;
; pifoEngines_4|enque_brain|brainStateUpdate_toStream_fifo|fifo|logic_ram~24                     ;        ;
; pifoEngines_4|enque_brain|brainStateMem_io_readRes_toStream_fifo|fifo|logic_ram~1              ;        ;
; pifoEngines_4|enque_brain|brainStateMem_io_readRes_toStream_fifo|fifo|logic_ram~9              ;        ;
; pifoEngines_4|enque_brain|brainStateUpdate_toStream_fifo|fifo|logic_ram~9                      ;        ;
; pifoEngines_4|enque_brain|brainStateUpdate_toStream_fifo|fifo|logic_ram~25                     ;        ;
; pifoEngines_4|enque_brain|brainStateMem_io_readRes_toStream_fifo|fifo|logic_ram~2              ;        ;
; xbar|io_inputs_5_fifo|fifo|logic_ram_rtl_0_bypass[3]                                           ;        ;
; pifoEngines_4|enque_brain|brainStateMem_io_readRes_toStream_fifo|fifo|logic_ram~10             ;        ;
; pifoEngines_4|enque_brain|brainStateUpdate_toStream_fifo|fifo|logic_ram~10                     ;        ;
; pifoEngines_4|enque_brain|brainStateUpdate_toStream_fifo|fifo|logic_ram~26                     ;        ;
; pifoEngines_4|enque_brain|brainStateMem_io_readRes_toStream_fifo|fifo|logic_ram~3              ;        ;
; pifoEngines_4|enque_brain|brainStateMem_io_readRes_toStream_fifo|fifo|logic_ram~11             ;        ;
; pifoEngines_4|enque_brain|brainStateUpdate_toStream_fifo|fifo|logic_ram~11                     ;        ;
; pifoEngines_4|enque_brain|brainStateUpdate_toStream_fifo|fifo|logic_ram~27                     ;        ;
; pifoEngines_4|enque_brain|brainStateMem_io_readRes_toStream_fifo|fifo|logic_ram~4              ;        ;
; pifoEngines_4|enque_brain|brainStateMem_io_readRes_toStream_fifo|fifo|logic_ram~12             ;        ;
; pifoEngines_4|enque_brain|brainStateUpdate_toStream_fifo|fifo|logic_ram~12                     ;        ;
; xbar|io_inputs_5_fifo|fifo|logic_ram_rtl_0_bypass[0]                                           ;        ;
; pifoEngines_4|enque_brain|brainStateUpdate_toStream_fifo|fifo|logic_ram~28                     ;        ;
; pifoEngines_4|enque_brain|brainStateMem_io_readRes_toStream_fifo|fifo|logic_ram~5              ;        ;
; pifoEngines_4|enque_brain|brainStateMem_io_readRes_toStream_fifo|fifo|logic_ram~13             ;        ;
; pifoEngines_4|enque_brain|brainStateUpdate_toStream_fifo|fifo|logic_ram~13                     ;        ;
; pifoEngines_4|enque_brain|brainStateUpdate_toStream_fifo|fifo|logic_ram~29                     ;        ;
; pifoEngines_4|enque_brain|brainStateUpdate_toStream_fifo|fifo|logic_ram~14                     ;        ;
; pifoEngines_4|enque_brain|brainStateUpdate_toStream_fifo|fifo|logic_ram~30                     ;        ;
; pifoEngines_4|enque_brain|brainStateMem_io_readRes_toStream_fifo|fifo|logic_ram~6              ;        ;
; pifoEngines_4|enque_brain|brainStateMem_io_readRes_toStream_fifo|fifo|logic_ram~14             ;        ;
; pifoEngines_4|enque_brain|brainStateMem_io_readRes_toStream_fifo|fifo|logic_ram~7              ;        ;
; xbar|io_inputs_4_fifo|fifo|logic_ram~14                                                        ;        ;
; pifoEngines_4|enque_brain|brainStateMem_io_readRes_toStream_fifo|fifo|logic_ram~15             ;        ;
; pifoEngines_4|enque_brain|brainStateUpdate_toStream_fifo|fifo|logic_ram~15                     ;        ;
; pifoEngines_4|enque_brain|brainStateUpdate_toStream_fifo|fifo|logic_ram~31                     ;        ;
; xbar|io_inputs_4_fifo|fifo|logic_ram_rtl_0_bypass[9]                                           ;        ;
; xbar|streamArbiter_16|maskLocked_4                                                             ;        ;
; xbar|io_inputs_4_fifo|fifo|logic_ram~12                                                        ;        ;
; xbar|io_inputs_4_fifo|fifo|logic_ram_rtl_0_bypass[6]                                           ;        ;
; xbar|io_inputs_4_fifo|fifo|logic_ram_rtl_0_bypass[5]                                           ;        ;
; xbar|io_inputs_4_fifo|fifo|logic_ram~11                                                        ;        ;
; pifoEngines_0|enque_brain|engineMapper_io_readRes_toStream_fifo|fifo|logic_ptr_push[1]         ;        ;
; xbar|io_inputs_4_fifo|fifo|logic_ram~13                                                        ;        ;
; xbar|io_inputs_4_fifo|fifo|logic_ram_rtl_0_bypass[0]                                           ;        ;
; xbar|io_inputs_4_fifo|fifo|logic_ptr_pop[2]                                                    ;        ;
; xbar|io_inputs_4_fifo|fifo|logic_ptr_push[2]                                                   ;        ;
; xbar|io_inputs_4_fifo|fifo|logic_ram_rtl_0_bypass[8]                                           ;        ;
; xbar|io_inputs_4_fifo|fifo|logic_ptr_pop[1]                                                    ;        ;
; xbar|io_inputs_4_fifo|fifo|logic_ram_rtl_0_bypass[4]                                           ;        ;
; xbar|io_inputs_4_fifo|fifo|logic_ptr_push[1]                                                   ;        ;
; xbar|io_inputs_4_fifo|fifo|logic_ram_rtl_0_bypass[3]                                           ;        ;
; pifoEngines_3|deque_dequeMapper|ram_rtl_0|auto_generated|altera_syncram_impl1|address_reg_b[7] ;        ;
; pifoEngines_0|enque_brain|engineMapper_io_readRes_toStream_fifo|fifo|logic_ptr_pop[0]          ;        ;
; pifoEngines_3|deque_dequeMapper|ram_rtl_0|auto_generated|altera_syncram_impl1|address_reg_b[6] ;        ;
; pifoEngines_3|deque_dequeMapper|ram_rtl_0|auto_generated|altera_syncram_impl1|address_reg_b[1] ;        ;
; pifoEngines_3|deque_dequeMapper|ram_rtl_0|auto_generated|altera_syncram_impl1|address_reg_b[0] ;        ;
; pifoEngines_3|deque_dequeMapper|ram_rtl_0|auto_generated|altera_syncram_impl1|address_reg_b[3] ;        ;
; pifoEngines_3|deque_dequeMapper|ram_rtl_0|auto_generated|altera_syncram_impl1|address_reg_b[2] ;        ;
; pifoEngines_3|deque_dequeMapper|ram_rtl_0|auto_generated|altera_syncram_impl1|address_reg_b[5] ;        ;
; pifoEngines_3|deque_dequeMapper|ram_rtl_0|auto_generated|altera_syncram_impl1|address_reg_b[4] ;        ;
; xbar|io_inputs_4_fifo|fifo|logic_ram_rtl_0_bypass[7]                                           ;        ;
; xbar|io_inputs_3_fifo|fifo|logic_ram~14                                                        ;        ;
; xbar|io_inputs_3_fifo|fifo|logic_ram_rtl_0_bypass[9]                                           ;        ;
+------------------------------------------------------------------------------------------------+--------+


Status:		PASS
Severity:		High
Number of violations: 	0
Rule Parameters:      	max_violations = 5000
+-------------------------------------------------+
; LNT-30011 - Design Contains Combinational Loops ;
+-------------------------------------------------+


Status:		PASS
Severity:		Medium
Number of violations: 	0
Rule Parameters:      	max_violations = 5000
+-----------------------------------------------------------------------------------------------------------------+
; LNT-30017 - Register Output Driving Its Own Asynchronous Control Signal Directly or Through Combinational Logic ;
+-----------------------------------------------------------------------------------------------------------------+


Status:		PASS
Severity:		Medium
Number of violations: 	0
Rule Parameters:      	max_violations = 5000
+-----------------------------------------------+
; LNT-30023 - Reset Nets with Polarity Conflict ;
+-----------------------------------------------+


Status:		PASS
Severity:		Medium
Number of violations: 	0
Rule Parameters:      	max_violations = 5000
+-------------------------------------------------+
; RES-30132 - Registers May Not Be Properly Reset ;
+-------------------------------------------------+


Status:		PASS
Severity:		Medium
Number of violations: 	0
Rule Parameters:      	
		max_violations = 5000
		exclude_ram_blocks_without_mif = True
+---------------------------------------------------------------------------------------------------------------------+
; RES-30133 - Embedded Memory Blocks with Initialized Content That Might be Modified Before the FPGA Enters User Mode ;
+---------------------------------------------------------------------------------------------------------------------+


Status:		PASS
Severity:		Medium
Number of violations: 	0
Rule Parameters:      	max_violations = 5000
+--------------------------------------------------------+
; TMC-20052 - Paths with Post Synthesis Inferred Latches ;
+--------------------------------------------------------+


Status:		PASS
Severity:		Low
Number of violations: 	0
Rule Parameters:      	max_violations = 5000
+------------------------------------------------+
; FLP-10500 - Non Driving Top Level Inputs Found ;
+------------------------------------------------+


Status:		PASS
Severity:		Low
Number of violations: 	0
Rule Parameters:      	max_violations = 5000
+--------------------------------------------------------------+
; LNT-30010 - Nets Driving both Reset and Clock Enable Signals ;
+--------------------------------------------------------------+


Status:		PASS
Severity:		Low
Number of violations: 	0
Rule Parameters:      	
		max_violations = 5000
		DSP_Chain_Threshold = 2
		DSP_Check_User_WYSIWYGs = True
+--------------------------------------------------------------+
; LNT-50006 - DSP Control Signal Registers Reset Mode Mismatch ;
+--------------------------------------------------------------+


Status:		PASS
Severity:		Low
Number of violations: 	0
Rule Parameters:      	
		max_violations = 5000
		DSP_High_Fanout_Net_Threshold = 500
		DSP_Chain_Threshold = 2
		DSP_Check_User_WYSIWYGs = True
+---------------------------------------------------+
; TMC-20053 - DSP Inputs Driven by High Fan-Out Net ;
+---------------------------------------------------+


Status:		PASS
Severity:		Low
Number of violations: 	0
Rule Parameters:      	max_violations = 5000
+-----------------------------------------------------------------------+
; TMC-20500 - Hierarchical Tree Duplication was Shallower than Possible ;
+-----------------------------------------------------------------------+


Status:		PASS
Severity:		Low
Number of violations: 	0
Rule Parameters:      	max_violations = 5000
+------------------------------------------------------------------------+
; TMC-20501 - Hierarchical Tree Duplication was Shallower than Requested ;
+------------------------------------------------------------------------+


