Copyright 1986-2022 Xilinx, Inc. All Rights Reserved. Copyright 2022-2025 Advanced Micro Devices, Inc. All Rights Reserved.
-------------------------------------------------------------------------------------------------------------------------------------------------------------------------------------------------
| Tool Version : Vivado v.2025.2 (lin64) Build 6299465 Fri Nov 14 12:34:56 MST 2025
| Date         : Sun Sep  6 23:08:26 2026
| Host         : netarch-cxl.ece.cornell.edu running 64-bit Ubuntu 24.04.4 LTS
| Command      : report_utilization -hierarchical -hierarchical_depth 5 -file /data/work/rio-synthesis/hardware-overhead/rio-only-pe5-v512-c1024-static-vivado/reports/utilization-hierarchy.rpt
| Design       : PifoMesh
| Device       : xcku5p-ffvb676-2-e
| Speed File   : -2
| Design State : Synthesized
-------------------------------------------------------------------------------------------------------------------------------------------------------------------------------------------------

Utilization Design Information

Table of Contents
-----------------
1. Utilization by Hierarchy

1. Utilization by Hierarchy
---------------------------

+-------------------------------------+----------------------------+------------+------------+---------+------+-------+--------+--------+------+------------+
|               Instance              |           Module           | Total LUTs | Logic LUTs | LUTRAMs | SRLs |  FFs  | RAMB36 | RAMB18 | URAM | DSP Blocks |
+-------------------------------------+----------------------------+------------+------------+---------+------+-------+--------+--------+------+------------+
| PifoMesh                            |                      (top) |      64537 |      63873 |     664 |    0 | 37735 |   8640 |     15 |    0 |          0 |
|   (PifoMesh)                        |                      (top) |          0 |          0 |       0 |    0 |     0 |      0 |      0 |    0 |          0 |
|   io_controlRequest_fifo            |              StreamFifo_51 |       7824 |       7788 |      36 |    0 |  3677 |      0 |      0 |    0 |          0 |
|   pifoEngines_0                     |                 PifoEngine |      11196 |      11080 |     116 |    0 |  6726 |   1728 |      3 |    0 |          0 |
|     enque_flowIdStream_fifo         | StreamFifoLowLatency_13_90 |         75 |         67 |       8 |    0 |     4 |      0 |      0 |    0 |          0 |
|       fifo                          |            StreamFifo_6_93 |         75 |         67 |       8 |    0 |     4 |      0 |      0 |    0 |          0 |
|     deque_dequeMapper               |             DirectMapper_1 |        271 |        271 |       0 |    0 |     7 |    704 |      0 |    0 |          0 |
|     deque_existingPop_fork          |            StreamFork_2_88 |        675 |        675 |       0 |    0 |     2 |      0 |      0 |    0 |          0 |
|     deque_frontRewrite              |       FrontRewriteTable_89 |       6340 |       6340 |       0 |    0 |  6656 |      0 |      0 |    0 |          0 |
|     enque_brain                     |                  PIFOBrain |       2686 |       2578 |     108 |    0 |    45 |   1024 |      2 |    0 |          0 |
|       flowStateUpdate_toStream_fifo |  StreamFifoLowLatency_6_98 |       1954 |       1934 |      20 |    0 |     4 |      0 |      0 |    0 |          0 |
|         fifo                        |           StreamFifo_7_104 |       1954 |       1934 |      20 |    0 |     4 |      0 |      0 |    0 |          0 |
|       engineCAM                     |                   Mapper_2 |        484 |        484 |       0 |    0 |     8 |   1024 |      0 |    0 |          0 |
|     enque_enqueMapper               |               DirectMapper |       1136 |       1136 |       0 |    0 |     1 |      0 |      1 |    0 |          0 |
|   pifoEngines_1                     |               PifoEngine_1 |      11197 |      11081 |     116 |    0 |  6726 |   1728 |      3 |    0 |          0 |
|     enque_flowIdStream_fifo         | StreamFifoLowLatency_13_68 |         75 |         67 |       8 |    0 |     4 |      0 |      0 |    0 |          0 |
|       fifo                          |            StreamFifo_6_71 |         75 |         67 |       8 |    0 |     4 |      0 |      0 |    0 |          0 |
|     deque_dequeMapper               |             DirectMapper_3 |        271 |        271 |       0 |    0 |     7 |    704 |      0 |    0 |          0 |
|     deque_existingPop_fork          |            StreamFork_2_66 |        675 |        675 |       0 |    0 |     2 |      0 |      0 |    0 |          0 |
|     deque_frontRewrite              |       FrontRewriteTable_67 |       6340 |       6340 |       0 |    0 |  6656 |      0 |      0 |    0 |          0 |
|     enque_brain                     |                PIFOBrain_1 |       2687 |       2579 |     108 |    0 |    45 |   1024 |      2 |    0 |          0 |
|       flowStateUpdate_toStream_fifo |  StreamFifoLowLatency_6_76 |       1955 |       1935 |      20 |    0 |     4 |      0 |      0 |    0 |          0 |
|         fifo                        |            StreamFifo_7_82 |       1955 |       1935 |      20 |    0 |     4 |      0 |      0 |    0 |          0 |
|       engineCAM                     |                   Mapper_6 |        484 |        484 |       0 |    0 |     8 |   1024 |      0 |    0 |          0 |
|     enque_enqueMapper               |             DirectMapper_2 |       1136 |       1136 |       0 |    0 |     1 |      0 |      1 |    0 |          0 |
|   pifoEngines_2                     |               PifoEngine_2 |      11197 |      11081 |     116 |    0 |  6726 |   1728 |      3 |    0 |          0 |
|     enque_flowIdStream_fifo         | StreamFifoLowLatency_13_46 |         75 |         67 |       8 |    0 |     4 |      0 |      0 |    0 |          0 |
|       fifo                          |            StreamFifo_6_49 |         75 |         67 |       8 |    0 |     4 |      0 |      0 |    0 |          0 |
|     deque_dequeMapper               |             DirectMapper_5 |        271 |        271 |       0 |    0 |     7 |    704 |      0 |    0 |          0 |
|     deque_existingPop_fork          |            StreamFork_2_44 |        675 |        675 |       0 |    0 |     2 |      0 |      0 |    0 |          0 |
|     deque_frontRewrite              |       FrontRewriteTable_45 |       6340 |       6340 |       0 |    0 |  6656 |      0 |      0 |    0 |          0 |
|     enque_brain                     |                PIFOBrain_2 |       2687 |       2579 |     108 |    0 |    45 |   1024 |      2 |    0 |          0 |
|       flowStateUpdate_toStream_fifo |  StreamFifoLowLatency_6_54 |       1955 |       1935 |      20 |    0 |     4 |      0 |      0 |    0 |          0 |
|         fifo                        |            StreamFifo_7_60 |       1955 |       1935 |      20 |    0 |     4 |      0 |      0 |    0 |          0 |
|       engineCAM                     |                  Mapper_10 |        484 |        484 |       0 |    0 |     8 |   1024 |      0 |    0 |          0 |
|     enque_enqueMapper               |             DirectMapper_4 |       1136 |       1136 |       0 |    0 |     1 |      0 |      1 |    0 |          0 |
|   pifoEngines_3                     |               PifoEngine_3 |      11197 |      11081 |     116 |    0 |  6726 |   1728 |      3 |    0 |          0 |
|     enque_flowIdStream_fifo         | StreamFifoLowLatency_13_24 |         75 |         67 |       8 |    0 |     4 |      0 |      0 |    0 |          0 |
|       fifo                          |            StreamFifo_6_27 |         75 |         67 |       8 |    0 |     4 |      0 |      0 |    0 |          0 |
|     deque_dequeMapper               |             DirectMapper_7 |        271 |        271 |       0 |    0 |     7 |    704 |      0 |    0 |          0 |
|     deque_existingPop_fork          |            StreamFork_2_22 |        675 |        675 |       0 |    0 |     2 |      0 |      0 |    0 |          0 |
|     deque_frontRewrite              |       FrontRewriteTable_23 |       6340 |       6340 |       0 |    0 |  6656 |      0 |      0 |    0 |          0 |
|     enque_brain                     |                PIFOBrain_3 |       2687 |       2579 |     108 |    0 |    45 |   1024 |      2 |    0 |          0 |
|       flowStateUpdate_toStream_fifo |  StreamFifoLowLatency_6_32 |       1955 |       1935 |      20 |    0 |     4 |      0 |      0 |    0 |          0 |
|         fifo                        |            StreamFifo_7_38 |       1955 |       1935 |      20 |    0 |     4 |      0 |      0 |    0 |          0 |
|       engineCAM                     |                  Mapper_14 |        484 |        484 |       0 |    0 |     8 |   1024 |      0 |    0 |          0 |
|     enque_enqueMapper               |             DirectMapper_6 |       1136 |       1136 |       0 |    0 |     1 |      0 |      1 |    0 |          0 |
|   pifoEngines_4                     |               PifoEngine_4 |      11196 |      11080 |     116 |    0 |  6726 |   1728 |      3 |    0 |          0 |
|     enque_flowIdStream_fifo         |    StreamFifoLowLatency_13 |         75 |         67 |       8 |    0 |     4 |      0 |      0 |    0 |          0 |
|       fifo                          |               StreamFifo_6 |         75 |         67 |       8 |    0 |     4 |      0 |      0 |    0 |          0 |
|     deque_dequeMapper               |             DirectMapper_9 |        271 |        271 |       0 |    0 |     7 |    704 |      0 |    0 |          0 |
|     deque_existingPop_fork          |               StreamFork_2 |        675 |        675 |       0 |    0 |     2 |      0 |      0 |    0 |          0 |
|     deque_frontRewrite              |          FrontRewriteTable |       6340 |       6340 |       0 |    0 |  6656 |      0 |      0 |    0 |          0 |
|     enque_brain                     |                PIFOBrain_4 |       2686 |       2578 |     108 |    0 |    45 |   1024 |      2 |    0 |          0 |
|       flowStateUpdate_toStream_fifo |     StreamFifoLowLatency_6 |       1954 |       1934 |      20 |    0 |     4 |      0 |      0 |    0 |          0 |
|         fifo                        |               StreamFifo_7 |       1954 |       1934 |      20 |    0 |     4 |      0 |      0 |    0 |          0 |
|       engineCAM                     |                  Mapper_18 |        484 |        484 |       0 |    0 |     8 |   1024 |      0 |    0 |          0 |
|     enque_enqueMapper               |             DirectMapper_8 |       1136 |       1136 |       0 |    0 |     1 |      0 |      1 |    0 |          0 |
|   xbar                              |            MessageCrossBar |        730 |        682 |      48 |    0 |   428 |      0 |      0 |    0 |          0 |
|     (xbar)                          |            MessageCrossBar |          6 |          6 |       0 |    0 |   338 |      0 |      0 |    0 |          0 |
|     streamArbiter_17                |            StreamArbiter_5 |         93 |         93 |       0 |    0 |     7 |      0 |      0 |    0 |          0 |
|     streamArbiter_18                |            StreamArbiter_6 |         94 |         94 |       0 |    0 |     7 |      0 |      0 |    0 |          0 |
|     streamArbiter_19                |            StreamArbiter_7 |         93 |         93 |       0 |    0 |     7 |      0 |      0 |    0 |          0 |
|     streamArbiter_20                |            StreamArbiter_8 |         93 |         93 |       0 |    0 |     7 |      0 |      0 |    0 |          0 |
|     streamArbiter_21                |            StreamArbiter_9 |         93 |         93 |       0 |    0 |     7 |      0 |      0 |    0 |          0 |
+-------------------------------------+----------------------------+------------+------------+---------+------+-------+--------+--------+------+------------+


