Info (22747): Value AUTO_DISCOVERY for QSF Assignment PWRMGT_VOLTAGE_OUTPUT_FORMAT is not supported. Hence changing the value to LINEAR_FORMAT
Info: *******************************************************************
Info: Running Quartus Prime Synthesis
    Info: Version 25.3.1 Build 100 12/19/2025 SC Pro Edition
    Info: Copyright (C) 2025  Altera Corporation. All rights reserved.
    Info: Your use of Altera Corporation's design tools, logic functions 
    Info: and other software and tools, and any partner logic 
    Info: functions, and any output files from any of the foregoing 
    Info: (including device programming or simulation files), and any 
    Info: associated documentation or information are expressly subject 
    Info: to the terms and conditions of the Altera Program License 
    Info: Subscription Agreement, the Altera Quartus Prime License Agreement,
    Info: the Altera IP License Agreement, or other applicable license
    Info: agreement, including, without limitation, that your use is for
    Info: the sole purpose of programming logic devices manufactured by
    Info: Altera and sold by Altera or its authorized distributors.  Please
    Info: refer to the Altera Software License Subscription Agreements 
    Info: on the Quartus Prime software download page.
    Info: Processing started: Mon Sep  7 14:13:47 2026
    Info: System process ID: 428925
Info: Command: quartus_syn pifo
Info: qis_default_flow_script.tcl version: #2
Info: Initializing Synthesis...
Info: Project = "pifo"
Info: Revision = "pifo"
Info (21958): Initialized Quartus Message Database
Info: Analyzing source files
Critical Warning (20759): Use the Reset Release IP in Agilex 7 designs to ensure a successful configuration. For more information about the Reset Release IP, refer to the Configuration User Guide.
Info: Elaborating from top-level entity "PifoMesh"
Info: Found 3 design entities
Info: There are 5 partitions after elaboration.
Info: DA report generation in native DNI mode
Info (21615): Running Design Assistant Rules for snapshot 'partitioned'
Info: No waiver waived any violations
Info (22360): Design Assistant Results: 9 of 10 enabled rules passed, and 1 rules was disabled, in snapshot 'partitioned'
Warning (21620): Design Assistant Results: 1 of 1 High severity rules issued violations in snapshot 'partitioned'. Please refer to DRC report '/data/work/rio-synthesis/shared-fifo-34e35d2/pifo-house-v128-c1024-quartus/output_files/pifo.drc.partitioned.rpt' for more information
Info (21621): Design Assistant Results: 0 of 1 Medium severity rules issued violations in snapshot 'partitioned'
Info (21622): Design Assistant Results: 0 of 8 Low severity rules issued violations in snapshot 'partitioned'
Warning (23762): Hierarchies were optimized away during sweep. For details, refer to " Hierarchies Optimized Away During Sweep " report.
Info: Synthesizing partition "root_partition"
Warning (13024): Output pins are stuck at VCC or GND
    Warning (13410): Pin "io_portPushed_1_payload[0..6]" is stuck at GND File: /data/work/rio-synthesis/shared-fifo-34e35d2/pifo-house-v128-c1024-quartus/quartus-rtl/PifoMesh.v Line: 29
    Warning (13410): Pin "io_portPushed_1_valid" is stuck at GND File: /data/work/rio-synthesis/shared-fifo-34e35d2/pifo-house-v128-c1024-quartus/quartus-rtl/PifoMesh.v Line: 28
Info (21057): Implemented 74903 device resources after synthesis - the final resource count might be different
    Info (21058): Implemented 62 input pins
    Info (21059): Implemented 52 output pins
    Info (21061): Implemented 74789 logic cells
Info: Successfully synthesized partition
Info: Saving post-synthesis snapshots for 1 partition(s)
Info (21615): Running Design Assistant Rules for snapshot 'synthesized'
Info: No waiver waived any violations
Info (22360): Design Assistant Results: 12 of 13 enabled rules passed, and 7 rules was disabled, in snapshot 'synthesized'
Info (21661): Design Assistant Results: 0 of 1 High severity rules issued violations in snapshot 'synthesized'
Info (21621): Design Assistant Results: 1 of 6 Medium severity rules issued violations in snapshot 'synthesized'. Please refer to DRC report '/data/work/rio-synthesis/shared-fifo-34e35d2/pifo-house-v128-c1024-quartus/output_files/pifo.drc.synthesized.rpt' for more information
Info (21622): Design Assistant Results: 0 of 6 Low severity rules issued violations in snapshot 'synthesized'
Info: Quartus Prime Synthesis was successful. 0 errors, 4 warnings
    Info: Peak virtual memory: 3300 megabytes
    Info: Processing ended: Mon Sep  7 14:22:29 2026
    Info: Elapsed time: 00:08:42
    Info: System process ID: 428925
