
****** Vivado v2025.2 (64-bit)
  **** SW Build 6299465 on Fri Nov 14 12:34:56 MST 2025
  **** IP Build 6300035 on Fri Nov 14 10:48:45 MST 2025
  **** SharedData Build 6298862 on Thu Nov 13 04:50:51 MST 2025
  **** Start of session at: Sun Sep  6 19:30:17 2026
    ** Copyright 1986-2022 Xilinx, Inc. All Rights Reserved.
    ** Copyright 2022-2025 Advanced Micro Devices, Inc. All Rights Reserved.

source /home/zg366/packet-scheduling/pifo-hardware/synthesis/vivado_synth.tcl
# if {$argc < 5 || $argc > 6} {
#     error {Expected BUILD_DIR PART THREADS CLOCK_PERIOD_NS PREPARE_ONLY [DIRECTIVE]}
# }
# lassign $argv build_dir part threads period prepare_only directive
# if {$directive eq ""} { set directive default }
# set build_dir [file normalize $build_dir]
# set rtl_dir [file join $build_dir rtl]
# set report_dir [file join $build_dir reports]
# set encoder [file normalize [file join [file dirname [info script]] ../hw/verilog/priority_encode_log.v]]
# file mkdir $report_dir
# if {[llength [get_parts -quiet $part]] != 1} {
#     error "Target part is not installed: $part"
# }
# puts "PIFO_VIVADO_VERSION: [version -short]"
PIFO_VIVADO_VERSION: 2025.2
# puts "PIFO_VIVADO_PART: $part"
PIFO_VIVADO_PART: xcku5p-ffvb676-2-e
# set_param general.maxThreads $threads
# create_project -in_memory -part $part
# cd $rtl_dir
# read_verilog -sv [glob -directory $rtl_dir *.v *.sv]
# read_verilog -sv $encoder
# set xdc [file join $build_dir pifo.xdc]
# set constraints [open $xdc w]
# puts $constraints "create_clock -name clk -period $period \[get_ports clk\]"
# puts $constraints {set_false_path -from [get_ports reset]}
# close $constraints
# read_xdc $xdc
# if {$prepare_only} {
#     puts "PIFO_PREPARED: $build_dir"
#     exit 0
# }
# synth_design -top PifoMesh -part $part -mode out_of_context -flatten_hierarchy rebuilt -directive $directive
Command: synth_design -top PifoMesh -part xcku5p-ffvb676-2-e -mode out_of_context -flatten_hierarchy rebuilt -directive RuntimeOptimized
Starting synth_design
Attempting to get a license for feature 'Synthesis' and/or device 'xcku5p'
INFO: [Common 17-349] Got license for feature 'Synthesis' and/or device 'xcku5p'
INFO: [Device 21-403] Loading part xcku5p-ffvb676-2-e
INFO: [Synth 8-7079] Multithreading enabled for synth_design using a maximum of 7 processes.
INFO: [Synth 8-7078] Launching helper process for spawning children vivado processes
INFO: [Synth 8-7075] Helper process launched with PID 239548
---------------------------------------------------------------------------------
Starting RTL Elaboration : Time (s): cpu = 00:00:05 ; elapsed = 00:00:05 . Memory (MB): peak = 2833.418 ; gain = 180.688 ; free physical = 183148 ; free virtual = 194849
---------------------------------------------------------------------------------
INFO: [Synth 8-6157] synthesizing module 'PifoMesh' [/home/zg366/packet-scheduling/pifo-hardware/synthesis/build/baseline-vivado-runtime/rtl/PifoMesh.v:7]
INFO: [Synth 8-6157] synthesizing module 'MessageCrossBar' [/home/zg366/packet-scheduling/pifo-hardware/synthesis/build/baseline-vivado-runtime/rtl/PifoMesh.v:2959]
INFO: [Synth 8-6157] synthesizing module 'StreamFifoLowLatency' [/home/zg366/packet-scheduling/pifo-hardware/synthesis/build/baseline-vivado-runtime/rtl/PifoMesh.v:136147]
INFO: [Synth 8-6157] synthesizing module 'StreamFifo' [/home/zg366/packet-scheduling/pifo-hardware/synthesis/build/baseline-vivado-runtime/rtl/PifoMesh.v:137672]
INFO: [Synth 8-6155] done synthesizing module 'StreamFifo' (0#1) [/home/zg366/packet-scheduling/pifo-hardware/synthesis/build/baseline-vivado-runtime/rtl/PifoMesh.v:137672]
INFO: [Synth 8-6155] done synthesizing module 'StreamFifoLowLatency' (0#1) [/home/zg366/packet-scheduling/pifo-hardware/synthesis/build/baseline-vivado-runtime/rtl/PifoMesh.v:136147]
INFO: [Synth 8-6157] synthesizing module 'StreamDemux' [/home/zg366/packet-scheduling/pifo-hardware/synthesis/build/baseline-vivado-runtime/rtl/PifoMesh.v:136074]
INFO: [Synth 8-6155] done synthesizing module 'StreamDemux' (0#1) [/home/zg366/packet-scheduling/pifo-hardware/synthesis/build/baseline-vivado-runtime/rtl/PifoMesh.v:136074]
INFO: [Synth 8-6157] synthesizing module 'StreamArbiter' [/home/zg366/packet-scheduling/pifo-hardware/synthesis/build/baseline-vivado-runtime/rtl/PifoMesh.v:135961]
INFO: [Synth 8-6155] done synthesizing module 'StreamArbiter' (0#1) [/home/zg366/packet-scheduling/pifo-hardware/synthesis/build/baseline-vivado-runtime/rtl/PifoMesh.v:135961]
INFO: [Synth 8-6155] done synthesizing module 'MessageCrossBar' (0#1) [/home/zg366/packet-scheduling/pifo-hardware/synthesis/build/baseline-vivado-runtime/rtl/PifoMesh.v:2959]
INFO: [Synth 8-6157] synthesizing module 'PifoEngine' [/home/zg366/packet-scheduling/pifo-hardware/synthesis/build/baseline-vivado-runtime/rtl/PifoMesh.v:2160]
INFO: [Synth 8-6157] synthesizing module 'ConcurrentPifoRTL' [/home/zg366/packet-scheduling/pifo-hardware/synthesis/build/baseline-vivado-runtime/rtl/PifoMesh.v:8023]
INFO: [Synth 8-6157] synthesizing module 'priority_encode_log' [/home/zg366/packet-scheduling/pifo-hardware/hw/verilog/priority_encode_log.v:1]
	Parameter width bound to: 1024 - type: integer 
	Parameter log_width bound to: 10 - type: integer 
INFO: [Synth 8-6155] done synthesizing module 'priority_encode_log' (0#1) [/home/zg366/packet-scheduling/pifo-hardware/hw/verilog/priority_encode_log.v:1]
INFO: [Synth 8-6155] done synthesizing module 'ConcurrentPifoRTL' (0#1) [/home/zg366/packet-scheduling/pifo-hardware/synthesis/build/baseline-vivado-runtime/rtl/PifoMesh.v:8023]
INFO: [Synth 8-6157] synthesizing module 'TransactionalMapper' [/home/zg366/packet-scheduling/pifo-hardware/synthesis/build/baseline-vivado-runtime/rtl/PifoMesh.v:7873]
INFO: [Synth 8-3876] $readmem data file 'PifoMesh.v_toplevel_pifoEngines_0_enque_enqueMapper_banks_0.bin' is read successfully [/home/zg366/packet-scheduling/pifo-hardware/synthesis/build/baseline-vivado-runtime/rtl/PifoMesh.v:7927]
INFO: [Synth 8-3876] $readmem data file 'PifoMesh.v_toplevel_pifoEngines_0_enque_enqueMapper_banks_1.bin' is read successfully [/home/zg366/packet-scheduling/pifo-hardware/synthesis/build/baseline-vivado-runtime/rtl/PifoMesh.v:7948]
INFO: [Synth 8-6155] done synthesizing module 'TransactionalMapper' (0#1) [/home/zg366/packet-scheduling/pifo-hardware/synthesis/build/baseline-vivado-runtime/rtl/PifoMesh.v:7873]
INFO: [Synth 8-6157] synthesizing module 'StreamFifoLowLatency_10' [/home/zg366/packet-scheduling/pifo-hardware/synthesis/build/baseline-vivado-runtime/rtl/PifoMesh.v:7826]
INFO: [Synth 8-6157] synthesizing module 'StreamFifo_3' [/home/zg366/packet-scheduling/pifo-hardware/synthesis/build/baseline-vivado-runtime/rtl/PifoMesh.v:137523]
INFO: [Synth 8-6155] done synthesizing module 'StreamFifo_3' (0#1) [/home/zg366/packet-scheduling/pifo-hardware/synthesis/build/baseline-vivado-runtime/rtl/PifoMesh.v:137523]
INFO: [Synth 8-6155] done synthesizing module 'StreamFifoLowLatency_10' (0#1) [/home/zg366/packet-scheduling/pifo-hardware/synthesis/build/baseline-vivado-runtime/rtl/PifoMesh.v:7826]
INFO: [Synth 8-6157] synthesizing module 'PIFOBrain' [/home/zg366/packet-scheduling/pifo-hardware/synthesis/build/baseline-vivado-runtime/rtl/PifoMesh.v:6763]
INFO: [Synth 8-6157] synthesizing module 'StreamFork' [/home/zg366/packet-scheduling/pifo-hardware/synthesis/build/baseline-vivado-runtime/rtl/PifoMesh.v:137398]
INFO: [Synth 8-6155] done synthesizing module 'StreamFork' (0#1) [/home/zg366/packet-scheduling/pifo-hardware/synthesis/build/baseline-vivado-runtime/rtl/PifoMesh.v:137398]
INFO: [Synth 8-6157] synthesizing module 'Mapper' [/home/zg366/packet-scheduling/pifo-hardware/synthesis/build/baseline-vivado-runtime/rtl/PifoMesh.v:137345]
INFO: [Synth 8-3876] $readmem data file 'PifoMesh.v_toplevel_pifoEngines_0_enque_brain_engineMapper_ram.bin' is read successfully [/home/zg366/packet-scheduling/pifo-hardware/synthesis/build/baseline-vivado-runtime/rtl/PifoMesh.v:137368]
INFO: [Synth 8-6155] done synthesizing module 'Mapper' (0#1) [/home/zg366/packet-scheduling/pifo-hardware/synthesis/build/baseline-vivado-runtime/rtl/PifoMesh.v:137345]
INFO: [Synth 8-6157] synthesizing module 'Mapper_1' [/home/zg366/packet-scheduling/pifo-hardware/synthesis/build/baseline-vivado-runtime/rtl/PifoMesh.v:137292]
INFO: [Synth 8-3876] $readmem data file 'PifoMesh.v_toplevel_pifoEngines_0_enque_brain_lastVirtualMapper_ram.bin' is read successfully [/home/zg366/packet-scheduling/pifo-hardware/synthesis/build/baseline-vivado-runtime/rtl/PifoMesh.v:137315]
INFO: [Synth 8-6155] done synthesizing module 'Mapper_1' (0#1) [/home/zg366/packet-scheduling/pifo-hardware/synthesis/build/baseline-vivado-runtime/rtl/PifoMesh.v:137292]
INFO: [Synth 8-6157] synthesizing module 'Mapper_2' [/home/zg366/packet-scheduling/pifo-hardware/synthesis/build/baseline-vivado-runtime/rtl/PifoMesh.v:137239]
INFO: [Synth 8-3876] $readmem data file 'PifoMesh.v_toplevel_pifoEngines_0_enque_brain_engineCAM_ram.bin' is read successfully [/home/zg366/packet-scheduling/pifo-hardware/synthesis/build/baseline-vivado-runtime/rtl/PifoMesh.v:137262]
INFO: [Synth 8-6155] done synthesizing module 'Mapper_2' (0#1) [/home/zg366/packet-scheduling/pifo-hardware/synthesis/build/baseline-vivado-runtime/rtl/PifoMesh.v:137239]
INFO: [Synth 8-6157] synthesizing module 'StreamFifoLowLatency_3' [/home/zg366/packet-scheduling/pifo-hardware/synthesis/build/baseline-vivado-runtime/rtl/PifoMesh.v:137192]
INFO: [Synth 8-6157] synthesizing module 'StreamFifo_4' [/home/zg366/packet-scheduling/pifo-hardware/synthesis/build/baseline-vivado-runtime/rtl/PifoMesh.v:138481]
INFO: [Synth 8-6155] done synthesizing module 'StreamFifo_4' (0#1) [/home/zg366/packet-scheduling/pifo-hardware/synthesis/build/baseline-vivado-runtime/rtl/PifoMesh.v:138481]
INFO: [Synth 8-6155] done synthesizing module 'StreamFifoLowLatency_3' (0#1) [/home/zg366/packet-scheduling/pifo-hardware/synthesis/build/baseline-vivado-runtime/rtl/PifoMesh.v:137192]
INFO: [Synth 8-6157] synthesizing module 'StreamArbiter_3' [/home/zg366/packet-scheduling/pifo-hardware/synthesis/build/baseline-vivado-runtime/rtl/PifoMesh.v:137121]
INFO: [Synth 8-6155] done synthesizing module 'StreamArbiter_3' (0#1) [/home/zg366/packet-scheduling/pifo-hardware/synthesis/build/baseline-vivado-runtime/rtl/PifoMesh.v:137121]
INFO: [Synth 8-6157] synthesizing module 'Mapper_3' [/home/zg366/packet-scheduling/pifo-hardware/synthesis/build/baseline-vivado-runtime/rtl/PifoMesh.v:137068]
INFO: [Synth 8-3876] $readmem data file 'PifoMesh.v_toplevel_pifoEngines_0_enque_brain_brainStateMem_ram.bin' is read successfully [/home/zg366/packet-scheduling/pifo-hardware/synthesis/build/baseline-vivado-runtime/rtl/PifoMesh.v:137091]
INFO: [Synth 8-6155] done synthesizing module 'Mapper_3' (0#1) [/home/zg366/packet-scheduling/pifo-hardware/synthesis/build/baseline-vivado-runtime/rtl/PifoMesh.v:137068]
INFO: [Synth 8-6157] synthesizing module 'StreamFifoLowLatency_4' [/home/zg366/packet-scheduling/pifo-hardware/synthesis/build/baseline-vivado-runtime/rtl/PifoMesh.v:137021]
INFO: [Synth 8-6157] synthesizing module 'StreamFifo_5' [/home/zg366/packet-scheduling/pifo-hardware/synthesis/build/baseline-vivado-runtime/rtl/PifoMesh.v:138336]
INFO: [Synth 8-6155] done synthesizing module 'StreamFifo_5' (0#1) [/home/zg366/packet-scheduling/pifo-hardware/synthesis/build/baseline-vivado-runtime/rtl/PifoMesh.v:138336]
INFO: [Synth 8-6155] done synthesizing module 'StreamFifoLowLatency_4' (0#1) [/home/zg366/packet-scheduling/pifo-hardware/synthesis/build/baseline-vivado-runtime/rtl/PifoMesh.v:137021]
INFO: [Synth 8-6157] synthesizing module 'StreamArbiter_4' [/home/zg366/packet-scheduling/pifo-hardware/synthesis/build/baseline-vivado-runtime/rtl/PifoMesh.v:136950]
INFO: [Synth 8-6155] done synthesizing module 'StreamArbiter_4' (0#1) [/home/zg366/packet-scheduling/pifo-hardware/synthesis/build/baseline-vivado-runtime/rtl/PifoMesh.v:136950]
INFO: [Synth 8-6157] synthesizing module 'StreamFork_1' [/home/zg366/packet-scheduling/pifo-hardware/synthesis/build/baseline-vivado-runtime/rtl/PifoMesh.v:136779]
INFO: [Synth 8-6155] done synthesizing module 'StreamFork_1' (0#1) [/home/zg366/packet-scheduling/pifo-hardware/synthesis/build/baseline-vivado-runtime/rtl/PifoMesh.v:136779]
INFO: [Synth 8-6157] synthesizing module 'StreamFifoLowLatency_5' [/home/zg366/packet-scheduling/pifo-hardware/synthesis/build/baseline-vivado-runtime/rtl/PifoMesh.v:136738]
INFO: [Synth 8-6157] synthesizing module 'StreamFifo_6' [/home/zg366/packet-scheduling/pifo-hardware/synthesis/build/baseline-vivado-runtime/rtl/PifoMesh.v:138208]
INFO: [Synth 8-6155] done synthesizing module 'StreamFifo_6' (0#1) [/home/zg366/packet-scheduling/pifo-hardware/synthesis/build/baseline-vivado-runtime/rtl/PifoMesh.v:138208]
INFO: [Synth 8-6155] done synthesizing module 'StreamFifoLowLatency_5' (0#1) [/home/zg366/packet-scheduling/pifo-hardware/synthesis/build/baseline-vivado-runtime/rtl/PifoMesh.v:136738]
INFO: [Synth 8-6157] synthesizing module 'StreamFifoLowLatency_6' [/home/zg366/packet-scheduling/pifo-hardware/synthesis/build/baseline-vivado-runtime/rtl/PifoMesh.v:136697]
INFO: [Synth 8-6157] synthesizing module 'StreamFifo_7' [/home/zg366/packet-scheduling/pifo-hardware/synthesis/build/baseline-vivado-runtime/rtl/PifoMesh.v:138080]
INFO: [Synth 8-6155] done synthesizing module 'StreamFifo_7' (0#1) [/home/zg366/packet-scheduling/pifo-hardware/synthesis/build/baseline-vivado-runtime/rtl/PifoMesh.v:138080]
INFO: [Synth 8-6155] done synthesizing module 'StreamFifoLowLatency_6' (0#1) [/home/zg366/packet-scheduling/pifo-hardware/synthesis/build/baseline-vivado-runtime/rtl/PifoMesh.v:136697]
INFO: [Synth 8-6157] synthesizing module 'StreamFifoLowLatency_8' [/home/zg366/packet-scheduling/pifo-hardware/synthesis/build/baseline-vivado-runtime/rtl/PifoMesh.v:136654]
INFO: [Synth 8-6157] synthesizing module 'StreamFifo_9' [/home/zg366/packet-scheduling/pifo-hardware/synthesis/build/baseline-vivado-runtime/rtl/PifoMesh.v:137950]
INFO: [Synth 8-6155] done synthesizing module 'StreamFifo_9' (0#1) [/home/zg366/packet-scheduling/pifo-hardware/synthesis/build/baseline-vivado-runtime/rtl/PifoMesh.v:137950]
INFO: [Synth 8-6155] done synthesizing module 'StreamFifoLowLatency_8' (0#1) [/home/zg366/packet-scheduling/pifo-hardware/synthesis/build/baseline-vivado-runtime/rtl/PifoMesh.v:136654]
INFO: [Synth 8-6157] synthesizing module 'StreamFifoLowLatency_9' [/home/zg366/packet-scheduling/pifo-hardware/synthesis/build/baseline-vivado-runtime/rtl/PifoMesh.v:136607]
INFO: [Synth 8-6157] synthesizing module 'StreamFifo_10' [/home/zg366/packet-scheduling/pifo-hardware/synthesis/build/baseline-vivado-runtime/rtl/PifoMesh.v:137805]
INFO: [Synth 8-6155] done synthesizing module 'StreamFifo_10' (0#1) [/home/zg366/packet-scheduling/pifo-hardware/synthesis/build/baseline-vivado-runtime/rtl/PifoMesh.v:137805]
INFO: [Synth 8-6155] done synthesizing module 'StreamFifoLowLatency_9' (0#1) [/home/zg366/packet-scheduling/pifo-hardware/synthesis/build/baseline-vivado-runtime/rtl/PifoMesh.v:136607]
INFO: [Synth 8-6155] done synthesizing module 'PIFOBrain' (0#1) [/home/zg366/packet-scheduling/pifo-hardware/synthesis/build/baseline-vivado-runtime/rtl/PifoMesh.v:6763]
INFO: [Synth 8-6157] synthesizing module 'TransactionalMapper_1' [/home/zg366/packet-scheduling/pifo-hardware/synthesis/build/baseline-vivado-runtime/rtl/PifoMesh.v:6613]
INFO: [Synth 8-3876] $readmem data file 'PifoMesh.v_toplevel_pifoEngines_0_deque_dequeMapper_banks_0.bin' is read successfully [/home/zg366/packet-scheduling/pifo-hardware/synthesis/build/baseline-vivado-runtime/rtl/PifoMesh.v:6667]
INFO: [Synth 8-3876] $readmem data file 'PifoMesh.v_toplevel_pifoEngines_0_deque_dequeMapper_banks_1.bin' is read successfully [/home/zg366/packet-scheduling/pifo-hardware/synthesis/build/baseline-vivado-runtime/rtl/PifoMesh.v:6688]
INFO: [Synth 8-6155] done synthesizing module 'TransactionalMapper_1' (0#1) [/home/zg366/packet-scheduling/pifo-hardware/synthesis/build/baseline-vivado-runtime/rtl/PifoMesh.v:6613]
INFO: [Synth 8-6157] synthesizing module 'FrontRewriteTable' [/home/zg366/packet-scheduling/pifo-hardware/synthesis/build/baseline-vivado-runtime/rtl/PifoMesh.v:4857]
INFO: [Synth 8-6155] done synthesizing module 'FrontRewriteTable' (0#1) [/home/zg366/packet-scheduling/pifo-hardware/synthesis/build/baseline-vivado-runtime/rtl/PifoMesh.v:4857]
INFO: [Synth 8-6157] synthesizing module 'StreamFork_2' [/home/zg366/packet-scheduling/pifo-hardware/synthesis/build/baseline-vivado-runtime/rtl/PifoMesh.v:4758]
INFO: [Synth 8-6155] done synthesizing module 'StreamFork_2' (0#1) [/home/zg366/packet-scheduling/pifo-hardware/synthesis/build/baseline-vivado-runtime/rtl/PifoMesh.v:4758]
INFO: [Synth 8-6157] synthesizing module 'StreamFifoLowLatency_11' [/home/zg366/packet-scheduling/pifo-hardware/synthesis/build/baseline-vivado-runtime/rtl/PifoMesh.v:4699]
INFO: [Synth 8-6157] synthesizing module 'StreamFifo_11' [/home/zg366/packet-scheduling/pifo-hardware/synthesis/build/baseline-vivado-runtime/rtl/PifoMesh.v:136432]
INFO: [Synth 8-6155] done synthesizing module 'StreamFifo_11' (0#1) [/home/zg366/packet-scheduling/pifo-hardware/synthesis/build/baseline-vivado-runtime/rtl/PifoMesh.v:136432]
INFO: [Synth 8-6155] done synthesizing module 'StreamFifoLowLatency_11' (0#1) [/home/zg366/packet-scheduling/pifo-hardware/synthesis/build/baseline-vivado-runtime/rtl/PifoMesh.v:4699]
INFO: [Synth 8-6155] done synthesizing module 'PifoEngine' (0#1) [/home/zg366/packet-scheduling/pifo-hardware/synthesis/build/baseline-vivado-runtime/rtl/PifoMesh.v:2160]
INFO: [Synth 8-6157] synthesizing module 'PifoEngine_1' [/home/zg366/packet-scheduling/pifo-hardware/synthesis/build/baseline-vivado-runtime/rtl/PifoMesh.v:1361]
INFO: [Synth 8-6157] synthesizing module 'TransactionalMapper_2' [/home/zg366/packet-scheduling/pifo-hardware/synthesis/build/baseline-vivado-runtime/rtl/PifoMesh.v:4545]
INFO: [Synth 8-3876] $readmem data file 'PifoMesh.v_toplevel_pifoEngines_1_enque_enqueMapper_banks_0.bin' is read successfully [/home/zg366/packet-scheduling/pifo-hardware/synthesis/build/baseline-vivado-runtime/rtl/PifoMesh.v:4599]
INFO: [Synth 8-3876] $readmem data file 'PifoMesh.v_toplevel_pifoEngines_1_enque_enqueMapper_banks_1.bin' is read successfully [/home/zg366/packet-scheduling/pifo-hardware/synthesis/build/baseline-vivado-runtime/rtl/PifoMesh.v:4620]
INFO: [Synth 8-6155] done synthesizing module 'TransactionalMapper_2' (0#1) [/home/zg366/packet-scheduling/pifo-hardware/synthesis/build/baseline-vivado-runtime/rtl/PifoMesh.v:4545]
INFO: [Synth 8-6157] synthesizing module 'PIFOBrain_1' [/home/zg366/packet-scheduling/pifo-hardware/synthesis/build/baseline-vivado-runtime/rtl/PifoMesh.v:3480]
INFO: [Synth 8-6157] synthesizing module 'Mapper_4' [/home/zg366/packet-scheduling/pifo-hardware/synthesis/build/baseline-vivado-runtime/rtl/PifoMesh.v:136375]
INFO: [Synth 8-3876] $readmem data file 'PifoMesh.v_toplevel_pifoEngines_1_enque_brain_engineMapper_ram.bin' is read successfully [/home/zg366/packet-scheduling/pifo-hardware/synthesis/build/baseline-vivado-runtime/rtl/PifoMesh.v:136398]
INFO: [Synth 8-6155] done synthesizing module 'Mapper_4' (0#1) [/home/zg366/packet-scheduling/pifo-hardware/synthesis/build/baseline-vivado-runtime/rtl/PifoMesh.v:136375]
INFO: [Synth 8-6157] synthesizing module 'Mapper_5' [/home/zg366/packet-scheduling/pifo-hardware/synthesis/build/baseline-vivado-runtime/rtl/PifoMesh.v:136322]
INFO: [Synth 8-3876] $readmem data file 'PifoMesh.v_toplevel_pifoEngines_1_enque_brain_lastVirtualMapper_ram.bin' is read successfully [/home/zg366/packet-scheduling/pifo-hardware/synthesis/build/baseline-vivado-runtime/rtl/PifoMesh.v:136345]
INFO: [Synth 8-6155] done synthesizing module 'Mapper_5' (0#1) [/home/zg366/packet-scheduling/pifo-hardware/synthesis/build/baseline-vivado-runtime/rtl/PifoMesh.v:136322]
INFO: [Synth 8-6157] synthesizing module 'Mapper_6' [/home/zg366/packet-scheduling/pifo-hardware/synthesis/build/baseline-vivado-runtime/rtl/PifoMesh.v:136269]
INFO: [Synth 8-3876] $readmem data file 'PifoMesh.v_toplevel_pifoEngines_1_enque_brain_engineCAM_ram.bin' is read successfully [/home/zg366/packet-scheduling/pifo-hardware/synthesis/build/baseline-vivado-runtime/rtl/PifoMesh.v:136292]
INFO: [Synth 8-6155] done synthesizing module 'Mapper_6' (0#1) [/home/zg366/packet-scheduling/pifo-hardware/synthesis/build/baseline-vivado-runtime/rtl/PifoMesh.v:136269]
INFO: [Synth 8-6157] synthesizing module 'Mapper_7' [/home/zg366/packet-scheduling/pifo-hardware/synthesis/build/baseline-vivado-runtime/rtl/PifoMesh.v:136212]
INFO: [Synth 8-3876] $readmem data file 'PifoMesh.v_toplevel_pifoEngines_1_enque_brain_brainStateMem_ram.bin' is read successfully [/home/zg366/packet-scheduling/pifo-hardware/synthesis/build/baseline-vivado-runtime/rtl/PifoMesh.v:136235]
INFO: [Synth 8-6155] done synthesizing module 'Mapper_7' (0#1) [/home/zg366/packet-scheduling/pifo-hardware/synthesis/build/baseline-vivado-runtime/rtl/PifoMesh.v:136212]
INFO: [Synth 8-6155] done synthesizing module 'PIFOBrain_1' (0#1) [/home/zg366/packet-scheduling/pifo-hardware/synthesis/build/baseline-vivado-runtime/rtl/PifoMesh.v:3480]
INFO: [Synth 8-6157] synthesizing module 'TransactionalMapper_3' [/home/zg366/packet-scheduling/pifo-hardware/synthesis/build/baseline-vivado-runtime/rtl/PifoMesh.v:3330]
INFO: [Synth 8-3876] $readmem data file 'PifoMesh.v_toplevel_pifoEngines_1_deque_dequeMapper_banks_0.bin' is read successfully [/home/zg366/packet-scheduling/pifo-hardware/synthesis/build/baseline-vivado-runtime/rtl/PifoMesh.v:3384]
INFO: [Synth 8-3876] $readmem data file 'PifoMesh.v_toplevel_pifoEngines_1_deque_dequeMapper_banks_1.bin' is read successfully [/home/zg366/packet-scheduling/pifo-hardware/synthesis/build/baseline-vivado-runtime/rtl/PifoMesh.v:3405]
INFO: [Synth 8-6155] done synthesizing module 'TransactionalMapper_3' (0#1) [/home/zg366/packet-scheduling/pifo-hardware/synthesis/build/baseline-vivado-runtime/rtl/PifoMesh.v:3330]
INFO: [Synth 8-6155] done synthesizing module 'PifoEngine_1' (0#1) [/home/zg366/packet-scheduling/pifo-hardware/synthesis/build/baseline-vivado-runtime/rtl/PifoMesh.v:1361]
INFO: [Synth 8-6157] synthesizing module 'StreamFifo_21' [/home/zg366/packet-scheduling/pifo-hardware/synthesis/build/baseline-vivado-runtime/rtl/PifoMesh.v:1055]
INFO: [Synth 8-6155] done synthesizing module 'StreamFifo_21' (0#1) [/home/zg366/packet-scheduling/pifo-hardware/synthesis/build/baseline-vivado-runtime/rtl/PifoMesh.v:1055]
INFO: [Synth 8-6157] synthesizing module 'StreamDemux_3' [/home/zg366/packet-scheduling/pifo-hardware/synthesis/build/baseline-vivado-runtime/rtl/PifoMesh.v:934]
INFO: [Synth 8-6155] done synthesizing module 'StreamDemux_3' (0#1) [/home/zg366/packet-scheduling/pifo-hardware/synthesis/build/baseline-vivado-runtime/rtl/PifoMesh.v:934]
INFO: [Synth 8-6157] synthesizing module 'StreamFork_8' [/home/zg366/packet-scheduling/pifo-hardware/synthesis/build/baseline-vivado-runtime/rtl/PifoMesh.v:802]
INFO: [Synth 8-6155] done synthesizing module 'StreamFork_8' (0#1) [/home/zg366/packet-scheduling/pifo-hardware/synthesis/build/baseline-vivado-runtime/rtl/PifoMesh.v:802]
INFO: [Synth 8-6157] synthesizing module 'StreamArbiter_7' [/home/zg366/packet-scheduling/pifo-hardware/synthesis/build/baseline-vivado-runtime/rtl/PifoMesh.v:652]
INFO: [Synth 8-6155] done synthesizing module 'StreamArbiter_7' (0#1) [/home/zg366/packet-scheduling/pifo-hardware/synthesis/build/baseline-vivado-runtime/rtl/PifoMesh.v:652]
INFO: [Synth 8-6155] done synthesizing module 'PifoMesh' (0#1) [/home/zg366/packet-scheduling/pifo-hardware/synthesis/build/baseline-vivado-runtime/rtl/PifoMesh.v:7]
WARNING: [Synth 8-6014] Unused sequential element logic_ptr_wentUp_reg was removed.  [/home/zg366/packet-scheduling/pifo-hardware/synthesis/build/baseline-vivado-runtime/rtl/PifoMesh.v:137767]
WARNING: [Synth 8-3936] Found unconnected internal register 'genblk1[9].part_idx_reg[9]' and it is trimmed from '1024' to '11' bits. [/home/zg366/packet-scheduling/pifo-hardware/hw/verilog/priority_encode_log.v:33]
WARNING: [Synth 8-3936] Found unconnected internal register 'genblk1[8].part_idx_reg[8]' and it is trimmed from '1024' to '522' bits. [/home/zg366/packet-scheduling/pifo-hardware/hw/verilog/priority_encode_log.v:33]
WARNING: [Synth 8-3936] Found unconnected internal register 'genblk1[7].part_idx_reg[7]' and it is trimmed from '1024' to '777' bits. [/home/zg366/packet-scheduling/pifo-hardware/hw/verilog/priority_encode_log.v:33]
WARNING: [Synth 8-3936] Found unconnected internal register 'genblk1[6].part_idx_reg[6]' and it is trimmed from '1024' to '904' bits. [/home/zg366/packet-scheduling/pifo-hardware/hw/verilog/priority_encode_log.v:33]
WARNING: [Synth 8-3936] Found unconnected internal register 'genblk1[5].part_idx_reg[5]' and it is trimmed from '1024' to '967' bits. [/home/zg366/packet-scheduling/pifo-hardware/hw/verilog/priority_encode_log.v:33]
WARNING: [Synth 8-3936] Found unconnected internal register 'genblk1[4].part_idx_reg[4]' and it is trimmed from '1024' to '998' bits. [/home/zg366/packet-scheduling/pifo-hardware/hw/verilog/priority_encode_log.v:33]
WARNING: [Synth 8-3936] Found unconnected internal register 'genblk1[3].part_idx_reg[3]' and it is trimmed from '1024' to '1013' bits. [/home/zg366/packet-scheduling/pifo-hardware/hw/verilog/priority_encode_log.v:33]
WARNING: [Synth 8-3936] Found unconnected internal register 'genblk1[2].part_idx_reg[2]' and it is trimmed from '1024' to '1020' bits. [/home/zg366/packet-scheduling/pifo-hardware/hw/verilog/priority_encode_log.v:33]
WARNING: [Synth 8-3936] Found unconnected internal register 'genblk1[1].part_idx_reg[1]' and it is trimmed from '1024' to '1023' bits. [/home/zg366/packet-scheduling/pifo-hardware/hw/verilog/priority_encode_log.v:33]
WARNING: [Synth 8-6014] Unused sequential element logic_ptr_wentUp_reg was removed.  [/home/zg366/packet-scheduling/pifo-hardware/synthesis/build/baseline-vivado-runtime/rtl/PifoMesh.v:137644]
WARNING: [Synth 8-6014] Unused sequential element logic_ptr_wentUp_reg was removed.  [/home/zg366/packet-scheduling/pifo-hardware/synthesis/build/baseline-vivado-runtime/rtl/PifoMesh.v:138602]
WARNING: [Synth 8-6014] Unused sequential element logic_ptr_wentUp_reg was removed.  [/home/zg366/packet-scheduling/pifo-hardware/synthesis/build/baseline-vivado-runtime/rtl/PifoMesh.v:138457]
WARNING: [Synth 8-6014] Unused sequential element logic_ptr_wentUp_reg was removed.  [/home/zg366/packet-scheduling/pifo-hardware/synthesis/build/baseline-vivado-runtime/rtl/PifoMesh.v:138312]
WARNING: [Synth 8-6014] Unused sequential element logic_ptr_wentUp_reg was removed.  [/home/zg366/packet-scheduling/pifo-hardware/synthesis/build/baseline-vivado-runtime/rtl/PifoMesh.v:138184]
WARNING: [Synth 8-6014] Unused sequential element logic_ptr_wentUp_reg was removed.  [/home/zg366/packet-scheduling/pifo-hardware/synthesis/build/baseline-vivado-runtime/rtl/PifoMesh.v:138054]
WARNING: [Synth 8-6014] Unused sequential element logic_ptr_wentUp_reg was removed.  [/home/zg366/packet-scheduling/pifo-hardware/synthesis/build/baseline-vivado-runtime/rtl/PifoMesh.v:137926]
WARNING: [Synth 8-6014] Unused sequential element logic_ptr_wentUp_reg was removed.  [/home/zg366/packet-scheduling/pifo-hardware/synthesis/build/baseline-vivado-runtime/rtl/PifoMesh.v:136583]
WARNING: [Synth 8-6014] Unused sequential element logic_ptr_wentUp_reg was removed.  [/home/zg366/packet-scheduling/pifo-hardware/synthesis/build/baseline-vivado-runtime/rtl/PifoMesh.v:1317]
WARNING: [Synth 8-6014] Unused sequential element logic_pop_addressGen_rData_reg was removed.  [/home/zg366/packet-scheduling/pifo-hardware/synthesis/build/baseline-vivado-runtime/rtl/PifoMesh.v:1282]
WARNING: [Synth 8-7129] Port reset in module Mapper_7 is either unconnected or has no load
WARNING: [Synth 8-7129] Port reset in module Mapper_6 is either unconnected or has no load
WARNING: [Synth 8-7129] Port reset in module Mapper_5 is either unconnected or has no load
WARNING: [Synth 8-7129] Port reset in module Mapper_4 is either unconnected or has no load
WARNING: [Synth 8-7129] Port io_poped_payload_data[6] in module PIFOBrain_1 is either unconnected or has no load
WARNING: [Synth 8-7129] Port io_poped_payload_data[5] in module PIFOBrain_1 is either unconnected or has no load
WARNING: [Synth 8-7129] Port io_poped_payload_data[4] in module PIFOBrain_1 is either unconnected or has no load
WARNING: [Synth 8-7129] Port io_poped_payload_data[3] in module PIFOBrain_1 is either unconnected or has no load
WARNING: [Synth 8-7129] Port io_poped_payload_data[2] in module PIFOBrain_1 is either unconnected or has no load
WARNING: [Synth 8-7129] Port io_poped_payload_data[1] in module PIFOBrain_1 is either unconnected or has no load
WARNING: [Synth 8-7129] Port io_poped_payload_data[0] in module PIFOBrain_1 is either unconnected or has no load
WARNING: [Synth 8-7129] Port clk in module priority_encode_log is either unconnected or has no load
WARNING: [Synth 8-7129] Port rst in module priority_encode_log is either unconnected or has no load
WARNING: [Synth 8-7129] Port io_dequeueRequest_payload_engineId[1] in module PifoEngine_1 is either unconnected or has no load
WARNING: [Synth 8-7129] Port io_dequeueRequest_payload_engineId[0] in module PifoEngine_1 is either unconnected or has no load
WARNING: [Synth 8-7129] Port reset in module Mapper_3 is either unconnected or has no load
WARNING: [Synth 8-7129] Port reset in module Mapper_2 is either unconnected or has no load
WARNING: [Synth 8-7129] Port reset in module Mapper_1 is either unconnected or has no load
WARNING: [Synth 8-7129] Port reset in module Mapper is either unconnected or has no load
WARNING: [Synth 8-7129] Port io_poped_payload_data[6] in module PIFOBrain is either unconnected or has no load
WARNING: [Synth 8-7129] Port io_poped_payload_data[5] in module PIFOBrain is either unconnected or has no load
WARNING: [Synth 8-7129] Port io_poped_payload_data[4] in module PIFOBrain is either unconnected or has no load
WARNING: [Synth 8-7129] Port io_poped_payload_data[3] in module PIFOBrain is either unconnected or has no load
WARNING: [Synth 8-7129] Port io_poped_payload_data[2] in module PIFOBrain is either unconnected or has no load
WARNING: [Synth 8-7129] Port io_poped_payload_data[1] in module PIFOBrain is either unconnected or has no load
WARNING: [Synth 8-7129] Port io_poped_payload_data[0] in module PIFOBrain is either unconnected or has no load
WARNING: [Synth 8-7129] Port io_dequeueRequest_payload_engineId[1] in module PifoEngine is either unconnected or has no load
WARNING: [Synth 8-7129] Port io_dequeueRequest_payload_engineId[0] in module PifoEngine is either unconnected or has no load
---------------------------------------------------------------------------------
Finished RTL Elaboration : Time (s): cpu = 00:00:45 ; elapsed = 00:00:46 . Memory (MB): peak = 3962.566 ; gain = 1309.836 ; free physical = 181880 ; free virtual = 193598
---------------------------------------------------------------------------------
---------------------------------------------------------------------------------
Start Handling Custom Attributes
---------------------------------------------------------------------------------
---------------------------------------------------------------------------------
Finished Handling Custom Attributes : Time (s): cpu = 00:00:45 ; elapsed = 00:00:47 . Memory (MB): peak = 3962.566 ; gain = 1309.836 ; free physical = 181920 ; free virtual = 193638
---------------------------------------------------------------------------------
---------------------------------------------------------------------------------
Finished RTL Optimization Phase 1 : Time (s): cpu = 00:00:45 ; elapsed = 00:00:47 . Memory (MB): peak = 3962.566 ; gain = 1309.836 ; free physical = 181920 ; free virtual = 193638
---------------------------------------------------------------------------------
Netlist sorting complete. Time (s): cpu = 00:00:10 ; elapsed = 00:00:10 . Memory (MB): peak = 4145.934 ; gain = 40.336 ; free physical = 181853 ; free virtual = 193571
INFO: [Project 1-570] Preparing netlist for logic optimization

Processing XDC Constraints
Initializing timing engine
Parsing XDC File [/home/zg366/packet-scheduling/pifo-hardware/synthesis/build/baseline-vivado-runtime/pifo.xdc]
Finished Parsing XDC File [/home/zg366/packet-scheduling/pifo-hardware/synthesis/build/baseline-vivado-runtime/pifo.xdc]
Completed Processing XDC Constraints

Netlist sorting complete. Time (s): cpu = 00:00:00.05 ; elapsed = 00:00:00.05 . Memory (MB): peak = 5585.523 ; gain = 0.000 ; free physical = 180541 ; free virtual = 192258
INFO: [Project 1-111] Unisim Transformation Summary:
No Unisim elements were transformed.

---------------------------------------------------------------------------------
Finished Constraint Validation : Time (s): cpu = 00:02:13 ; elapsed = 00:02:04 . Memory (MB): peak = 5597.445 ; gain = 2944.715 ; free physical = 176376 ; free virtual = 188095
---------------------------------------------------------------------------------
---------------------------------------------------------------------------------
Start Loading Part and Timing Information
---------------------------------------------------------------------------------
Loading part: xcku5p-ffvb676-2-e
INFO: [Synth 8-6742] Reading net delay rules and data
---------------------------------------------------------------------------------
Finished Loading Part and Timing Information : Time (s): cpu = 00:02:13 ; elapsed = 00:02:04 . Memory (MB): peak = 5601.531 ; gain = 2948.801 ; free physical = 176368 ; free virtual = 188086
---------------------------------------------------------------------------------
---------------------------------------------------------------------------------
Start Applying 'set_property' XDC Constraints
---------------------------------------------------------------------------------
---------------------------------------------------------------------------------
Finished applying 'set_property' XDC Constraints : Time (s): cpu = 00:02:13 ; elapsed = 00:02:04 . Memory (MB): peak = 5601.531 ; gain = 2948.801 ; free physical = 176328 ; free virtual = 188045
---------------------------------------------------------------------------------
INFO: [Synth 8-6904] The RAM "TransactionalMapper:/banks_1_reg" of size (depth=32 x width=5) is automatically implemented using LUTRAM. BRAM implementation would be inefficient 
INFO: [Synth 8-6904] The RAM "TransactionalMapper:/banks_0_reg" of size (depth=32 x width=5) is automatically implemented using LUTRAM. BRAM implementation would be inefficient 
INFO: [Synth 8-6904] The RAM "Mapper:/ram_reg" of size (depth=32 x width=2) is automatically implemented using LUTRAM. BRAM implementation would be inefficient 
INFO: [Synth 8-6904] The RAM "Mapper_1:/ram_reg" of size (depth=32 x width=8) is automatically implemented using LUTRAM. BRAM implementation would be inefficient 
INFO: [Synth 8-6794] RAM ("Mapper_2:/ram_reg") will be automatically implemented using URAM. 
INFO: [Synth 8-6794] RAM ("Mapper_2:/ram_reg") will be automatically implemented using URAM. 
INFO: [Synth 8-5780] Default cascade height of 1 will be used for URAM '"Mapper_2:/ram_reg"'.
INFO: [Synth 8-6904] The RAM "Mapper_3:/ram_reg" of size (depth=32 x width=32) is automatically implemented using LUTRAM. BRAM implementation would be inefficient 
INFO: [Synth 8-3971] The signal "TransactionalMapper_1:/banks_1_reg" was recognized as a true dual port RAM template.
INFO: [Synth 8-3971] The signal "TransactionalMapper_1:/banks_0_reg" was recognized as a true dual port RAM template.
INFO: [Synth 8-6904] The RAM "TransactionalMapper_2:/banks_1_reg" of size (depth=32 x width=5) is automatically implemented using LUTRAM. BRAM implementation would be inefficient 
INFO: [Synth 8-6904] The RAM "TransactionalMapper_2:/banks_0_reg" of size (depth=32 x width=5) is automatically implemented using LUTRAM. BRAM implementation would be inefficient 
INFO: [Synth 8-6904] The RAM "Mapper_4:/ram_reg" of size (depth=32 x width=2) is automatically implemented using LUTRAM. BRAM implementation would be inefficient 
INFO: [Synth 8-6904] The RAM "Mapper_5:/ram_reg" of size (depth=32 x width=8) is automatically implemented using LUTRAM. BRAM implementation would be inefficient 
INFO: [Synth 8-6794] RAM ("Mapper_6:/ram_reg") will be automatically implemented using URAM. 
INFO: [Synth 8-6794] RAM ("Mapper_6:/ram_reg") will be automatically implemented using URAM. 
INFO: [Synth 8-5780] Default cascade height of 1 will be used for URAM '"Mapper_6:/ram_reg"'.
INFO: [Synth 8-6904] The RAM "Mapper_7:/ram_reg" of size (depth=32 x width=32) is automatically implemented using LUTRAM. BRAM implementation would be inefficient 
INFO: [Synth 8-3971] The signal "TransactionalMapper_3:/banks_1_reg" was recognized as a true dual port RAM template.
INFO: [Synth 8-3971] The signal "TransactionalMapper_3:/banks_0_reg" was recognized as a true dual port RAM template.
INFO: [Synth 8-6904] The RAM "StreamFifo_21:/logic_ram_reg" of size (depth=4 x width=49) is automatically implemented using LUTRAM. BRAM implementation would be inefficient 
---------------------------------------------------------------------------------
Finished RTL Optimization Phase 2 : Time (s): cpu = 00:03:14 ; elapsed = 00:03:07 . Memory (MB): peak = 5609.535 ; gain = 2956.805 ; free physical = 175075 ; free virtual = 186814
---------------------------------------------------------------------------------
---------------------------------------------------------------------------------
Start RTL Component Statistics 
---------------------------------------------------------------------------------
Detailed RTL Component Info : 
+---Adders : 
	   2 Input   12 Bit       Adders := 2     
	   4 Input   11 Bit       Adders := 2     
	   3 Input   11 Bit       Adders := 2     
	   2 Input   11 Bit       Adders := 2     
	   2 Input    8 Bit       Adders := 4     
	   2 Input    5 Bit       Adders := 2     
	   2 Input    4 Bit       Adders := 9     
	   3 Input    4 Bit       Adders := 3     
	   2 Input    3 Bit       Adders := 6     
	   3 Input    3 Bit       Adders := 1     
	   3 Input    2 Bit       Adders := 18    
	   2 Input    2 Bit       Adders := 60    
	   2 Input    1 Bit       Adders := 1     
+---XORs : 
	   3 Input      4 Bit         XORs := 3     
	   3 Input      3 Bit         XORs := 1     
	   3 Input      2 Bit         XORs := 18    
+---Registers : 
	               49 Bit    Registers := 1     
	               32 Bit    Registers := 4     
	               12 Bit    Registers := 4     
	                8 Bit    Registers := 2052  
	                7 Bit    Registers := 2058  
	                5 Bit    Registers := 2131  
	                4 Bit    Registers := 6     
	                3 Bit    Registers := 1     
	                2 Bit    Registers := 5     
	                1 Bit    Registers := 372   
+---RAMs : 
	             128K Bit	(4096 X 32 bit)          RAMs := 2     
	              28K Bit	(4096 X 7 bit)          RAMs := 4     
	             1024 Bit	(32 X 32 bit)          RAMs := 2     
	              256 Bit	(32 X 8 bit)          RAMs := 2     
	              196 Bit	(4 X 49 bit)          RAMs := 1     
	              160 Bit	(32 X 5 bit)          RAMs := 4     
	               64 Bit	(32 X 2 bit)          RAMs := 2     
+---Muxes : 
	   2 Input   32 Bit        Muxes := 14    
	   2 Input   12 Bit        Muxes := 8     
	   2 Input   11 Bit        Muxes := 2     
	   2 Input    9 Bit        Muxes := 6     
	   2 Input    8 Bit        Muxes := 10256 
	   4 Input    8 Bit        Muxes := 2     
	   2 Input    7 Bit        Muxes := 10268 
	   2 Input    6 Bit        Muxes := 48    
	   2 Input    5 Bit        Muxes := 10358 
	   2 Input    4 Bit        Muxes := 198   
	   2 Input    3 Bit        Muxes := 389   
	   2 Input    2 Bit        Muxes := 816   
	   2 Input    1 Bit        Muxes := 6476  
---------------------------------------------------------------------------------
Finished RTL Component Statistics 
---------------------------------------------------------------------------------
---------------------------------------------------------------------------------
Start Part Resource Summary
---------------------------------------------------------------------------------
Part Resources:
DSPs: 1824 (col length:96)
BRAMs: 960 (col length: RAMB18 96 RAMB36 48)
---------------------------------------------------------------------------------
Finished Part Resource Summary
---------------------------------------------------------------------------------
---------------------------------------------------------------------------------
Start Cross Boundary and Area Optimization
---------------------------------------------------------------------------------
INFO: [Synth 8-6904] The RAM "PifoMesh/enque_enqueMapper/banks_1_reg" of size (depth=32 x width=5) is automatically implemented using LUTRAM. BRAM implementation would be inefficient 
INFO: [Synth 8-6904] The RAM "PifoMesh/enque_enqueMapper/banks_0_reg" of size (depth=32 x width=5) is automatically implemented using LUTRAM. BRAM implementation would be inefficient 
INFO: [Synth 8-6904] The RAM "PifoMesh/enque_brain/engineMapper/ram_reg" of size (depth=32 x width=2) is automatically implemented using LUTRAM. BRAM implementation would be inefficient 
INFO: [Synth 8-6904] The RAM "PifoMesh/enque_brain/lastVirtualMapper/ram_reg" of size (depth=32 x width=8) is automatically implemented using LUTRAM. BRAM implementation would be inefficient 
INFO: [Synth 8-6794] RAM ("PifoMesh/enque_brain/engineCAM/ram_reg") will be automatically implemented using URAM. 
INFO: [Synth 8-5780] Default cascade height of 1 will be used for URAM '"PifoMesh/enque_brain/engineCAM/ram_reg"'.
INFO: [Synth 8-6904] The RAM "PifoMesh/enque_brain/brainStateMem/ram_reg" of size (depth=32 x width=32) is automatically implemented using LUTRAM. BRAM implementation would be inefficient 
INFO: [Synth 8-7124] RAM ("PifoMesh/deque_dequeMapper/banks_1_reg") is implemented using BRAM instead of URAM. Memory would be severely underutilized if URAMs are used
INFO: [Synth 8-7124] RAM ("PifoMesh/deque_dequeMapper/banks_1_reg") is implemented using BRAM instead of URAM. Memory would be severely underutilized if URAMs are used
INFO: [Synth 8-3971] The signal "PifoMesh/deque_dequeMapper/banks_1_reg" was recognized as a true dual port RAM template.
INFO: [Synth 8-7124] RAM ("PifoMesh/deque_dequeMapper/banks_0_reg") is implemented using BRAM instead of URAM. Memory would be severely underutilized if URAMs are used
INFO: [Synth 8-7124] RAM ("PifoMesh/deque_dequeMapper/banks_0_reg") is implemented using BRAM instead of URAM. Memory would be severely underutilized if URAMs are used
INFO: [Synth 8-3971] The signal "PifoMesh/deque_dequeMapper/banks_0_reg" was recognized as a true dual port RAM template.
INFO: [Synth 8-6904] The RAM "PifoMesh/enque_enqueMapper/banks_1_reg" of size (depth=32 x width=5) is automatically implemented using LUTRAM. BRAM implementation would be inefficient 
INFO: [Synth 8-6904] The RAM "PifoMesh/enque_enqueMapper/banks_0_reg" of size (depth=32 x width=5) is automatically implemented using LUTRAM. BRAM implementation would be inefficient 
INFO: [Synth 8-6904] The RAM "PifoMesh/enque_brain/engineMapper/ram_reg" of size (depth=32 x width=2) is automatically implemented using LUTRAM. BRAM implementation would be inefficient 
INFO: [Synth 8-6904] The RAM "PifoMesh/enque_brain/lastVirtualMapper/ram_reg" of size (depth=32 x width=8) is automatically implemented using LUTRAM. BRAM implementation would be inefficient 
INFO: [Synth 8-6794] RAM ("PifoMesh/enque_brain/engineCAM/ram_reg") will be automatically implemented using URAM. 
INFO: [Synth 8-5780] Default cascade height of 1 will be used for URAM '"PifoMesh/enque_brain/engineCAM/ram_reg"'.
INFO: [Synth 8-6904] The RAM "PifoMesh/enque_brain/brainStateMem/ram_reg" of size (depth=32 x width=32) is automatically implemented using LUTRAM. BRAM implementation would be inefficient 
INFO: [Synth 8-7124] RAM ("PifoMesh/deque_dequeMapper/banks_1_reg") is implemented using BRAM instead of URAM. Memory would be severely underutilized if URAMs are used
INFO: [Synth 8-7124] RAM ("PifoMesh/deque_dequeMapper/banks_1_reg") is implemented using BRAM instead of URAM. Memory would be severely underutilized if URAMs are used
INFO: [Synth 8-3971] The signal "PifoMesh/deque_dequeMapper/banks_1_reg" was recognized as a true dual port RAM template.
INFO: [Synth 8-7124] RAM ("PifoMesh/deque_dequeMapper/banks_0_reg") is implemented using BRAM instead of URAM. Memory would be severely underutilized if URAMs are used
INFO: [Synth 8-7124] RAM ("PifoMesh/deque_dequeMapper/banks_0_reg") is implemented using BRAM instead of URAM. Memory would be severely underutilized if URAMs are used
INFO: [Synth 8-3971] The signal "PifoMesh/deque_dequeMapper/banks_0_reg" was recognized as a true dual port RAM template.
INFO: [Synth 8-6904] The RAM "PifoMesh/io_controlRequest_fifo/logic_ram_reg" of size (depth=4 x width=49) is automatically implemented using LUTRAM. BRAM implementation would be inefficient 
INFO: [Synth 8-6794] RAM ("PifoMesh/enque_brain/engineCAM/ram_reg") will be automatically implemented using URAM. 
INFO: [Synth 8-5780] Default cascade height of 1 will be used for URAM '"PifoMesh/enque_brain/engineCAM/ram_reg"'.
INFO: [Synth 8-6794] RAM ("PifoMesh/enque_brain/engineCAM/ram_reg") will be automatically implemented using URAM. 
INFO: [Synth 8-5780] Default cascade height of 1 will be used for URAM '"PifoMesh/enque_brain/engineCAM/ram_reg"'.
---------------------------------------------------------------------------------
Finished Cross Boundary and Area Optimization : Time (s): cpu = 00:03:57 ; elapsed = 00:03:49 . Memory (MB): peak = 5621.461 ; gain = 2968.730 ; free physical = 172088 ; free virtual = 183836
---------------------------------------------------------------------------------
WARNING: [Synth 8-6057] Memory: "enque_brain/engineCAM/ram_reg" defined in module: "PifoMesh" implemented as Ultra-Ram has no pipeline registers. It is recommended to use pipeline registers to achieve high performance.
WARNING: [Synth 8-6057] Memory: "enque_brain/engineCAM/ram_reg" defined in module: "PifoMesh" implemented as Ultra-Ram has no pipeline registers. It is recommended to use pipeline registers to achieve high performance.
---------------------------------------------------------------------------------
Start ROM, RAM, DSP, Shift Register and Retiming Reporting
---------------------------------------------------------------------------------

Ultra RAM: Preliminary Mapping Report (see note below)
+------------+-------------------------------+------------------------+---+---+------------------------+---+---+------------------+---------+--------------+--------------------------+-------------+
|Module Name | RTL Object                    | PORT A (Depth x Width) | W | R | PORT B (Depth x Width) | W | R | Ports driving FF | URAM288 | Matrix Shape | FF provided for Pipeline | FF absorbed | 
+------------+-------------------------------+------------------------+---+---+------------------------+---+---+------------------+---------+--------------+--------------------------+-------------+
|PifoMesh    | enque_brain/engineCAM/ram_reg | 4 K x 32               |   | R | 4 K x 32               | W |   | Port A and B     | 1       | 1x1          | 0                        | 0           | 
|PifoMesh    | enque_brain/engineCAM/ram_reg | 4 K x 32               |   | R | 4 K x 32               | W |   | Port A and B     | 1       | 1x1          | 0                        | 0           | 
+------------+-------------------------------+------------------------+---+---+------------------------+---+---+------------------+---------+--------------+--------------------------+-------------+

Note: The table above is a preliminary report that shows the Ultra RAMs at the current stage of the synthesis flow. Some Ultra RAMs may be reimplemented as non Ultra RAM primitives later in the synthesis flow. Multiple instantiated Ultra RAMs are reported only once. Fields "FF provided for Pipeline" and "FF absorbed" respectively indicate number of registers available for pipelining and number of registers absorbed in the URAM matrix for pipelining. 

Block RAM: Preliminary Mapping Report (see note below)
-------NONE-------
Note: The table above is a preliminary report that shows the Block RAMs at the current stage of the synthesis flow. Some Block RAMs may be reimplemented as non Block RAM primitives later in the synthesis flow. Multiple instantiated Block RAMs are reported only once. 

Distributed RAM: Preliminary Mapping Report (see note below)
+------------+---------------------------------------------------------------------------+----------------+----------------------+---------------+
|Module Name | RTL Object                                                                | Inference      | Size (Depth x Width) | Primitives    | 
+------------+---------------------------------------------------------------------------+----------------+----------------------+---------------+
|PifoMesh    | enque_enqueMapper/banks_1_reg                                             | Implied        | 32 x 5               | RAM32M16 x 2  | 
|PifoMesh    | enque_enqueMapper/banks_0_reg                                             | Implied        | 32 x 5               | RAM32M16 x 2  | 
|PifoMesh    | enque_flowIdStream_fifo/fifo/logic_ram_reg                                | User Attribute | 2 x 7                | RAM32M16 x 1  | 
|PifoMesh    | enque_brain/engineMapper/ram_reg                                          | Implied        | 32 x 2               | RAM32X1D x 2  | 
|PifoMesh    | enque_brain/lastVirtualMapper/ram_reg                                     | Implied        | 32 x 8               | RAM32M16 x 1  | 
|PifoMesh    | enque_brain/flowStateUpdate_toStream_fifo/fifo/logic_ram_reg              | User Attribute | 2 x 44               | RAM32M16 x 4  | 
|PifoMesh    | enque_brain/brainStateMem/ram_reg                                         | Implied        | 32 x 32              | RAM32M16 x 3  | 
|PifoMesh    | enque_brain/brainStateUpdate_toStream_fifo/fifo/logic_ram_reg             | User Attribute | 2 x 37               | RAM32M16 x 3  | 
|PifoMesh    | enque_brain/engineMapper_io_readRes_toStream_fifo/fifo/logic_ram_reg      | User Attribute | 2 x 2                | RAM16X1D x 2  | 
|PifoMesh    | enque_brain/brainStateMem_io_readRes_toStream_fifo/fifo/logic_ram_reg     | User Attribute | 2 x 32               | RAM32M16 x 3  | 
|PifoMesh    | enque_brain/engineCAM_io_readRes_toStream_fifo/fifo/logic_ram_reg         | User Attribute | 2 x 32               | RAM32M16 x 3  | 
|PifoMesh    | enque_brain/lastVirtualMapper_io_readRes_toStream_fifo/fifo/logic_ram_reg | User Attribute | 2 x 8                | RAM32M16 x 1  | 
|PifoMesh    | enque_brain/io_outputs_4_fifo/fifo/logic_ram_reg                          | User Attribute | 2 x 12               | RAM32M16 x 1  | 
|PifoMesh    | enque_enqueMapper/banks_1_reg                                             | Implied        | 32 x 5               | RAM32M16 x 2  | 
|PifoMesh    | enque_enqueMapper/banks_0_reg                                             | Implied        | 32 x 5               | RAM32M16 x 2  | 
|PifoMesh    | enque_flowIdStream_fifo/fifo/logic_ram_reg                                | User Attribute | 2 x 7                | RAM32M16 x 1  | 
|PifoMesh    | enque_brain/engineMapper/ram_reg                                          | Implied        | 32 x 2               | RAM32X1D x 2  | 
|PifoMesh    | enque_brain/lastVirtualMapper/ram_reg                                     | Implied        | 32 x 8               | RAM32M16 x 1  | 
|PifoMesh    | enque_brain/flowStateUpdate_toStream_fifo/fifo/logic_ram_reg              | User Attribute | 2 x 44               | RAM32M16 x 4  | 
|PifoMesh    | enque_brain/brainStateMem/ram_reg                                         | Implied        | 32 x 32              | RAM32M16 x 3  | 
|PifoMesh    | enque_brain/brainStateUpdate_toStream_fifo/fifo/logic_ram_reg             | User Attribute | 2 x 37               | RAM32M16 x 3  | 
|PifoMesh    | enque_brain/engineMapper_io_readRes_toStream_fifo/fifo/logic_ram_reg      | User Attribute | 2 x 2                | RAM16X1D x 2  | 
|PifoMesh    | enque_brain/brainStateMem_io_readRes_toStream_fifo/fifo/logic_ram_reg     | User Attribute | 2 x 32               | RAM32M16 x 3  | 
|PifoMesh    | enque_brain/engineCAM_io_readRes_toStream_fifo/fifo/logic_ram_reg         | User Attribute | 2 x 32               | RAM32M16 x 3  | 
|PifoMesh    | enque_brain/lastVirtualMapper_io_readRes_toStream_fifo/fifo/logic_ram_reg | User Attribute | 2 x 8                | RAM32M16 x 1  | 
|PifoMesh    | enque_brain/io_outputs_4_fifo/fifo/logic_ram_reg                          | User Attribute | 2 x 12               | RAM32M16 x 1  | 
|PifoMesh    | xbar/io_inputs_0_fifo/fifo/logic_ram_reg                                  | User Attribute | 8 x 7                | RAM32M16 x 1  | 
|PifoMesh    | xbar/io_inputs_1_fifo/fifo/logic_ram_reg                                  | User Attribute | 8 x 7                | RAM32M16 x 1  | 
|PifoMesh    | xbar/io_inputs_2_fifo/fifo/logic_ram_reg                                  | User Attribute | 8 x 7                | RAM32M16 x 1  | 
|PifoMesh    | io_controlRequest_fifo/logic_ram_reg                                      | Implied        | 4 x 49               | RAM32M16 x 4  | 
+------------+---------------------------------------------------------------------------+----------------+----------------------+---------------+

Note: The table above is a preliminary report that shows the Distributed RAMs at the current stage of the synthesis flow. Some Distributed RAMs may be reimplemented as non Distributed RAM primitives later in the synthesis flow. Multiple instantiated RAMs are reported only once.
---------------------------------------------------------------------------------
Finished ROM, RAM, DSP, Shift Register and Retiming Reporting
---------------------------------------------------------------------------------
---------------------------------------------------------------------------------
Start Applying XDC Timing Constraints
---------------------------------------------------------------------------------
---------------------------------------------------------------------------------
Finished Applying XDC Timing Constraints : Time (s): cpu = 00:05:43 ; elapsed = 00:04:00 . Memory (MB): peak = 5709.090 ; gain = 3056.359 ; free physical = 172495 ; free virtual = 184243
---------------------------------------------------------------------------------
WARNING: [Synth 8-6057] Memory: "enque_brain/engineCAM/ram_reg" defined in module: "PifoMesh" implemented as Ultra-Ram has no pipeline registers. It is recommended to use pipeline registers to achieve high performance.
WARNING: [Synth 8-6057] Memory: "enque_brain/engineCAM/ram_reg" defined in module: "PifoMesh" implemented as Ultra-Ram has no pipeline registers. It is recommended to use pipeline registers to achieve high performance.
---------------------------------------------------------------------------------
Start ROM, RAM, DSP, Shift Register and Retiming Reporting
---------------------------------------------------------------------------------

Ultra RAM: Final Mapping Report
+------------+-------------------------------+------------------------+---+---+------------------------+---+---+------------------+---------+--------------+--------------------------+-------------+
|Module Name | RTL Object                    | PORT A (Depth x Width) | W | R | PORT B (Depth x Width) | W | R | Ports driving FF | URAM288 | Matrix Shape | FF provided for Pipeline | FF absorbed | 
+------------+-------------------------------+------------------------+---+---+------------------------+---+---+------------------+---------+--------------+--------------------------+-------------+
|PifoMesh    | enque_brain/engineCAM/ram_reg | 4 K x 32               |   | R | 4 K x 32               | W |   | Port A and B     | 1       | 1x1          | 0                        | 0           | 
|PifoMesh    | enque_brain/engineCAM/ram_reg | 4 K x 32               |   | R | 4 K x 32               | W |   | Port A and B     | 1       | 1x1          | 0                        | 0           | 
+------------+-------------------------------+------------------------+---+---+------------------------+---+---+------------------+---------+--------------+--------------------------+-------------+


Block RAM: Final Mapping Report
-------NONE-------

Distributed RAM: Final Mapping Report
+------------+---------------------------------------------------------------------------+----------------+----------------------+---------------+
|Module Name | RTL Object                                                                | Inference      | Size (Depth x Width) | Primitives    | 
+------------+---------------------------------------------------------------------------+----------------+----------------------+---------------+
|PifoMesh    | enque_enqueMapper/banks_1_reg                                             | Implied        | 32 x 5               | RAM32M16 x 2  | 
|PifoMesh    | enque_enqueMapper/banks_0_reg                                             | Implied        | 32 x 5               | RAM32M16 x 2  | 
|PifoMesh    | enque_flowIdStream_fifo/fifo/logic_ram_reg                                | User Attribute | 2 x 7                | RAM32M16 x 1  | 
|PifoMesh    | enque_brain/engineMapper/ram_reg                                          | Implied        | 32 x 2               | RAM32X1D x 2  | 
|PifoMesh    | enque_brain/lastVirtualMapper/ram_reg                                     | Implied        | 32 x 8               | RAM32M16 x 1  | 
|PifoMesh    | enque_brain/flowStateUpdate_toStream_fifo/fifo/logic_ram_reg              | User Attribute | 2 x 44               | RAM32M16 x 4  | 
|PifoMesh    | enque_brain/brainStateMem/ram_reg                                         | Implied        | 32 x 32              | RAM32M16 x 3  | 
|PifoMesh    | enque_brain/brainStateUpdate_toStream_fifo/fifo/logic_ram_reg             | User Attribute | 2 x 37               | RAM32M16 x 3  | 
|PifoMesh    | enque_brain/engineMapper_io_readRes_toStream_fifo/fifo/logic_ram_reg      | User Attribute | 2 x 2                | RAM16X1D x 2  | 
|PifoMesh    | enque_brain/brainStateMem_io_readRes_toStream_fifo/fifo/logic_ram_reg     | User Attribute | 2 x 32               | RAM32M16 x 3  | 
|PifoMesh    | enque_brain/engineCAM_io_readRes_toStream_fifo/fifo/logic_ram_reg         | User Attribute | 2 x 32               | RAM32M16 x 3  | 
|PifoMesh    | enque_brain/lastVirtualMapper_io_readRes_toStream_fifo/fifo/logic_ram_reg | User Attribute | 2 x 8                | RAM32M16 x 1  | 
|PifoMesh    | enque_brain/io_outputs_4_fifo/fifo/logic_ram_reg                          | User Attribute | 2 x 12               | RAM32M16 x 1  | 
|PifoMesh    | enque_enqueMapper/banks_1_reg                                             | Implied        | 32 x 5               | RAM32M16 x 2  | 
|PifoMesh    | enque_enqueMapper/banks_0_reg                                             | Implied        | 32 x 5               | RAM32M16 x 2  | 
|PifoMesh    | enque_flowIdStream_fifo/fifo/logic_ram_reg                                | User Attribute | 2 x 7                | RAM32M16 x 1  | 
|PifoMesh    | enque_brain/engineMapper/ram_reg                                          | Implied        | 32 x 2               | RAM32X1D x 2  | 
|PifoMesh    | enque_brain/lastVirtualMapper/ram_reg                                     | Implied        | 32 x 8               | RAM32M16 x 1  | 
|PifoMesh    | enque_brain/flowStateUpdate_toStream_fifo/fifo/logic_ram_reg              | User Attribute | 2 x 44               | RAM32M16 x 4  | 
|PifoMesh    | enque_brain/brainStateMem/ram_reg                                         | Implied        | 32 x 32              | RAM32M16 x 3  | 
|PifoMesh    | enque_brain/brainStateUpdate_toStream_fifo/fifo/logic_ram_reg             | User Attribute | 2 x 37               | RAM32M16 x 3  | 
|PifoMesh    | enque_brain/engineMapper_io_readRes_toStream_fifo/fifo/logic_ram_reg      | User Attribute | 2 x 2                | RAM16X1D x 2  | 
|PifoMesh    | enque_brain/brainStateMem_io_readRes_toStream_fifo/fifo/logic_ram_reg     | User Attribute | 2 x 32               | RAM32M16 x 3  | 
|PifoMesh    | enque_brain/engineCAM_io_readRes_toStream_fifo/fifo/logic_ram_reg         | User Attribute | 2 x 32               | RAM32M16 x 3  | 
|PifoMesh    | enque_brain/lastVirtualMapper_io_readRes_toStream_fifo/fifo/logic_ram_reg | User Attribute | 2 x 8                | RAM32M16 x 1  | 
|PifoMesh    | enque_brain/io_outputs_4_fifo/fifo/logic_ram_reg                          | User Attribute | 2 x 12               | RAM32M16 x 1  | 
|PifoMesh    | xbar/io_inputs_0_fifo/fifo/logic_ram_reg                                  | User Attribute | 8 x 7                | RAM32M16 x 1  | 
|PifoMesh    | xbar/io_inputs_1_fifo/fifo/logic_ram_reg                                  | User Attribute | 8 x 7                | RAM32M16 x 1  | 
|PifoMesh    | xbar/io_inputs_2_fifo/fifo/logic_ram_reg                                  | User Attribute | 8 x 7                | RAM32M16 x 1  | 
|PifoMesh    | io_controlRequest_fifo/logic_ram_reg                                      | Implied        | 4 x 49               | RAM32M16 x 4  | 
+------------+---------------------------------------------------------------------------+----------------+----------------------+---------------+

---------------------------------------------------------------------------------
Finished ROM, RAM, DSP, Shift Register and Retiming Reporting
---------------------------------------------------------------------------------
---------------------------------------------------------------------------------
Start Technology Mapping
---------------------------------------------------------------------------------
INFO: [Synth 8-7052] The timing for the instance pifoEngines_0i_16/deque_dequeMapper/banks_1_reg_1_bram_0 (implemented as a Block RAM) might be sub-optimal as no optional output register could be merged into the ram block. Providing additional output register may help in improving timing.
INFO: [Synth 8-7052] The timing for the instance pifoEngines_0i_16/deque_dequeMapper/banks_1_reg_2_bram_0 (implemented as a Block RAM) might be sub-optimal as no optional output register could be merged into the ram block. Providing additional output register may help in improving timing.
INFO: [Synth 8-7052] The timing for the instance pifoEngines_0i_16/deque_dequeMapper/banks_0_reg_1_bram_0 (implemented as a Block RAM) might be sub-optimal as no optional output register could be merged into the ram block. Providing additional output register may help in improving timing.
INFO: [Synth 8-7052] The timing for the instance pifoEngines_0i_16/deque_dequeMapper/banks_0_reg_2_bram_0 (implemented as a Block RAM) might be sub-optimal as no optional output register could be merged into the ram block. Providing additional output register may help in improving timing.
INFO: [Synth 8-7052] The timing for the instance pifoEngines_0i_16/enque_brain/engineCAM/ram_reg_uram_0 (implemented as a Ultra RAM) might be sub-optimal as no optional output register could be merged into the ram block. Providing additional output register may help in improving timing.
INFO: [Synth 8-7052] The timing for the instance pifoEngines_1i_33/deque_dequeMapper/banks_1_reg_1_bram_0 (implemented as a Block RAM) might be sub-optimal as no optional output register could be merged into the ram block. Providing additional output register may help in improving timing.
INFO: [Synth 8-7052] The timing for the instance pifoEngines_1i_33/deque_dequeMapper/banks_1_reg_2_bram_0 (implemented as a Block RAM) might be sub-optimal as no optional output register could be merged into the ram block. Providing additional output register may help in improving timing.
INFO: [Synth 8-7052] The timing for the instance pifoEngines_1i_33/deque_dequeMapper/banks_0_reg_1_bram_0 (implemented as a Block RAM) might be sub-optimal as no optional output register could be merged into the ram block. Providing additional output register may help in improving timing.
INFO: [Synth 8-7052] The timing for the instance pifoEngines_1i_33/deque_dequeMapper/banks_0_reg_2_bram_0 (implemented as a Block RAM) might be sub-optimal as no optional output register could be merged into the ram block. Providing additional output register may help in improving timing.
INFO: [Synth 8-7052] The timing for the instance pifoEngines_1i_33/enque_brain/engineCAM/ram_reg_uram_0 (implemented as a Ultra RAM) might be sub-optimal as no optional output register could be merged into the ram block. Providing additional output register may help in improving timing.
---------------------------------------------------------------------------------
Finished Technology Mapping : Time (s): cpu = 00:06:28 ; elapsed = 00:04:52 . Memory (MB): peak = 5721.016 ; gain = 3068.285 ; free physical = 169311 ; free virtual = 181081
---------------------------------------------------------------------------------
---------------------------------------------------------------------------------
Start IO Insertion
---------------------------------------------------------------------------------
---------------------------------------------------------------------------------
Start Flattening Before IO Insertion
---------------------------------------------------------------------------------
---------------------------------------------------------------------------------
Finished Flattening Before IO Insertion
---------------------------------------------------------------------------------
---------------------------------------------------------------------------------
Start Final Netlist Cleanup
---------------------------------------------------------------------------------
---------------------------------------------------------------------------------
Finished Final Netlist Cleanup
---------------------------------------------------------------------------------
---------------------------------------------------------------------------------
Finished IO Insertion : Time (s): cpu = 00:07:12 ; elapsed = 00:05:36 . Memory (MB): peak = 5721.016 ; gain = 3068.285 ; free physical = 169393 ; free virtual = 181162
---------------------------------------------------------------------------------
---------------------------------------------------------------------------------
Start Renaming Generated Instances
---------------------------------------------------------------------------------
---------------------------------------------------------------------------------
Finished Renaming Generated Instances : Time (s): cpu = 00:07:13 ; elapsed = 00:05:38 . Memory (MB): peak = 5721.016 ; gain = 3068.285 ; free physical = 169393 ; free virtual = 181162
---------------------------------------------------------------------------------
---------------------------------------------------------------------------------
Start Rebuilding User Hierarchy
---------------------------------------------------------------------------------
---------------------------------------------------------------------------------
Finished Rebuilding User Hierarchy : Time (s): cpu = 00:07:24 ; elapsed = 00:05:49 . Memory (MB): peak = 5721.016 ; gain = 3068.285 ; free physical = 169401 ; free virtual = 181171
---------------------------------------------------------------------------------
---------------------------------------------------------------------------------
Start Renaming Generated Ports
---------------------------------------------------------------------------------
---------------------------------------------------------------------------------
Finished Renaming Generated Ports : Time (s): cpu = 00:07:26 ; elapsed = 00:05:50 . Memory (MB): peak = 5721.016 ; gain = 3068.285 ; free physical = 169402 ; free virtual = 181171
---------------------------------------------------------------------------------
---------------------------------------------------------------------------------
Start Handling Custom Attributes
---------------------------------------------------------------------------------
---------------------------------------------------------------------------------
Finished Handling Custom Attributes : Time (s): cpu = 00:07:27 ; elapsed = 00:05:51 . Memory (MB): peak = 5721.016 ; gain = 3068.285 ; free physical = 169402 ; free virtual = 181172
---------------------------------------------------------------------------------
---------------------------------------------------------------------------------
Start Renaming Generated Nets
---------------------------------------------------------------------------------
---------------------------------------------------------------------------------
Finished Renaming Generated Nets : Time (s): cpu = 00:07:27 ; elapsed = 00:05:52 . Memory (MB): peak = 5721.016 ; gain = 3068.285 ; free physical = 169402 ; free virtual = 181172
---------------------------------------------------------------------------------
---------------------------------------------------------------------------------
Start Writing Synthesis Report
---------------------------------------------------------------------------------

Report BlackBoxes: 
+-+--------------+----------+
| |BlackBox name |Instances |
+-+--------------+----------+
+-+--------------+----------+

Report Cell Usage: 
+------+---------+------+
|      |Cell     |Count |
+------+---------+------+
|1     |CARRY8   |  4098|
|2     |LUT1     |   133|
|3     |LUT2     |  3677|
|4     |LUT3     | 22685|
|5     |LUT4     | 26387|
|6     |LUT5     | 92076|
|7     |LUT6     | 72487|
|8     |MUXF7    |  4604|
|9     |MUXF8    |  2160|
|10    |RAM16X1D |     4|
|11    |RAM32M   |    10|
|12    |RAM32M16 |    25|
|13    |RAM32X1D |     4|
|14    |RAMB36E2 |     8|
|15    |URAM288  |     2|
|16    |FDCE     |   871|
|17    |FDPE     |    36|
|18    |FDRE     | 41178|
+------+---------+------+
---------------------------------------------------------------------------------
Finished Writing Synthesis Report : Time (s): cpu = 00:07:28 ; elapsed = 00:05:52 . Memory (MB): peak = 5721.016 ; gain = 3068.285 ; free physical = 169402 ; free virtual = 181172
---------------------------------------------------------------------------------
Synthesis finished with 0 errors, 0 critical warnings and 4 warnings.
Synthesis Optimization Runtime : Time (s): cpu = 00:06:11 ; elapsed = 00:04:50 . Memory (MB): peak = 5721.016 ; gain = 1433.406 ; free physical = 180653 ; free virtual = 192423
Synthesis Optimization Complete : Time (s): cpu = 00:07:28 ; elapsed = 00:05:56 . Memory (MB): peak = 5721.016 ; gain = 3068.285 ; free physical = 180671 ; free virtual = 192420
INFO: [Project 1-571] Translating synthesized netlist
Netlist sorting complete. Time (s): cpu = 00:00:02 ; elapsed = 00:00:02 . Memory (MB): peak = 5721.016 ; gain = 0.000 ; free physical = 180676 ; free virtual = 192424
INFO: [Netlist 29-17] Analyzing 10905 Unisim elements for replacement
INFO: [Netlist 29-28] Unisim Transformation completed in 0 CPU seconds
INFO: [Project 1-570] Preparing netlist for logic optimization
Parsing XDC File [/home/zg366/packet-scheduling/pifo-hardware/synthesis/build/baseline-vivado-runtime/pifo.xdc]
Finished Parsing XDC File [/home/zg366/packet-scheduling/pifo-hardware/synthesis/build/baseline-vivado-runtime/pifo.xdc]
INFO: [Opt 31-138] Pushed 0 inverter(s) to 0 load pin(s).
Netlist sorting complete. Time (s): cpu = 00:00:00.06 ; elapsed = 00:00:00.06 . Memory (MB): peak = 5721.016 ; gain = 0.000 ; free physical = 180635 ; free virtual = 192384
INFO: [Project 1-111] Unisim Transformation Summary:
  A total of 43 instances were transformed.
  RAM16X1D => RAM32X1D (RAMD32(x2)): 4 instances
  RAM32M => RAM32M (RAMD32(x6), RAMS32(x2)): 10 instances
  RAM32M16 => RAM32M16 (RAMD32(x14), RAMS32(x2)): 25 instances
  RAM32X1D => RAM32X1D (RAMD32(x2)): 4 instances

Synth Design complete | Checksum: b1584283
INFO: [Common 17-83] Releasing license: Synthesis
193 Infos, 52 Warnings, 0 Critical Warnings and 0 Errors encountered.
synth_design completed successfully
synth_design: Time (s): cpu = 00:08:17 ; elapsed = 00:06:44 . Memory (MB): peak = 5721.016 ; gain = 4137.270 ; free physical = 180662 ; free virtual = 192411
INFO: [Common 17-2834] synth_design peak Physical Memory [PSS] (MB): overall = 13212.011; main = 4518.671; forked = 8764.743
INFO: [Common 17-2834] synth_design peak Virtual Memory [VSS] (MB): overall = 22468.492; main = 5717.102; forked = 16850.945
# write_checkpoint -force [file join $build_dir pifo_synth.dcp]
INFO: [Timing 38-35] Done setting XDC timing constraints.
INFO: [Timing 38-480] Writing timing data to binary archive.
Write ShapeDB Complete: Time (s): cpu = 00:00:01 ; elapsed = 00:00:00.28 . Memory (MB): peak = 5797.133 ; gain = 0.000 ; free physical = 180679 ; free virtual = 192458
INFO: [Common 17-1381] The checkpoint '/home/zg366/packet-scheduling/pifo-hardware/synthesis/build/baseline-vivado-runtime/pifo_synth.dcp' has been generated.
write_checkpoint: Time (s): cpu = 00:00:40 ; elapsed = 00:00:22 . Memory (MB): peak = 5797.133 ; gain = 76.117 ; free physical = 180673 ; free virtual = 192470
# report_utilization -file [file join $report_dir utilization.rpt]
# report_utilization -hierarchical -hierarchical_depth 5 -file [file join $report_dir utilization-hierarchy.rpt]
# report_ram_utilization -file [file join $report_dir ram-utilization.rpt]
report_ram_utilization: Time (s): cpu = 00:00:00 ; elapsed = 00:00:00 . Memory (MB): peak = 5797.133 ; gain = 0.000 ; free physical = 180676 ; free virtual = 192472
# set blackboxes [get_cells -hierarchical -quiet -filter {IS_BLACKBOX == 1}]
# if {[llength $blackboxes] != 0} {
#     error "Unresolved blackboxes after synthesis: $blackboxes"
# }
# set primitive_counts [dict create]
# foreach cell [get_cells -hierarchical -quiet -filter {IS_PRIMITIVE == 1}] {
#     dict incr primitive_counts [get_property REF_NAME $cell]
# }
# set counts [open [file join $report_dir primitive-counts.tsv] w]
# puts $counts "primitive\tcount"
# foreach name [lsort [dict keys $primitive_counts]] {
#     puts $counts "$name\t[dict get $primitive_counts $name]"
# }
# close $counts
# set complete [open [file join $build_dir synthesis_complete.txt] w]
# puts $complete "Vivado [version -short]; $part; PifoMesh; out_of_context; [clock format [clock seconds]]"
# close $complete
# puts "PIFO_SYNTHESIS_COMPLETE: $report_dir"
PIFO_SYNTHESIS_COMPLETE: /home/zg366/packet-scheduling/pifo-hardware/synthesis/build/baseline-vivado-runtime/reports
INFO: [Common 17-206] Exiting Vivado at Sun Sep  6 19:37:42 2026...
