Copyright 1986-2022 Xilinx, Inc. All Rights Reserved. Copyright 2022-2025 Advanced Micro Devices, Inc. All Rights Reserved.
-------------------------------------------------------------------------------------------------------------------------------------------------------------------------------------------------
| Tool Version : Vivado v.2025.2 (lin64) Build 6299465 Fri Nov 14 12:34:56 MST 2025
| Date         : Sun Sep  6 22:56:55 2026
| Host         : netarch-cxl.ece.cornell.edu running 64-bit Ubuntu 24.04.4 LTS
| Command      : report_utilization -hierarchical -hierarchical_depth 5 -file /data/work/rio-synthesis/hardware-overhead/rio-only-pe5-v32-c1024-dynamic-vivado/reports/utilization-hierarchy.rpt
| Design       : PifoMesh
| Device       : xcku5p-ffvb676-2-e
| Speed File   : -2
| Design State : Synthesized
-------------------------------------------------------------------------------------------------------------------------------------------------------------------------------------------------

Utilization Design Information

Table of Contents
-----------------
1. Utilization by Hierarchy

1. Utilization by Hierarchy
---------------------------

+--------------------------+-----------------------+------------+------------+---------+------+------+--------+--------+------+------------+
|         Instance         |         Module        | Total LUTs | Logic LUTs | LUTRAMs | SRLs |  FFs | RAMB36 | RAMB18 | URAM | DSP Blocks |
+--------------------------+-----------------------+------------+------------+---------+------+------+--------+--------+------+------------+
| PifoMesh                 |                 (top) |       3853 |       3261 |     592 |    0 | 2355 |     60 |      0 |    0 |          0 |
|   (PifoMesh)             |                 (top) |        340 |          0 |     340 |    0 |    2 |      0 |      0 |    0 |          0 |
|   io_controlRequest_fifo |         StreamFifo_51 |        675 |        651 |      24 |    0 |   49 |      0 |      0 |    0 |          0 |
|   pifoEngines_0          |            PifoEngine |        464 |        428 |      36 |    0 |  431 |     12 |      0 |    0 |          0 |
|     enque_brain          |             PIFOBrain |        157 |        137 |      20 |    0 |   60 |      4 |      0 |    0 |          0 |
|     deque_frontRewrite   |  FrontRewriteTable_93 |        178 |        178 |       0 |    0 |  288 |      0 |      0 |    0 |          0 |
|   pifoEngines_1          |          PifoEngine_1 |        464 |        428 |      36 |    0 |  431 |     12 |      0 |    0 |          0 |
|     enque_brain          |           PIFOBrain_1 |        157 |        137 |      20 |    0 |   60 |      4 |      0 |    0 |          0 |
|     deque_frontRewrite   |  FrontRewriteTable_71 |        178 |        178 |       0 |    0 |  288 |      0 |      0 |    0 |          0 |
|   pifoEngines_2          |          PifoEngine_2 |        466 |        430 |      36 |    0 |  431 |     12 |      0 |    0 |          0 |
|     enque_enqueMapper    | TransactionalMapper_4 |         51 |         35 |      16 |    0 |   35 |      0 |      0 |    0 |          0 |
|     deque_frontRewrite   |  FrontRewriteTable_49 |        178 |        178 |       0 |    0 |  288 |      0 |      0 |    0 |          0 |
|     enque_brain          |           PIFOBrain_2 |        157 |        137 |      20 |    0 |   60 |      4 |      0 |    0 |          0 |
|   pifoEngines_3          |          PifoEngine_3 |        464 |        428 |      36 |    0 |  431 |     12 |      0 |    0 |          0 |
|     enque_brain          |           PIFOBrain_3 |        157 |        137 |      20 |    0 |   60 |      4 |      0 |    0 |          0 |
|     deque_frontRewrite   |  FrontRewriteTable_27 |        178 |        178 |       0 |    0 |  288 |      0 |      0 |    0 |          0 |
|   pifoEngines_4          |          PifoEngine_4 |        440 |        404 |      36 |    0 |  431 |     12 |      0 |    0 |          0 |
|     enque_brain          |           PIFOBrain_4 |        157 |        137 |      20 |    0 |   60 |      4 |      0 |    0 |          0 |
|     deque_frontRewrite   |     FrontRewriteTable |        154 |        154 |       0 |    0 |  288 |      0 |      0 |    0 |          0 |
|   xbar                   |       MessageCrossBar |        505 |        457 |      48 |    0 |  129 |      0 |      0 |    0 |          0 |
|     (xbar)               |       MessageCrossBar |        203 |        203 |       0 |    0 |   39 |      0 |      0 |    0 |          0 |
+--------------------------+-----------------------+------------+------------+---------+------+------+--------+--------+------+------------+


