Copyright 1986-2022 Xilinx, Inc. All Rights Reserved. Copyright 2022-2025 Advanced Micro Devices, Inc. All Rights Reserved.
----------------------------------------------------------------------------------------------------------------------------------------------------------------------------------------------------
| Tool Version : Vivado v.2025.2 (lin64) Build 6299465 Fri Nov 14 12:34:56 MST 2025
| Date         : Wed Sep  9 12:46:50 2026
| Host         : netarch-cxl.ece.cornell.edu running 64-bit Ubuntu 24.04.4 LTS
| Command      : report_utilization -hierarchical -hierarchical_depth 5 -file /data/work/rio-synthesis/cam-shared-fifo-20260909/pe5-v128-c1024-q256-replay-vivado/reports/utilization-hierarchy.rpt
| Design       : PifoMesh
| Device       : xcku5p-ffvb676-2-e
| Speed File   : -2
| Design State : Synthesized
----------------------------------------------------------------------------------------------------------------------------------------------------------------------------------------------------

Utilization Design Information

Table of Contents
-----------------
1. Utilization by Hierarchy

1. Utilization by Hierarchy
---------------------------

+--------------------------------------------------+-----------------------------+------------+------------+---------+------+-------+--------+--------+------+------------+
|                     Instance                     |            Module           | Total LUTs | Logic LUTs | LUTRAMs | SRLs |  FFs  | RAMB36 | RAMB18 | URAM | DSP Blocks |
+--------------------------------------------------+-----------------------------+------------+------------+---------+------+-------+--------+--------+------+------------+
| PifoMesh                                         |                       (top) |      88049 |      86681 |    1368 |    0 | 78334 |      1 |      5 |    0 |          0 |
|   (PifoMesh)                                     |                       (top) |          1 |          1 |       0 |    0 |    34 |      0 |      0 |    0 |          0 |
|   guard                                          |                  DrainGuard |       1828 |       1828 |       0 |    0 |  1280 |      0 |      0 |    0 |          0 |
|   pifoEngines_0                                  |                  PifoEngine |      14999 |      14735 |     264 |    0 | 15358 |      0 |      1 |    0 |          0 |
|     enque_enqueMapper                            |                ReplayMapper |         52 |         20 |      32 |    0 |    17 |      0 |      0 |    0 |          0 |
|     deque_dequeMapper                            |      BoundedCamMapper_1_105 |       8877 |       8781 |      96 |    0 |  9241 |      0 |      0 |    0 |          0 |
|     deque_frontRewrite                           |       FrontRewriteTable_107 |        505 |        505 |       0 |    0 |  1408 |      0 |      0 |    0 |          0 |
|     enque_brain                                  |                   PIFOBrain |       5528 |       5400 |     128 |    0 |  4676 |      0 |      1 |    0 |          0 |
|       lastVirtualMapper_io_readRes_toStream_fifo | StreamFifoLowLatency_11_121 |         58 |         50 |       8 |    0 |     4 |      0 |      0 |    0 |          0 |
|         fifo                                     |           StreamFifo_12_123 |         58 |         50 |       8 |    0 |     4 |      0 |      0 |    0 |          0 |
|       engineCAM                                  |        BoundedCamMapper_114 |       5124 |       5124 |       0 |    0 |  4610 |      0 |      1 |    0 |          0 |
|       flowStateUpdate_fifo                       |  StreamFifoLowLatency_6_117 |         74 |         58 |      16 |    0 |     4 |      0 |      0 |    0 |          0 |
|         fifo                                     |            StreamFifo_7_125 |         74 |         58 |      16 |    0 |     4 |      0 |      0 |    0 |          0 |
|   pifoEngines_1                                  |                PifoEngine_1 |      14999 |      14735 |     264 |    0 | 15358 |      0 |      1 |    0 |          0 |
|     enque_enqueMapper                            |              ReplayMapper_1 |         52 |         20 |      32 |    0 |    17 |      0 |      0 |    0 |          0 |
|     deque_dequeMapper                            |       BoundedCamMapper_1_79 |       8877 |       8781 |      96 |    0 |  9241 |      0 |      0 |    0 |          0 |
|     deque_frontRewrite                           |        FrontRewriteTable_81 |        505 |        505 |       0 |    0 |  1408 |      0 |      0 |    0 |          0 |
|     enque_brain                                  |                 PIFOBrain_1 |       5528 |       5400 |     128 |    0 |  4676 |      0 |      1 |    0 |          0 |
|       lastVirtualMapper_io_readRes_toStream_fifo |  StreamFifoLowLatency_11_95 |         58 |         50 |       8 |    0 |     4 |      0 |      0 |    0 |          0 |
|         fifo                                     |            StreamFifo_12_97 |         58 |         50 |       8 |    0 |     4 |      0 |      0 |    0 |          0 |
|       engineCAM                                  |         BoundedCamMapper_88 |       5124 |       5124 |       0 |    0 |  4610 |      0 |      1 |    0 |          0 |
|       flowStateUpdate_fifo                       |   StreamFifoLowLatency_6_91 |         74 |         58 |      16 |    0 |     4 |      0 |      0 |    0 |          0 |
|         fifo                                     |             StreamFifo_7_99 |         74 |         58 |      16 |    0 |     4 |      0 |      0 |    0 |          0 |
|   pifoEngines_2                                  |                PifoEngine_2 |      14999 |      14735 |     264 |    0 | 15358 |      0 |      1 |    0 |          0 |
|     enque_enqueMapper                            |              ReplayMapper_2 |         52 |         20 |      32 |    0 |    17 |      0 |      0 |    0 |          0 |
|     deque_dequeMapper                            |       BoundedCamMapper_1_53 |       8877 |       8781 |      96 |    0 |  9241 |      0 |      0 |    0 |          0 |
|     deque_frontRewrite                           |        FrontRewriteTable_55 |        505 |        505 |       0 |    0 |  1408 |      0 |      0 |    0 |          0 |
|     enque_brain                                  |                 PIFOBrain_2 |       5528 |       5400 |     128 |    0 |  4676 |      0 |      1 |    0 |          0 |
|       lastVirtualMapper_io_readRes_toStream_fifo |  StreamFifoLowLatency_11_69 |         58 |         50 |       8 |    0 |     4 |      0 |      0 |    0 |          0 |
|         fifo                                     |            StreamFifo_12_71 |         58 |         50 |       8 |    0 |     4 |      0 |      0 |    0 |          0 |
|       engineCAM                                  |         BoundedCamMapper_62 |       5124 |       5124 |       0 |    0 |  4610 |      0 |      1 |    0 |          0 |
|       flowStateUpdate_fifo                       |   StreamFifoLowLatency_6_65 |         74 |         58 |      16 |    0 |     4 |      0 |      0 |    0 |          0 |
|         fifo                                     |             StreamFifo_7_73 |         74 |         58 |      16 |    0 |     4 |      0 |      0 |    0 |          0 |
|   pifoEngines_3                                  |                PifoEngine_3 |      14999 |      14735 |     264 |    0 | 15358 |      0 |      1 |    0 |          0 |
|     enque_enqueMapper                            |              ReplayMapper_3 |         52 |         20 |      32 |    0 |    17 |      0 |      0 |    0 |          0 |
|     deque_dequeMapper                            |       BoundedCamMapper_1_27 |       8877 |       8781 |      96 |    0 |  9241 |      0 |      0 |    0 |          0 |
|     deque_frontRewrite                           |        FrontRewriteTable_29 |        505 |        505 |       0 |    0 |  1408 |      0 |      0 |    0 |          0 |
|     enque_brain                                  |                 PIFOBrain_3 |       5528 |       5400 |     128 |    0 |  4676 |      0 |      1 |    0 |          0 |
|       lastVirtualMapper_io_readRes_toStream_fifo |  StreamFifoLowLatency_11_43 |         58 |         50 |       8 |    0 |     4 |      0 |      0 |    0 |          0 |
|         fifo                                     |            StreamFifo_12_45 |         58 |         50 |       8 |    0 |     4 |      0 |      0 |    0 |          0 |
|       engineCAM                                  |         BoundedCamMapper_36 |       5124 |       5124 |       0 |    0 |  4610 |      0 |      1 |    0 |          0 |
|       flowStateUpdate_fifo                       |   StreamFifoLowLatency_6_39 |         74 |         58 |      16 |    0 |     4 |      0 |      0 |    0 |          0 |
|         fifo                                     |             StreamFifo_7_47 |         74 |         58 |      16 |    0 |     4 |      0 |      0 |    0 |          0 |
|   pifoEngines_4                                  |                PifoEngine_4 |      15000 |      14736 |     264 |    0 | 15358 |      0 |      1 |    0 |          0 |
|     enque_enqueMapper                            |              ReplayMapper_4 |         52 |         20 |      32 |    0 |    17 |      0 |      0 |    0 |          0 |
|     deque_dequeMapper                            |          BoundedCamMapper_1 |       8877 |       8781 |      96 |    0 |  9241 |      0 |      0 |    0 |          0 |
|     deque_frontRewrite                           |           FrontRewriteTable |        506 |        506 |       0 |    0 |  1408 |      0 |      0 |    0 |          0 |
|     enque_brain                                  |                 PIFOBrain_4 |       5528 |       5400 |     128 |    0 |  4676 |      0 |      1 |    0 |          0 |
|       lastVirtualMapper_io_readRes_toStream_fifo |     StreamFifoLowLatency_11 |         58 |         50 |       8 |    0 |     4 |      0 |      0 |    0 |          0 |
|         fifo                                     |               StreamFifo_12 |         58 |         50 |       8 |    0 |     4 |      0 |      0 |    0 |          0 |
|       engineCAM                                  |            BoundedCamMapper |       5124 |       5124 |       0 |    0 |  4610 |      0 |      1 |    0 |          0 |
|       flowStateUpdate_fifo                       |   StreamFifoLowLatency_6_23 |         74 |         58 |      16 |    0 |     4 |      0 |      0 |    0 |          0 |
|         fifo                                     |                StreamFifo_7 |         74 |         58 |      16 |    0 |     4 |      0 |      0 |    0 |          0 |
|   replayControl                                  |           ReplayControlFifo |       8833 |       8833 |       0 |    0 |    39 |      1 |      0 |    0 |          0 |
|   xbar                                           |             MessageCrossBar |       2370 |       2322 |      48 |    0 |   171 |      0 |      0 |    0 |          0 |
|     (xbar)                                       |             MessageCrossBar |       2001 |       2001 |       0 |    0 |    81 |      0 |      0 |    0 |          0 |
+--------------------------------------------------+-----------------------------+------------+------------+---------+------+-------+--------+--------+------+------------+


