Design Assistant report for pifo
Wed Sep  9 12:29:43 2026
Quartus Prime Version 25.3.1 Build 100 12/19/2025 SC Pro Edition


---------------------
; Table of Contents ;
---------------------
  1. Legal Notice
  2. Design Assistant (Elaborated) Results - 4 of 10 Rules Failed
  3. RES-10204 - Reset Release Instance Count Check
  4. RES-50005 - RAM Control Signals Driven by Flip-Flops with Asynchronous Clears
  5. TMC-20051 - RAM Control Signals Driven by High Fan-Out Net
  6. TMC-10115 - High Fan-out Signal
  7. FLP-10100 - Large Multipliers are Decomposed
  8. LNT-30020 - Same Signal Source Drives Synchronous and Asynchronous Ports of the Same Register
  9. LNT-30021 - Same Signal Source Drives More Than One Asynchronous Port of a Register
 10. LNT-30022 - Same Signal Source Drives Clock Port and Another Port of a Register
 11. RES-10201 - Power Up Don't Care Setting May Prevent Retiming
 12. TMC-20050 - RAM Control Signals Driven by LUTs or ALMs instead of DFFs



----------------
; Legal Notice ;
----------------
Copyright (C) 2025  Altera Corporation. All rights reserved.
Your use of Altera Corporation's design tools, logic functions 
and other software and tools, and any partner logic 
functions, and any output files from any of the foregoing 
(including device programming or simulation files), and any 
associated documentation or information are expressly subject 
to the terms and conditions of the Altera Program License 
Subscription Agreement, the Altera Quartus Prime License Agreement,
the Altera IP License Agreement, or other applicable license
agreement, including, without limitation, that your use is for
the sole purpose of programming logic devices manufactured by
Altera and sold by Altera or its authorized distributors.  Please
refer to the Altera Software License Subscription Agreements 
on the Quartus Prime software download page.



+-------------------------------------------------------------------------------------------------------------------------------------------------------+
; Design Assistant (Elaborated) Results - 4 of 10 Rules Failed                                                                                          ;
+-----------------------------------------------------------------------------------------------+----------+------------+--------+----------------------+
; Rule                                                                                          ; Severity ; Violations ; Waived ; Tags                 ;
+-----------------------------------------------------------------------------------------------+----------+------------+--------+----------------------+
; RES-10204 - Reset Release Instance Count Check                                                ; High     ; 1          ; 0      ; system               ;
; RES-50005 - RAM Control Signals Driven by Flip-Flops with Asynchronous Clears                 ; Medium   ; 63         ; 0      ; ram, reset-usage     ;
; TMC-20051 - RAM Control Signals Driven by High Fan-Out Net                                    ; Low      ; 35         ; 0      ; ram                  ;
; TMC-10115 - High Fan-out Signal                                                               ; Low      ; 5          ; 0      ; register-duplication ;
; FLP-10100 - Large Multipliers are Decomposed                                                  ; Low      ; 0          ; 0      ; dsp, synthesis       ;
; LNT-30020 - Same Signal Source Drives Synchronous and Asynchronous Ports of the Same Register ; Low      ; 0          ; 0      ; nonstandard-timing   ;
; LNT-30021 - Same Signal Source Drives More Than One Asynchronous Port of a Register           ; Low      ; 0          ; 0      ; nonstandard-timing   ;
; LNT-30022 - Same Signal Source Drives Clock Port and Another Port of a Register               ; Low      ; 0          ; 0      ; nonstandard-timing   ;
; RES-10201 - Power Up Don't Care Setting May Prevent Retiming                                  ; Low      ; 0          ; 0      ; reset-usage, retime  ;
; TMC-20050 - RAM Control Signals Driven by LUTs or ALMs instead of DFFs                        ; Low      ; 0          ; 0      ; ram                  ;
+-----------------------------------------------------------------------------------------------+----------+------------+--------+----------------------+


Status:		FAIL
Severity:		High
Number of violations: 	1
Rule Parameters:      	max_violations = 5000
+-------------------------------------------------------------------------------+
; RES-10204 - Reset Release Instance Count Check                                ;
+-------+--------------------------------------------------------------+--------+
; Count ; Path                                                         ; Waived ;
+-------+--------------------------------------------------------------+--------+
; 0     ; No reset release IP detected in project, exactly 1 required. ;        ;
+-------+--------------------------------------------------------------+--------+


Status:		FAIL
Severity:		Medium
Number of violations: 	63
Rule Parameters:      	max_violations = 5000
+---------------------------------------------------------------------------------------------------------------------------------------------------------------------------------------+
; RES-50005 - RAM Control Signals Driven by Flip-Flops with Asynchronous Clears                                                                                                         ;
+---------------------------------------------------------------------------------------+--------------------------------------------------------------------------------------+--------+
; Pin                                                                                   ; Signal                                                                               ; Waived ;
+---------------------------------------------------------------------------------------+--------------------------------------------------------------------------------------+--------+
; pifoEngines_0|enque_brain|brainStateMem_io_readRes_toStream_fifo|fifo|logic_ram|raddr ; pifoEngines_0|enque_brain|brainStateMem_io_readRes_toStream_fifo|fifo|logic_ptr_pop  ;        ;
; pifoEngines_0|enque_brain|brainStateMem_io_readRes_toStream_fifo|fifo|logic_ram|waddr ; pifoEngines_0|enque_brain|brainStateMem_io_readRes_toStream_fifo|fifo|logic_ptr_push ;        ;
; pifoEngines_0|enque_brain|brainStateUpdate_toStream_fifo|fifo|logic_ram|raddr         ; pifoEngines_0|enque_brain|brainStateUpdate_toStream_fifo|fifo|logic_ptr_pop          ;        ;
; pifoEngines_0|enque_brain|brainStateUpdate_toStream_fifo|fifo|logic_ram|waddr         ; pifoEngines_0|enque_brain|brainStateUpdate_toStream_fifo|fifo|logic_ptr_push         ;        ;
; pifoEngines_0|enque_brain|engineCAM_io_readRes_toStream_fifo|fifo|logic_ram|raddr     ; pifoEngines_0|enque_brain|engineCAM_io_readRes_toStream_fifo|fifo|logic_ptr_pop      ;        ;
; pifoEngines_0|enque_brain|engineCAM_io_readRes_toStream_fifo|fifo|logic_ram|waddr     ; pifoEngines_0|enque_brain|engineCAM_io_readRes_toStream_fifo|fifo|logic_ptr_push     ;        ;
; pifoEngines_0|enque_brain|flowStateUpdate_fifo|fifo|logic_ram|raddr                   ; pifoEngines_0|enque_brain|flowStateUpdate_fifo|fifo|logic_ptr_pop                    ;        ;
; pifoEngines_0|enque_brain|flowStateUpdate_fifo|fifo|logic_ram|waddr                   ; pifoEngines_0|enque_brain|flowStateUpdate_fifo|fifo|logic_ptr_push                   ;        ;
; pifoEngines_0|enque_brain|io_outputs_4_fifo|fifo|logic_ram|raddr                      ; pifoEngines_0|enque_brain|io_outputs_4_fifo|fifo|logic_ptr_pop                       ;        ;
; pifoEngines_0|enque_brain|io_outputs_4_fifo|fifo|logic_ram|waddr                      ; pifoEngines_0|enque_brain|io_outputs_4_fifo|fifo|logic_ptr_push                      ;        ;
; pifoEngines_1|enque_brain|brainStateMem_io_readRes_toStream_fifo|fifo|logic_ram|raddr ; pifoEngines_1|enque_brain|brainStateMem_io_readRes_toStream_fifo|fifo|logic_ptr_pop  ;        ;
; pifoEngines_1|enque_brain|brainStateMem_io_readRes_toStream_fifo|fifo|logic_ram|waddr ; pifoEngines_1|enque_brain|brainStateMem_io_readRes_toStream_fifo|fifo|logic_ptr_push ;        ;
; pifoEngines_1|enque_brain|brainStateUpdate_toStream_fifo|fifo|logic_ram|raddr         ; pifoEngines_1|enque_brain|brainStateUpdate_toStream_fifo|fifo|logic_ptr_pop          ;        ;
; pifoEngines_1|enque_brain|brainStateUpdate_toStream_fifo|fifo|logic_ram|waddr         ; pifoEngines_1|enque_brain|brainStateUpdate_toStream_fifo|fifo|logic_ptr_push         ;        ;
; pifoEngines_1|enque_brain|engineCAM_io_readRes_toStream_fifo|fifo|logic_ram|raddr     ; pifoEngines_1|enque_brain|engineCAM_io_readRes_toStream_fifo|fifo|logic_ptr_pop      ;        ;
; pifoEngines_1|enque_brain|engineCAM_io_readRes_toStream_fifo|fifo|logic_ram|waddr     ; pifoEngines_1|enque_brain|engineCAM_io_readRes_toStream_fifo|fifo|logic_ptr_push     ;        ;
; pifoEngines_1|enque_brain|flowStateUpdate_fifo|fifo|logic_ram|raddr                   ; pifoEngines_1|enque_brain|flowStateUpdate_fifo|fifo|logic_ptr_pop                    ;        ;
; pifoEngines_1|enque_brain|flowStateUpdate_fifo|fifo|logic_ram|waddr                   ; pifoEngines_1|enque_brain|flowStateUpdate_fifo|fifo|logic_ptr_push                   ;        ;
; pifoEngines_1|enque_brain|io_outputs_4_fifo|fifo|logic_ram|raddr                      ; pifoEngines_1|enque_brain|io_outputs_4_fifo|fifo|logic_ptr_pop                       ;        ;
; pifoEngines_1|enque_brain|io_outputs_4_fifo|fifo|logic_ram|waddr                      ; pifoEngines_1|enque_brain|io_outputs_4_fifo|fifo|logic_ptr_push                      ;        ;
; pifoEngines_2|enque_brain|brainStateMem_io_readRes_toStream_fifo|fifo|logic_ram|raddr ; pifoEngines_2|enque_brain|brainStateMem_io_readRes_toStream_fifo|fifo|logic_ptr_pop  ;        ;
; pifoEngines_2|enque_brain|brainStateMem_io_readRes_toStream_fifo|fifo|logic_ram|waddr ; pifoEngines_2|enque_brain|brainStateMem_io_readRes_toStream_fifo|fifo|logic_ptr_push ;        ;
; pifoEngines_2|enque_brain|brainStateUpdate_toStream_fifo|fifo|logic_ram|raddr         ; pifoEngines_2|enque_brain|brainStateUpdate_toStream_fifo|fifo|logic_ptr_pop          ;        ;
; pifoEngines_2|enque_brain|brainStateUpdate_toStream_fifo|fifo|logic_ram|waddr         ; pifoEngines_2|enque_brain|brainStateUpdate_toStream_fifo|fifo|logic_ptr_push         ;        ;
; pifoEngines_2|enque_brain|engineCAM_io_readRes_toStream_fifo|fifo|logic_ram|raddr     ; pifoEngines_2|enque_brain|engineCAM_io_readRes_toStream_fifo|fifo|logic_ptr_pop      ;        ;
; pifoEngines_2|enque_brain|engineCAM_io_readRes_toStream_fifo|fifo|logic_ram|waddr     ; pifoEngines_2|enque_brain|engineCAM_io_readRes_toStream_fifo|fifo|logic_ptr_push     ;        ;
; pifoEngines_2|enque_brain|flowStateUpdate_fifo|fifo|logic_ram|raddr                   ; pifoEngines_2|enque_brain|flowStateUpdate_fifo|fifo|logic_ptr_pop                    ;        ;
; pifoEngines_2|enque_brain|flowStateUpdate_fifo|fifo|logic_ram|waddr                   ; pifoEngines_2|enque_brain|flowStateUpdate_fifo|fifo|logic_ptr_push                   ;        ;
; pifoEngines_2|enque_brain|io_outputs_4_fifo|fifo|logic_ram|raddr                      ; pifoEngines_2|enque_brain|io_outputs_4_fifo|fifo|logic_ptr_pop                       ;        ;
; pifoEngines_2|enque_brain|io_outputs_4_fifo|fifo|logic_ram|waddr                      ; pifoEngines_2|enque_brain|io_outputs_4_fifo|fifo|logic_ptr_push                      ;        ;
; pifoEngines_3|enque_brain|brainStateMem_io_readRes_toStream_fifo|fifo|logic_ram|raddr ; pifoEngines_3|enque_brain|brainStateMem_io_readRes_toStream_fifo|fifo|logic_ptr_pop  ;        ;
; pifoEngines_3|enque_brain|brainStateMem_io_readRes_toStream_fifo|fifo|logic_ram|waddr ; pifoEngines_3|enque_brain|brainStateMem_io_readRes_toStream_fifo|fifo|logic_ptr_push ;        ;
; pifoEngines_3|enque_brain|brainStateUpdate_toStream_fifo|fifo|logic_ram|raddr         ; pifoEngines_3|enque_brain|brainStateUpdate_toStream_fifo|fifo|logic_ptr_pop          ;        ;
; pifoEngines_3|enque_brain|brainStateUpdate_toStream_fifo|fifo|logic_ram|waddr         ; pifoEngines_3|enque_brain|brainStateUpdate_toStream_fifo|fifo|logic_ptr_push         ;        ;
; pifoEngines_3|enque_brain|engineCAM_io_readRes_toStream_fifo|fifo|logic_ram|raddr     ; pifoEngines_3|enque_brain|engineCAM_io_readRes_toStream_fifo|fifo|logic_ptr_pop      ;        ;
; pifoEngines_3|enque_brain|engineCAM_io_readRes_toStream_fifo|fifo|logic_ram|waddr     ; pifoEngines_3|enque_brain|engineCAM_io_readRes_toStream_fifo|fifo|logic_ptr_push     ;        ;
; pifoEngines_3|enque_brain|flowStateUpdate_fifo|fifo|logic_ram|raddr                   ; pifoEngines_3|enque_brain|flowStateUpdate_fifo|fifo|logic_ptr_pop                    ;        ;
; pifoEngines_3|enque_brain|flowStateUpdate_fifo|fifo|logic_ram|waddr                   ; pifoEngines_3|enque_brain|flowStateUpdate_fifo|fifo|logic_ptr_push                   ;        ;
; pifoEngines_3|enque_brain|io_outputs_4_fifo|fifo|logic_ram|raddr                      ; pifoEngines_3|enque_brain|io_outputs_4_fifo|fifo|logic_ptr_pop                       ;        ;
; pifoEngines_3|enque_brain|io_outputs_4_fifo|fifo|logic_ram|waddr                      ; pifoEngines_3|enque_brain|io_outputs_4_fifo|fifo|logic_ptr_push                      ;        ;
; pifoEngines_4|enque_brain|brainStateMem_io_readRes_toStream_fifo|fifo|logic_ram|raddr ; pifoEngines_4|enque_brain|brainStateMem_io_readRes_toStream_fifo|fifo|logic_ptr_pop  ;        ;
; pifoEngines_4|enque_brain|brainStateMem_io_readRes_toStream_fifo|fifo|logic_ram|waddr ; pifoEngines_4|enque_brain|brainStateMem_io_readRes_toStream_fifo|fifo|logic_ptr_push ;        ;
; pifoEngines_4|enque_brain|brainStateUpdate_toStream_fifo|fifo|logic_ram|raddr         ; pifoEngines_4|enque_brain|brainStateUpdate_toStream_fifo|fifo|logic_ptr_pop          ;        ;
; pifoEngines_4|enque_brain|brainStateUpdate_toStream_fifo|fifo|logic_ram|waddr         ; pifoEngines_4|enque_brain|brainStateUpdate_toStream_fifo|fifo|logic_ptr_push         ;        ;
; pifoEngines_4|enque_brain|engineCAM_io_readRes_toStream_fifo|fifo|logic_ram|raddr     ; pifoEngines_4|enque_brain|engineCAM_io_readRes_toStream_fifo|fifo|logic_ptr_pop      ;        ;
; pifoEngines_4|enque_brain|engineCAM_io_readRes_toStream_fifo|fifo|logic_ram|waddr     ; pifoEngines_4|enque_brain|engineCAM_io_readRes_toStream_fifo|fifo|logic_ptr_push     ;        ;
; pifoEngines_4|enque_brain|flowStateUpdate_fifo|fifo|logic_ram|raddr                   ; pifoEngines_4|enque_brain|flowStateUpdate_fifo|fifo|logic_ptr_pop                    ;        ;
; pifoEngines_4|enque_brain|flowStateUpdate_fifo|fifo|logic_ram|waddr                   ; pifoEngines_4|enque_brain|flowStateUpdate_fifo|fifo|logic_ptr_push                   ;        ;
; pifoEngines_4|enque_brain|io_outputs_4_fifo|fifo|logic_ram|raddr                      ; pifoEngines_4|enque_brain|io_outputs_4_fifo|fifo|logic_ptr_pop                       ;        ;
; pifoEngines_4|enque_brain|io_outputs_4_fifo|fifo|logic_ram|waddr                      ; pifoEngines_4|enque_brain|io_outputs_4_fifo|fifo|logic_ptr_push                      ;        ;
; replayControl|storage|waddr                                                           ; replayControl|writePointer                                                           ;        ;
; xbar|io_inputs_0_fifo|fifo|logic_ram|raddr                                            ; xbar|io_inputs_0_fifo|fifo|logic_ptr_pop                                             ;        ;
; xbar|io_inputs_0_fifo|fifo|logic_ram|waddr                                            ; xbar|io_inputs_0_fifo|fifo|logic_ptr_push                                            ;        ;
; xbar|io_inputs_1_fifo|fifo|logic_ram|raddr                                            ; xbar|io_inputs_1_fifo|fifo|logic_ptr_pop                                             ;        ;
; xbar|io_inputs_1_fifo|fifo|logic_ram|waddr                                            ; xbar|io_inputs_1_fifo|fifo|logic_ptr_push                                            ;        ;
; xbar|io_inputs_2_fifo|fifo|logic_ram|raddr                                            ; xbar|io_inputs_2_fifo|fifo|logic_ptr_pop                                             ;        ;
; xbar|io_inputs_2_fifo|fifo|logic_ram|waddr                                            ; xbar|io_inputs_2_fifo|fifo|logic_ptr_push                                            ;        ;
; xbar|io_inputs_3_fifo|fifo|logic_ram|raddr                                            ; xbar|io_inputs_3_fifo|fifo|logic_ptr_pop                                             ;        ;
; xbar|io_inputs_3_fifo|fifo|logic_ram|waddr                                            ; xbar|io_inputs_3_fifo|fifo|logic_ptr_push                                            ;        ;
; xbar|io_inputs_4_fifo|fifo|logic_ram|raddr                                            ; xbar|io_inputs_4_fifo|fifo|logic_ptr_pop                                             ;        ;
; xbar|io_inputs_4_fifo|fifo|logic_ram|waddr                                            ; xbar|io_inputs_4_fifo|fifo|logic_ptr_push                                            ;        ;
; xbar|io_inputs_5_fifo|fifo|logic_ram|raddr                                            ; xbar|io_inputs_5_fifo|fifo|logic_ptr_pop                                             ;        ;
; xbar|io_inputs_5_fifo|fifo|logic_ram|waddr                                            ; xbar|io_inputs_5_fifo|fifo|logic_ptr_push                                            ;        ;
+---------------------------------------------------------------------------------------+--------------------------------------------------------------------------------------+--------+


Status:		FAIL
Severity:		Low
Number of violations: 	35
Rule Parameters:      	
		max_violations = 5000
		RAM_Inference_High_Fanout_Net_Threshold = 2000
+---------------------------------------------------------------------------------------------------------------------+
; TMC-20051 - RAM Control Signals Driven by High Fan-Out Net                                                          ;
+-------------------------------------------------------+----------------------------------------------------+--------+
; Pin                                                   ; Signal                                             ; Waived ;
+-------------------------------------------------------+----------------------------------------------------+--------+
; pifoEngines_0|enque_brain|brainStateMem|ram|raddr     ; pifoEngines_0|enque_enqueMapper|io_readRes_payload ;        ;
; pifoEngines_0|enque_brain|engineMapper|ram|raddr      ; pifoEngines_0|enque_enqueMapper|io_readRes_payload ;        ;
; pifoEngines_0|enque_brain|engineMapper|ram|waddr      ; streamArbiter_21|io_output_payload_vPifoId         ;        ;
; pifoEngines_0|enque_brain|lastVirtualMapper|ram|raddr ; pifoEngines_0|enque_enqueMapper|io_readRes_payload ;        ;
; pifoEngines_0|enque_brain|lastVirtualMapper|ram|waddr ; io_pifo_0_popResponse_payload_port                 ;        ;
; pifoEngines_0|enque_enqueMapper|banks_0|waddr         ; streamArbiter_21|io_output_payload_vPifoId         ;        ;
; pifoEngines_0|enque_enqueMapper|banks_1|waddr         ; streamArbiter_21|io_output_payload_vPifoId         ;        ;
; pifoEngines_1|enque_brain|brainStateMem|ram|raddr     ; pifoEngines_1|enque_enqueMapper|io_readRes_payload ;        ;
; pifoEngines_1|enque_brain|engineMapper|ram|raddr      ; pifoEngines_1|enque_enqueMapper|io_readRes_payload ;        ;
; pifoEngines_1|enque_brain|engineMapper|ram|waddr      ; streamArbiter_22|io_output_payload_vPifoId         ;        ;
; pifoEngines_1|enque_brain|lastVirtualMapper|ram|raddr ; pifoEngines_1|enque_enqueMapper|io_readRes_payload ;        ;
; pifoEngines_1|enque_brain|lastVirtualMapper|ram|waddr ; io_pifo_1_popResponse_payload_port                 ;        ;
; pifoEngines_1|enque_enqueMapper|banks_0|waddr         ; streamArbiter_22|io_output_payload_vPifoId         ;        ;
; pifoEngines_1|enque_enqueMapper|banks_1|waddr         ; streamArbiter_22|io_output_payload_vPifoId         ;        ;
; pifoEngines_2|enque_brain|brainStateMem|ram|raddr     ; pifoEngines_2|enque_enqueMapper|io_readRes_payload ;        ;
; pifoEngines_2|enque_brain|engineMapper|ram|raddr      ; pifoEngines_2|enque_enqueMapper|io_readRes_payload ;        ;
; pifoEngines_2|enque_brain|engineMapper|ram|waddr      ; streamArbiter_23|io_output_payload_vPifoId         ;        ;
; pifoEngines_2|enque_brain|lastVirtualMapper|ram|raddr ; pifoEngines_2|enque_enqueMapper|io_readRes_payload ;        ;
; pifoEngines_2|enque_brain|lastVirtualMapper|ram|waddr ; io_pifo_2_popResponse_payload_port                 ;        ;
; pifoEngines_2|enque_enqueMapper|banks_0|waddr         ; streamArbiter_23|io_output_payload_vPifoId         ;        ;
; pifoEngines_2|enque_enqueMapper|banks_1|waddr         ; streamArbiter_23|io_output_payload_vPifoId         ;        ;
; pifoEngines_3|enque_brain|brainStateMem|ram|raddr     ; pifoEngines_3|enque_enqueMapper|io_readRes_payload ;        ;
; pifoEngines_3|enque_brain|engineMapper|ram|raddr      ; pifoEngines_3|enque_enqueMapper|io_readRes_payload ;        ;
; pifoEngines_3|enque_brain|engineMapper|ram|waddr      ; streamArbiter_24|io_output_payload_vPifoId         ;        ;
; pifoEngines_3|enque_brain|lastVirtualMapper|ram|raddr ; pifoEngines_3|enque_enqueMapper|io_readRes_payload ;        ;
; pifoEngines_3|enque_brain|lastVirtualMapper|ram|waddr ; io_pifo_3_popResponse_payload_port                 ;        ;
; pifoEngines_3|enque_enqueMapper|banks_0|waddr         ; streamArbiter_24|io_output_payload_vPifoId         ;        ;
; pifoEngines_3|enque_enqueMapper|banks_1|waddr         ; streamArbiter_24|io_output_payload_vPifoId         ;        ;
; pifoEngines_4|enque_brain|brainStateMem|ram|raddr     ; pifoEngines_4|enque_enqueMapper|io_readRes_payload ;        ;
; pifoEngines_4|enque_brain|engineMapper|ram|raddr      ; pifoEngines_4|enque_enqueMapper|io_readRes_payload ;        ;
; pifoEngines_4|enque_brain|engineMapper|ram|waddr      ; streamArbiter_25|io_output_payload_vPifoId         ;        ;
; pifoEngines_4|enque_brain|lastVirtualMapper|ram|raddr ; pifoEngines_4|enque_enqueMapper|io_readRes_payload ;        ;
; pifoEngines_4|enque_brain|lastVirtualMapper|ram|waddr ; io_pifo_4_popResponse_payload_port                 ;        ;
; pifoEngines_4|enque_enqueMapper|banks_0|waddr         ; streamArbiter_25|io_output_payload_vPifoId         ;        ;
; pifoEngines_4|enque_enqueMapper|banks_1|waddr         ; streamArbiter_25|io_output_payload_vPifoId         ;        ;
+-------------------------------------------------------+----------------------------------------------------+--------+


Status:		FAIL
Severity:		Low
Number of violations: 	5
Rule Parameters:      	
		max_violations = 5000
		fanout = 50000
+----------------------------------------------------------------+
; TMC-10115 - High Fan-out Signal                                ;
+----------------------------------------------+--------+--------+
; Signal                                       ; fanout ; Waived ;
+----------------------------------------------+--------+--------+
; pifoEngines_4|deque_dequeMapper|reduce_nor_0 ; 98308  ;        ;
; pifoEngines_3|deque_dequeMapper|reduce_nor_0 ; 98308  ;        ;
; pifoEngines_2|deque_dequeMapper|reduce_nor_0 ; 98308  ;        ;
; pifoEngines_1|deque_dequeMapper|reduce_nor_0 ; 98308  ;        ;
; pifoEngines_0|deque_dequeMapper|reduce_nor_0 ; 98308  ;        ;
+----------------------------------------------+--------+--------+


Status:		PASS
Severity:		Low
Number of violations: 	0
Rule Parameters:      	max_violations = 5000
+----------------------------------------------+
; FLP-10100 - Large Multipliers are Decomposed ;
+----------------------------------------------+


Status:		PASS
Severity:		Low
Number of violations: 	0
Rule Parameters:      	max_violations = 5000
+-----------------------------------------------------------------------------------------------+
; LNT-30020 - Same Signal Source Drives Synchronous and Asynchronous Ports of the Same Register ;
+-----------------------------------------------------------------------------------------------+


Status:		PASS
Severity:		Low
Number of violations: 	0
Rule Parameters:      	max_violations = 5000
+-------------------------------------------------------------------------------------+
; LNT-30021 - Same Signal Source Drives More Than One Asynchronous Port of a Register ;
+-------------------------------------------------------------------------------------+


Status:		PASS
Severity:		Low
Number of violations: 	0
Rule Parameters:      	max_violations = 5000
+---------------------------------------------------------------------------------+
; LNT-30022 - Same Signal Source Drives Clock Port and Another Port of a Register ;
+---------------------------------------------------------------------------------+


Status:		PASS
Severity:		Low
Number of violations: 	0
Rule Parameters:      	max_violations = 5000
+--------------------------------------------------------------+
; RES-10201 - Power Up Don't Care Setting May Prevent Retiming ;
+--------------------------------------------------------------+


Status:		PASS
Severity:		Low
Number of violations: 	0
Rule Parameters:      	
		max_violations = 5000
		RAM_Inference_Logic_Threshold = 100
+------------------------------------------------------------------------+
; TMC-20050 - RAM Control Signals Driven by LUTs or ALMs instead of DFFs ;
+------------------------------------------------------------------------+


