[info] welcome to sbt 1.10.2 (Ubuntu Java 21.0.10)
[info] loading settings for project pifo-hardware-build from plugins.sbt ...
[info] loading project definition from /home/zg366/packet-scheduling-shared-synthesis/pifo-hardware/project
[info] loading settings for project rio from build.sbt ...
[info] set current project to rio (in build file:/home/zg366/packet-scheduling-shared-synthesis/pifo-hardware/)
[info] running (fork) rio.GeneratePifoMesh /data/work/rio-synthesis/shared-fifo-34e35d2/pe5-v1024-c1024-q256-replay-quartus/rtl 5 1024 1 8 external replay 256
[info] [Runtime] SpinalHDL v1.12.3    git head : 591e64062329e5e2e2b81f4d52422948053edb97
[info] [Runtime] JVM max memory : 30208.0MiB
[info] [Runtime] Current date : 2026.09.07 13:44:36
[info] [Progress] at 0.000 : Elaborate components
[info] scala.runtime.Statics.anyHash(Statics.java:127)
[info] scala.collection.mutable.HashSet.contains(HashSet.scala:69)
[info] spinal.core.internals.Widthable.getWidth(Node.scala:187)
[info] spinal.core.internals.Widthable.getWidth$(Node.scala:181)
[info] spinal.core.internals.CastBoolToBits.getWidth(Expression.scala:1247)
[info] spinal.core.BitVector.$anonfun$calcWidth$1(BitVector.scala:210)
[info] spinal.core.BitVector.$anonfun$calcWidth$1$adapted(BitVector.scala:207)
[info] spinal.core.internals.DoubleLinkedContainer.dlcForeach(Misc.scala:137)
[info] spinal.core.internals.DoubleLinkedContainer.dlcForeach$(Misc.scala:132)
[info] spinal.core.BaseType.dlcForeach(BaseType.scala:55)
[info] spinal.core.internals.StatementDoubleLinkedContainer.foreachStatements(Statement.scala:31)
[info] spinal.core.internals.StatementDoubleLinkedContainer.foreachStatements$(Statement.scala:31)
[info] spinal.core.BaseType.foreachStatements(BaseType.scala:55)
[info] spinal.core.BitVector.calcWidth(BitVector.scala:207)
[info] spinal.core.internals.Widthable.getWidth(Node.scala:202)
[info] spinal.core.internals.Widthable.getWidth$(Node.scala:181)
[info] spinal.core.BitVector.getWidth(BitVector.scala:37)
[info] spinal.core.internals.Operator$Bits$Cat.calcWidth(Expression.scala:701)
[info] spinal.core.internals.Widthable.getWidth(Node.scala:202)
[info] spinal.core.internals.Widthable.getWidth$(Node.scala:181)
[info] spinal.core.internals.Operator$Bits$Cat.getWidth(Expression.scala:698)
[info] spinal.core.BitVector.$anonfun$calcWidth$1(BitVector.scala:210)
[info] spinal.core.BitVector.$anonfun$calcWidth$1$adapted(BitVector.scala:207)
[info] spinal.core.internals.DoubleLinkedContainer.dlcForeach(Misc.scala:137)
[info] spinal.core.internals.DoubleLinkedContainer.dlcForeach$(Misc.scala:132)
[info] spinal.core.BaseType.dlcForeach(BaseType.scala:55)
[info] spinal.core.internals.StatementDoubleLinkedContainer.foreachStatements(Statement.scala:31)
[info] spinal.core.internals.StatementDoubleLinkedContainer.foreachStatements$(Statement.scala:31)
[info] spinal.core.BaseType.foreachStatements(BaseType.scala:55)
[info] spinal.core.BitVector.calcWidth(BitVector.scala:207)
[info] spinal.core.internals.Widthable.getWidth(Node.scala:202)
[info] spinal.core.internals.Widthable.getWidth$(Node.scala:181)
[info] spinal.core.BitVector.getWidth(BitVector.scala:37)
[info] spinal.core.internals.Operator$Bits$Cat.calcWidth(Expression.scala:701)
[info] spinal.core.internals.Widthable.getWidth(Node.scala:202)
[info] spinal.core.internals.Widthable.getWidth$(Node.scala:181)
[info] spinal.core.internals.Operator$Bits$Cat.getWidth(Expression.scala:698)
[info] spinal.core.BitVector.$anonfun$calcWidth$1(BitVector.scala:210)
[info] spinal.core.BitVector.$anonfun$calcWidth$1$adapted(BitVector.scala:207)
[info] spinal.core.internals.DoubleLinkedContainer.dlcForeach(Misc.scala:137)
[info] spinal.core.internals.DoubleLinkedContainer.dlcForeach$(Misc.scala:132)
[info] spinal.core.BaseType.dlcForeach(BaseType.scala:55)
[info] spinal.core.internals.StatementDoubleLinkedContainer.foreachStatements(Statement.scala:31)
[info] spinal.core.internals.StatementDoubleLinkedContainer.foreachStatements$(Statement.scala:31)
[info] spinal.core.BaseType.foreachStatements(BaseType.scala:55)
[info] spinal.core.BitVector.calcWidth(BitVector.scala:207)
[info] spinal.core.internals.Widthable.getWidth(Node.scala:202)
[info] spinal.core.internals.Widthable.getWidth$(Node.scala:181)
[info] spinal.core.BitVector.getWidth(BitVector.scala:37)
[info] spinal.core.internals.Operator$Bits$Cat.calcWidth(Expression.scala:701)
[info] spinal.core.internals.Widthable.getWidth(Node.scala:202)
[info] spinal.core.internals.Widthable.getWidth$(Node.scala:181)
[info] spinal.core.internals.Operator$Bits$Cat.getWidth(Expression.scala:698)
[info] spinal.core.BitVector.$anonfun$calcWidth$1(BitVector.scala:210)
[info] spinal.core.BitVector.$anonfun$calcWidth$1$adapted(BitVector.scala:207)
[info] spinal.core.internals.DoubleLinkedContainer.dlcForeach(Misc.scala:137)
[info] spinal.core.internals.DoubleLinkedContainer.dlcForeach$(Misc.scala:132)
[info] spinal.core.BaseType.dlcForeach(BaseType.scala:55)
[info] spinal.core.internals.StatementDoubleLinkedContainer.foreachStatements(Statement.scala:31)
[info] spinal.core.internals.StatementDoubleLinkedContainer.foreachStatements$(Statement.scala:31)
[info] spinal.core.BaseType.foreachStatements(BaseType.scala:55)
[info] spinal.core.BitVector.calcWidth(BitVector.scala:207)
[info] spinal.core.internals.Widthable.getWidth(Node.scala:202)
[info] spinal.core.internals.Widthable.getWidth$(Node.scala:181)
[info] spinal.core.BitVector.getWidth(BitVector.scala:37)
[info] spinal.core.internals.Operator$Bits$Cat.calcWidth(Expression.scala:701)
[info] spinal.core.internals.Widthable.getWidth(Node.scala:202)
[info] spinal.core.internals.Widthable.getWidth$(Node.scala:181)
[info] spinal.core.internals.Operator$Bits$Cat.getWidth(Expression.scala:698)
[info] spinal.core.BitVector.$anonfun$calcWidth$1(BitVector.scala:210)
[info] spinal.core.BitVector.$anonfun$calcWidth$1$adapted(BitVector.scala:207)
[info] spinal.core.internals.DoubleLinkedContainer.dlcForeach(Misc.scala:137)
[info] spinal.core.internals.DoubleLinkedContainer.dlcForeach$(Misc.scala:132)
[info] spinal.core.BaseType.dlcForeach(BaseType.scala:55)
[info] spinal.core.internals.StatementDoubleLinkedContainer.foreachStatements(Statement.scala:31)
[info] spinal.core.internals.StatementDoubleLinkedContainer.foreachStatements$(Statement.scala:31)
[info] spinal.core.BaseType.foreachStatements(BaseType.scala:55)
[info] spinal.core.BitVector.calcWidth(BitVector.scala:207)
[info] spinal.core.internals.Widthable.getWidth(Node.scala:202)
[info] spinal.core.internals.Widthable.getWidth$(Node.scala:181)
[info] spinal.core.BitVector.getWidth(BitVector.scala:37)
[info] spinal.core.internals.Operator$Bits$Cat.calcWidth(Expression.scala:701)
[info] spinal.core.internals.Widthable.getWidth(Node.scala:202)
[info] spinal.core.internals.Widthable.getWidth$(Node.scala:181)
[info] spinal.core.internals.Operator$Bits$Cat.getWidth(Expression.scala:698)
[info] spinal.core.BitVector.$anonfun$calcWidth$1(BitVector.scala:210)
[info] spinal.core.BitVector.$anonfun$calcWidth$1$adapted(BitVector.scala:207)
[info] spinal.core.internals.DoubleLinkedContainer.dlcForeach(Misc.scala:137)
[info] spinal.core.internals.DoubleLinkedContainer.dlcForeach$(Misc.scala:132)
[info] spinal.core.BaseType.dlcForeach(BaseType.scala:55)
[info] spinal.core.internals.StatementDoubleLinkedContainer.foreachStatements(Statement.scala:31)
[info] spinal.core.internals.StatementDoubleLinkedContainer.foreachStatements$(Statement.scala:31)
[info] spinal.core.BaseType.foreachStatements(BaseType.scala:55)
[info] spinal.core.BitVector.calcWidth(BitVector.scala:207)
[info] spinal.core.internals.Widthable.getWidth(Node.scala:202)
[info] spinal.core.internals.Widthable.getWidth$(Node.scala:181)
[info] spinal.core.BitVector.getWidth(BitVector.scala:37)
[info] spinal.core.internals.Operator$Bits$Cat.calcWidth(Expression.scala:701)
[info] spinal.core.internals.Widthable.getWidth(Node.scala:202)
[info] spinal.core.internals.Widthable.getWidth$(Node.scala:181)
[info] spinal.core.internals.Operator$Bits$Cat.getWidth(Expression.scala:698)
[info] spinal.core.BitVector.$anonfun$calcWidth$1(BitVector.scala:210)
[info] spinal.core.BitVector.$anonfun$calcWidth$1$adapted(BitVector.scala:207)
[info] spinal.core.internals.DoubleLinkedContainer.dlcForeach(Misc.scala:137)
[info] spinal.core.internals.DoubleLinkedContainer.dlcForeach$(Misc.scala:132)
[info] spinal.core.BaseType.dlcForeach(BaseType.scala:55)
[info] spinal.core.internals.StatementDoubleLinkedContainer.foreachStatements(Statement.scala:31)
[info] spinal.core.internals.StatementDoubleLinkedContainer.foreachStatements$(Statement.scala:31)
[info] spinal.core.BaseType.foreachStatements(BaseType.scala:55)
[info] spinal.core.BitVector.calcWidth(BitVector.scala:207)
[info] spinal.core.internals.Widthable.getWidth(Node.scala:202)
[info] spinal.core.internals.Widthable.getWidth$(Node.scala:181)
[info] spinal.core.BitVector.getWidth(BitVector.scala:37)
[info] spinal.core.internals.Operator$Bits$Cat.calcWidth(Expression.scala:701)
[info] spinal.core.internals.Widthable.getWidth(Node.scala:202)
[info] spinal.core.internals.Widthable.getWidth$(Node.scala:181)
[info] spinal.core.internals.Operator$Bits$Cat.getWidth(Expression.scala:698)
[info] spinal.core.BitVector.$anonfun$calcWidth$1(BitVector.scala:210)
[info] spinal.core.BitVector.$anonfun$calcWidth$1$adapted(BitVector.scala:207)
[info] spinal.core.internals.DoubleLinkedContainer.dlcForeach(Misc.scala:137)
[info] spinal.core.internals.DoubleLinkedContainer.dlcForeach$(Misc.scala:132)
[info] spinal.core.BaseType.dlcForeach(BaseType.scala:55)
[info] spinal.core.internals.StatementDoubleLinkedContainer.foreachStatements(Statement.scala:31)
[info] spinal.core.internals.StatementDoubleLinkedContainer.foreachStatements$(Statement.scala:31)
[info] spinal.core.BaseType.foreachStatements(BaseType.scala:55)
[info] spinal.core.BitVector.calcWidth(BitVector.scala:207)
[info] spinal.core.internals.Widthable.getWidth(Node.scala:202)
[info] spinal.core.internals.Widthable.getWidth$(Node.scala:181)
[info] spinal.core.BitVector.getWidth(BitVector.scala:37)
[info] spinal.core.internals.Operator$Bits$Cat.calcWidth(Expression.scala:701)
[info] spinal.core.internals.Widthable.getWidth(Node.scala:202)
[info] spinal.core.internals.Widthable.getWidth$(Node.scala:181)
[info] spinal.core.internals.Operator$Bits$Cat.getWidth(Expression.scala:698)
[info] spinal.core.BitVector.$anonfun$calcWidth$1(BitVector.scala:210)
[info] spinal.core.BitVector.$anonfun$calcWidth$1$adapted(BitVector.scala:207)
[info] spinal.core.internals.DoubleLinkedContainer.dlcForeach(Misc.scala:137)
[info] spinal.core.internals.DoubleLinkedContainer.dlcForeach$(Misc.scala:132)
[info] spinal.core.BaseType.dlcForeach(BaseType.scala:55)
[info] spinal.core.internals.StatementDoubleLinkedContainer.foreachStatements(Statement.scala:31)
[info] spinal.core.internals.StatementDoubleLinkedContainer.foreachStatements$(Statement.scala:31)
[info] spinal.core.BaseType.foreachStatements(BaseType.scala:55)
[info] spinal.core.BitVector.calcWidth(BitVector.scala:207)
[info] spinal.core.internals.Widthable.getWidth(Node.scala:202)
[info] spinal.core.internals.Widthable.getWidth$(Node.scala:181)
[info] spinal.core.BitVector.getWidth(BitVector.scala:37)
[info] spinal.core.internals.Operator$Bits$Cat.calcWidth(Expression.scala:701)
[info] spinal.core.internals.Widthable.getWidth(Node.scala:202)
[info] spinal.core.internals.Widthable.getWidth$(Node.scala:181)
[info] spinal.core.internals.Operator$Bits$Cat.getWidth(Expression.scala:698)
[info] spinal.core.BitVector.$anonfun$calcWidth$1(BitVector.scala:210)
[info] spinal.core.BitVector.$anonfun$calcWidth$1$adapted(BitVector.scala:207)
[info] spinal.core.internals.DoubleLinkedContainer.dlcForeach(Misc.scala:137)
[info] spinal.core.internals.DoubleLinkedContainer.dlcForeach$(Misc.scala:132)
[info] spinal.core.BaseType.dlcForeach(BaseType.scala:55)
[info] spinal.core.internals.StatementDoubleLinkedContainer.foreachStatements(Statement.scala:31)
[info] spinal.core.internals.StatementDoubleLinkedContainer.foreachStatements$(Statement.scala:31)
[info] spinal.core.BaseType.foreachStatements(BaseType.scala:55)
[info] spinal.core.BitVector.calcWidth(BitVector.scala:207)
[info] spinal.core.internals.Widthable.getWidth(Node.scala:202)
[info] spinal.core.internals.Widthable.getWidth$(Node.scala:181)
[info] spinal.core.BitVector.getWidth(BitVector.scala:37)
[info] spinal.core.internals.Operator$Bits$Cat.calcWidth(Expression.scala:701)
[info] spinal.core.internals.Widthable.getWidth(Node.scala:202)
[info] spinal.core.internals.Widthable.getWidth$(Node.scala:181)
[info] spinal.core.internals.Operator$Bits$Cat.getWidth(Expression.scala:698)
[info] spinal.core.BitVector.$anonfun$calcWidth$1(BitVector.scala:210)
[info] spinal.core.BitVector.$anonfun$calcWidth$1$adapted(BitVector.scala:207)
[info] spinal.core.internals.DoubleLinkedContainer.dlcForeach(Misc.scala:137)
[info] spinal.core.internals.DoubleLinkedContainer.dlcForeach$(Misc.scala:132)
[info] spinal.core.BaseType.dlcForeach(BaseType.scala:55)
[info] spinal.core.internals.StatementDoubleLinkedContainer.foreachStatements(Statement.scala:31)
[info] spinal.core.internals.StatementDoubleLinkedContainer.foreachStatements$(Statement.scala:31)
[info] spinal.core.BaseType.foreachStatements(BaseType.scala:55)
[info] spinal.core.BitVector.calcWidth(BitVector.scala:207)
[info] spinal.core.internals.Widthable.getWidth(Node.scala:202)
[info] spinal.core.internals.Widthable.getWidth$(Node.scala:181)
[info] spinal.core.BitVector.getWidth(BitVector.scala:37)
[info] spinal.core.internals.Operator$Bits$Cat.calcWidth(Expression.scala:701)
[info] spinal.core.internals.Widthable.getWidth(Node.scala:202)
[info] spinal.core.internals.Widthable.getWidth$(Node.scala:181)
[info] spinal.core.internals.Operator$Bits$Cat.getWidth(Expression.scala:698)
[info] spinal.core.BitVector.$anonfun$calcWidth$1(BitVector.scala:210)
[info] spinal.core.BitVector.$anonfun$calcWidth$1$adapted(BitVector.scala:207)
[info] spinal.core.internals.DoubleLinkedContainer.dlcForeach(Misc.scala:137)
[info] spinal.core.internals.DoubleLinkedContainer.dlcForeach$(Misc.scala:132)
[info] spinal.core.BaseType.dlcForeach(BaseType.scala:55)
[info] spinal.core.internals.StatementDoubleLinkedContainer.foreachStatements(Statement.scala:31)
[info] spinal.core.internals.StatementDoubleLinkedContainer.foreachStatements$(Statement.scala:31)
[info] spinal.core.BaseType.foreachStatements(BaseType.scala:55)
[info] spinal.core.BitVector.calcWidth(BitVector.scala:207)
[info] spinal.core.internals.Widthable.getWidth(Node.scala:202)
[info] spinal.core.internals.Widthable.getWidth$(Node.scala:181)
[info] spinal.core.BitVector.getWidth(BitVector.scala:37)
[info] spinal.core.internals.Operator$Bits$Cat.calcWidth(Expression.scala:701)
[info] spinal.core.internals.Widthable.getWidth(Node.scala:202)
[info] spinal.core.internals.Widthable.getWidth$(Node.scala:181)
[info] spinal.core.internals.Operator$Bits$Cat.getWidth(Expression.scala:698)
[info] spinal.core.BitVector.$anonfun$calcWidth$1(BitVector.scala:210)
[info] spinal.core.BitVector.$anonfun$calcWidth$1$adapted(BitVector.scala:207)
[info] spinal.core.internals.DoubleLinkedContainer.dlcForeach(Misc.scala:137)
[info] spinal.core.internals.DoubleLinkedContainer.dlcForeach$(Misc.scala:132)
[info] spinal.core.BaseType.dlcForeach(BaseType.scala:55)
[info] spinal.core.internals.StatementDoubleLinkedContainer.foreachStatements(Statement.scala:31)
[info] spinal.core.internals.StatementDoubleLinkedContainer.foreachStatements$(Statement.scala:31)
[info] spinal.core.BaseType.foreachStatements(BaseType.scala:55)
[info] spinal.core.BitVector.calcWidth(BitVector.scala:207)
[info] spinal.core.internals.Widthable.getWidth(Node.scala:202)
[info] spinal.core.internals.Widthable.getWidth$(Node.scala:181)
[info] spinal.core.BitVector.getWidth(BitVector.scala:37)
[info] spinal.core.internals.Operator$Bits$Cat.calcWidth(Expression.scala:701)
[info] spinal.core.internals.Widthable.getWidth(Node.scala:202)
[info] spinal.core.internals.Widthable.getWidth$(Node.scala:181)
[info] spinal.core.internals.Operator$Bits$Cat.getWidth(Expression.scala:698)
[info] spinal.core.BitVector.$anonfun$calcWidth$1(BitVector.scala:210)
[info] spinal.core.BitVector.$anonfun$calcWidth$1$adapted(BitVector.scala:207)
[info] spinal.core.internals.DoubleLinkedContainer.dlcForeach(Misc.scala:137)
[info] spinal.core.internals.DoubleLinkedContainer.dlcForeach$(Misc.scala:132)
[info] spinal.core.BaseType.dlcForeach(BaseType.scala:55)
[info] spinal.core.internals.StatementDoubleLinkedContainer.foreachStatements(Statement.scala:31)
[info] spinal.core.internals.StatementDoubleLinkedContainer.foreachStatements$(Statement.scala:31)
[info] spinal.core.BaseType.foreachStatements(BaseType.scala:55)
[info] spinal.core.BitVector.calcWidth(BitVector.scala:207)
[info] spinal.core.internals.Widthable.getWidth(Node.scala:202)
[info] spinal.core.internals.Widthable.getWidth$(Node.scala:181)
[info] spinal.core.BitVector.getWidth(BitVector.scala:37)
[info] spinal.core.internals.Operator$Bits$Cat.calcWidth(Expression.scala:701)
[info] spinal.core.internals.Widthable.getWidth(Node.scala:202)
[info] spinal.core.internals.Widthable.getWidth$(Node.scala:181)
[info] spinal.core.internals.Operator$Bits$Cat.getWidth(Expression.scala:698)
[info] spinal.core.BitVector.$anonfun$calcWidth$1(BitVector.scala:210)
[info] spinal.core.BitVector.$anonfun$calcWidth$1$adapted(BitVector.scala:207)
[info] spinal.core.internals.DoubleLinkedContainer.dlcForeach(Misc.scala:137)
[info] spinal.core.internals.DoubleLinkedContainer.dlcForeach$(Misc.scala:132)
[info] spinal.core.BaseType.dlcForeach(BaseType.scala:55)
[info] spinal.core.internals.StatementDoubleLinkedContainer.foreachStatements(Statement.scala:31)
[info] spinal.core.internals.StatementDoubleLinkedContainer.foreachStatements$(Statement.scala:31)
[info] spinal.core.BaseType.foreachStatements(BaseType.scala:55)
[info] spinal.core.BitVector.calcWidth(BitVector.scala:207)
[info] spinal.core.internals.Widthable.getWidth(Node.scala:202)
[info] spinal.core.internals.Widthable.getWidth$(Node.scala:181)
[info] spinal.core.BitVector.getWidth(BitVector.scala:37)
[info] spinal.core.internals.Operator$Bits$Cat.calcWidth(Expression.scala:701)
[info] spinal.core.internals.Widthable.getWidth(Node.scala:202)
[info] spinal.core.internals.Widthable.getWidth$(Node.scala:181)
[info] spinal.core.internals.Operator$Bits$Cat.getWidth(Expression.scala:698)
[info] spinal.core.BitVector.$anonfun$calcWidth$1(BitVector.scala:210)
[info] spinal.core.BitVector.$anonfun$calcWidth$1$adapted(BitVector.scala:207)
[info] spinal.core.internals.DoubleLinkedContainer.dlcForeach(Misc.scala:137)
[info] spinal.core.internals.DoubleLinkedContainer.dlcForeach$(Misc.scala:132)
[info] spinal.core.BaseType.dlcForeach(BaseType.scala:55)
[info] spinal.core.internals.StatementDoubleLinkedContainer.foreachStatements(Statement.scala:31)
[info] spinal.core.internals.StatementDoubleLinkedContainer.foreachStatements$(Statement.scala:31)
[info] spinal.core.BaseType.foreachStatements(BaseType.scala:55)
[info] spinal.core.BitVector.calcWidth(BitVector.scala:207)
[info] spinal.core.internals.Widthable.getWidth(Node.scala:202)
[info] spinal.core.internals.Widthable.getWidth$(Node.scala:181)
[info] spinal.core.BitVector.getWidth(BitVector.scala:37)
[info] spinal.core.internals.Operator$Bits$Cat.calcWidth(Expression.scala:701)
[info] spinal.core.internals.Widthable.getWidth(Node.scala:202)
[info] spinal.core.internals.Widthable.getWidth$(Node.scala:181)
[info] spinal.core.internals.Operator$Bits$Cat.getWidth(Expression.scala:698)
[info] spinal.core.BitVector.$anonfun$calcWidth$1(BitVector.scala:210)
[info] spinal.core.BitVector.$anonfun$calcWidth$1$adapted(BitVector.scala:207)
[info] spinal.core.internals.DoubleLinkedContainer.dlcForeach(Misc.scala:137)
[info] spinal.core.internals.DoubleLinkedContainer.dlcForeach$(Misc.scala:132)
[info] spinal.core.BaseType.dlcForeach(BaseType.scala:55)
[info] spinal.core.internals.StatementDoubleLinkedContainer.foreachStatements(Statement.scala:31)
[info] spinal.core.internals.StatementDoubleLinkedContainer.foreachStatements$(Statement.scala:31)
[info] spinal.core.BaseType.foreachStatements(BaseType.scala:55)
[info] spinal.core.BitVector.calcWidth(BitVector.scala:207)
[info] spinal.core.internals.Widthable.getWidth(Node.scala:202)
[info] spinal.core.internals.Widthable.getWidth$(Node.scala:181)
[info] spinal.core.BitVector.getWidth(BitVector.scala:37)
[info] spinal.core.internals.Operator$Bits$Cat.calcWidth(Expression.scala:701)
[info] spinal.core.internals.Widthable.getWidth(Node.scala:202)
[info] spinal.core.internals.Widthable.getWidth$(Node.scala:181)
[info] spinal.core.internals.Operator$Bits$Cat.getWidth(Expression.scala:698)
[info] spinal.core.BitVector.$anonfun$calcWidth$1(BitVector.scala:210)
[info] spinal.core.BitVector.$anonfun$calcWidth$1$adapted(BitVector.scala:207)
[info] spinal.core.internals.DoubleLinkedContainer.dlcForeach(Misc.scala:137)
[info] spinal.core.internals.DoubleLinkedContainer.dlcForeach$(Misc.scala:132)
[info] spinal.core.BaseType.dlcForeach(BaseType.scala:55)
[info] spinal.core.internals.StatementDoubleLinkedContainer.foreachStatements(Statement.scala:31)
[info] spinal.core.internals.StatementDoubleLinkedContainer.foreachStatements$(Statement.scala:31)
[info] spinal.core.BaseType.foreachStatements(BaseType.scala:55)
[info] spinal.core.BitVector.calcWidth(BitVector.scala:207)
[info] spinal.core.internals.Widthable.getWidth(Node.scala:202)
[info] spinal.core.internals.Widthable.getWidth$(Node.scala:181)
[info] spinal.core.BitVector.getWidth(BitVector.scala:37)
[info] spinal.core.internals.Operator$Bits$Cat.calcWidth(Expression.scala:701)
[info] spinal.core.internals.Widthable.getWidth(Node.scala:202)
[info] spinal.core.internals.Widthable.getWidth$(Node.scala:181)
[info] spinal.core.internals.Operator$Bits$Cat.getWidth(Expression.scala:698)
[info] spinal.core.BitVector.$anonfun$calcWidth$1(BitVector.scala:210)
[info] spinal.core.BitVector.$anonfun$calcWidth$1$adapted(BitVector.scala:207)
[info] spinal.core.internals.DoubleLinkedContainer.dlcForeach(Misc.scala:137)
[info] spinal.core.internals.DoubleLinkedContainer.dlcForeach$(Misc.scala:132)
[info] spinal.core.BaseType.dlcForeach(BaseType.scala:55)
[info] spinal.core.internals.StatementDoubleLinkedContainer.foreachStatements(Statement.scala:31)
[info] spinal.core.internals.StatementDoubleLinkedContainer.foreachStatements$(Statement.scala:31)
[info] spinal.core.BaseType.foreachStatements(BaseType.scala:55)
[info] spinal.core.BitVector.calcWidth(BitVector.scala:207)
[info] spinal.core.internals.Widthable.getWidth(Node.scala:202)
[info] spinal.core.internals.Widthable.getWidth$(Node.scala:181)
[info] spinal.core.BitVector.getWidth(BitVector.scala:37)
[info] spinal.core.internals.Operator$Bits$Cat.calcWidth(Expression.scala:701)
[info] spinal.core.internals.Widthable.getWidth(Node.scala:202)
[info] spinal.core.internals.Widthable.getWidth$(Node.scala:181)
[info] spinal.core.internals.Operator$Bits$Cat.getWidth(Expression.scala:698)
[info] spinal.core.BitVector.$anonfun$calcWidth$1(BitVector.scala:210)
[info] spinal.core.BitVector.$anonfun$calcWidth$1$adapted(BitVector.scala:207)
[info] spinal.core.internals.DoubleLinkedContainer.dlcForeach(Misc.scala:137)
[info] spinal.core.internals.DoubleLinkedContainer.dlcForeach$(Misc.scala:132)
[info] spinal.core.BaseType.dlcForeach(BaseType.scala:55)
[info] spinal.core.internals.StatementDoubleLinkedContainer.foreachStatements(Statement.scala:31)
[info] spinal.core.internals.StatementDoubleLinkedContainer.foreachStatements$(Statement.scala:31)
[info] spinal.core.BaseType.foreachStatements(BaseType.scala:55)
[info] spinal.core.BitVector.calcWidth(BitVector.scala:207)
[info] spinal.core.internals.Widthable.getWidth(Node.scala:202)
[info] spinal.core.internals.Widthable.getWidth$(Node.scala:181)
[info] spinal.core.BitVector.getWidth(BitVector.scala:37)
[info] spinal.core.internals.Operator$Bits$Cat.calcWidth(Expression.scala:701)
[info] spinal.core.internals.Widthable.getWidth(Node.scala:202)
[info] spinal.core.internals.Widthable.getWidth$(Node.scala:181)
[info] spinal.core.internals.Operator$Bits$Cat.getWidth(Expression.scala:698)
[info] spinal.core.BitVector.$anonfun$calcWidth$1(BitVector.scala:210)
[info] spinal.core.BitVector.$anonfun$calcWidth$1$adapted(BitVector.scala:207)
[info] spinal.core.internals.DoubleLinkedContainer.dlcForeach(Misc.scala:137)
[info] spinal.core.internals.DoubleLinkedContainer.dlcForeach$(Misc.scala:132)
[info] spinal.core.BaseType.dlcForeach(BaseType.scala:55)
[info] spinal.core.internals.StatementDoubleLinkedContainer.foreachStatements(Statement.scala:31)
[info] spinal.core.internals.StatementDoubleLinkedContainer.foreachStatements$(Statement.scala:31)
[info] spinal.core.BaseType.foreachStatements(BaseType.scala:55)
[info] spinal.core.BitVector.calcWidth(BitVector.scala:207)
[info] spinal.core.internals.Widthable.getWidth(Node.scala:202)
[info] spinal.core.internals.Widthable.getWidth$(Node.scala:181)
[info] spinal.core.BitVector.getWidth(BitVector.scala:37)
[info] spinal.core.internals.Operator$Bits$Cat.calcWidth(Expression.scala:701)
[info] spinal.core.internals.Widthable.getWidth(Node.scala:202)
[info] spinal.core.internals.Widthable.getWidth$(Node.scala:181)
[info] spinal.core.internals.Operator$Bits$Cat.getWidth(Expression.scala:698)
[info] spinal.core.BitVector.$anonfun$calcWidth$1(BitVector.scala:210)
[info] spinal.core.BitVector.$anonfun$calcWidth$1$adapted(BitVector.scala:207)
[info] spinal.core.internals.DoubleLinkedContainer.dlcForeach(Misc.scala:137)
[info] spinal.core.internals.DoubleLinkedContainer.dlcForeach$(Misc.scala:132)
[info] spinal.core.BaseType.dlcForeach(BaseType.scala:55)
[info] spinal.core.internals.StatementDoubleLinkedContainer.foreachStatements(Statement.scala:31)
[info] spinal.core.internals.StatementDoubleLinkedContainer.foreachStatements$(Statement.scala:31)
[info] spinal.core.BaseType.foreachStatements(BaseType.scala:55)
[info] spinal.core.BitVector.calcWidth(BitVector.scala:207)
[info] spinal.core.internals.Widthable.getWidth(Node.scala:202)
[info] spinal.core.internals.Widthable.getWidth$(Node.scala:181)
[info] spinal.core.BitVector.getWidth(BitVector.scala:37)
[info] spinal.core.internals.Operator$Bits$Cat.calcWidth(Expression.scala:701)
[info] spinal.core.internals.Widthable.getWidth(Node.scala:202)
[info] spinal.core.internals.Widthable.getWidth$(Node.scala:181)
[info] spinal.core.internals.Operator$Bits$Cat.getWidth(Expression.scala:698)
[info] spinal.core.BitVector.$anonfun$calcWidth$1(BitVector.scala:210)
[info] spinal.core.BitVector.$anonfun$calcWidth$1$adapted(BitVector.scala:207)
[info] spinal.core.internals.DoubleLinkedContainer.dlcForeach(Misc.scala:137)
[info] spinal.core.internals.DoubleLinkedContainer.dlcForeach$(Misc.scala:132)
[info] spinal.core.BaseType.dlcForeach(BaseType.scala:55)
[info] spinal.core.internals.StatementDoubleLinkedContainer.foreachStatements(Statement.scala:31)
[info] spinal.core.internals.StatementDoubleLinkedContainer.foreachStatements$(Statement.scala:31)
[info] spinal.core.BaseType.foreachStatements(BaseType.scala:55)
[info] spinal.core.BitVector.calcWidth(BitVector.scala:207)
[info] spinal.core.internals.Widthable.getWidth(Node.scala:202)
[info] spinal.core.internals.Widthable.getWidth$(Node.scala:181)
[info] spinal.core.BitVector.getWidth(BitVector.scala:37)
[info] spinal.core.internals.Operator$Bits$Cat.calcWidth(Expression.scala:701)
[info] spinal.core.internals.Widthable.getWidth(Node.scala:202)
[info] spinal.core.internals.Widthable.getWidth$(Node.scala:181)
[info] spinal.core.internals.Operator$Bits$Cat.getWidth(Expression.scala:698)
[info] spinal.core.BitVector.$anonfun$calcWidth$1(BitVector.scala:210)
[info] spinal.core.BitVector.$anonfun$calcWidth$1$adapted(BitVector.scala:207)
[info] spinal.core.internals.DoubleLinkedContainer.dlcForeach(Misc.scala:137)
[info] spinal.core.internals.DoubleLinkedContainer.dlcForeach$(Misc.scala:132)
[info] spinal.core.BaseType.dlcForeach(BaseType.scala:55)
[info] spinal.core.internals.StatementDoubleLinkedContainer.foreachStatements(Statement.scala:31)
[info] spinal.core.internals.StatementDoubleLinkedContainer.foreachStatements$(Statement.scala:31)
[info] spinal.core.BaseType.foreachStatements(BaseType.scala:55)
[info] spinal.core.BitVector.calcWidth(BitVector.scala:207)
[info] spinal.core.internals.Widthable.getWidth(Node.scala:202)
[info] spinal.core.internals.Widthable.getWidth$(Node.scala:181)
[info] spinal.core.BitVector.getWidth(BitVector.scala:37)
[info] spinal.core.internals.Operator$Bits$Cat.calcWidth(Expression.scala:701)
[info] spinal.core.internals.Widthable.getWidth(Node.scala:202)
[info] spinal.core.internals.Widthable.getWidth$(Node.scala:181)
[info] spinal.core.internals.Operator$Bits$Cat.getWidth(Expression.scala:698)
[info] spinal.core.BitVector.$anonfun$calcWidth$1(BitVector.scala:210)
[info] spinal.core.BitVector.$anonfun$calcWidth$1$adapted(BitVector.scala:207)
[info] spinal.core.internals.DoubleLinkedContainer.dlcForeach(Misc.scala:137)
[info] spinal.core.internals.DoubleLinkedContainer.dlcForeach$(Misc.scala:132)
[info] spinal.core.BaseType.dlcForeach(BaseType.scala:55)
[info] spinal.core.internals.StatementDoubleLinkedContainer.foreachStatements(Statement.scala:31)
[info] spinal.core.internals.StatementDoubleLinkedContainer.foreachStatements$(Statement.scala:31)
[info] spinal.core.BaseType.foreachStatements(BaseType.scala:55)
[info] spinal.core.BitVector.calcWidth(BitVector.scala:207)
[info] spinal.core.internals.Widthable.getWidth(Node.scala:202)
[info] spinal.core.internals.Widthable.getWidth$(Node.scala:181)
[info] spinal.core.BitVector.getWidth(BitVector.scala:37)
[info] spinal.core.internals.Operator$Bits$Cat.calcWidth(Expression.scala:701)
[info] spinal.core.internals.Widthable.getWidth(Node.scala:202)
[info] spinal.core.internals.Widthable.getWidth$(Node.scala:181)
[info] spinal.core.internals.Operator$Bits$Cat.getWidth(Expression.scala:698)
[info] spinal.core.BitVector.$anonfun$calcWidth$1(BitVector.scala:210)
[info] spinal.core.BitVector.$anonfun$calcWidth$1$adapted(BitVector.scala:207)
[info] spinal.core.internals.DoubleLinkedContainer.dlcForeach(Misc.scala:137)
[info] spinal.core.internals.DoubleLinkedContainer.dlcForeach$(Misc.scala:132)
[info] spinal.core.BaseType.dlcForeach(BaseType.scala:55)
[info] spinal.core.internals.StatementDoubleLinkedContainer.foreachStatements(Statement.scala:31)
[info] spinal.core.internals.StatementDoubleLinkedContainer.foreachStatements$(Statement.scala:31)
[info] spinal.core.BaseType.foreachStatements(BaseType.scala:55)
[info] spinal.core.BitVector.calcWidth(BitVector.scala:207)
[info] spinal.core.internals.Widthable.getWidth(Node.scala:202)
[info] spinal.core.internals.Widthable.getWidth$(Node.scala:181)
[info] spinal.core.BitVector.getWidth(BitVector.scala:37)
[info] spinal.core.internals.Operator$Bits$Cat.calcWidth(Expression.scala:701)
[info] spinal.core.internals.Widthable.getWidth(Node.scala:202)
[info] spinal.core.internals.Widthable.getWidth$(Node.scala:181)
[info] spinal.core.internals.Operator$Bits$Cat.getWidth(Expression.scala:698)
[info] spinal.core.BitVector.$anonfun$calcWidth$1(BitVector.scala:210)
[info] spinal.core.BitVector.$anonfun$calcWidth$1$adapted(BitVector.scala:207)
[info] spinal.core.internals.DoubleLinkedContainer.dlcForeach(Misc.scala:137)
[info] spinal.core.internals.DoubleLinkedContainer.dlcForeach$(Misc.scala:132)
[info] spinal.core.BaseType.dlcForeach(BaseType.scala:55)
[info] spinal.core.internals.StatementDoubleLinkedContainer.foreachStatements(Statement.scala:31)
[info] spinal.core.internals.StatementDoubleLinkedContainer.foreachStatements$(Statement.scala:31)
[info] spinal.core.BaseType.foreachStatements(BaseType.scala:55)
[info] spinal.core.BitVector.calcWidth(BitVector.scala:207)
[info] spinal.core.internals.Widthable.getWidth(Node.scala:202)
[info] spinal.core.internals.Widthable.getWidth$(Node.scala:181)
[info] spinal.core.BitVector.getWidth(BitVector.scala:37)
[info] spinal.core.internals.Operator$Bits$Cat.calcWidth(Expression.scala:701)
[info] spinal.core.internals.Widthable.getWidth(Node.scala:202)
[info] spinal.core.internals.Widthable.getWidth$(Node.scala:181)
[info] spinal.core.internals.Operator$Bits$Cat.getWidth(Expression.scala:698)
[info] spinal.core.BitVector.$anonfun$calcWidth$1(BitVector.scala:210)
[info] spinal.core.BitVector.$anonfun$calcWidth$1$adapted(BitVector.scala:207)
[info] spinal.core.internals.DoubleLinkedContainer.dlcForeach(Misc.scala:137)
[info] spinal.core.internals.DoubleLinkedContainer.dlcForeach$(Misc.scala:132)
[info] spinal.core.BaseType.dlcForeach(BaseType.scala:55)
[info] spinal.core.internals.StatementDoubleLinkedContainer.foreachStatements(Statement.scala:31)
[info] spinal.core.internals.StatementDoubleLinkedContainer.foreachStatements$(Statement.scala:31)
[info] spinal.core.BaseType.foreachStatements(BaseType.scala:55)
[info] spinal.core.BitVector.calcWidth(BitVector.scala:207)
[info] spinal.core.internals.Widthable.getWidth(Node.scala:202)
[info] spinal.core.internals.Widthable.getWidth$(Node.scala:181)
[info] spinal.core.BitVector.getWidth(BitVector.scala:37)
[info] spinal.core.internals.Operator$Bits$Cat.calcWidth(Expression.scala:701)
[info] spinal.core.internals.Widthable.getWidth(Node.scala:202)
[info] spinal.core.internals.Widthable.getWidth$(Node.scala:181)
[info] spinal.core.internals.Operator$Bits$Cat.getWidth(Expression.scala:698)
[info] spinal.core.BitVector.$anonfun$calcWidth$1(BitVector.scala:210)
[info] spinal.core.BitVector.$anonfun$calcWidth$1$adapted(BitVector.scala:207)
[info] spinal.core.internals.DoubleLinkedContainer.dlcForeach(Misc.scala:137)
[info] spinal.core.internals.DoubleLinkedContainer.dlcForeach$(Misc.scala:132)
[info] spinal.core.BaseType.dlcForeach(BaseType.scala:55)
[info] spinal.core.internals.StatementDoubleLinkedContainer.foreachStatements(Statement.scala:31)
[info] spinal.core.internals.StatementDoubleLinkedContainer.foreachStatements$(Statement.scala:31)
[info] spinal.core.BaseType.foreachStatements(BaseType.scala:55)
[info] spinal.core.BitVector.calcWidth(BitVector.scala:207)
[info] spinal.core.internals.Widthable.getWidth(Node.scala:202)
[info] spinal.core.internals.Widthable.getWidth$(Node.scala:181)
[info] spinal.core.BitVector.getWidth(BitVector.scala:37)
[info] spinal.core.internals.Operator$Bits$Cat.calcWidth(Expression.scala:701)
[info] spinal.core.internals.Widthable.getWidth(Node.scala:202)
[info] spinal.core.internals.Widthable.getWidth$(Node.scala:181)
[info] spinal.core.internals.Operator$Bits$Cat.getWidth(Expression.scala:698)
[info] spinal.core.BitVector.$anonfun$calcWidth$1(BitVector.scala:210)
[info] spinal.core.BitVector.$anonfun$calcWidth$1$adapted(BitVector.scala:207)
[info] spinal.core.internals.DoubleLinkedContainer.dlcForeach(Misc.scala:137)
[info] spinal.core.internals.DoubleLinkedContainer.dlcForeach$(Misc.scala:132)
[info] spinal.core.BaseType.dlcForeach(BaseType.scala:55)
[info] spinal.core.internals.StatementDoubleLinkedContainer.foreachStatements(Statement.scala:31)
[info] spinal.core.internals.StatementDoubleLinkedContainer.foreachStatements$(Statement.scala:31)
[info] spinal.core.BaseType.foreachStatements(BaseType.scala:55)
[info] spinal.core.BitVector.calcWidth(BitVector.scala:207)
[info] spinal.core.internals.Widthable.getWidth(Node.scala:202)
[info] spinal.core.internals.Widthable.getWidth$(Node.scala:181)
[info] spinal.core.BitVector.getWidth(BitVector.scala:37)
[info] spinal.core.internals.Operator$Bits$Cat.calcWidth(Expression.scala:701)
[info] spinal.core.internals.Widthable.getWidth(Node.scala:202)
[info] spinal.core.internals.Widthable.getWidth$(Node.scala:181)
[info] spinal.core.internals.Operator$Bits$Cat.getWidth(Expression.scala:698)
[info] spinal.core.BitVector.$anonfun$calcWidth$1(BitVector.scala:210)
[info] spinal.core.BitVector.$anonfun$calcWidth$1$adapted(BitVector.scala:207)
[info] spinal.core.internals.DoubleLinkedContainer.dlcForeach(Misc.scala:137)
[info] spinal.core.internals.DoubleLinkedContainer.dlcForeach$(Misc.scala:132)
[info] spinal.core.BaseType.dlcForeach(BaseType.scala:55)
[info] spinal.core.internals.StatementDoubleLinkedContainer.foreachStatements(Statement.scala:31)
[info] spinal.core.internals.StatementDoubleLinkedContainer.foreachStatements$(Statement.scala:31)
[info] spinal.core.BaseType.foreachStatements(BaseType.scala:55)
[info] spinal.core.BitVector.calcWidth(BitVector.scala:207)
[info] spinal.core.internals.Widthable.getWidth(Node.scala:202)
[info] spinal.core.internals.Widthable.getWidth$(Node.scala:181)
[info] spinal.core.BitVector.getWidth(BitVector.scala:37)
[info] spinal.core.internals.Operator$Bits$Cat.calcWidth(Expression.scala:701)
[info] spinal.core.internals.Widthable.getWidth(Node.scala:202)
[info] spinal.core.internals.Widthable.getWidth$(Node.scala:181)
[info] spinal.core.internals.Operator$Bits$Cat.getWidth(Expression.scala:698)
[info] spinal.core.BitVector.$anonfun$calcWidth$1(BitVector.scala:210)
[info] spinal.core.BitVector.$anonfun$calcWidth$1$adapted(BitVector.scala:207)
[info] spinal.core.internals.DoubleLinkedContainer.dlcForeach(Misc.scala:137)
[info] spinal.core.internals.DoubleLinkedContainer.dlcForeach$(Misc.scala:132)
[info] spinal.core.BaseType.dlcForeach(BaseType.scala:55)
[info] spinal.core.internals.StatementDoubleLinkedContainer.foreachStatements(Statement.scala:31)
[info] spinal.core.internals.StatementDoubleLinkedContainer.foreachStatements$(Statement.scala:31)
[info] spinal.core.BaseType.foreachStatements(BaseType.scala:55)
[info] spinal.core.BitVector.calcWidth(BitVector.scala:207)
[info] spinal.core.internals.Widthable.getWidth(Node.scala:202)
[info] spinal.core.internals.Widthable.getWidth$(Node.scala:181)
[info] spinal.core.BitVector.getWidth(BitVector.scala:37)
[info] spinal.core.internals.Operator$Bits$Cat.calcWidth(Expression.scala:701)
[info] spinal.core.internals.Widthable.getWidth(Node.scala:202)
[info] spinal.core.internals.Widthable.getWidth$(Node.scala:181)
[info] spinal.core.internals.Operator$Bits$Cat.getWidth(Expression.scala:698)
[info] spinal.core.BitVector.$anonfun$calcWidth$1(BitVector.scala:210)
[info] spinal.core.BitVector.$anonfun$calcWidth$1$adapted(BitVector.scala:207)
[info] spinal.core.internals.DoubleLinkedContainer.dlcForeach(Misc.scala:137)
[info] spinal.core.internals.DoubleLinkedContainer.dlcForeach$(Misc.scala:132)
[info] spinal.core.BaseType.dlcForeach(BaseType.scala:55)
[info] spinal.core.internals.StatementDoubleLinkedContainer.foreachStatements(Statement.scala:31)
[info] spinal.core.internals.StatementDoubleLinkedContainer.foreachStatements$(Statement.scala:31)
[info] spinal.core.BaseType.foreachStatements(BaseType.scala:55)
[info] spinal.core.BitVector.calcWidth(BitVector.scala:207)
[info] spinal.core.internals.Widthable.getWidth(Node.scala:202)
[info] spinal.core.internals.Widthable.getWidth$(Node.scala:181)
[info] spinal.core.BitVector.getWidth(BitVector.scala:37)
[info] spinal.core.internals.Operator$Bits$Cat.calcWidth(Expression.scala:701)
[info] spinal.core.internals.Widthable.getWidth(Node.scala:202)
[info] spinal.core.internals.Widthable.getWidth$(Node.scala:181)
[info] spinal.core.internals.Operator$Bits$Cat.getWidth(Expression.scala:698)
[info] spinal.core.BitVector.$anonfun$calcWidth$1(BitVector.scala:210)
[info] spinal.core.BitVector.$anonfun$calcWidth$1$adapted(BitVector.scala:207)
[info] spinal.core.internals.DoubleLinkedContainer.dlcForeach(Misc.scala:137)
[info] spinal.core.internals.DoubleLinkedContainer.dlcForeach$(Misc.scala:132)
[info] spinal.core.BaseType.dlcForeach(BaseType.scala:55)
[info] spinal.core.internals.StatementDoubleLinkedContainer.foreachStatements(Statement.scala:31)
[info] spinal.core.internals.StatementDoubleLinkedContainer.foreachStatements$(Statement.scala:31)
[info] spinal.core.BaseType.foreachStatements(BaseType.scala:55)
[info] spinal.core.BitVector.calcWidth(BitVector.scala:207)
[info] spinal.core.internals.Widthable.getWidth(Node.scala:202)
[info] spinal.core.internals.Widthable.getWidth$(Node.scala:181)
[info] spinal.core.BitVector.getWidth(BitVector.scala:37)
[info] spinal.core.internals.Operator$Bits$Cat.calcWidth(Expression.scala:701)
[info] spinal.core.internals.Widthable.getWidth(Node.scala:202)
[info] spinal.core.internals.Widthable.getWidth$(Node.scala:181)
[info] spinal.core.internals.Operator$Bits$Cat.getWidth(Expression.scala:698)
[info] spinal.core.BitVector.$anonfun$calcWidth$1(BitVector.scala:210)
[info] spinal.core.BitVector.$anonfun$calcWidth$1$adapted(BitVector.scala:207)
[info] spinal.core.internals.DoubleLinkedContainer.dlcForeach(Misc.scala:137)
[info] spinal.core.internals.DoubleLinkedContainer.dlcForeach$(Misc.scala:132)
[info] spinal.core.BaseType.dlcForeach(BaseType.scala:55)
[info] spinal.core.internals.StatementDoubleLinkedContainer.foreachStatements(Statement.scala:31)
[info] spinal.core.internals.StatementDoubleLinkedContainer.foreachStatements$(Statement.scala:31)
[info] spinal.core.BaseType.foreachStatements(BaseType.scala:55)
[info] spinal.core.BitVector.calcWidth(BitVector.scala:207)
[info] spinal.core.internals.Widthable.getWidth(Node.scala:202)
[info] spinal.core.internals.Widthable.getWidth$(Node.scala:181)
[info] spinal.core.BitVector.getWidth(BitVector.scala:37)
[info] spinal.core.internals.Operator$Bits$Cat.calcWidth(Expression.scala:701)
[info] spinal.core.internals.Widthable.getWidth(Node.scala:202)
[info] spinal.core.internals.Widthable.getWidth$(Node.scala:181)
[info] spinal.core.internals.Operator$Bits$Cat.getWidth(Expression.scala:698)
[info] spinal.core.BitVector.$anonfun$calcWidth$1(BitVector.scala:210)
[info] spinal.core.BitVector.$anonfun$calcWidth$1$adapted(BitVector.scala:207)
[info] spinal.core.internals.DoubleLinkedContainer.dlcForeach(Misc.scala:137)
[info] spinal.core.internals.DoubleLinkedContainer.dlcForeach$(Misc.scala:132)
[info] spinal.core.BaseType.dlcForeach(BaseType.scala:55)
[info] spinal.core.internals.StatementDoubleLinkedContainer.foreachStatements(Statement.scala:31)
[info] spinal.core.internals.StatementDoubleLinkedContainer.foreachStatements$(Statement.scala:31)
[info] spinal.core.BaseType.foreachStatements(BaseType.scala:55)
[info] spinal.core.BitVector.calcWidth(BitVector.scala:207)
[info] spinal.core.internals.Widthable.getWidth(Node.scala:202)
[info] spinal.core.internals.Widthable.getWidth$(Node.scala:181)
[info] spinal.core.BitVector.getWidth(BitVector.scala:37)
[info] spinal.core.internals.Operator$Bits$Cat.calcWidth(Expression.scala:701)
[info] spinal.core.internals.Widthable.getWidth(Node.scala:202)
[info] spinal.core.internals.Widthable.getWidth$(Node.scala:181)
[info] spinal.core.internals.Operator$Bits$Cat.getWidth(Expression.scala:698)
[info] spinal.core.BitVector.$anonfun$calcWidth$1(BitVector.scala:210)
[info] spinal.core.BitVector.$anonfun$calcWidth$1$adapted(BitVector.scala:207)
[info] spinal.core.internals.DoubleLinkedContainer.dlcForeach(Misc.scala:137)
[info] spinal.core.internals.DoubleLinkedContainer.dlcForeach$(Misc.scala:132)
[info] spinal.core.BaseType.dlcForeach(BaseType.scala:55)
[info] spinal.core.internals.StatementDoubleLinkedContainer.foreachStatements(Statement.scala:31)
[info] spinal.core.internals.StatementDoubleLinkedContainer.foreachStatements$(Statement.scala:31)
[info] spinal.core.BaseType.foreachStatements(BaseType.scala:55)
[info] spinal.core.BitVector.calcWidth(BitVector.scala:207)
[info] spinal.core.internals.Widthable.getWidth(Node.scala:202)
[info] spinal.core.internals.Widthable.getWidth$(Node.scala:181)
[info] spinal.core.BitVector.getWidth(BitVector.scala:37)
[info] spinal.core.internals.Operator$Bits$Cat.calcWidth(Expression.scala:701)
[info] spinal.core.internals.Widthable.getWidth(Node.scala:202)
[info] spinal.core.internals.Widthable.getWidth$(Node.scala:181)
[info] spinal.core.internals.Operator$Bits$Cat.getWidth(Expression.scala:698)
[info] spinal.core.BitVector.$anonfun$calcWidth$1(BitVector.scala:210)
[info] spinal.core.BitVector.$anonfun$calcWidth$1$adapted(BitVector.scala:207)
[info] spinal.core.internals.DoubleLinkedContainer.dlcForeach(Misc.scala:137)
[info] spinal.core.internals.DoubleLinkedContainer.dlcForeach$(Misc.scala:132)
[info] spinal.core.BaseType.dlcForeach(BaseType.scala:55)
[info] spinal.core.internals.StatementDoubleLinkedContainer.foreachStatements(Statement.scala:31)
[info] spinal.core.internals.StatementDoubleLinkedContainer.foreachStatements$(Statement.scala:31)
[info] spinal.core.BaseType.foreachStatements(BaseType.scala:55)
[info] spinal.core.BitVector.calcWidth(BitVector.scala:207)
[info] spinal.core.internals.Widthable.getWidth(Node.scala:202)
[info] spinal.core.internals.Widthable.getWidth$(Node.scala:181)
[info] spinal.core.BitVector.getWidth(BitVector.scala:37)
[info] spinal.core.internals.Operator$Bits$Cat.calcWidth(Expression.scala:701)
[info] spinal.core.internals.Widthable.getWidth(Node.scala:202)
[info] spinal.core.internals.Widthable.getWidth$(Node.scala:181)
[info] spinal.core.internals.Operator$Bits$Cat.getWidth(Expression.scala:698)
[info] spinal.core.BitVector.$anonfun$calcWidth$1(BitVector.scala:210)
[info] spinal.core.BitVector.$anonfun$calcWidth$1$adapted(BitVector.scala:207)
[info] spinal.core.internals.DoubleLinkedContainer.dlcForeach(Misc.scala:137)
[info] spinal.core.internals.DoubleLinkedContainer.dlcForeach$(Misc.scala:132)
[info] spinal.core.BaseType.dlcForeach(BaseType.scala:55)
[info] spinal.core.internals.StatementDoubleLinkedContainer.foreachStatements(Statement.scala:31)
[info] spinal.core.internals.StatementDoubleLinkedContainer.foreachStatements$(Statement.scala:31)
[info] spinal.core.BaseType.foreachStatements(BaseType.scala:55)
[info] spinal.core.BitVector.calcWidth(BitVector.scala:207)
[info] spinal.core.internals.Widthable.getWidth(Node.scala:202)
[info] spinal.core.internals.Widthable.getWidth$(Node.scala:181)
[info] spinal.core.BitVector.getWidth(BitVector.scala:37)
[info] spinal.core.internals.Operator$Bits$Cat.calcWidth(Expression.scala:701)
[info] spinal.core.internals.Widthable.getWidth(Node.scala:202)
[info] spinal.core.internals.Widthable.getWidth$(Node.scala:181)
[info] spinal.core.internals.Operator$Bits$Cat.getWidth(Expression.scala:698)
[info] spinal.core.BitVector.$anonfun$calcWidth$1(BitVector.scala:210)
[info] spinal.core.BitVector.$anonfun$calcWidth$1$adapted(BitVector.scala:207)
[info] spinal.core.internals.DoubleLinkedContainer.dlcForeach(Misc.scala:137)
[info] spinal.core.internals.DoubleLinkedContainer.dlcForeach$(Misc.scala:132)
[info] spinal.core.BaseType.dlcForeach(BaseType.scala:55)
[info] spinal.core.internals.StatementDoubleLinkedContainer.foreachStatements(Statement.scala:31)
[info] spinal.core.internals.StatementDoubleLinkedContainer.foreachStatements$(Statement.scala:31)
[info] spinal.core.BaseType.foreachStatements(BaseType.scala:55)
[info] spinal.core.BitVector.calcWidth(BitVector.scala:207)
[info] spinal.core.internals.Widthable.getWidth(Node.scala:202)
[info] spinal.core.internals.Widthable.getWidth$(Node.scala:181)
[info] spinal.core.BitVector.getWidth(BitVector.scala:37)
[info] spinal.core.internals.Operator$Bits$Cat.calcWidth(Expression.scala:701)
[info] spinal.core.internals.Widthable.getWidth(Node.scala:202)
[info] spinal.core.internals.Widthable.getWidth$(Node.scala:181)
[info] spinal.core.internals.Operator$Bits$Cat.getWidth(Expression.scala:698)
[info] spinal.core.BitVector.$anonfun$calcWidth$1(BitVector.scala:210)
[info] spinal.core.BitVector.$anonfun$calcWidth$1$adapted(BitVector.scala:207)
[info] spinal.core.internals.DoubleLinkedContainer.dlcForeach(Misc.scala:137)
[info] spinal.core.internals.DoubleLinkedContainer.dlcForeach$(Misc.scala:132)
[info] spinal.core.BaseType.dlcForeach(BaseType.scala:55)
[info] spinal.core.internals.StatementDoubleLinkedContainer.foreachStatements(Statement.scala:31)
[info] spinal.core.internals.StatementDoubleLinkedContainer.foreachStatements$(Statement.scala:31)
[info] spinal.core.BaseType.foreachStatements(BaseType.scala:55)
[info] spinal.core.BitVector.calcWidth(BitVector.scala:207)
[info] spinal.core.internals.Widthable.getWidth(Node.scala:202)
[info] spinal.core.internals.Widthable.getWidth$(Node.scala:181)
[info] spinal.core.BitVector.getWidth(BitVector.scala:37)
[info] spinal.core.internals.Operator$Bits$Cat.calcWidth(Expression.scala:701)
[info] spinal.core.internals.Widthable.getWidth(Node.scala:202)
[info] spinal.core.internals.Widthable.getWidth$(Node.scala:181)
[info] spinal.core.internals.Operator$Bits$Cat.getWidth(Expression.scala:698)
[info] spinal.core.BitVector.$anonfun$calcWidth$1(BitVector.scala:210)
[info] spinal.core.BitVector.$anonfun$calcWidth$1$adapted(BitVector.scala:207)
[info] spinal.core.internals.DoubleLinkedContainer.dlcForeach(Misc.scala:137)
[info] spinal.core.internals.DoubleLinkedContainer.dlcForeach$(Misc.scala:132)
[info] spinal.core.BaseType.dlcForeach(BaseType.scala:55)
[info] spinal.core.internals.StatementDoubleLinkedContainer.foreachStatements(Statement.scala:31)
[info] spinal.core.internals.StatementDoubleLinkedContainer.foreachStatements$(Statement.scala:31)
[info] spinal.core.BaseType.foreachStatements(BaseType.scala:55)
[info] spinal.core.BitVector.calcWidth(BitVector.scala:207)
[info] spinal.core.internals.Widthable.getWidth(Node.scala:202)
[info] spinal.core.internals.Widthable.getWidth$(Node.scala:181)
[info] spinal.core.BitVector.getWidth(BitVector.scala:37)
[info] spinal.core.internals.Operator$Bits$Cat.calcWidth(Expression.scala:701)
[info] spinal.core.internals.Widthable.getWidth(Node.scala:202)
[info] spinal.core.internals.Widthable.getWidth$(Node.scala:181)
[info] spinal.core.internals.Operator$Bits$Cat.getWidth(Expression.scala:698)
[info] spinal.core.BitVector.$anonfun$calcWidth$1(BitVector.scala:210)
[info] spinal.core.BitVector.$anonfun$calcWidth$1$adapted(BitVector.scala:207)
[info] spinal.core.internals.DoubleLinkedContainer.dlcForeach(Misc.scala:137)
[info] spinal.core.internals.DoubleLinkedContainer.dlcForeach$(Misc.scala:132)
[info] spinal.core.BaseType.dlcForeach(BaseType.scala:55)
[info] spinal.core.internals.StatementDoubleLinkedContainer.foreachStatements(Statement.scala:31)
[info] spinal.core.internals.StatementDoubleLinkedContainer.foreachStatements$(Statement.scala:31)
[info] spinal.core.BaseType.foreachStatements(BaseType.scala:55)
[info] spinal.core.BitVector.calcWidth(BitVector.scala:207)
[info] spinal.core.internals.Widthable.getWidth(Node.scala:202)
[info] spinal.core.internals.Widthable.getWidth$(Node.scala:181)
[info] spinal.core.BitVector.getWidth(BitVector.scala:37)
[info] spinal.core.internals.Operator$Bits$Cat.calcWidth(Expression.scala:701)
[info] spinal.core.internals.Widthable.getWidth(Node.scala:202)
[info] spinal.core.internals.Widthable.getWidth$(Node.scala:181)
[info] spinal.core.internals.Operator$Bits$Cat.getWidth(Expression.scala:698)
[info] spinal.core.BitVector.$anonfun$calcWidth$1(BitVector.scala:210)
[info] spinal.core.BitVector.$anonfun$calcWidth$1$adapted(BitVector.scala:207)
[info] spinal.core.internals.DoubleLinkedContainer.dlcForeach(Misc.scala:137)
[info] spinal.core.internals.DoubleLinkedContainer.dlcForeach$(Misc.scala:132)
[info] spinal.core.BaseType.dlcForeach(BaseType.scala:55)
[info] spinal.core.internals.StatementDoubleLinkedContainer.foreachStatements(Statement.scala:31)
[info] spinal.core.internals.StatementDoubleLinkedContainer.foreachStatements$(Statement.scala:31)
[info] spinal.core.BaseType.foreachStatements(BaseType.scala:55)
[info] spinal.core.BitVector.calcWidth(BitVector.scala:207)
[info] spinal.core.internals.Widthable.getWidth(Node.scala:202)
[info] spinal.core.internals.Widthable.getWidth$(Node.scala:181)
[info] spinal.core.BitVector.getWidth(BitVector.scala:37)
[info] spinal.core.internals.Operator$Bits$Cat.calcWidth(Expression.scala:701)
[info] spinal.core.internals.Widthable.getWidth(Node.scala:202)
[info] spinal.core.internals.Widthable.getWidth$(Node.scala:181)
[info] spinal.core.internals.Operator$Bits$Cat.getWidth(Expression.scala:698)
[info] spinal.core.BitVector.$anonfun$calcWidth$1(BitVector.scala:210)
[info] spinal.core.BitVector.$anonfun$calcWidth$1$adapted(BitVector.scala:207)
[info] spinal.core.internals.DoubleLinkedContainer.dlcForeach(Misc.scala:137)
[info] spinal.core.internals.DoubleLinkedContainer.dlcForeach$(Misc.scala:132)
[info] spinal.core.BaseType.dlcForeach(BaseType.scala:55)
[info] spinal.core.internals.StatementDoubleLinkedContainer.foreachStatements(Statement.scala:31)
[info] spinal.core.internals.StatementDoubleLinkedContainer.foreachStatements$(Statement.scala:31)
[info] spinal.core.BaseType.foreachStatements(BaseType.scala:55)
[info] spinal.core.BitVector.calcWidth(BitVector.scala:207)
[info] spinal.core.internals.Widthable.getWidth(Node.scala:202)
[info] spinal.core.internals.Widthable.getWidth$(Node.scala:181)
[info] spinal.core.BitVector.getWidth(BitVector.scala:37)
[info] spinal.core.internals.Operator$Bits$Cat.calcWidth(Expression.scala:701)
[info] spinal.core.internals.Widthable.getWidth(Node.scala:202)
[info] spinal.core.internals.Widthable.getWidth$(Node.scala:181)
[info] spinal.core.internals.Operator$Bits$Cat.getWidth(Expression.scala:698)
[info] spinal.core.BitVector.$anonfun$calcWidth$1(BitVector.scala:210)
[info] spinal.core.BitVector.$anonfun$calcWidth$1$adapted(BitVector.scala:207)
[info] spinal.core.internals.DoubleLinkedContainer.dlcForeach(Misc.scala:137)
[info] spinal.core.internals.DoubleLinkedContainer.dlcForeach$(Misc.scala:132)
[info] spinal.core.BaseType.dlcForeach(BaseType.scala:55)
[info] spinal.core.internals.StatementDoubleLinkedContainer.foreachStatements(Statement.scala:31)
[info] spinal.core.internals.StatementDoubleLinkedContainer.foreachStatements$(Statement.scala:31)
[info] spinal.core.BaseType.foreachStatements(BaseType.scala:55)
[info] spinal.core.BitVector.calcWidth(BitVector.scala:207)
[info] spinal.core.internals.Widthable.getWidth(Node.scala:202)
[info] spinal.core.internals.Widthable.getWidth$(Node.scala:181)
[info] spinal.core.BitVector.getWidth(BitVector.scala:37)
[info] spinal.core.internals.Operator$Bits$Cat.calcWidth(Expression.scala:701)
[info] spinal.core.internals.Widthable.getWidth(Node.scala:202)
[info] spinal.core.internals.Widthable.getWidth$(Node.scala:181)
[info] spinal.core.internals.Operator$Bits$Cat.getWidth(Expression.scala:698)
[info] spinal.core.BitVector.$anonfun$calcWidth$1(BitVector.scala:210)
[info] spinal.core.BitVector.$anonfun$calcWidth$1$adapted(BitVector.scala:207)
[info] spinal.core.internals.DoubleLinkedContainer.dlcForeach(Misc.scala:137)
[info] spinal.core.internals.DoubleLinkedContainer.dlcForeach$(Misc.scala:132)
[info] spinal.core.BaseType.dlcForeach(BaseType.scala:55)
[info] spinal.core.internals.StatementDoubleLinkedContainer.foreachStatements(Statement.scala:31)
[info] spinal.core.internals.StatementDoubleLinkedContainer.foreachStatements$(Statement.scala:31)
[info] spinal.core.BaseType.foreachStatements(BaseType.scala:55)
[info] spinal.core.BitVector.calcWidth(BitVector.scala:207)
[info] spinal.core.internals.Widthable.getWidth(Node.scala:202)
[info] spinal.core.internals.Widthable.getWidth$(Node.scala:181)
[info] spinal.core.BitVector.getWidth(BitVector.scala:37)
[info] spinal.core.internals.Operator$Bits$Cat.calcWidth(Expression.scala:701)
[info] spinal.core.internals.Widthable.getWidth(Node.scala:202)
[info] spinal.core.internals.Widthable.getWidth$(Node.scala:181)
[info] spinal.core.internals.Operator$Bits$Cat.getWidth(Expression.scala:698)
[info] spinal.core.BitVector.$anonfun$calcWidth$1(BitVector.scala:210)
[info] spinal.core.BitVector.$anonfun$calcWidth$1$adapted(BitVector.scala:207)
[info] spinal.core.internals.DoubleLinkedContainer.dlcForeach(Misc.scala:137)
[info] spinal.core.internals.DoubleLinkedContainer.dlcForeach$(Misc.scala:132)
[info] spinal.core.BaseType.dlcForeach(BaseType.scala:55)
[info] spinal.core.internals.StatementDoubleLinkedContainer.foreachStatements(Statement.scala:31)
[info] spinal.core.internals.StatementDoubleLinkedContainer.foreachStatements$(Statement.scala:31)
[info] spinal.core.BaseType.foreachStatements(BaseType.scala:55)
[info] spinal.core.BitVector.calcWidth(BitVector.scala:207)
[info] spinal.core.internals.Widthable.getWidth(Node.scala:202)
[info] spinal.core.internals.Widthable.getWidth$(Node.scala:181)
[info] spinal.core.BitVector.getWidth(BitVector.scala:37)
[info] spinal.core.internals.Operator$Bits$Cat.calcWidth(Expression.scala:701)
[info] spinal.core.internals.Widthable.getWidth(Node.scala:202)
[info] spinal.core.internals.Widthable.getWidth$(Node.scala:181)
[info] spinal.core.internals.Operator$Bits$Cat.getWidth(Expression.scala:698)
[info] spinal.core.BitVector.$anonfun$calcWidth$1(BitVector.scala:210)
[info] spinal.core.BitVector.$anonfun$calcWidth$1$adapted(BitVector.scala:207)
[info] spinal.core.internals.DoubleLinkedContainer.dlcForeach(Misc.scala:137)
[info] spinal.core.internals.DoubleLinkedContainer.dlcForeach$(Misc.scala:132)
[info] spinal.core.BaseType.dlcForeach(BaseType.scala:55)
[info] spinal.core.internals.StatementDoubleLinkedContainer.foreachStatements(Statement.scala:31)
[info] spinal.core.internals.StatementDoubleLinkedContainer.foreachStatements$(Statement.scala:31)
[info] spinal.core.BaseType.foreachStatements(BaseType.scala:55)
[info] spinal.core.BitVector.calcWidth(BitVector.scala:207)
[info] spinal.core.internals.Widthable.getWidth(Node.scala:202)
[info] spinal.core.internals.Widthable.getWidth$(Node.scala:181)
[info] spinal.core.BitVector.getWidth(BitVector.scala:37)
[info] spinal.core.internals.Operator$Bits$Cat.calcWidth(Expression.scala:701)
[info] spinal.core.internals.Widthable.getWidth(Node.scala:202)
[info] spinal.core.internals.Widthable.getWidth$(Node.scala:181)
[info] spinal.core.internals.Operator$Bits$Cat.getWidth(Expression.scala:698)
[info] spinal.core.BitVector.$anonfun$calcWidth$1(BitVector.scala:210)
[info] spinal.core.BitVector.$anonfun$calcWidth$1$adapted(BitVector.scala:207)
[info] spinal.core.internals.DoubleLinkedContainer.dlcForeach(Misc.scala:137)
[info] spinal.core.internals.DoubleLinkedContainer.dlcForeach$(Misc.scala:132)
[info] spinal.core.BaseType.dlcForeach(BaseType.scala:55)
[info] spinal.core.internals.StatementDoubleLinkedContainer.foreachStatements(Statement.scala:31)
[info] spinal.core.internals.StatementDoubleLinkedContainer.foreachStatements$(Statement.scala:31)
[info] spinal.core.BaseType.foreachStatements(BaseType.scala:55)
[info] spinal.core.BitVector.calcWidth(BitVector.scala:207)
[info] spinal.core.internals.Widthable.getWidth(Node.scala:202)
[info] spinal.core.internals.Widthable.getWidth$(Node.scala:181)
[info] spinal.core.BitVector.getWidth(BitVector.scala:37)
[info] spinal.core.internals.Operator$Bits$Cat.calcWidth(Expression.scala:701)
[info] spinal.core.internals.Widthable.getWidth(Node.scala:202)
[info] spinal.core.internals.Widthable.getWidth$(Node.scala:181)
[info] spinal.core.internals.Operator$Bits$Cat.getWidth(Expression.scala:698)
[info] spinal.core.BitVector.$anonfun$calcWidth$1(BitVector.scala:210)
[info] spinal.core.BitVector.$anonfun$calcWidth$1$adapted(BitVector.scala:207)
[info] spinal.core.internals.DoubleLinkedContainer.dlcForeach(Misc.scala:137)
[info] spinal.core.internals.DoubleLinkedContainer.dlcForeach$(Misc.scala:132)
[info] spinal.core.BaseType.dlcForeach(BaseType.scala:55)
[info] spinal.core.internals.StatementDoubleLinkedContainer.foreachStatements(Statement.scala:31)
[info] spinal.core.internals.StatementDoubleLinkedContainer.foreachStatements$(Statement.scala:31)
[info] spinal.core.BaseType.foreachStatements(BaseType.scala:55)
[info] spinal.core.BitVector.calcWidth(BitVector.scala:207)
[info] spinal.core.internals.Widthable.getWidth(Node.scala:202)
[info] spinal.core.internals.Widthable.getWidth$(Node.scala:181)
[info] spinal.core.BitVector.getWidth(BitVector.scala:37)
[info] spinal.core.internals.Operator$Bits$Cat.calcWidth(Expression.scala:701)
[info] spinal.core.internals.Widthable.getWidth(Node.scala:202)
[info] spinal.core.internals.Widthable.getWidth$(Node.scala:181)
[info] spinal.core.internals.Operator$Bits$Cat.getWidth(Expression.scala:698)
[info] spinal.core.BitVector.$anonfun$calcWidth$1(BitVector.scala:210)
[info] spinal.core.BitVector.$anonfun$calcWidth$1$adapted(BitVector.scala:207)
[info] spinal.core.internals.DoubleLinkedContainer.dlcForeach(Misc.scala:137)
[info] spinal.core.internals.DoubleLinkedContainer.dlcForeach$(Misc.scala:132)
[info] spinal.core.BaseType.dlcForeach(BaseType.scala:55)
[info] spinal.core.internals.StatementDoubleLinkedContainer.foreachStatements(Statement.scala:31)
[info] spinal.core.internals.StatementDoubleLinkedContainer.foreachStatements$(Statement.scala:31)
[info] spinal.core.BaseType.foreachStatements(BaseType.scala:55)
[info] spinal.core.BitVector.calcWidth(BitVector.scala:207)
[info] spinal.core.internals.Widthable.getWidth(Node.scala:202)
[info] spinal.core.internals.Widthable.getWidth$(Node.scala:181)
[info] spinal.core.BitVector.getWidth(BitVector.scala:37)
[info] spinal.core.internals.Operator$Bits$Cat.calcWidth(Expression.scala:701)
[info] spinal.core.internals.Widthable.getWidth(Node.scala:202)
[info] spinal.core.internals.Widthable.getWidth$(Node.scala:181)
[info] spinal.core.internals.Operator$Bits$Cat.getWidth(Expression.scala:698)
[info] spinal.core.BitVector.$anonfun$calcWidth$1(BitVector.scala:210)
[info] spinal.core.BitVector.$anonfun$calcWidth$1$adapted(BitVector.scala:207)
[info] spinal.core.internals.DoubleLinkedContainer.dlcForeach(Misc.scala:137)
[info] spinal.core.internals.DoubleLinkedContainer.dlcForeach$(Misc.scala:132)
[info] spinal.core.BaseType.dlcForeach(BaseType.scala:55)
[info] spinal.core.internals.StatementDoubleLinkedContainer.foreachStatements(Statement.scala:31)
[info] spinal.core.internals.StatementDoubleLinkedContainer.foreachStatements$(Statement.scala:31)
[info] spinal.core.BaseType.foreachStatements(BaseType.scala:55)
[info] spinal.core.BitVector.calcWidth(BitVector.scala:207)
[info] spinal.core.internals.Widthable.getWidth(Node.scala:202)
[info] spinal.core.internals.Widthable.getWidth$(Node.scala:181)
[info] spinal.core.BitVector.getWidth(BitVector.scala:37)
[info] spinal.core.internals.Operator$Bits$Cat.calcWidth(Expression.scala:701)
[info] spinal.core.internals.Widthable.getWidth(Node.scala:202)
[info] spinal.core.internals.Widthable.getWidth$(Node.scala:181)
[info] spinal.core.internals.Operator$Bits$Cat.getWidth(Expression.scala:698)
[info] spinal.core.BitVector.$anonfun$calcWidth$1(BitVector.scala:210)
[info] spinal.core.BitVector.$anonfun$calcWidth$1$adapted(BitVector.scala:207)
[info] spinal.core.internals.DoubleLinkedContainer.dlcForeach(Misc.scala:137)
[info] spinal.core.internals.DoubleLinkedContainer.dlcForeach$(Misc.scala:132)
[info] spinal.core.BaseType.dlcForeach(BaseType.scala:55)
[info] spinal.core.internals.StatementDoubleLinkedContainer.foreachStatements(Statement.scala:31)
[info] spinal.core.internals.StatementDoubleLinkedContainer.foreachStatements$(Statement.scala:31)
[info] spinal.core.BaseType.foreachStatements(BaseType.scala:55)
[info] spinal.core.BitVector.calcWidth(BitVector.scala:207)
[info] spinal.core.internals.Widthable.getWidth(Node.scala:202)
[info] spinal.core.internals.Widthable.getWidth$(Node.scala:181)
[info] spinal.core.BitVector.getWidth(BitVector.scala:37)
[info] spinal.core.internals.Operator$Bits$Cat.calcWidth(Expression.scala:701)
[info] spinal.core.internals.Widthable.getWidth(Node.scala:202)
[info] spinal.core.internals.Widthable.getWidth$(Node.scala:181)
[info] spinal.core.internals.Operator$Bits$Cat.getWidth(Expression.scala:698)
[info] spinal.core.BitVector.$anonfun$calcWidth$1(BitVector.scala:210)
[info] spinal.core.BitVector.$anonfun$calcWidth$1$adapted(BitVector.scala:207)
[info] spinal.core.internals.DoubleLinkedContainer.dlcForeach(Misc.scala:137)
[info] spinal.core.internals.DoubleLinkedContainer.dlcForeach$(Misc.scala:132)
[info] spinal.core.BaseType.dlcForeach(BaseType.scala:55)
[info] spinal.core.internals.StatementDoubleLinkedContainer.foreachStatements(Statement.scala:31)
[info] spinal.core.internals.StatementDoubleLinkedContainer.foreachStatements$(Statement.scala:31)
[info] spinal.core.BaseType.foreachStatements(BaseType.scala:55)
[info] spinal.core.BitVector.calcWidth(BitVector.scala:207)
[info] spinal.core.internals.Widthable.getWidth(Node.scala:202)
[info] spinal.core.internals.Widthable.getWidth$(Node.scala:181)
[info] spinal.core.BitVector.getWidth(BitVector.scala:37)
[info] spinal.core.internals.Operator$Bits$Cat.calcWidth(Expression.scala:701)
[info] spinal.core.internals.Widthable.getWidth(Node.scala:202)
[info] spinal.core.internals.Widthable.getWidth$(Node.scala:181)
[info] spinal.core.internals.Operator$Bits$Cat.getWidth(Expression.scala:698)
[info] spinal.core.BitVector.$anonfun$calcWidth$1(BitVector.scala:210)
[info] spinal.core.BitVector.$anonfun$calcWidth$1$adapted(BitVector.scala:207)
[info] spinal.core.internals.DoubleLinkedContainer.dlcForeach(Misc.scala:137)
[info] spinal.core.internals.DoubleLinkedContainer.dlcForeach$(Misc.scala:132)
[info] spinal.core.BaseType.dlcForeach(BaseType.scala:55)
[info] spinal.core.internals.StatementDoubleLinkedContainer.foreachStatements(Statement.scala:31)
[info] spinal.core.internals.StatementDoubleLinkedContainer.foreachStatements$(Statement.scala:31)
[info] spinal.core.BaseType.foreachStatements(BaseType.scala:55)
[info] spinal.core.BitVector.calcWidth(BitVector.scala:207)
[info] spinal.core.internals.Widthable.getWidth(Node.scala:202)
[info] spinal.core.internals.Widthable.getWidth$(Node.scala:181)
[info] spinal.core.BitVector.getWidth(BitVector.scala:37)
[info] spinal.core.internals.Operator$Bits$Cat.calcWidth(Expression.scala:701)
[info] spinal.core.internals.Widthable.getWidth(Node.scala:202)
[info] spinal.core.internals.Widthable.getWidth$(Node.scala:181)
[info] spinal.core.internals.Operator$Bits$Cat.getWidth(Expression.scala:698)
[info] spinal.core.BitVector.$anonfun$calcWidth$1(BitVector.scala:210)
[info] spinal.core.BitVector.$anonfun$calcWidth$1$adapted(BitVector.scala:207)
[info] spinal.core.internals.DoubleLinkedContainer.dlcForeach(Misc.scala:137)
[info] spinal.core.internals.DoubleLinkedContainer.dlcForeach$(Misc.scala:132)
[info] spinal.core.BaseType.dlcForeach(BaseType.scala:55)
[info] spinal.core.internals.StatementDoubleLinkedContainer.foreachStatements(Statement.scala:31)
[info] spinal.core.internals.StatementDoubleLinkedContainer.foreachStatements$(Statement.scala:31)
[info] spinal.core.BaseType.foreachStatements(BaseType.scala:55)
[info] spinal.core.BitVector.calcWidth(BitVector.scala:207)
[info] spinal.core.internals.Widthable.getWidth(Node.scala:202)
[info] spinal.core.internals.Widthable.getWidth$(Node.scala:181)
[info] spinal.core.BitVector.getWidth(BitVector.scala:37)
[info] spinal.core.internals.Operator$Bits$Cat.calcWidth(Expression.scala:701)
[info] spinal.core.internals.Widthable.getWidth(Node.scala:202)
[info] spinal.core.internals.Widthable.getWidth$(Node.scala:181)
[info] spinal.core.internals.Operator$Bits$Cat.getWidth(Expression.scala:698)
[info] spinal.core.BitVector.$anonfun$calcWidth$1(BitVector.scala:210)
[info] spinal.core.BitVector.$anonfun$calcWidth$1$adapted(BitVector.scala:207)
[info] spinal.core.internals.DoubleLinkedContainer.dlcForeach(Misc.scala:137)
[info] spinal.core.internals.DoubleLinkedContainer.dlcForeach$(Misc.scala:132)
[info] spinal.core.BaseType.dlcForeach(BaseType.scala:55)
[info] spinal.core.internals.StatementDoubleLinkedContainer.foreachStatements(Statement.scala:31)
[info] spinal.core.internals.StatementDoubleLinkedContainer.foreachStatements$(Statement.scala:31)
[info] spinal.core.BaseType.foreachStatements(BaseType.scala:55)
[info] spinal.core.BitVector.calcWidth(BitVector.scala:207)
[info] spinal.core.internals.Widthable.getWidth(Node.scala:202)
[info] spinal.core.internals.Widthable.getWidth$(Node.scala:181)
[info] spinal.core.BitVector.getWidth(BitVector.scala:37)
[info] spinal.core.internals.Operator$Bits$Cat.calcWidth(Expression.scala:701)
[info] spinal.core.internals.Widthable.getWidth(Node.scala:202)
[info] spinal.core.internals.Widthable.getWidth$(Node.scala:181)
[info] spinal.core.internals.Operator$Bits$Cat.getWidth(Expression.scala:698)
[info] spinal.core.BitVector.$anonfun$calcWidth$1(BitVector.scala:210)
[info] spinal.core.BitVector.$anonfun$calcWidth$1$adapted(BitVector.scala:207)
[info] spinal.core.internals.DoubleLinkedContainer.dlcForeach(Misc.scala:137)
[info] spinal.core.internals.DoubleLinkedContainer.dlcForeach$(Misc.scala:132)
[info] spinal.core.BaseType.dlcForeach(BaseType.scala:55)
[info] spinal.core.internals.StatementDoubleLinkedContainer.foreachStatements(Statement.scala:31)
[info] spinal.core.internals.StatementDoubleLinkedContainer.foreachStatements$(Statement.scala:31)
[info] spinal.core.BaseType.foreachStatements(BaseType.scala:55)
[info] spinal.core.BitVector.calcWidth(BitVector.scala:207)
[info] spinal.core.internals.Widthable.getWidth(Node.scala:202)
[info] spinal.core.internals.Widthable.getWidth$(Node.scala:181)
[info] spinal.core.BitVector.getWidth(BitVector.scala:37)
[info] spinal.core.internals.Operator$Bits$Cat.calcWidth(Expression.scala:701)
[info] spinal.core.internals.Widthable.getWidth(Node.scala:202)
[info] spinal.core.internals.Widthable.getWidth$(Node.scala:181)
[info] spinal.core.internals.Operator$Bits$Cat.getWidth(Expression.scala:698)
[info] spinal.core.BitVector.$anonfun$calcWidth$1(BitVector.scala:210)
[info] spinal.core.BitVector.$anonfun$calcWidth$1$adapted(BitVector.scala:207)
[info] spinal.core.internals.DoubleLinkedContainer.dlcForeach(Misc.scala:137)
[info] spinal.core.internals.DoubleLinkedContainer.dlcForeach$(Misc.scala:132)
[info] spinal.core.BaseType.dlcForeach(BaseType.scala:55)
[info] spinal.core.internals.StatementDoubleLinkedContainer.foreachStatements(Statement.scala:31)
[info] spinal.core.internals.StatementDoubleLinkedContainer.foreachStatements$(Statement.scala:31)
[info] spinal.core.BaseType.foreachStatements(BaseType.scala:55)
[info] spinal.core.BitVector.calcWidth(BitVector.scala:207)
[info] spinal.core.internals.Widthable.getWidth(Node.scala:202)
[info] spinal.core.internals.Widthable.getWidth$(Node.scala:181)
[info] spinal.core.BitVector.getWidth(BitVector.scala:37)
[info] spinal.core.internals.Operator$Bits$Cat.calcWidth(Expression.scala:701)
[info] spinal.core.internals.Widthable.getWidth(Node.scala:202)
[info] spinal.core.internals.Widthable.getWidth$(Node.scala:181)
[info] spinal.core.internals.Operator$Bits$Cat.getWidth(Expression.scala:698)
[info] spinal.core.BitVector.$anonfun$calcWidth$1(BitVector.scala:210)
[info] spinal.core.BitVector.$anonfun$calcWidth$1$adapted(BitVector.scala:207)
[info] spinal.core.internals.DoubleLinkedContainer.dlcForeach(Misc.scala:137)
[info] spinal.core.internals.DoubleLinkedContainer.dlcForeach$(Misc.scala:132)
[info] spinal.core.BaseType.dlcForeach(BaseType.scala:55)
[info] spinal.core.internals.StatementDoubleLinkedContainer.foreachStatements(Statement.scala:31)
[info] spinal.core.internals.StatementDoubleLinkedContainer.foreachStatements$(Statement.scala:31)
[info] spinal.core.BaseType.foreachStatements(BaseType.scala:55)
[info] spinal.core.BitVector.calcWidth(BitVector.scala:207)
[info] spinal.core.internals.Widthable.getWidth(Node.scala:202)
[info] spinal.core.internals.Widthable.getWidth$(Node.scala:181)
[info] spinal.core.BitVector.getWidth(BitVector.scala:37)
[info] spinal.core.internals.Operator$Bits$Cat.calcWidth(Expression.scala:701)
[info] spinal.core.internals.Widthable.getWidth(Node.scala:202)
[info] spinal.core.internals.Widthable.getWidth$(Node.scala:181)
[info] spinal.core.internals.Operator$Bits$Cat.getWidth(Expression.scala:698)
[info] spinal.core.BitVector.$anonfun$calcWidth$1(BitVector.scala:210)
[info] spinal.core.BitVector.$anonfun$calcWidth$1$adapted(BitVector.scala:207)
[info] spinal.core.internals.DoubleLinkedContainer.dlcForeach(Misc.scala:137)
[info] spinal.core.internals.DoubleLinkedContainer.dlcForeach$(Misc.scala:132)
[info] spinal.core.BaseType.dlcForeach(BaseType.scala:55)
[info] spinal.core.internals.StatementDoubleLinkedContainer.foreachStatements(Statement.scala:31)
[info] spinal.core.internals.StatementDoubleLinkedContainer.foreachStatements$(Statement.scala:31)
[info] spinal.core.BaseType.foreachStatements(BaseType.scala:55)
[info] spinal.core.BitVector.calcWidth(BitVector.scala:207)
[info] spinal.core.internals.Widthable.getWidth(Node.scala:202)
[info] spinal.core.internals.Widthable.getWidth$(Node.scala:181)
[info] spinal.core.BitVector.getWidth(BitVector.scala:37)
[info] spinal.core.internals.Operator$Bits$Cat.calcWidth(Expression.scala:701)
[info] spinal.core.internals.Widthable.getWidth(Node.scala:202)
[info] spinal.core.internals.Widthable.getWidth$(Node.scala:181)
[info] spinal.core.internals.Operator$Bits$Cat.getWidth(Expression.scala:698)
[info] spinal.core.BitVector.$anonfun$calcWidth$1(BitVector.scala:210)
[info] spinal.core.BitVector.$anonfun$calcWidth$1$adapted(BitVector.scala:207)
[info] spinal.core.internals.DoubleLinkedContainer.dlcForeach(Misc.scala:137)
[info] spinal.core.internals.DoubleLinkedContainer.dlcForeach$(Misc.scala:132)
[info] spinal.core.BaseType.dlcForeach(BaseType.scala:55)
[info] spinal.core.internals.StatementDoubleLinkedContainer.foreachStatements(Statement.scala:31)
[info] spinal.core.internals.StatementDoubleLinkedContainer.foreachStatements$(Statement.scala:31)
[info] spinal.core.BaseType.foreachStatements(BaseType.scala:55)
[info] spinal.core.BitVector.calcWidth(BitVector.scala:207)
[info] spinal.core.internals.Widthable.getWidth(Node.scala:202)
[info] spinal.core.internals.Widthable.getWidth$(Node.scala:181)
[info] spinal.core.BitVector.getWidth(BitVector.scala:37)
[info] spinal.core.internals.Operator$Bits$Cat.calcWidth(Expression.scala:701)
[info] spinal.core.internals.Widthable.getWidth(Node.scala:202)
[info] spinal.core.internals.Widthable.getWidth$(Node.scala:181)
[info] spinal.core.internals.Operator$Bits$Cat.getWidth(Expression.scala:698)
[info] spinal.core.BitVector.$anonfun$calcWidth$1(BitVector.scala:210)
[info] spinal.core.BitVector.$anonfun$calcWidth$1$adapted(BitVector.scala:207)
[info] spinal.core.internals.DoubleLinkedContainer.dlcForeach(Misc.scala:137)
[info] spinal.core.internals.DoubleLinkedContainer.dlcForeach$(Misc.scala:132)
[info] spinal.core.BaseType.dlcForeach(BaseType.scala:55)
[info] spinal.core.internals.StatementDoubleLinkedContainer.foreachStatements(Statement.scala:31)
[info] spinal.core.internals.StatementDoubleLinkedContainer.foreachStatements$(Statement.scala:31)
[info] spinal.core.BaseType.foreachStatements(BaseType.scala:55)
[info] spinal.core.BitVector.calcWidth(BitVector.scala:207)
[info] spinal.core.internals.Widthable.getWidth(Node.scala:202)
[info] spinal.core.internals.Widthable.getWidth$(Node.scala:181)
[info] **********************************************************************************************
[info] [Warning] Elaboration failed (0 error).
[info]           Spinal will restart with scala trace to help you to find the problem.
[info] **********************************************************************************************
[info] [Progress] at 4.380 : Elaborate components
[info] [Progress] at 7.461 : Checks and transforms
[info] [Progress] at 16.705 : Generate Verilog to /data/work/rio-synthesis/shared-fifo-34e35d2/pe5-v1024-c1024-q256-replay-quartus/rtl
[info] [Warning] toplevel/pifoEngines_0/enque_brain/flowStateUpdate_toStream_fifo/fifo/logic_ram : Mem[2*55 bits].readAsync can only be write first into Verilog
[info] [Warning] toplevel/pifoEngines_0/enque_brain/brainStateUpdate_toStream_fifo/fifo/logic_ram : Mem[2*42 bits].readAsync can only be write first into Verilog
[info] [Warning] toplevel/pifoEngines_0/enque_brain/engineMapper_io_readRes_toStream_fifo/fifo/logic_ram : Mem[2*2 bits].readAsync can only be write first into Verilog
[info] [Warning] toplevel/pifoEngines_0/enque_brain/brainStateMem_io_readRes_toStream_fifo/fifo/logic_ram : Mem[2*32 bits].readAsync can only be write first into Verilog
[info] [Warning] toplevel/pifoEngines_0/enque_brain/engineCAM_io_readRes_toStream_fifo/fifo/logic_ram : Mem[2*32 bits].readAsync can only be write first into Verilog
[info] [Warning] toplevel/pifoEngines_0/enque_brain/lastVirtualMapper_io_readRes_toStream_fifo/fifo/logic_ram : Mem[2*8 bits].readAsync can only be write first into Verilog
[info] [Warning] toplevel/pifoEngines_0/enque_brain/io_outputs_4_fifo/fifo/logic_ram : Mem[2*23 bits].readAsync can only be write first into Verilog
[info] [Warning] toplevel/pifoEngines_1/enque_brain/flowStateUpdate_toStream_fifo/fifo/logic_ram : Mem[2*55 bits].readAsync can only be write first into Verilog
[info] [Warning] toplevel/pifoEngines_1/enque_brain/brainStateUpdate_toStream_fifo/fifo/logic_ram : Mem[2*42 bits].readAsync can only be write first into Verilog
[info] [Warning] toplevel/pifoEngines_1/enque_brain/engineMapper_io_readRes_toStream_fifo/fifo/logic_ram : Mem[2*2 bits].readAsync can only be write first into Verilog
[info] [Warning] toplevel/pifoEngines_1/enque_brain/brainStateMem_io_readRes_toStream_fifo/fifo/logic_ram : Mem[2*32 bits].readAsync can only be write first into Verilog
[info] [Warning] toplevel/pifoEngines_1/enque_brain/engineCAM_io_readRes_toStream_fifo/fifo/logic_ram : Mem[2*32 bits].readAsync can only be write first into Verilog
[info] [Warning] toplevel/pifoEngines_1/enque_brain/lastVirtualMapper_io_readRes_toStream_fifo/fifo/logic_ram : Mem[2*8 bits].readAsync can only be write first into Verilog
[info] [Warning] toplevel/pifoEngines_1/enque_brain/io_outputs_4_fifo/fifo/logic_ram : Mem[2*23 bits].readAsync can only be write first into Verilog
[info] [Warning] toplevel/pifoEngines_2/enque_brain/flowStateUpdate_toStream_fifo/fifo/logic_ram : Mem[2*55 bits].readAsync can only be write first into Verilog
[info] [Warning] toplevel/pifoEngines_2/enque_brain/brainStateUpdate_toStream_fifo/fifo/logic_ram : Mem[2*42 bits].readAsync can only be write first into Verilog
[info] [Warning] toplevel/pifoEngines_2/enque_brain/engineMapper_io_readRes_toStream_fifo/fifo/logic_ram : Mem[2*2 bits].readAsync can only be write first into Verilog
[info] [Warning] toplevel/pifoEngines_2/enque_brain/brainStateMem_io_readRes_toStream_fifo/fifo/logic_ram : Mem[2*32 bits].readAsync can only be write first into Verilog
[info] [Warning] toplevel/pifoEngines_2/enque_brain/engineCAM_io_readRes_toStream_fifo/fifo/logic_ram : Mem[2*32 bits].readAsync can only be write first into Verilog
[info] [Warning] toplevel/pifoEngines_2/enque_brain/lastVirtualMapper_io_readRes_toStream_fifo/fifo/logic_ram : Mem[2*8 bits].readAsync can only be write first into Verilog
[info] [Warning] toplevel/pifoEngines_2/enque_brain/io_outputs_4_fifo/fifo/logic_ram : Mem[2*23 bits].readAsync can only be write first into Verilog
[info] [Warning] toplevel/pifoEngines_3/enque_brain/flowStateUpdate_toStream_fifo/fifo/logic_ram : Mem[2*55 bits].readAsync can only be write first into Verilog
[info] [Warning] toplevel/pifoEngines_3/enque_brain/brainStateUpdate_toStream_fifo/fifo/logic_ram : Mem[2*42 bits].readAsync can only be write first into Verilog
[info] [Warning] toplevel/pifoEngines_3/enque_brain/engineMapper_io_readRes_toStream_fifo/fifo/logic_ram : Mem[2*2 bits].readAsync can only be write first into Verilog
[info] [Warning] toplevel/pifoEngines_3/enque_brain/brainStateMem_io_readRes_toStream_fifo/fifo/logic_ram : Mem[2*32 bits].readAsync can only be write first into Verilog
[info] [Warning] toplevel/pifoEngines_3/enque_brain/engineCAM_io_readRes_toStream_fifo/fifo/logic_ram : Mem[2*32 bits].readAsync can only be write first into Verilog
[info] [Warning] toplevel/pifoEngines_3/enque_brain/lastVirtualMapper_io_readRes_toStream_fifo/fifo/logic_ram : Mem[2*8 bits].readAsync can only be write first into Verilog
[info] [Warning] toplevel/pifoEngines_3/enque_brain/io_outputs_4_fifo/fifo/logic_ram : Mem[2*23 bits].readAsync can only be write first into Verilog
[info] [Warning] toplevel/pifoEngines_4/enque_brain/flowStateUpdate_toStream_fifo/fifo/logic_ram : Mem[2*55 bits].readAsync can only be write first into Verilog
[info] [Warning] toplevel/pifoEngines_4/enque_brain/brainStateUpdate_toStream_fifo/fifo/logic_ram : Mem[2*42 bits].readAsync can only be write first into Verilog
[info] [Warning] toplevel/pifoEngines_4/enque_brain/engineMapper_io_readRes_toStream_fifo/fifo/logic_ram : Mem[2*2 bits].readAsync can only be write first into Verilog
[info] [Warning] toplevel/pifoEngines_4/enque_brain/brainStateMem_io_readRes_toStream_fifo/fifo/logic_ram : Mem[2*32 bits].readAsync can only be write first into Verilog
[info] [Warning] toplevel/pifoEngines_4/enque_brain/engineCAM_io_readRes_toStream_fifo/fifo/logic_ram : Mem[2*32 bits].readAsync can only be write first into Verilog
[info] [Warning] toplevel/pifoEngines_4/enque_brain/lastVirtualMapper_io_readRes_toStream_fifo/fifo/logic_ram : Mem[2*8 bits].readAsync can only be write first into Verilog
[info] [Warning] toplevel/pifoEngines_4/enque_brain/io_outputs_4_fifo/fifo/logic_ram : Mem[2*23 bits].readAsync can only be write first into Verilog
[info] [Warning] toplevel/xbar/io_inputs_0_fifo/fifo/logic_ram : Mem[8*13 bits].readAsync can only be write first into Verilog
[info] [Warning] toplevel/xbar/io_inputs_1_fifo/fifo/logic_ram : Mem[8*13 bits].readAsync can only be write first into Verilog
[info] [Warning] toplevel/xbar/io_inputs_2_fifo/fifo/logic_ram : Mem[8*13 bits].readAsync can only be write first into Verilog
[info] [Warning] toplevel/xbar/io_inputs_3_fifo/fifo/logic_ram : Mem[8*13 bits].readAsync can only be write first into Verilog
[info] [Warning] toplevel/xbar/io_inputs_4_fifo/fifo/logic_ram : Mem[8*13 bits].readAsync can only be write first into Verilog
[info] [Warning] toplevel/xbar/io_inputs_5_fifo/fifo/logic_ram : Mem[8*13 bits].readAsync can only be write first into Verilog
[info] [Warning] toplevel/pifoEngines_0/enque_flowIdStream_fifo/fifo/logic_ram : Mem[2*13 bits].readAsync can only be write first into Verilog
[info] [Warning] toplevel/pifoEngines_0/io_outputs_2_fifo/fifo/logic_ram : Mem[2*32 bits].readAsync can only be write first into Verilog
[info] [Warning] toplevel/pifoEngines_1/enque_flowIdStream_fifo/fifo/logic_ram : Mem[2*13 bits].readAsync can only be write first into Verilog
[info] [Warning] toplevel/pifoEngines_1/io_outputs_2_fifo/fifo/logic_ram : Mem[2*32 bits].readAsync can only be write first into Verilog
[info] [Warning] toplevel/pifoEngines_2/enque_flowIdStream_fifo/fifo/logic_ram : Mem[2*13 bits].readAsync can only be write first into Verilog
[info] [Warning] toplevel/pifoEngines_2/io_outputs_2_fifo/fifo/logic_ram : Mem[2*32 bits].readAsync can only be write first into Verilog
[info] [Warning] toplevel/pifoEngines_3/enque_flowIdStream_fifo/fifo/logic_ram : Mem[2*13 bits].readAsync can only be write first into Verilog
[info] [Warning] toplevel/pifoEngines_3/io_outputs_2_fifo/fifo/logic_ram : Mem[2*32 bits].readAsync can only be write first into Verilog
[info] [Warning] toplevel/pifoEngines_4/enque_flowIdStream_fifo/fifo/logic_ram : Mem[2*13 bits].readAsync can only be write first into Verilog
[info] [Warning] toplevel/pifoEngines_4/io_outputs_2_fifo/fifo/logic_ram : Mem[2*32 bits].readAsync can only be write first into Verilog
[info] [Warning] 1239 signals were pruned. You can call printPruned on the backend report to get more informations.
[info] [Done] at 47.125
[info] PifoMesh: 5 PEs, 1024 vPIFO IDs/PE, 1024 shared entries/PE, 1024 global flow IDs, 8 rank bits, external PIFO, replay configuration
[success] Total time: 50 s, completed Sep 7, 2026, 1:45:24 PM
