Info (22747): Value AUTO_DISCOVERY for QSF Assignment PWRMGT_VOLTAGE_OUTPUT_FORMAT is not supported. Hence changing the value to LINEAR_FORMAT
Info: *******************************************************************
Info: Running Quartus Prime Synthesis
    Info: Version 25.3.1 Build 100 12/19/2025 SC Pro Edition
    Info: Copyright (C) 2025  Altera Corporation. All rights reserved.
    Info: Your use of Altera Corporation's design tools, logic functions 
    Info: and other software and tools, and any partner logic 
    Info: functions, and any output files from any of the foregoing 
    Info: (including device programming or simulation files), and any 
    Info: associated documentation or information are expressly subject 
    Info: to the terms and conditions of the Altera Program License 
    Info: Subscription Agreement, the Altera Quartus Prime License Agreement,
    Info: the Altera IP License Agreement, or other applicable license
    Info: agreement, including, without limitation, that your use is for
    Info: the sole purpose of programming logic devices manufactured by
    Info: Altera and sold by Altera or its authorized distributors.  Please
    Info: refer to the Altera Software License Subscription Agreements 
    Info: on the Quartus Prime software download page.
    Info: Processing started: Mon Sep  7 13:46:05 2026
    Info: System process ID: 412488
Info: Command: quartus_syn pifo
Info: qis_default_flow_script.tcl version: #2
Info: Initializing Synthesis...
Info: Project = "pifo"
Info: Revision = "pifo"
Info (21958): Initialized Quartus Message Database
Info: Analyzing source files
Critical Warning (20759): Use the Reset Release IP in Agilex 7 designs to ensure a successful configuration. For more information about the Reset Release IP, refer to the Configuration User Guide.
Info: Elaborating from top-level entity "PifoMesh"
Info (22567): Verilog HDL info at PifoMesh.v(136024): extracting RAM for identifier 'logic_ram' File: /data/work/rio-synthesis/shared-fifo-34e35d2/pe5-v1024-c1024-q256-replay-quartus/quartus-rtl/PifoMesh.v Line: 136024
Info (22567): Verilog HDL info at PifoMesh.v(133204): extracting RAM for identifier 'banks_0' File: /data/work/rio-synthesis/shared-fifo-34e35d2/pe5-v1024-c1024-q256-replay-quartus/quartus-rtl/PifoMesh.v Line: 133204
Info (22567): Verilog HDL info at PifoMesh.v(133206): extracting RAM for identifier 'banks_1' File: /data/work/rio-synthesis/shared-fifo-34e35d2/pe5-v1024-c1024-q256-replay-quartus/quartus-rtl/PifoMesh.v Line: 133206
Info (22567): Verilog HDL info at PifoMesh.v(135869): extracting RAM for identifier 'logic_ram' File: /data/work/rio-synthesis/shared-fifo-34e35d2/pe5-v1024-c1024-q256-replay-quartus/quartus-rtl/PifoMesh.v Line: 135869
Info (22567): Verilog HDL info at PifoMesh.v(135662): extracting RAM for identifier 'ram' File: /data/work/rio-synthesis/shared-fifo-34e35d2/pe5-v1024-c1024-q256-replay-quartus/quartus-rtl/PifoMesh.v Line: 135662
Info (22567): Verilog HDL info at PifoMesh.v(135606): extracting RAM for identifier 'ram' File: /data/work/rio-synthesis/shared-fifo-34e35d2/pe5-v1024-c1024-q256-replay-quartus/quartus-rtl/PifoMesh.v Line: 135606
Info (22567): Verilog HDL info at PifoMesh.v(135550): extracting RAM for identifier 'ram' File: /data/work/rio-synthesis/shared-fifo-34e35d2/pe5-v1024-c1024-q256-replay-quartus/quartus-rtl/PifoMesh.v Line: 135550
Info (22567): Verilog HDL info at PifoMesh.v(136875): extracting RAM for identifier 'logic_ram' File: /data/work/rio-synthesis/shared-fifo-34e35d2/pe5-v1024-c1024-q256-replay-quartus/quartus-rtl/PifoMesh.v Line: 136875
Info (22567): Verilog HDL info at PifoMesh.v(135376): extracting RAM for identifier 'ram' File: /data/work/rio-synthesis/shared-fifo-34e35d2/pe5-v1024-c1024-q256-replay-quartus/quartus-rtl/PifoMesh.v Line: 135376
Info (22567): Verilog HDL info at PifoMesh.v(136730): extracting RAM for identifier 'logic_ram' File: /data/work/rio-synthesis/shared-fifo-34e35d2/pe5-v1024-c1024-q256-replay-quartus/quartus-rtl/PifoMesh.v Line: 136730
Info (22567): Verilog HDL info at PifoMesh.v(136596): extracting RAM for identifier 'logic_ram' File: /data/work/rio-synthesis/shared-fifo-34e35d2/pe5-v1024-c1024-q256-replay-quartus/quartus-rtl/PifoMesh.v Line: 136596
Info (22567): Verilog HDL info at PifoMesh.v(136468): extracting RAM for identifier 'logic_ram' File: /data/work/rio-synthesis/shared-fifo-34e35d2/pe5-v1024-c1024-q256-replay-quartus/quartus-rtl/PifoMesh.v Line: 136468
Info (22567): Verilog HDL info at PifoMesh.v(136338): extracting RAM for identifier 'logic_ram' File: /data/work/rio-synthesis/shared-fifo-34e35d2/pe5-v1024-c1024-q256-replay-quartus/quartus-rtl/PifoMesh.v Line: 136338
Info (22567): Verilog HDL info at PifoMesh.v(136199): extracting RAM for identifier 'logic_ram' File: /data/work/rio-synthesis/shared-fifo-34e35d2/pe5-v1024-c1024-q256-replay-quartus/quartus-rtl/PifoMesh.v Line: 136199
Info (22567): Verilog HDL info at PifoMesh.v(131989): extracting RAM for identifier 'banks_0' File: /data/work/rio-synthesis/shared-fifo-34e35d2/pe5-v1024-c1024-q256-replay-quartus/quartus-rtl/PifoMesh.v Line: 131989
Info (22567): Verilog HDL info at PifoMesh.v(131991): extracting RAM for identifier 'banks_1' File: /data/work/rio-synthesis/shared-fifo-34e35d2/pe5-v1024-c1024-q256-replay-quartus/quartus-rtl/PifoMesh.v Line: 131991
Info (22567): Verilog HDL info at PifoMesh.v(134771): extracting RAM for identifier 'logic_ram' File: /data/work/rio-synthesis/shared-fifo-34e35d2/pe5-v1024-c1024-q256-replay-quartus/quartus-rtl/PifoMesh.v Line: 134771
Info (22567): Verilog HDL info at PifoMesh.v(78387): extracting RAM for identifier 'banks_0' File: /data/work/rio-synthesis/shared-fifo-34e35d2/pe5-v1024-c1024-q256-replay-quartus/quartus-rtl/PifoMesh.v Line: 78387
Info (22567): Verilog HDL info at PifoMesh.v(78389): extracting RAM for identifier 'banks_1' File: /data/work/rio-synthesis/shared-fifo-34e35d2/pe5-v1024-c1024-q256-replay-quartus/quartus-rtl/PifoMesh.v Line: 78389
Info (22567): Verilog HDL info at PifoMesh.v(134675): extracting RAM for identifier 'ram' File: /data/work/rio-synthesis/shared-fifo-34e35d2/pe5-v1024-c1024-q256-replay-quartus/quartus-rtl/PifoMesh.v Line: 134675
Info (22567): Verilog HDL info at PifoMesh.v(134619): extracting RAM for identifier 'ram' File: /data/work/rio-synthesis/shared-fifo-34e35d2/pe5-v1024-c1024-q256-replay-quartus/quartus-rtl/PifoMesh.v Line: 134619
Info (22567): Verilog HDL info at PifoMesh.v(134563): extracting RAM for identifier 'ram' File: /data/work/rio-synthesis/shared-fifo-34e35d2/pe5-v1024-c1024-q256-replay-quartus/quartus-rtl/PifoMesh.v Line: 134563
Info (22567): Verilog HDL info at PifoMesh.v(134503): extracting RAM for identifier 'ram' File: /data/work/rio-synthesis/shared-fifo-34e35d2/pe5-v1024-c1024-q256-replay-quartus/quartus-rtl/PifoMesh.v Line: 134503
Info (22567): Verilog HDL info at PifoMesh.v(77217): extracting RAM for identifier 'banks_0' File: /data/work/rio-synthesis/shared-fifo-34e35d2/pe5-v1024-c1024-q256-replay-quartus/quartus-rtl/PifoMesh.v Line: 77217
Info (22567): Verilog HDL info at PifoMesh.v(77219): extracting RAM for identifier 'banks_1' File: /data/work/rio-synthesis/shared-fifo-34e35d2/pe5-v1024-c1024-q256-replay-quartus/quartus-rtl/PifoMesh.v Line: 77219
Info (22567): Verilog HDL info at PifoMesh.v(77107): extracting RAM for identifier 'banks_0' File: /data/work/rio-synthesis/shared-fifo-34e35d2/pe5-v1024-c1024-q256-replay-quartus/quartus-rtl/PifoMesh.v Line: 77107
Info (22567): Verilog HDL info at PifoMesh.v(77109): extracting RAM for identifier 'banks_1' File: /data/work/rio-synthesis/shared-fifo-34e35d2/pe5-v1024-c1024-q256-replay-quartus/quartus-rtl/PifoMesh.v Line: 77109
Info (22567): Verilog HDL info at PifoMesh.v(134425): extracting RAM for identifier 'ram' File: /data/work/rio-synthesis/shared-fifo-34e35d2/pe5-v1024-c1024-q256-replay-quartus/quartus-rtl/PifoMesh.v Line: 134425
Info (22567): Verilog HDL info at PifoMesh.v(134369): extracting RAM for identifier 'ram' File: /data/work/rio-synthesis/shared-fifo-34e35d2/pe5-v1024-c1024-q256-replay-quartus/quartus-rtl/PifoMesh.v Line: 134369
Info (22567): Verilog HDL info at PifoMesh.v(134313): extracting RAM for identifier 'ram' File: /data/work/rio-synthesis/shared-fifo-34e35d2/pe5-v1024-c1024-q256-replay-quartus/quartus-rtl/PifoMesh.v Line: 134313
Info (22567): Verilog HDL info at PifoMesh.v(134253): extracting RAM for identifier 'ram' File: /data/work/rio-synthesis/shared-fifo-34e35d2/pe5-v1024-c1024-q256-replay-quartus/quartus-rtl/PifoMesh.v Line: 134253
Info (22567): Verilog HDL info at PifoMesh.v(75937): extracting RAM for identifier 'banks_0' File: /data/work/rio-synthesis/shared-fifo-34e35d2/pe5-v1024-c1024-q256-replay-quartus/quartus-rtl/PifoMesh.v Line: 75937
Info (22567): Verilog HDL info at PifoMesh.v(75939): extracting RAM for identifier 'banks_1' File: /data/work/rio-synthesis/shared-fifo-34e35d2/pe5-v1024-c1024-q256-replay-quartus/quartus-rtl/PifoMesh.v Line: 75939
Info (22567): Verilog HDL info at PifoMesh.v(75827): extracting RAM for identifier 'banks_0' File: /data/work/rio-synthesis/shared-fifo-34e35d2/pe5-v1024-c1024-q256-replay-quartus/quartus-rtl/PifoMesh.v Line: 75827
Info (22567): Verilog HDL info at PifoMesh.v(75829): extracting RAM for identifier 'banks_1' File: /data/work/rio-synthesis/shared-fifo-34e35d2/pe5-v1024-c1024-q256-replay-quartus/quartus-rtl/PifoMesh.v Line: 75829
Info (22567): Verilog HDL info at PifoMesh.v(134175): extracting RAM for identifier 'ram' File: /data/work/rio-synthesis/shared-fifo-34e35d2/pe5-v1024-c1024-q256-replay-quartus/quartus-rtl/PifoMesh.v Line: 134175
Info (22567): Verilog HDL info at PifoMesh.v(134119): extracting RAM for identifier 'ram' File: /data/work/rio-synthesis/shared-fifo-34e35d2/pe5-v1024-c1024-q256-replay-quartus/quartus-rtl/PifoMesh.v Line: 134119
Info (22567): Verilog HDL info at PifoMesh.v(134063): extracting RAM for identifier 'ram' File: /data/work/rio-synthesis/shared-fifo-34e35d2/pe5-v1024-c1024-q256-replay-quartus/quartus-rtl/PifoMesh.v Line: 134063
Info (22567): Verilog HDL info at PifoMesh.v(134003): extracting RAM for identifier 'ram' File: /data/work/rio-synthesis/shared-fifo-34e35d2/pe5-v1024-c1024-q256-replay-quartus/quartus-rtl/PifoMesh.v Line: 134003
Info (22567): Verilog HDL info at PifoMesh.v(74657): extracting RAM for identifier 'banks_0' File: /data/work/rio-synthesis/shared-fifo-34e35d2/pe5-v1024-c1024-q256-replay-quartus/quartus-rtl/PifoMesh.v Line: 74657
Info (22567): Verilog HDL info at PifoMesh.v(74659): extracting RAM for identifier 'banks_1' File: /data/work/rio-synthesis/shared-fifo-34e35d2/pe5-v1024-c1024-q256-replay-quartus/quartus-rtl/PifoMesh.v Line: 74659
Info (22567): Verilog HDL info at PifoMesh.v(74547): extracting RAM for identifier 'banks_0' File: /data/work/rio-synthesis/shared-fifo-34e35d2/pe5-v1024-c1024-q256-replay-quartus/quartus-rtl/PifoMesh.v Line: 74547
Info (22567): Verilog HDL info at PifoMesh.v(74549): extracting RAM for identifier 'banks_1' File: /data/work/rio-synthesis/shared-fifo-34e35d2/pe5-v1024-c1024-q256-replay-quartus/quartus-rtl/PifoMesh.v Line: 74549
Info (22567): Verilog HDL info at PifoMesh.v(133925): extracting RAM for identifier 'ram' File: /data/work/rio-synthesis/shared-fifo-34e35d2/pe5-v1024-c1024-q256-replay-quartus/quartus-rtl/PifoMesh.v Line: 133925
Info (22567): Verilog HDL info at PifoMesh.v(133869): extracting RAM for identifier 'ram' File: /data/work/rio-synthesis/shared-fifo-34e35d2/pe5-v1024-c1024-q256-replay-quartus/quartus-rtl/PifoMesh.v Line: 133869
Info (22567): Verilog HDL info at PifoMesh.v(133813): extracting RAM for identifier 'ram' File: /data/work/rio-synthesis/shared-fifo-34e35d2/pe5-v1024-c1024-q256-replay-quartus/quartus-rtl/PifoMesh.v Line: 133813
Info (22567): Verilog HDL info at PifoMesh.v(133753): extracting RAM for identifier 'ram' File: /data/work/rio-synthesis/shared-fifo-34e35d2/pe5-v1024-c1024-q256-replay-quartus/quartus-rtl/PifoMesh.v Line: 133753
Info (22567): Verilog HDL info at PifoMesh.v(73377): extracting RAM for identifier 'banks_0' File: /data/work/rio-synthesis/shared-fifo-34e35d2/pe5-v1024-c1024-q256-replay-quartus/quartus-rtl/PifoMesh.v Line: 73377
Info (22567): Verilog HDL info at PifoMesh.v(73379): extracting RAM for identifier 'banks_1' File: /data/work/rio-synthesis/shared-fifo-34e35d2/pe5-v1024-c1024-q256-replay-quartus/quartus-rtl/PifoMesh.v Line: 73379
Info (22567): Verilog HDL info at PifoMesh.v(67795): extracting RAM for identifier 'storage' File: /data/work/rio-synthesis/shared-fifo-34e35d2/pe5-v1024-c1024-q256-replay-quartus/quartus-rtl/PifoMesh.v Line: 67795
Info: Found 75 design entities
Info: There are 205 partitions after elaboration.
Info: DA report generation in native DNI mode
Info (21615): Running Design Assistant Rules for snapshot 'partitioned'
Info: No waiver waived any violations
Info (22360): Design Assistant Results: 8 of 10 enabled rules passed, and 1 rules was disabled, in snapshot 'partitioned'
Warning (21620): Design Assistant Results: 1 of 1 High severity rules issued violations in snapshot 'partitioned'. Please refer to DRC report '/data/work/rio-synthesis/shared-fifo-34e35d2/pe5-v1024-c1024-q256-replay-quartus/output_files/pifo.drc.partitioned.rpt' for more information
Info (21621): Design Assistant Results: 1 of 1 Medium severity rules issued violations in snapshot 'partitioned'. Please refer to DRC report '/data/work/rio-synthesis/shared-fifo-34e35d2/pe5-v1024-c1024-q256-replay-quartus/output_files/pifo.drc.partitioned.rpt' for more information
Info (21622): Design Assistant Results: 0 of 8 Low severity rules issued violations in snapshot 'partitioned'
Info: Synthesizing partition "root_partition"
Warning (276020): Inferred RAM node "xbar|io_inputs_0_fifo|fifo|logic_ram_rtl_0" from synchronous design logic.  Pass-through logic has been added to match the read-during-write behavior of the original design. File: /data/work/rio-synthesis/shared-fifo-34e35d2/pe5-v1024-c1024-q256-replay-quartus/quartus-rtl/PifoMesh.v Line: 136024
Warning (276020): Inferred RAM node "xbar|io_inputs_1_fifo|fifo|logic_ram_rtl_0" from synchronous design logic.  Pass-through logic has been added to match the read-during-write behavior of the original design. File: /data/work/rio-synthesis/shared-fifo-34e35d2/pe5-v1024-c1024-q256-replay-quartus/quartus-rtl/PifoMesh.v Line: 136024
Warning (276020): Inferred RAM node "xbar|io_inputs_2_fifo|fifo|logic_ram_rtl_0" from synchronous design logic.  Pass-through logic has been added to match the read-during-write behavior of the original design. File: /data/work/rio-synthesis/shared-fifo-34e35d2/pe5-v1024-c1024-q256-replay-quartus/quartus-rtl/PifoMesh.v Line: 136024
Warning (276020): Inferred RAM node "xbar|io_inputs_3_fifo|fifo|logic_ram_rtl_0" from synchronous design logic.  Pass-through logic has been added to match the read-during-write behavior of the original design. File: /data/work/rio-synthesis/shared-fifo-34e35d2/pe5-v1024-c1024-q256-replay-quartus/quartus-rtl/PifoMesh.v Line: 136024
Warning (276020): Inferred RAM node "xbar|io_inputs_4_fifo|fifo|logic_ram_rtl_0" from synchronous design logic.  Pass-through logic has been added to match the read-during-write behavior of the original design. File: /data/work/rio-synthesis/shared-fifo-34e35d2/pe5-v1024-c1024-q256-replay-quartus/quartus-rtl/PifoMesh.v Line: 136024
Warning (276020): Inferred RAM node "xbar|io_inputs_5_fifo|fifo|logic_ram_rtl_0" from synchronous design logic.  Pass-through logic has been added to match the read-during-write behavior of the original design. File: /data/work/rio-synthesis/shared-fifo-34e35d2/pe5-v1024-c1024-q256-replay-quartus/quartus-rtl/PifoMesh.v Line: 136024
Info (276014): Found 25 instances of uninferred RAM logic
    Info (276004): RAM logic "pifoEngines_0|enque_brain|flowStateUpdate_toStream_fifo|fifo|logic_ram" is uninferred due to inappropriate RAM size File: /data/work/rio-synthesis/shared-fifo-34e35d2/pe5-v1024-c1024-q256-replay-quartus/quartus-rtl/PifoMesh.v Line: 136875
    Info (276004): RAM logic "pifoEngines_0|enque_brain|brainStateUpdate_toStream_fifo|fifo|logic_ram" is uninferred due to inappropriate RAM size File: /data/work/rio-synthesis/shared-fifo-34e35d2/pe5-v1024-c1024-q256-replay-quartus/quartus-rtl/PifoMesh.v Line: 136730
    Info (276004): RAM logic "pifoEngines_0|enque_brain|brainStateMem_io_readRes_toStream_fifo|fifo|logic_ram" is uninferred due to inappropriate RAM size File: /data/work/rio-synthesis/shared-fifo-34e35d2/pe5-v1024-c1024-q256-replay-quartus/quartus-rtl/PifoMesh.v Line: 136468
    Info (276004): RAM logic "pifoEngines_0|enque_brain|engineCAM_io_readRes_toStream_fifo|fifo|logic_ram" is uninferred due to inappropriate RAM size File: /data/work/rio-synthesis/shared-fifo-34e35d2/pe5-v1024-c1024-q256-replay-quartus/quartus-rtl/PifoMesh.v Line: 136468
    Info (276004): RAM logic "pifoEngines_0|enque_brain|io_outputs_4_fifo|fifo|logic_ram" is uninferred due to inappropriate RAM size File: /data/work/rio-synthesis/shared-fifo-34e35d2/pe5-v1024-c1024-q256-replay-quartus/quartus-rtl/PifoMesh.v Line: 136199
    Info (276004): RAM logic "pifoEngines_1|enque_brain|flowStateUpdate_toStream_fifo|fifo|logic_ram" is uninferred due to inappropriate RAM size File: /data/work/rio-synthesis/shared-fifo-34e35d2/pe5-v1024-c1024-q256-replay-quartus/quartus-rtl/PifoMesh.v Line: 136875
    Info (276004): RAM logic "pifoEngines_1|enque_brain|brainStateUpdate_toStream_fifo|fifo|logic_ram" is uninferred due to inappropriate RAM size File: /data/work/rio-synthesis/shared-fifo-34e35d2/pe5-v1024-c1024-q256-replay-quartus/quartus-rtl/PifoMesh.v Line: 136730
    Info (276004): RAM logic "pifoEngines_1|enque_brain|brainStateMem_io_readRes_toStream_fifo|fifo|logic_ram" is uninferred due to inappropriate RAM size File: /data/work/rio-synthesis/shared-fifo-34e35d2/pe5-v1024-c1024-q256-replay-quartus/quartus-rtl/PifoMesh.v Line: 136468
    Info (276004): RAM logic "pifoEngines_1|enque_brain|engineCAM_io_readRes_toStream_fifo|fifo|logic_ram" is uninferred due to inappropriate RAM size File: /data/work/rio-synthesis/shared-fifo-34e35d2/pe5-v1024-c1024-q256-replay-quartus/quartus-rtl/PifoMesh.v Line: 136468
    Info (276004): RAM logic "pifoEngines_1|enque_brain|io_outputs_4_fifo|fifo|logic_ram" is uninferred due to inappropriate RAM size File: /data/work/rio-synthesis/shared-fifo-34e35d2/pe5-v1024-c1024-q256-replay-quartus/quartus-rtl/PifoMesh.v Line: 136199
    Info (276004): RAM logic "pifoEngines_2|enque_brain|flowStateUpdate_toStream_fifo|fifo|logic_ram" is uninferred due to inappropriate RAM size File: /data/work/rio-synthesis/shared-fifo-34e35d2/pe5-v1024-c1024-q256-replay-quartus/quartus-rtl/PifoMesh.v Line: 136875
    Info (276004): RAM logic "pifoEngines_2|enque_brain|brainStateUpdate_toStream_fifo|fifo|logic_ram" is uninferred due to inappropriate RAM size File: /data/work/rio-synthesis/shared-fifo-34e35d2/pe5-v1024-c1024-q256-replay-quartus/quartus-rtl/PifoMesh.v Line: 136730
    Info (276004): RAM logic "pifoEngines_2|enque_brain|brainStateMem_io_readRes_toStream_fifo|fifo|logic_ram" is uninferred due to inappropriate RAM size File: /data/work/rio-synthesis/shared-fifo-34e35d2/pe5-v1024-c1024-q256-replay-quartus/quartus-rtl/PifoMesh.v Line: 136468
    Info (276004): RAM logic "pifoEngines_2|enque_brain|engineCAM_io_readRes_toStream_fifo|fifo|logic_ram" is uninferred due to inappropriate RAM size File: /data/work/rio-synthesis/shared-fifo-34e35d2/pe5-v1024-c1024-q256-replay-quartus/quartus-rtl/PifoMesh.v Line: 136468
    Info (276004): RAM logic "pifoEngines_2|enque_brain|io_outputs_4_fifo|fifo|logic_ram" is uninferred due to inappropriate RAM size File: /data/work/rio-synthesis/shared-fifo-34e35d2/pe5-v1024-c1024-q256-replay-quartus/quartus-rtl/PifoMesh.v Line: 136199
    Info (276004): RAM logic "pifoEngines_3|enque_brain|flowStateUpdate_toStream_fifo|fifo|logic_ram" is uninferred due to inappropriate RAM size File: /data/work/rio-synthesis/shared-fifo-34e35d2/pe5-v1024-c1024-q256-replay-quartus/quartus-rtl/PifoMesh.v Line: 136875
    Info (276004): RAM logic "pifoEngines_3|enque_brain|brainStateUpdate_toStream_fifo|fifo|logic_ram" is uninferred due to inappropriate RAM size File: /data/work/rio-synthesis/shared-fifo-34e35d2/pe5-v1024-c1024-q256-replay-quartus/quartus-rtl/PifoMesh.v Line: 136730
    Info (276004): RAM logic "pifoEngines_3|enque_brain|brainStateMem_io_readRes_toStream_fifo|fifo|logic_ram" is uninferred due to inappropriate RAM size File: /data/work/rio-synthesis/shared-fifo-34e35d2/pe5-v1024-c1024-q256-replay-quartus/quartus-rtl/PifoMesh.v Line: 136468
    Info (276004): RAM logic "pifoEngines_3|enque_brain|engineCAM_io_readRes_toStream_fifo|fifo|logic_ram" is uninferred due to inappropriate RAM size File: /data/work/rio-synthesis/shared-fifo-34e35d2/pe5-v1024-c1024-q256-replay-quartus/quartus-rtl/PifoMesh.v Line: 136468
    Info (276004): RAM logic "pifoEngines_3|enque_brain|io_outputs_4_fifo|fifo|logic_ram" is uninferred due to inappropriate RAM size File: /data/work/rio-synthesis/shared-fifo-34e35d2/pe5-v1024-c1024-q256-replay-quartus/quartus-rtl/PifoMesh.v Line: 136199
    Info (276004): RAM logic "pifoEngines_4|enque_brain|flowStateUpdate_toStream_fifo|fifo|logic_ram" is uninferred due to inappropriate RAM size File: /data/work/rio-synthesis/shared-fifo-34e35d2/pe5-v1024-c1024-q256-replay-quartus/quartus-rtl/PifoMesh.v Line: 136875
    Info (276004): RAM logic "pifoEngines_4|enque_brain|brainStateUpdate_toStream_fifo|fifo|logic_ram" is uninferred due to inappropriate RAM size File: /data/work/rio-synthesis/shared-fifo-34e35d2/pe5-v1024-c1024-q256-replay-quartus/quartus-rtl/PifoMesh.v Line: 136730
    Info (276004): RAM logic "pifoEngines_4|enque_brain|brainStateMem_io_readRes_toStream_fifo|fifo|logic_ram" is uninferred due to inappropriate RAM size File: /data/work/rio-synthesis/shared-fifo-34e35d2/pe5-v1024-c1024-q256-replay-quartus/quartus-rtl/PifoMesh.v Line: 136468
    Info (276004): RAM logic "pifoEngines_4|enque_brain|engineCAM_io_readRes_toStream_fifo|fifo|logic_ram" is uninferred due to inappropriate RAM size File: /data/work/rio-synthesis/shared-fifo-34e35d2/pe5-v1024-c1024-q256-replay-quartus/quartus-rtl/PifoMesh.v Line: 136468
    Info (276004): RAM logic "pifoEngines_4|enque_brain|io_outputs_4_fifo|fifo|logic_ram" is uninferred due to inappropriate RAM size File: /data/work/rio-synthesis/shared-fifo-34e35d2/pe5-v1024-c1024-q256-replay-quartus/quartus-rtl/PifoMesh.v Line: 136199
Info (19000): Inferred 21 megafunctions from design logic
    Info (276029): Inferred altsyncram megafunction from the following design logic: "pifoEngines_0|deque_dequeMapper|banks_0_rtl_0"  File: /data/work/rio-synthesis/shared-fifo-34e35d2/pe5-v1024-c1024-q256-replay-quartus/quartus-rtl/PifoMesh.v Line: 131989
        Info (286033): Parameter OPERATION_MODE set to DUAL_PORT
        Info (286033): Parameter WIDTH_A set to 13
        Info (286033): Parameter WIDTHAD_A set to 23
        Info (286033): Parameter NUMWORDS_A set to 8388608
        Info (286033): Parameter WIDTH_B set to 13
        Info (286033): Parameter WIDTHAD_B set to 23
        Info (286033): Parameter NUMWORDS_B set to 8388608
        Info (286033): Parameter ADDRESS_ACLR_A set to NONE
        Info (286033): Parameter OUTDATA_REG_B set to UNREGISTERED
        Info (286033): Parameter ADDRESS_ACLR_B set to NONE
        Info (286033): Parameter OUTDATA_ACLR_B set to NONE
        Info (286033): Parameter ADDRESS_REG_B set to CLOCK0
        Info (286033): Parameter INDATA_ACLR_A set to NONE
        Info (286033): Parameter WRCONTROL_ACLR_A set to NONE
        Info (286033): Parameter INIT_FILE set to /data/work/rio-synthesis/shared-fifo-34e35d2/pe5-v1024-c1024-q256-replay-quartus/quartus-rtl/PifoMesh.v_toplevel_pifoEngines_0_deque_dequeMapper_banks_0.bin.mif
        Info (286033): Parameter READ_DURING_WRITE_MODE_MIXED_PORTS set to OLD_DATA
        Info (286033): Parameter RDCONTROL_REG_B set to CLOCK0
    Info (276029): Inferred altsyncram megafunction from the following design logic: "pifoEngines_0|deque_dequeMapper|banks_1_rtl_0"  File: /data/work/rio-synthesis/shared-fifo-34e35d2/pe5-v1024-c1024-q256-replay-quartus/quartus-rtl/PifoMesh.v Line: 131991
        Info (286033): Parameter OPERATION_MODE set to DUAL_PORT
        Info (286033): Parameter WIDTH_A set to 13
        Info (286033): Parameter WIDTHAD_A set to 23
        Info (286033): Parameter NUMWORDS_A set to 8388608
        Info (286033): Parameter WIDTH_B set to 13
        Info (286033): Parameter WIDTHAD_B set to 23
        Info (286033): Parameter NUMWORDS_B set to 8388608
        Info (286033): Parameter ADDRESS_ACLR_A set to NONE
        Info (286033): Parameter OUTDATA_REG_B set to UNREGISTERED
        Info (286033): Parameter ADDRESS_ACLR_B set to NONE
        Info (286033): Parameter OUTDATA_ACLR_B set to NONE
        Info (286033): Parameter ADDRESS_REG_B set to CLOCK0
        Info (286033): Parameter INDATA_ACLR_A set to NONE
        Info (286033): Parameter WRCONTROL_ACLR_A set to NONE
        Info (286033): Parameter INIT_FILE set to /data/work/rio-synthesis/shared-fifo-34e35d2/pe5-v1024-c1024-q256-replay-quartus/quartus-rtl/PifoMesh.v_toplevel_pifoEngines_0_deque_dequeMapper_banks_1.bin.mif
        Info (286033): Parameter READ_DURING_WRITE_MODE_MIXED_PORTS set to OLD_DATA
        Info (286033): Parameter RDCONTROL_REG_B set to CLOCK0
    Info (276029): Inferred altsyncram megafunction from the following design logic: "pifoEngines_1|deque_dequeMapper|banks_0_rtl_0"  File: /data/work/rio-synthesis/shared-fifo-34e35d2/pe5-v1024-c1024-q256-replay-quartus/quartus-rtl/PifoMesh.v Line: 77217
        Info (286033): Parameter OPERATION_MODE set to DUAL_PORT
        Info (286033): Parameter WIDTH_A set to 13
        Info (286033): Parameter WIDTHAD_A set to 23
        Info (286033): Parameter NUMWORDS_A set to 8388608
        Info (286033): Parameter WIDTH_B set to 13
        Info (286033): Parameter WIDTHAD_B set to 23
        Info (286033): Parameter NUMWORDS_B set to 8388608
        Info (286033): Parameter ADDRESS_ACLR_A set to NONE
        Info (286033): Parameter OUTDATA_REG_B set to UNREGISTERED
        Info (286033): Parameter ADDRESS_ACLR_B set to NONE
        Info (286033): Parameter OUTDATA_ACLR_B set to NONE
        Info (286033): Parameter ADDRESS_REG_B set to CLOCK0
        Info (286033): Parameter INDATA_ACLR_A set to NONE
        Info (286033): Parameter WRCONTROL_ACLR_A set to NONE
        Info (286033): Parameter INIT_FILE set to /data/work/rio-synthesis/shared-fifo-34e35d2/pe5-v1024-c1024-q256-replay-quartus/quartus-rtl/PifoMesh.v_toplevel_pifoEngines_1_deque_dequeMapper_banks_0.bin.mif
        Info (286033): Parameter READ_DURING_WRITE_MODE_MIXED_PORTS set to OLD_DATA
        Info (286033): Parameter RDCONTROL_REG_B set to CLOCK0
    Info (276029): Inferred altsyncram megafunction from the following design logic: "pifoEngines_1|deque_dequeMapper|banks_1_rtl_0"  File: /data/work/rio-synthesis/shared-fifo-34e35d2/pe5-v1024-c1024-q256-replay-quartus/quartus-rtl/PifoMesh.v Line: 77219
        Info (286033): Parameter OPERATION_MODE set to DUAL_PORT
        Info (286033): Parameter WIDTH_A set to 13
        Info (286033): Parameter WIDTHAD_A set to 23
        Info (286033): Parameter NUMWORDS_A set to 8388608
        Info (286033): Parameter WIDTH_B set to 13
        Info (286033): Parameter WIDTHAD_B set to 23
        Info (286033): Parameter NUMWORDS_B set to 8388608
        Info (286033): Parameter ADDRESS_ACLR_A set to NONE
        Info (286033): Parameter OUTDATA_REG_B set to UNREGISTERED
        Info (286033): Parameter ADDRESS_ACLR_B set to NONE
        Info (286033): Parameter OUTDATA_ACLR_B set to NONE
        Info (286033): Parameter ADDRESS_REG_B set to CLOCK0
        Info (286033): Parameter INDATA_ACLR_A set to NONE
        Info (286033): Parameter WRCONTROL_ACLR_A set to NONE
        Info (286033): Parameter INIT_FILE set to /data/work/rio-synthesis/shared-fifo-34e35d2/pe5-v1024-c1024-q256-replay-quartus/quartus-rtl/PifoMesh.v_toplevel_pifoEngines_1_deque_dequeMapper_banks_1.bin.mif
        Info (286033): Parameter READ_DURING_WRITE_MODE_MIXED_PORTS set to OLD_DATA
        Info (286033): Parameter RDCONTROL_REG_B set to CLOCK0
    Info (276029): Inferred altsyncram megafunction from the following design logic: "pifoEngines_2|deque_dequeMapper|banks_0_rtl_0"  File: /data/work/rio-synthesis/shared-fifo-34e35d2/pe5-v1024-c1024-q256-replay-quartus/quartus-rtl/PifoMesh.v Line: 75937
        Info (286033): Parameter OPERATION_MODE set to DUAL_PORT
        Info (286033): Parameter WIDTH_A set to 13
        Info (286033): Parameter WIDTHAD_A set to 23
        Info (286033): Parameter NUMWORDS_A set to 8388608
        Info (286033): Parameter WIDTH_B set to 13
        Info (286033): Parameter WIDTHAD_B set to 23
        Info (286033): Parameter NUMWORDS_B set to 8388608
        Info (286033): Parameter ADDRESS_ACLR_A set to NONE
        Info (286033): Parameter OUTDATA_REG_B set to UNREGISTERED
        Info (286033): Parameter ADDRESS_ACLR_B set to NONE
        Info (286033): Parameter OUTDATA_ACLR_B set to NONE
        Info (286033): Parameter ADDRESS_REG_B set to CLOCK0
        Info (286033): Parameter INDATA_ACLR_A set to NONE
        Info (286033): Parameter WRCONTROL_ACLR_A set to NONE
        Info (286033): Parameter INIT_FILE set to /data/work/rio-synthesis/shared-fifo-34e35d2/pe5-v1024-c1024-q256-replay-quartus/quartus-rtl/PifoMesh.v_toplevel_pifoEngines_2_deque_dequeMapper_banks_0.bin.mif
        Info (286033): Parameter READ_DURING_WRITE_MODE_MIXED_PORTS set to OLD_DATA
        Info (286033): Parameter RDCONTROL_REG_B set to CLOCK0
    Info (276029): Inferred altsyncram megafunction from the following design logic: "pifoEngines_2|deque_dequeMapper|banks_1_rtl_0"  File: /data/work/rio-synthesis/shared-fifo-34e35d2/pe5-v1024-c1024-q256-replay-quartus/quartus-rtl/PifoMesh.v Line: 75939
        Info (286033): Parameter OPERATION_MODE set to DUAL_PORT
        Info (286033): Parameter WIDTH_A set to 13
        Info (286033): Parameter WIDTHAD_A set to 23
        Info (286033): Parameter NUMWORDS_A set to 8388608
        Info (286033): Parameter WIDTH_B set to 13
        Info (286033): Parameter WIDTHAD_B set to 23
        Info (286033): Parameter NUMWORDS_B set to 8388608
        Info (286033): Parameter ADDRESS_ACLR_A set to NONE
        Info (286033): Parameter OUTDATA_REG_B set to UNREGISTERED
        Info (286033): Parameter ADDRESS_ACLR_B set to NONE
        Info (286033): Parameter OUTDATA_ACLR_B set to NONE
        Info (286033): Parameter ADDRESS_REG_B set to CLOCK0
        Info (286033): Parameter INDATA_ACLR_A set to NONE
        Info (286033): Parameter WRCONTROL_ACLR_A set to NONE
        Info (286033): Parameter INIT_FILE set to /data/work/rio-synthesis/shared-fifo-34e35d2/pe5-v1024-c1024-q256-replay-quartus/quartus-rtl/PifoMesh.v_toplevel_pifoEngines_2_deque_dequeMapper_banks_1.bin.mif
        Info (286033): Parameter READ_DURING_WRITE_MODE_MIXED_PORTS set to OLD_DATA
        Info (286033): Parameter RDCONTROL_REG_B set to CLOCK0
    Info (276029): Inferred altsyncram megafunction from the following design logic: "pifoEngines_3|deque_dequeMapper|banks_0_rtl_0"  File: /data/work/rio-synthesis/shared-fifo-34e35d2/pe5-v1024-c1024-q256-replay-quartus/quartus-rtl/PifoMesh.v Line: 74657
        Info (286033): Parameter OPERATION_MODE set to DUAL_PORT
        Info (286033): Parameter WIDTH_A set to 13
        Info (286033): Parameter WIDTHAD_A set to 23
        Info (286033): Parameter NUMWORDS_A set to 8388608
        Info (286033): Parameter WIDTH_B set to 13
        Info (286033): Parameter WIDTHAD_B set to 23
        Info (286033): Parameter NUMWORDS_B set to 8388608
        Info (286033): Parameter ADDRESS_ACLR_A set to NONE
        Info (286033): Parameter OUTDATA_REG_B set to UNREGISTERED
        Info (286033): Parameter ADDRESS_ACLR_B set to NONE
        Info (286033): Parameter OUTDATA_ACLR_B set to NONE
        Info (286033): Parameter ADDRESS_REG_B set to CLOCK0
        Info (286033): Parameter INDATA_ACLR_A set to NONE
        Info (286033): Parameter WRCONTROL_ACLR_A set to NONE
        Info (286033): Parameter INIT_FILE set to /data/work/rio-synthesis/shared-fifo-34e35d2/pe5-v1024-c1024-q256-replay-quartus/quartus-rtl/PifoMesh.v_toplevel_pifoEngines_3_deque_dequeMapper_banks_0.bin.mif
        Info (286033): Parameter READ_DURING_WRITE_MODE_MIXED_PORTS set to OLD_DATA
        Info (286033): Parameter RDCONTROL_REG_B set to CLOCK0
    Info (276029): Inferred altsyncram megafunction from the following design logic: "pifoEngines_3|deque_dequeMapper|banks_1_rtl_0"  File: /data/work/rio-synthesis/shared-fifo-34e35d2/pe5-v1024-c1024-q256-replay-quartus/quartus-rtl/PifoMesh.v Line: 74659
        Info (286033): Parameter OPERATION_MODE set to DUAL_PORT
        Info (286033): Parameter WIDTH_A set to 13
        Info (286033): Parameter WIDTHAD_A set to 23
        Info (286033): Parameter NUMWORDS_A set to 8388608
        Info (286033): Parameter WIDTH_B set to 13
        Info (286033): Parameter WIDTHAD_B set to 23
        Info (286033): Parameter NUMWORDS_B set to 8388608
        Info (286033): Parameter ADDRESS_ACLR_A set to NONE
        Info (286033): Parameter OUTDATA_REG_B set to UNREGISTERED
        Info (286033): Parameter ADDRESS_ACLR_B set to NONE
        Info (286033): Parameter OUTDATA_ACLR_B set to NONE
        Info (286033): Parameter ADDRESS_REG_B set to CLOCK0
        Info (286033): Parameter INDATA_ACLR_A set to NONE
        Info (286033): Parameter WRCONTROL_ACLR_A set to NONE
        Info (286033): Parameter INIT_FILE set to /data/work/rio-synthesis/shared-fifo-34e35d2/pe5-v1024-c1024-q256-replay-quartus/quartus-rtl/PifoMesh.v_toplevel_pifoEngines_3_deque_dequeMapper_banks_1.bin.mif
        Info (286033): Parameter READ_DURING_WRITE_MODE_MIXED_PORTS set to OLD_DATA
        Info (286033): Parameter RDCONTROL_REG_B set to CLOCK0
    Info (276029): Inferred altsyncram megafunction from the following design logic: "pifoEngines_4|deque_dequeMapper|banks_0_rtl_0"  File: /data/work/rio-synthesis/shared-fifo-34e35d2/pe5-v1024-c1024-q256-replay-quartus/quartus-rtl/PifoMesh.v Line: 73377
        Info (286033): Parameter OPERATION_MODE set to DUAL_PORT
        Info (286033): Parameter WIDTH_A set to 13
        Info (286033): Parameter WIDTHAD_A set to 23
        Info (286033): Parameter NUMWORDS_A set to 8388608
        Info (286033): Parameter WIDTH_B set to 13
        Info (286033): Parameter WIDTHAD_B set to 23
        Info (286033): Parameter NUMWORDS_B set to 8388608
        Info (286033): Parameter ADDRESS_ACLR_A set to NONE
        Info (286033): Parameter OUTDATA_REG_B set to UNREGISTERED
        Info (286033): Parameter ADDRESS_ACLR_B set to NONE
        Info (286033): Parameter OUTDATA_ACLR_B set to NONE
        Info (286033): Parameter ADDRESS_REG_B set to CLOCK0
        Info (286033): Parameter INDATA_ACLR_A set to NONE
        Info (286033): Parameter WRCONTROL_ACLR_A set to NONE
        Info (286033): Parameter INIT_FILE set to /data/work/rio-synthesis/shared-fifo-34e35d2/pe5-v1024-c1024-q256-replay-quartus/quartus-rtl/PifoMesh.v_toplevel_pifoEngines_4_deque_dequeMapper_banks_0.bin.mif
        Info (286033): Parameter READ_DURING_WRITE_MODE_MIXED_PORTS set to OLD_DATA
        Info (286033): Parameter RDCONTROL_REG_B set to CLOCK0
    Info (276029): Inferred altsyncram megafunction from the following design logic: "pifoEngines_4|deque_dequeMapper|banks_1_rtl_0"  File: /data/work/rio-synthesis/shared-fifo-34e35d2/pe5-v1024-c1024-q256-replay-quartus/quartus-rtl/PifoMesh.v Line: 73379
        Info (286033): Parameter OPERATION_MODE set to DUAL_PORT
        Info (286033): Parameter WIDTH_A set to 13
        Info (286033): Parameter WIDTHAD_A set to 23
        Info (286033): Parameter NUMWORDS_A set to 8388608
        Info (286033): Parameter WIDTH_B set to 13
        Info (286033): Parameter WIDTHAD_B set to 23
        Info (286033): Parameter NUMWORDS_B set to 8388608
        Info (286033): Parameter ADDRESS_ACLR_A set to NONE
        Info (286033): Parameter OUTDATA_REG_B set to UNREGISTERED
        Info (286033): Parameter ADDRESS_ACLR_B set to NONE
        Info (286033): Parameter OUTDATA_ACLR_B set to NONE
        Info (286033): Parameter ADDRESS_REG_B set to CLOCK0
        Info (286033): Parameter INDATA_ACLR_A set to NONE
        Info (286033): Parameter WRCONTROL_ACLR_A set to NONE
        Info (286033): Parameter INIT_FILE set to /data/work/rio-synthesis/shared-fifo-34e35d2/pe5-v1024-c1024-q256-replay-quartus/quartus-rtl/PifoMesh.v_toplevel_pifoEngines_4_deque_dequeMapper_banks_1.bin.mif
        Info (286033): Parameter READ_DURING_WRITE_MODE_MIXED_PORTS set to OLD_DATA
        Info (286033): Parameter RDCONTROL_REG_B set to CLOCK0
    Info (276029): Inferred altsyncram megafunction from the following design logic: "xbar|io_inputs_0_fifo|fifo|logic_ram_rtl_0"  File: /data/work/rio-synthesis/shared-fifo-34e35d2/pe5-v1024-c1024-q256-replay-quartus/quartus-rtl/PifoMesh.v Line: 136024
        Info (286033): Parameter OPERATION_MODE set to DUAL_PORT
        Info (286033): Parameter WIDTH_A set to 13
        Info (286033): Parameter WIDTHAD_A set to 3
        Info (286033): Parameter NUMWORDS_A set to 8
        Info (286033): Parameter WIDTH_B set to 13
        Info (286033): Parameter WIDTHAD_B set to 3
        Info (286033): Parameter NUMWORDS_B set to 8
        Info (286033): Parameter ADDRESS_ACLR_A set to NONE
        Info (286033): Parameter OUTDATA_REG_B set to UNREGISTERED
        Info (286033): Parameter ADDRESS_ACLR_B set to CLEAR0
        Info (286033): Parameter OUTDATA_ACLR_B set to NONE
        Info (286033): Parameter ADDRESS_REG_B set to CLOCK0
        Info (286033): Parameter INDATA_ACLR_A set to NONE
        Info (286033): Parameter WRCONTROL_ACLR_A set to NONE
    Info (276029): Inferred altsyncram megafunction from the following design logic: "xbar|io_inputs_1_fifo|fifo|logic_ram_rtl_0"  File: /data/work/rio-synthesis/shared-fifo-34e35d2/pe5-v1024-c1024-q256-replay-quartus/quartus-rtl/PifoMesh.v Line: 136024
        Info (286033): Parameter OPERATION_MODE set to DUAL_PORT
        Info (286033): Parameter WIDTH_A set to 13
        Info (286033): Parameter WIDTHAD_A set to 3
        Info (286033): Parameter NUMWORDS_A set to 8
        Info (286033): Parameter WIDTH_B set to 13
        Info (286033): Parameter WIDTHAD_B set to 3
        Info (286033): Parameter NUMWORDS_B set to 8
        Info (286033): Parameter ADDRESS_ACLR_A set to NONE
        Info (286033): Parameter OUTDATA_REG_B set to UNREGISTERED
        Info (286033): Parameter ADDRESS_ACLR_B set to CLEAR0
        Info (286033): Parameter OUTDATA_ACLR_B set to NONE
        Info (286033): Parameter ADDRESS_REG_B set to CLOCK0
        Info (286033): Parameter INDATA_ACLR_A set to NONE
        Info (286033): Parameter WRCONTROL_ACLR_A set to NONE
    Info (276029): Inferred altsyncram megafunction from the following design logic: "xbar|io_inputs_2_fifo|fifo|logic_ram_rtl_0"  File: /data/work/rio-synthesis/shared-fifo-34e35d2/pe5-v1024-c1024-q256-replay-quartus/quartus-rtl/PifoMesh.v Line: 136024
        Info (286033): Parameter OPERATION_MODE set to DUAL_PORT
        Info (286033): Parameter WIDTH_A set to 13
        Info (286033): Parameter WIDTHAD_A set to 3
        Info (286033): Parameter NUMWORDS_A set to 8
        Info (286033): Parameter WIDTH_B set to 13
        Info (286033): Parameter WIDTHAD_B set to 3
        Info (286033): Parameter NUMWORDS_B set to 8
        Info (286033): Parameter ADDRESS_ACLR_A set to NONE
        Info (286033): Parameter OUTDATA_REG_B set to UNREGISTERED
        Info (286033): Parameter ADDRESS_ACLR_B set to CLEAR0
        Info (286033): Parameter OUTDATA_ACLR_B set to NONE
        Info (286033): Parameter ADDRESS_REG_B set to CLOCK0
        Info (286033): Parameter INDATA_ACLR_A set to NONE
        Info (286033): Parameter WRCONTROL_ACLR_A set to NONE
    Info (276029): Inferred altsyncram megafunction from the following design logic: "xbar|io_inputs_3_fifo|fifo|logic_ram_rtl_0"  File: /data/work/rio-synthesis/shared-fifo-34e35d2/pe5-v1024-c1024-q256-replay-quartus/quartus-rtl/PifoMesh.v Line: 136024
        Info (286033): Parameter OPERATION_MODE set to DUAL_PORT
        Info (286033): Parameter WIDTH_A set to 13
        Info (286033): Parameter WIDTHAD_A set to 3
        Info (286033): Parameter NUMWORDS_A set to 8
        Info (286033): Parameter WIDTH_B set to 13
        Info (286033): Parameter WIDTHAD_B set to 3
        Info (286033): Parameter NUMWORDS_B set to 8
        Info (286033): Parameter ADDRESS_ACLR_A set to NONE
        Info (286033): Parameter OUTDATA_REG_B set to UNREGISTERED
        Info (286033): Parameter ADDRESS_ACLR_B set to CLEAR0
        Info (286033): Parameter OUTDATA_ACLR_B set to NONE
        Info (286033): Parameter ADDRESS_REG_B set to CLOCK0
        Info (286033): Parameter INDATA_ACLR_A set to NONE
        Info (286033): Parameter WRCONTROL_ACLR_A set to NONE
    Info (276029): Inferred altsyncram megafunction from the following design logic: "xbar|io_inputs_4_fifo|fifo|logic_ram_rtl_0"  File: /data/work/rio-synthesis/shared-fifo-34e35d2/pe5-v1024-c1024-q256-replay-quartus/quartus-rtl/PifoMesh.v Line: 136024
        Info (286033): Parameter OPERATION_MODE set to DUAL_PORT
        Info (286033): Parameter WIDTH_A set to 13
        Info (286033): Parameter WIDTHAD_A set to 3
        Info (286033): Parameter NUMWORDS_A set to 8
        Info (286033): Parameter WIDTH_B set to 13
        Info (286033): Parameter WIDTHAD_B set to 3
        Info (286033): Parameter NUMWORDS_B set to 8
        Info (286033): Parameter ADDRESS_ACLR_A set to NONE
        Info (286033): Parameter OUTDATA_REG_B set to UNREGISTERED
        Info (286033): Parameter ADDRESS_ACLR_B set to CLEAR0
        Info (286033): Parameter OUTDATA_ACLR_B set to NONE
        Info (286033): Parameter ADDRESS_REG_B set to CLOCK0
        Info (286033): Parameter INDATA_ACLR_A set to NONE
        Info (286033): Parameter WRCONTROL_ACLR_A set to NONE
    Info (276029): Inferred altsyncram megafunction from the following design logic: "xbar|io_inputs_5_fifo|fifo|logic_ram_rtl_0"  File: /data/work/rio-synthesis/shared-fifo-34e35d2/pe5-v1024-c1024-q256-replay-quartus/quartus-rtl/PifoMesh.v Line: 136024
        Info (286033): Parameter OPERATION_MODE set to DUAL_PORT
        Info (286033): Parameter WIDTH_A set to 13
        Info (286033): Parameter WIDTHAD_A set to 3
        Info (286033): Parameter NUMWORDS_A set to 8
        Info (286033): Parameter WIDTH_B set to 13
        Info (286033): Parameter WIDTHAD_B set to 3
        Info (286033): Parameter NUMWORDS_B set to 8
        Info (286033): Parameter ADDRESS_ACLR_A set to NONE
        Info (286033): Parameter OUTDATA_REG_B set to UNREGISTERED
        Info (286033): Parameter ADDRESS_ACLR_B set to CLEAR0
        Info (286033): Parameter OUTDATA_ACLR_B set to NONE
        Info (286033): Parameter ADDRESS_REG_B set to CLOCK0
        Info (286033): Parameter INDATA_ACLR_A set to NONE
        Info (286033): Parameter WRCONTROL_ACLR_A set to NONE
    Info (276029): Inferred altsyncram megafunction from the following design logic: "pifoEngines_0|enque_brain|engineCAM|ram_rtl_0"  File: /data/work/rio-synthesis/shared-fifo-34e35d2/pe5-v1024-c1024-q256-replay-quartus/quartus-rtl/PifoMesh.v Line: 135550
        Info (286033): Parameter OPERATION_MODE set to DUAL_PORT
        Info (286033): Parameter WIDTH_A set to 32
        Info (286033): Parameter WIDTHAD_A set to 23
        Info (286033): Parameter NUMWORDS_A set to 8388608
        Info (286033): Parameter WIDTH_B set to 32
        Info (286033): Parameter WIDTHAD_B set to 23
        Info (286033): Parameter NUMWORDS_B set to 8388608
        Info (286033): Parameter ADDRESS_ACLR_A set to NONE
        Info (286033): Parameter OUTDATA_REG_B set to UNREGISTERED
        Info (286033): Parameter ADDRESS_ACLR_B set to NONE
        Info (286033): Parameter OUTDATA_ACLR_B set to NONE
        Info (286033): Parameter ADDRESS_REG_B set to CLOCK0
        Info (286033): Parameter INDATA_ACLR_A set to NONE
        Info (286033): Parameter WRCONTROL_ACLR_A set to NONE
        Info (286033): Parameter INIT_FILE set to /data/work/rio-synthesis/shared-fifo-34e35d2/pe5-v1024-c1024-q256-replay-quartus/quartus-rtl/PifoMesh.v_toplevel_pifoEngines_0_enque_brain_engineCAM_ram.bin.mif
        Info (286033): Parameter READ_DURING_WRITE_MODE_MIXED_PORTS set to OLD_DATA
    Info (276029): Inferred altsyncram megafunction from the following design logic: "pifoEngines_1|enque_brain|engineCAM|ram_rtl_0"  File: /data/work/rio-synthesis/shared-fifo-34e35d2/pe5-v1024-c1024-q256-replay-quartus/quartus-rtl/PifoMesh.v Line: 134563
        Info (286033): Parameter OPERATION_MODE set to DUAL_PORT
        Info (286033): Parameter WIDTH_A set to 32
        Info (286033): Parameter WIDTHAD_A set to 23
        Info (286033): Parameter NUMWORDS_A set to 8388608
        Info (286033): Parameter WIDTH_B set to 32
        Info (286033): Parameter WIDTHAD_B set to 23
        Info (286033): Parameter NUMWORDS_B set to 8388608
        Info (286033): Parameter ADDRESS_ACLR_A set to NONE
        Info (286033): Parameter OUTDATA_REG_B set to UNREGISTERED
        Info (286033): Parameter ADDRESS_ACLR_B set to NONE
        Info (286033): Parameter OUTDATA_ACLR_B set to NONE
        Info (286033): Parameter ADDRESS_REG_B set to CLOCK0
        Info (286033): Parameter INDATA_ACLR_A set to NONE
        Info (286033): Parameter WRCONTROL_ACLR_A set to NONE
        Info (286033): Parameter INIT_FILE set to /data/work/rio-synthesis/shared-fifo-34e35d2/pe5-v1024-c1024-q256-replay-quartus/quartus-rtl/PifoMesh.v_toplevel_pifoEngines_1_enque_brain_engineCAM_ram.bin.mif
        Info (286033): Parameter READ_DURING_WRITE_MODE_MIXED_PORTS set to OLD_DATA
    Info (276029): Inferred altsyncram megafunction from the following design logic: "pifoEngines_2|enque_brain|engineCAM|ram_rtl_0"  File: /data/work/rio-synthesis/shared-fifo-34e35d2/pe5-v1024-c1024-q256-replay-quartus/quartus-rtl/PifoMesh.v Line: 134313
        Info (286033): Parameter OPERATION_MODE set to DUAL_PORT
        Info (286033): Parameter WIDTH_A set to 32
        Info (286033): Parameter WIDTHAD_A set to 23
        Info (286033): Parameter NUMWORDS_A set to 8388608
        Info (286033): Parameter WIDTH_B set to 32
        Info (286033): Parameter WIDTHAD_B set to 23
        Info (286033): Parameter NUMWORDS_B set to 8388608
        Info (286033): Parameter ADDRESS_ACLR_A set to NONE
        Info (286033): Parameter OUTDATA_REG_B set to UNREGISTERED
        Info (286033): Parameter ADDRESS_ACLR_B set to NONE
        Info (286033): Parameter OUTDATA_ACLR_B set to NONE
        Info (286033): Parameter ADDRESS_REG_B set to CLOCK0
        Info (286033): Parameter INDATA_ACLR_A set to NONE
        Info (286033): Parameter WRCONTROL_ACLR_A set to NONE
        Info (286033): Parameter INIT_FILE set to /data/work/rio-synthesis/shared-fifo-34e35d2/pe5-v1024-c1024-q256-replay-quartus/quartus-rtl/PifoMesh.v_toplevel_pifoEngines_2_enque_brain_engineCAM_ram.bin.mif
        Info (286033): Parameter READ_DURING_WRITE_MODE_MIXED_PORTS set to OLD_DATA
    Info (276029): Inferred altsyncram megafunction from the following design logic: "pifoEngines_3|enque_brain|engineCAM|ram_rtl_0"  File: /data/work/rio-synthesis/shared-fifo-34e35d2/pe5-v1024-c1024-q256-replay-quartus/quartus-rtl/PifoMesh.v Line: 134063
        Info (286033): Parameter OPERATION_MODE set to DUAL_PORT
        Info (286033): Parameter WIDTH_A set to 32
        Info (286033): Parameter WIDTHAD_A set to 23
        Info (286033): Parameter NUMWORDS_A set to 8388608
        Info (286033): Parameter WIDTH_B set to 32
        Info (286033): Parameter WIDTHAD_B set to 23
        Info (286033): Parameter NUMWORDS_B set to 8388608
        Info (286033): Parameter ADDRESS_ACLR_A set to NONE
        Info (286033): Parameter OUTDATA_REG_B set to UNREGISTERED
        Info (286033): Parameter ADDRESS_ACLR_B set to NONE
        Info (286033): Parameter OUTDATA_ACLR_B set to NONE
        Info (286033): Parameter ADDRESS_REG_B set to CLOCK0
        Info (286033): Parameter INDATA_ACLR_A set to NONE
        Info (286033): Parameter WRCONTROL_ACLR_A set to NONE
        Info (286033): Parameter INIT_FILE set to /data/work/rio-synthesis/shared-fifo-34e35d2/pe5-v1024-c1024-q256-replay-quartus/quartus-rtl/PifoMesh.v_toplevel_pifoEngines_3_enque_brain_engineCAM_ram.bin.mif
        Info (286033): Parameter READ_DURING_WRITE_MODE_MIXED_PORTS set to OLD_DATA
    Info (276029): Inferred altsyncram megafunction from the following design logic: "pifoEngines_4|enque_brain|engineCAM|ram_rtl_0"  File: /data/work/rio-synthesis/shared-fifo-34e35d2/pe5-v1024-c1024-q256-replay-quartus/quartus-rtl/PifoMesh.v Line: 133813
        Info (286033): Parameter OPERATION_MODE set to DUAL_PORT
        Info (286033): Parameter WIDTH_A set to 32
        Info (286033): Parameter WIDTHAD_A set to 23
        Info (286033): Parameter NUMWORDS_A set to 8388608
        Info (286033): Parameter WIDTH_B set to 32
        Info (286033): Parameter WIDTHAD_B set to 23
        Info (286033): Parameter NUMWORDS_B set to 8388608
        Info (286033): Parameter ADDRESS_ACLR_A set to NONE
        Info (286033): Parameter OUTDATA_REG_B set to UNREGISTERED
        Info (286033): Parameter ADDRESS_ACLR_B set to NONE
        Info (286033): Parameter OUTDATA_ACLR_B set to NONE
        Info (286033): Parameter ADDRESS_REG_B set to CLOCK0
        Info (286033): Parameter INDATA_ACLR_A set to NONE
        Info (286033): Parameter WRCONTROL_ACLR_A set to NONE
        Info (286033): Parameter INIT_FILE set to /data/work/rio-synthesis/shared-fifo-34e35d2/pe5-v1024-c1024-q256-replay-quartus/quartus-rtl/PifoMesh.v_toplevel_pifoEngines_4_enque_brain_engineCAM_ram.bin.mif
        Info (286033): Parameter READ_DURING_WRITE_MODE_MIXED_PORTS set to OLD_DATA
Warning (14284): Synthesized away the following node(s):
    Warning (25637): Synthesized away 491520 node(s) of type RAM. See "Registers Removed during Synthesis" report for more details.
Warning (276002): Cannot convert all sets of registers into RAM megafunctions when creating nodes; therefore, the resulting number of registers remaining in design can cause longer compilation time or result in insufficient memory to complete Analysis and Synthesis
Warning (13024): Output pins are stuck at VCC or GND
    Warning (13410): Pin "io_pifo_0_push2_payload_data[0..12]" is stuck at GND File: /data/work/rio-synthesis/shared-fifo-34e35d2/pe5-v1024-c1024-q256-replay-quartus/quartus-rtl/PifoMesh.v Line: 49
    Warning (13410): Pin "io_pifo_0_push2_payload_port[0..9]" is stuck at GND File: /data/work/rio-synthesis/shared-fifo-34e35d2/pe5-v1024-c1024-q256-replay-quartus/quartus-rtl/PifoMesh.v Line: 50
    Warning (13410): Pin "io_pifo_0_push2_payload_priority[0..7]" is stuck at GND File: /data/work/rio-synthesis/shared-fifo-34e35d2/pe5-v1024-c1024-q256-replay-quartus/quartus-rtl/PifoMesh.v Line: 48
    Warning (13410): Pin "io_pifo_0_push2_valid" is stuck at GND File: /data/work/rio-synthesis/shared-fifo-34e35d2/pe5-v1024-c1024-q256-replay-quartus/quartus-rtl/PifoMesh.v Line: 47
    Warning (13410): Pin "io_pifo_1_push2_payload_data[0..12]" is stuck at GND File: /data/work/rio-synthesis/shared-fifo-34e35d2/pe5-v1024-c1024-q256-replay-quartus/quartus-rtl/PifoMesh.v Line: 71
    Warning (13410): Pin "io_pifo_1_push2_payload_port[0..9]" is stuck at GND File: /data/work/rio-synthesis/shared-fifo-34e35d2/pe5-v1024-c1024-q256-replay-quartus/quartus-rtl/PifoMesh.v Line: 72
    Warning (13410): Pin "io_pifo_1_push2_payload_priority[0..7]" is stuck at GND File: /data/work/rio-synthesis/shared-fifo-34e35d2/pe5-v1024-c1024-q256-replay-quartus/quartus-rtl/PifoMesh.v Line: 70
    Warning (13410): Pin "io_pifo_1_push2_valid" is stuck at GND File: /data/work/rio-synthesis/shared-fifo-34e35d2/pe5-v1024-c1024-q256-replay-quartus/quartus-rtl/PifoMesh.v Line: 69
    Warning (13410): Pin "io_pifo_2_push2_payload_data[0..12]" is stuck at GND File: /data/work/rio-synthesis/shared-fifo-34e35d2/pe5-v1024-c1024-q256-replay-quartus/quartus-rtl/PifoMesh.v Line: 93
    Warning (13410): Pin "io_pifo_2_push2_payload_port[0..9]" is stuck at GND File: /data/work/rio-synthesis/shared-fifo-34e35d2/pe5-v1024-c1024-q256-replay-quartus/quartus-rtl/PifoMesh.v Line: 94
    Warning (13410): Pin "io_pifo_2_push2_payload_priority[0..7]" is stuck at GND File: /data/work/rio-synthesis/shared-fifo-34e35d2/pe5-v1024-c1024-q256-replay-quartus/quartus-rtl/PifoMesh.v Line: 92
    Warning (13410): Pin "io_pifo_2_push2_valid" is stuck at GND File: /data/work/rio-synthesis/shared-fifo-34e35d2/pe5-v1024-c1024-q256-replay-quartus/quartus-rtl/PifoMesh.v Line: 91
    Warning (13410): Pin "io_pifo_3_push2_payload_data[0..12]" is stuck at GND File: /data/work/rio-synthesis/shared-fifo-34e35d2/pe5-v1024-c1024-q256-replay-quartus/quartus-rtl/PifoMesh.v Line: 115
    Warning (13410): Pin "io_pifo_3_push2_payload_port[0..9]" is stuck at GND File: /data/work/rio-synthesis/shared-fifo-34e35d2/pe5-v1024-c1024-q256-replay-quartus/quartus-rtl/PifoMesh.v Line: 116
    Warning (13410): Pin "io_pifo_3_push2_payload_priority[0..7]" is stuck at GND File: /data/work/rio-synthesis/shared-fifo-34e35d2/pe5-v1024-c1024-q256-replay-quartus/quartus-rtl/PifoMesh.v Line: 114
    Warning (13410): Pin "io_pifo_3_push2_valid" is stuck at GND File: /data/work/rio-synthesis/shared-fifo-34e35d2/pe5-v1024-c1024-q256-replay-quartus/quartus-rtl/PifoMesh.v Line: 113
    Warning (13410): Pin "io_pifo_4_push2_payload_data[0..12]" is stuck at GND File: /data/work/rio-synthesis/shared-fifo-34e35d2/pe5-v1024-c1024-q256-replay-quartus/quartus-rtl/PifoMesh.v Line: 137
    Warning (13410): Pin "io_pifo_4_push2_payload_port[0..9]" is stuck at GND File: /data/work/rio-synthesis/shared-fifo-34e35d2/pe5-v1024-c1024-q256-replay-quartus/quartus-rtl/PifoMesh.v Line: 138
    Warning (13410): Pin "io_pifo_4_push2_payload_priority[0..7]" is stuck at GND File: /data/work/rio-synthesis/shared-fifo-34e35d2/pe5-v1024-c1024-q256-replay-quartus/quartus-rtl/PifoMesh.v Line: 136
    Warning (13410): Pin "io_pifo_4_push2_valid" is stuck at GND File: /data/work/rio-synthesis/shared-fifo-34e35d2/pe5-v1024-c1024-q256-replay-quartus/quartus-rtl/PifoMesh.v Line: 135
    Warning (13410): Pin "io_replayLogAvailable[8]" is stuck at GND File: /data/work/rio-synthesis/shared-fifo-34e35d2/pe5-v1024-c1024-q256-replay-quartus/quartus-rtl/PifoMesh.v Line: 156
Info (17049): 619553 registers lost all their fanouts during netlist optimizations.
Info (21057): Implemented 1426045 device resources after synthesis - the final resource count might be different
    Info (21058): Implemented 484 input pins
    Info (21059): Implemented 439 output pins
    Info (21061): Implemented 728724 logic cells
    Info (21064): Implemented 696398 RAM segments
Info: Successfully synthesized partition
Info: Saving post-synthesis snapshots for 1 partition(s)
Info (21615): Running Design Assistant Rules for snapshot 'synthesized'
Info: No waiver waived any violations
Info (22360): Design Assistant Results: 12 of 13 enabled rules passed, and 7 rules was disabled, in snapshot 'synthesized'
Info (21661): Design Assistant Results: 0 of 1 High severity rules issued violations in snapshot 'synthesized'
Info (21621): Design Assistant Results: 1 of 6 Medium severity rules issued violations in snapshot 'synthesized'. Please refer to DRC report '/data/work/rio-synthesis/shared-fifo-34e35d2/pe5-v1024-c1024-q256-replay-quartus/output_files/pifo.drc.synthesized.rpt' for more information
Info (21622): Design Assistant Results: 0 of 6 Low severity rules issued violations in snapshot 'synthesized'
Info: Quartus Prime Synthesis was successful. 0 errors, 32 warnings
    Info: Peak virtual memory: 41249 megabytes
    Info: Processing ended: Mon Sep  7 17:57:05 2026
    Info: Elapsed time: 04:11:00
    Info: System process ID: 412488
