Info (22747): Value AUTO_DISCOVERY for QSF Assignment PWRMGT_VOLTAGE_OUTPUT_FORMAT is not supported. Hence changing the value to LINEAR_FORMAT
Info: *******************************************************************
Info: Running Quartus Prime Synthesis
    Info: Version 25.3.1 Build 100 12/19/2025 SC Pro Edition
    Info: Copyright (C) 2025  Altera Corporation. All rights reserved.
    Info: Your use of Altera Corporation's design tools, logic functions 
    Info: and other software and tools, and any partner logic 
    Info: functions, and any output files from any of the foregoing 
    Info: (including device programming or simulation files), and any 
    Info: associated documentation or information are expressly subject 
    Info: to the terms and conditions of the Altera Program License 
    Info: Subscription Agreement, the Altera Quartus Prime License Agreement,
    Info: the Altera IP License Agreement, or other applicable license
    Info: agreement, including, without limitation, that your use is for
    Info: the sole purpose of programming logic devices manufactured by
    Info: Altera and sold by Altera or its authorized distributors.  Please
    Info: refer to the Altera Software License Subscription Agreements 
    Info: on the Quartus Prime software download page.
    Info: Processing started: Mon Sep  7 14:37:57 2026
    Info: System process ID: 435005
Info: Command: quartus_syn pifo
Info: qis_default_flow_script.tcl version: #2
Info: Initializing Synthesis...
Info: Project = "pifo"
Info: Revision = "pifo"
Info (21958): Initialized Quartus Message Database
Info: Analyzing source files
Critical Warning (20759): Use the Reset Release IP in Agilex 7 designs to ensure a successful configuration. For more information about the Reset Release IP, refer to the Configuration User Guide.
Info: Elaborating from top-level entity "PifoMesh"
Info (22567): Verilog HDL info at PifoMesh.v(76716): extracting RAM for identifier 'logic_ram' File: /data/work/rio-synthesis/shared-fifo-34e35d2/pe5-v512-c1024-q256-replay-quartus/quartus-rtl/PifoMesh.v Line: 76716
Info (22567): Verilog HDL info at PifoMesh.v(73896): extracting RAM for identifier 'banks_0' File: /data/work/rio-synthesis/shared-fifo-34e35d2/pe5-v512-c1024-q256-replay-quartus/quartus-rtl/PifoMesh.v Line: 73896
Info (22567): Verilog HDL info at PifoMesh.v(73898): extracting RAM for identifier 'banks_1' File: /data/work/rio-synthesis/shared-fifo-34e35d2/pe5-v512-c1024-q256-replay-quartus/quartus-rtl/PifoMesh.v Line: 73898
Info (22567): Verilog HDL info at PifoMesh.v(76561): extracting RAM for identifier 'logic_ram' File: /data/work/rio-synthesis/shared-fifo-34e35d2/pe5-v512-c1024-q256-replay-quartus/quartus-rtl/PifoMesh.v Line: 76561
Info (22567): Verilog HDL info at PifoMesh.v(76354): extracting RAM for identifier 'ram' File: /data/work/rio-synthesis/shared-fifo-34e35d2/pe5-v512-c1024-q256-replay-quartus/quartus-rtl/PifoMesh.v Line: 76354
Info (22567): Verilog HDL info at PifoMesh.v(76298): extracting RAM for identifier 'ram' File: /data/work/rio-synthesis/shared-fifo-34e35d2/pe5-v512-c1024-q256-replay-quartus/quartus-rtl/PifoMesh.v Line: 76298
Info (22567): Verilog HDL info at PifoMesh.v(76242): extracting RAM for identifier 'ram' File: /data/work/rio-synthesis/shared-fifo-34e35d2/pe5-v512-c1024-q256-replay-quartus/quartus-rtl/PifoMesh.v Line: 76242
Info (22567): Verilog HDL info at PifoMesh.v(77567): extracting RAM for identifier 'logic_ram' File: /data/work/rio-synthesis/shared-fifo-34e35d2/pe5-v512-c1024-q256-replay-quartus/quartus-rtl/PifoMesh.v Line: 77567
Info (22567): Verilog HDL info at PifoMesh.v(76068): extracting RAM for identifier 'ram' File: /data/work/rio-synthesis/shared-fifo-34e35d2/pe5-v512-c1024-q256-replay-quartus/quartus-rtl/PifoMesh.v Line: 76068
Info (22567): Verilog HDL info at PifoMesh.v(77422): extracting RAM for identifier 'logic_ram' File: /data/work/rio-synthesis/shared-fifo-34e35d2/pe5-v512-c1024-q256-replay-quartus/quartus-rtl/PifoMesh.v Line: 77422
Info (22567): Verilog HDL info at PifoMesh.v(77288): extracting RAM for identifier 'logic_ram' File: /data/work/rio-synthesis/shared-fifo-34e35d2/pe5-v512-c1024-q256-replay-quartus/quartus-rtl/PifoMesh.v Line: 77288
Info (22567): Verilog HDL info at PifoMesh.v(77160): extracting RAM for identifier 'logic_ram' File: /data/work/rio-synthesis/shared-fifo-34e35d2/pe5-v512-c1024-q256-replay-quartus/quartus-rtl/PifoMesh.v Line: 77160
Info (22567): Verilog HDL info at PifoMesh.v(77030): extracting RAM for identifier 'logic_ram' File: /data/work/rio-synthesis/shared-fifo-34e35d2/pe5-v512-c1024-q256-replay-quartus/quartus-rtl/PifoMesh.v Line: 77030
Info (22567): Verilog HDL info at PifoMesh.v(76891): extracting RAM for identifier 'logic_ram' File: /data/work/rio-synthesis/shared-fifo-34e35d2/pe5-v512-c1024-q256-replay-quartus/quartus-rtl/PifoMesh.v Line: 76891
Info (22567): Verilog HDL info at PifoMesh.v(72681): extracting RAM for identifier 'banks_0' File: /data/work/rio-synthesis/shared-fifo-34e35d2/pe5-v512-c1024-q256-replay-quartus/quartus-rtl/PifoMesh.v Line: 72681
Info (22567): Verilog HDL info at PifoMesh.v(72683): extracting RAM for identifier 'banks_1' File: /data/work/rio-synthesis/shared-fifo-34e35d2/pe5-v512-c1024-q256-replay-quartus/quartus-rtl/PifoMesh.v Line: 72683
Info (22567): Verilog HDL info at PifoMesh.v(75463): extracting RAM for identifier 'logic_ram' File: /data/work/rio-synthesis/shared-fifo-34e35d2/pe5-v512-c1024-q256-replay-quartus/quartus-rtl/PifoMesh.v Line: 75463
Info (22567): Verilog HDL info at PifoMesh.v(45703): extracting RAM for identifier 'banks_0' File: /data/work/rio-synthesis/shared-fifo-34e35d2/pe5-v512-c1024-q256-replay-quartus/quartus-rtl/PifoMesh.v Line: 45703
Info (22567): Verilog HDL info at PifoMesh.v(45705): extracting RAM for identifier 'banks_1' File: /data/work/rio-synthesis/shared-fifo-34e35d2/pe5-v512-c1024-q256-replay-quartus/quartus-rtl/PifoMesh.v Line: 45705
Info (22567): Verilog HDL info at PifoMesh.v(75367): extracting RAM for identifier 'ram' File: /data/work/rio-synthesis/shared-fifo-34e35d2/pe5-v512-c1024-q256-replay-quartus/quartus-rtl/PifoMesh.v Line: 75367
Info (22567): Verilog HDL info at PifoMesh.v(75311): extracting RAM for identifier 'ram' File: /data/work/rio-synthesis/shared-fifo-34e35d2/pe5-v512-c1024-q256-replay-quartus/quartus-rtl/PifoMesh.v Line: 75311
Info (22567): Verilog HDL info at PifoMesh.v(75255): extracting RAM for identifier 'ram' File: /data/work/rio-synthesis/shared-fifo-34e35d2/pe5-v512-c1024-q256-replay-quartus/quartus-rtl/PifoMesh.v Line: 75255
Info (22567): Verilog HDL info at PifoMesh.v(75195): extracting RAM for identifier 'ram' File: /data/work/rio-synthesis/shared-fifo-34e35d2/pe5-v512-c1024-q256-replay-quartus/quartus-rtl/PifoMesh.v Line: 75195
Info (22567): Verilog HDL info at PifoMesh.v(44533): extracting RAM for identifier 'banks_0' File: /data/work/rio-synthesis/shared-fifo-34e35d2/pe5-v512-c1024-q256-replay-quartus/quartus-rtl/PifoMesh.v Line: 44533
Info (22567): Verilog HDL info at PifoMesh.v(44535): extracting RAM for identifier 'banks_1' File: /data/work/rio-synthesis/shared-fifo-34e35d2/pe5-v512-c1024-q256-replay-quartus/quartus-rtl/PifoMesh.v Line: 44535
Info (22567): Verilog HDL info at PifoMesh.v(44423): extracting RAM for identifier 'banks_0' File: /data/work/rio-synthesis/shared-fifo-34e35d2/pe5-v512-c1024-q256-replay-quartus/quartus-rtl/PifoMesh.v Line: 44423
Info (22567): Verilog HDL info at PifoMesh.v(44425): extracting RAM for identifier 'banks_1' File: /data/work/rio-synthesis/shared-fifo-34e35d2/pe5-v512-c1024-q256-replay-quartus/quartus-rtl/PifoMesh.v Line: 44425
Info (22567): Verilog HDL info at PifoMesh.v(75117): extracting RAM for identifier 'ram' File: /data/work/rio-synthesis/shared-fifo-34e35d2/pe5-v512-c1024-q256-replay-quartus/quartus-rtl/PifoMesh.v Line: 75117
Info (22567): Verilog HDL info at PifoMesh.v(75061): extracting RAM for identifier 'ram' File: /data/work/rio-synthesis/shared-fifo-34e35d2/pe5-v512-c1024-q256-replay-quartus/quartus-rtl/PifoMesh.v Line: 75061
Info (22567): Verilog HDL info at PifoMesh.v(75005): extracting RAM for identifier 'ram' File: /data/work/rio-synthesis/shared-fifo-34e35d2/pe5-v512-c1024-q256-replay-quartus/quartus-rtl/PifoMesh.v Line: 75005
Info (22567): Verilog HDL info at PifoMesh.v(74945): extracting RAM for identifier 'ram' File: /data/work/rio-synthesis/shared-fifo-34e35d2/pe5-v512-c1024-q256-replay-quartus/quartus-rtl/PifoMesh.v Line: 74945
Info (22567): Verilog HDL info at PifoMesh.v(43253): extracting RAM for identifier 'banks_0' File: /data/work/rio-synthesis/shared-fifo-34e35d2/pe5-v512-c1024-q256-replay-quartus/quartus-rtl/PifoMesh.v Line: 43253
Info (22567): Verilog HDL info at PifoMesh.v(43255): extracting RAM for identifier 'banks_1' File: /data/work/rio-synthesis/shared-fifo-34e35d2/pe5-v512-c1024-q256-replay-quartus/quartus-rtl/PifoMesh.v Line: 43255
Info (22567): Verilog HDL info at PifoMesh.v(43143): extracting RAM for identifier 'banks_0' File: /data/work/rio-synthesis/shared-fifo-34e35d2/pe5-v512-c1024-q256-replay-quartus/quartus-rtl/PifoMesh.v Line: 43143
Info (22567): Verilog HDL info at PifoMesh.v(43145): extracting RAM for identifier 'banks_1' File: /data/work/rio-synthesis/shared-fifo-34e35d2/pe5-v512-c1024-q256-replay-quartus/quartus-rtl/PifoMesh.v Line: 43145
Info (22567): Verilog HDL info at PifoMesh.v(74867): extracting RAM for identifier 'ram' File: /data/work/rio-synthesis/shared-fifo-34e35d2/pe5-v512-c1024-q256-replay-quartus/quartus-rtl/PifoMesh.v Line: 74867
Info (22567): Verilog HDL info at PifoMesh.v(74811): extracting RAM for identifier 'ram' File: /data/work/rio-synthesis/shared-fifo-34e35d2/pe5-v512-c1024-q256-replay-quartus/quartus-rtl/PifoMesh.v Line: 74811
Info (22567): Verilog HDL info at PifoMesh.v(74755): extracting RAM for identifier 'ram' File: /data/work/rio-synthesis/shared-fifo-34e35d2/pe5-v512-c1024-q256-replay-quartus/quartus-rtl/PifoMesh.v Line: 74755
Info (22567): Verilog HDL info at PifoMesh.v(74695): extracting RAM for identifier 'ram' File: /data/work/rio-synthesis/shared-fifo-34e35d2/pe5-v512-c1024-q256-replay-quartus/quartus-rtl/PifoMesh.v Line: 74695
Info (22567): Verilog HDL info at PifoMesh.v(41973): extracting RAM for identifier 'banks_0' File: /data/work/rio-synthesis/shared-fifo-34e35d2/pe5-v512-c1024-q256-replay-quartus/quartus-rtl/PifoMesh.v Line: 41973
Info (22567): Verilog HDL info at PifoMesh.v(41975): extracting RAM for identifier 'banks_1' File: /data/work/rio-synthesis/shared-fifo-34e35d2/pe5-v512-c1024-q256-replay-quartus/quartus-rtl/PifoMesh.v Line: 41975
Info (22567): Verilog HDL info at PifoMesh.v(41863): extracting RAM for identifier 'banks_0' File: /data/work/rio-synthesis/shared-fifo-34e35d2/pe5-v512-c1024-q256-replay-quartus/quartus-rtl/PifoMesh.v Line: 41863
Info (22567): Verilog HDL info at PifoMesh.v(41865): extracting RAM for identifier 'banks_1' File: /data/work/rio-synthesis/shared-fifo-34e35d2/pe5-v512-c1024-q256-replay-quartus/quartus-rtl/PifoMesh.v Line: 41865
Info (22567): Verilog HDL info at PifoMesh.v(74617): extracting RAM for identifier 'ram' File: /data/work/rio-synthesis/shared-fifo-34e35d2/pe5-v512-c1024-q256-replay-quartus/quartus-rtl/PifoMesh.v Line: 74617
Info (22567): Verilog HDL info at PifoMesh.v(74561): extracting RAM for identifier 'ram' File: /data/work/rio-synthesis/shared-fifo-34e35d2/pe5-v512-c1024-q256-replay-quartus/quartus-rtl/PifoMesh.v Line: 74561
Info (22567): Verilog HDL info at PifoMesh.v(74505): extracting RAM for identifier 'ram' File: /data/work/rio-synthesis/shared-fifo-34e35d2/pe5-v512-c1024-q256-replay-quartus/quartus-rtl/PifoMesh.v Line: 74505
Info (22567): Verilog HDL info at PifoMesh.v(74445): extracting RAM for identifier 'ram' File: /data/work/rio-synthesis/shared-fifo-34e35d2/pe5-v512-c1024-q256-replay-quartus/quartus-rtl/PifoMesh.v Line: 74445
Info (22567): Verilog HDL info at PifoMesh.v(40693): extracting RAM for identifier 'banks_0' File: /data/work/rio-synthesis/shared-fifo-34e35d2/pe5-v512-c1024-q256-replay-quartus/quartus-rtl/PifoMesh.v Line: 40693
Info (22567): Verilog HDL info at PifoMesh.v(40695): extracting RAM for identifier 'banks_1' File: /data/work/rio-synthesis/shared-fifo-34e35d2/pe5-v512-c1024-q256-replay-quartus/quartus-rtl/PifoMesh.v Line: 40695
Info (22567): Verilog HDL info at PifoMesh.v(35111): extracting RAM for identifier 'storage' File: /data/work/rio-synthesis/shared-fifo-34e35d2/pe5-v512-c1024-q256-replay-quartus/quartus-rtl/PifoMesh.v Line: 35111
Info: Found 75 design entities
Info: There are 205 partitions after elaboration.
Info: DA report generation in native DNI mode
Info (21615): Running Design Assistant Rules for snapshot 'partitioned'
Info: No waiver waived any violations
Info (22360): Design Assistant Results: 8 of 10 enabled rules passed, and 1 rules was disabled, in snapshot 'partitioned'
Warning (21620): Design Assistant Results: 1 of 1 High severity rules issued violations in snapshot 'partitioned'. Please refer to DRC report '/data/work/rio-synthesis/shared-fifo-34e35d2/pe5-v512-c1024-q256-replay-quartus/output_files/pifo.drc.partitioned.rpt' for more information
Info (21621): Design Assistant Results: 1 of 1 Medium severity rules issued violations in snapshot 'partitioned'. Please refer to DRC report '/data/work/rio-synthesis/shared-fifo-34e35d2/pe5-v512-c1024-q256-replay-quartus/output_files/pifo.drc.partitioned.rpt' for more information
Info (21622): Design Assistant Results: 0 of 8 Low severity rules issued violations in snapshot 'partitioned'
Info: Synthesizing partition "root_partition"
Warning (276020): Inferred RAM node "xbar|io_inputs_0_fifo|fifo|logic_ram_rtl_0" from synchronous design logic.  Pass-through logic has been added to match the read-during-write behavior of the original design. File: /data/work/rio-synthesis/shared-fifo-34e35d2/pe5-v512-c1024-q256-replay-quartus/quartus-rtl/PifoMesh.v Line: 76716
Warning (276020): Inferred RAM node "xbar|io_inputs_1_fifo|fifo|logic_ram_rtl_0" from synchronous design logic.  Pass-through logic has been added to match the read-during-write behavior of the original design. File: /data/work/rio-synthesis/shared-fifo-34e35d2/pe5-v512-c1024-q256-replay-quartus/quartus-rtl/PifoMesh.v Line: 76716
Warning (276020): Inferred RAM node "xbar|io_inputs_2_fifo|fifo|logic_ram_rtl_0" from synchronous design logic.  Pass-through logic has been added to match the read-during-write behavior of the original design. File: /data/work/rio-synthesis/shared-fifo-34e35d2/pe5-v512-c1024-q256-replay-quartus/quartus-rtl/PifoMesh.v Line: 76716
Warning (276020): Inferred RAM node "xbar|io_inputs_3_fifo|fifo|logic_ram_rtl_0" from synchronous design logic.  Pass-through logic has been added to match the read-during-write behavior of the original design. File: /data/work/rio-synthesis/shared-fifo-34e35d2/pe5-v512-c1024-q256-replay-quartus/quartus-rtl/PifoMesh.v Line: 76716
Warning (276020): Inferred RAM node "xbar|io_inputs_4_fifo|fifo|logic_ram_rtl_0" from synchronous design logic.  Pass-through logic has been added to match the read-during-write behavior of the original design. File: /data/work/rio-synthesis/shared-fifo-34e35d2/pe5-v512-c1024-q256-replay-quartus/quartus-rtl/PifoMesh.v Line: 76716
Warning (276020): Inferred RAM node "xbar|io_inputs_5_fifo|fifo|logic_ram_rtl_0" from synchronous design logic.  Pass-through logic has been added to match the read-during-write behavior of the original design. File: /data/work/rio-synthesis/shared-fifo-34e35d2/pe5-v512-c1024-q256-replay-quartus/quartus-rtl/PifoMesh.v Line: 76716
Info (276014): Found 25 instances of uninferred RAM logic
    Info (276004): RAM logic "pifoEngines_0|enque_brain|flowStateUpdate_toStream_fifo|fifo|logic_ram" is uninferred due to inappropriate RAM size File: /data/work/rio-synthesis/shared-fifo-34e35d2/pe5-v512-c1024-q256-replay-quartus/quartus-rtl/PifoMesh.v Line: 77567
    Info (276004): RAM logic "pifoEngines_0|enque_brain|brainStateUpdate_toStream_fifo|fifo|logic_ram" is uninferred due to inappropriate RAM size File: /data/work/rio-synthesis/shared-fifo-34e35d2/pe5-v512-c1024-q256-replay-quartus/quartus-rtl/PifoMesh.v Line: 77422
    Info (276004): RAM logic "pifoEngines_0|enque_brain|brainStateMem_io_readRes_toStream_fifo|fifo|logic_ram" is uninferred due to inappropriate RAM size File: /data/work/rio-synthesis/shared-fifo-34e35d2/pe5-v512-c1024-q256-replay-quartus/quartus-rtl/PifoMesh.v Line: 77160
    Info (276004): RAM logic "pifoEngines_0|enque_brain|engineCAM_io_readRes_toStream_fifo|fifo|logic_ram" is uninferred due to inappropriate RAM size File: /data/work/rio-synthesis/shared-fifo-34e35d2/pe5-v512-c1024-q256-replay-quartus/quartus-rtl/PifoMesh.v Line: 77160
    Info (276004): RAM logic "pifoEngines_0|enque_brain|io_outputs_4_fifo|fifo|logic_ram" is uninferred due to inappropriate RAM size File: /data/work/rio-synthesis/shared-fifo-34e35d2/pe5-v512-c1024-q256-replay-quartus/quartus-rtl/PifoMesh.v Line: 76891
    Info (276004): RAM logic "pifoEngines_1|enque_brain|flowStateUpdate_toStream_fifo|fifo|logic_ram" is uninferred due to inappropriate RAM size File: /data/work/rio-synthesis/shared-fifo-34e35d2/pe5-v512-c1024-q256-replay-quartus/quartus-rtl/PifoMesh.v Line: 77567
    Info (276004): RAM logic "pifoEngines_1|enque_brain|brainStateUpdate_toStream_fifo|fifo|logic_ram" is uninferred due to inappropriate RAM size File: /data/work/rio-synthesis/shared-fifo-34e35d2/pe5-v512-c1024-q256-replay-quartus/quartus-rtl/PifoMesh.v Line: 77422
    Info (276004): RAM logic "pifoEngines_1|enque_brain|brainStateMem_io_readRes_toStream_fifo|fifo|logic_ram" is uninferred due to inappropriate RAM size File: /data/work/rio-synthesis/shared-fifo-34e35d2/pe5-v512-c1024-q256-replay-quartus/quartus-rtl/PifoMesh.v Line: 77160
    Info (276004): RAM logic "pifoEngines_1|enque_brain|engineCAM_io_readRes_toStream_fifo|fifo|logic_ram" is uninferred due to inappropriate RAM size File: /data/work/rio-synthesis/shared-fifo-34e35d2/pe5-v512-c1024-q256-replay-quartus/quartus-rtl/PifoMesh.v Line: 77160
    Info (276004): RAM logic "pifoEngines_1|enque_brain|io_outputs_4_fifo|fifo|logic_ram" is uninferred due to inappropriate RAM size File: /data/work/rio-synthesis/shared-fifo-34e35d2/pe5-v512-c1024-q256-replay-quartus/quartus-rtl/PifoMesh.v Line: 76891
    Info (276004): RAM logic "pifoEngines_2|enque_brain|flowStateUpdate_toStream_fifo|fifo|logic_ram" is uninferred due to inappropriate RAM size File: /data/work/rio-synthesis/shared-fifo-34e35d2/pe5-v512-c1024-q256-replay-quartus/quartus-rtl/PifoMesh.v Line: 77567
    Info (276004): RAM logic "pifoEngines_2|enque_brain|brainStateUpdate_toStream_fifo|fifo|logic_ram" is uninferred due to inappropriate RAM size File: /data/work/rio-synthesis/shared-fifo-34e35d2/pe5-v512-c1024-q256-replay-quartus/quartus-rtl/PifoMesh.v Line: 77422
    Info (276004): RAM logic "pifoEngines_2|enque_brain|brainStateMem_io_readRes_toStream_fifo|fifo|logic_ram" is uninferred due to inappropriate RAM size File: /data/work/rio-synthesis/shared-fifo-34e35d2/pe5-v512-c1024-q256-replay-quartus/quartus-rtl/PifoMesh.v Line: 77160
    Info (276004): RAM logic "pifoEngines_2|enque_brain|engineCAM_io_readRes_toStream_fifo|fifo|logic_ram" is uninferred due to inappropriate RAM size File: /data/work/rio-synthesis/shared-fifo-34e35d2/pe5-v512-c1024-q256-replay-quartus/quartus-rtl/PifoMesh.v Line: 77160
    Info (276004): RAM logic "pifoEngines_2|enque_brain|io_outputs_4_fifo|fifo|logic_ram" is uninferred due to inappropriate RAM size File: /data/work/rio-synthesis/shared-fifo-34e35d2/pe5-v512-c1024-q256-replay-quartus/quartus-rtl/PifoMesh.v Line: 76891
    Info (276004): RAM logic "pifoEngines_3|enque_brain|flowStateUpdate_toStream_fifo|fifo|logic_ram" is uninferred due to inappropriate RAM size File: /data/work/rio-synthesis/shared-fifo-34e35d2/pe5-v512-c1024-q256-replay-quartus/quartus-rtl/PifoMesh.v Line: 77567
    Info (276004): RAM logic "pifoEngines_3|enque_brain|brainStateUpdate_toStream_fifo|fifo|logic_ram" is uninferred due to inappropriate RAM size File: /data/work/rio-synthesis/shared-fifo-34e35d2/pe5-v512-c1024-q256-replay-quartus/quartus-rtl/PifoMesh.v Line: 77422
    Info (276004): RAM logic "pifoEngines_3|enque_brain|brainStateMem_io_readRes_toStream_fifo|fifo|logic_ram" is uninferred due to inappropriate RAM size File: /data/work/rio-synthesis/shared-fifo-34e35d2/pe5-v512-c1024-q256-replay-quartus/quartus-rtl/PifoMesh.v Line: 77160
    Info (276004): RAM logic "pifoEngines_3|enque_brain|engineCAM_io_readRes_toStream_fifo|fifo|logic_ram" is uninferred due to inappropriate RAM size File: /data/work/rio-synthesis/shared-fifo-34e35d2/pe5-v512-c1024-q256-replay-quartus/quartus-rtl/PifoMesh.v Line: 77160
    Info (276004): RAM logic "pifoEngines_3|enque_brain|io_outputs_4_fifo|fifo|logic_ram" is uninferred due to inappropriate RAM size File: /data/work/rio-synthesis/shared-fifo-34e35d2/pe5-v512-c1024-q256-replay-quartus/quartus-rtl/PifoMesh.v Line: 76891
    Info (276004): RAM logic "pifoEngines_4|enque_brain|flowStateUpdate_toStream_fifo|fifo|logic_ram" is uninferred due to inappropriate RAM size File: /data/work/rio-synthesis/shared-fifo-34e35d2/pe5-v512-c1024-q256-replay-quartus/quartus-rtl/PifoMesh.v Line: 77567
    Info (276004): RAM logic "pifoEngines_4|enque_brain|brainStateUpdate_toStream_fifo|fifo|logic_ram" is uninferred due to inappropriate RAM size File: /data/work/rio-synthesis/shared-fifo-34e35d2/pe5-v512-c1024-q256-replay-quartus/quartus-rtl/PifoMesh.v Line: 77422
    Info (276004): RAM logic "pifoEngines_4|enque_brain|brainStateMem_io_readRes_toStream_fifo|fifo|logic_ram" is uninferred due to inappropriate RAM size File: /data/work/rio-synthesis/shared-fifo-34e35d2/pe5-v512-c1024-q256-replay-quartus/quartus-rtl/PifoMesh.v Line: 77160
    Info (276004): RAM logic "pifoEngines_4|enque_brain|engineCAM_io_readRes_toStream_fifo|fifo|logic_ram" is uninferred due to inappropriate RAM size File: /data/work/rio-synthesis/shared-fifo-34e35d2/pe5-v512-c1024-q256-replay-quartus/quartus-rtl/PifoMesh.v Line: 77160
    Info (276004): RAM logic "pifoEngines_4|enque_brain|io_outputs_4_fifo|fifo|logic_ram" is uninferred due to inappropriate RAM size File: /data/work/rio-synthesis/shared-fifo-34e35d2/pe5-v512-c1024-q256-replay-quartus/quartus-rtl/PifoMesh.v Line: 76891
Info (19000): Inferred 21 megafunctions from design logic
    Info (276029): Inferred altsyncram megafunction from the following design logic: "pifoEngines_0|deque_dequeMapper|banks_0_rtl_0"  File: /data/work/rio-synthesis/shared-fifo-34e35d2/pe5-v512-c1024-q256-replay-quartus/quartus-rtl/PifoMesh.v Line: 72681
        Info (286033): Parameter OPERATION_MODE set to DUAL_PORT
        Info (286033): Parameter WIDTH_A set to 12
        Info (286033): Parameter WIDTHAD_A set to 21
        Info (286033): Parameter NUMWORDS_A set to 2097152
        Info (286033): Parameter WIDTH_B set to 12
        Info (286033): Parameter WIDTHAD_B set to 21
        Info (286033): Parameter NUMWORDS_B set to 2097152
        Info (286033): Parameter ADDRESS_ACLR_A set to NONE
        Info (286033): Parameter OUTDATA_REG_B set to UNREGISTERED
        Info (286033): Parameter ADDRESS_ACLR_B set to NONE
        Info (286033): Parameter OUTDATA_ACLR_B set to NONE
        Info (286033): Parameter ADDRESS_REG_B set to CLOCK0
        Info (286033): Parameter INDATA_ACLR_A set to NONE
        Info (286033): Parameter WRCONTROL_ACLR_A set to NONE
        Info (286033): Parameter INIT_FILE set to /data/work/rio-synthesis/shared-fifo-34e35d2/pe5-v512-c1024-q256-replay-quartus/quartus-rtl/PifoMesh.v_toplevel_pifoEngines_0_deque_dequeMapper_banks_0.bin.mif
        Info (286033): Parameter READ_DURING_WRITE_MODE_MIXED_PORTS set to OLD_DATA
        Info (286033): Parameter RDCONTROL_REG_B set to CLOCK0
    Info (276029): Inferred altsyncram megafunction from the following design logic: "pifoEngines_0|deque_dequeMapper|banks_1_rtl_0"  File: /data/work/rio-synthesis/shared-fifo-34e35d2/pe5-v512-c1024-q256-replay-quartus/quartus-rtl/PifoMesh.v Line: 72683
        Info (286033): Parameter OPERATION_MODE set to DUAL_PORT
        Info (286033): Parameter WIDTH_A set to 12
        Info (286033): Parameter WIDTHAD_A set to 21
        Info (286033): Parameter NUMWORDS_A set to 2097152
        Info (286033): Parameter WIDTH_B set to 12
        Info (286033): Parameter WIDTHAD_B set to 21
        Info (286033): Parameter NUMWORDS_B set to 2097152
        Info (286033): Parameter ADDRESS_ACLR_A set to NONE
        Info (286033): Parameter OUTDATA_REG_B set to UNREGISTERED
        Info (286033): Parameter ADDRESS_ACLR_B set to NONE
        Info (286033): Parameter OUTDATA_ACLR_B set to NONE
        Info (286033): Parameter ADDRESS_REG_B set to CLOCK0
        Info (286033): Parameter INDATA_ACLR_A set to NONE
        Info (286033): Parameter WRCONTROL_ACLR_A set to NONE
        Info (286033): Parameter INIT_FILE set to /data/work/rio-synthesis/shared-fifo-34e35d2/pe5-v512-c1024-q256-replay-quartus/quartus-rtl/PifoMesh.v_toplevel_pifoEngines_0_deque_dequeMapper_banks_1.bin.mif
        Info (286033): Parameter READ_DURING_WRITE_MODE_MIXED_PORTS set to OLD_DATA
        Info (286033): Parameter RDCONTROL_REG_B set to CLOCK0
    Info (276029): Inferred altsyncram megafunction from the following design logic: "pifoEngines_1|deque_dequeMapper|banks_0_rtl_0"  File: /data/work/rio-synthesis/shared-fifo-34e35d2/pe5-v512-c1024-q256-replay-quartus/quartus-rtl/PifoMesh.v Line: 44533
        Info (286033): Parameter OPERATION_MODE set to DUAL_PORT
        Info (286033): Parameter WIDTH_A set to 12
        Info (286033): Parameter WIDTHAD_A set to 21
        Info (286033): Parameter NUMWORDS_A set to 2097152
        Info (286033): Parameter WIDTH_B set to 12
        Info (286033): Parameter WIDTHAD_B set to 21
        Info (286033): Parameter NUMWORDS_B set to 2097152
        Info (286033): Parameter ADDRESS_ACLR_A set to NONE
        Info (286033): Parameter OUTDATA_REG_B set to UNREGISTERED
        Info (286033): Parameter ADDRESS_ACLR_B set to NONE
        Info (286033): Parameter OUTDATA_ACLR_B set to NONE
        Info (286033): Parameter ADDRESS_REG_B set to CLOCK0
        Info (286033): Parameter INDATA_ACLR_A set to NONE
        Info (286033): Parameter WRCONTROL_ACLR_A set to NONE
        Info (286033): Parameter INIT_FILE set to /data/work/rio-synthesis/shared-fifo-34e35d2/pe5-v512-c1024-q256-replay-quartus/quartus-rtl/PifoMesh.v_toplevel_pifoEngines_1_deque_dequeMapper_banks_0.bin.mif
        Info (286033): Parameter READ_DURING_WRITE_MODE_MIXED_PORTS set to OLD_DATA
        Info (286033): Parameter RDCONTROL_REG_B set to CLOCK0
    Info (276029): Inferred altsyncram megafunction from the following design logic: "pifoEngines_1|deque_dequeMapper|banks_1_rtl_0"  File: /data/work/rio-synthesis/shared-fifo-34e35d2/pe5-v512-c1024-q256-replay-quartus/quartus-rtl/PifoMesh.v Line: 44535
        Info (286033): Parameter OPERATION_MODE set to DUAL_PORT
        Info (286033): Parameter WIDTH_A set to 12
        Info (286033): Parameter WIDTHAD_A set to 21
        Info (286033): Parameter NUMWORDS_A set to 2097152
        Info (286033): Parameter WIDTH_B set to 12
        Info (286033): Parameter WIDTHAD_B set to 21
        Info (286033): Parameter NUMWORDS_B set to 2097152
        Info (286033): Parameter ADDRESS_ACLR_A set to NONE
        Info (286033): Parameter OUTDATA_REG_B set to UNREGISTERED
        Info (286033): Parameter ADDRESS_ACLR_B set to NONE
        Info (286033): Parameter OUTDATA_ACLR_B set to NONE
        Info (286033): Parameter ADDRESS_REG_B set to CLOCK0
        Info (286033): Parameter INDATA_ACLR_A set to NONE
        Info (286033): Parameter WRCONTROL_ACLR_A set to NONE
        Info (286033): Parameter INIT_FILE set to /data/work/rio-synthesis/shared-fifo-34e35d2/pe5-v512-c1024-q256-replay-quartus/quartus-rtl/PifoMesh.v_toplevel_pifoEngines_1_deque_dequeMapper_banks_1.bin.mif
        Info (286033): Parameter READ_DURING_WRITE_MODE_MIXED_PORTS set to OLD_DATA
        Info (286033): Parameter RDCONTROL_REG_B set to CLOCK0
    Info (276029): Inferred altsyncram megafunction from the following design logic: "pifoEngines_2|deque_dequeMapper|banks_0_rtl_0"  File: /data/work/rio-synthesis/shared-fifo-34e35d2/pe5-v512-c1024-q256-replay-quartus/quartus-rtl/PifoMesh.v Line: 43253
        Info (286033): Parameter OPERATION_MODE set to DUAL_PORT
        Info (286033): Parameter WIDTH_A set to 12
        Info (286033): Parameter WIDTHAD_A set to 21
        Info (286033): Parameter NUMWORDS_A set to 2097152
        Info (286033): Parameter WIDTH_B set to 12
        Info (286033): Parameter WIDTHAD_B set to 21
        Info (286033): Parameter NUMWORDS_B set to 2097152
        Info (286033): Parameter ADDRESS_ACLR_A set to NONE
        Info (286033): Parameter OUTDATA_REG_B set to UNREGISTERED
        Info (286033): Parameter ADDRESS_ACLR_B set to NONE
        Info (286033): Parameter OUTDATA_ACLR_B set to NONE
        Info (286033): Parameter ADDRESS_REG_B set to CLOCK0
        Info (286033): Parameter INDATA_ACLR_A set to NONE
        Info (286033): Parameter WRCONTROL_ACLR_A set to NONE
        Info (286033): Parameter INIT_FILE set to /data/work/rio-synthesis/shared-fifo-34e35d2/pe5-v512-c1024-q256-replay-quartus/quartus-rtl/PifoMesh.v_toplevel_pifoEngines_2_deque_dequeMapper_banks_0.bin.mif
        Info (286033): Parameter READ_DURING_WRITE_MODE_MIXED_PORTS set to OLD_DATA
        Info (286033): Parameter RDCONTROL_REG_B set to CLOCK0
    Info (276029): Inferred altsyncram megafunction from the following design logic: "pifoEngines_2|deque_dequeMapper|banks_1_rtl_0"  File: /data/work/rio-synthesis/shared-fifo-34e35d2/pe5-v512-c1024-q256-replay-quartus/quartus-rtl/PifoMesh.v Line: 43255
        Info (286033): Parameter OPERATION_MODE set to DUAL_PORT
        Info (286033): Parameter WIDTH_A set to 12
        Info (286033): Parameter WIDTHAD_A set to 21
        Info (286033): Parameter NUMWORDS_A set to 2097152
        Info (286033): Parameter WIDTH_B set to 12
        Info (286033): Parameter WIDTHAD_B set to 21
        Info (286033): Parameter NUMWORDS_B set to 2097152
        Info (286033): Parameter ADDRESS_ACLR_A set to NONE
        Info (286033): Parameter OUTDATA_REG_B set to UNREGISTERED
        Info (286033): Parameter ADDRESS_ACLR_B set to NONE
        Info (286033): Parameter OUTDATA_ACLR_B set to NONE
        Info (286033): Parameter ADDRESS_REG_B set to CLOCK0
        Info (286033): Parameter INDATA_ACLR_A set to NONE
        Info (286033): Parameter WRCONTROL_ACLR_A set to NONE
        Info (286033): Parameter INIT_FILE set to /data/work/rio-synthesis/shared-fifo-34e35d2/pe5-v512-c1024-q256-replay-quartus/quartus-rtl/PifoMesh.v_toplevel_pifoEngines_2_deque_dequeMapper_banks_1.bin.mif
        Info (286033): Parameter READ_DURING_WRITE_MODE_MIXED_PORTS set to OLD_DATA
        Info (286033): Parameter RDCONTROL_REG_B set to CLOCK0
    Info (276029): Inferred altsyncram megafunction from the following design logic: "pifoEngines_3|deque_dequeMapper|banks_0_rtl_0"  File: /data/work/rio-synthesis/shared-fifo-34e35d2/pe5-v512-c1024-q256-replay-quartus/quartus-rtl/PifoMesh.v Line: 41973
        Info (286033): Parameter OPERATION_MODE set to DUAL_PORT
        Info (286033): Parameter WIDTH_A set to 12
        Info (286033): Parameter WIDTHAD_A set to 21
        Info (286033): Parameter NUMWORDS_A set to 2097152
        Info (286033): Parameter WIDTH_B set to 12
        Info (286033): Parameter WIDTHAD_B set to 21
        Info (286033): Parameter NUMWORDS_B set to 2097152
        Info (286033): Parameter ADDRESS_ACLR_A set to NONE
        Info (286033): Parameter OUTDATA_REG_B set to UNREGISTERED
        Info (286033): Parameter ADDRESS_ACLR_B set to NONE
        Info (286033): Parameter OUTDATA_ACLR_B set to NONE
        Info (286033): Parameter ADDRESS_REG_B set to CLOCK0
        Info (286033): Parameter INDATA_ACLR_A set to NONE
        Info (286033): Parameter WRCONTROL_ACLR_A set to NONE
        Info (286033): Parameter INIT_FILE set to /data/work/rio-synthesis/shared-fifo-34e35d2/pe5-v512-c1024-q256-replay-quartus/quartus-rtl/PifoMesh.v_toplevel_pifoEngines_3_deque_dequeMapper_banks_0.bin.mif
        Info (286033): Parameter READ_DURING_WRITE_MODE_MIXED_PORTS set to OLD_DATA
        Info (286033): Parameter RDCONTROL_REG_B set to CLOCK0
    Info (276029): Inferred altsyncram megafunction from the following design logic: "pifoEngines_3|deque_dequeMapper|banks_1_rtl_0"  File: /data/work/rio-synthesis/shared-fifo-34e35d2/pe5-v512-c1024-q256-replay-quartus/quartus-rtl/PifoMesh.v Line: 41975
        Info (286033): Parameter OPERATION_MODE set to DUAL_PORT
        Info (286033): Parameter WIDTH_A set to 12
        Info (286033): Parameter WIDTHAD_A set to 21
        Info (286033): Parameter NUMWORDS_A set to 2097152
        Info (286033): Parameter WIDTH_B set to 12
        Info (286033): Parameter WIDTHAD_B set to 21
        Info (286033): Parameter NUMWORDS_B set to 2097152
        Info (286033): Parameter ADDRESS_ACLR_A set to NONE
        Info (286033): Parameter OUTDATA_REG_B set to UNREGISTERED
        Info (286033): Parameter ADDRESS_ACLR_B set to NONE
        Info (286033): Parameter OUTDATA_ACLR_B set to NONE
        Info (286033): Parameter ADDRESS_REG_B set to CLOCK0
        Info (286033): Parameter INDATA_ACLR_A set to NONE
        Info (286033): Parameter WRCONTROL_ACLR_A set to NONE
        Info (286033): Parameter INIT_FILE set to /data/work/rio-synthesis/shared-fifo-34e35d2/pe5-v512-c1024-q256-replay-quartus/quartus-rtl/PifoMesh.v_toplevel_pifoEngines_3_deque_dequeMapper_banks_1.bin.mif
        Info (286033): Parameter READ_DURING_WRITE_MODE_MIXED_PORTS set to OLD_DATA
        Info (286033): Parameter RDCONTROL_REG_B set to CLOCK0
    Info (276029): Inferred altsyncram megafunction from the following design logic: "pifoEngines_4|deque_dequeMapper|banks_0_rtl_0"  File: /data/work/rio-synthesis/shared-fifo-34e35d2/pe5-v512-c1024-q256-replay-quartus/quartus-rtl/PifoMesh.v Line: 40693
        Info (286033): Parameter OPERATION_MODE set to DUAL_PORT
        Info (286033): Parameter WIDTH_A set to 12
        Info (286033): Parameter WIDTHAD_A set to 21
        Info (286033): Parameter NUMWORDS_A set to 2097152
        Info (286033): Parameter WIDTH_B set to 12
        Info (286033): Parameter WIDTHAD_B set to 21
        Info (286033): Parameter NUMWORDS_B set to 2097152
        Info (286033): Parameter ADDRESS_ACLR_A set to NONE
        Info (286033): Parameter OUTDATA_REG_B set to UNREGISTERED
        Info (286033): Parameter ADDRESS_ACLR_B set to NONE
        Info (286033): Parameter OUTDATA_ACLR_B set to NONE
        Info (286033): Parameter ADDRESS_REG_B set to CLOCK0
        Info (286033): Parameter INDATA_ACLR_A set to NONE
        Info (286033): Parameter WRCONTROL_ACLR_A set to NONE
        Info (286033): Parameter INIT_FILE set to /data/work/rio-synthesis/shared-fifo-34e35d2/pe5-v512-c1024-q256-replay-quartus/quartus-rtl/PifoMesh.v_toplevel_pifoEngines_4_deque_dequeMapper_banks_0.bin.mif
        Info (286033): Parameter READ_DURING_WRITE_MODE_MIXED_PORTS set to OLD_DATA
        Info (286033): Parameter RDCONTROL_REG_B set to CLOCK0
    Info (276029): Inferred altsyncram megafunction from the following design logic: "pifoEngines_4|deque_dequeMapper|banks_1_rtl_0"  File: /data/work/rio-synthesis/shared-fifo-34e35d2/pe5-v512-c1024-q256-replay-quartus/quartus-rtl/PifoMesh.v Line: 40695
        Info (286033): Parameter OPERATION_MODE set to DUAL_PORT
        Info (286033): Parameter WIDTH_A set to 12
        Info (286033): Parameter WIDTHAD_A set to 21
        Info (286033): Parameter NUMWORDS_A set to 2097152
        Info (286033): Parameter WIDTH_B set to 12
        Info (286033): Parameter WIDTHAD_B set to 21
        Info (286033): Parameter NUMWORDS_B set to 2097152
        Info (286033): Parameter ADDRESS_ACLR_A set to NONE
        Info (286033): Parameter OUTDATA_REG_B set to UNREGISTERED
        Info (286033): Parameter ADDRESS_ACLR_B set to NONE
        Info (286033): Parameter OUTDATA_ACLR_B set to NONE
        Info (286033): Parameter ADDRESS_REG_B set to CLOCK0
        Info (286033): Parameter INDATA_ACLR_A set to NONE
        Info (286033): Parameter WRCONTROL_ACLR_A set to NONE
        Info (286033): Parameter INIT_FILE set to /data/work/rio-synthesis/shared-fifo-34e35d2/pe5-v512-c1024-q256-replay-quartus/quartus-rtl/PifoMesh.v_toplevel_pifoEngines_4_deque_dequeMapper_banks_1.bin.mif
        Info (286033): Parameter READ_DURING_WRITE_MODE_MIXED_PORTS set to OLD_DATA
        Info (286033): Parameter RDCONTROL_REG_B set to CLOCK0
    Info (276029): Inferred altsyncram megafunction from the following design logic: "xbar|io_inputs_0_fifo|fifo|logic_ram_rtl_0"  File: /data/work/rio-synthesis/shared-fifo-34e35d2/pe5-v512-c1024-q256-replay-quartus/quartus-rtl/PifoMesh.v Line: 76716
        Info (286033): Parameter OPERATION_MODE set to DUAL_PORT
        Info (286033): Parameter WIDTH_A set to 12
        Info (286033): Parameter WIDTHAD_A set to 3
        Info (286033): Parameter NUMWORDS_A set to 8
        Info (286033): Parameter WIDTH_B set to 12
        Info (286033): Parameter WIDTHAD_B set to 3
        Info (286033): Parameter NUMWORDS_B set to 8
        Info (286033): Parameter ADDRESS_ACLR_A set to NONE
        Info (286033): Parameter OUTDATA_REG_B set to UNREGISTERED
        Info (286033): Parameter ADDRESS_ACLR_B set to CLEAR0
        Info (286033): Parameter OUTDATA_ACLR_B set to NONE
        Info (286033): Parameter ADDRESS_REG_B set to CLOCK0
        Info (286033): Parameter INDATA_ACLR_A set to NONE
        Info (286033): Parameter WRCONTROL_ACLR_A set to NONE
    Info (276029): Inferred altsyncram megafunction from the following design logic: "xbar|io_inputs_1_fifo|fifo|logic_ram_rtl_0"  File: /data/work/rio-synthesis/shared-fifo-34e35d2/pe5-v512-c1024-q256-replay-quartus/quartus-rtl/PifoMesh.v Line: 76716
        Info (286033): Parameter OPERATION_MODE set to DUAL_PORT
        Info (286033): Parameter WIDTH_A set to 12
        Info (286033): Parameter WIDTHAD_A set to 3
        Info (286033): Parameter NUMWORDS_A set to 8
        Info (286033): Parameter WIDTH_B set to 12
        Info (286033): Parameter WIDTHAD_B set to 3
        Info (286033): Parameter NUMWORDS_B set to 8
        Info (286033): Parameter ADDRESS_ACLR_A set to NONE
        Info (286033): Parameter OUTDATA_REG_B set to UNREGISTERED
        Info (286033): Parameter ADDRESS_ACLR_B set to CLEAR0
        Info (286033): Parameter OUTDATA_ACLR_B set to NONE
        Info (286033): Parameter ADDRESS_REG_B set to CLOCK0
        Info (286033): Parameter INDATA_ACLR_A set to NONE
        Info (286033): Parameter WRCONTROL_ACLR_A set to NONE
    Info (276029): Inferred altsyncram megafunction from the following design logic: "xbar|io_inputs_2_fifo|fifo|logic_ram_rtl_0"  File: /data/work/rio-synthesis/shared-fifo-34e35d2/pe5-v512-c1024-q256-replay-quartus/quartus-rtl/PifoMesh.v Line: 76716
        Info (286033): Parameter OPERATION_MODE set to DUAL_PORT
        Info (286033): Parameter WIDTH_A set to 12
        Info (286033): Parameter WIDTHAD_A set to 3
        Info (286033): Parameter NUMWORDS_A set to 8
        Info (286033): Parameter WIDTH_B set to 12
        Info (286033): Parameter WIDTHAD_B set to 3
        Info (286033): Parameter NUMWORDS_B set to 8
        Info (286033): Parameter ADDRESS_ACLR_A set to NONE
        Info (286033): Parameter OUTDATA_REG_B set to UNREGISTERED
        Info (286033): Parameter ADDRESS_ACLR_B set to CLEAR0
        Info (286033): Parameter OUTDATA_ACLR_B set to NONE
        Info (286033): Parameter ADDRESS_REG_B set to CLOCK0
        Info (286033): Parameter INDATA_ACLR_A set to NONE
        Info (286033): Parameter WRCONTROL_ACLR_A set to NONE
    Info (276029): Inferred altsyncram megafunction from the following design logic: "xbar|io_inputs_3_fifo|fifo|logic_ram_rtl_0"  File: /data/work/rio-synthesis/shared-fifo-34e35d2/pe5-v512-c1024-q256-replay-quartus/quartus-rtl/PifoMesh.v Line: 76716
        Info (286033): Parameter OPERATION_MODE set to DUAL_PORT
        Info (286033): Parameter WIDTH_A set to 12
        Info (286033): Parameter WIDTHAD_A set to 3
        Info (286033): Parameter NUMWORDS_A set to 8
        Info (286033): Parameter WIDTH_B set to 12
        Info (286033): Parameter WIDTHAD_B set to 3
        Info (286033): Parameter NUMWORDS_B set to 8
        Info (286033): Parameter ADDRESS_ACLR_A set to NONE
        Info (286033): Parameter OUTDATA_REG_B set to UNREGISTERED
        Info (286033): Parameter ADDRESS_ACLR_B set to CLEAR0
        Info (286033): Parameter OUTDATA_ACLR_B set to NONE
        Info (286033): Parameter ADDRESS_REG_B set to CLOCK0
        Info (286033): Parameter INDATA_ACLR_A set to NONE
        Info (286033): Parameter WRCONTROL_ACLR_A set to NONE
    Info (276029): Inferred altsyncram megafunction from the following design logic: "xbar|io_inputs_4_fifo|fifo|logic_ram_rtl_0"  File: /data/work/rio-synthesis/shared-fifo-34e35d2/pe5-v512-c1024-q256-replay-quartus/quartus-rtl/PifoMesh.v Line: 76716
        Info (286033): Parameter OPERATION_MODE set to DUAL_PORT
        Info (286033): Parameter WIDTH_A set to 12
        Info (286033): Parameter WIDTHAD_A set to 3
        Info (286033): Parameter NUMWORDS_A set to 8
        Info (286033): Parameter WIDTH_B set to 12
        Info (286033): Parameter WIDTHAD_B set to 3
        Info (286033): Parameter NUMWORDS_B set to 8
        Info (286033): Parameter ADDRESS_ACLR_A set to NONE
        Info (286033): Parameter OUTDATA_REG_B set to UNREGISTERED
        Info (286033): Parameter ADDRESS_ACLR_B set to CLEAR0
        Info (286033): Parameter OUTDATA_ACLR_B set to NONE
        Info (286033): Parameter ADDRESS_REG_B set to CLOCK0
        Info (286033): Parameter INDATA_ACLR_A set to NONE
        Info (286033): Parameter WRCONTROL_ACLR_A set to NONE
    Info (276029): Inferred altsyncram megafunction from the following design logic: "xbar|io_inputs_5_fifo|fifo|logic_ram_rtl_0"  File: /data/work/rio-synthesis/shared-fifo-34e35d2/pe5-v512-c1024-q256-replay-quartus/quartus-rtl/PifoMesh.v Line: 76716
        Info (286033): Parameter OPERATION_MODE set to DUAL_PORT
        Info (286033): Parameter WIDTH_A set to 12
        Info (286033): Parameter WIDTHAD_A set to 3
        Info (286033): Parameter NUMWORDS_A set to 8
        Info (286033): Parameter WIDTH_B set to 12
        Info (286033): Parameter WIDTHAD_B set to 3
        Info (286033): Parameter NUMWORDS_B set to 8
        Info (286033): Parameter ADDRESS_ACLR_A set to NONE
        Info (286033): Parameter OUTDATA_REG_B set to UNREGISTERED
        Info (286033): Parameter ADDRESS_ACLR_B set to CLEAR0
        Info (286033): Parameter OUTDATA_ACLR_B set to NONE
        Info (286033): Parameter ADDRESS_REG_B set to CLOCK0
        Info (286033): Parameter INDATA_ACLR_A set to NONE
        Info (286033): Parameter WRCONTROL_ACLR_A set to NONE
    Info (276029): Inferred altsyncram megafunction from the following design logic: "pifoEngines_0|enque_brain|engineCAM|ram_rtl_0"  File: /data/work/rio-synthesis/shared-fifo-34e35d2/pe5-v512-c1024-q256-replay-quartus/quartus-rtl/PifoMesh.v Line: 76242
        Info (286033): Parameter OPERATION_MODE set to DUAL_PORT
        Info (286033): Parameter WIDTH_A set to 32
        Info (286033): Parameter WIDTHAD_A set to 21
        Info (286033): Parameter NUMWORDS_A set to 2097152
        Info (286033): Parameter WIDTH_B set to 32
        Info (286033): Parameter WIDTHAD_B set to 21
        Info (286033): Parameter NUMWORDS_B set to 2097152
        Info (286033): Parameter ADDRESS_ACLR_A set to NONE
        Info (286033): Parameter OUTDATA_REG_B set to UNREGISTERED
        Info (286033): Parameter ADDRESS_ACLR_B set to NONE
        Info (286033): Parameter OUTDATA_ACLR_B set to NONE
        Info (286033): Parameter ADDRESS_REG_B set to CLOCK0
        Info (286033): Parameter INDATA_ACLR_A set to NONE
        Info (286033): Parameter WRCONTROL_ACLR_A set to NONE
        Info (286033): Parameter INIT_FILE set to /data/work/rio-synthesis/shared-fifo-34e35d2/pe5-v512-c1024-q256-replay-quartus/quartus-rtl/PifoMesh.v_toplevel_pifoEngines_0_enque_brain_engineCAM_ram.bin.mif
        Info (286033): Parameter READ_DURING_WRITE_MODE_MIXED_PORTS set to OLD_DATA
    Info (276029): Inferred altsyncram megafunction from the following design logic: "pifoEngines_1|enque_brain|engineCAM|ram_rtl_0"  File: /data/work/rio-synthesis/shared-fifo-34e35d2/pe5-v512-c1024-q256-replay-quartus/quartus-rtl/PifoMesh.v Line: 75255
        Info (286033): Parameter OPERATION_MODE set to DUAL_PORT
        Info (286033): Parameter WIDTH_A set to 32
        Info (286033): Parameter WIDTHAD_A set to 21
        Info (286033): Parameter NUMWORDS_A set to 2097152
        Info (286033): Parameter WIDTH_B set to 32
        Info (286033): Parameter WIDTHAD_B set to 21
        Info (286033): Parameter NUMWORDS_B set to 2097152
        Info (286033): Parameter ADDRESS_ACLR_A set to NONE
        Info (286033): Parameter OUTDATA_REG_B set to UNREGISTERED
        Info (286033): Parameter ADDRESS_ACLR_B set to NONE
        Info (286033): Parameter OUTDATA_ACLR_B set to NONE
        Info (286033): Parameter ADDRESS_REG_B set to CLOCK0
        Info (286033): Parameter INDATA_ACLR_A set to NONE
        Info (286033): Parameter WRCONTROL_ACLR_A set to NONE
        Info (286033): Parameter INIT_FILE set to /data/work/rio-synthesis/shared-fifo-34e35d2/pe5-v512-c1024-q256-replay-quartus/quartus-rtl/PifoMesh.v_toplevel_pifoEngines_1_enque_brain_engineCAM_ram.bin.mif
        Info (286033): Parameter READ_DURING_WRITE_MODE_MIXED_PORTS set to OLD_DATA
    Info (276029): Inferred altsyncram megafunction from the following design logic: "pifoEngines_2|enque_brain|engineCAM|ram_rtl_0"  File: /data/work/rio-synthesis/shared-fifo-34e35d2/pe5-v512-c1024-q256-replay-quartus/quartus-rtl/PifoMesh.v Line: 75005
        Info (286033): Parameter OPERATION_MODE set to DUAL_PORT
        Info (286033): Parameter WIDTH_A set to 32
        Info (286033): Parameter WIDTHAD_A set to 21
        Info (286033): Parameter NUMWORDS_A set to 2097152
        Info (286033): Parameter WIDTH_B set to 32
        Info (286033): Parameter WIDTHAD_B set to 21
        Info (286033): Parameter NUMWORDS_B set to 2097152
        Info (286033): Parameter ADDRESS_ACLR_A set to NONE
        Info (286033): Parameter OUTDATA_REG_B set to UNREGISTERED
        Info (286033): Parameter ADDRESS_ACLR_B set to NONE
        Info (286033): Parameter OUTDATA_ACLR_B set to NONE
        Info (286033): Parameter ADDRESS_REG_B set to CLOCK0
        Info (286033): Parameter INDATA_ACLR_A set to NONE
        Info (286033): Parameter WRCONTROL_ACLR_A set to NONE
        Info (286033): Parameter INIT_FILE set to /data/work/rio-synthesis/shared-fifo-34e35d2/pe5-v512-c1024-q256-replay-quartus/quartus-rtl/PifoMesh.v_toplevel_pifoEngines_2_enque_brain_engineCAM_ram.bin.mif
        Info (286033): Parameter READ_DURING_WRITE_MODE_MIXED_PORTS set to OLD_DATA
    Info (276029): Inferred altsyncram megafunction from the following design logic: "pifoEngines_3|enque_brain|engineCAM|ram_rtl_0"  File: /data/work/rio-synthesis/shared-fifo-34e35d2/pe5-v512-c1024-q256-replay-quartus/quartus-rtl/PifoMesh.v Line: 74755
        Info (286033): Parameter OPERATION_MODE set to DUAL_PORT
        Info (286033): Parameter WIDTH_A set to 32
        Info (286033): Parameter WIDTHAD_A set to 21
        Info (286033): Parameter NUMWORDS_A set to 2097152
        Info (286033): Parameter WIDTH_B set to 32
        Info (286033): Parameter WIDTHAD_B set to 21
        Info (286033): Parameter NUMWORDS_B set to 2097152
        Info (286033): Parameter ADDRESS_ACLR_A set to NONE
        Info (286033): Parameter OUTDATA_REG_B set to UNREGISTERED
        Info (286033): Parameter ADDRESS_ACLR_B set to NONE
        Info (286033): Parameter OUTDATA_ACLR_B set to NONE
        Info (286033): Parameter ADDRESS_REG_B set to CLOCK0
        Info (286033): Parameter INDATA_ACLR_A set to NONE
        Info (286033): Parameter WRCONTROL_ACLR_A set to NONE
        Info (286033): Parameter INIT_FILE set to /data/work/rio-synthesis/shared-fifo-34e35d2/pe5-v512-c1024-q256-replay-quartus/quartus-rtl/PifoMesh.v_toplevel_pifoEngines_3_enque_brain_engineCAM_ram.bin.mif
        Info (286033): Parameter READ_DURING_WRITE_MODE_MIXED_PORTS set to OLD_DATA
    Info (276029): Inferred altsyncram megafunction from the following design logic: "pifoEngines_4|enque_brain|engineCAM|ram_rtl_0"  File: /data/work/rio-synthesis/shared-fifo-34e35d2/pe5-v512-c1024-q256-replay-quartus/quartus-rtl/PifoMesh.v Line: 74505
        Info (286033): Parameter OPERATION_MODE set to DUAL_PORT
        Info (286033): Parameter WIDTH_A set to 32
        Info (286033): Parameter WIDTHAD_A set to 21
        Info (286033): Parameter NUMWORDS_A set to 2097152
        Info (286033): Parameter WIDTH_B set to 32
        Info (286033): Parameter WIDTHAD_B set to 21
        Info (286033): Parameter NUMWORDS_B set to 2097152
        Info (286033): Parameter ADDRESS_ACLR_A set to NONE
        Info (286033): Parameter OUTDATA_REG_B set to UNREGISTERED
        Info (286033): Parameter ADDRESS_ACLR_B set to NONE
        Info (286033): Parameter OUTDATA_ACLR_B set to NONE
        Info (286033): Parameter ADDRESS_REG_B set to CLOCK0
        Info (286033): Parameter INDATA_ACLR_A set to NONE
        Info (286033): Parameter WRCONTROL_ACLR_A set to NONE
        Info (286033): Parameter INIT_FILE set to /data/work/rio-synthesis/shared-fifo-34e35d2/pe5-v512-c1024-q256-replay-quartus/quartus-rtl/PifoMesh.v_toplevel_pifoEngines_4_enque_brain_engineCAM_ram.bin.mif
        Info (286033): Parameter READ_DURING_WRITE_MODE_MIXED_PORTS set to OLD_DATA
Warning (276002): Cannot convert all sets of registers into RAM megafunctions when creating nodes; therefore, the resulting number of registers remaining in design can cause longer compilation time or result in insufficient memory to complete Analysis and Synthesis
Warning (14284): Synthesized away the following node(s):
    Warning (25637): Synthesized away 122880 node(s) of type RAM. See "Registers Removed during Synthesis" report for more details.
Warning (13024): Output pins are stuck at VCC or GND
    Warning (13410): Pin "io_pifo_0_push2_payload_data[0..11]" is stuck at GND File: /data/work/rio-synthesis/shared-fifo-34e35d2/pe5-v512-c1024-q256-replay-quartus/quartus-rtl/PifoMesh.v Line: 49
    Warning (13410): Pin "io_pifo_0_push2_payload_port[0..8]" is stuck at GND File: /data/work/rio-synthesis/shared-fifo-34e35d2/pe5-v512-c1024-q256-replay-quartus/quartus-rtl/PifoMesh.v Line: 50
    Warning (13410): Pin "io_pifo_0_push2_payload_priority[0..7]" is stuck at GND File: /data/work/rio-synthesis/shared-fifo-34e35d2/pe5-v512-c1024-q256-replay-quartus/quartus-rtl/PifoMesh.v Line: 48
    Warning (13410): Pin "io_pifo_0_push2_valid" is stuck at GND File: /data/work/rio-synthesis/shared-fifo-34e35d2/pe5-v512-c1024-q256-replay-quartus/quartus-rtl/PifoMesh.v Line: 47
    Warning (13410): Pin "io_pifo_1_push2_payload_data[0..11]" is stuck at GND File: /data/work/rio-synthesis/shared-fifo-34e35d2/pe5-v512-c1024-q256-replay-quartus/quartus-rtl/PifoMesh.v Line: 71
    Warning (13410): Pin "io_pifo_1_push2_payload_port[0..8]" is stuck at GND File: /data/work/rio-synthesis/shared-fifo-34e35d2/pe5-v512-c1024-q256-replay-quartus/quartus-rtl/PifoMesh.v Line: 72
    Warning (13410): Pin "io_pifo_1_push2_payload_priority[0..7]" is stuck at GND File: /data/work/rio-synthesis/shared-fifo-34e35d2/pe5-v512-c1024-q256-replay-quartus/quartus-rtl/PifoMesh.v Line: 70
    Warning (13410): Pin "io_pifo_1_push2_valid" is stuck at GND File: /data/work/rio-synthesis/shared-fifo-34e35d2/pe5-v512-c1024-q256-replay-quartus/quartus-rtl/PifoMesh.v Line: 69
    Warning (13410): Pin "io_pifo_2_push2_payload_data[0..11]" is stuck at GND File: /data/work/rio-synthesis/shared-fifo-34e35d2/pe5-v512-c1024-q256-replay-quartus/quartus-rtl/PifoMesh.v Line: 93
    Warning (13410): Pin "io_pifo_2_push2_payload_port[0..8]" is stuck at GND File: /data/work/rio-synthesis/shared-fifo-34e35d2/pe5-v512-c1024-q256-replay-quartus/quartus-rtl/PifoMesh.v Line: 94
    Warning (13410): Pin "io_pifo_2_push2_payload_priority[0..7]" is stuck at GND File: /data/work/rio-synthesis/shared-fifo-34e35d2/pe5-v512-c1024-q256-replay-quartus/quartus-rtl/PifoMesh.v Line: 92
    Warning (13410): Pin "io_pifo_2_push2_valid" is stuck at GND File: /data/work/rio-synthesis/shared-fifo-34e35d2/pe5-v512-c1024-q256-replay-quartus/quartus-rtl/PifoMesh.v Line: 91
    Warning (13410): Pin "io_pifo_3_push2_payload_data[0..11]" is stuck at GND File: /data/work/rio-synthesis/shared-fifo-34e35d2/pe5-v512-c1024-q256-replay-quartus/quartus-rtl/PifoMesh.v Line: 115
    Warning (13410): Pin "io_pifo_3_push2_payload_port[0..8]" is stuck at GND File: /data/work/rio-synthesis/shared-fifo-34e35d2/pe5-v512-c1024-q256-replay-quartus/quartus-rtl/PifoMesh.v Line: 116
    Warning (13410): Pin "io_pifo_3_push2_payload_priority[0..7]" is stuck at GND File: /data/work/rio-synthesis/shared-fifo-34e35d2/pe5-v512-c1024-q256-replay-quartus/quartus-rtl/PifoMesh.v Line: 114
    Warning (13410): Pin "io_pifo_3_push2_valid" is stuck at GND File: /data/work/rio-synthesis/shared-fifo-34e35d2/pe5-v512-c1024-q256-replay-quartus/quartus-rtl/PifoMesh.v Line: 113
    Warning (13410): Pin "io_pifo_4_push2_payload_data[0..11]" is stuck at GND File: /data/work/rio-synthesis/shared-fifo-34e35d2/pe5-v512-c1024-q256-replay-quartus/quartus-rtl/PifoMesh.v Line: 137
    Warning (13410): Pin "io_pifo_4_push2_payload_port[0..8]" is stuck at GND File: /data/work/rio-synthesis/shared-fifo-34e35d2/pe5-v512-c1024-q256-replay-quartus/quartus-rtl/PifoMesh.v Line: 138
    Warning (13410): Pin "io_pifo_4_push2_payload_priority[0..7]" is stuck at GND File: /data/work/rio-synthesis/shared-fifo-34e35d2/pe5-v512-c1024-q256-replay-quartus/quartus-rtl/PifoMesh.v Line: 136
    Warning (13410): Pin "io_pifo_4_push2_valid" is stuck at GND File: /data/work/rio-synthesis/shared-fifo-34e35d2/pe5-v512-c1024-q256-replay-quartus/quartus-rtl/PifoMesh.v Line: 135
    Warning (13410): Pin "io_replayLogAvailable[8]" is stuck at GND File: /data/work/rio-synthesis/shared-fifo-34e35d2/pe5-v512-c1024-q256-replay-quartus/quartus-rtl/PifoMesh.v Line: 156
Info (17049): 189730 registers lost all their fanouts during netlist optimizations.
Info (21057): Implemented 451488 device resources after synthesis - the final resource count might be different
    Info (21058): Implemented 451 input pins
    Info (21059): Implemented 413 output pins
    Info (21061): Implemented 286712 logic cells
    Info (21064): Implemented 163912 RAM segments
Info: Successfully synthesized partition
Info: Saving post-synthesis snapshots for 1 partition(s)
Info (21615): Running Design Assistant Rules for snapshot 'synthesized'
Info: No waiver waived any violations
Info (22360): Design Assistant Results: 12 of 13 enabled rules passed, and 7 rules was disabled, in snapshot 'synthesized'
Info (21661): Design Assistant Results: 0 of 1 High severity rules issued violations in snapshot 'synthesized'
Info (21621): Design Assistant Results: 1 of 6 Medium severity rules issued violations in snapshot 'synthesized'. Please refer to DRC report '/data/work/rio-synthesis/shared-fifo-34e35d2/pe5-v512-c1024-q256-replay-quartus/output_files/pifo.drc.synthesized.rpt' for more information
Info (21622): Design Assistant Results: 0 of 6 Low severity rules issued violations in snapshot 'synthesized'
Info: Quartus Prime Synthesis was successful. 0 errors, 32 warnings
    Info: Peak virtual memory: 11998 megabytes
    Info: Processing ended: Mon Sep  7 14:58:39 2026
    Info: Elapsed time: 00:20:42
    Info: System process ID: 435005
