Info (22747): Value AUTO_DISCOVERY for QSF Assignment PWRMGT_VOLTAGE_OUTPUT_FORMAT is not supported. Hence changing the value to LINEAR_FORMAT
Info: *******************************************************************
Info: Running Quartus Prime Synthesis
    Info: Version 25.3.1 Build 100 12/19/2025 SC Pro Edition
    Info: Copyright (C) 2025  Altera Corporation. All rights reserved.
    Info: Your use of Altera Corporation's design tools, logic functions 
    Info: and other software and tools, and any partner logic 
    Info: functions, and any output files from any of the foregoing 
    Info: (including device programming or simulation files), and any 
    Info: associated documentation or information are expressly subject 
    Info: to the terms and conditions of the Altera Program License 
    Info: Subscription Agreement, the Altera Quartus Prime License Agreement,
    Info: the Altera IP License Agreement, or other applicable license
    Info: agreement, including, without limitation, that your use is for
    Info: the sole purpose of programming logic devices manufactured by
    Info: Altera and sold by Altera or its authorized distributors.  Please
    Info: refer to the Altera Software License Subscription Agreements 
    Info: on the Quartus Prime software download page.
    Info: Processing started: Mon Sep  7 14:03:15 2026
    Info: System process ID: 424977
Info: Command: quartus_syn pifo
Info: qis_default_flow_script.tcl version: #2
Info: Initializing Synthesis...
Info: Project = "pifo"
Info: Revision = "pifo"
Info (21958): Initialized Quartus Message Database
Info: Analyzing source files
Critical Warning (20759): Use the Reset Release IP in Agilex 7 designs to ensure a successful configuration. For more information about the Reset Release IP, refer to the Configuration User Guide.
Info: Elaborating from top-level entity "PifoMesh"
Info (22567): Verilog HDL info at PifoMesh.v(24824): extracting RAM for identifier 'logic_ram' File: /data/work/rio-synthesis/shared-fifo-34e35d2/pe5-v64-c1024-q256-replay-quartus/quartus-rtl/PifoMesh.v Line: 24824
Info (22567): Verilog HDL info at PifoMesh.v(22004): extracting RAM for identifier 'banks_0' File: /data/work/rio-synthesis/shared-fifo-34e35d2/pe5-v64-c1024-q256-replay-quartus/quartus-rtl/PifoMesh.v Line: 22004
Info (22567): Verilog HDL info at PifoMesh.v(22006): extracting RAM for identifier 'banks_1' File: /data/work/rio-synthesis/shared-fifo-34e35d2/pe5-v64-c1024-q256-replay-quartus/quartus-rtl/PifoMesh.v Line: 22006
Info (22567): Verilog HDL info at PifoMesh.v(24669): extracting RAM for identifier 'logic_ram' File: /data/work/rio-synthesis/shared-fifo-34e35d2/pe5-v64-c1024-q256-replay-quartus/quartus-rtl/PifoMesh.v Line: 24669
Info (22567): Verilog HDL info at PifoMesh.v(24462): extracting RAM for identifier 'ram' File: /data/work/rio-synthesis/shared-fifo-34e35d2/pe5-v64-c1024-q256-replay-quartus/quartus-rtl/PifoMesh.v Line: 24462
Info (22567): Verilog HDL info at PifoMesh.v(24406): extracting RAM for identifier 'ram' File: /data/work/rio-synthesis/shared-fifo-34e35d2/pe5-v64-c1024-q256-replay-quartus/quartus-rtl/PifoMesh.v Line: 24406
Info (22567): Verilog HDL info at PifoMesh.v(24350): extracting RAM for identifier 'ram' File: /data/work/rio-synthesis/shared-fifo-34e35d2/pe5-v64-c1024-q256-replay-quartus/quartus-rtl/PifoMesh.v Line: 24350
Info (22567): Verilog HDL info at PifoMesh.v(25675): extracting RAM for identifier 'logic_ram' File: /data/work/rio-synthesis/shared-fifo-34e35d2/pe5-v64-c1024-q256-replay-quartus/quartus-rtl/PifoMesh.v Line: 25675
Info (22567): Verilog HDL info at PifoMesh.v(24176): extracting RAM for identifier 'ram' File: /data/work/rio-synthesis/shared-fifo-34e35d2/pe5-v64-c1024-q256-replay-quartus/quartus-rtl/PifoMesh.v Line: 24176
Info (22567): Verilog HDL info at PifoMesh.v(25530): extracting RAM for identifier 'logic_ram' File: /data/work/rio-synthesis/shared-fifo-34e35d2/pe5-v64-c1024-q256-replay-quartus/quartus-rtl/PifoMesh.v Line: 25530
Info (22567): Verilog HDL info at PifoMesh.v(25396): extracting RAM for identifier 'logic_ram' File: /data/work/rio-synthesis/shared-fifo-34e35d2/pe5-v64-c1024-q256-replay-quartus/quartus-rtl/PifoMesh.v Line: 25396
Info (22567): Verilog HDL info at PifoMesh.v(25268): extracting RAM for identifier 'logic_ram' File: /data/work/rio-synthesis/shared-fifo-34e35d2/pe5-v64-c1024-q256-replay-quartus/quartus-rtl/PifoMesh.v Line: 25268
Info (22567): Verilog HDL info at PifoMesh.v(25138): extracting RAM for identifier 'logic_ram' File: /data/work/rio-synthesis/shared-fifo-34e35d2/pe5-v64-c1024-q256-replay-quartus/quartus-rtl/PifoMesh.v Line: 25138
Info (22567): Verilog HDL info at PifoMesh.v(24999): extracting RAM for identifier 'logic_ram' File: /data/work/rio-synthesis/shared-fifo-34e35d2/pe5-v64-c1024-q256-replay-quartus/quartus-rtl/PifoMesh.v Line: 24999
Info (22567): Verilog HDL info at PifoMesh.v(20789): extracting RAM for identifier 'banks_0' File: /data/work/rio-synthesis/shared-fifo-34e35d2/pe5-v64-c1024-q256-replay-quartus/quartus-rtl/PifoMesh.v Line: 20789
Info (22567): Verilog HDL info at PifoMesh.v(20791): extracting RAM for identifier 'banks_1' File: /data/work/rio-synthesis/shared-fifo-34e35d2/pe5-v64-c1024-q256-replay-quartus/quartus-rtl/PifoMesh.v Line: 20791
Info (22567): Verilog HDL info at PifoMesh.v(23571): extracting RAM for identifier 'logic_ram' File: /data/work/rio-synthesis/shared-fifo-34e35d2/pe5-v64-c1024-q256-replay-quartus/quartus-rtl/PifoMesh.v Line: 23571
Info (22567): Verilog HDL info at PifoMesh.v(17107): extracting RAM for identifier 'banks_0' File: /data/work/rio-synthesis/shared-fifo-34e35d2/pe5-v64-c1024-q256-replay-quartus/quartus-rtl/PifoMesh.v Line: 17107
Info (22567): Verilog HDL info at PifoMesh.v(17109): extracting RAM for identifier 'banks_1' File: /data/work/rio-synthesis/shared-fifo-34e35d2/pe5-v64-c1024-q256-replay-quartus/quartus-rtl/PifoMesh.v Line: 17109
Info (22567): Verilog HDL info at PifoMesh.v(23475): extracting RAM for identifier 'ram' File: /data/work/rio-synthesis/shared-fifo-34e35d2/pe5-v64-c1024-q256-replay-quartus/quartus-rtl/PifoMesh.v Line: 23475
Info (22567): Verilog HDL info at PifoMesh.v(23419): extracting RAM for identifier 'ram' File: /data/work/rio-synthesis/shared-fifo-34e35d2/pe5-v64-c1024-q256-replay-quartus/quartus-rtl/PifoMesh.v Line: 23419
Info (22567): Verilog HDL info at PifoMesh.v(23363): extracting RAM for identifier 'ram' File: /data/work/rio-synthesis/shared-fifo-34e35d2/pe5-v64-c1024-q256-replay-quartus/quartus-rtl/PifoMesh.v Line: 23363
Info (22567): Verilog HDL info at PifoMesh.v(23303): extracting RAM for identifier 'ram' File: /data/work/rio-synthesis/shared-fifo-34e35d2/pe5-v64-c1024-q256-replay-quartus/quartus-rtl/PifoMesh.v Line: 23303
Info (22567): Verilog HDL info at PifoMesh.v(15937): extracting RAM for identifier 'banks_0' File: /data/work/rio-synthesis/shared-fifo-34e35d2/pe5-v64-c1024-q256-replay-quartus/quartus-rtl/PifoMesh.v Line: 15937
Info (22567): Verilog HDL info at PifoMesh.v(15939): extracting RAM for identifier 'banks_1' File: /data/work/rio-synthesis/shared-fifo-34e35d2/pe5-v64-c1024-q256-replay-quartus/quartus-rtl/PifoMesh.v Line: 15939
Info (22567): Verilog HDL info at PifoMesh.v(15827): extracting RAM for identifier 'banks_0' File: /data/work/rio-synthesis/shared-fifo-34e35d2/pe5-v64-c1024-q256-replay-quartus/quartus-rtl/PifoMesh.v Line: 15827
Info (22567): Verilog HDL info at PifoMesh.v(15829): extracting RAM for identifier 'banks_1' File: /data/work/rio-synthesis/shared-fifo-34e35d2/pe5-v64-c1024-q256-replay-quartus/quartus-rtl/PifoMesh.v Line: 15829
Info (22567): Verilog HDL info at PifoMesh.v(23225): extracting RAM for identifier 'ram' File: /data/work/rio-synthesis/shared-fifo-34e35d2/pe5-v64-c1024-q256-replay-quartus/quartus-rtl/PifoMesh.v Line: 23225
Info (22567): Verilog HDL info at PifoMesh.v(23169): extracting RAM for identifier 'ram' File: /data/work/rio-synthesis/shared-fifo-34e35d2/pe5-v64-c1024-q256-replay-quartus/quartus-rtl/PifoMesh.v Line: 23169
Info (22567): Verilog HDL info at PifoMesh.v(23113): extracting RAM for identifier 'ram' File: /data/work/rio-synthesis/shared-fifo-34e35d2/pe5-v64-c1024-q256-replay-quartus/quartus-rtl/PifoMesh.v Line: 23113
Info (22567): Verilog HDL info at PifoMesh.v(23053): extracting RAM for identifier 'ram' File: /data/work/rio-synthesis/shared-fifo-34e35d2/pe5-v64-c1024-q256-replay-quartus/quartus-rtl/PifoMesh.v Line: 23053
Info (22567): Verilog HDL info at PifoMesh.v(14657): extracting RAM for identifier 'banks_0' File: /data/work/rio-synthesis/shared-fifo-34e35d2/pe5-v64-c1024-q256-replay-quartus/quartus-rtl/PifoMesh.v Line: 14657
Info (22567): Verilog HDL info at PifoMesh.v(14659): extracting RAM for identifier 'banks_1' File: /data/work/rio-synthesis/shared-fifo-34e35d2/pe5-v64-c1024-q256-replay-quartus/quartus-rtl/PifoMesh.v Line: 14659
Info (22567): Verilog HDL info at PifoMesh.v(14547): extracting RAM for identifier 'banks_0' File: /data/work/rio-synthesis/shared-fifo-34e35d2/pe5-v64-c1024-q256-replay-quartus/quartus-rtl/PifoMesh.v Line: 14547
Info (22567): Verilog HDL info at PifoMesh.v(14549): extracting RAM for identifier 'banks_1' File: /data/work/rio-synthesis/shared-fifo-34e35d2/pe5-v64-c1024-q256-replay-quartus/quartus-rtl/PifoMesh.v Line: 14549
Info (22567): Verilog HDL info at PifoMesh.v(22975): extracting RAM for identifier 'ram' File: /data/work/rio-synthesis/shared-fifo-34e35d2/pe5-v64-c1024-q256-replay-quartus/quartus-rtl/PifoMesh.v Line: 22975
Info (22567): Verilog HDL info at PifoMesh.v(22919): extracting RAM for identifier 'ram' File: /data/work/rio-synthesis/shared-fifo-34e35d2/pe5-v64-c1024-q256-replay-quartus/quartus-rtl/PifoMesh.v Line: 22919
Info (22567): Verilog HDL info at PifoMesh.v(22863): extracting RAM for identifier 'ram' File: /data/work/rio-synthesis/shared-fifo-34e35d2/pe5-v64-c1024-q256-replay-quartus/quartus-rtl/PifoMesh.v Line: 22863
Info (22567): Verilog HDL info at PifoMesh.v(22803): extracting RAM for identifier 'ram' File: /data/work/rio-synthesis/shared-fifo-34e35d2/pe5-v64-c1024-q256-replay-quartus/quartus-rtl/PifoMesh.v Line: 22803
Info (22567): Verilog HDL info at PifoMesh.v(13377): extracting RAM for identifier 'banks_0' File: /data/work/rio-synthesis/shared-fifo-34e35d2/pe5-v64-c1024-q256-replay-quartus/quartus-rtl/PifoMesh.v Line: 13377
Info (22567): Verilog HDL info at PifoMesh.v(13379): extracting RAM for identifier 'banks_1' File: /data/work/rio-synthesis/shared-fifo-34e35d2/pe5-v64-c1024-q256-replay-quartus/quartus-rtl/PifoMesh.v Line: 13379
Info (22567): Verilog HDL info at PifoMesh.v(13267): extracting RAM for identifier 'banks_0' File: /data/work/rio-synthesis/shared-fifo-34e35d2/pe5-v64-c1024-q256-replay-quartus/quartus-rtl/PifoMesh.v Line: 13267
Info (22567): Verilog HDL info at PifoMesh.v(13269): extracting RAM for identifier 'banks_1' File: /data/work/rio-synthesis/shared-fifo-34e35d2/pe5-v64-c1024-q256-replay-quartus/quartus-rtl/PifoMesh.v Line: 13269
Info (22567): Verilog HDL info at PifoMesh.v(22725): extracting RAM for identifier 'ram' File: /data/work/rio-synthesis/shared-fifo-34e35d2/pe5-v64-c1024-q256-replay-quartus/quartus-rtl/PifoMesh.v Line: 22725
Info (22567): Verilog HDL info at PifoMesh.v(22669): extracting RAM for identifier 'ram' File: /data/work/rio-synthesis/shared-fifo-34e35d2/pe5-v64-c1024-q256-replay-quartus/quartus-rtl/PifoMesh.v Line: 22669
Info (22567): Verilog HDL info at PifoMesh.v(22613): extracting RAM for identifier 'ram' File: /data/work/rio-synthesis/shared-fifo-34e35d2/pe5-v64-c1024-q256-replay-quartus/quartus-rtl/PifoMesh.v Line: 22613
Info (22567): Verilog HDL info at PifoMesh.v(22553): extracting RAM for identifier 'ram' File: /data/work/rio-synthesis/shared-fifo-34e35d2/pe5-v64-c1024-q256-replay-quartus/quartus-rtl/PifoMesh.v Line: 22553
Info (22567): Verilog HDL info at PifoMesh.v(12097): extracting RAM for identifier 'banks_0' File: /data/work/rio-synthesis/shared-fifo-34e35d2/pe5-v64-c1024-q256-replay-quartus/quartus-rtl/PifoMesh.v Line: 12097
Info (22567): Verilog HDL info at PifoMesh.v(12099): extracting RAM for identifier 'banks_1' File: /data/work/rio-synthesis/shared-fifo-34e35d2/pe5-v64-c1024-q256-replay-quartus/quartus-rtl/PifoMesh.v Line: 12099
Info (22567): Verilog HDL info at PifoMesh.v(6515): extracting RAM for identifier 'storage' File: /data/work/rio-synthesis/shared-fifo-34e35d2/pe5-v64-c1024-q256-replay-quartus/quartus-rtl/PifoMesh.v Line: 6515
Info: Found 75 design entities
Info: There are 205 partitions after elaboration.
Info: DA report generation in native DNI mode
Info (21615): Running Design Assistant Rules for snapshot 'partitioned'
Info: No waiver waived any violations
Info (22360): Design Assistant Results: 8 of 10 enabled rules passed, and 1 rules was disabled, in snapshot 'partitioned'
Warning (21620): Design Assistant Results: 1 of 1 High severity rules issued violations in snapshot 'partitioned'. Please refer to DRC report '/data/work/rio-synthesis/shared-fifo-34e35d2/pe5-v64-c1024-q256-replay-quartus/output_files/pifo.drc.partitioned.rpt' for more information
Info (21621): Design Assistant Results: 1 of 1 Medium severity rules issued violations in snapshot 'partitioned'. Please refer to DRC report '/data/work/rio-synthesis/shared-fifo-34e35d2/pe5-v64-c1024-q256-replay-quartus/output_files/pifo.drc.partitioned.rpt' for more information
Info (21622): Design Assistant Results: 0 of 8 Low severity rules issued violations in snapshot 'partitioned'
Info: Synthesizing partition "root_partition"
Warning (276020): Inferred RAM node "xbar|io_inputs_0_fifo|fifo|logic_ram_rtl_0" from synchronous design logic.  Pass-through logic has been added to match the read-during-write behavior of the original design. File: /data/work/rio-synthesis/shared-fifo-34e35d2/pe5-v64-c1024-q256-replay-quartus/quartus-rtl/PifoMesh.v Line: 24824
Warning (276020): Inferred RAM node "xbar|io_inputs_1_fifo|fifo|logic_ram_rtl_0" from synchronous design logic.  Pass-through logic has been added to match the read-during-write behavior of the original design. File: /data/work/rio-synthesis/shared-fifo-34e35d2/pe5-v64-c1024-q256-replay-quartus/quartus-rtl/PifoMesh.v Line: 24824
Warning (276020): Inferred RAM node "xbar|io_inputs_2_fifo|fifo|logic_ram_rtl_0" from synchronous design logic.  Pass-through logic has been added to match the read-during-write behavior of the original design. File: /data/work/rio-synthesis/shared-fifo-34e35d2/pe5-v64-c1024-q256-replay-quartus/quartus-rtl/PifoMesh.v Line: 24824
Warning (276020): Inferred RAM node "xbar|io_inputs_3_fifo|fifo|logic_ram_rtl_0" from synchronous design logic.  Pass-through logic has been added to match the read-during-write behavior of the original design. File: /data/work/rio-synthesis/shared-fifo-34e35d2/pe5-v64-c1024-q256-replay-quartus/quartus-rtl/PifoMesh.v Line: 24824
Warning (276020): Inferred RAM node "xbar|io_inputs_4_fifo|fifo|logic_ram_rtl_0" from synchronous design logic.  Pass-through logic has been added to match the read-during-write behavior of the original design. File: /data/work/rio-synthesis/shared-fifo-34e35d2/pe5-v64-c1024-q256-replay-quartus/quartus-rtl/PifoMesh.v Line: 24824
Warning (276020): Inferred RAM node "xbar|io_inputs_5_fifo|fifo|logic_ram_rtl_0" from synchronous design logic.  Pass-through logic has been added to match the read-during-write behavior of the original design. File: /data/work/rio-synthesis/shared-fifo-34e35d2/pe5-v64-c1024-q256-replay-quartus/quartus-rtl/PifoMesh.v Line: 24824
Info (276014): Found 20 instances of uninferred RAM logic
    Info (276004): RAM logic "pifoEngines_0|enque_brain|flowStateUpdate_toStream_fifo|fifo|logic_ram" is uninferred due to inappropriate RAM size File: /data/work/rio-synthesis/shared-fifo-34e35d2/pe5-v64-c1024-q256-replay-quartus/quartus-rtl/PifoMesh.v Line: 25675
    Info (276004): RAM logic "pifoEngines_0|enque_brain|brainStateUpdate_toStream_fifo|fifo|logic_ram" is uninferred due to inappropriate RAM size File: /data/work/rio-synthesis/shared-fifo-34e35d2/pe5-v64-c1024-q256-replay-quartus/quartus-rtl/PifoMesh.v Line: 25530
    Info (276004): RAM logic "pifoEngines_0|enque_brain|brainStateMem_io_readRes_toStream_fifo|fifo|logic_ram" is uninferred due to inappropriate RAM size File: /data/work/rio-synthesis/shared-fifo-34e35d2/pe5-v64-c1024-q256-replay-quartus/quartus-rtl/PifoMesh.v Line: 25268
    Info (276004): RAM logic "pifoEngines_0|enque_brain|engineCAM_io_readRes_toStream_fifo|fifo|logic_ram" is uninferred due to inappropriate RAM size File: /data/work/rio-synthesis/shared-fifo-34e35d2/pe5-v64-c1024-q256-replay-quartus/quartus-rtl/PifoMesh.v Line: 25268
    Info (276004): RAM logic "pifoEngines_1|enque_brain|flowStateUpdate_toStream_fifo|fifo|logic_ram" is uninferred due to inappropriate RAM size File: /data/work/rio-synthesis/shared-fifo-34e35d2/pe5-v64-c1024-q256-replay-quartus/quartus-rtl/PifoMesh.v Line: 25675
    Info (276004): RAM logic "pifoEngines_1|enque_brain|brainStateUpdate_toStream_fifo|fifo|logic_ram" is uninferred due to inappropriate RAM size File: /data/work/rio-synthesis/shared-fifo-34e35d2/pe5-v64-c1024-q256-replay-quartus/quartus-rtl/PifoMesh.v Line: 25530
    Info (276004): RAM logic "pifoEngines_1|enque_brain|brainStateMem_io_readRes_toStream_fifo|fifo|logic_ram" is uninferred due to inappropriate RAM size File: /data/work/rio-synthesis/shared-fifo-34e35d2/pe5-v64-c1024-q256-replay-quartus/quartus-rtl/PifoMesh.v Line: 25268
    Info (276004): RAM logic "pifoEngines_1|enque_brain|engineCAM_io_readRes_toStream_fifo|fifo|logic_ram" is uninferred due to inappropriate RAM size File: /data/work/rio-synthesis/shared-fifo-34e35d2/pe5-v64-c1024-q256-replay-quartus/quartus-rtl/PifoMesh.v Line: 25268
    Info (276004): RAM logic "pifoEngines_2|enque_brain|flowStateUpdate_toStream_fifo|fifo|logic_ram" is uninferred due to inappropriate RAM size File: /data/work/rio-synthesis/shared-fifo-34e35d2/pe5-v64-c1024-q256-replay-quartus/quartus-rtl/PifoMesh.v Line: 25675
    Info (276004): RAM logic "pifoEngines_2|enque_brain|brainStateUpdate_toStream_fifo|fifo|logic_ram" is uninferred due to inappropriate RAM size File: /data/work/rio-synthesis/shared-fifo-34e35d2/pe5-v64-c1024-q256-replay-quartus/quartus-rtl/PifoMesh.v Line: 25530
    Info (276004): RAM logic "pifoEngines_2|enque_brain|brainStateMem_io_readRes_toStream_fifo|fifo|logic_ram" is uninferred due to inappropriate RAM size File: /data/work/rio-synthesis/shared-fifo-34e35d2/pe5-v64-c1024-q256-replay-quartus/quartus-rtl/PifoMesh.v Line: 25268
    Info (276004): RAM logic "pifoEngines_2|enque_brain|engineCAM_io_readRes_toStream_fifo|fifo|logic_ram" is uninferred due to inappropriate RAM size File: /data/work/rio-synthesis/shared-fifo-34e35d2/pe5-v64-c1024-q256-replay-quartus/quartus-rtl/PifoMesh.v Line: 25268
    Info (276004): RAM logic "pifoEngines_3|enque_brain|flowStateUpdate_toStream_fifo|fifo|logic_ram" is uninferred due to inappropriate RAM size File: /data/work/rio-synthesis/shared-fifo-34e35d2/pe5-v64-c1024-q256-replay-quartus/quartus-rtl/PifoMesh.v Line: 25675
    Info (276004): RAM logic "pifoEngines_3|enque_brain|brainStateUpdate_toStream_fifo|fifo|logic_ram" is uninferred due to inappropriate RAM size File: /data/work/rio-synthesis/shared-fifo-34e35d2/pe5-v64-c1024-q256-replay-quartus/quartus-rtl/PifoMesh.v Line: 25530
    Info (276004): RAM logic "pifoEngines_3|enque_brain|brainStateMem_io_readRes_toStream_fifo|fifo|logic_ram" is uninferred due to inappropriate RAM size File: /data/work/rio-synthesis/shared-fifo-34e35d2/pe5-v64-c1024-q256-replay-quartus/quartus-rtl/PifoMesh.v Line: 25268
    Info (276004): RAM logic "pifoEngines_3|enque_brain|engineCAM_io_readRes_toStream_fifo|fifo|logic_ram" is uninferred due to inappropriate RAM size File: /data/work/rio-synthesis/shared-fifo-34e35d2/pe5-v64-c1024-q256-replay-quartus/quartus-rtl/PifoMesh.v Line: 25268
    Info (276004): RAM logic "pifoEngines_4|enque_brain|flowStateUpdate_toStream_fifo|fifo|logic_ram" is uninferred due to inappropriate RAM size File: /data/work/rio-synthesis/shared-fifo-34e35d2/pe5-v64-c1024-q256-replay-quartus/quartus-rtl/PifoMesh.v Line: 25675
    Info (276004): RAM logic "pifoEngines_4|enque_brain|brainStateUpdate_toStream_fifo|fifo|logic_ram" is uninferred due to inappropriate RAM size File: /data/work/rio-synthesis/shared-fifo-34e35d2/pe5-v64-c1024-q256-replay-quartus/quartus-rtl/PifoMesh.v Line: 25530
    Info (276004): RAM logic "pifoEngines_4|enque_brain|brainStateMem_io_readRes_toStream_fifo|fifo|logic_ram" is uninferred due to inappropriate RAM size File: /data/work/rio-synthesis/shared-fifo-34e35d2/pe5-v64-c1024-q256-replay-quartus/quartus-rtl/PifoMesh.v Line: 25268
    Info (276004): RAM logic "pifoEngines_4|enque_brain|engineCAM_io_readRes_toStream_fifo|fifo|logic_ram" is uninferred due to inappropriate RAM size File: /data/work/rio-synthesis/shared-fifo-34e35d2/pe5-v64-c1024-q256-replay-quartus/quartus-rtl/PifoMesh.v Line: 25268
Info (19000): Inferred 47 megafunctions from design logic
    Info (276029): Inferred altsyncram megafunction from the following design logic: "replayControl|storage_rtl_0"  File: /data/work/rio-synthesis/shared-fifo-34e35d2/pe5-v64-c1024-q256-replay-quartus/quartus-rtl/PifoMesh.v Line: 6515
        Info (286033): Parameter OPERATION_MODE set to DUAL_PORT
        Info (286033): Parameter WIDTH_A set to 53
        Info (286033): Parameter WIDTHAD_A set to 8
        Info (286033): Parameter NUMWORDS_A set to 256
        Info (286033): Parameter WIDTH_B set to 53
        Info (286033): Parameter WIDTHAD_B set to 8
        Info (286033): Parameter NUMWORDS_B set to 256
        Info (286033): Parameter ADDRESS_ACLR_A set to NONE
        Info (286033): Parameter OUTDATA_REG_B set to UNREGISTERED
        Info (286033): Parameter ADDRESS_ACLR_B set to NONE
        Info (286033): Parameter OUTDATA_ACLR_B set to NONE
        Info (286033): Parameter ADDRESS_REG_B set to CLOCK0
        Info (286033): Parameter INDATA_ACLR_A set to NONE
        Info (286033): Parameter WRCONTROL_ACLR_A set to NONE
        Info (286033): Parameter READ_DURING_WRITE_MODE_MIXED_PORTS set to OLD_DATA
        Info (286033): Parameter RDCONTROL_REG_B set to CLOCK0
    Info (276029): Inferred altsyncram megafunction from the following design logic: "pifoEngines_0|enque_enqueMapper|banks_0_rtl_0"  File: /data/work/rio-synthesis/shared-fifo-34e35d2/pe5-v64-c1024-q256-replay-quartus/quartus-rtl/PifoMesh.v Line: 22004
        Info (286033): Parameter OPERATION_MODE set to DUAL_PORT
        Info (286033): Parameter WIDTH_A set to 6
        Info (286033): Parameter WIDTHAD_A set to 6
        Info (286033): Parameter NUMWORDS_A set to 64
        Info (286033): Parameter WIDTH_B set to 6
        Info (286033): Parameter WIDTHAD_B set to 6
        Info (286033): Parameter NUMWORDS_B set to 64
        Info (286033): Parameter ADDRESS_ACLR_A set to NONE
        Info (286033): Parameter OUTDATA_REG_B set to UNREGISTERED
        Info (286033): Parameter ADDRESS_ACLR_B set to NONE
        Info (286033): Parameter OUTDATA_ACLR_B set to NONE
        Info (286033): Parameter ADDRESS_REG_B set to CLOCK0
        Info (286033): Parameter INDATA_ACLR_A set to NONE
        Info (286033): Parameter WRCONTROL_ACLR_A set to NONE
        Info (286033): Parameter INIT_FILE set to /data/work/rio-synthesis/shared-fifo-34e35d2/pe5-v64-c1024-q256-replay-quartus/quartus-rtl/PifoMesh.v_toplevel_pifoEngines_0_enque_enqueMapper_banks_0.bin.mif
        Info (286033): Parameter READ_DURING_WRITE_MODE_MIXED_PORTS set to OLD_DATA
        Info (286033): Parameter RDCONTROL_REG_B set to CLOCK0
    Info (276029): Inferred altsyncram megafunction from the following design logic: "pifoEngines_0|enque_enqueMapper|banks_1_rtl_0"  File: /data/work/rio-synthesis/shared-fifo-34e35d2/pe5-v64-c1024-q256-replay-quartus/quartus-rtl/PifoMesh.v Line: 22006
        Info (286033): Parameter OPERATION_MODE set to DUAL_PORT
        Info (286033): Parameter WIDTH_A set to 6
        Info (286033): Parameter WIDTHAD_A set to 6
        Info (286033): Parameter NUMWORDS_A set to 64
        Info (286033): Parameter WIDTH_B set to 6
        Info (286033): Parameter WIDTHAD_B set to 6
        Info (286033): Parameter NUMWORDS_B set to 64
        Info (286033): Parameter ADDRESS_ACLR_A set to NONE
        Info (286033): Parameter OUTDATA_REG_B set to UNREGISTERED
        Info (286033): Parameter ADDRESS_ACLR_B set to NONE
        Info (286033): Parameter OUTDATA_ACLR_B set to NONE
        Info (286033): Parameter ADDRESS_REG_B set to CLOCK0
        Info (286033): Parameter INDATA_ACLR_A set to NONE
        Info (286033): Parameter WRCONTROL_ACLR_A set to NONE
        Info (286033): Parameter INIT_FILE set to /data/work/rio-synthesis/shared-fifo-34e35d2/pe5-v64-c1024-q256-replay-quartus/quartus-rtl/PifoMesh.v_toplevel_pifoEngines_0_enque_enqueMapper_banks_1.bin.mif
        Info (286033): Parameter READ_DURING_WRITE_MODE_MIXED_PORTS set to OLD_DATA
        Info (286033): Parameter RDCONTROL_REG_B set to CLOCK0
    Info (276029): Inferred altsyncram megafunction from the following design logic: "pifoEngines_0|deque_dequeMapper|banks_0_rtl_0"  File: /data/work/rio-synthesis/shared-fifo-34e35d2/pe5-v64-c1024-q256-replay-quartus/quartus-rtl/PifoMesh.v Line: 20789
        Info (286033): Parameter OPERATION_MODE set to DUAL_PORT
        Info (286033): Parameter WIDTH_A set to 9
        Info (286033): Parameter WIDTHAD_A set to 15
        Info (286033): Parameter NUMWORDS_A set to 32768
        Info (286033): Parameter WIDTH_B set to 9
        Info (286033): Parameter WIDTHAD_B set to 15
        Info (286033): Parameter NUMWORDS_B set to 32768
        Info (286033): Parameter ADDRESS_ACLR_A set to NONE
        Info (286033): Parameter OUTDATA_REG_B set to UNREGISTERED
        Info (286033): Parameter ADDRESS_ACLR_B set to NONE
        Info (286033): Parameter OUTDATA_ACLR_B set to NONE
        Info (286033): Parameter ADDRESS_REG_B set to CLOCK0
        Info (286033): Parameter INDATA_ACLR_A set to NONE
        Info (286033): Parameter WRCONTROL_ACLR_A set to NONE
        Info (286033): Parameter INIT_FILE set to /data/work/rio-synthesis/shared-fifo-34e35d2/pe5-v64-c1024-q256-replay-quartus/quartus-rtl/PifoMesh.v_toplevel_pifoEngines_0_deque_dequeMapper_banks_0.bin.mif
        Info (286033): Parameter READ_DURING_WRITE_MODE_MIXED_PORTS set to OLD_DATA
        Info (286033): Parameter RDCONTROL_REG_B set to CLOCK0
    Info (276029): Inferred altsyncram megafunction from the following design logic: "pifoEngines_0|deque_dequeMapper|banks_1_rtl_0"  File: /data/work/rio-synthesis/shared-fifo-34e35d2/pe5-v64-c1024-q256-replay-quartus/quartus-rtl/PifoMesh.v Line: 20791
        Info (286033): Parameter OPERATION_MODE set to DUAL_PORT
        Info (286033): Parameter WIDTH_A set to 9
        Info (286033): Parameter WIDTHAD_A set to 15
        Info (286033): Parameter NUMWORDS_A set to 32768
        Info (286033): Parameter WIDTH_B set to 9
        Info (286033): Parameter WIDTHAD_B set to 15
        Info (286033): Parameter NUMWORDS_B set to 32768
        Info (286033): Parameter ADDRESS_ACLR_A set to NONE
        Info (286033): Parameter OUTDATA_REG_B set to UNREGISTERED
        Info (286033): Parameter ADDRESS_ACLR_B set to NONE
        Info (286033): Parameter OUTDATA_ACLR_B set to NONE
        Info (286033): Parameter ADDRESS_REG_B set to CLOCK0
        Info (286033): Parameter INDATA_ACLR_A set to NONE
        Info (286033): Parameter WRCONTROL_ACLR_A set to NONE
        Info (286033): Parameter INIT_FILE set to /data/work/rio-synthesis/shared-fifo-34e35d2/pe5-v64-c1024-q256-replay-quartus/quartus-rtl/PifoMesh.v_toplevel_pifoEngines_0_deque_dequeMapper_banks_1.bin.mif
        Info (286033): Parameter READ_DURING_WRITE_MODE_MIXED_PORTS set to OLD_DATA
        Info (286033): Parameter RDCONTROL_REG_B set to CLOCK0
    Info (276029): Inferred altsyncram megafunction from the following design logic: "pifoEngines_1|enque_enqueMapper|banks_0_rtl_0"  File: /data/work/rio-synthesis/shared-fifo-34e35d2/pe5-v64-c1024-q256-replay-quartus/quartus-rtl/PifoMesh.v Line: 17107
        Info (286033): Parameter OPERATION_MODE set to DUAL_PORT
        Info (286033): Parameter WIDTH_A set to 6
        Info (286033): Parameter WIDTHAD_A set to 6
        Info (286033): Parameter NUMWORDS_A set to 64
        Info (286033): Parameter WIDTH_B set to 6
        Info (286033): Parameter WIDTHAD_B set to 6
        Info (286033): Parameter NUMWORDS_B set to 64
        Info (286033): Parameter ADDRESS_ACLR_A set to NONE
        Info (286033): Parameter OUTDATA_REG_B set to UNREGISTERED
        Info (286033): Parameter ADDRESS_ACLR_B set to NONE
        Info (286033): Parameter OUTDATA_ACLR_B set to NONE
        Info (286033): Parameter ADDRESS_REG_B set to CLOCK0
        Info (286033): Parameter INDATA_ACLR_A set to NONE
        Info (286033): Parameter WRCONTROL_ACLR_A set to NONE
        Info (286033): Parameter INIT_FILE set to /data/work/rio-synthesis/shared-fifo-34e35d2/pe5-v64-c1024-q256-replay-quartus/quartus-rtl/PifoMesh.v_toplevel_pifoEngines_1_enque_enqueMapper_banks_0.bin.mif
        Info (286033): Parameter READ_DURING_WRITE_MODE_MIXED_PORTS set to OLD_DATA
        Info (286033): Parameter RDCONTROL_REG_B set to CLOCK0
    Info (276029): Inferred altsyncram megafunction from the following design logic: "pifoEngines_1|enque_enqueMapper|banks_1_rtl_0"  File: /data/work/rio-synthesis/shared-fifo-34e35d2/pe5-v64-c1024-q256-replay-quartus/quartus-rtl/PifoMesh.v Line: 17109
        Info (286033): Parameter OPERATION_MODE set to DUAL_PORT
        Info (286033): Parameter WIDTH_A set to 6
        Info (286033): Parameter WIDTHAD_A set to 6
        Info (286033): Parameter NUMWORDS_A set to 64
        Info (286033): Parameter WIDTH_B set to 6
        Info (286033): Parameter WIDTHAD_B set to 6
        Info (286033): Parameter NUMWORDS_B set to 64
        Info (286033): Parameter ADDRESS_ACLR_A set to NONE
        Info (286033): Parameter OUTDATA_REG_B set to UNREGISTERED
        Info (286033): Parameter ADDRESS_ACLR_B set to NONE
        Info (286033): Parameter OUTDATA_ACLR_B set to NONE
        Info (286033): Parameter ADDRESS_REG_B set to CLOCK0
        Info (286033): Parameter INDATA_ACLR_A set to NONE
        Info (286033): Parameter WRCONTROL_ACLR_A set to NONE
        Info (286033): Parameter INIT_FILE set to /data/work/rio-synthesis/shared-fifo-34e35d2/pe5-v64-c1024-q256-replay-quartus/quartus-rtl/PifoMesh.v_toplevel_pifoEngines_1_enque_enqueMapper_banks_1.bin.mif
        Info (286033): Parameter READ_DURING_WRITE_MODE_MIXED_PORTS set to OLD_DATA
        Info (286033): Parameter RDCONTROL_REG_B set to CLOCK0
    Info (276029): Inferred altsyncram megafunction from the following design logic: "pifoEngines_1|deque_dequeMapper|banks_0_rtl_0"  File: /data/work/rio-synthesis/shared-fifo-34e35d2/pe5-v64-c1024-q256-replay-quartus/quartus-rtl/PifoMesh.v Line: 15937
        Info (286033): Parameter OPERATION_MODE set to DUAL_PORT
        Info (286033): Parameter WIDTH_A set to 9
        Info (286033): Parameter WIDTHAD_A set to 15
        Info (286033): Parameter NUMWORDS_A set to 32768
        Info (286033): Parameter WIDTH_B set to 9
        Info (286033): Parameter WIDTHAD_B set to 15
        Info (286033): Parameter NUMWORDS_B set to 32768
        Info (286033): Parameter ADDRESS_ACLR_A set to NONE
        Info (286033): Parameter OUTDATA_REG_B set to UNREGISTERED
        Info (286033): Parameter ADDRESS_ACLR_B set to NONE
        Info (286033): Parameter OUTDATA_ACLR_B set to NONE
        Info (286033): Parameter ADDRESS_REG_B set to CLOCK0
        Info (286033): Parameter INDATA_ACLR_A set to NONE
        Info (286033): Parameter WRCONTROL_ACLR_A set to NONE
        Info (286033): Parameter INIT_FILE set to /data/work/rio-synthesis/shared-fifo-34e35d2/pe5-v64-c1024-q256-replay-quartus/quartus-rtl/PifoMesh.v_toplevel_pifoEngines_1_deque_dequeMapper_banks_0.bin.mif
        Info (286033): Parameter READ_DURING_WRITE_MODE_MIXED_PORTS set to OLD_DATA
        Info (286033): Parameter RDCONTROL_REG_B set to CLOCK0
    Info (276029): Inferred altsyncram megafunction from the following design logic: "pifoEngines_1|deque_dequeMapper|banks_1_rtl_0"  File: /data/work/rio-synthesis/shared-fifo-34e35d2/pe5-v64-c1024-q256-replay-quartus/quartus-rtl/PifoMesh.v Line: 15939
        Info (286033): Parameter OPERATION_MODE set to DUAL_PORT
        Info (286033): Parameter WIDTH_A set to 9
        Info (286033): Parameter WIDTHAD_A set to 15
        Info (286033): Parameter NUMWORDS_A set to 32768
        Info (286033): Parameter WIDTH_B set to 9
        Info (286033): Parameter WIDTHAD_B set to 15
        Info (286033): Parameter NUMWORDS_B set to 32768
        Info (286033): Parameter ADDRESS_ACLR_A set to NONE
        Info (286033): Parameter OUTDATA_REG_B set to UNREGISTERED
        Info (286033): Parameter ADDRESS_ACLR_B set to NONE
        Info (286033): Parameter OUTDATA_ACLR_B set to NONE
        Info (286033): Parameter ADDRESS_REG_B set to CLOCK0
        Info (286033): Parameter INDATA_ACLR_A set to NONE
        Info (286033): Parameter WRCONTROL_ACLR_A set to NONE
        Info (286033): Parameter INIT_FILE set to /data/work/rio-synthesis/shared-fifo-34e35d2/pe5-v64-c1024-q256-replay-quartus/quartus-rtl/PifoMesh.v_toplevel_pifoEngines_1_deque_dequeMapper_banks_1.bin.mif
        Info (286033): Parameter READ_DURING_WRITE_MODE_MIXED_PORTS set to OLD_DATA
        Info (286033): Parameter RDCONTROL_REG_B set to CLOCK0
    Info (276029): Inferred altsyncram megafunction from the following design logic: "pifoEngines_2|enque_enqueMapper|banks_0_rtl_0"  File: /data/work/rio-synthesis/shared-fifo-34e35d2/pe5-v64-c1024-q256-replay-quartus/quartus-rtl/PifoMesh.v Line: 15827
        Info (286033): Parameter OPERATION_MODE set to DUAL_PORT
        Info (286033): Parameter WIDTH_A set to 6
        Info (286033): Parameter WIDTHAD_A set to 6
        Info (286033): Parameter NUMWORDS_A set to 64
        Info (286033): Parameter WIDTH_B set to 6
        Info (286033): Parameter WIDTHAD_B set to 6
        Info (286033): Parameter NUMWORDS_B set to 64
        Info (286033): Parameter ADDRESS_ACLR_A set to NONE
        Info (286033): Parameter OUTDATA_REG_B set to UNREGISTERED
        Info (286033): Parameter ADDRESS_ACLR_B set to NONE
        Info (286033): Parameter OUTDATA_ACLR_B set to NONE
        Info (286033): Parameter ADDRESS_REG_B set to CLOCK0
        Info (286033): Parameter INDATA_ACLR_A set to NONE
        Info (286033): Parameter WRCONTROL_ACLR_A set to NONE
        Info (286033): Parameter INIT_FILE set to /data/work/rio-synthesis/shared-fifo-34e35d2/pe5-v64-c1024-q256-replay-quartus/quartus-rtl/PifoMesh.v_toplevel_pifoEngines_2_enque_enqueMapper_banks_0.bin.mif
        Info (286033): Parameter READ_DURING_WRITE_MODE_MIXED_PORTS set to OLD_DATA
        Info (286033): Parameter RDCONTROL_REG_B set to CLOCK0
    Info (276029): Inferred altsyncram megafunction from the following design logic: "pifoEngines_2|enque_enqueMapper|banks_1_rtl_0"  File: /data/work/rio-synthesis/shared-fifo-34e35d2/pe5-v64-c1024-q256-replay-quartus/quartus-rtl/PifoMesh.v Line: 15829
        Info (286033): Parameter OPERATION_MODE set to DUAL_PORT
        Info (286033): Parameter WIDTH_A set to 6
        Info (286033): Parameter WIDTHAD_A set to 6
        Info (286033): Parameter NUMWORDS_A set to 64
        Info (286033): Parameter WIDTH_B set to 6
        Info (286033): Parameter WIDTHAD_B set to 6
        Info (286033): Parameter NUMWORDS_B set to 64
        Info (286033): Parameter ADDRESS_ACLR_A set to NONE
        Info (286033): Parameter OUTDATA_REG_B set to UNREGISTERED
        Info (286033): Parameter ADDRESS_ACLR_B set to NONE
        Info (286033): Parameter OUTDATA_ACLR_B set to NONE
        Info (286033): Parameter ADDRESS_REG_B set to CLOCK0
        Info (286033): Parameter INDATA_ACLR_A set to NONE
        Info (286033): Parameter WRCONTROL_ACLR_A set to NONE
        Info (286033): Parameter INIT_FILE set to /data/work/rio-synthesis/shared-fifo-34e35d2/pe5-v64-c1024-q256-replay-quartus/quartus-rtl/PifoMesh.v_toplevel_pifoEngines_2_enque_enqueMapper_banks_1.bin.mif
        Info (286033): Parameter READ_DURING_WRITE_MODE_MIXED_PORTS set to OLD_DATA
        Info (286033): Parameter RDCONTROL_REG_B set to CLOCK0
    Info (276029): Inferred altsyncram megafunction from the following design logic: "pifoEngines_2|deque_dequeMapper|banks_0_rtl_0"  File: /data/work/rio-synthesis/shared-fifo-34e35d2/pe5-v64-c1024-q256-replay-quartus/quartus-rtl/PifoMesh.v Line: 14657
        Info (286033): Parameter OPERATION_MODE set to DUAL_PORT
        Info (286033): Parameter WIDTH_A set to 9
        Info (286033): Parameter WIDTHAD_A set to 15
        Info (286033): Parameter NUMWORDS_A set to 32768
        Info (286033): Parameter WIDTH_B set to 9
        Info (286033): Parameter WIDTHAD_B set to 15
        Info (286033): Parameter NUMWORDS_B set to 32768
        Info (286033): Parameter ADDRESS_ACLR_A set to NONE
        Info (286033): Parameter OUTDATA_REG_B set to UNREGISTERED
        Info (286033): Parameter ADDRESS_ACLR_B set to NONE
        Info (286033): Parameter OUTDATA_ACLR_B set to NONE
        Info (286033): Parameter ADDRESS_REG_B set to CLOCK0
        Info (286033): Parameter INDATA_ACLR_A set to NONE
        Info (286033): Parameter WRCONTROL_ACLR_A set to NONE
        Info (286033): Parameter INIT_FILE set to /data/work/rio-synthesis/shared-fifo-34e35d2/pe5-v64-c1024-q256-replay-quartus/quartus-rtl/PifoMesh.v_toplevel_pifoEngines_2_deque_dequeMapper_banks_0.bin.mif
        Info (286033): Parameter READ_DURING_WRITE_MODE_MIXED_PORTS set to OLD_DATA
        Info (286033): Parameter RDCONTROL_REG_B set to CLOCK0
    Info (276029): Inferred altsyncram megafunction from the following design logic: "pifoEngines_2|deque_dequeMapper|banks_1_rtl_0"  File: /data/work/rio-synthesis/shared-fifo-34e35d2/pe5-v64-c1024-q256-replay-quartus/quartus-rtl/PifoMesh.v Line: 14659
        Info (286033): Parameter OPERATION_MODE set to DUAL_PORT
        Info (286033): Parameter WIDTH_A set to 9
        Info (286033): Parameter WIDTHAD_A set to 15
        Info (286033): Parameter NUMWORDS_A set to 32768
        Info (286033): Parameter WIDTH_B set to 9
        Info (286033): Parameter WIDTHAD_B set to 15
        Info (286033): Parameter NUMWORDS_B set to 32768
        Info (286033): Parameter ADDRESS_ACLR_A set to NONE
        Info (286033): Parameter OUTDATA_REG_B set to UNREGISTERED
        Info (286033): Parameter ADDRESS_ACLR_B set to NONE
        Info (286033): Parameter OUTDATA_ACLR_B set to NONE
        Info (286033): Parameter ADDRESS_REG_B set to CLOCK0
        Info (286033): Parameter INDATA_ACLR_A set to NONE
        Info (286033): Parameter WRCONTROL_ACLR_A set to NONE
        Info (286033): Parameter INIT_FILE set to /data/work/rio-synthesis/shared-fifo-34e35d2/pe5-v64-c1024-q256-replay-quartus/quartus-rtl/PifoMesh.v_toplevel_pifoEngines_2_deque_dequeMapper_banks_1.bin.mif
        Info (286033): Parameter READ_DURING_WRITE_MODE_MIXED_PORTS set to OLD_DATA
        Info (286033): Parameter RDCONTROL_REG_B set to CLOCK0
    Info (276029): Inferred altsyncram megafunction from the following design logic: "pifoEngines_3|enque_enqueMapper|banks_0_rtl_0"  File: /data/work/rio-synthesis/shared-fifo-34e35d2/pe5-v64-c1024-q256-replay-quartus/quartus-rtl/PifoMesh.v Line: 14547
        Info (286033): Parameter OPERATION_MODE set to DUAL_PORT
        Info (286033): Parameter WIDTH_A set to 6
        Info (286033): Parameter WIDTHAD_A set to 6
        Info (286033): Parameter NUMWORDS_A set to 64
        Info (286033): Parameter WIDTH_B set to 6
        Info (286033): Parameter WIDTHAD_B set to 6
        Info (286033): Parameter NUMWORDS_B set to 64
        Info (286033): Parameter ADDRESS_ACLR_A set to NONE
        Info (286033): Parameter OUTDATA_REG_B set to UNREGISTERED
        Info (286033): Parameter ADDRESS_ACLR_B set to NONE
        Info (286033): Parameter OUTDATA_ACLR_B set to NONE
        Info (286033): Parameter ADDRESS_REG_B set to CLOCK0
        Info (286033): Parameter INDATA_ACLR_A set to NONE
        Info (286033): Parameter WRCONTROL_ACLR_A set to NONE
        Info (286033): Parameter INIT_FILE set to /data/work/rio-synthesis/shared-fifo-34e35d2/pe5-v64-c1024-q256-replay-quartus/quartus-rtl/PifoMesh.v_toplevel_pifoEngines_3_enque_enqueMapper_banks_0.bin.mif
        Info (286033): Parameter READ_DURING_WRITE_MODE_MIXED_PORTS set to OLD_DATA
        Info (286033): Parameter RDCONTROL_REG_B set to CLOCK0
    Info (276029): Inferred altsyncram megafunction from the following design logic: "pifoEngines_3|enque_enqueMapper|banks_1_rtl_0"  File: /data/work/rio-synthesis/shared-fifo-34e35d2/pe5-v64-c1024-q256-replay-quartus/quartus-rtl/PifoMesh.v Line: 14549
        Info (286033): Parameter OPERATION_MODE set to DUAL_PORT
        Info (286033): Parameter WIDTH_A set to 6
        Info (286033): Parameter WIDTHAD_A set to 6
        Info (286033): Parameter NUMWORDS_A set to 64
        Info (286033): Parameter WIDTH_B set to 6
        Info (286033): Parameter WIDTHAD_B set to 6
        Info (286033): Parameter NUMWORDS_B set to 64
        Info (286033): Parameter ADDRESS_ACLR_A set to NONE
        Info (286033): Parameter OUTDATA_REG_B set to UNREGISTERED
        Info (286033): Parameter ADDRESS_ACLR_B set to NONE
        Info (286033): Parameter OUTDATA_ACLR_B set to NONE
        Info (286033): Parameter ADDRESS_REG_B set to CLOCK0
        Info (286033): Parameter INDATA_ACLR_A set to NONE
        Info (286033): Parameter WRCONTROL_ACLR_A set to NONE
        Info (286033): Parameter INIT_FILE set to /data/work/rio-synthesis/shared-fifo-34e35d2/pe5-v64-c1024-q256-replay-quartus/quartus-rtl/PifoMesh.v_toplevel_pifoEngines_3_enque_enqueMapper_banks_1.bin.mif
        Info (286033): Parameter READ_DURING_WRITE_MODE_MIXED_PORTS set to OLD_DATA
        Info (286033): Parameter RDCONTROL_REG_B set to CLOCK0
    Info (276029): Inferred altsyncram megafunction from the following design logic: "pifoEngines_3|deque_dequeMapper|banks_0_rtl_0"  File: /data/work/rio-synthesis/shared-fifo-34e35d2/pe5-v64-c1024-q256-replay-quartus/quartus-rtl/PifoMesh.v Line: 13377
        Info (286033): Parameter OPERATION_MODE set to DUAL_PORT
        Info (286033): Parameter WIDTH_A set to 9
        Info (286033): Parameter WIDTHAD_A set to 15
        Info (286033): Parameter NUMWORDS_A set to 32768
        Info (286033): Parameter WIDTH_B set to 9
        Info (286033): Parameter WIDTHAD_B set to 15
        Info (286033): Parameter NUMWORDS_B set to 32768
        Info (286033): Parameter ADDRESS_ACLR_A set to NONE
        Info (286033): Parameter OUTDATA_REG_B set to UNREGISTERED
        Info (286033): Parameter ADDRESS_ACLR_B set to NONE
        Info (286033): Parameter OUTDATA_ACLR_B set to NONE
        Info (286033): Parameter ADDRESS_REG_B set to CLOCK0
        Info (286033): Parameter INDATA_ACLR_A set to NONE
        Info (286033): Parameter WRCONTROL_ACLR_A set to NONE
        Info (286033): Parameter INIT_FILE set to /data/work/rio-synthesis/shared-fifo-34e35d2/pe5-v64-c1024-q256-replay-quartus/quartus-rtl/PifoMesh.v_toplevel_pifoEngines_3_deque_dequeMapper_banks_0.bin.mif
        Info (286033): Parameter READ_DURING_WRITE_MODE_MIXED_PORTS set to OLD_DATA
        Info (286033): Parameter RDCONTROL_REG_B set to CLOCK0
    Info (276029): Inferred altsyncram megafunction from the following design logic: "pifoEngines_3|deque_dequeMapper|banks_1_rtl_0"  File: /data/work/rio-synthesis/shared-fifo-34e35d2/pe5-v64-c1024-q256-replay-quartus/quartus-rtl/PifoMesh.v Line: 13379
        Info (286033): Parameter OPERATION_MODE set to DUAL_PORT
        Info (286033): Parameter WIDTH_A set to 9
        Info (286033): Parameter WIDTHAD_A set to 15
        Info (286033): Parameter NUMWORDS_A set to 32768
        Info (286033): Parameter WIDTH_B set to 9
        Info (286033): Parameter WIDTHAD_B set to 15
        Info (286033): Parameter NUMWORDS_B set to 32768
        Info (286033): Parameter ADDRESS_ACLR_A set to NONE
        Info (286033): Parameter OUTDATA_REG_B set to UNREGISTERED
        Info (286033): Parameter ADDRESS_ACLR_B set to NONE
        Info (286033): Parameter OUTDATA_ACLR_B set to NONE
        Info (286033): Parameter ADDRESS_REG_B set to CLOCK0
        Info (286033): Parameter INDATA_ACLR_A set to NONE
        Info (286033): Parameter WRCONTROL_ACLR_A set to NONE
        Info (286033): Parameter INIT_FILE set to /data/work/rio-synthesis/shared-fifo-34e35d2/pe5-v64-c1024-q256-replay-quartus/quartus-rtl/PifoMesh.v_toplevel_pifoEngines_3_deque_dequeMapper_banks_1.bin.mif
        Info (286033): Parameter READ_DURING_WRITE_MODE_MIXED_PORTS set to OLD_DATA
        Info (286033): Parameter RDCONTROL_REG_B set to CLOCK0
    Info (276029): Inferred altsyncram megafunction from the following design logic: "pifoEngines_4|enque_enqueMapper|banks_0_rtl_0"  File: /data/work/rio-synthesis/shared-fifo-34e35d2/pe5-v64-c1024-q256-replay-quartus/quartus-rtl/PifoMesh.v Line: 13267
        Info (286033): Parameter OPERATION_MODE set to DUAL_PORT
        Info (286033): Parameter WIDTH_A set to 6
        Info (286033): Parameter WIDTHAD_A set to 6
        Info (286033): Parameter NUMWORDS_A set to 64
        Info (286033): Parameter WIDTH_B set to 6
        Info (286033): Parameter WIDTHAD_B set to 6
        Info (286033): Parameter NUMWORDS_B set to 64
        Info (286033): Parameter ADDRESS_ACLR_A set to NONE
        Info (286033): Parameter OUTDATA_REG_B set to UNREGISTERED
        Info (286033): Parameter ADDRESS_ACLR_B set to NONE
        Info (286033): Parameter OUTDATA_ACLR_B set to NONE
        Info (286033): Parameter ADDRESS_REG_B set to CLOCK0
        Info (286033): Parameter INDATA_ACLR_A set to NONE
        Info (286033): Parameter WRCONTROL_ACLR_A set to NONE
        Info (286033): Parameter INIT_FILE set to /data/work/rio-synthesis/shared-fifo-34e35d2/pe5-v64-c1024-q256-replay-quartus/quartus-rtl/PifoMesh.v_toplevel_pifoEngines_4_enque_enqueMapper_banks_0.bin.mif
        Info (286033): Parameter READ_DURING_WRITE_MODE_MIXED_PORTS set to OLD_DATA
        Info (286033): Parameter RDCONTROL_REG_B set to CLOCK0
    Info (276029): Inferred altsyncram megafunction from the following design logic: "pifoEngines_4|enque_enqueMapper|banks_1_rtl_0"  File: /data/work/rio-synthesis/shared-fifo-34e35d2/pe5-v64-c1024-q256-replay-quartus/quartus-rtl/PifoMesh.v Line: 13269
        Info (286033): Parameter OPERATION_MODE set to DUAL_PORT
        Info (286033): Parameter WIDTH_A set to 6
        Info (286033): Parameter WIDTHAD_A set to 6
        Info (286033): Parameter NUMWORDS_A set to 64
        Info (286033): Parameter WIDTH_B set to 6
        Info (286033): Parameter WIDTHAD_B set to 6
        Info (286033): Parameter NUMWORDS_B set to 64
        Info (286033): Parameter ADDRESS_ACLR_A set to NONE
        Info (286033): Parameter OUTDATA_REG_B set to UNREGISTERED
        Info (286033): Parameter ADDRESS_ACLR_B set to NONE
        Info (286033): Parameter OUTDATA_ACLR_B set to NONE
        Info (286033): Parameter ADDRESS_REG_B set to CLOCK0
        Info (286033): Parameter INDATA_ACLR_A set to NONE
        Info (286033): Parameter WRCONTROL_ACLR_A set to NONE
        Info (286033): Parameter INIT_FILE set to /data/work/rio-synthesis/shared-fifo-34e35d2/pe5-v64-c1024-q256-replay-quartus/quartus-rtl/PifoMesh.v_toplevel_pifoEngines_4_enque_enqueMapper_banks_1.bin.mif
        Info (286033): Parameter READ_DURING_WRITE_MODE_MIXED_PORTS set to OLD_DATA
        Info (286033): Parameter RDCONTROL_REG_B set to CLOCK0
    Info (276029): Inferred altsyncram megafunction from the following design logic: "pifoEngines_4|deque_dequeMapper|banks_0_rtl_0"  File: /data/work/rio-synthesis/shared-fifo-34e35d2/pe5-v64-c1024-q256-replay-quartus/quartus-rtl/PifoMesh.v Line: 12097
        Info (286033): Parameter OPERATION_MODE set to DUAL_PORT
        Info (286033): Parameter WIDTH_A set to 9
        Info (286033): Parameter WIDTHAD_A set to 15
        Info (286033): Parameter NUMWORDS_A set to 32768
        Info (286033): Parameter WIDTH_B set to 9
        Info (286033): Parameter WIDTHAD_B set to 15
        Info (286033): Parameter NUMWORDS_B set to 32768
        Info (286033): Parameter ADDRESS_ACLR_A set to NONE
        Info (286033): Parameter OUTDATA_REG_B set to UNREGISTERED
        Info (286033): Parameter ADDRESS_ACLR_B set to NONE
        Info (286033): Parameter OUTDATA_ACLR_B set to NONE
        Info (286033): Parameter ADDRESS_REG_B set to CLOCK0
        Info (286033): Parameter INDATA_ACLR_A set to NONE
        Info (286033): Parameter WRCONTROL_ACLR_A set to NONE
        Info (286033): Parameter INIT_FILE set to /data/work/rio-synthesis/shared-fifo-34e35d2/pe5-v64-c1024-q256-replay-quartus/quartus-rtl/PifoMesh.v_toplevel_pifoEngines_4_deque_dequeMapper_banks_0.bin.mif
        Info (286033): Parameter READ_DURING_WRITE_MODE_MIXED_PORTS set to OLD_DATA
        Info (286033): Parameter RDCONTROL_REG_B set to CLOCK0
    Info (276029): Inferred altsyncram megafunction from the following design logic: "pifoEngines_4|deque_dequeMapper|banks_1_rtl_0"  File: /data/work/rio-synthesis/shared-fifo-34e35d2/pe5-v64-c1024-q256-replay-quartus/quartus-rtl/PifoMesh.v Line: 12099
        Info (286033): Parameter OPERATION_MODE set to DUAL_PORT
        Info (286033): Parameter WIDTH_A set to 9
        Info (286033): Parameter WIDTHAD_A set to 15
        Info (286033): Parameter NUMWORDS_A set to 32768
        Info (286033): Parameter WIDTH_B set to 9
        Info (286033): Parameter WIDTHAD_B set to 15
        Info (286033): Parameter NUMWORDS_B set to 32768
        Info (286033): Parameter ADDRESS_ACLR_A set to NONE
        Info (286033): Parameter OUTDATA_REG_B set to UNREGISTERED
        Info (286033): Parameter ADDRESS_ACLR_B set to NONE
        Info (286033): Parameter OUTDATA_ACLR_B set to NONE
        Info (286033): Parameter ADDRESS_REG_B set to CLOCK0
        Info (286033): Parameter INDATA_ACLR_A set to NONE
        Info (286033): Parameter WRCONTROL_ACLR_A set to NONE
        Info (286033): Parameter INIT_FILE set to /data/work/rio-synthesis/shared-fifo-34e35d2/pe5-v64-c1024-q256-replay-quartus/quartus-rtl/PifoMesh.v_toplevel_pifoEngines_4_deque_dequeMapper_banks_1.bin.mif
        Info (286033): Parameter READ_DURING_WRITE_MODE_MIXED_PORTS set to OLD_DATA
        Info (286033): Parameter RDCONTROL_REG_B set to CLOCK0
    Info (276029): Inferred altsyncram megafunction from the following design logic: "xbar|io_inputs_0_fifo|fifo|logic_ram_rtl_0"  File: /data/work/rio-synthesis/shared-fifo-34e35d2/pe5-v64-c1024-q256-replay-quartus/quartus-rtl/PifoMesh.v Line: 24824
        Info (286033): Parameter OPERATION_MODE set to DUAL_PORT
        Info (286033): Parameter WIDTH_A set to 9
        Info (286033): Parameter WIDTHAD_A set to 3
        Info (286033): Parameter NUMWORDS_A set to 8
        Info (286033): Parameter WIDTH_B set to 9
        Info (286033): Parameter WIDTHAD_B set to 3
        Info (286033): Parameter NUMWORDS_B set to 8
        Info (286033): Parameter ADDRESS_ACLR_A set to NONE
        Info (286033): Parameter OUTDATA_REG_B set to UNREGISTERED
        Info (286033): Parameter ADDRESS_ACLR_B set to CLEAR0
        Info (286033): Parameter OUTDATA_ACLR_B set to NONE
        Info (286033): Parameter ADDRESS_REG_B set to CLOCK0
        Info (286033): Parameter INDATA_ACLR_A set to NONE
        Info (286033): Parameter WRCONTROL_ACLR_A set to NONE
    Info (276029): Inferred altsyncram megafunction from the following design logic: "xbar|io_inputs_1_fifo|fifo|logic_ram_rtl_0"  File: /data/work/rio-synthesis/shared-fifo-34e35d2/pe5-v64-c1024-q256-replay-quartus/quartus-rtl/PifoMesh.v Line: 24824
        Info (286033): Parameter OPERATION_MODE set to DUAL_PORT
        Info (286033): Parameter WIDTH_A set to 9
        Info (286033): Parameter WIDTHAD_A set to 3
        Info (286033): Parameter NUMWORDS_A set to 8
        Info (286033): Parameter WIDTH_B set to 9
        Info (286033): Parameter WIDTHAD_B set to 3
        Info (286033): Parameter NUMWORDS_B set to 8
        Info (286033): Parameter ADDRESS_ACLR_A set to NONE
        Info (286033): Parameter OUTDATA_REG_B set to UNREGISTERED
        Info (286033): Parameter ADDRESS_ACLR_B set to CLEAR0
        Info (286033): Parameter OUTDATA_ACLR_B set to NONE
        Info (286033): Parameter ADDRESS_REG_B set to CLOCK0
        Info (286033): Parameter INDATA_ACLR_A set to NONE
        Info (286033): Parameter WRCONTROL_ACLR_A set to NONE
    Info (276029): Inferred altsyncram megafunction from the following design logic: "xbar|io_inputs_2_fifo|fifo|logic_ram_rtl_0"  File: /data/work/rio-synthesis/shared-fifo-34e35d2/pe5-v64-c1024-q256-replay-quartus/quartus-rtl/PifoMesh.v Line: 24824
        Info (286033): Parameter OPERATION_MODE set to DUAL_PORT
        Info (286033): Parameter WIDTH_A set to 9
        Info (286033): Parameter WIDTHAD_A set to 3
        Info (286033): Parameter NUMWORDS_A set to 8
        Info (286033): Parameter WIDTH_B set to 9
        Info (286033): Parameter WIDTHAD_B set to 3
        Info (286033): Parameter NUMWORDS_B set to 8
        Info (286033): Parameter ADDRESS_ACLR_A set to NONE
        Info (286033): Parameter OUTDATA_REG_B set to UNREGISTERED
        Info (286033): Parameter ADDRESS_ACLR_B set to CLEAR0
        Info (286033): Parameter OUTDATA_ACLR_B set to NONE
        Info (286033): Parameter ADDRESS_REG_B set to CLOCK0
        Info (286033): Parameter INDATA_ACLR_A set to NONE
        Info (286033): Parameter WRCONTROL_ACLR_A set to NONE
    Info (276029): Inferred altsyncram megafunction from the following design logic: "xbar|io_inputs_3_fifo|fifo|logic_ram_rtl_0"  File: /data/work/rio-synthesis/shared-fifo-34e35d2/pe5-v64-c1024-q256-replay-quartus/quartus-rtl/PifoMesh.v Line: 24824
        Info (286033): Parameter OPERATION_MODE set to DUAL_PORT
        Info (286033): Parameter WIDTH_A set to 9
        Info (286033): Parameter WIDTHAD_A set to 3
        Info (286033): Parameter NUMWORDS_A set to 8
        Info (286033): Parameter WIDTH_B set to 9
        Info (286033): Parameter WIDTHAD_B set to 3
        Info (286033): Parameter NUMWORDS_B set to 8
        Info (286033): Parameter ADDRESS_ACLR_A set to NONE
        Info (286033): Parameter OUTDATA_REG_B set to UNREGISTERED
        Info (286033): Parameter ADDRESS_ACLR_B set to CLEAR0
        Info (286033): Parameter OUTDATA_ACLR_B set to NONE
        Info (286033): Parameter ADDRESS_REG_B set to CLOCK0
        Info (286033): Parameter INDATA_ACLR_A set to NONE
        Info (286033): Parameter WRCONTROL_ACLR_A set to NONE
    Info (276029): Inferred altsyncram megafunction from the following design logic: "xbar|io_inputs_4_fifo|fifo|logic_ram_rtl_0"  File: /data/work/rio-synthesis/shared-fifo-34e35d2/pe5-v64-c1024-q256-replay-quartus/quartus-rtl/PifoMesh.v Line: 24824
        Info (286033): Parameter OPERATION_MODE set to DUAL_PORT
        Info (286033): Parameter WIDTH_A set to 9
        Info (286033): Parameter WIDTHAD_A set to 3
        Info (286033): Parameter NUMWORDS_A set to 8
        Info (286033): Parameter WIDTH_B set to 9
        Info (286033): Parameter WIDTHAD_B set to 3
        Info (286033): Parameter NUMWORDS_B set to 8
        Info (286033): Parameter ADDRESS_ACLR_A set to NONE
        Info (286033): Parameter OUTDATA_REG_B set to UNREGISTERED
        Info (286033): Parameter ADDRESS_ACLR_B set to CLEAR0
        Info (286033): Parameter OUTDATA_ACLR_B set to NONE
        Info (286033): Parameter ADDRESS_REG_B set to CLOCK0
        Info (286033): Parameter INDATA_ACLR_A set to NONE
        Info (286033): Parameter WRCONTROL_ACLR_A set to NONE
    Info (276029): Inferred altsyncram megafunction from the following design logic: "xbar|io_inputs_5_fifo|fifo|logic_ram_rtl_0"  File: /data/work/rio-synthesis/shared-fifo-34e35d2/pe5-v64-c1024-q256-replay-quartus/quartus-rtl/PifoMesh.v Line: 24824
        Info (286033): Parameter OPERATION_MODE set to DUAL_PORT
        Info (286033): Parameter WIDTH_A set to 9
        Info (286033): Parameter WIDTHAD_A set to 3
        Info (286033): Parameter NUMWORDS_A set to 8
        Info (286033): Parameter WIDTH_B set to 9
        Info (286033): Parameter WIDTHAD_B set to 3
        Info (286033): Parameter NUMWORDS_B set to 8
        Info (286033): Parameter ADDRESS_ACLR_A set to NONE
        Info (286033): Parameter OUTDATA_REG_B set to UNREGISTERED
        Info (286033): Parameter ADDRESS_ACLR_B set to CLEAR0
        Info (286033): Parameter OUTDATA_ACLR_B set to NONE
        Info (286033): Parameter ADDRESS_REG_B set to CLOCK0
        Info (286033): Parameter INDATA_ACLR_A set to NONE
        Info (286033): Parameter WRCONTROL_ACLR_A set to NONE
    Info (276029): Inferred altsyncram megafunction from the following design logic: "pifoEngines_0|enque_brain|engineMapper|ram_rtl_0"  File: /data/work/rio-synthesis/shared-fifo-34e35d2/pe5-v64-c1024-q256-replay-quartus/quartus-rtl/PifoMesh.v Line: 24462
        Info (286033): Parameter OPERATION_MODE set to DUAL_PORT
        Info (286033): Parameter WIDTH_A set to 2
        Info (286033): Parameter WIDTHAD_A set to 6
        Info (286033): Parameter NUMWORDS_A set to 64
        Info (286033): Parameter WIDTH_B set to 2
        Info (286033): Parameter WIDTHAD_B set to 6
        Info (286033): Parameter NUMWORDS_B set to 64
        Info (286033): Parameter ADDRESS_ACLR_A set to NONE
        Info (286033): Parameter OUTDATA_REG_B set to UNREGISTERED
        Info (286033): Parameter ADDRESS_ACLR_B set to NONE
        Info (286033): Parameter OUTDATA_ACLR_B set to NONE
        Info (286033): Parameter ADDRESS_REG_B set to CLOCK0
        Info (286033): Parameter INDATA_ACLR_A set to NONE
        Info (286033): Parameter WRCONTROL_ACLR_A set to NONE
        Info (286033): Parameter INIT_FILE set to /data/work/rio-synthesis/shared-fifo-34e35d2/pe5-v64-c1024-q256-replay-quartus/quartus-rtl/PifoMesh.v_toplevel_pifoEngines_0_enque_brain_engineMapper_ram.bin.mif
        Info (286033): Parameter READ_DURING_WRITE_MODE_MIXED_PORTS set to OLD_DATA
    Info (276029): Inferred altsyncram megafunction from the following design logic: "pifoEngines_0|enque_brain|lastVirtualMapper|ram_rtl_0"  File: /data/work/rio-synthesis/shared-fifo-34e35d2/pe5-v64-c1024-q256-replay-quartus/quartus-rtl/PifoMesh.v Line: 24406
        Info (286033): Parameter OPERATION_MODE set to DUAL_PORT
        Info (286033): Parameter WIDTH_A set to 8
        Info (286033): Parameter WIDTHAD_A set to 6
        Info (286033): Parameter NUMWORDS_A set to 64
        Info (286033): Parameter WIDTH_B set to 8
        Info (286033): Parameter WIDTHAD_B set to 6
        Info (286033): Parameter NUMWORDS_B set to 64
        Info (286033): Parameter ADDRESS_ACLR_A set to NONE
        Info (286033): Parameter OUTDATA_REG_B set to UNREGISTERED
        Info (286033): Parameter ADDRESS_ACLR_B set to NONE
        Info (286033): Parameter OUTDATA_ACLR_B set to NONE
        Info (286033): Parameter ADDRESS_REG_B set to CLOCK0
        Info (286033): Parameter INDATA_ACLR_A set to NONE
        Info (286033): Parameter WRCONTROL_ACLR_A set to NONE
        Info (286033): Parameter INIT_FILE set to /data/work/rio-synthesis/shared-fifo-34e35d2/pe5-v64-c1024-q256-replay-quartus/quartus-rtl/PifoMesh.v_toplevel_pifoEngines_0_enque_brain_lastVirtualMapper_ram.bin.mif
        Info (286033): Parameter READ_DURING_WRITE_MODE_MIXED_PORTS set to OLD_DATA
    Info (276029): Inferred altsyncram megafunction from the following design logic: "pifoEngines_0|enque_brain|engineCAM|ram_rtl_0"  File: /data/work/rio-synthesis/shared-fifo-34e35d2/pe5-v64-c1024-q256-replay-quartus/quartus-rtl/PifoMesh.v Line: 24350
        Info (286033): Parameter OPERATION_MODE set to DUAL_PORT
        Info (286033): Parameter WIDTH_A set to 32
        Info (286033): Parameter WIDTHAD_A set to 15
        Info (286033): Parameter NUMWORDS_A set to 32768
        Info (286033): Parameter WIDTH_B set to 32
        Info (286033): Parameter WIDTHAD_B set to 15
        Info (286033): Parameter NUMWORDS_B set to 32768
        Info (286033): Parameter ADDRESS_ACLR_A set to NONE
        Info (286033): Parameter OUTDATA_REG_B set to UNREGISTERED
        Info (286033): Parameter ADDRESS_ACLR_B set to NONE
        Info (286033): Parameter OUTDATA_ACLR_B set to NONE
        Info (286033): Parameter ADDRESS_REG_B set to CLOCK0
        Info (286033): Parameter INDATA_ACLR_A set to NONE
        Info (286033): Parameter WRCONTROL_ACLR_A set to NONE
        Info (286033): Parameter INIT_FILE set to /data/work/rio-synthesis/shared-fifo-34e35d2/pe5-v64-c1024-q256-replay-quartus/quartus-rtl/PifoMesh.v_toplevel_pifoEngines_0_enque_brain_engineCAM_ram.bin.mif
        Info (286033): Parameter READ_DURING_WRITE_MODE_MIXED_PORTS set to OLD_DATA
    Info (276029): Inferred altsyncram megafunction from the following design logic: "pifoEngines_0|enque_brain|brainStateMem|ram_rtl_0"  File: /data/work/rio-synthesis/shared-fifo-34e35d2/pe5-v64-c1024-q256-replay-quartus/quartus-rtl/PifoMesh.v Line: 24176
        Info (286033): Parameter OPERATION_MODE set to DUAL_PORT
        Info (286033): Parameter WIDTH_A set to 32
        Info (286033): Parameter WIDTHAD_A set to 6
        Info (286033): Parameter NUMWORDS_A set to 64
        Info (286033): Parameter WIDTH_B set to 32
        Info (286033): Parameter WIDTHAD_B set to 6
        Info (286033): Parameter NUMWORDS_B set to 64
        Info (286033): Parameter ADDRESS_ACLR_A set to NONE
        Info (286033): Parameter OUTDATA_REG_B set to UNREGISTERED
        Info (286033): Parameter ADDRESS_ACLR_B set to NONE
        Info (286033): Parameter OUTDATA_ACLR_B set to NONE
        Info (286033): Parameter ADDRESS_REG_B set to CLOCK0
        Info (286033): Parameter INDATA_ACLR_A set to NONE
        Info (286033): Parameter WRCONTROL_ACLR_A set to NONE
        Info (286033): Parameter INIT_FILE set to /data/work/rio-synthesis/shared-fifo-34e35d2/pe5-v64-c1024-q256-replay-quartus/quartus-rtl/PifoMesh.v_toplevel_pifoEngines_0_enque_brain_brainStateMem_ram.bin.mif
        Info (286033): Parameter READ_DURING_WRITE_MODE_MIXED_PORTS set to OLD_DATA
    Info (276029): Inferred altsyncram megafunction from the following design logic: "pifoEngines_1|enque_brain|engineMapper|ram_rtl_0"  File: /data/work/rio-synthesis/shared-fifo-34e35d2/pe5-v64-c1024-q256-replay-quartus/quartus-rtl/PifoMesh.v Line: 23475
        Info (286033): Parameter OPERATION_MODE set to DUAL_PORT
        Info (286033): Parameter WIDTH_A set to 2
        Info (286033): Parameter WIDTHAD_A set to 6
        Info (286033): Parameter NUMWORDS_A set to 64
        Info (286033): Parameter WIDTH_B set to 2
        Info (286033): Parameter WIDTHAD_B set to 6
        Info (286033): Parameter NUMWORDS_B set to 64
        Info (286033): Parameter ADDRESS_ACLR_A set to NONE
        Info (286033): Parameter OUTDATA_REG_B set to UNREGISTERED
        Info (286033): Parameter ADDRESS_ACLR_B set to NONE
        Info (286033): Parameter OUTDATA_ACLR_B set to NONE
        Info (286033): Parameter ADDRESS_REG_B set to CLOCK0
        Info (286033): Parameter INDATA_ACLR_A set to NONE
        Info (286033): Parameter WRCONTROL_ACLR_A set to NONE
        Info (286033): Parameter INIT_FILE set to /data/work/rio-synthesis/shared-fifo-34e35d2/pe5-v64-c1024-q256-replay-quartus/quartus-rtl/PifoMesh.v_toplevel_pifoEngines_1_enque_brain_engineMapper_ram.bin.mif
        Info (286033): Parameter READ_DURING_WRITE_MODE_MIXED_PORTS set to OLD_DATA
    Info (276029): Inferred altsyncram megafunction from the following design logic: "pifoEngines_1|enque_brain|lastVirtualMapper|ram_rtl_0"  File: /data/work/rio-synthesis/shared-fifo-34e35d2/pe5-v64-c1024-q256-replay-quartus/quartus-rtl/PifoMesh.v Line: 23419
        Info (286033): Parameter OPERATION_MODE set to DUAL_PORT
        Info (286033): Parameter WIDTH_A set to 8
        Info (286033): Parameter WIDTHAD_A set to 6
        Info (286033): Parameter NUMWORDS_A set to 64
        Info (286033): Parameter WIDTH_B set to 8
        Info (286033): Parameter WIDTHAD_B set to 6
        Info (286033): Parameter NUMWORDS_B set to 64
        Info (286033): Parameter ADDRESS_ACLR_A set to NONE
        Info (286033): Parameter OUTDATA_REG_B set to UNREGISTERED
        Info (286033): Parameter ADDRESS_ACLR_B set to NONE
        Info (286033): Parameter OUTDATA_ACLR_B set to NONE
        Info (286033): Parameter ADDRESS_REG_B set to CLOCK0
        Info (286033): Parameter INDATA_ACLR_A set to NONE
        Info (286033): Parameter WRCONTROL_ACLR_A set to NONE
        Info (286033): Parameter INIT_FILE set to /data/work/rio-synthesis/shared-fifo-34e35d2/pe5-v64-c1024-q256-replay-quartus/quartus-rtl/PifoMesh.v_toplevel_pifoEngines_1_enque_brain_lastVirtualMapper_ram.bin.mif
        Info (286033): Parameter READ_DURING_WRITE_MODE_MIXED_PORTS set to OLD_DATA
    Info (276029): Inferred altsyncram megafunction from the following design logic: "pifoEngines_1|enque_brain|engineCAM|ram_rtl_0"  File: /data/work/rio-synthesis/shared-fifo-34e35d2/pe5-v64-c1024-q256-replay-quartus/quartus-rtl/PifoMesh.v Line: 23363
        Info (286033): Parameter OPERATION_MODE set to DUAL_PORT
        Info (286033): Parameter WIDTH_A set to 32
        Info (286033): Parameter WIDTHAD_A set to 15
        Info (286033): Parameter NUMWORDS_A set to 32768
        Info (286033): Parameter WIDTH_B set to 32
        Info (286033): Parameter WIDTHAD_B set to 15
        Info (286033): Parameter NUMWORDS_B set to 32768
        Info (286033): Parameter ADDRESS_ACLR_A set to NONE
        Info (286033): Parameter OUTDATA_REG_B set to UNREGISTERED
        Info (286033): Parameter ADDRESS_ACLR_B set to NONE
        Info (286033): Parameter OUTDATA_ACLR_B set to NONE
        Info (286033): Parameter ADDRESS_REG_B set to CLOCK0
        Info (286033): Parameter INDATA_ACLR_A set to NONE
        Info (286033): Parameter WRCONTROL_ACLR_A set to NONE
        Info (286033): Parameter INIT_FILE set to /data/work/rio-synthesis/shared-fifo-34e35d2/pe5-v64-c1024-q256-replay-quartus/quartus-rtl/PifoMesh.v_toplevel_pifoEngines_1_enque_brain_engineCAM_ram.bin.mif
        Info (286033): Parameter READ_DURING_WRITE_MODE_MIXED_PORTS set to OLD_DATA
    Info (276029): Inferred altsyncram megafunction from the following design logic: "pifoEngines_1|enque_brain|brainStateMem|ram_rtl_0"  File: /data/work/rio-synthesis/shared-fifo-34e35d2/pe5-v64-c1024-q256-replay-quartus/quartus-rtl/PifoMesh.v Line: 23303
        Info (286033): Parameter OPERATION_MODE set to DUAL_PORT
        Info (286033): Parameter WIDTH_A set to 32
        Info (286033): Parameter WIDTHAD_A set to 6
        Info (286033): Parameter NUMWORDS_A set to 64
        Info (286033): Parameter WIDTH_B set to 32
        Info (286033): Parameter WIDTHAD_B set to 6
        Info (286033): Parameter NUMWORDS_B set to 64
        Info (286033): Parameter ADDRESS_ACLR_A set to NONE
        Info (286033): Parameter OUTDATA_REG_B set to UNREGISTERED
        Info (286033): Parameter ADDRESS_ACLR_B set to NONE
        Info (286033): Parameter OUTDATA_ACLR_B set to NONE
        Info (286033): Parameter ADDRESS_REG_B set to CLOCK0
        Info (286033): Parameter INDATA_ACLR_A set to NONE
        Info (286033): Parameter WRCONTROL_ACLR_A set to NONE
        Info (286033): Parameter INIT_FILE set to /data/work/rio-synthesis/shared-fifo-34e35d2/pe5-v64-c1024-q256-replay-quartus/quartus-rtl/PifoMesh.v_toplevel_pifoEngines_1_enque_brain_brainStateMem_ram.bin.mif
        Info (286033): Parameter READ_DURING_WRITE_MODE_MIXED_PORTS set to OLD_DATA
    Info (276029): Inferred altsyncram megafunction from the following design logic: "pifoEngines_2|enque_brain|engineMapper|ram_rtl_0"  File: /data/work/rio-synthesis/shared-fifo-34e35d2/pe5-v64-c1024-q256-replay-quartus/quartus-rtl/PifoMesh.v Line: 23225
        Info (286033): Parameter OPERATION_MODE set to DUAL_PORT
        Info (286033): Parameter WIDTH_A set to 2
        Info (286033): Parameter WIDTHAD_A set to 6
        Info (286033): Parameter NUMWORDS_A set to 64
        Info (286033): Parameter WIDTH_B set to 2
        Info (286033): Parameter WIDTHAD_B set to 6
        Info (286033): Parameter NUMWORDS_B set to 64
        Info (286033): Parameter ADDRESS_ACLR_A set to NONE
        Info (286033): Parameter OUTDATA_REG_B set to UNREGISTERED
        Info (286033): Parameter ADDRESS_ACLR_B set to NONE
        Info (286033): Parameter OUTDATA_ACLR_B set to NONE
        Info (286033): Parameter ADDRESS_REG_B set to CLOCK0
        Info (286033): Parameter INDATA_ACLR_A set to NONE
        Info (286033): Parameter WRCONTROL_ACLR_A set to NONE
        Info (286033): Parameter INIT_FILE set to /data/work/rio-synthesis/shared-fifo-34e35d2/pe5-v64-c1024-q256-replay-quartus/quartus-rtl/PifoMesh.v_toplevel_pifoEngines_2_enque_brain_engineMapper_ram.bin.mif
        Info (286033): Parameter READ_DURING_WRITE_MODE_MIXED_PORTS set to OLD_DATA
    Info (276029): Inferred altsyncram megafunction from the following design logic: "pifoEngines_2|enque_brain|lastVirtualMapper|ram_rtl_0"  File: /data/work/rio-synthesis/shared-fifo-34e35d2/pe5-v64-c1024-q256-replay-quartus/quartus-rtl/PifoMesh.v Line: 23169
        Info (286033): Parameter OPERATION_MODE set to DUAL_PORT
        Info (286033): Parameter WIDTH_A set to 8
        Info (286033): Parameter WIDTHAD_A set to 6
        Info (286033): Parameter NUMWORDS_A set to 64
        Info (286033): Parameter WIDTH_B set to 8
        Info (286033): Parameter WIDTHAD_B set to 6
        Info (286033): Parameter NUMWORDS_B set to 64
        Info (286033): Parameter ADDRESS_ACLR_A set to NONE
        Info (286033): Parameter OUTDATA_REG_B set to UNREGISTERED
        Info (286033): Parameter ADDRESS_ACLR_B set to NONE
        Info (286033): Parameter OUTDATA_ACLR_B set to NONE
        Info (286033): Parameter ADDRESS_REG_B set to CLOCK0
        Info (286033): Parameter INDATA_ACLR_A set to NONE
        Info (286033): Parameter WRCONTROL_ACLR_A set to NONE
        Info (286033): Parameter INIT_FILE set to /data/work/rio-synthesis/shared-fifo-34e35d2/pe5-v64-c1024-q256-replay-quartus/quartus-rtl/PifoMesh.v_toplevel_pifoEngines_2_enque_brain_lastVirtualMapper_ram.bin.mif
        Info (286033): Parameter READ_DURING_WRITE_MODE_MIXED_PORTS set to OLD_DATA
    Info (276029): Inferred altsyncram megafunction from the following design logic: "pifoEngines_2|enque_brain|engineCAM|ram_rtl_0"  File: /data/work/rio-synthesis/shared-fifo-34e35d2/pe5-v64-c1024-q256-replay-quartus/quartus-rtl/PifoMesh.v Line: 23113
        Info (286033): Parameter OPERATION_MODE set to DUAL_PORT
        Info (286033): Parameter WIDTH_A set to 32
        Info (286033): Parameter WIDTHAD_A set to 15
        Info (286033): Parameter NUMWORDS_A set to 32768
        Info (286033): Parameter WIDTH_B set to 32
        Info (286033): Parameter WIDTHAD_B set to 15
        Info (286033): Parameter NUMWORDS_B set to 32768
        Info (286033): Parameter ADDRESS_ACLR_A set to NONE
        Info (286033): Parameter OUTDATA_REG_B set to UNREGISTERED
        Info (286033): Parameter ADDRESS_ACLR_B set to NONE
        Info (286033): Parameter OUTDATA_ACLR_B set to NONE
        Info (286033): Parameter ADDRESS_REG_B set to CLOCK0
        Info (286033): Parameter INDATA_ACLR_A set to NONE
        Info (286033): Parameter WRCONTROL_ACLR_A set to NONE
        Info (286033): Parameter INIT_FILE set to /data/work/rio-synthesis/shared-fifo-34e35d2/pe5-v64-c1024-q256-replay-quartus/quartus-rtl/PifoMesh.v_toplevel_pifoEngines_2_enque_brain_engineCAM_ram.bin.mif
        Info (286033): Parameter READ_DURING_WRITE_MODE_MIXED_PORTS set to OLD_DATA
    Info (276029): Inferred altsyncram megafunction from the following design logic: "pifoEngines_2|enque_brain|brainStateMem|ram_rtl_0"  File: /data/work/rio-synthesis/shared-fifo-34e35d2/pe5-v64-c1024-q256-replay-quartus/quartus-rtl/PifoMesh.v Line: 23053
        Info (286033): Parameter OPERATION_MODE set to DUAL_PORT
        Info (286033): Parameter WIDTH_A set to 32
        Info (286033): Parameter WIDTHAD_A set to 6
        Info (286033): Parameter NUMWORDS_A set to 64
        Info (286033): Parameter WIDTH_B set to 32
        Info (286033): Parameter WIDTHAD_B set to 6
        Info (286033): Parameter NUMWORDS_B set to 64
        Info (286033): Parameter ADDRESS_ACLR_A set to NONE
        Info (286033): Parameter OUTDATA_REG_B set to UNREGISTERED
        Info (286033): Parameter ADDRESS_ACLR_B set to NONE
        Info (286033): Parameter OUTDATA_ACLR_B set to NONE
        Info (286033): Parameter ADDRESS_REG_B set to CLOCK0
        Info (286033): Parameter INDATA_ACLR_A set to NONE
        Info (286033): Parameter WRCONTROL_ACLR_A set to NONE
        Info (286033): Parameter INIT_FILE set to /data/work/rio-synthesis/shared-fifo-34e35d2/pe5-v64-c1024-q256-replay-quartus/quartus-rtl/PifoMesh.v_toplevel_pifoEngines_2_enque_brain_brainStateMem_ram.bin.mif
        Info (286033): Parameter READ_DURING_WRITE_MODE_MIXED_PORTS set to OLD_DATA
    Info (276029): Inferred altsyncram megafunction from the following design logic: "pifoEngines_3|enque_brain|engineMapper|ram_rtl_0"  File: /data/work/rio-synthesis/shared-fifo-34e35d2/pe5-v64-c1024-q256-replay-quartus/quartus-rtl/PifoMesh.v Line: 22975
        Info (286033): Parameter OPERATION_MODE set to DUAL_PORT
        Info (286033): Parameter WIDTH_A set to 2
        Info (286033): Parameter WIDTHAD_A set to 6
        Info (286033): Parameter NUMWORDS_A set to 64
        Info (286033): Parameter WIDTH_B set to 2
        Info (286033): Parameter WIDTHAD_B set to 6
        Info (286033): Parameter NUMWORDS_B set to 64
        Info (286033): Parameter ADDRESS_ACLR_A set to NONE
        Info (286033): Parameter OUTDATA_REG_B set to UNREGISTERED
        Info (286033): Parameter ADDRESS_ACLR_B set to NONE
        Info (286033): Parameter OUTDATA_ACLR_B set to NONE
        Info (286033): Parameter ADDRESS_REG_B set to CLOCK0
        Info (286033): Parameter INDATA_ACLR_A set to NONE
        Info (286033): Parameter WRCONTROL_ACLR_A set to NONE
        Info (286033): Parameter INIT_FILE set to /data/work/rio-synthesis/shared-fifo-34e35d2/pe5-v64-c1024-q256-replay-quartus/quartus-rtl/PifoMesh.v_toplevel_pifoEngines_3_enque_brain_engineMapper_ram.bin.mif
        Info (286033): Parameter READ_DURING_WRITE_MODE_MIXED_PORTS set to OLD_DATA
    Info (276029): Inferred altsyncram megafunction from the following design logic: "pifoEngines_3|enque_brain|lastVirtualMapper|ram_rtl_0"  File: /data/work/rio-synthesis/shared-fifo-34e35d2/pe5-v64-c1024-q256-replay-quartus/quartus-rtl/PifoMesh.v Line: 22919
        Info (286033): Parameter OPERATION_MODE set to DUAL_PORT
        Info (286033): Parameter WIDTH_A set to 8
        Info (286033): Parameter WIDTHAD_A set to 6
        Info (286033): Parameter NUMWORDS_A set to 64
        Info (286033): Parameter WIDTH_B set to 8
        Info (286033): Parameter WIDTHAD_B set to 6
        Info (286033): Parameter NUMWORDS_B set to 64
        Info (286033): Parameter ADDRESS_ACLR_A set to NONE
        Info (286033): Parameter OUTDATA_REG_B set to UNREGISTERED
        Info (286033): Parameter ADDRESS_ACLR_B set to NONE
        Info (286033): Parameter OUTDATA_ACLR_B set to NONE
        Info (286033): Parameter ADDRESS_REG_B set to CLOCK0
        Info (286033): Parameter INDATA_ACLR_A set to NONE
        Info (286033): Parameter WRCONTROL_ACLR_A set to NONE
        Info (286033): Parameter INIT_FILE set to /data/work/rio-synthesis/shared-fifo-34e35d2/pe5-v64-c1024-q256-replay-quartus/quartus-rtl/PifoMesh.v_toplevel_pifoEngines_3_enque_brain_lastVirtualMapper_ram.bin.mif
        Info (286033): Parameter READ_DURING_WRITE_MODE_MIXED_PORTS set to OLD_DATA
    Info (276029): Inferred altsyncram megafunction from the following design logic: "pifoEngines_3|enque_brain|engineCAM|ram_rtl_0"  File: /data/work/rio-synthesis/shared-fifo-34e35d2/pe5-v64-c1024-q256-replay-quartus/quartus-rtl/PifoMesh.v Line: 22863
        Info (286033): Parameter OPERATION_MODE set to DUAL_PORT
        Info (286033): Parameter WIDTH_A set to 32
        Info (286033): Parameter WIDTHAD_A set to 15
        Info (286033): Parameter NUMWORDS_A set to 32768
        Info (286033): Parameter WIDTH_B set to 32
        Info (286033): Parameter WIDTHAD_B set to 15
        Info (286033): Parameter NUMWORDS_B set to 32768
        Info (286033): Parameter ADDRESS_ACLR_A set to NONE
        Info (286033): Parameter OUTDATA_REG_B set to UNREGISTERED
        Info (286033): Parameter ADDRESS_ACLR_B set to NONE
        Info (286033): Parameter OUTDATA_ACLR_B set to NONE
        Info (286033): Parameter ADDRESS_REG_B set to CLOCK0
        Info (286033): Parameter INDATA_ACLR_A set to NONE
        Info (286033): Parameter WRCONTROL_ACLR_A set to NONE
        Info (286033): Parameter INIT_FILE set to /data/work/rio-synthesis/shared-fifo-34e35d2/pe5-v64-c1024-q256-replay-quartus/quartus-rtl/PifoMesh.v_toplevel_pifoEngines_3_enque_brain_engineCAM_ram.bin.mif
        Info (286033): Parameter READ_DURING_WRITE_MODE_MIXED_PORTS set to OLD_DATA
    Info (276029): Inferred altsyncram megafunction from the following design logic: "pifoEngines_3|enque_brain|brainStateMem|ram_rtl_0"  File: /data/work/rio-synthesis/shared-fifo-34e35d2/pe5-v64-c1024-q256-replay-quartus/quartus-rtl/PifoMesh.v Line: 22803
        Info (286033): Parameter OPERATION_MODE set to DUAL_PORT
        Info (286033): Parameter WIDTH_A set to 32
        Info (286033): Parameter WIDTHAD_A set to 6
        Info (286033): Parameter NUMWORDS_A set to 64
        Info (286033): Parameter WIDTH_B set to 32
        Info (286033): Parameter WIDTHAD_B set to 6
        Info (286033): Parameter NUMWORDS_B set to 64
        Info (286033): Parameter ADDRESS_ACLR_A set to NONE
        Info (286033): Parameter OUTDATA_REG_B set to UNREGISTERED
        Info (286033): Parameter ADDRESS_ACLR_B set to NONE
        Info (286033): Parameter OUTDATA_ACLR_B set to NONE
        Info (286033): Parameter ADDRESS_REG_B set to CLOCK0
        Info (286033): Parameter INDATA_ACLR_A set to NONE
        Info (286033): Parameter WRCONTROL_ACLR_A set to NONE
        Info (286033): Parameter INIT_FILE set to /data/work/rio-synthesis/shared-fifo-34e35d2/pe5-v64-c1024-q256-replay-quartus/quartus-rtl/PifoMesh.v_toplevel_pifoEngines_3_enque_brain_brainStateMem_ram.bin.mif
        Info (286033): Parameter READ_DURING_WRITE_MODE_MIXED_PORTS set to OLD_DATA
    Info (276029): Inferred altsyncram megafunction from the following design logic: "pifoEngines_4|enque_brain|engineMapper|ram_rtl_0"  File: /data/work/rio-synthesis/shared-fifo-34e35d2/pe5-v64-c1024-q256-replay-quartus/quartus-rtl/PifoMesh.v Line: 22725
        Info (286033): Parameter OPERATION_MODE set to DUAL_PORT
        Info (286033): Parameter WIDTH_A set to 2
        Info (286033): Parameter WIDTHAD_A set to 6
        Info (286033): Parameter NUMWORDS_A set to 64
        Info (286033): Parameter WIDTH_B set to 2
        Info (286033): Parameter WIDTHAD_B set to 6
        Info (286033): Parameter NUMWORDS_B set to 64
        Info (286033): Parameter ADDRESS_ACLR_A set to NONE
        Info (286033): Parameter OUTDATA_REG_B set to UNREGISTERED
        Info (286033): Parameter ADDRESS_ACLR_B set to NONE
        Info (286033): Parameter OUTDATA_ACLR_B set to NONE
        Info (286033): Parameter ADDRESS_REG_B set to CLOCK0
        Info (286033): Parameter INDATA_ACLR_A set to NONE
        Info (286033): Parameter WRCONTROL_ACLR_A set to NONE
        Info (286033): Parameter INIT_FILE set to /data/work/rio-synthesis/shared-fifo-34e35d2/pe5-v64-c1024-q256-replay-quartus/quartus-rtl/PifoMesh.v_toplevel_pifoEngines_4_enque_brain_engineMapper_ram.bin.mif
        Info (286033): Parameter READ_DURING_WRITE_MODE_MIXED_PORTS set to OLD_DATA
    Info (276029): Inferred altsyncram megafunction from the following design logic: "pifoEngines_4|enque_brain|lastVirtualMapper|ram_rtl_0"  File: /data/work/rio-synthesis/shared-fifo-34e35d2/pe5-v64-c1024-q256-replay-quartus/quartus-rtl/PifoMesh.v Line: 22669
        Info (286033): Parameter OPERATION_MODE set to DUAL_PORT
        Info (286033): Parameter WIDTH_A set to 8
        Info (286033): Parameter WIDTHAD_A set to 6
        Info (286033): Parameter NUMWORDS_A set to 64
        Info (286033): Parameter WIDTH_B set to 8
        Info (286033): Parameter WIDTHAD_B set to 6
        Info (286033): Parameter NUMWORDS_B set to 64
        Info (286033): Parameter ADDRESS_ACLR_A set to NONE
        Info (286033): Parameter OUTDATA_REG_B set to UNREGISTERED
        Info (286033): Parameter ADDRESS_ACLR_B set to NONE
        Info (286033): Parameter OUTDATA_ACLR_B set to NONE
        Info (286033): Parameter ADDRESS_REG_B set to CLOCK0
        Info (286033): Parameter INDATA_ACLR_A set to NONE
        Info (286033): Parameter WRCONTROL_ACLR_A set to NONE
        Info (286033): Parameter INIT_FILE set to /data/work/rio-synthesis/shared-fifo-34e35d2/pe5-v64-c1024-q256-replay-quartus/quartus-rtl/PifoMesh.v_toplevel_pifoEngines_4_enque_brain_lastVirtualMapper_ram.bin.mif
        Info (286033): Parameter READ_DURING_WRITE_MODE_MIXED_PORTS set to OLD_DATA
    Info (276029): Inferred altsyncram megafunction from the following design logic: "pifoEngines_4|enque_brain|engineCAM|ram_rtl_0"  File: /data/work/rio-synthesis/shared-fifo-34e35d2/pe5-v64-c1024-q256-replay-quartus/quartus-rtl/PifoMesh.v Line: 22613
        Info (286033): Parameter OPERATION_MODE set to DUAL_PORT
        Info (286033): Parameter WIDTH_A set to 32
        Info (286033): Parameter WIDTHAD_A set to 15
        Info (286033): Parameter NUMWORDS_A set to 32768
        Info (286033): Parameter WIDTH_B set to 32
        Info (286033): Parameter WIDTHAD_B set to 15
        Info (286033): Parameter NUMWORDS_B set to 32768
        Info (286033): Parameter ADDRESS_ACLR_A set to NONE
        Info (286033): Parameter OUTDATA_REG_B set to UNREGISTERED
        Info (286033): Parameter ADDRESS_ACLR_B set to NONE
        Info (286033): Parameter OUTDATA_ACLR_B set to NONE
        Info (286033): Parameter ADDRESS_REG_B set to CLOCK0
        Info (286033): Parameter INDATA_ACLR_A set to NONE
        Info (286033): Parameter WRCONTROL_ACLR_A set to NONE
        Info (286033): Parameter INIT_FILE set to /data/work/rio-synthesis/shared-fifo-34e35d2/pe5-v64-c1024-q256-replay-quartus/quartus-rtl/PifoMesh.v_toplevel_pifoEngines_4_enque_brain_engineCAM_ram.bin.mif
        Info (286033): Parameter READ_DURING_WRITE_MODE_MIXED_PORTS set to OLD_DATA
    Info (276029): Inferred altsyncram megafunction from the following design logic: "pifoEngines_4|enque_brain|brainStateMem|ram_rtl_0"  File: /data/work/rio-synthesis/shared-fifo-34e35d2/pe5-v64-c1024-q256-replay-quartus/quartus-rtl/PifoMesh.v Line: 22553
        Info (286033): Parameter OPERATION_MODE set to DUAL_PORT
        Info (286033): Parameter WIDTH_A set to 32
        Info (286033): Parameter WIDTHAD_A set to 6
        Info (286033): Parameter NUMWORDS_A set to 64
        Info (286033): Parameter WIDTH_B set to 32
        Info (286033): Parameter WIDTHAD_B set to 6
        Info (286033): Parameter NUMWORDS_B set to 64
        Info (286033): Parameter ADDRESS_ACLR_A set to NONE
        Info (286033): Parameter OUTDATA_REG_B set to UNREGISTERED
        Info (286033): Parameter ADDRESS_ACLR_B set to NONE
        Info (286033): Parameter OUTDATA_ACLR_B set to NONE
        Info (286033): Parameter ADDRESS_REG_B set to CLOCK0
        Info (286033): Parameter INDATA_ACLR_A set to NONE
        Info (286033): Parameter WRCONTROL_ACLR_A set to NONE
        Info (286033): Parameter INIT_FILE set to /data/work/rio-synthesis/shared-fifo-34e35d2/pe5-v64-c1024-q256-replay-quartus/quartus-rtl/PifoMesh.v_toplevel_pifoEngines_4_enque_brain_brainStateMem_ram.bin.mif
        Info (286033): Parameter READ_DURING_WRITE_MODE_MIXED_PORTS set to OLD_DATA
Warning (14284): Synthesized away the following node(s):
    Warning (25637): Synthesized away 2063 node(s) of type RAM. See "Registers Removed during Synthesis" report for more details.
Warning (13024): Output pins are stuck at VCC or GND
    Warning (13410): Pin "io_pifo_0_push2_payload_data[0..8]" is stuck at GND File: /data/work/rio-synthesis/shared-fifo-34e35d2/pe5-v64-c1024-q256-replay-quartus/quartus-rtl/PifoMesh.v Line: 49
    Warning (13410): Pin "io_pifo_0_push2_payload_port[0..5]" is stuck at GND File: /data/work/rio-synthesis/shared-fifo-34e35d2/pe5-v64-c1024-q256-replay-quartus/quartus-rtl/PifoMesh.v Line: 50
    Warning (13410): Pin "io_pifo_0_push2_payload_priority[0..7]" is stuck at GND File: /data/work/rio-synthesis/shared-fifo-34e35d2/pe5-v64-c1024-q256-replay-quartus/quartus-rtl/PifoMesh.v Line: 48
    Warning (13410): Pin "io_pifo_0_push2_valid" is stuck at GND File: /data/work/rio-synthesis/shared-fifo-34e35d2/pe5-v64-c1024-q256-replay-quartus/quartus-rtl/PifoMesh.v Line: 47
    Warning (13410): Pin "io_pifo_1_push2_payload_data[0..8]" is stuck at GND File: /data/work/rio-synthesis/shared-fifo-34e35d2/pe5-v64-c1024-q256-replay-quartus/quartus-rtl/PifoMesh.v Line: 71
    Warning (13410): Pin "io_pifo_1_push2_payload_port[0..5]" is stuck at GND File: /data/work/rio-synthesis/shared-fifo-34e35d2/pe5-v64-c1024-q256-replay-quartus/quartus-rtl/PifoMesh.v Line: 72
    Warning (13410): Pin "io_pifo_1_push2_payload_priority[0..7]" is stuck at GND File: /data/work/rio-synthesis/shared-fifo-34e35d2/pe5-v64-c1024-q256-replay-quartus/quartus-rtl/PifoMesh.v Line: 70
    Warning (13410): Pin "io_pifo_1_push2_valid" is stuck at GND File: /data/work/rio-synthesis/shared-fifo-34e35d2/pe5-v64-c1024-q256-replay-quartus/quartus-rtl/PifoMesh.v Line: 69
    Warning (13410): Pin "io_pifo_2_push2_payload_data[0..8]" is stuck at GND File: /data/work/rio-synthesis/shared-fifo-34e35d2/pe5-v64-c1024-q256-replay-quartus/quartus-rtl/PifoMesh.v Line: 93
    Warning (13410): Pin "io_pifo_2_push2_payload_port[0..5]" is stuck at GND File: /data/work/rio-synthesis/shared-fifo-34e35d2/pe5-v64-c1024-q256-replay-quartus/quartus-rtl/PifoMesh.v Line: 94
    Warning (13410): Pin "io_pifo_2_push2_payload_priority[0..7]" is stuck at GND File: /data/work/rio-synthesis/shared-fifo-34e35d2/pe5-v64-c1024-q256-replay-quartus/quartus-rtl/PifoMesh.v Line: 92
    Warning (13410): Pin "io_pifo_2_push2_valid" is stuck at GND File: /data/work/rio-synthesis/shared-fifo-34e35d2/pe5-v64-c1024-q256-replay-quartus/quartus-rtl/PifoMesh.v Line: 91
    Warning (13410): Pin "io_pifo_3_push2_payload_data[0..8]" is stuck at GND File: /data/work/rio-synthesis/shared-fifo-34e35d2/pe5-v64-c1024-q256-replay-quartus/quartus-rtl/PifoMesh.v Line: 115
    Warning (13410): Pin "io_pifo_3_push2_payload_port[0..5]" is stuck at GND File: /data/work/rio-synthesis/shared-fifo-34e35d2/pe5-v64-c1024-q256-replay-quartus/quartus-rtl/PifoMesh.v Line: 116
    Warning (13410): Pin "io_pifo_3_push2_payload_priority[0..7]" is stuck at GND File: /data/work/rio-synthesis/shared-fifo-34e35d2/pe5-v64-c1024-q256-replay-quartus/quartus-rtl/PifoMesh.v Line: 114
    Warning (13410): Pin "io_pifo_3_push2_valid" is stuck at GND File: /data/work/rio-synthesis/shared-fifo-34e35d2/pe5-v64-c1024-q256-replay-quartus/quartus-rtl/PifoMesh.v Line: 113
    Warning (13410): Pin "io_pifo_4_push2_payload_data[0..8]" is stuck at GND File: /data/work/rio-synthesis/shared-fifo-34e35d2/pe5-v64-c1024-q256-replay-quartus/quartus-rtl/PifoMesh.v Line: 137
    Warning (13410): Pin "io_pifo_4_push2_payload_port[0..5]" is stuck at GND File: /data/work/rio-synthesis/shared-fifo-34e35d2/pe5-v64-c1024-q256-replay-quartus/quartus-rtl/PifoMesh.v Line: 138
    Warning (13410): Pin "io_pifo_4_push2_payload_priority[0..7]" is stuck at GND File: /data/work/rio-synthesis/shared-fifo-34e35d2/pe5-v64-c1024-q256-replay-quartus/quartus-rtl/PifoMesh.v Line: 136
    Warning (13410): Pin "io_pifo_4_push2_valid" is stuck at GND File: /data/work/rio-synthesis/shared-fifo-34e35d2/pe5-v64-c1024-q256-replay-quartus/quartus-rtl/PifoMesh.v Line: 135
    Warning (13410): Pin "io_replayLogAvailable[8]" is stuck at GND File: /data/work/rio-synthesis/shared-fifo-34e35d2/pe5-v64-c1024-q256-replay-quartus/quartus-rtl/PifoMesh.v Line: 156
Info (17049): 2333 registers lost all their fanouts during netlist optimizations.
Info (21057): Implemented 13872 device resources after synthesis - the final resource count might be different
    Info (21058): Implemented 352 input pins
    Info (21059): Implemented 335 output pins
    Info (21061): Implemented 10871 logic cells
    Info (21064): Implemented 2314 RAM segments
Info: Successfully synthesized partition
Info: Saving post-synthesis snapshots for 1 partition(s)
Info (21615): Running Design Assistant Rules for snapshot 'synthesized'
Info: No waiver waived any violations
Info (22360): Design Assistant Results: 12 of 13 enabled rules passed, and 7 rules was disabled, in snapshot 'synthesized'
Info (21661): Design Assistant Results: 0 of 1 High severity rules issued violations in snapshot 'synthesized'
Info (21621): Design Assistant Results: 1 of 6 Medium severity rules issued violations in snapshot 'synthesized'. Please refer to DRC report '/data/work/rio-synthesis/shared-fifo-34e35d2/pe5-v64-c1024-q256-replay-quartus/output_files/pifo.drc.synthesized.rpt' for more information
Info (21622): Design Assistant Results: 0 of 6 Low severity rules issued violations in snapshot 'synthesized'
Info: Quartus Prime Synthesis was successful. 0 errors, 31 warnings
    Info: Peak virtual memory: 2925 megabytes
    Info: Processing ended: Mon Sep  7 14:03:39 2026
    Info: Elapsed time: 00:00:24
    Info: System process ID: 424977
