Copyright 1986-2022 Xilinx, Inc. All Rights Reserved. Copyright 2022-2025 Advanced Micro Devices, Inc. All Rights Reserved.
--------------------------------------------------------------------------------------------------------------------------------------------------------
| Tool Version : Vivado v.2025.2 (lin64) Build 6299465 Fri Nov 14 12:34:56 MST 2025
| Date         : Mon Sep  7 13:48:14 2026
| Host         : netarch-cxl.ece.cornell.edu running 64-bit Ubuntu 24.04.4 LTS
| Command      : report_ram_utilization -file /data/work/rio-synthesis/shared-fifo-34e35d2/pe5-v32-c1024-q256-static-vivado/reports/ram-utilization.rpt
| Design       : PifoMesh
| Device       : xcku5p-ffvb676-2-e
| Speed File   : -2
--------------------------------------------------------------------------------------------------------------------------------------------------------

RAM Usage Information

Table of Contents
-----------------
1. Summary
2. Memory Description
3. Memory Utilization - Inferred
4. Memory Performance - Inferred
5. Block Ram / URAM Memory Power - Inferred

1. Summary
----------

+--------------------------+------------+-----------+-------+-----------+
| Memory Type              | Total Used | Available | Util% | Inferred% |
+--------------------------+------------+-----------+-------+-----------+
| URAM                     |          0 |        64 |  0.00 |      0.00 |
| BlockRAM                 |         31 |       480 |  6.46 |    100.00 |
|  RAMB36E2                |         31 |           |       |    100.00 |
| LUTMs as Distributed RAM |        508 |     99840 |  0.51 |    100.00 |
|  LUTMs as RAM32X1D       |         40 |           |       |    100.00 |
|  LUTMs as RAM32M16       |        448 |           |       |    100.00 |
|  LUTMs as RAM32M         |         20 |           |       |    100.00 |
+--------------------------+------------+-----------+-------+-----------+
*  Each RAMB18 is calculated as 0.5 BlockRAM
**  Tables 2, 3, 4 and 5 cover RAMs inferred by Vivado Synthesis using XPMs or RTL inference
***  XRAMs are not reported for detailed tables


2. Memory Description
---------------------

+-----------------------------------------------------+------------+-----------+-------------+------------------------+------------------------+
| Memory Name                                         | Array Size | RAM_STYLE | Memory Type | Port 1 Dimension / Map | Port 2 Dimension / Map |
+-----------------------------------------------------+------------+-----------+-------------+------------------------+------------------------+
| pifoEngines_0/enque_brain/engineCAM/ram             |     262144 |           | RAM_SDP     | 8192x18                | 8192x18                |
|  pifoEngines_0/enque_brain/engineCAM/ram_reg_bram_0 |      36864 |      AUTO |             |  A:A:2048x18           |  B:B:2048x18           |
|  pifoEngines_0/enque_brain/engineCAM/ram_reg_bram_1 |      36864 |      AUTO |             |  A:A:2048x18           |  B:B:2048x18           |
|  pifoEngines_0/enque_brain/engineCAM/ram_reg_bram_2 |      36864 |      AUTO |             |  A:A:2048x18           |  B:B:2048x18           |
|  pifoEngines_0/enque_brain/engineCAM/ram_reg_bram_3 |      36864 |      AUTO |             |  A:A:2048x18           |  B:B:2048x18           |
| pifoEngines_1/enque_brain/engineCAM/ram             |     262144 |           | RAM_SDP     | 8192x18                | 8192x18                |
|  pifoEngines_1/enque_brain/engineCAM/ram_reg_bram_0 |      36864 |      AUTO |             |  A:A:2048x18           |  B:B:2048x18           |
|  pifoEngines_1/enque_brain/engineCAM/ram_reg_bram_1 |      36864 |      AUTO |             |  A:A:2048x18           |  B:B:2048x18           |
|  pifoEngines_1/enque_brain/engineCAM/ram_reg_bram_2 |      36864 |      AUTO |             |  A:A:2048x18           |  B:B:2048x18           |
|  pifoEngines_1/enque_brain/engineCAM/ram_reg_bram_3 |      36864 |      AUTO |             |  A:A:2048x18           |  B:B:2048x18           |
| pifoEngines_2/enque_brain/engineCAM/ram             |     262144 |           | RAM_SDP     | 8192x18                | 8192x18                |
|  pifoEngines_2/enque_brain/engineCAM/ram_reg_bram_0 |      36864 |      AUTO |             |  A:A:2048x18           |  B:B:2048x18           |
|  pifoEngines_2/enque_brain/engineCAM/ram_reg_bram_1 |      36864 |      AUTO |             |  A:A:2048x18           |  B:B:2048x18           |
|  pifoEngines_2/enque_brain/engineCAM/ram_reg_bram_2 |      36864 |      AUTO |             |  A:A:2048x18           |  B:B:2048x18           |
|  pifoEngines_2/enque_brain/engineCAM/ram_reg_bram_3 |      36864 |      AUTO |             |  A:A:2048x18           |  B:B:2048x18           |
| pifoEngines_3/enque_brain/engineCAM/ram             |     262144 |           | RAM_SDP     | 8192x18                | 8192x18                |
|  pifoEngines_3/enque_brain/engineCAM/ram_reg_bram_0 |      36864 |      AUTO |             |  A:A:2048x18           |  B:B:2048x18           |
|  pifoEngines_3/enque_brain/engineCAM/ram_reg_bram_1 |      36864 |      AUTO |             |  A:A:2048x18           |  B:B:2048x18           |
|  pifoEngines_3/enque_brain/engineCAM/ram_reg_bram_2 |      36864 |      AUTO |             |  A:A:2048x18           |  B:B:2048x18           |
|  pifoEngines_3/enque_brain/engineCAM/ram_reg_bram_3 |      36864 |      AUTO |             |  A:A:2048x18           |  B:B:2048x18           |
| pifoEngines_4/enque_brain/engineCAM/ram             |     262144 |           | RAM_SDP     | 8192x18                | 8192x18                |
|  pifoEngines_4/enque_brain/engineCAM/ram_reg_bram_0 |      36864 |      AUTO |             |  A:A:2048x18           |  B:B:2048x18           |
|  pifoEngines_4/enque_brain/engineCAM/ram_reg_bram_1 |      36864 |      AUTO |             |  A:A:2048x18           |  B:B:2048x18           |
|  pifoEngines_4/enque_brain/engineCAM/ram_reg_bram_2 |      36864 |      AUTO |             |  A:A:2048x18           |  B:B:2048x18           |
|  pifoEngines_4/enque_brain/engineCAM/ram_reg_bram_3 |      36864 |      AUTO |             |  A:A:2048x18           |  B:B:2048x18           |
| pifoEngines_0/deque_dequeMapper/ram                 |      65536 |           | RAM_SDP     | 8192x8                 | 8192x8                 |
|  pifoEngines_0/deque_dequeMapper/ram_reg_bram_0     |      32768 |      AUTO |             |  A:A:4096x8            |  B:B:4096x8            |
|  pifoEngines_0/deque_dequeMapper/ram_reg_bram_1     |      32768 |      AUTO |             |  A:A:4096x8            |  B:B:4096x8            |
| pifoEngines_1/deque_dequeMapper/ram                 |      65536 |           | RAM_SDP     | 8192x8                 | 8192x8                 |
|  pifoEngines_1/deque_dequeMapper/ram_reg_bram_0     |      32768 |      AUTO |             |  A:A:4096x8            |  B:B:4096x8            |
|  pifoEngines_1/deque_dequeMapper/ram_reg_bram_1     |      32768 |      AUTO |             |  A:A:4096x8            |  B:B:4096x8            |
| pifoEngines_2/deque_dequeMapper/ram                 |      65536 |           | RAM_SDP     | 8192x8                 | 8192x8                 |
|  pifoEngines_2/deque_dequeMapper/ram_reg_bram_0     |      32768 |      AUTO |             |  A:A:4096x8            |  B:B:4096x8            |
|  pifoEngines_2/deque_dequeMapper/ram_reg_bram_1     |      32768 |      AUTO |             |  A:A:4096x8            |  B:B:4096x8            |
| pifoEngines_3/deque_dequeMapper/ram                 |      65536 |           | RAM_SDP     | 8192x8                 | 8192x8                 |
|  pifoEngines_3/deque_dequeMapper/ram_reg_bram_0     |      32768 |      AUTO |             |  A:A:4096x8            |  B:B:4096x8            |
|  pifoEngines_3/deque_dequeMapper/ram_reg_bram_1     |      32768 |      AUTO |             |  A:A:4096x8            |  B:B:4096x8            |
| pifoEngines_4/deque_dequeMapper/ram                 |      65536 |           | RAM_SDP     | 8192x8                 | 8192x8                 |
|  pifoEngines_4/deque_dequeMapper/ram_reg_bram_0     |      32768 |      AUTO |             |  A:A:4096x8            |  B:B:4096x8            |
|  pifoEngines_4/deque_dequeMapper/ram_reg_bram_1     |      32768 |      AUTO |             |  A:A:4096x8            |  B:B:4096x8            |
| io_controlRequest_fifo/logic_ram                    |      13056 |           | RAM_SDP     | 512x51                 | 512x51                 |
|  io_controlRequest_fifo/logic_ram_reg               |      26112 |      AUTO |             |  B:B:256x51            |  A:A:256x51            |
+-----------------------------------------------------+------------+-----------+-------------+------------------------+------------------------+


3. Memory Utilization - Inferred
--------------------------------

+-----------------------------------------------------+-----------+-----------+----------------+-----------+-----------+---------+---------------+---------------+---------+---------------+---------------+---------+---------------+---------------+---------+---------------+---------------+
| Memory Name                                         | Primitive | RAM STYLE | Available Bits | Used Bits | Bit Util% | A Depth | A Depth Avail | A Depth Util% | A Width | A Width Avail | A Width Util% | B Depth | B Depth Avail | B Depth Util% | B Width | B Width Avail | B Width Util% |
+-----------------------------------------------------+-----------+-----------+----------------+-----------+-----------+---------+---------------+---------------+---------+---------------+---------------+---------+---------------+---------------+---------+---------------+---------------+
| pifoEngines_0/enque_brain/engineCAM/ram             |           |           |                |           |           |         |               |               |         |               |               |         |               |               |         |               |               |
|  pifoEngines_0/enque_brain/engineCAM/ram_reg_bram_0 | RAMB36E2  |      AUTO |          36864 |     36864 |    100.00 |    2048 |          2048 |        100.00 |      18 |            18 |        100.00 |    2048 |          2048 |        100.00 |      18 |            18 |        100.00 |
|  pifoEngines_0/enque_brain/engineCAM/ram_reg_bram_1 | RAMB36E2  |      AUTO |          36864 |     36864 |    100.00 |    2048 |          2048 |        100.00 |      18 |            18 |        100.00 |    2048 |          2048 |        100.00 |      18 |            18 |        100.00 |
|  pifoEngines_0/enque_brain/engineCAM/ram_reg_bram_2 | RAMB36E2  |      AUTO |          36864 |     36864 |    100.00 |    2048 |          2048 |        100.00 |      18 |            18 |        100.00 |    2048 |          2048 |        100.00 |      18 |            18 |        100.00 |
|  pifoEngines_0/enque_brain/engineCAM/ram_reg_bram_3 | RAMB36E2  |      AUTO |          36864 |     36864 |    100.00 |    2048 |          2048 |        100.00 |      18 |            18 |        100.00 |    2048 |          2048 |        100.00 |      18 |            18 |        100.00 |
| pifoEngines_1/enque_brain/engineCAM/ram             |           |           |                |           |           |         |               |               |         |               |               |         |               |               |         |               |               |
|  pifoEngines_1/enque_brain/engineCAM/ram_reg_bram_0 | RAMB36E2  |      AUTO |          36864 |     36864 |    100.00 |    2048 |          2048 |        100.00 |      18 |            18 |        100.00 |    2048 |          2048 |        100.00 |      18 |            18 |        100.00 |
|  pifoEngines_1/enque_brain/engineCAM/ram_reg_bram_1 | RAMB36E2  |      AUTO |          36864 |     36864 |    100.00 |    2048 |          2048 |        100.00 |      18 |            18 |        100.00 |    2048 |          2048 |        100.00 |      18 |            18 |        100.00 |
|  pifoEngines_1/enque_brain/engineCAM/ram_reg_bram_2 | RAMB36E2  |      AUTO |          36864 |     36864 |    100.00 |    2048 |          2048 |        100.00 |      18 |            18 |        100.00 |    2048 |          2048 |        100.00 |      18 |            18 |        100.00 |
|  pifoEngines_1/enque_brain/engineCAM/ram_reg_bram_3 | RAMB36E2  |      AUTO |          36864 |     36864 |    100.00 |    2048 |          2048 |        100.00 |      18 |            18 |        100.00 |    2048 |          2048 |        100.00 |      18 |            18 |        100.00 |
| pifoEngines_2/enque_brain/engineCAM/ram             |           |           |                |           |           |         |               |               |         |               |               |         |               |               |         |               |               |
|  pifoEngines_2/enque_brain/engineCAM/ram_reg_bram_0 | RAMB36E2  |      AUTO |          36864 |     36864 |    100.00 |    2048 |          2048 |        100.00 |      18 |            18 |        100.00 |    2048 |          2048 |        100.00 |      18 |            18 |        100.00 |
|  pifoEngines_2/enque_brain/engineCAM/ram_reg_bram_1 | RAMB36E2  |      AUTO |          36864 |     36864 |    100.00 |    2048 |          2048 |        100.00 |      18 |            18 |        100.00 |    2048 |          2048 |        100.00 |      18 |            18 |        100.00 |
|  pifoEngines_2/enque_brain/engineCAM/ram_reg_bram_2 | RAMB36E2  |      AUTO |          36864 |     36864 |    100.00 |    2048 |          2048 |        100.00 |      18 |            18 |        100.00 |    2048 |          2048 |        100.00 |      18 |            18 |        100.00 |
|  pifoEngines_2/enque_brain/engineCAM/ram_reg_bram_3 | RAMB36E2  |      AUTO |          36864 |     36864 |    100.00 |    2048 |          2048 |        100.00 |      18 |            18 |        100.00 |    2048 |          2048 |        100.00 |      18 |            18 |        100.00 |
| pifoEngines_3/enque_brain/engineCAM/ram             |           |           |                |           |           |         |               |               |         |               |               |         |               |               |         |               |               |
|  pifoEngines_3/enque_brain/engineCAM/ram_reg_bram_0 | RAMB36E2  |      AUTO |          36864 |     36864 |    100.00 |    2048 |          2048 |        100.00 |      18 |            18 |        100.00 |    2048 |          2048 |        100.00 |      18 |            18 |        100.00 |
|  pifoEngines_3/enque_brain/engineCAM/ram_reg_bram_1 | RAMB36E2  |      AUTO |          36864 |     36864 |    100.00 |    2048 |          2048 |        100.00 |      18 |            18 |        100.00 |    2048 |          2048 |        100.00 |      18 |            18 |        100.00 |
|  pifoEngines_3/enque_brain/engineCAM/ram_reg_bram_2 | RAMB36E2  |      AUTO |          36864 |     36864 |    100.00 |    2048 |          2048 |        100.00 |      18 |            18 |        100.00 |    2048 |          2048 |        100.00 |      18 |            18 |        100.00 |
|  pifoEngines_3/enque_brain/engineCAM/ram_reg_bram_3 | RAMB36E2  |      AUTO |          36864 |     36864 |    100.00 |    2048 |          2048 |        100.00 |      18 |            18 |        100.00 |    2048 |          2048 |        100.00 |      18 |            18 |        100.00 |
| pifoEngines_4/enque_brain/engineCAM/ram             |           |           |                |           |           |         |               |               |         |               |               |         |               |               |         |               |               |
|  pifoEngines_4/enque_brain/engineCAM/ram_reg_bram_0 | RAMB36E2  |      AUTO |          36864 |     36864 |    100.00 |    2048 |          2048 |        100.00 |      18 |            18 |        100.00 |    2048 |          2048 |        100.00 |      18 |            18 |        100.00 |
|  pifoEngines_4/enque_brain/engineCAM/ram_reg_bram_1 | RAMB36E2  |      AUTO |          36864 |     36864 |    100.00 |    2048 |          2048 |        100.00 |      18 |            18 |        100.00 |    2048 |          2048 |        100.00 |      18 |            18 |        100.00 |
|  pifoEngines_4/enque_brain/engineCAM/ram_reg_bram_2 | RAMB36E2  |      AUTO |          36864 |     36864 |    100.00 |    2048 |          2048 |        100.00 |      18 |            18 |        100.00 |    2048 |          2048 |        100.00 |      18 |            18 |        100.00 |
|  pifoEngines_4/enque_brain/engineCAM/ram_reg_bram_3 | RAMB36E2  |      AUTO |          36864 |     36864 |    100.00 |    2048 |          2048 |        100.00 |      18 |            18 |        100.00 |    2048 |          2048 |        100.00 |      18 |            18 |        100.00 |
| pifoEngines_0/deque_dequeMapper/ram                 |           |           |                |           |           |         |               |               |         |               |               |         |               |               |         |               |               |
|  pifoEngines_0/deque_dequeMapper/ram_reg_bram_0     | RAMB36E2  |      AUTO |          36864 |     32768 |     88.89 |    4096 |          4096 |        100.00 |       8 |             9 |         88.89 |    4096 |          4096 |        100.00 |       8 |             9 |         88.89 |
|  pifoEngines_0/deque_dequeMapper/ram_reg_bram_1     | RAMB36E2  |      AUTO |          36864 |     32768 |     88.89 |    4096 |          4096 |        100.00 |       8 |             9 |         88.89 |    4096 |          4096 |        100.00 |       8 |             9 |         88.89 |
| pifoEngines_1/deque_dequeMapper/ram                 |           |           |                |           |           |         |               |               |         |               |               |         |               |               |         |               |               |
|  pifoEngines_1/deque_dequeMapper/ram_reg_bram_0     | RAMB36E2  |      AUTO |          36864 |     32768 |     88.89 |    4096 |          4096 |        100.00 |       8 |             9 |         88.89 |    4096 |          4096 |        100.00 |       8 |             9 |         88.89 |
|  pifoEngines_1/deque_dequeMapper/ram_reg_bram_1     | RAMB36E2  |      AUTO |          36864 |     32768 |     88.89 |    4096 |          4096 |        100.00 |       8 |             9 |         88.89 |    4096 |          4096 |        100.00 |       8 |             9 |         88.89 |
| pifoEngines_2/deque_dequeMapper/ram                 |           |           |                |           |           |         |               |               |         |               |               |         |               |               |         |               |               |
|  pifoEngines_2/deque_dequeMapper/ram_reg_bram_0     | RAMB36E2  |      AUTO |          36864 |     32768 |     88.89 |    4096 |          4096 |        100.00 |       8 |             9 |         88.89 |    4096 |          4096 |        100.00 |       8 |             9 |         88.89 |
|  pifoEngines_2/deque_dequeMapper/ram_reg_bram_1     | RAMB36E2  |      AUTO |          36864 |     32768 |     88.89 |    4096 |          4096 |        100.00 |       8 |             9 |         88.89 |    4096 |          4096 |        100.00 |       8 |             9 |         88.89 |
| pifoEngines_3/deque_dequeMapper/ram                 |           |           |                |           |           |         |               |               |         |               |               |         |               |               |         |               |               |
|  pifoEngines_3/deque_dequeMapper/ram_reg_bram_0     | RAMB36E2  |      AUTO |          36864 |     32768 |     88.89 |    4096 |          4096 |        100.00 |       8 |             9 |         88.89 |    4096 |          4096 |        100.00 |       8 |             9 |         88.89 |
|  pifoEngines_3/deque_dequeMapper/ram_reg_bram_1     | RAMB36E2  |      AUTO |          36864 |     32768 |     88.89 |    4096 |          4096 |        100.00 |       8 |             9 |         88.89 |    4096 |          4096 |        100.00 |       8 |             9 |         88.89 |
| pifoEngines_4/deque_dequeMapper/ram                 |           |           |                |           |           |         |               |               |         |               |               |         |               |               |         |               |               |
|  pifoEngines_4/deque_dequeMapper/ram_reg_bram_0     | RAMB36E2  |      AUTO |          36864 |     32768 |     88.89 |    4096 |          4096 |        100.00 |       8 |             9 |         88.89 |    4096 |          4096 |        100.00 |       8 |             9 |         88.89 |
|  pifoEngines_4/deque_dequeMapper/ram_reg_bram_1     | RAMB36E2  |      AUTO |          36864 |     32768 |     88.89 |    4096 |          4096 |        100.00 |       8 |             9 |         88.89 |    4096 |          4096 |        100.00 |       8 |             9 |         88.89 |
| io_controlRequest_fifo/logic_ram                    |           |           |                |           |           |         |               |               |         |               |               |         |               |               |         |               |               |
|  io_controlRequest_fifo/logic_ram_reg               | RAMB36E2  |      AUTO |          36864 |     13056 |     35.42 |     256 |           512 |         50.00 |      51 |            72 |         70.83 |     256 |           512 |         50.00 |      51 |            72 |         70.83 |
+-----------------------------------------------------+-----------+-----------+----------------+-----------+-----------+---------+---------------+---------------+---------+---------------+---------------+---------+---------------+---------------+---------+---------------+---------------+


4. Memory Performance - Inferred
--------------------------------

+-----------------------------------------------------+-----------+------------------------+------------------------+-------------+-------------------------+-------------+-------------------------+-----------+--------+--------+---------+-----------+--------+--------+---------+
| Memory Name                                         | Primitive | Port 1 Dimension / Map | Port 2 Dimension / Map | Port A Type | Port A Requirement (ns) | Port B Type | Port B Requirement (ns) | A Cascade | IREG_A | OREG_A | DOA_REG | B Cascade | IREG_B | OREG_B | DOB_REG |
+-----------------------------------------------------+-----------+------------------------+------------------------+-------------+-------------------------+-------------+-------------------------+-----------+--------+--------+---------+-----------+--------+--------+---------+
| pifoEngines_0/enque_brain/engineCAM/ram             |           | 8192x18                | 8192x18                |             |                         |             |                         |           |        |        |         |           |        |        |         |
|  pifoEngines_0/enque_brain/engineCAM/ram_reg_bram_0 | RAMB36E2  |  A:A:2048x18           |  B:B:2048x18           |       Write |                    10.0 |        Read |                    10.0 |      NONE |        |        |       0 |     FIRST |        |        |       0 |
|  pifoEngines_0/enque_brain/engineCAM/ram_reg_bram_1 | RAMB36E2  |  A:A:2048x18           |  B:B:2048x18           |       Write |                    10.0 |        Read |                    10.0 |      NONE |        |        |       0 |    MIDDLE |        |        |       0 |
|  pifoEngines_0/enque_brain/engineCAM/ram_reg_bram_2 | RAMB36E2  |  A:A:2048x18           |  B:B:2048x18           |       Write |                    10.0 |        Read |                    10.0 |      NONE |        |        |       0 |    MIDDLE |        |        |       0 |
|  pifoEngines_0/enque_brain/engineCAM/ram_reg_bram_3 | RAMB36E2  |  A:A:2048x18           |  B:B:2048x18           |       Write |                    10.0 |        Read |                    10.0 |      NONE |        |        |       0 |      LAST |        |        |       0 |
| pifoEngines_1/enque_brain/engineCAM/ram             |           | 8192x18                | 8192x18                |             |                         |             |                         |           |        |        |         |           |        |        |         |
|  pifoEngines_1/enque_brain/engineCAM/ram_reg_bram_0 | RAMB36E2  |  A:A:2048x18           |  B:B:2048x18           |       Write |                    10.0 |        Read |                    10.0 |      NONE |        |        |       0 |     FIRST |        |        |       0 |
|  pifoEngines_1/enque_brain/engineCAM/ram_reg_bram_1 | RAMB36E2  |  A:A:2048x18           |  B:B:2048x18           |       Write |                    10.0 |        Read |                    10.0 |      NONE |        |        |       0 |    MIDDLE |        |        |       0 |
|  pifoEngines_1/enque_brain/engineCAM/ram_reg_bram_2 | RAMB36E2  |  A:A:2048x18           |  B:B:2048x18           |       Write |                    10.0 |        Read |                    10.0 |      NONE |        |        |       0 |    MIDDLE |        |        |       0 |
|  pifoEngines_1/enque_brain/engineCAM/ram_reg_bram_3 | RAMB36E2  |  A:A:2048x18           |  B:B:2048x18           |       Write |                    10.0 |        Read |                    10.0 |      NONE |        |        |       0 |      LAST |        |        |       0 |
| pifoEngines_2/enque_brain/engineCAM/ram             |           | 8192x18                | 8192x18                |             |                         |             |                         |           |        |        |         |           |        |        |         |
|  pifoEngines_2/enque_brain/engineCAM/ram_reg_bram_0 | RAMB36E2  |  A:A:2048x18           |  B:B:2048x18           |       Write |                    10.0 |        Read |                    10.0 |      NONE |        |        |       0 |     FIRST |        |        |       0 |
|  pifoEngines_2/enque_brain/engineCAM/ram_reg_bram_1 | RAMB36E2  |  A:A:2048x18           |  B:B:2048x18           |       Write |                    10.0 |        Read |                    10.0 |      NONE |        |        |       0 |    MIDDLE |        |        |       0 |
|  pifoEngines_2/enque_brain/engineCAM/ram_reg_bram_2 | RAMB36E2  |  A:A:2048x18           |  B:B:2048x18           |       Write |                    10.0 |        Read |                    10.0 |      NONE |        |        |       0 |    MIDDLE |        |        |       0 |
|  pifoEngines_2/enque_brain/engineCAM/ram_reg_bram_3 | RAMB36E2  |  A:A:2048x18           |  B:B:2048x18           |       Write |                    10.0 |        Read |                    10.0 |      NONE |        |        |       0 |      LAST |        |        |       0 |
| pifoEngines_3/enque_brain/engineCAM/ram             |           | 8192x18                | 8192x18                |             |                         |             |                         |           |        |        |         |           |        |        |         |
|  pifoEngines_3/enque_brain/engineCAM/ram_reg_bram_0 | RAMB36E2  |  A:A:2048x18           |  B:B:2048x18           |       Write |                    10.0 |        Read |                    10.0 |      NONE |        |        |       0 |     FIRST |        |        |       0 |
|  pifoEngines_3/enque_brain/engineCAM/ram_reg_bram_1 | RAMB36E2  |  A:A:2048x18           |  B:B:2048x18           |       Write |                    10.0 |        Read |                    10.0 |      NONE |        |        |       0 |    MIDDLE |        |        |       0 |
|  pifoEngines_3/enque_brain/engineCAM/ram_reg_bram_2 | RAMB36E2  |  A:A:2048x18           |  B:B:2048x18           |       Write |                    10.0 |        Read |                    10.0 |      NONE |        |        |       0 |    MIDDLE |        |        |       0 |
|  pifoEngines_3/enque_brain/engineCAM/ram_reg_bram_3 | RAMB36E2  |  A:A:2048x18           |  B:B:2048x18           |       Write |                    10.0 |        Read |                    10.0 |      NONE |        |        |       0 |      LAST |        |        |       0 |
| pifoEngines_4/enque_brain/engineCAM/ram             |           | 8192x18                | 8192x18                |             |                         |             |                         |           |        |        |         |           |        |        |         |
|  pifoEngines_4/enque_brain/engineCAM/ram_reg_bram_0 | RAMB36E2  |  A:A:2048x18           |  B:B:2048x18           |       Write |                    10.0 |        Read |                    10.0 |      NONE |        |        |       0 |     FIRST |        |        |       0 |
|  pifoEngines_4/enque_brain/engineCAM/ram_reg_bram_1 | RAMB36E2  |  A:A:2048x18           |  B:B:2048x18           |       Write |                    10.0 |        Read |                    10.0 |      NONE |        |        |       0 |    MIDDLE |        |        |       0 |
|  pifoEngines_4/enque_brain/engineCAM/ram_reg_bram_2 | RAMB36E2  |  A:A:2048x18           |  B:B:2048x18           |       Write |                    10.0 |        Read |                    10.0 |      NONE |        |        |       0 |    MIDDLE |        |        |       0 |
|  pifoEngines_4/enque_brain/engineCAM/ram_reg_bram_3 | RAMB36E2  |  A:A:2048x18           |  B:B:2048x18           |       Write |                    10.0 |        Read |                    10.0 |      NONE |        |        |       0 |      LAST |        |        |       0 |
| pifoEngines_0/deque_dequeMapper/ram                 |           | 8192x8                 | 8192x8                 |             |                         |             |                         |           |        |        |         |           |        |        |         |
|  pifoEngines_0/deque_dequeMapper/ram_reg_bram_0     | RAMB36E2  |  A:A:4096x8            |  B:B:4096x8            |       Write |                    10.0 |        Read |                    10.0 |      NONE |        |        |       0 |     FIRST |        |        |       0 |
|  pifoEngines_0/deque_dequeMapper/ram_reg_bram_1     | RAMB36E2  |  A:A:4096x8            |  B:B:4096x8            |       Write |                    10.0 |        Read |                    10.0 |      NONE |        |        |       0 |      LAST |        |        |       0 |
| pifoEngines_1/deque_dequeMapper/ram                 |           | 8192x8                 | 8192x8                 |             |                         |             |                         |           |        |        |         |           |        |        |         |
|  pifoEngines_1/deque_dequeMapper/ram_reg_bram_0     | RAMB36E2  |  A:A:4096x8            |  B:B:4096x8            |       Write |                    10.0 |        Read |                    10.0 |      NONE |        |        |       0 |     FIRST |        |        |       0 |
|  pifoEngines_1/deque_dequeMapper/ram_reg_bram_1     | RAMB36E2  |  A:A:4096x8            |  B:B:4096x8            |       Write |                    10.0 |        Read |                    10.0 |      NONE |        |        |       0 |      LAST |        |        |       0 |
| pifoEngines_2/deque_dequeMapper/ram                 |           | 8192x8                 | 8192x8                 |             |                         |             |                         |           |        |        |         |           |        |        |         |
|  pifoEngines_2/deque_dequeMapper/ram_reg_bram_0     | RAMB36E2  |  A:A:4096x8            |  B:B:4096x8            |       Write |                    10.0 |        Read |                    10.0 |      NONE |        |        |       0 |     FIRST |        |        |       0 |
|  pifoEngines_2/deque_dequeMapper/ram_reg_bram_1     | RAMB36E2  |  A:A:4096x8            |  B:B:4096x8            |       Write |                    10.0 |        Read |                    10.0 |      NONE |        |        |       0 |      LAST |        |        |       0 |
| pifoEngines_3/deque_dequeMapper/ram                 |           | 8192x8                 | 8192x8                 |             |                         |             |                         |           |        |        |         |           |        |        |         |
|  pifoEngines_3/deque_dequeMapper/ram_reg_bram_0     | RAMB36E2  |  A:A:4096x8            |  B:B:4096x8            |       Write |                    10.0 |        Read |                    10.0 |      NONE |        |        |       0 |     FIRST |        |        |       0 |
|  pifoEngines_3/deque_dequeMapper/ram_reg_bram_1     | RAMB36E2  |  A:A:4096x8            |  B:B:4096x8            |       Write |                    10.0 |        Read |                    10.0 |      NONE |        |        |       0 |      LAST |        |        |       0 |
| pifoEngines_4/deque_dequeMapper/ram                 |           | 8192x8                 | 8192x8                 |             |                         |             |                         |           |        |        |         |           |        |        |         |
|  pifoEngines_4/deque_dequeMapper/ram_reg_bram_0     | RAMB36E2  |  A:A:4096x8            |  B:B:4096x8            |       Write |                    10.0 |        Read |                    10.0 |      NONE |        |        |       0 |     FIRST |        |        |       0 |
|  pifoEngines_4/deque_dequeMapper/ram_reg_bram_1     | RAMB36E2  |  A:A:4096x8            |  B:B:4096x8            |       Write |                    10.0 |        Read |                    10.0 |      NONE |        |        |       0 |      LAST |        |        |       0 |
| io_controlRequest_fifo/logic_ram                    |           | 512x51                 | 512x51                 |             |                         |             |                         |           |        |        |         |           |        |        |         |
|  io_controlRequest_fifo/logic_ram_reg               | RAMB36E2  |  B:B:256x51            |  A:A:256x51            |        Read |                    10.0 |       Write |                    10.0 |      NONE |        |        |       0 |      NONE |        |        |       0 |
+-----------------------------------------------------+-----------+------------------------+------------------------+-------------+-------------------------+-------------+-------------------------+-----------+--------+--------+---------+-----------+--------+--------+---------+


5. Block Ram / URAM Memory Power - Inferred
-------------------------------------------

+-----------------------------------------------------+-----------+------------------------+------------------------+--------------------+---------------+-------------------+-----------+--------------------+---------------+-------------------+-----------+
| Memory Name                                         | Primitive | Port 1 Dimension / Map | Port 2 Dimension / Map | Port A Power Gated | Port A Enable | Port A WRITE_MODE | A Cascade | Port B Power Gated | Port B Enable | Port B WRITE_MODE | B Cascade |
+-----------------------------------------------------+-----------+------------------------+------------------------+--------------------+---------------+-------------------+-----------+--------------------+---------------+-------------------+-----------+
| pifoEngines_0/enque_brain/engineCAM/ram             |           | 8192x18                | 8192x18                |                    |               |                   |           |                    |               |                   |           |
|  pifoEngines_0/enque_brain/engineCAM/ram_reg_bram_0 | RAMB36E2  |  A:A:2048x18           |  B:B:2048x18           |                    |        SIGNAL |        READ_FIRST |      NONE |                    |        SIGNAL |       WRITE_FIRST |     FIRST |
|  pifoEngines_0/enque_brain/engineCAM/ram_reg_bram_1 | RAMB36E2  |  A:A:2048x18           |  B:B:2048x18           |                    |        SIGNAL |        READ_FIRST |      NONE |                    |        SIGNAL |       WRITE_FIRST |    MIDDLE |
|  pifoEngines_0/enque_brain/engineCAM/ram_reg_bram_2 | RAMB36E2  |  A:A:2048x18           |  B:B:2048x18           |                    |        SIGNAL |        READ_FIRST |      NONE |                    |        SIGNAL |       WRITE_FIRST |    MIDDLE |
|  pifoEngines_0/enque_brain/engineCAM/ram_reg_bram_3 | RAMB36E2  |  A:A:2048x18           |  B:B:2048x18           |                    |        SIGNAL |        READ_FIRST |      NONE |                    |        SIGNAL |       WRITE_FIRST |      LAST |
| pifoEngines_1/enque_brain/engineCAM/ram             |           | 8192x18                | 8192x18                |                    |               |                   |           |                    |               |                   |           |
|  pifoEngines_1/enque_brain/engineCAM/ram_reg_bram_0 | RAMB36E2  |  A:A:2048x18           |  B:B:2048x18           |                    |        SIGNAL |        READ_FIRST |      NONE |                    |        SIGNAL |       WRITE_FIRST |     FIRST |
|  pifoEngines_1/enque_brain/engineCAM/ram_reg_bram_1 | RAMB36E2  |  A:A:2048x18           |  B:B:2048x18           |                    |        SIGNAL |        READ_FIRST |      NONE |                    |        SIGNAL |       WRITE_FIRST |    MIDDLE |
|  pifoEngines_1/enque_brain/engineCAM/ram_reg_bram_2 | RAMB36E2  |  A:A:2048x18           |  B:B:2048x18           |                    |        SIGNAL |        READ_FIRST |      NONE |                    |        SIGNAL |       WRITE_FIRST |    MIDDLE |
|  pifoEngines_1/enque_brain/engineCAM/ram_reg_bram_3 | RAMB36E2  |  A:A:2048x18           |  B:B:2048x18           |                    |        SIGNAL |        READ_FIRST |      NONE |                    |        SIGNAL |       WRITE_FIRST |      LAST |
| pifoEngines_2/enque_brain/engineCAM/ram             |           | 8192x18                | 8192x18                |                    |               |                   |           |                    |               |                   |           |
|  pifoEngines_2/enque_brain/engineCAM/ram_reg_bram_0 | RAMB36E2  |  A:A:2048x18           |  B:B:2048x18           |                    |        SIGNAL |        READ_FIRST |      NONE |                    |        SIGNAL |       WRITE_FIRST |     FIRST |
|  pifoEngines_2/enque_brain/engineCAM/ram_reg_bram_1 | RAMB36E2  |  A:A:2048x18           |  B:B:2048x18           |                    |        SIGNAL |        READ_FIRST |      NONE |                    |        SIGNAL |       WRITE_FIRST |    MIDDLE |
|  pifoEngines_2/enque_brain/engineCAM/ram_reg_bram_2 | RAMB36E2  |  A:A:2048x18           |  B:B:2048x18           |                    |        SIGNAL |        READ_FIRST |      NONE |                    |        SIGNAL |       WRITE_FIRST |    MIDDLE |
|  pifoEngines_2/enque_brain/engineCAM/ram_reg_bram_3 | RAMB36E2  |  A:A:2048x18           |  B:B:2048x18           |                    |        SIGNAL |        READ_FIRST |      NONE |                    |        SIGNAL |       WRITE_FIRST |      LAST |
| pifoEngines_3/enque_brain/engineCAM/ram             |           | 8192x18                | 8192x18                |                    |               |                   |           |                    |               |                   |           |
|  pifoEngines_3/enque_brain/engineCAM/ram_reg_bram_0 | RAMB36E2  |  A:A:2048x18           |  B:B:2048x18           |                    |        SIGNAL |        READ_FIRST |      NONE |                    |        SIGNAL |       WRITE_FIRST |     FIRST |
|  pifoEngines_3/enque_brain/engineCAM/ram_reg_bram_1 | RAMB36E2  |  A:A:2048x18           |  B:B:2048x18           |                    |        SIGNAL |        READ_FIRST |      NONE |                    |        SIGNAL |       WRITE_FIRST |    MIDDLE |
|  pifoEngines_3/enque_brain/engineCAM/ram_reg_bram_2 | RAMB36E2  |  A:A:2048x18           |  B:B:2048x18           |                    |        SIGNAL |        READ_FIRST |      NONE |                    |        SIGNAL |       WRITE_FIRST |    MIDDLE |
|  pifoEngines_3/enque_brain/engineCAM/ram_reg_bram_3 | RAMB36E2  |  A:A:2048x18           |  B:B:2048x18           |                    |        SIGNAL |        READ_FIRST |      NONE |                    |        SIGNAL |       WRITE_FIRST |      LAST |
| pifoEngines_4/enque_brain/engineCAM/ram             |           | 8192x18                | 8192x18                |                    |               |                   |           |                    |               |                   |           |
|  pifoEngines_4/enque_brain/engineCAM/ram_reg_bram_0 | RAMB36E2  |  A:A:2048x18           |  B:B:2048x18           |                    |        SIGNAL |        READ_FIRST |      NONE |                    |        SIGNAL |       WRITE_FIRST |     FIRST |
|  pifoEngines_4/enque_brain/engineCAM/ram_reg_bram_1 | RAMB36E2  |  A:A:2048x18           |  B:B:2048x18           |                    |        SIGNAL |        READ_FIRST |      NONE |                    |        SIGNAL |       WRITE_FIRST |    MIDDLE |
|  pifoEngines_4/enque_brain/engineCAM/ram_reg_bram_2 | RAMB36E2  |  A:A:2048x18           |  B:B:2048x18           |                    |        SIGNAL |        READ_FIRST |      NONE |                    |        SIGNAL |       WRITE_FIRST |    MIDDLE |
|  pifoEngines_4/enque_brain/engineCAM/ram_reg_bram_3 | RAMB36E2  |  A:A:2048x18           |  B:B:2048x18           |                    |        SIGNAL |        READ_FIRST |      NONE |                    |        SIGNAL |       WRITE_FIRST |      LAST |
| pifoEngines_0/deque_dequeMapper/ram                 |           | 8192x8                 | 8192x8                 |                    |               |                   |           |                    |               |                   |           |
|  pifoEngines_0/deque_dequeMapper/ram_reg_bram_0     | RAMB36E2  |  A:A:4096x8            |  B:B:4096x8            |                    |        SIGNAL |        READ_FIRST |      NONE |                    |        SIGNAL |       WRITE_FIRST |     FIRST |
|  pifoEngines_0/deque_dequeMapper/ram_reg_bram_1     | RAMB36E2  |  A:A:4096x8            |  B:B:4096x8            |                    |        SIGNAL |        READ_FIRST |      NONE |                    |        SIGNAL |       WRITE_FIRST |      LAST |
| pifoEngines_1/deque_dequeMapper/ram                 |           | 8192x8                 | 8192x8                 |                    |               |                   |           |                    |               |                   |           |
|  pifoEngines_1/deque_dequeMapper/ram_reg_bram_0     | RAMB36E2  |  A:A:4096x8            |  B:B:4096x8            |                    |        SIGNAL |        READ_FIRST |      NONE |                    |        SIGNAL |       WRITE_FIRST |     FIRST |
|  pifoEngines_1/deque_dequeMapper/ram_reg_bram_1     | RAMB36E2  |  A:A:4096x8            |  B:B:4096x8            |                    |        SIGNAL |        READ_FIRST |      NONE |                    |        SIGNAL |       WRITE_FIRST |      LAST |
| pifoEngines_2/deque_dequeMapper/ram                 |           | 8192x8                 | 8192x8                 |                    |               |                   |           |                    |               |                   |           |
|  pifoEngines_2/deque_dequeMapper/ram_reg_bram_0     | RAMB36E2  |  A:A:4096x8            |  B:B:4096x8            |                    |        SIGNAL |        READ_FIRST |      NONE |                    |        SIGNAL |       WRITE_FIRST |     FIRST |
|  pifoEngines_2/deque_dequeMapper/ram_reg_bram_1     | RAMB36E2  |  A:A:4096x8            |  B:B:4096x8            |                    |        SIGNAL |        READ_FIRST |      NONE |                    |        SIGNAL |       WRITE_FIRST |      LAST |
| pifoEngines_3/deque_dequeMapper/ram                 |           | 8192x8                 | 8192x8                 |                    |               |                   |           |                    |               |                   |           |
|  pifoEngines_3/deque_dequeMapper/ram_reg_bram_0     | RAMB36E2  |  A:A:4096x8            |  B:B:4096x8            |                    |        SIGNAL |        READ_FIRST |      NONE |                    |        SIGNAL |       WRITE_FIRST |     FIRST |
|  pifoEngines_3/deque_dequeMapper/ram_reg_bram_1     | RAMB36E2  |  A:A:4096x8            |  B:B:4096x8            |                    |        SIGNAL |        READ_FIRST |      NONE |                    |        SIGNAL |       WRITE_FIRST |      LAST |
| pifoEngines_4/deque_dequeMapper/ram                 |           | 8192x8                 | 8192x8                 |                    |               |                   |           |                    |               |                   |           |
|  pifoEngines_4/deque_dequeMapper/ram_reg_bram_0     | RAMB36E2  |  A:A:4096x8            |  B:B:4096x8            |                    |        SIGNAL |        READ_FIRST |      NONE |                    |        SIGNAL |       WRITE_FIRST |     FIRST |
|  pifoEngines_4/deque_dequeMapper/ram_reg_bram_1     | RAMB36E2  |  A:A:4096x8            |  B:B:4096x8            |                    |        SIGNAL |        READ_FIRST |      NONE |                    |        SIGNAL |       WRITE_FIRST |      LAST |
| io_controlRequest_fifo/logic_ram                    |           | 512x51                 | 512x51                 |                    |               |                   |           |                    |               |                   |           |
|  io_controlRequest_fifo/logic_ram_reg               | RAMB36E2  |  B:B:256x51            |  A:A:256x51            |                    |        SIGNAL |        READ_FIRST |      NONE |                    |        SIGNAL |        READ_FIRST |      NONE |
+-----------------------------------------------------+-----------+------------------------+------------------------+--------------------+---------------+-------------------+-----------+--------------------+---------------+-------------------+-----------+


