
****** Vivado v2025.2 (64-bit)
  **** SW Build 6299465 on Fri Nov 14 12:34:56 MST 2025
  **** IP Build 6300035 on Fri Nov 14 10:48:45 MST 2025
  **** SharedData Build 6298862 on Thu Nov 13 04:50:51 MST 2025
  **** Start of session at: Mon Sep  7 11:46:54 2026
    ** Copyright 1986-2022 Xilinx, Inc. All Rights Reserved.
    ** Copyright 2022-2025 Advanced Micro Devices, Inc. All Rights Reserved.

source /home/zg366/packet-scheduling/pifo-hardware/synthesis/vivado_synth.tcl
# if {$argc < 5 || $argc > 7} {
#     error {Expected BUILD_DIR PART THREADS CLOCK_PERIOD_NS PREPARE_ONLY [DIRECTIVE] [ALLOW_OVER_CAPACITY]}
# }
# lassign $argv build_dir part threads period prepare_only directive allow_over_capacity
# if {$directive eq ""} { set directive default }
# if {$allow_over_capacity eq ""} { set allow_over_capacity 0 }
# set build_dir [file normalize $build_dir]
# set rtl_dir [file join $build_dir rtl]
# set report_dir [file join $build_dir reports]
# file mkdir $report_dir
# if {[llength [get_parts -quiet $part]] != 1} {
#     error "Target part is not installed: $part"
# }
# puts "PIFO_VIVADO_VERSION: [version -short]"
PIFO_VIVADO_VERSION: 2025.2
# puts "PIFO_VIVADO_PART: $part"
PIFO_VIVADO_PART: xcku5p-ffvb676-2-e
# set_param general.maxThreads $threads
# create_project -in_memory -part $part
# cd $rtl_dir
# read_verilog -sv [glob -directory $rtl_dir *.v *.sv]
# set xdc [file join $build_dir pifo.xdc]
# set constraints [open $xdc w]
# puts $constraints "create_clock -name clk -period $period \[get_ports clk\]"
# puts $constraints {set_false_path -from [get_ports reset]}
# close $constraints
# read_xdc $xdc
# if {$prepare_only} {
#     puts "PIFO_PREPARED: $build_dir"
#     exit 0
# }
# if {$allow_over_capacity} {
#     # This version-specific Tcl hook skips only the pre-mapping device-capacity
#     # gate. The RTL, target, optimization passes, and reported device capacities
#     # remain unchanged. The resulting netlist can exceed the physical device.
#     # Verified on Vivado 2025.2 with an oversized RAM and an unchanged smaller
#     # control design; see experiment-results/hardware-overhead/diagnostics.
#     puts "PIFO_ESTIMATION_ONLY: device-capacity check disabled; no implementation or fit claim"
#     set_param synth.elaboration.rodinMoreOptions {if {[llength [info commands rt::pifo_device_capacity_check]] == 0} {rename rt::check_resource rt::pifo_device_capacity_check}; proc rt::check_resource {args} {puts "PIFO_DEVICE_CAPACITY_CHECK_SKIPPED: $args"; return 1}}
# }
PIFO_ESTIMATION_ONLY: device-capacity check disabled; no implementation or fit claim
# synth_design -top PifoMesh -part $part -mode out_of_context -flatten_hierarchy rebuilt -directive $directive
Command: synth_design -top PifoMesh -part xcku5p-ffvb676-2-e -mode out_of_context -flatten_hierarchy rebuilt -directive RuntimeOptimized
Starting synth_design
Attempting to get a license for feature 'Synthesis' and/or device 'xcku5p'
INFO: [Common 17-349] Got license for feature 'Synthesis' and/or device 'xcku5p'
INFO: [Device 21-403] Loading part xcku5p-ffvb676-2-e
INFO: [Synth 8-7079] Multithreading enabled for synth_design using a maximum of 7 processes.
INFO: [Synth 8-7078] Launching helper process for spawning children vivado processes
INFO: [Synth 8-7075] Helper process launched with PID 379320
---------------------------------------------------------------------------------
Starting RTL Elaboration : Time (s): cpu = 00:00:05 ; elapsed = 00:00:05 . Memory (MB): peak = 2833.484 ; gain = 181.688 ; free physical = 154768 ; free virtual = 178478
---------------------------------------------------------------------------------
INFO: [Synth 8-6157] synthesizing module 'PifoMesh' [/data/work/rio-synthesis/pifo-component-single-push/pifo-house-1push-v1024-c1024-t13-vivado/rtl/PifoMesh.v:1]
INFO: [Synth 8-6157] synthesizing module 'ConcurrentPifoRTL' [/data/work/rio-synthesis/pifo-component-single-push/pifo-house-1push-v1024-c1024-t13-vivado/rtl/PifoMesh.v:43]
INFO: [Synth 8-6157] synthesizing module 'priority_encode_log' [/data/work/rio-synthesis/pifo-component-single-push/pifo-house-1push-v1024-c1024-t13-vivado/rtl/priority_encode_log.v:1]
	Parameter width bound to: 1024 - type: integer 
	Parameter log_width bound to: 10 - type: integer 
INFO: [Synth 8-6155] done synthesizing module 'priority_encode_log' (0#1) [/data/work/rio-synthesis/pifo-component-single-push/pifo-house-1push-v1024-c1024-t13-vivado/rtl/priority_encode_log.v:1]
INFO: [Synth 8-6155] done synthesizing module 'ConcurrentPifoRTL' (0#1) [/data/work/rio-synthesis/pifo-component-single-push/pifo-house-1push-v1024-c1024-t13-vivado/rtl/PifoMesh.v:43]
INFO: [Synth 8-6155] done synthesizing module 'PifoMesh' (0#1) [/data/work/rio-synthesis/pifo-component-single-push/pifo-house-1push-v1024-c1024-t13-vivado/rtl/PifoMesh.v:1]
WARNING: [Synth 8-3936] Found unconnected internal register 'genblk1[9].part_idx_reg[9]' and it is trimmed from '1024' to '11' bits. [/data/work/rio-synthesis/pifo-component-single-push/pifo-house-1push-v1024-c1024-t13-vivado/rtl/priority_encode_log.v:33]
WARNING: [Synth 8-3936] Found unconnected internal register 'genblk1[8].part_idx_reg[8]' and it is trimmed from '1024' to '522' bits. [/data/work/rio-synthesis/pifo-component-single-push/pifo-house-1push-v1024-c1024-t13-vivado/rtl/priority_encode_log.v:33]
WARNING: [Synth 8-3936] Found unconnected internal register 'genblk1[7].part_idx_reg[7]' and it is trimmed from '1024' to '777' bits. [/data/work/rio-synthesis/pifo-component-single-push/pifo-house-1push-v1024-c1024-t13-vivado/rtl/priority_encode_log.v:33]
WARNING: [Synth 8-3936] Found unconnected internal register 'genblk1[6].part_idx_reg[6]' and it is trimmed from '1024' to '904' bits. [/data/work/rio-synthesis/pifo-component-single-push/pifo-house-1push-v1024-c1024-t13-vivado/rtl/priority_encode_log.v:33]
WARNING: [Synth 8-3936] Found unconnected internal register 'genblk1[5].part_idx_reg[5]' and it is trimmed from '1024' to '967' bits. [/data/work/rio-synthesis/pifo-component-single-push/pifo-house-1push-v1024-c1024-t13-vivado/rtl/priority_encode_log.v:33]
WARNING: [Synth 8-3936] Found unconnected internal register 'genblk1[4].part_idx_reg[4]' and it is trimmed from '1024' to '998' bits. [/data/work/rio-synthesis/pifo-component-single-push/pifo-house-1push-v1024-c1024-t13-vivado/rtl/priority_encode_log.v:33]
WARNING: [Synth 8-3936] Found unconnected internal register 'genblk1[3].part_idx_reg[3]' and it is trimmed from '1024' to '1013' bits. [/data/work/rio-synthesis/pifo-component-single-push/pifo-house-1push-v1024-c1024-t13-vivado/rtl/priority_encode_log.v:33]
WARNING: [Synth 8-3936] Found unconnected internal register 'genblk1[2].part_idx_reg[2]' and it is trimmed from '1024' to '1020' bits. [/data/work/rio-synthesis/pifo-component-single-push/pifo-house-1push-v1024-c1024-t13-vivado/rtl/priority_encode_log.v:33]
WARNING: [Synth 8-3936] Found unconnected internal register 'genblk1[1].part_idx_reg[1]' and it is trimmed from '1024' to '1023' bits. [/data/work/rio-synthesis/pifo-component-single-push/pifo-house-1push-v1024-c1024-t13-vivado/rtl/priority_encode_log.v:33]
WARNING: [Synth 8-7129] Port clk in module priority_encode_log is either unconnected or has no load
WARNING: [Synth 8-7129] Port rst in module priority_encode_log is either unconnected or has no load
---------------------------------------------------------------------------------
Finished RTL Elaboration : Time (s): cpu = 00:00:51 ; elapsed = 00:00:52 . Memory (MB): peak = 3972.203 ; gain = 1320.406 ; free physical = 149017 ; free virtual = 172891
---------------------------------------------------------------------------------
---------------------------------------------------------------------------------
Start Handling Custom Attributes
---------------------------------------------------------------------------------
---------------------------------------------------------------------------------
Finished Handling Custom Attributes : Time (s): cpu = 00:00:52 ; elapsed = 00:00:53 . Memory (MB): peak = 3972.203 ; gain = 1320.406 ; free physical = 149067 ; free virtual = 172962
---------------------------------------------------------------------------------
---------------------------------------------------------------------------------
Finished RTL Optimization Phase 1 : Time (s): cpu = 00:00:52 ; elapsed = 00:00:53 . Memory (MB): peak = 3972.203 ; gain = 1320.406 ; free physical = 149067 ; free virtual = 172962
---------------------------------------------------------------------------------
Netlist sorting complete. Time (s): cpu = 00:00:06 ; elapsed = 00:00:06 . Memory (MB): peak = 4068.508 ; gain = 16.305 ; free physical = 150405 ; free virtual = 174157
INFO: [Project 1-570] Preparing netlist for logic optimization

Processing XDC Constraints
Initializing timing engine
Parsing XDC File [/data/work/rio-synthesis/pifo-component-single-push/pifo-house-1push-v1024-c1024-t13-vivado/pifo.xdc]
Finished Parsing XDC File [/data/work/rio-synthesis/pifo-component-single-push/pifo-house-1push-v1024-c1024-t13-vivado/pifo.xdc]
Completed Processing XDC Constraints

Netlist sorting complete. Time (s): cpu = 00:00:00.03 ; elapsed = 00:00:00.04 . Memory (MB): peak = 5240.090 ; gain = 0.000 ; free physical = 149601 ; free virtual = 173373
INFO: [Project 1-111] Unisim Transformation Summary:
No Unisim elements were transformed.

---------------------------------------------------------------------------------
Finished applying 'set_property' XDC Constraints : Time (s): cpu = 00:01:56 ; elapsed = 00:01:51 . Memory (MB): peak = 5260.016 ; gain = 2608.219 ; free physical = 141599 ; free virtual = 165529
---------------------------------------------------------------------------------
---------------------------------------------------------------------------------
Finished RTL Optimization Phase 2 : Time (s): cpu = 00:03:03 ; elapsed = 00:03:01 . Memory (MB): peak = 5264.102 ; gain = 2612.305 ; free physical = 152325 ; free virtual = 175885
---------------------------------------------------------------------------------
---------------------------------------------------------------------------------
Start RTL Component Statistics 
---------------------------------------------------------------------------------
Detailed RTL Component Info : 
+---Adders : 
	   4 Input   11 Bit       Adders := 1     
	   3 Input   11 Bit       Adders := 1     
	   2 Input   11 Bit       Adders := 1     
+---Registers : 
	               13 Bit    Registers := 1025  
	               10 Bit    Registers := 1026  
	                8 Bit    Registers := 1025  
	                1 Bit    Registers := 3     
+---Muxes : 
	   2 Input   13 Bit        Muxes := 5116  
	   2 Input   11 Bit        Muxes := 1     
	   2 Input   10 Bit        Muxes := 5116  
	   2 Input    9 Bit        Muxes := 3     
	   2 Input    8 Bit        Muxes := 5123  
	   2 Input    7 Bit        Muxes := 12    
	   2 Input    6 Bit        Muxes := 24    
	   2 Input    5 Bit        Muxes := 48    
	   2 Input    4 Bit        Muxes := 96    
	   2 Input    3 Bit        Muxes := 192   
	   2 Input    2 Bit        Muxes := 384   
	   2 Input    1 Bit        Muxes := 2819  
---------------------------------------------------------------------------------
Finished RTL Component Statistics 
---------------------------------------------------------------------------------
---------------------------------------------------------------------------------
Start Part Resource Summary
---------------------------------------------------------------------------------
Part Resources:
DSPs: 1824 (col length:96)
BRAMs: 960 (col length: RAMB18 96 RAMB36 48)
---------------------------------------------------------------------------------
Finished Part Resource Summary
---------------------------------------------------------------------------------
---------------------------------------------------------------------------------
Start Cross Boundary and Area Optimization
---------------------------------------------------------------------------------
---------------------------------------------------------------------------------
Finished Cross Boundary and Area Optimization : Time (s): cpu = 00:03:56 ; elapsed = 00:03:55 . Memory (MB): peak = 5276.027 ; gain = 2624.230 ; free physical = 145875 ; free virtual = 169453
---------------------------------------------------------------------------------
PIFO_DEVICE_CAPACITY_CHECK_SKIPPED: -checkfordsp
PIFO_DEVICE_CAPACITY_CHECK_SKIPPED: -checkforuram
PIFO_DEVICE_CAPACITY_CHECK_SKIPPED: -checkforram
---------------------------------------------------------------------------------
Start Applying XDC Timing Constraints
---------------------------------------------------------------------------------
---------------------------------------------------------------------------------
Finished Applying XDC Timing Constraints : Time (s): cpu = 00:05:39 ; elapsed = 00:04:09 . Memory (MB): peak = 5363.656 ; gain = 2711.859 ; free physical = 143548 ; free virtual = 167295
---------------------------------------------------------------------------------
---------------------------------------------------------------------------------
Start Technology Mapping
---------------------------------------------------------------------------------
---------------------------------------------------------------------------------
Finished Technology Mapping : Time (s): cpu = 00:06:30 ; elapsed = 00:05:01 . Memory (MB): peak = 5375.582 ; gain = 2723.785 ; free physical = 149441 ; free virtual = 173094
---------------------------------------------------------------------------------
---------------------------------------------------------------------------------
Start IO Insertion
---------------------------------------------------------------------------------
---------------------------------------------------------------------------------
Start Flattening Before IO Insertion
---------------------------------------------------------------------------------
---------------------------------------------------------------------------------
Finished Flattening Before IO Insertion
---------------------------------------------------------------------------------
---------------------------------------------------------------------------------
Start Final Netlist Cleanup
---------------------------------------------------------------------------------
---------------------------------------------------------------------------------
Finished Final Netlist Cleanup
---------------------------------------------------------------------------------
---------------------------------------------------------------------------------
Finished IO Insertion : Time (s): cpu = 00:06:59 ; elapsed = 00:05:31 . Memory (MB): peak = 5375.582 ; gain = 2723.785 ; free physical = 161247 ; free virtual = 184879
---------------------------------------------------------------------------------
---------------------------------------------------------------------------------
Start Renaming Generated Instances
---------------------------------------------------------------------------------
---------------------------------------------------------------------------------
Finished Renaming Generated Instances : Time (s): cpu = 00:07:00 ; elapsed = 00:05:33 . Memory (MB): peak = 5375.582 ; gain = 2723.785 ; free physical = 161245 ; free virtual = 184877
---------------------------------------------------------------------------------
---------------------------------------------------------------------------------
Start Rebuilding User Hierarchy
---------------------------------------------------------------------------------
---------------------------------------------------------------------------------
Finished Rebuilding User Hierarchy : Time (s): cpu = 00:07:05 ; elapsed = 00:05:38 . Memory (MB): peak = 5375.582 ; gain = 2723.785 ; free physical = 161235 ; free virtual = 184867
---------------------------------------------------------------------------------
---------------------------------------------------------------------------------
Start Renaming Generated Ports
---------------------------------------------------------------------------------
---------------------------------------------------------------------------------
Finished Renaming Generated Ports : Time (s): cpu = 00:07:06 ; elapsed = 00:05:39 . Memory (MB): peak = 5375.582 ; gain = 2723.785 ; free physical = 161236 ; free virtual = 184867
---------------------------------------------------------------------------------
---------------------------------------------------------------------------------
Start Handling Custom Attributes
---------------------------------------------------------------------------------
---------------------------------------------------------------------------------
Finished Handling Custom Attributes : Time (s): cpu = 00:07:07 ; elapsed = 00:05:40 . Memory (MB): peak = 5375.582 ; gain = 2723.785 ; free physical = 161239 ; free virtual = 184871
---------------------------------------------------------------------------------
---------------------------------------------------------------------------------
Start Renaming Generated Nets
---------------------------------------------------------------------------------
---------------------------------------------------------------------------------
Finished Renaming Generated Nets : Time (s): cpu = 00:07:07 ; elapsed = 00:05:40 . Memory (MB): peak = 5375.582 ; gain = 2723.785 ; free physical = 161241 ; free virtual = 184873
---------------------------------------------------------------------------------
---------------------------------------------------------------------------------
Start Writing Synthesis Report
---------------------------------------------------------------------------------

Report BlackBoxes: 
+-+--------------+----------+
| |BlackBox name |Instances |
+-+--------------+----------+
+-+--------------+----------+

Report Cell Usage: 
+------+-------+------+
|      |Cell   |Count |
+------+-------+------+
|1     |CARRY8 |  2048|
|2     |LUT1   |    25|
|3     |LUT2   |  1234|
|4     |LUT3   | 29996|
|5     |LUT4   | 10462|
|6     |LUT5   | 52577|
|7     |LUT6   | 45433|
|8     |MUXF7  |  3155|
|9     |MUXF8  |  1478|
|10    |FDCE   |    69|
|11    |FDRE   | 31777|
+------+-------+------+
---------------------------------------------------------------------------------
Finished Writing Synthesis Report : Time (s): cpu = 00:07:07 ; elapsed = 00:05:40 . Memory (MB): peak = 5375.582 ; gain = 2723.785 ; free physical = 161236 ; free virtual = 184868
---------------------------------------------------------------------------------
Synthesis finished with 0 errors, 0 critical warnings and 0 warnings.
Synthesis Optimization Runtime : Time (s): cpu = 00:06:14 ; elapsed = 00:04:57 . Memory (MB): peak = 5375.582 ; gain = 1443.977 ; free physical = 172038 ; free virtual = 195670
Synthesis Optimization Complete : Time (s): cpu = 00:07:08 ; elapsed = 00:05:44 . Memory (MB): peak = 5375.582 ; gain = 2723.785 ; free physical = 172053 ; free virtual = 195664
INFO: [Project 1-571] Translating synthesized netlist
Netlist sorting complete. Time (s): cpu = 00:00:02 ; elapsed = 00:00:02 . Memory (MB): peak = 5375.582 ; gain = 0.000 ; free physical = 171689 ; free virtual = 195435
INFO: [Netlist 29-17] Analyzing 6681 Unisim elements for replacement
INFO: [Netlist 29-28] Unisim Transformation completed in 0 CPU seconds
WARNING: [Netlist 29-101] Netlist 'PifoMesh' is not ideal for floorplanning, since the cellview 'ConcurrentPifoRTL' contains a large number of primitives.  Please consider enabling hierarchy in synthesis if you want to do floorplanning.
INFO: [Project 1-570] Preparing netlist for logic optimization
Parsing XDC File [/data/work/rio-synthesis/pifo-component-single-push/pifo-house-1push-v1024-c1024-t13-vivado/pifo.xdc]
Finished Parsing XDC File [/data/work/rio-synthesis/pifo-component-single-push/pifo-house-1push-v1024-c1024-t13-vivado/pifo.xdc]
INFO: [Opt 31-138] Pushed 0 inverter(s) to 0 load pin(s).
Netlist sorting complete. Time (s): cpu = 00:00:00.06 ; elapsed = 00:00:00.06 . Memory (MB): peak = 5375.582 ; gain = 0.000 ; free physical = 176137 ; free virtual = 199742
INFO: [Project 1-111] Unisim Transformation Summary:
No Unisim elements were transformed.

Synth Design complete | Checksum: 317cda46
INFO: [Common 17-83] Releasing license: Synthesis
21 Infos, 12 Warnings, 0 Critical Warnings and 0 Errors encountered.
synth_design completed successfully
synth_design: Time (s): cpu = 00:07:49 ; elapsed = 00:06:25 . Memory (MB): peak = 5375.582 ; gain = 3791.879 ; free physical = 176099 ; free virtual = 199693
INFO: [Common 17-2834] synth_design peak Physical Memory [PSS] (MB): overall = 12739.481; main = 4597.105; forked = 8626.353
INFO: [Common 17-2834] synth_design peak Virtual Memory [VSS] (MB): overall = 21987.809; main = 5371.668; forked = 16715.699
# write_checkpoint -force [file join $build_dir pifo_synth.dcp]
INFO: [Timing 38-35] Done setting XDC timing constraints.
INFO: [Timing 38-480] Writing timing data to binary archive.
Write ShapeDB Complete: Time (s): cpu = 00:00:01 ; elapsed = 00:00:00.27 . Memory (MB): peak = 5451.699 ; gain = 0.000 ; free physical = 175856 ; free virtual = 199462
INFO: [Common 17-1381] The checkpoint '/data/work/rio-synthesis/pifo-component-single-push/pifo-house-1push-v1024-c1024-t13-vivado/pifo_synth.dcp' has been generated.
write_checkpoint: Time (s): cpu = 00:00:29 ; elapsed = 00:00:18 . Memory (MB): peak = 5451.699 ; gain = 76.117 ; free physical = 175494 ; free virtual = 199107
# report_utilization -file [file join $report_dir utilization.rpt]
# report_utilization -hierarchical -hierarchical_depth 5 -file [file join $report_dir utilization-hierarchy.rpt]
# report_ram_utilization -file [file join $report_dir ram-utilization.rpt]
report_ram_utilization: Time (s): cpu = 00:00:00 ; elapsed = 00:00:00 . Memory (MB): peak = 5451.699 ; gain = 0.000 ; free physical = 175459 ; free virtual = 199071
# set blackboxes [get_cells -hierarchical -quiet -filter {IS_BLACKBOX == 1}]
# if {[llength $blackboxes] != 0} {
#     error "Unresolved blackboxes after synthesis: $blackboxes"
# }
# set primitive_counts [dict create]
# foreach cell [get_cells -hierarchical -quiet -filter {IS_PRIMITIVE == 1}] {
#     dict incr primitive_counts [get_property REF_NAME $cell]
# }
# set counts [open [file join $report_dir primitive-counts.tsv] w]
# puts $counts "primitive\tcount"
# foreach name [lsort [dict keys $primitive_counts]] {
#     puts $counts "$name\t[dict get $primitive_counts $name]"
# }
# close $counts
# set complete [open [file join $build_dir synthesis_complete.txt] w]
# puts $complete "Vivado [version -short]; $part; PifoMesh; out_of_context; [clock format [clock seconds]]"
# close $complete
# puts "PIFO_SYNTHESIS_COMPLETE: $report_dir"
PIFO_SYNTHESIS_COMPLETE: /data/work/rio-synthesis/pifo-component-single-push/pifo-house-1push-v1024-c1024-t13-vivado/reports
INFO: [Common 17-206] Exiting Vivado at Mon Sep  7 11:53:54 2026...
