
****** Vivado v2025.2 (64-bit)
  **** SW Build 6299465 on Fri Nov 14 12:34:56 MST 2025
  **** IP Build 6300035 on Fri Nov 14 10:48:45 MST 2025
  **** SharedData Build 6298862 on Thu Nov 13 04:50:51 MST 2025
  **** Start of session at: Wed Sep  9 12:25:19 2026
    ** Copyright 1986-2022 Xilinx, Inc. All Rights Reserved.
    ** Copyright 2022-2025 Advanced Micro Devices, Inc. All Rights Reserved.

source /home/zg366/packet-scheduling/pifo-hardware/synthesis/vivado_synth.tcl
# if {$argc < 5 || $argc > 7} {
#     error {Expected BUILD_DIR PART THREADS CLOCK_PERIOD_NS PREPARE_ONLY [DIRECTIVE] [ALLOW_OVER_CAPACITY]}
# }
# lassign $argv build_dir part threads period prepare_only directive allow_over_capacity
# if {$directive eq ""} { set directive default }
# if {$allow_over_capacity eq ""} { set allow_over_capacity 0 }
# set build_dir [file normalize $build_dir]
# set rtl_dir [file join $build_dir rtl]
# set report_dir [file join $build_dir reports]
# file mkdir $report_dir
# if {[llength [get_parts -quiet $part]] != 1} {
#     error "Target part is not installed: $part"
# }
# puts "PIFO_VIVADO_VERSION: [version -short]"
PIFO_VIVADO_VERSION: 2025.2
# puts "PIFO_VIVADO_PART: $part"
PIFO_VIVADO_PART: xcku5p-ffvb676-2-e
# set_param general.maxThreads $threads
# create_project -in_memory -part $part
# cd $rtl_dir
# read_verilog -sv [glob -directory $rtl_dir *.v *.sv]
# set xdc [file join $build_dir pifo.xdc]
# set constraints [open $xdc w]
# puts $constraints "create_clock -name clk -period $period \[get_ports clk\]"
# puts $constraints {set_false_path -from [get_ports reset]}
# close $constraints
# read_xdc $xdc
# if {$prepare_only} {
#     puts "PIFO_PREPARED: $build_dir"
#     exit 0
# }
# if {$allow_over_capacity} {
#     # This version-specific Tcl hook skips only the pre-mapping device-capacity
#     # gate. The RTL, target, optimization passes, and reported device capacities
#     # remain unchanged. The resulting netlist can exceed the physical device.
#     # Verified on Vivado 2025.2 with an oversized RAM and an unchanged smaller
#     # control design; see experiment-results/hardware-overhead/diagnostics.
#     puts "PIFO_ESTIMATION_ONLY: device-capacity check disabled; no implementation or fit claim"
#     set_param synth.elaboration.rodinMoreOptions {if {[llength [info commands rt::pifo_device_capacity_check]] == 0} {rename rt::check_resource rt::pifo_device_capacity_check}; proc rt::check_resource {args} {puts "PIFO_DEVICE_CAPACITY_CHECK_SKIPPED: $args"; return 1}}
# }
PIFO_ESTIMATION_ONLY: device-capacity check disabled; no implementation or fit claim
# synth_design -top PifoMesh -part $part -mode out_of_context -flatten_hierarchy rebuilt -directive $directive
Command: synth_design -top PifoMesh -part xcku5p-ffvb676-2-e -mode out_of_context -flatten_hierarchy rebuilt -directive RuntimeOptimized
Starting synth_design
Attempting to get a license for feature 'Synthesis' and/or device 'xcku5p'
INFO: [Common 17-349] Got license for feature 'Synthesis' and/or device 'xcku5p'
INFO: [Device 21-403] Loading part xcku5p-ffvb676-2-e
INFO: [Synth 8-7079] Multithreading enabled for synth_design using a maximum of 7 processes.
INFO: [Synth 8-7078] Launching helper process for spawning children vivado processes
INFO: [Synth 8-7075] Helper process launched with PID 707116
---------------------------------------------------------------------------------
Starting RTL Elaboration : Time (s): cpu = 00:00:05 ; elapsed = 00:00:05 . Memory (MB): peak = 2833.820 ; gain = 189.688 ; free physical = 162258 ; free virtual = 203938
---------------------------------------------------------------------------------
INFO: [Synth 8-6157] synthesizing module 'PifoMesh' [/data/work/rio-synthesis/cam-shared-fifo-20260909/pe5-v1024-c1024-q256-static-vivado/rtl/PifoMesh.v:7]
INFO: [Synth 8-6157] synthesizing module 'MessageCrossBar' [/data/work/rio-synthesis/cam-shared-fifo-20260909/pe5-v1024-c1024-q256-static-vivado/rtl/PifoMesh.v:71557]
INFO: [Synth 8-6157] synthesizing module 'StreamFifoLowLatency' [/data/work/rio-synthesis/cam-shared-fifo-20260909/pe5-v1024-c1024-q256-static-vivado/rtl/PifoMesh.v:179814]
INFO: [Synth 8-6157] synthesizing module 'StreamFifo' [/data/work/rio-synthesis/cam-shared-fifo-20260909/pe5-v1024-c1024-q256-static-vivado/rtl/PifoMesh.v:229562]
INFO: [Synth 8-6155] done synthesizing module 'StreamFifo' (0#1) [/data/work/rio-synthesis/cam-shared-fifo-20260909/pe5-v1024-c1024-q256-static-vivado/rtl/PifoMesh.v:229562]
INFO: [Synth 8-6155] done synthesizing module 'StreamFifoLowLatency' (0#1) [/data/work/rio-synthesis/cam-shared-fifo-20260909/pe5-v1024-c1024-q256-static-vivado/rtl/PifoMesh.v:179814]
INFO: [Synth 8-6157] synthesizing module 'StreamDemux' [/data/work/rio-synthesis/cam-shared-fifo-20260909/pe5-v1024-c1024-q256-static-vivado/rtl/PifoMesh.v:179684]
INFO: [Synth 8-6155] done synthesizing module 'StreamDemux' (0#1) [/data/work/rio-synthesis/cam-shared-fifo-20260909/pe5-v1024-c1024-q256-static-vivado/rtl/PifoMesh.v:179684]
INFO: [Synth 8-6157] synthesizing module 'StreamArbiter' [/data/work/rio-synthesis/cam-shared-fifo-20260909/pe5-v1024-c1024-q256-static-vivado/rtl/PifoMesh.v:179502]
INFO: [Synth 8-6155] done synthesizing module 'StreamArbiter' (0#1) [/data/work/rio-synthesis/cam-shared-fifo-20260909/pe5-v1024-c1024-q256-static-vivado/rtl/PifoMesh.v:179502]
INFO: [Synth 8-6155] done synthesizing module 'MessageCrossBar' (0#1) [/data/work/rio-synthesis/cam-shared-fifo-20260909/pe5-v1024-c1024-q256-static-vivado/rtl/PifoMesh.v:71557]
INFO: [Synth 8-6157] synthesizing module 'PifoEngine' [/data/work/rio-synthesis/cam-shared-fifo-20260909/pe5-v1024-c1024-q256-static-vivado/rtl/PifoMesh.v:70659]
INFO: [Synth 8-6157] synthesizing module 'ExternalPifoCore' [/data/work/rio-synthesis/cam-shared-fifo-20260909/pe5-v1024-c1024-q256-static-vivado/rtl/PifoMesh.v:179419]
INFO: [Synth 8-6155] done synthesizing module 'ExternalPifoCore' (0#1) [/data/work/rio-synthesis/cam-shared-fifo-20260909/pe5-v1024-c1024-q256-static-vivado/rtl/PifoMesh.v:179419]
INFO: [Synth 8-6157] synthesizing module 'DirectMapper' [/data/work/rio-synthesis/cam-shared-fifo-20260909/pe5-v1024-c1024-q256-static-vivado/rtl/PifoMesh.v:179362]
INFO: [Synth 8-3876] $readmem data file 'PifoMesh.v_toplevel_pifoEngines_0_enque_enqueMapper_ram.bin' is read successfully [/data/work/rio-synthesis/cam-shared-fifo-20260909/pe5-v1024-c1024-q256-static-vivado/rtl/PifoMesh.v:179387]
INFO: [Synth 8-6155] done synthesizing module 'DirectMapper' (0#1) [/data/work/rio-synthesis/cam-shared-fifo-20260909/pe5-v1024-c1024-q256-static-vivado/rtl/PifoMesh.v:179362]
INFO: [Synth 8-6157] synthesizing module 'StreamFifoLowLatency_13' [/data/work/rio-synthesis/cam-shared-fifo-20260909/pe5-v1024-c1024-q256-static-vivado/rtl/PifoMesh.v:179315]
INFO: [Synth 8-6157] synthesizing module 'StreamFifo_6' [/data/work/rio-synthesis/cam-shared-fifo-20260909/pe5-v1024-c1024-q256-static-vivado/rtl/PifoMesh.v:229407]
INFO: [Synth 8-6155] done synthesizing module 'StreamFifo_6' (0#1) [/data/work/rio-synthesis/cam-shared-fifo-20260909/pe5-v1024-c1024-q256-static-vivado/rtl/PifoMesh.v:229407]
INFO: [Synth 8-6155] done synthesizing module 'StreamFifoLowLatency_13' (0#1) [/data/work/rio-synthesis/cam-shared-fifo-20260909/pe5-v1024-c1024-q256-static-vivado/rtl/PifoMesh.v:179315]
INFO: [Synth 8-6157] synthesizing module 'PIFOBrain' [/data/work/rio-synthesis/cam-shared-fifo-20260909/pe5-v1024-c1024-q256-static-vivado/rtl/PifoMesh.v:178256]
INFO: [Synth 8-6157] synthesizing module 'StreamFork' [/data/work/rio-synthesis/cam-shared-fifo-20260909/pe5-v1024-c1024-q256-static-vivado/rtl/PifoMesh.v:229282]
INFO: [Synth 8-6155] done synthesizing module 'StreamFork' (0#1) [/data/work/rio-synthesis/cam-shared-fifo-20260909/pe5-v1024-c1024-q256-static-vivado/rtl/PifoMesh.v:229282]
INFO: [Synth 8-6157] synthesizing module 'Mapper' [/data/work/rio-synthesis/cam-shared-fifo-20260909/pe5-v1024-c1024-q256-static-vivado/rtl/PifoMesh.v:229229]
INFO: [Synth 8-3876] $readmem data file 'PifoMesh.v_toplevel_pifoEngines_0_enque_brain_engineMapper_ram.bin' is read successfully [/data/work/rio-synthesis/cam-shared-fifo-20260909/pe5-v1024-c1024-q256-static-vivado/rtl/PifoMesh.v:229252]
INFO: [Synth 8-6155] done synthesizing module 'Mapper' (0#1) [/data/work/rio-synthesis/cam-shared-fifo-20260909/pe5-v1024-c1024-q256-static-vivado/rtl/PifoMesh.v:229229]
INFO: [Synth 8-6157] synthesizing module 'Mapper_1' [/data/work/rio-synthesis/cam-shared-fifo-20260909/pe5-v1024-c1024-q256-static-vivado/rtl/PifoMesh.v:229176]
INFO: [Synth 8-3876] $readmem data file 'PifoMesh.v_toplevel_pifoEngines_0_enque_brain_lastVirtualMapper_ram.bin' is read successfully [/data/work/rio-synthesis/cam-shared-fifo-20260909/pe5-v1024-c1024-q256-static-vivado/rtl/PifoMesh.v:229199]
INFO: [Synth 8-6155] done synthesizing module 'Mapper_1' (0#1) [/data/work/rio-synthesis/cam-shared-fifo-20260909/pe5-v1024-c1024-q256-static-vivado/rtl/PifoMesh.v:229176]
INFO: [Synth 8-6157] synthesizing module 'BoundedCamMapper' [/data/work/rio-synthesis/cam-shared-fifo-20260909/pe5-v1024-c1024-q256-static-vivado/rtl/PifoMesh.v:181421]
INFO: [Synth 8-6155] done synthesizing module 'BoundedCamMapper' (0#1) [/data/work/rio-synthesis/cam-shared-fifo-20260909/pe5-v1024-c1024-q256-static-vivado/rtl/PifoMesh.v:181421]
INFO: [Synth 8-6157] synthesizing module 'StreamFifoLowLatency_6' [/data/work/rio-synthesis/cam-shared-fifo-20260909/pe5-v1024-c1024-q256-static-vivado/rtl/PifoMesh.v:181374]
INFO: [Synth 8-6157] synthesizing module 'StreamFifo_7' [/data/work/rio-synthesis/cam-shared-fifo-20260909/pe5-v1024-c1024-q256-static-vivado/rtl/PifoMesh.v:230413]
INFO: [Synth 8-6155] done synthesizing module 'StreamFifo_7' (0#1) [/data/work/rio-synthesis/cam-shared-fifo-20260909/pe5-v1024-c1024-q256-static-vivado/rtl/PifoMesh.v:230413]
INFO: [Synth 8-6155] done synthesizing module 'StreamFifoLowLatency_6' (0#1) [/data/work/rio-synthesis/cam-shared-fifo-20260909/pe5-v1024-c1024-q256-static-vivado/rtl/PifoMesh.v:181374]
INFO: [Synth 8-6157] synthesizing module 'StreamArbiter_6' [/data/work/rio-synthesis/cam-shared-fifo-20260909/pe5-v1024-c1024-q256-static-vivado/rtl/PifoMesh.v:181303]
INFO: [Synth 8-6155] done synthesizing module 'StreamArbiter_6' (0#1) [/data/work/rio-synthesis/cam-shared-fifo-20260909/pe5-v1024-c1024-q256-static-vivado/rtl/PifoMesh.v:181303]
INFO: [Synth 8-6157] synthesizing module 'Mapper_2' [/data/work/rio-synthesis/cam-shared-fifo-20260909/pe5-v1024-c1024-q256-static-vivado/rtl/PifoMesh.v:181250]
INFO: [Synth 8-3876] $readmem data file 'PifoMesh.v_toplevel_pifoEngines_0_enque_brain_brainStateMem_ram.bin' is read successfully [/data/work/rio-synthesis/cam-shared-fifo-20260909/pe5-v1024-c1024-q256-static-vivado/rtl/PifoMesh.v:181273]
INFO: [Synth 8-6155] done synthesizing module 'Mapper_2' (0#1) [/data/work/rio-synthesis/cam-shared-fifo-20260909/pe5-v1024-c1024-q256-static-vivado/rtl/PifoMesh.v:181250]
INFO: [Synth 8-6157] synthesizing module 'StreamFifoLowLatency_7' [/data/work/rio-synthesis/cam-shared-fifo-20260909/pe5-v1024-c1024-q256-static-vivado/rtl/PifoMesh.v:181203]
INFO: [Synth 8-6157] synthesizing module 'StreamFifo_8' [/data/work/rio-synthesis/cam-shared-fifo-20260909/pe5-v1024-c1024-q256-static-vivado/rtl/PifoMesh.v:230268]
INFO: [Synth 8-6155] done synthesizing module 'StreamFifo_8' (0#1) [/data/work/rio-synthesis/cam-shared-fifo-20260909/pe5-v1024-c1024-q256-static-vivado/rtl/PifoMesh.v:230268]
INFO: [Synth 8-6155] done synthesizing module 'StreamFifoLowLatency_7' (0#1) [/data/work/rio-synthesis/cam-shared-fifo-20260909/pe5-v1024-c1024-q256-static-vivado/rtl/PifoMesh.v:181203]
INFO: [Synth 8-6157] synthesizing module 'StreamArbiter_7' [/data/work/rio-synthesis/cam-shared-fifo-20260909/pe5-v1024-c1024-q256-static-vivado/rtl/PifoMesh.v:181132]
INFO: [Synth 8-6155] done synthesizing module 'StreamArbiter_7' (0#1) [/data/work/rio-synthesis/cam-shared-fifo-20260909/pe5-v1024-c1024-q256-static-vivado/rtl/PifoMesh.v:181132]
INFO: [Synth 8-6157] synthesizing module 'StreamFork_1' [/data/work/rio-synthesis/cam-shared-fifo-20260909/pe5-v1024-c1024-q256-static-vivado/rtl/PifoMesh.v:180956]
INFO: [Synth 8-6155] done synthesizing module 'StreamFork_1' (0#1) [/data/work/rio-synthesis/cam-shared-fifo-20260909/pe5-v1024-c1024-q256-static-vivado/rtl/PifoMesh.v:180956]
INFO: [Synth 8-6157] synthesizing module 'StreamFifoLowLatency_8' [/data/work/rio-synthesis/cam-shared-fifo-20260909/pe5-v1024-c1024-q256-static-vivado/rtl/PifoMesh.v:180915]
INFO: [Synth 8-6157] synthesizing module 'StreamFifo_9' [/data/work/rio-synthesis/cam-shared-fifo-20260909/pe5-v1024-c1024-q256-static-vivado/rtl/PifoMesh.v:230140]
INFO: [Synth 8-6155] done synthesizing module 'StreamFifo_9' (0#1) [/data/work/rio-synthesis/cam-shared-fifo-20260909/pe5-v1024-c1024-q256-static-vivado/rtl/PifoMesh.v:230140]
INFO: [Synth 8-6155] done synthesizing module 'StreamFifoLowLatency_8' (0#1) [/data/work/rio-synthesis/cam-shared-fifo-20260909/pe5-v1024-c1024-q256-static-vivado/rtl/PifoMesh.v:180915]
INFO: [Synth 8-6157] synthesizing module 'StreamFifoLowLatency_9' [/data/work/rio-synthesis/cam-shared-fifo-20260909/pe5-v1024-c1024-q256-static-vivado/rtl/PifoMesh.v:180874]
INFO: [Synth 8-6157] synthesizing module 'StreamFifo_10' [/data/work/rio-synthesis/cam-shared-fifo-20260909/pe5-v1024-c1024-q256-static-vivado/rtl/PifoMesh.v:230012]
INFO: [Synth 8-6155] done synthesizing module 'StreamFifo_10' (0#1) [/data/work/rio-synthesis/cam-shared-fifo-20260909/pe5-v1024-c1024-q256-static-vivado/rtl/PifoMesh.v:230012]
INFO: [Synth 8-6155] done synthesizing module 'StreamFifoLowLatency_9' (0#1) [/data/work/rio-synthesis/cam-shared-fifo-20260909/pe5-v1024-c1024-q256-static-vivado/rtl/PifoMesh.v:180874]
INFO: [Synth 8-6157] synthesizing module 'StreamFifoLowLatency_11' [/data/work/rio-synthesis/cam-shared-fifo-20260909/pe5-v1024-c1024-q256-static-vivado/rtl/PifoMesh.v:180831]
INFO: [Synth 8-6157] synthesizing module 'StreamFifo_12' [/data/work/rio-synthesis/cam-shared-fifo-20260909/pe5-v1024-c1024-q256-static-vivado/rtl/PifoMesh.v:229882]
INFO: [Synth 8-6155] done synthesizing module 'StreamFifo_12' (0#1) [/data/work/rio-synthesis/cam-shared-fifo-20260909/pe5-v1024-c1024-q256-static-vivado/rtl/PifoMesh.v:229882]
INFO: [Synth 8-6155] done synthesizing module 'StreamFifoLowLatency_11' (0#1) [/data/work/rio-synthesis/cam-shared-fifo-20260909/pe5-v1024-c1024-q256-static-vivado/rtl/PifoMesh.v:180831]
INFO: [Synth 8-6157] synthesizing module 'StreamFifoLowLatency_12' [/data/work/rio-synthesis/cam-shared-fifo-20260909/pe5-v1024-c1024-q256-static-vivado/rtl/PifoMesh.v:180784]
INFO: [Synth 8-6157] synthesizing module 'StreamFifo_13' [/data/work/rio-synthesis/cam-shared-fifo-20260909/pe5-v1024-c1024-q256-static-vivado/rtl/PifoMesh.v:229737]
INFO: [Synth 8-6155] done synthesizing module 'StreamFifo_13' (0#1) [/data/work/rio-synthesis/cam-shared-fifo-20260909/pe5-v1024-c1024-q256-static-vivado/rtl/PifoMesh.v:229737]
INFO: [Synth 8-6155] done synthesizing module 'StreamFifoLowLatency_12' (0#1) [/data/work/rio-synthesis/cam-shared-fifo-20260909/pe5-v1024-c1024-q256-static-vivado/rtl/PifoMesh.v:180784]
INFO: [Synth 8-6155] done synthesizing module 'PIFOBrain' (0#1) [/data/work/rio-synthesis/cam-shared-fifo-20260909/pe5-v1024-c1024-q256-static-vivado/rtl/PifoMesh.v:178256]
INFO: [Synth 8-6157] synthesizing module 'BoundedCamMapper_1' [/data/work/rio-synthesis/cam-shared-fifo-20260909/pe5-v1024-c1024-q256-static-vivado/rtl/PifoMesh.v:130501]
INFO: [Synth 8-6155] done synthesizing module 'BoundedCamMapper_1' (0#1) [/data/work/rio-synthesis/cam-shared-fifo-20260909/pe5-v1024-c1024-q256-static-vivado/rtl/PifoMesh.v:130501]
INFO: [Synth 8-6157] synthesizing module 'FrontRewriteTable' [/data/work/rio-synthesis/cam-shared-fifo-20260909/pe5-v1024-c1024-q256-static-vivado/rtl/PifoMesh.v:77161]
INFO: [Synth 8-6155] done synthesizing module 'FrontRewriteTable' (0#1) [/data/work/rio-synthesis/cam-shared-fifo-20260909/pe5-v1024-c1024-q256-static-vivado/rtl/PifoMesh.v:77161]
INFO: [Synth 8-6157] synthesizing module 'StreamFork_2' [/data/work/rio-synthesis/cam-shared-fifo-20260909/pe5-v1024-c1024-q256-static-vivado/rtl/PifoMesh.v:77062]
INFO: [Synth 8-6155] done synthesizing module 'StreamFork_2' (0#1) [/data/work/rio-synthesis/cam-shared-fifo-20260909/pe5-v1024-c1024-q256-static-vivado/rtl/PifoMesh.v:77062]
INFO: [Synth 8-6157] synthesizing module 'StreamFifoLowLatency_14' [/data/work/rio-synthesis/cam-shared-fifo-20260909/pe5-v1024-c1024-q256-static-vivado/rtl/PifoMesh.v:77003]
INFO: [Synth 8-6157] synthesizing module 'StreamFifo_14' [/data/work/rio-synthesis/cam-shared-fifo-20260909/pe5-v1024-c1024-q256-static-vivado/rtl/PifoMesh.v:180609]
INFO: [Synth 8-6155] done synthesizing module 'StreamFifo_14' (0#1) [/data/work/rio-synthesis/cam-shared-fifo-20260909/pe5-v1024-c1024-q256-static-vivado/rtl/PifoMesh.v:180609]
INFO: [Synth 8-6155] done synthesizing module 'StreamFifoLowLatency_14' (0#1) [/data/work/rio-synthesis/cam-shared-fifo-20260909/pe5-v1024-c1024-q256-static-vivado/rtl/PifoMesh.v:77003]
INFO: [Synth 8-6155] done synthesizing module 'PifoEngine' (0#1) [/data/work/rio-synthesis/cam-shared-fifo-20260909/pe5-v1024-c1024-q256-static-vivado/rtl/PifoMesh.v:70659]
INFO: [Synth 8-6157] synthesizing module 'PifoEngine_1' [/data/work/rio-synthesis/cam-shared-fifo-20260909/pe5-v1024-c1024-q256-static-vivado/rtl/PifoMesh.v:69761]
INFO: [Synth 8-6157] synthesizing module 'DirectMapper_1' [/data/work/rio-synthesis/cam-shared-fifo-20260909/pe5-v1024-c1024-q256-static-vivado/rtl/PifoMesh.v:76942]
INFO: [Synth 8-3876] $readmem data file 'PifoMesh.v_toplevel_pifoEngines_1_enque_enqueMapper_ram.bin' is read successfully [/data/work/rio-synthesis/cam-shared-fifo-20260909/pe5-v1024-c1024-q256-static-vivado/rtl/PifoMesh.v:76967]
INFO: [Synth 8-6155] done synthesizing module 'DirectMapper_1' (0#1) [/data/work/rio-synthesis/cam-shared-fifo-20260909/pe5-v1024-c1024-q256-static-vivado/rtl/PifoMesh.v:76942]
INFO: [Synth 8-6157] synthesizing module 'PIFOBrain_1' [/data/work/rio-synthesis/cam-shared-fifo-20260909/pe5-v1024-c1024-q256-static-vivado/rtl/PifoMesh.v:75881]
INFO: [Synth 8-6157] synthesizing module 'Mapper_3' [/data/work/rio-synthesis/cam-shared-fifo-20260909/pe5-v1024-c1024-q256-static-vivado/rtl/PifoMesh.v:180552]
INFO: [Synth 8-3876] $readmem data file 'PifoMesh.v_toplevel_pifoEngines_1_enque_brain_engineMapper_ram.bin' is read successfully [/data/work/rio-synthesis/cam-shared-fifo-20260909/pe5-v1024-c1024-q256-static-vivado/rtl/PifoMesh.v:180575]
INFO: [Synth 8-6155] done synthesizing module 'Mapper_3' (0#1) [/data/work/rio-synthesis/cam-shared-fifo-20260909/pe5-v1024-c1024-q256-static-vivado/rtl/PifoMesh.v:180552]
INFO: [Synth 8-6157] synthesizing module 'Mapper_4' [/data/work/rio-synthesis/cam-shared-fifo-20260909/pe5-v1024-c1024-q256-static-vivado/rtl/PifoMesh.v:180499]
INFO: [Synth 8-3876] $readmem data file 'PifoMesh.v_toplevel_pifoEngines_1_enque_brain_lastVirtualMapper_ram.bin' is read successfully [/data/work/rio-synthesis/cam-shared-fifo-20260909/pe5-v1024-c1024-q256-static-vivado/rtl/PifoMesh.v:180522]
INFO: [Synth 8-6155] done synthesizing module 'Mapper_4' (0#1) [/data/work/rio-synthesis/cam-shared-fifo-20260909/pe5-v1024-c1024-q256-static-vivado/rtl/PifoMesh.v:180499]
INFO: [Synth 8-6157] synthesizing module 'Mapper_5' [/data/work/rio-synthesis/cam-shared-fifo-20260909/pe5-v1024-c1024-q256-static-vivado/rtl/PifoMesh.v:180440]
INFO: [Synth 8-3876] $readmem data file 'PifoMesh.v_toplevel_pifoEngines_1_enque_brain_brainStateMem_ram.bin' is read successfully [/data/work/rio-synthesis/cam-shared-fifo-20260909/pe5-v1024-c1024-q256-static-vivado/rtl/PifoMesh.v:180463]
INFO: [Synth 8-6155] done synthesizing module 'Mapper_5' (0#1) [/data/work/rio-synthesis/cam-shared-fifo-20260909/pe5-v1024-c1024-q256-static-vivado/rtl/PifoMesh.v:180440]
INFO: [Synth 8-6155] done synthesizing module 'PIFOBrain_1' (0#1) [/data/work/rio-synthesis/cam-shared-fifo-20260909/pe5-v1024-c1024-q256-static-vivado/rtl/PifoMesh.v:75881]
INFO: [Synth 8-6155] done synthesizing module 'PifoEngine_1' (0#1) [/data/work/rio-synthesis/cam-shared-fifo-20260909/pe5-v1024-c1024-q256-static-vivado/rtl/PifoMesh.v:69761]
INFO: [Synth 8-6157] synthesizing module 'PifoEngine_2' [/data/work/rio-synthesis/cam-shared-fifo-20260909/pe5-v1024-c1024-q256-static-vivado/rtl/PifoMesh.v:68863]
INFO: [Synth 8-6157] synthesizing module 'DirectMapper_2' [/data/work/rio-synthesis/cam-shared-fifo-20260909/pe5-v1024-c1024-q256-static-vivado/rtl/PifoMesh.v:75812]
INFO: [Synth 8-3876] $readmem data file 'PifoMesh.v_toplevel_pifoEngines_2_enque_enqueMapper_ram.bin' is read successfully [/data/work/rio-synthesis/cam-shared-fifo-20260909/pe5-v1024-c1024-q256-static-vivado/rtl/PifoMesh.v:75837]
INFO: [Synth 8-6155] done synthesizing module 'DirectMapper_2' (0#1) [/data/work/rio-synthesis/cam-shared-fifo-20260909/pe5-v1024-c1024-q256-static-vivado/rtl/PifoMesh.v:75812]
INFO: [Synth 8-6157] synthesizing module 'PIFOBrain_2' [/data/work/rio-synthesis/cam-shared-fifo-20260909/pe5-v1024-c1024-q256-static-vivado/rtl/PifoMesh.v:74751]
INFO: [Synth 8-6157] synthesizing module 'Mapper_6' [/data/work/rio-synthesis/cam-shared-fifo-20260909/pe5-v1024-c1024-q256-static-vivado/rtl/PifoMesh.v:180365]
INFO: [Synth 8-3876] $readmem data file 'PifoMesh.v_toplevel_pifoEngines_2_enque_brain_engineMapper_ram.bin' is read successfully [/data/work/rio-synthesis/cam-shared-fifo-20260909/pe5-v1024-c1024-q256-static-vivado/rtl/PifoMesh.v:180388]
INFO: [Synth 8-6155] done synthesizing module 'Mapper_6' (0#1) [/data/work/rio-synthesis/cam-shared-fifo-20260909/pe5-v1024-c1024-q256-static-vivado/rtl/PifoMesh.v:180365]
INFO: [Synth 8-6157] synthesizing module 'Mapper_7' [/data/work/rio-synthesis/cam-shared-fifo-20260909/pe5-v1024-c1024-q256-static-vivado/rtl/PifoMesh.v:180312]
INFO: [Synth 8-3876] $readmem data file 'PifoMesh.v_toplevel_pifoEngines_2_enque_brain_lastVirtualMapper_ram.bin' is read successfully [/data/work/rio-synthesis/cam-shared-fifo-20260909/pe5-v1024-c1024-q256-static-vivado/rtl/PifoMesh.v:180335]
INFO: [Synth 8-6155] done synthesizing module 'Mapper_7' (0#1) [/data/work/rio-synthesis/cam-shared-fifo-20260909/pe5-v1024-c1024-q256-static-vivado/rtl/PifoMesh.v:180312]
INFO: [Synth 8-6157] synthesizing module 'Mapper_8' [/data/work/rio-synthesis/cam-shared-fifo-20260909/pe5-v1024-c1024-q256-static-vivado/rtl/PifoMesh.v:180253]
INFO: [Synth 8-3876] $readmem data file 'PifoMesh.v_toplevel_pifoEngines_2_enque_brain_brainStateMem_ram.bin' is read successfully [/data/work/rio-synthesis/cam-shared-fifo-20260909/pe5-v1024-c1024-q256-static-vivado/rtl/PifoMesh.v:180276]
INFO: [Synth 8-6155] done synthesizing module 'Mapper_8' (0#1) [/data/work/rio-synthesis/cam-shared-fifo-20260909/pe5-v1024-c1024-q256-static-vivado/rtl/PifoMesh.v:180253]
INFO: [Synth 8-6155] done synthesizing module 'PIFOBrain_2' (0#1) [/data/work/rio-synthesis/cam-shared-fifo-20260909/pe5-v1024-c1024-q256-static-vivado/rtl/PifoMesh.v:74751]
INFO: [Synth 8-6155] done synthesizing module 'PifoEngine_2' (0#1) [/data/work/rio-synthesis/cam-shared-fifo-20260909/pe5-v1024-c1024-q256-static-vivado/rtl/PifoMesh.v:68863]
INFO: [Synth 8-6157] synthesizing module 'PifoEngine_3' [/data/work/rio-synthesis/cam-shared-fifo-20260909/pe5-v1024-c1024-q256-static-vivado/rtl/PifoMesh.v:67965]
INFO: [Synth 8-6157] synthesizing module 'DirectMapper_3' [/data/work/rio-synthesis/cam-shared-fifo-20260909/pe5-v1024-c1024-q256-static-vivado/rtl/PifoMesh.v:74682]
INFO: [Synth 8-3876] $readmem data file 'PifoMesh.v_toplevel_pifoEngines_3_enque_enqueMapper_ram.bin' is read successfully [/data/work/rio-synthesis/cam-shared-fifo-20260909/pe5-v1024-c1024-q256-static-vivado/rtl/PifoMesh.v:74707]
INFO: [Synth 8-6155] done synthesizing module 'DirectMapper_3' (0#1) [/data/work/rio-synthesis/cam-shared-fifo-20260909/pe5-v1024-c1024-q256-static-vivado/rtl/PifoMesh.v:74682]
INFO: [Synth 8-6157] synthesizing module 'PIFOBrain_3' [/data/work/rio-synthesis/cam-shared-fifo-20260909/pe5-v1024-c1024-q256-static-vivado/rtl/PifoMesh.v:73621]
INFO: [Synth 8-6157] synthesizing module 'Mapper_9' [/data/work/rio-synthesis/cam-shared-fifo-20260909/pe5-v1024-c1024-q256-static-vivado/rtl/PifoMesh.v:180178]
INFO: [Synth 8-3876] $readmem data file 'PifoMesh.v_toplevel_pifoEngines_3_enque_brain_engineMapper_ram.bin' is read successfully [/data/work/rio-synthesis/cam-shared-fifo-20260909/pe5-v1024-c1024-q256-static-vivado/rtl/PifoMesh.v:180201]
INFO: [Synth 8-6155] done synthesizing module 'Mapper_9' (0#1) [/data/work/rio-synthesis/cam-shared-fifo-20260909/pe5-v1024-c1024-q256-static-vivado/rtl/PifoMesh.v:180178]
INFO: [Synth 8-6157] synthesizing module 'Mapper_10' [/data/work/rio-synthesis/cam-shared-fifo-20260909/pe5-v1024-c1024-q256-static-vivado/rtl/PifoMesh.v:180125]
INFO: [Synth 8-3876] $readmem data file 'PifoMesh.v_toplevel_pifoEngines_3_enque_brain_lastVirtualMapper_ram.bin' is read successfully [/data/work/rio-synthesis/cam-shared-fifo-20260909/pe5-v1024-c1024-q256-static-vivado/rtl/PifoMesh.v:180148]
INFO: [Synth 8-6155] done synthesizing module 'Mapper_10' (0#1) [/data/work/rio-synthesis/cam-shared-fifo-20260909/pe5-v1024-c1024-q256-static-vivado/rtl/PifoMesh.v:180125]
INFO: [Synth 8-6157] synthesizing module 'Mapper_11' [/data/work/rio-synthesis/cam-shared-fifo-20260909/pe5-v1024-c1024-q256-static-vivado/rtl/PifoMesh.v:180066]
INFO: [Synth 8-3876] $readmem data file 'PifoMesh.v_toplevel_pifoEngines_3_enque_brain_brainStateMem_ram.bin' is read successfully [/data/work/rio-synthesis/cam-shared-fifo-20260909/pe5-v1024-c1024-q256-static-vivado/rtl/PifoMesh.v:180089]
INFO: [Synth 8-6155] done synthesizing module 'Mapper_11' (0#1) [/data/work/rio-synthesis/cam-shared-fifo-20260909/pe5-v1024-c1024-q256-static-vivado/rtl/PifoMesh.v:180066]
INFO: [Synth 8-6155] done synthesizing module 'PIFOBrain_3' (0#1) [/data/work/rio-synthesis/cam-shared-fifo-20260909/pe5-v1024-c1024-q256-static-vivado/rtl/PifoMesh.v:73621]
INFO: [Synth 8-6155] done synthesizing module 'PifoEngine_3' (0#1) [/data/work/rio-synthesis/cam-shared-fifo-20260909/pe5-v1024-c1024-q256-static-vivado/rtl/PifoMesh.v:67965]
INFO: [Synth 8-6157] synthesizing module 'PifoEngine_4' [/data/work/rio-synthesis/cam-shared-fifo-20260909/pe5-v1024-c1024-q256-static-vivado/rtl/PifoMesh.v:67067]
INFO: [Synth 8-6157] synthesizing module 'DirectMapper_4' [/data/work/rio-synthesis/cam-shared-fifo-20260909/pe5-v1024-c1024-q256-static-vivado/rtl/PifoMesh.v:73552]
INFO: [Synth 8-3876] $readmem data file 'PifoMesh.v_toplevel_pifoEngines_4_enque_enqueMapper_ram.bin' is read successfully [/data/work/rio-synthesis/cam-shared-fifo-20260909/pe5-v1024-c1024-q256-static-vivado/rtl/PifoMesh.v:73577]
INFO: [Synth 8-6155] done synthesizing module 'DirectMapper_4' (0#1) [/data/work/rio-synthesis/cam-shared-fifo-20260909/pe5-v1024-c1024-q256-static-vivado/rtl/PifoMesh.v:73552]
INFO: [Synth 8-6157] synthesizing module 'PIFOBrain_4' [/data/work/rio-synthesis/cam-shared-fifo-20260909/pe5-v1024-c1024-q256-static-vivado/rtl/PifoMesh.v:72491]
INFO: [Synth 8-6157] synthesizing module 'Mapper_12' [/data/work/rio-synthesis/cam-shared-fifo-20260909/pe5-v1024-c1024-q256-static-vivado/rtl/PifoMesh.v:179991]
INFO: [Synth 8-3876] $readmem data file 'PifoMesh.v_toplevel_pifoEngines_4_enque_brain_engineMapper_ram.bin' is read successfully [/data/work/rio-synthesis/cam-shared-fifo-20260909/pe5-v1024-c1024-q256-static-vivado/rtl/PifoMesh.v:180014]
INFO: [Synth 8-6155] done synthesizing module 'Mapper_12' (0#1) [/data/work/rio-synthesis/cam-shared-fifo-20260909/pe5-v1024-c1024-q256-static-vivado/rtl/PifoMesh.v:179991]
INFO: [Synth 8-6157] synthesizing module 'Mapper_13' [/data/work/rio-synthesis/cam-shared-fifo-20260909/pe5-v1024-c1024-q256-static-vivado/rtl/PifoMesh.v:179938]
INFO: [Synth 8-3876] $readmem data file 'PifoMesh.v_toplevel_pifoEngines_4_enque_brain_lastVirtualMapper_ram.bin' is read successfully [/data/work/rio-synthesis/cam-shared-fifo-20260909/pe5-v1024-c1024-q256-static-vivado/rtl/PifoMesh.v:179961]
INFO: [Synth 8-6155] done synthesizing module 'Mapper_13' (0#1) [/data/work/rio-synthesis/cam-shared-fifo-20260909/pe5-v1024-c1024-q256-static-vivado/rtl/PifoMesh.v:179938]
INFO: [Synth 8-6157] synthesizing module 'Mapper_14' [/data/work/rio-synthesis/cam-shared-fifo-20260909/pe5-v1024-c1024-q256-static-vivado/rtl/PifoMesh.v:179879]
INFO: [Synth 8-3876] $readmem data file 'PifoMesh.v_toplevel_pifoEngines_4_enque_brain_brainStateMem_ram.bin' is read successfully [/data/work/rio-synthesis/cam-shared-fifo-20260909/pe5-v1024-c1024-q256-static-vivado/rtl/PifoMesh.v:179902]
INFO: [Synth 8-6155] done synthesizing module 'Mapper_14' (0#1) [/data/work/rio-synthesis/cam-shared-fifo-20260909/pe5-v1024-c1024-q256-static-vivado/rtl/PifoMesh.v:179879]
INFO: [Synth 8-6155] done synthesizing module 'PIFOBrain_4' (0#1) [/data/work/rio-synthesis/cam-shared-fifo-20260909/pe5-v1024-c1024-q256-static-vivado/rtl/PifoMesh.v:72491]
INFO: [Synth 8-6155] done synthesizing module 'PifoEngine_4' (0#1) [/data/work/rio-synthesis/cam-shared-fifo-20260909/pe5-v1024-c1024-q256-static-vivado/rtl/PifoMesh.v:67067]
INFO: [Synth 8-6157] synthesizing module 'StreamFifo_51' [/data/work/rio-synthesis/cam-shared-fifo-20260909/pe5-v1024-c1024-q256-static-vivado/rtl/PifoMesh.v:66753]
INFO: [Synth 8-6155] done synthesizing module 'StreamFifo_51' (0#1) [/data/work/rio-synthesis/cam-shared-fifo-20260909/pe5-v1024-c1024-q256-static-vivado/rtl/PifoMesh.v:66753]
INFO: [Synth 8-6157] synthesizing module 'DrainGuard' [/data/work/rio-synthesis/cam-shared-fifo-20260909/pe5-v1024-c1024-q256-static-vivado/rtl/PifoMesh.v:1233]
INFO: [Synth 8-6155] done synthesizing module 'DrainGuard' (0#1) [/data/work/rio-synthesis/cam-shared-fifo-20260909/pe5-v1024-c1024-q256-static-vivado/rtl/PifoMesh.v:1233]
INFO: [Synth 8-6157] synthesizing module 'StreamDemux_6' [/data/work/rio-synthesis/cam-shared-fifo-20260909/pe5-v1024-c1024-q256-static-vivado/rtl/PifoMesh.v:991]
INFO: [Synth 8-6155] done synthesizing module 'StreamDemux_6' (0#1) [/data/work/rio-synthesis/cam-shared-fifo-20260909/pe5-v1024-c1024-q256-static-vivado/rtl/PifoMesh.v:991]
INFO: [Synth 8-6155] done synthesizing module 'PifoMesh' (0#1) [/data/work/rio-synthesis/cam-shared-fifo-20260909/pe5-v1024-c1024-q256-static-vivado/rtl/PifoMesh.v:7]
WARNING: [Synth 8-6014] Unused sequential element logic_ptr_wentUp_reg was removed.  [/data/work/rio-synthesis/cam-shared-fifo-20260909/pe5-v1024-c1024-q256-static-vivado/rtl/PifoMesh.v:229657]
WARNING: [Synth 8-6014] Unused sequential element logic_ptr_wentUp_reg was removed.  [/data/work/rio-synthesis/cam-shared-fifo-20260909/pe5-v1024-c1024-q256-static-vivado/rtl/PifoMesh.v:229528]
WARNING: [Synth 8-6014] Unused sequential element logic_ptr_wentUp_reg was removed.  [/data/work/rio-synthesis/cam-shared-fifo-20260909/pe5-v1024-c1024-q256-static-vivado/rtl/PifoMesh.v:230534]
WARNING: [Synth 8-6014] Unused sequential element logic_ptr_wentUp_reg was removed.  [/data/work/rio-synthesis/cam-shared-fifo-20260909/pe5-v1024-c1024-q256-static-vivado/rtl/PifoMesh.v:230389]
WARNING: [Synth 8-6014] Unused sequential element logic_ptr_wentUp_reg was removed.  [/data/work/rio-synthesis/cam-shared-fifo-20260909/pe5-v1024-c1024-q256-static-vivado/rtl/PifoMesh.v:230244]
WARNING: [Synth 8-6014] Unused sequential element logic_ptr_wentUp_reg was removed.  [/data/work/rio-synthesis/cam-shared-fifo-20260909/pe5-v1024-c1024-q256-static-vivado/rtl/PifoMesh.v:230116]
WARNING: [Synth 8-6014] Unused sequential element logic_ptr_wentUp_reg was removed.  [/data/work/rio-synthesis/cam-shared-fifo-20260909/pe5-v1024-c1024-q256-static-vivado/rtl/PifoMesh.v:229986]
WARNING: [Synth 8-6014] Unused sequential element logic_ptr_wentUp_reg was removed.  [/data/work/rio-synthesis/cam-shared-fifo-20260909/pe5-v1024-c1024-q256-static-vivado/rtl/PifoMesh.v:229858]
WARNING: [Synth 8-6014] Unused sequential element logic_ptr_wentUp_reg was removed.  [/data/work/rio-synthesis/cam-shared-fifo-20260909/pe5-v1024-c1024-q256-static-vivado/rtl/PifoMesh.v:180760]
WARNING: [Synth 8-6014] Unused sequential element logic_ptr_wentUp_reg was removed.  [/data/work/rio-synthesis/cam-shared-fifo-20260909/pe5-v1024-c1024-q256-static-vivado/rtl/PifoMesh.v:67023]
WARNING: [Synth 8-6014] Unused sequential element logic_pop_addressGen_rData_reg was removed.  [/data/work/rio-synthesis/cam-shared-fifo-20260909/pe5-v1024-c1024-q256-static-vivado/rtl/PifoMesh.v:66988]
WARNING: [Synth 8-3917] design PifoMesh has port io_commitReady driven by constant 1
WARNING: [Synth 8-3917] design PifoMesh has port io_commitEpoch[31] driven by constant 0
WARNING: [Synth 8-3917] design PifoMesh has port io_commitEpoch[30] driven by constant 0
WARNING: [Synth 8-3917] design PifoMesh has port io_commitEpoch[29] driven by constant 0
WARNING: [Synth 8-3917] design PifoMesh has port io_commitEpoch[28] driven by constant 0
WARNING: [Synth 8-3917] design PifoMesh has port io_commitEpoch[27] driven by constant 0
WARNING: [Synth 8-3917] design PifoMesh has port io_commitEpoch[26] driven by constant 0
WARNING: [Synth 8-3917] design PifoMesh has port io_commitEpoch[25] driven by constant 0
WARNING: [Synth 8-3917] design PifoMesh has port io_commitEpoch[24] driven by constant 0
WARNING: [Synth 8-3917] design PifoMesh has port io_commitEpoch[23] driven by constant 0
WARNING: [Synth 8-3917] design PifoMesh has port io_commitEpoch[22] driven by constant 0
WARNING: [Synth 8-3917] design PifoMesh has port io_commitEpoch[21] driven by constant 0
WARNING: [Synth 8-3917] design PifoMesh has port io_commitEpoch[20] driven by constant 0
WARNING: [Synth 8-3917] design PifoMesh has port io_commitEpoch[19] driven by constant 0
WARNING: [Synth 8-3917] design PifoMesh has port io_commitEpoch[18] driven by constant 0
WARNING: [Synth 8-3917] design PifoMesh has port io_commitEpoch[17] driven by constant 0
WARNING: [Synth 8-3917] design PifoMesh has port io_commitEpoch[16] driven by constant 0
WARNING: [Synth 8-3917] design PifoMesh has port io_commitEpoch[15] driven by constant 0
WARNING: [Synth 8-3917] design PifoMesh has port io_commitEpoch[14] driven by constant 0
WARNING: [Synth 8-3917] design PifoMesh has port io_commitEpoch[13] driven by constant 0
WARNING: [Synth 8-3917] design PifoMesh has port io_commitEpoch[12] driven by constant 0
WARNING: [Synth 8-3917] design PifoMesh has port io_commitEpoch[11] driven by constant 0
WARNING: [Synth 8-3917] design PifoMesh has port io_commitEpoch[10] driven by constant 0
WARNING: [Synth 8-3917] design PifoMesh has port io_commitEpoch[9] driven by constant 0
WARNING: [Synth 8-3917] design PifoMesh has port io_commitEpoch[8] driven by constant 0
WARNING: [Synth 8-3917] design PifoMesh has port io_commitEpoch[7] driven by constant 0
WARNING: [Synth 8-3917] design PifoMesh has port io_commitEpoch[6] driven by constant 0
WARNING: [Synth 8-3917] design PifoMesh has port io_commitEpoch[5] driven by constant 0
WARNING: [Synth 8-3917] design PifoMesh has port io_commitEpoch[4] driven by constant 0
WARNING: [Synth 8-3917] design PifoMesh has port io_commitEpoch[3] driven by constant 0
WARNING: [Synth 8-3917] design PifoMesh has port io_commitEpoch[2] driven by constant 0
WARNING: [Synth 8-3917] design PifoMesh has port io_commitEpoch[1] driven by constant 0
WARNING: [Synth 8-3917] design PifoMesh has port io_commitEpoch[0] driven by constant 0
WARNING: [Synth 8-3917] design PifoMesh has port io_replayBusy driven by constant 0
WARNING: [Synth 8-3917] design PifoMesh has port io_replayLogAvailable[8] driven by constant 0
WARNING: [Synth 8-3917] design PifoMesh has port io_replayLogAvailable[7] driven by constant 0
WARNING: [Synth 8-3917] design PifoMesh has port io_replayLogAvailable[6] driven by constant 0
WARNING: [Synth 8-3917] design PifoMesh has port io_replayLogAvailable[5] driven by constant 0
WARNING: [Synth 8-3917] design PifoMesh has port io_replayLogAvailable[4] driven by constant 0
WARNING: [Synth 8-3917] design PifoMesh has port io_replayLogAvailable[3] driven by constant 0
WARNING: [Synth 8-3917] design PifoMesh has port io_replayLogAvailable[2] driven by constant 0
WARNING: [Synth 8-3917] design PifoMesh has port io_replayLogAvailable[1] driven by constant 0
WARNING: [Synth 8-3917] design PifoMesh has port io_replayLogAvailable[0] driven by constant 0
WARNING: [Synth 8-7129] Port io_commit in module BoundedCamMapper_1 is either unconnected or has no load
WARNING: [Synth 8-7129] Port reset in module Mapper_14 is either unconnected or has no load
WARNING: [Synth 8-7129] Port io_commit in module BoundedCamMapper is either unconnected or has no load
WARNING: [Synth 8-7129] Port reset in module Mapper_13 is either unconnected or has no load
WARNING: [Synth 8-7129] Port reset in module Mapper_12 is either unconnected or has no load
WARNING: [Synth 8-7129] Port io_poped_payload_data[12] in module PIFOBrain_4 is either unconnected or has no load
WARNING: [Synth 8-7129] Port io_poped_payload_data[11] in module PIFOBrain_4 is either unconnected or has no load
WARNING: [Synth 8-7129] Port io_poped_payload_data[10] in module PIFOBrain_4 is either unconnected or has no load
WARNING: [Synth 8-7129] Port io_poped_payload_data[9] in module PIFOBrain_4 is either unconnected or has no load
WARNING: [Synth 8-7129] Port io_poped_payload_data[8] in module PIFOBrain_4 is either unconnected or has no load
WARNING: [Synth 8-7129] Port io_poped_payload_data[7] in module PIFOBrain_4 is either unconnected or has no load
WARNING: [Synth 8-7129] Port io_poped_payload_data[6] in module PIFOBrain_4 is either unconnected or has no load
WARNING: [Synth 8-7129] Port io_poped_payload_data[5] in module PIFOBrain_4 is either unconnected or has no load
WARNING: [Synth 8-7129] Port io_poped_payload_data[4] in module PIFOBrain_4 is either unconnected or has no load
WARNING: [Synth 8-7129] Port io_poped_payload_data[3] in module PIFOBrain_4 is either unconnected or has no load
WARNING: [Synth 8-7129] Port io_poped_payload_data[2] in module PIFOBrain_4 is either unconnected or has no load
WARNING: [Synth 8-7129] Port io_poped_payload_data[1] in module PIFOBrain_4 is either unconnected or has no load
WARNING: [Synth 8-7129] Port io_poped_payload_data[0] in module PIFOBrain_4 is either unconnected or has no load
WARNING: [Synth 8-7129] Port io_commit in module DirectMapper_4 is either unconnected or has no load
WARNING: [Synth 8-7129] Port io_dequeueRequest_payload_engineId[2] in module PifoEngine_4 is either unconnected or has no load
WARNING: [Synth 8-7129] Port io_dequeueRequest_payload_engineId[1] in module PifoEngine_4 is either unconnected or has no load
WARNING: [Synth 8-7129] Port io_dequeueRequest_payload_engineId[0] in module PifoEngine_4 is either unconnected or has no load
WARNING: [Synth 8-7129] Port reset in module Mapper_11 is either unconnected or has no load
WARNING: [Synth 8-7129] Port reset in module Mapper_10 is either unconnected or has no load
WARNING: [Synth 8-7129] Port reset in module Mapper_9 is either unconnected or has no load
WARNING: [Synth 8-7129] Port io_poped_payload_data[12] in module PIFOBrain_3 is either unconnected or has no load
WARNING: [Synth 8-7129] Port io_poped_payload_data[11] in module PIFOBrain_3 is either unconnected or has no load
WARNING: [Synth 8-7129] Port io_poped_payload_data[10] in module PIFOBrain_3 is either unconnected or has no load
WARNING: [Synth 8-7129] Port io_poped_payload_data[9] in module PIFOBrain_3 is either unconnected or has no load
WARNING: [Synth 8-7129] Port io_poped_payload_data[8] in module PIFOBrain_3 is either unconnected or has no load
WARNING: [Synth 8-7129] Port io_poped_payload_data[7] in module PIFOBrain_3 is either unconnected or has no load
WARNING: [Synth 8-7129] Port io_poped_payload_data[6] in module PIFOBrain_3 is either unconnected or has no load
WARNING: [Synth 8-7129] Port io_poped_payload_data[5] in module PIFOBrain_3 is either unconnected or has no load
WARNING: [Synth 8-7129] Port io_poped_payload_data[4] in module PIFOBrain_3 is either unconnected or has no load
WARNING: [Synth 8-7129] Port io_poped_payload_data[3] in module PIFOBrain_3 is either unconnected or has no load
WARNING: [Synth 8-7129] Port io_poped_payload_data[2] in module PIFOBrain_3 is either unconnected or has no load
WARNING: [Synth 8-7129] Port io_poped_payload_data[1] in module PIFOBrain_3 is either unconnected or has no load
WARNING: [Synth 8-7129] Port io_poped_payload_data[0] in module PIFOBrain_3 is either unconnected or has no load
WARNING: [Synth 8-7129] Port io_commit in module DirectMapper_3 is either unconnected or has no load
WARNING: [Synth 8-7129] Port io_dequeueRequest_payload_engineId[2] in module PifoEngine_3 is either unconnected or has no load
WARNING: [Synth 8-7129] Port io_dequeueRequest_payload_engineId[1] in module PifoEngine_3 is either unconnected or has no load
WARNING: [Synth 8-7129] Port io_dequeueRequest_payload_engineId[0] in module PifoEngine_3 is either unconnected or has no load
WARNING: [Synth 8-7129] Port reset in module Mapper_8 is either unconnected or has no load
WARNING: [Synth 8-7129] Port reset in module Mapper_7 is either unconnected or has no load
WARNING: [Synth 8-7129] Port reset in module Mapper_6 is either unconnected or has no load
WARNING: [Synth 8-7129] Port io_poped_payload_data[12] in module PIFOBrain_2 is either unconnected or has no load
WARNING: [Synth 8-7129] Port io_poped_payload_data[11] in module PIFOBrain_2 is either unconnected or has no load
WARNING: [Synth 8-7129] Port io_poped_payload_data[10] in module PIFOBrain_2 is either unconnected or has no load
WARNING: [Synth 8-7129] Port io_poped_payload_data[9] in module PIFOBrain_2 is either unconnected or has no load
WARNING: [Synth 8-7129] Port io_poped_payload_data[8] in module PIFOBrain_2 is either unconnected or has no load
WARNING: [Synth 8-7129] Port io_poped_payload_data[7] in module PIFOBrain_2 is either unconnected or has no load
WARNING: [Synth 8-7129] Port io_poped_payload_data[6] in module PIFOBrain_2 is either unconnected or has no load
WARNING: [Synth 8-7129] Port io_poped_payload_data[5] in module PIFOBrain_2 is either unconnected or has no load
WARNING: [Synth 8-7129] Port io_poped_payload_data[4] in module PIFOBrain_2 is either unconnected or has no load
WARNING: [Synth 8-7129] Port io_poped_payload_data[3] in module PIFOBrain_2 is either unconnected or has no load
WARNING: [Synth 8-7129] Port io_poped_payload_data[2] in module PIFOBrain_2 is either unconnected or has no load
WARNING: [Synth 8-7129] Port io_poped_payload_data[1] in module PIFOBrain_2 is either unconnected or has no load
WARNING: [Synth 8-7129] Port io_poped_payload_data[0] in module PIFOBrain_2 is either unconnected or has no load
WARNING: [Synth 8-7129] Port io_commit in module DirectMapper_2 is either unconnected or has no load
WARNING: [Synth 8-7129] Port io_dequeueRequest_payload_engineId[2] in module PifoEngine_2 is either unconnected or has no load
WARNING: [Synth 8-7129] Port io_dequeueRequest_payload_engineId[1] in module PifoEngine_2 is either unconnected or has no load
WARNING: [Synth 8-7129] Port io_dequeueRequest_payload_engineId[0] in module PifoEngine_2 is either unconnected or has no load
WARNING: [Synth 8-7129] Port reset in module Mapper_5 is either unconnected or has no load
WARNING: [Synth 8-7129] Port reset in module Mapper_4 is either unconnected or has no load
WARNING: [Synth 8-7129] Port reset in module Mapper_3 is either unconnected or has no load
WARNING: [Synth 8-7129] Port io_poped_payload_data[12] in module PIFOBrain_1 is either unconnected or has no load
WARNING: [Synth 8-7129] Port io_poped_payload_data[11] in module PIFOBrain_1 is either unconnected or has no load
WARNING: [Synth 8-7129] Port io_poped_payload_data[10] in module PIFOBrain_1 is either unconnected or has no load
WARNING: [Synth 8-7129] Port io_poped_payload_data[9] in module PIFOBrain_1 is either unconnected or has no load
WARNING: [Synth 8-7129] Port io_poped_payload_data[8] in module PIFOBrain_1 is either unconnected or has no load
WARNING: [Synth 8-7129] Port io_poped_payload_data[7] in module PIFOBrain_1 is either unconnected or has no load
WARNING: [Synth 8-7129] Port io_poped_payload_data[6] in module PIFOBrain_1 is either unconnected or has no load
WARNING: [Synth 8-7129] Port io_poped_payload_data[5] in module PIFOBrain_1 is either unconnected or has no load
WARNING: [Synth 8-7129] Port io_poped_payload_data[4] in module PIFOBrain_1 is either unconnected or has no load
WARNING: [Synth 8-7129] Port io_poped_payload_data[3] in module PIFOBrain_1 is either unconnected or has no load
WARNING: [Synth 8-7129] Port io_poped_payload_data[2] in module PIFOBrain_1 is either unconnected or has no load
WARNING: [Synth 8-7129] Port io_poped_payload_data[1] in module PIFOBrain_1 is either unconnected or has no load
WARNING: [Synth 8-7129] Port io_poped_payload_data[0] in module PIFOBrain_1 is either unconnected or has no load
WARNING: [Synth 8-7129] Port io_commit in module DirectMapper_1 is either unconnected or has no load
WARNING: [Synth 8-7129] Port io_dequeueRequest_payload_engineId[2] in module PifoEngine_1 is either unconnected or has no load
WARNING: [Synth 8-7129] Port io_dequeueRequest_payload_engineId[1] in module PifoEngine_1 is either unconnected or has no load
WARNING: [Synth 8-7129] Port io_dequeueRequest_payload_engineId[0] in module PifoEngine_1 is either unconnected or has no load
WARNING: [Synth 8-7129] Port reset in module Mapper_2 is either unconnected or has no load
WARNING: [Synth 8-7129] Port reset in module Mapper_1 is either unconnected or has no load
WARNING: [Synth 8-7129] Port reset in module Mapper is either unconnected or has no load
WARNING: [Synth 8-7129] Port io_poped_payload_data[12] in module PIFOBrain is either unconnected or has no load
WARNING: [Synth 8-7129] Port io_poped_payload_data[11] in module PIFOBrain is either unconnected or has no load
WARNING: [Synth 8-7129] Port io_poped_payload_data[10] in module PIFOBrain is either unconnected or has no load
WARNING: [Synth 8-7129] Port io_poped_payload_data[9] in module PIFOBrain is either unconnected or has no load
WARNING: [Synth 8-7129] Port io_poped_payload_data[8] in module PIFOBrain is either unconnected or has no load
WARNING: [Synth 8-7129] Port io_poped_payload_data[7] in module PIFOBrain is either unconnected or has no load
WARNING: [Synth 8-7129] Port io_poped_payload_data[6] in module PIFOBrain is either unconnected or has no load
WARNING: [Synth 8-7129] Port io_poped_payload_data[5] in module PIFOBrain is either unconnected or has no load
WARNING: [Synth 8-7129] Port io_poped_payload_data[4] in module PIFOBrain is either unconnected or has no load
WARNING: [Synth 8-7129] Port io_poped_payload_data[3] in module PIFOBrain is either unconnected or has no load
WARNING: [Synth 8-7129] Port io_poped_payload_data[2] in module PIFOBrain is either unconnected or has no load
WARNING: [Synth 8-7129] Port io_poped_payload_data[1] in module PIFOBrain is either unconnected or has no load
WARNING: [Synth 8-7129] Port io_poped_payload_data[0] in module PIFOBrain is either unconnected or has no load
WARNING: [Synth 8-7129] Port io_commit in module DirectMapper is either unconnected or has no load
WARNING: [Synth 8-7129] Port io_dequeueRequest_payload_engineId[2] in module PifoEngine is either unconnected or has no load
INFO: [Common 17-14] Message 'Synth 8-7129' appears 100 times and further instances of the messages will be disabled. Use the Tcl command set_msg_config to change the current settings.
---------------------------------------------------------------------------------
Finished RTL Elaboration : Time (s): cpu = 00:01:34 ; elapsed = 00:01:38 . Memory (MB): peak = 5353.719 ; gain = 2709.586 ; free physical = 160023 ; free virtual = 201739
---------------------------------------------------------------------------------
---------------------------------------------------------------------------------
Start Handling Custom Attributes
---------------------------------------------------------------------------------
---------------------------------------------------------------------------------
Finished Handling Custom Attributes : Time (s): cpu = 00:01:37 ; elapsed = 00:01:41 . Memory (MB): peak = 5353.719 ; gain = 2709.586 ; free physical = 160071 ; free virtual = 201791
---------------------------------------------------------------------------------
---------------------------------------------------------------------------------
Finished RTL Optimization Phase 1 : Time (s): cpu = 00:01:37 ; elapsed = 00:01:41 . Memory (MB): peak = 5353.719 ; gain = 2709.586 ; free physical = 160071 ; free virtual = 201791
---------------------------------------------------------------------------------
