
****** Vivado v2025.2 (64-bit)
  **** SW Build 6299465 on Fri Nov 14 12:34:56 MST 2025
  **** IP Build 6300035 on Fri Nov 14 10:48:45 MST 2025
  **** SharedData Build 6298862 on Thu Nov 13 04:50:51 MST 2025
  **** Start of session at: Mon Sep  7 11:53:59 2026
    ** Copyright 1986-2022 Xilinx, Inc. All Rights Reserved.
    ** Copyright 2022-2025 Advanced Micro Devices, Inc. All Rights Reserved.

source /home/zg366/packet-scheduling/pifo-hardware/synthesis/vivado_synth.tcl
# if {$argc < 5 || $argc > 7} {
#     error {Expected BUILD_DIR PART THREADS CLOCK_PERIOD_NS PREPARE_ONLY [DIRECTIVE] [ALLOW_OVER_CAPACITY]}
# }
# lassign $argv build_dir part threads period prepare_only directive allow_over_capacity
# if {$directive eq ""} { set directive default }
# if {$allow_over_capacity eq ""} { set allow_over_capacity 0 }
# set build_dir [file normalize $build_dir]
# set rtl_dir [file join $build_dir rtl]
# set report_dir [file join $build_dir reports]
# file mkdir $report_dir
# if {[llength [get_parts -quiet $part]] != 1} {
#     error "Target part is not installed: $part"
# }
# puts "PIFO_VIVADO_VERSION: [version -short]"
PIFO_VIVADO_VERSION: 2025.2
# puts "PIFO_VIVADO_PART: $part"
PIFO_VIVADO_PART: xcku5p-ffvb676-2-e
# set_param general.maxThreads $threads
# create_project -in_memory -part $part
# cd $rtl_dir
# read_verilog -sv [glob -directory $rtl_dir *.v *.sv]
# set xdc [file join $build_dir pifo.xdc]
# set constraints [open $xdc w]
# puts $constraints "create_clock -name clk -period $period \[get_ports clk\]"
# puts $constraints {set_false_path -from [get_ports reset]}
# close $constraints
# read_xdc $xdc
# if {$prepare_only} {
#     puts "PIFO_PREPARED: $build_dir"
#     exit 0
# }
# if {$allow_over_capacity} {
#     # This version-specific Tcl hook skips only the pre-mapping device-capacity
#     # gate. The RTL, target, optimization passes, and reported device capacities
#     # remain unchanged. The resulting netlist can exceed the physical device.
#     # Verified on Vivado 2025.2 with an oversized RAM and an unchanged smaller
#     # control design; see experiment-results/hardware-overhead/diagnostics.
#     puts "PIFO_ESTIMATION_ONLY: device-capacity check disabled; no implementation or fit claim"
#     set_param synth.elaboration.rodinMoreOptions {if {[llength [info commands rt::pifo_device_capacity_check]] == 0} {rename rt::check_resource rt::pifo_device_capacity_check}; proc rt::check_resource {args} {puts "PIFO_DEVICE_CAPACITY_CHECK_SKIPPED: $args"; return 1}}
# }
PIFO_ESTIMATION_ONLY: device-capacity check disabled; no implementation or fit claim
# synth_design -top PifoMesh -part $part -mode out_of_context -flatten_hierarchy rebuilt -directive $directive
Command: synth_design -top PifoMesh -part xcku5p-ffvb676-2-e -mode out_of_context -flatten_hierarchy rebuilt -directive RuntimeOptimized
Starting synth_design
Attempting to get a license for feature 'Synthesis' and/or device 'xcku5p'
INFO: [Common 17-349] Got license for feature 'Synthesis' and/or device 'xcku5p'
INFO: [Device 21-403] Loading part xcku5p-ffvb676-2-e
INFO: [Synth 8-7079] Multithreading enabled for synth_design using a maximum of 7 processes.
INFO: [Synth 8-7078] Launching helper process for spawning children vivado processes
INFO: [Synth 8-7075] Helper process launched with PID 383164
---------------------------------------------------------------------------------
Starting RTL Elaboration : Time (s): cpu = 00:00:05 ; elapsed = 00:00:06 . Memory (MB): peak = 2833.648 ; gain = 181.688 ; free physical = 176854 ; free virtual = 200464
---------------------------------------------------------------------------------
INFO: [Synth 8-6157] synthesizing module 'PifoMesh' [/data/work/rio-synthesis/pifo-component-single-push/pifo-house-1push-v128-c1024-t10-vivado/rtl/PifoMesh.v:1]
INFO: [Synth 8-6157] synthesizing module 'ConcurrentPifoRTL' [/data/work/rio-synthesis/pifo-component-single-push/pifo-house-1push-v128-c1024-t10-vivado/rtl/PifoMesh.v:43]
INFO: [Synth 8-6157] synthesizing module 'priority_encode_log' [/data/work/rio-synthesis/pifo-component-single-push/pifo-house-1push-v128-c1024-t10-vivado/rtl/priority_encode_log.v:1]
	Parameter width bound to: 1024 - type: integer 
	Parameter log_width bound to: 10 - type: integer 
INFO: [Synth 8-6155] done synthesizing module 'priority_encode_log' (0#1) [/data/work/rio-synthesis/pifo-component-single-push/pifo-house-1push-v128-c1024-t10-vivado/rtl/priority_encode_log.v:1]
INFO: [Synth 8-6155] done synthesizing module 'ConcurrentPifoRTL' (0#1) [/data/work/rio-synthesis/pifo-component-single-push/pifo-house-1push-v128-c1024-t10-vivado/rtl/PifoMesh.v:43]
INFO: [Synth 8-6155] done synthesizing module 'PifoMesh' (0#1) [/data/work/rio-synthesis/pifo-component-single-push/pifo-house-1push-v128-c1024-t10-vivado/rtl/PifoMesh.v:1]
WARNING: [Synth 8-3936] Found unconnected internal register 'genblk1[9].part_idx_reg[9]' and it is trimmed from '1024' to '11' bits. [/data/work/rio-synthesis/pifo-component-single-push/pifo-house-1push-v128-c1024-t10-vivado/rtl/priority_encode_log.v:33]
WARNING: [Synth 8-3936] Found unconnected internal register 'genblk1[8].part_idx_reg[8]' and it is trimmed from '1024' to '522' bits. [/data/work/rio-synthesis/pifo-component-single-push/pifo-house-1push-v128-c1024-t10-vivado/rtl/priority_encode_log.v:33]
WARNING: [Synth 8-3936] Found unconnected internal register 'genblk1[7].part_idx_reg[7]' and it is trimmed from '1024' to '777' bits. [/data/work/rio-synthesis/pifo-component-single-push/pifo-house-1push-v128-c1024-t10-vivado/rtl/priority_encode_log.v:33]
WARNING: [Synth 8-3936] Found unconnected internal register 'genblk1[6].part_idx_reg[6]' and it is trimmed from '1024' to '904' bits. [/data/work/rio-synthesis/pifo-component-single-push/pifo-house-1push-v128-c1024-t10-vivado/rtl/priority_encode_log.v:33]
WARNING: [Synth 8-3936] Found unconnected internal register 'genblk1[5].part_idx_reg[5]' and it is trimmed from '1024' to '967' bits. [/data/work/rio-synthesis/pifo-component-single-push/pifo-house-1push-v128-c1024-t10-vivado/rtl/priority_encode_log.v:33]
WARNING: [Synth 8-3936] Found unconnected internal register 'genblk1[4].part_idx_reg[4]' and it is trimmed from '1024' to '998' bits. [/data/work/rio-synthesis/pifo-component-single-push/pifo-house-1push-v128-c1024-t10-vivado/rtl/priority_encode_log.v:33]
WARNING: [Synth 8-3936] Found unconnected internal register 'genblk1[3].part_idx_reg[3]' and it is trimmed from '1024' to '1013' bits. [/data/work/rio-synthesis/pifo-component-single-push/pifo-house-1push-v128-c1024-t10-vivado/rtl/priority_encode_log.v:33]
WARNING: [Synth 8-3936] Found unconnected internal register 'genblk1[2].part_idx_reg[2]' and it is trimmed from '1024' to '1020' bits. [/data/work/rio-synthesis/pifo-component-single-push/pifo-house-1push-v128-c1024-t10-vivado/rtl/priority_encode_log.v:33]
WARNING: [Synth 8-3936] Found unconnected internal register 'genblk1[1].part_idx_reg[1]' and it is trimmed from '1024' to '1023' bits. [/data/work/rio-synthesis/pifo-component-single-push/pifo-house-1push-v128-c1024-t10-vivado/rtl/priority_encode_log.v:33]
WARNING: [Synth 8-7129] Port clk in module priority_encode_log is either unconnected or has no load
WARNING: [Synth 8-7129] Port rst in module priority_encode_log is either unconnected or has no load
---------------------------------------------------------------------------------
Finished RTL Elaboration : Time (s): cpu = 00:00:48 ; elapsed = 00:00:51 . Memory (MB): peak = 3964.086 ; gain = 1312.125 ; free physical = 173945 ; free virtual = 197629
---------------------------------------------------------------------------------
---------------------------------------------------------------------------------
Start Handling Custom Attributes
---------------------------------------------------------------------------------
---------------------------------------------------------------------------------
Finished Handling Custom Attributes : Time (s): cpu = 00:00:49 ; elapsed = 00:00:51 . Memory (MB): peak = 3964.086 ; gain = 1312.125 ; free physical = 173734 ; free virtual = 197421
---------------------------------------------------------------------------------
---------------------------------------------------------------------------------
Finished RTL Optimization Phase 1 : Time (s): cpu = 00:00:49 ; elapsed = 00:00:51 . Memory (MB): peak = 3964.086 ; gain = 1312.125 ; free physical = 173724 ; free virtual = 197411
---------------------------------------------------------------------------------
Netlist sorting complete. Time (s): cpu = 00:00:07 ; elapsed = 00:00:07 . Memory (MB): peak = 4092.391 ; gain = 16.305 ; free physical = 170787 ; free virtual = 194648
INFO: [Project 1-570] Preparing netlist for logic optimization

Processing XDC Constraints
Initializing timing engine
Parsing XDC File [/data/work/rio-synthesis/pifo-component-single-push/pifo-house-1push-v128-c1024-t10-vivado/pifo.xdc]
Finished Parsing XDC File [/data/work/rio-synthesis/pifo-component-single-push/pifo-house-1push-v128-c1024-t10-vivado/pifo.xdc]
Completed Processing XDC Constraints

Netlist sorting complete. Time (s): cpu = 00:00:00.05 ; elapsed = 00:00:00.05 . Memory (MB): peak = 5184.965 ; gain = 0.000 ; free physical = 169072 ; free virtual = 192848
INFO: [Project 1-111] Unisim Transformation Summary:
No Unisim elements were transformed.

---------------------------------------------------------------------------------
Finished Constraint Validation : Time (s): cpu = 00:02:08 ; elapsed = 00:02:08 . Memory (MB): peak = 5196.887 ; gain = 2544.926 ; free physical = 163848 ; free virtual = 187625
---------------------------------------------------------------------------------
---------------------------------------------------------------------------------
Start Loading Part and Timing Information
---------------------------------------------------------------------------------
Loading part: xcku5p-ffvb676-2-e
INFO: [Synth 8-6742] Reading net delay rules and data
---------------------------------------------------------------------------------
Finished Loading Part and Timing Information : Time (s): cpu = 00:02:08 ; elapsed = 00:02:08 . Memory (MB): peak = 5200.973 ; gain = 2549.012 ; free physical = 163848 ; free virtual = 187625
---------------------------------------------------------------------------------
---------------------------------------------------------------------------------
Start Applying 'set_property' XDC Constraints
---------------------------------------------------------------------------------
---------------------------------------------------------------------------------
Finished applying 'set_property' XDC Constraints : Time (s): cpu = 00:02:08 ; elapsed = 00:02:08 . Memory (MB): peak = 5200.973 ; gain = 2549.012 ; free physical = 163832 ; free virtual = 187608
---------------------------------------------------------------------------------
---------------------------------------------------------------------------------
Finished RTL Optimization Phase 2 : Time (s): cpu = 00:03:14 ; elapsed = 00:03:15 . Memory (MB): peak = 5208.977 ; gain = 2557.016 ; free physical = 164013 ; free virtual = 187848
---------------------------------------------------------------------------------
---------------------------------------------------------------------------------
Start RTL Component Statistics 
---------------------------------------------------------------------------------
Detailed RTL Component Info : 
+---Adders : 
	   4 Input   11 Bit       Adders := 1     
	   3 Input   11 Bit       Adders := 1     
	   2 Input   11 Bit       Adders := 1     
+---Registers : 
	               10 Bit    Registers := 1025  
	                8 Bit    Registers := 1025  
	                7 Bit    Registers := 1026  
	                1 Bit    Registers := 3     
+---Muxes : 
	   2 Input   11 Bit        Muxes := 1     
	   2 Input   10 Bit        Muxes := 5116  
	   2 Input    9 Bit        Muxes := 3     
	   2 Input    8 Bit        Muxes := 5123  
	   2 Input    7 Bit        Muxes := 5128  
	   2 Input    6 Bit        Muxes := 24    
	   2 Input    5 Bit        Muxes := 48    
	   2 Input    4 Bit        Muxes := 96    
	   2 Input    3 Bit        Muxes := 192   
	   2 Input    2 Bit        Muxes := 384   
	   2 Input    1 Bit        Muxes := 2819  
---------------------------------------------------------------------------------
Finished RTL Component Statistics 
---------------------------------------------------------------------------------
---------------------------------------------------------------------------------
Start Part Resource Summary
---------------------------------------------------------------------------------
Part Resources:
DSPs: 1824 (col length:96)
BRAMs: 960 (col length: RAMB18 96 RAMB36 48)
---------------------------------------------------------------------------------
Finished Part Resource Summary
---------------------------------------------------------------------------------
---------------------------------------------------------------------------------
Start Cross Boundary and Area Optimization
---------------------------------------------------------------------------------
---------------------------------------------------------------------------------
Finished Cross Boundary and Area Optimization : Time (s): cpu = 00:04:05 ; elapsed = 00:04:06 . Memory (MB): peak = 5220.902 ; gain = 2568.941 ; free physical = 154985 ; free virtual = 178865
---------------------------------------------------------------------------------
PIFO_DEVICE_CAPACITY_CHECK_SKIPPED: -checkfordsp
PIFO_DEVICE_CAPACITY_CHECK_SKIPPED: -checkforuram
PIFO_DEVICE_CAPACITY_CHECK_SKIPPED: -checkforram
---------------------------------------------------------------------------------
Start Applying XDC Timing Constraints
---------------------------------------------------------------------------------
---------------------------------------------------------------------------------
Finished Applying XDC Timing Constraints : Time (s): cpu = 00:05:40 ; elapsed = 00:04:18 . Memory (MB): peak = 5308.531 ; gain = 2656.570 ; free physical = 154999 ; free virtual = 178852
---------------------------------------------------------------------------------
---------------------------------------------------------------------------------
Start Technology Mapping
---------------------------------------------------------------------------------
---------------------------------------------------------------------------------
Finished Technology Mapping : Time (s): cpu = 00:06:18 ; elapsed = 00:05:00 . Memory (MB): peak = 5320.457 ; gain = 2668.496 ; free physical = 164387 ; free virtual = 188240
---------------------------------------------------------------------------------
---------------------------------------------------------------------------------
Start IO Insertion
---------------------------------------------------------------------------------
---------------------------------------------------------------------------------
Start Flattening Before IO Insertion
---------------------------------------------------------------------------------
---------------------------------------------------------------------------------
Finished Flattening Before IO Insertion
---------------------------------------------------------------------------------
---------------------------------------------------------------------------------
Start Final Netlist Cleanup
---------------------------------------------------------------------------------
---------------------------------------------------------------------------------
Finished Final Netlist Cleanup
---------------------------------------------------------------------------------
---------------------------------------------------------------------------------
Finished IO Insertion : Time (s): cpu = 00:06:44 ; elapsed = 00:05:27 . Memory (MB): peak = 5320.457 ; gain = 2668.496 ; free physical = 164241 ; free virtual = 188112
---------------------------------------------------------------------------------
---------------------------------------------------------------------------------
Start Renaming Generated Instances
---------------------------------------------------------------------------------
---------------------------------------------------------------------------------
Finished Renaming Generated Instances : Time (s): cpu = 00:06:45 ; elapsed = 00:05:28 . Memory (MB): peak = 5320.457 ; gain = 2668.496 ; free physical = 164252 ; free virtual = 188124
---------------------------------------------------------------------------------
---------------------------------------------------------------------------------
Start Rebuilding User Hierarchy
---------------------------------------------------------------------------------
---------------------------------------------------------------------------------
Finished Rebuilding User Hierarchy : Time (s): cpu = 00:06:49 ; elapsed = 00:05:32 . Memory (MB): peak = 5320.457 ; gain = 2668.496 ; free physical = 164195 ; free virtual = 188066
---------------------------------------------------------------------------------
---------------------------------------------------------------------------------
Start Renaming Generated Ports
---------------------------------------------------------------------------------
---------------------------------------------------------------------------------
Finished Renaming Generated Ports : Time (s): cpu = 00:06:49 ; elapsed = 00:05:32 . Memory (MB): peak = 5320.457 ; gain = 2668.496 ; free physical = 164195 ; free virtual = 188066
---------------------------------------------------------------------------------
---------------------------------------------------------------------------------
Start Handling Custom Attributes
---------------------------------------------------------------------------------
---------------------------------------------------------------------------------
Finished Handling Custom Attributes : Time (s): cpu = 00:06:50 ; elapsed = 00:05:33 . Memory (MB): peak = 5320.457 ; gain = 2668.496 ; free physical = 164181 ; free virtual = 188052
---------------------------------------------------------------------------------
---------------------------------------------------------------------------------
Start Renaming Generated Nets
---------------------------------------------------------------------------------
---------------------------------------------------------------------------------
Finished Renaming Generated Nets : Time (s): cpu = 00:06:50 ; elapsed = 00:05:33 . Memory (MB): peak = 5320.457 ; gain = 2668.496 ; free physical = 164181 ; free virtual = 188052
---------------------------------------------------------------------------------
---------------------------------------------------------------------------------
Start Writing Synthesis Report
---------------------------------------------------------------------------------

Report BlackBoxes: 
+-+--------------+----------+
| |BlackBox name |Instances |
+-+--------------+----------+
+-+--------------+----------+

Report Cell Usage: 
+------+-------+------+
|      |Cell   |Count |
+------+-------+------+
|1     |CARRY8 |  2048|
|2     |LUT1   |    23|
|3     |LUT2   |  1715|
|4     |LUT3   | 22405|
|5     |LUT4   | 10974|
|6     |LUT5   | 41721|
|7     |LUT6   | 42140|
|8     |MUXF7  |  2701|
|9     |MUXF8  |  1281|
|10    |FDCE   |    49|
|11    |FDRE   | 25627|
+------+-------+------+
---------------------------------------------------------------------------------
Finished Writing Synthesis Report : Time (s): cpu = 00:06:50 ; elapsed = 00:05:33 . Memory (MB): peak = 5320.457 ; gain = 2668.496 ; free physical = 164181 ; free virtual = 188052
---------------------------------------------------------------------------------
Synthesis finished with 0 errors, 0 critical warnings and 0 warnings.
Synthesis Optimization Runtime : Time (s): cpu = 00:05:44 ; elapsed = 00:04:33 . Memory (MB): peak = 5320.457 ; gain = 1435.695 ; free physical = 178997 ; free virtual = 202846
Synthesis Optimization Complete : Time (s): cpu = 00:06:51 ; elapsed = 00:05:36 . Memory (MB): peak = 5320.457 ; gain = 2668.496 ; free physical = 179004 ; free virtual = 202834
INFO: [Project 1-571] Translating synthesized netlist
Netlist sorting complete. Time (s): cpu = 00:00:01 ; elapsed = 00:00:01 . Memory (MB): peak = 5320.457 ; gain = 0.000 ; free physical = 178394 ; free virtual = 202224
INFO: [Netlist 29-17] Analyzing 6030 Unisim elements for replacement
INFO: [Netlist 29-28] Unisim Transformation completed in 0 CPU seconds
WARNING: [Netlist 29-101] Netlist 'PifoMesh' is not ideal for floorplanning, since the cellview 'ConcurrentPifoRTL' contains a large number of primitives.  Please consider enabling hierarchy in synthesis if you want to do floorplanning.
INFO: [Project 1-570] Preparing netlist for logic optimization
Parsing XDC File [/data/work/rio-synthesis/pifo-component-single-push/pifo-house-1push-v128-c1024-t10-vivado/pifo.xdc]
Finished Parsing XDC File [/data/work/rio-synthesis/pifo-component-single-push/pifo-house-1push-v128-c1024-t10-vivado/pifo.xdc]
INFO: [Opt 31-138] Pushed 0 inverter(s) to 0 load pin(s).
Netlist sorting complete. Time (s): cpu = 00:00:00.03 ; elapsed = 00:00:00.03 . Memory (MB): peak = 5320.457 ; gain = 0.000 ; free physical = 176478 ; free virtual = 200335
INFO: [Project 1-111] Unisim Transformation Summary:
No Unisim elements were transformed.

Synth Design complete | Checksum: 65a28bb0
INFO: [Common 17-83] Releasing license: Synthesis
21 Infos, 12 Warnings, 0 Critical Warnings and 0 Errors encountered.
synth_design completed successfully
synth_design: Time (s): cpu = 00:07:25 ; elapsed = 00:06:09 . Memory (MB): peak = 5320.457 ; gain = 3689.059 ; free physical = 176369 ; free virtual = 200226
INFO: [Common 17-2834] synth_design peak Physical Memory [PSS] (MB): overall = 12399.753; main = 4340.197; forked = 8322.910
INFO: [Common 17-2834] synth_design peak Virtual Memory [VSS] (MB): overall = 21627.746; main = 5316.543; forked = 16410.758
# write_checkpoint -force [file join $build_dir pifo_synth.dcp]
INFO: [Timing 38-35] Done setting XDC timing constraints.
INFO: [Timing 38-480] Writing timing data to binary archive.
Write ShapeDB Complete: Time (s): cpu = 00:00:00.86 ; elapsed = 00:00:00.22 . Memory (MB): peak = 5396.574 ; gain = 0.000 ; free physical = 176282 ; free virtual = 200151
INFO: [Common 17-1381] The checkpoint '/data/work/rio-synthesis/pifo-component-single-push/pifo-house-1push-v128-c1024-t10-vivado/pifo_synth.dcp' has been generated.
write_checkpoint: Time (s): cpu = 00:00:28 ; elapsed = 00:00:16 . Memory (MB): peak = 5396.574 ; gain = 76.117 ; free physical = 176250 ; free virtual = 200127
# report_utilization -file [file join $report_dir utilization.rpt]
# report_utilization -hierarchical -hierarchical_depth 5 -file [file join $report_dir utilization-hierarchy.rpt]
# report_ram_utilization -file [file join $report_dir ram-utilization.rpt]
report_ram_utilization: Time (s): cpu = 00:00:00 ; elapsed = 00:00:00 . Memory (MB): peak = 5396.574 ; gain = 0.000 ; free physical = 176167 ; free virtual = 200043
# set blackboxes [get_cells -hierarchical -quiet -filter {IS_BLACKBOX == 1}]
# if {[llength $blackboxes] != 0} {
#     error "Unresolved blackboxes after synthesis: $blackboxes"
# }
# set primitive_counts [dict create]
# foreach cell [get_cells -hierarchical -quiet -filter {IS_PRIMITIVE == 1}] {
#     dict incr primitive_counts [get_property REF_NAME $cell]
# }
# set counts [open [file join $report_dir primitive-counts.tsv] w]
# puts $counts "primitive\tcount"
# foreach name [lsort [dict keys $primitive_counts]] {
#     puts $counts "$name\t[dict get $primitive_counts $name]"
# }
# close $counts
# set complete [open [file join $build_dir synthesis_complete.txt] w]
# puts $complete "Vivado [version -short]; $part; PifoMesh; out_of_context; [clock format [clock seconds]]"
# close $complete
# puts "PIFO_SYNTHESIS_COMPLETE: $report_dir"
PIFO_SYNTHESIS_COMPLETE: /data/work/rio-synthesis/pifo-component-single-push/pifo-house-1push-v128-c1024-t10-vivado/reports
INFO: [Common 17-206] Exiting Vivado at Mon Sep  7 12:00:38 2026...
