
****** Vivado v2025.2 (64-bit)
  **** SW Build 6299465 on Fri Nov 14 12:34:56 MST 2025
  **** IP Build 6300035 on Fri Nov 14 10:48:45 MST 2025
  **** SharedData Build 6298862 on Thu Nov 13 04:50:51 MST 2025
  **** Start of session at: Wed Sep  9 12:42:05 2026
    ** Copyright 1986-2022 Xilinx, Inc. All Rights Reserved.
    ** Copyright 2022-2025 Advanced Micro Devices, Inc. All Rights Reserved.

source /home/zg366/packet-scheduling/pifo-hardware/synthesis/vivado_synth.tcl
# if {$argc < 5 || $argc > 7} {
#     error {Expected BUILD_DIR PART THREADS CLOCK_PERIOD_NS PREPARE_ONLY [DIRECTIVE] [ALLOW_OVER_CAPACITY]}
# }
# lassign $argv build_dir part threads period prepare_only directive allow_over_capacity
# if {$directive eq ""} { set directive default }
# if {$allow_over_capacity eq ""} { set allow_over_capacity 0 }
# set build_dir [file normalize $build_dir]
# set rtl_dir [file join $build_dir rtl]
# set report_dir [file join $build_dir reports]
# file mkdir $report_dir
# if {[llength [get_parts -quiet $part]] != 1} {
#     error "Target part is not installed: $part"
# }
# puts "PIFO_VIVADO_VERSION: [version -short]"
PIFO_VIVADO_VERSION: 2025.2
# puts "PIFO_VIVADO_PART: $part"
PIFO_VIVADO_PART: xcku5p-ffvb676-2-e
# set_param general.maxThreads $threads
# create_project -in_memory -part $part
# cd $rtl_dir
# read_verilog -sv [glob -directory $rtl_dir *.v *.sv]
# set xdc [file join $build_dir pifo.xdc]
# set constraints [open $xdc w]
# puts $constraints "create_clock -name clk -period $period \[get_ports clk\]"
# puts $constraints {set_false_path -from [get_ports reset]}
# close $constraints
# read_xdc $xdc
# if {$prepare_only} {
#     puts "PIFO_PREPARED: $build_dir"
#     exit 0
# }
# if {$allow_over_capacity} {
#     # This version-specific Tcl hook skips only the pre-mapping device-capacity
#     # gate. The RTL, target, optimization passes, and reported device capacities
#     # remain unchanged. The resulting netlist can exceed the physical device.
#     # Verified on Vivado 2025.2 with an oversized RAM and an unchanged smaller
#     # control design; see experiment-results/hardware-overhead/diagnostics.
#     puts "PIFO_ESTIMATION_ONLY: device-capacity check disabled; no implementation or fit claim"
#     set_param synth.elaboration.rodinMoreOptions {if {[llength [info commands rt::pifo_device_capacity_check]] == 0} {rename rt::check_resource rt::pifo_device_capacity_check}; proc rt::check_resource {args} {puts "PIFO_DEVICE_CAPACITY_CHECK_SKIPPED: $args"; return 1}}
# }
PIFO_ESTIMATION_ONLY: device-capacity check disabled; no implementation or fit claim
# synth_design -top PifoMesh -part $part -mode out_of_context -flatten_hierarchy rebuilt -directive $directive
Command: synth_design -top PifoMesh -part xcku5p-ffvb676-2-e -mode out_of_context -flatten_hierarchy rebuilt -directive RuntimeOptimized
Starting synth_design
Attempting to get a license for feature 'Synthesis' and/or device 'xcku5p'
INFO: [Common 17-349] Got license for feature 'Synthesis' and/or device 'xcku5p'
INFO: [Device 21-403] Loading part xcku5p-ffvb676-2-e
INFO: [Synth 8-7079] Multithreading enabled for synth_design using a maximum of 7 processes.
INFO: [Synth 8-7078] Launching helper process for spawning children vivado processes
INFO: [Synth 8-7075] Helper process launched with PID 715600
---------------------------------------------------------------------------------
Starting RTL Elaboration : Time (s): cpu = 00:00:05 ; elapsed = 00:00:05 . Memory (MB): peak = 2834.527 ; gain = 189.688 ; free physical = 70837 ; free virtual = 114420
---------------------------------------------------------------------------------
INFO: [Synth 8-6157] synthesizing module 'PifoMesh' [/data/work/rio-synthesis/cam-shared-fifo-20260909/pe5-v128-c1024-q256-replay-vivado/rtl/PifoMesh.v:7]
INFO: [Synth 8-6157] synthesizing module 'MessageCrossBar' [/data/work/rio-synthesis/cam-shared-fifo-20260909/pe5-v128-c1024-q256-replay-vivado/rtl/PifoMesh.v:15282]
INFO: [Synth 8-6157] synthesizing module 'StreamFifoLowLatency' [/data/work/rio-synthesis/cam-shared-fifo-20260909/pe5-v128-c1024-q256-replay-vivado/rtl/PifoMesh.v:41256]
INFO: [Synth 8-6157] synthesizing module 'StreamFifo' [/data/work/rio-synthesis/cam-shared-fifo-20260909/pe5-v128-c1024-q256-replay-vivado/rtl/PifoMesh.v:49204]
INFO: [Synth 8-6155] done synthesizing module 'StreamFifo' (0#1) [/data/work/rio-synthesis/cam-shared-fifo-20260909/pe5-v128-c1024-q256-replay-vivado/rtl/PifoMesh.v:49204]
INFO: [Synth 8-6155] done synthesizing module 'StreamFifoLowLatency' (0#1) [/data/work/rio-synthesis/cam-shared-fifo-20260909/pe5-v128-c1024-q256-replay-vivado/rtl/PifoMesh.v:41256]
INFO: [Synth 8-6157] synthesizing module 'StreamDemux' [/data/work/rio-synthesis/cam-shared-fifo-20260909/pe5-v128-c1024-q256-replay-vivado/rtl/PifoMesh.v:41126]
INFO: [Synth 8-6155] done synthesizing module 'StreamDemux' (0#1) [/data/work/rio-synthesis/cam-shared-fifo-20260909/pe5-v128-c1024-q256-replay-vivado/rtl/PifoMesh.v:41126]
INFO: [Synth 8-6157] synthesizing module 'StreamArbiter' [/data/work/rio-synthesis/cam-shared-fifo-20260909/pe5-v128-c1024-q256-replay-vivado/rtl/PifoMesh.v:40944]
INFO: [Synth 8-6155] done synthesizing module 'StreamArbiter' (0#1) [/data/work/rio-synthesis/cam-shared-fifo-20260909/pe5-v128-c1024-q256-replay-vivado/rtl/PifoMesh.v:40944]
INFO: [Synth 8-6155] done synthesizing module 'MessageCrossBar' (0#1) [/data/work/rio-synthesis/cam-shared-fifo-20260909/pe5-v128-c1024-q256-replay-vivado/rtl/PifoMesh.v:15282]
INFO: [Synth 8-6157] synthesizing module 'PifoEngine' [/data/work/rio-synthesis/cam-shared-fifo-20260909/pe5-v128-c1024-q256-replay-vivado/rtl/PifoMesh.v:14384]
INFO: [Synth 8-6157] synthesizing module 'ExternalPifoCore' [/data/work/rio-synthesis/cam-shared-fifo-20260909/pe5-v128-c1024-q256-replay-vivado/rtl/PifoMesh.v:40861]
INFO: [Synth 8-6155] done synthesizing module 'ExternalPifoCore' (0#1) [/data/work/rio-synthesis/cam-shared-fifo-20260909/pe5-v128-c1024-q256-replay-vivado/rtl/PifoMesh.v:40861]
INFO: [Synth 8-6157] synthesizing module 'ReplayMapper' [/data/work/rio-synthesis/cam-shared-fifo-20260909/pe5-v128-c1024-q256-replay-vivado/rtl/PifoMesh.v:40765]
INFO: [Synth 8-3876] $readmem data file 'PifoMesh.v_toplevel_pifoEngines_0_enque_enqueMapper_banks_0.bin' is read successfully [/data/work/rio-synthesis/cam-shared-fifo-20260909/pe5-v128-c1024-q256-replay-vivado/rtl/PifoMesh.v:40803]
INFO: [Synth 8-3876] $readmem data file 'PifoMesh.v_toplevel_pifoEngines_0_enque_enqueMapper_banks_1.bin' is read successfully [/data/work/rio-synthesis/cam-shared-fifo-20260909/pe5-v128-c1024-q256-replay-vivado/rtl/PifoMesh.v:40818]
INFO: [Synth 8-6155] done synthesizing module 'ReplayMapper' (0#1) [/data/work/rio-synthesis/cam-shared-fifo-20260909/pe5-v128-c1024-q256-replay-vivado/rtl/PifoMesh.v:40765]
INFO: [Synth 8-6157] synthesizing module 'StreamFifoLowLatency_13' [/data/work/rio-synthesis/cam-shared-fifo-20260909/pe5-v128-c1024-q256-replay-vivado/rtl/PifoMesh.v:40718]
INFO: [Synth 8-6157] synthesizing module 'StreamFifo_6' [/data/work/rio-synthesis/cam-shared-fifo-20260909/pe5-v128-c1024-q256-replay-vivado/rtl/PifoMesh.v:49049]
INFO: [Synth 8-6155] done synthesizing module 'StreamFifo_6' (0#1) [/data/work/rio-synthesis/cam-shared-fifo-20260909/pe5-v128-c1024-q256-replay-vivado/rtl/PifoMesh.v:49049]
INFO: [Synth 8-6155] done synthesizing module 'StreamFifoLowLatency_13' (0#1) [/data/work/rio-synthesis/cam-shared-fifo-20260909/pe5-v128-c1024-q256-replay-vivado/rtl/PifoMesh.v:40718]
INFO: [Synth 8-6157] synthesizing module 'PIFOBrain' [/data/work/rio-synthesis/cam-shared-fifo-20260909/pe5-v128-c1024-q256-replay-vivado/rtl/PifoMesh.v:39659]
INFO: [Synth 8-6157] synthesizing module 'StreamFork' [/data/work/rio-synthesis/cam-shared-fifo-20260909/pe5-v128-c1024-q256-replay-vivado/rtl/PifoMesh.v:48924]
INFO: [Synth 8-6155] done synthesizing module 'StreamFork' (0#1) [/data/work/rio-synthesis/cam-shared-fifo-20260909/pe5-v128-c1024-q256-replay-vivado/rtl/PifoMesh.v:48924]
INFO: [Synth 8-6157] synthesizing module 'Mapper' [/data/work/rio-synthesis/cam-shared-fifo-20260909/pe5-v128-c1024-q256-replay-vivado/rtl/PifoMesh.v:48871]
INFO: [Synth 8-3876] $readmem data file 'PifoMesh.v_toplevel_pifoEngines_0_enque_brain_engineMapper_ram.bin' is read successfully [/data/work/rio-synthesis/cam-shared-fifo-20260909/pe5-v128-c1024-q256-replay-vivado/rtl/PifoMesh.v:48894]
INFO: [Synth 8-6155] done synthesizing module 'Mapper' (0#1) [/data/work/rio-synthesis/cam-shared-fifo-20260909/pe5-v128-c1024-q256-replay-vivado/rtl/PifoMesh.v:48871]
INFO: [Synth 8-6157] synthesizing module 'Mapper_1' [/data/work/rio-synthesis/cam-shared-fifo-20260909/pe5-v128-c1024-q256-replay-vivado/rtl/PifoMesh.v:48818]
INFO: [Synth 8-3876] $readmem data file 'PifoMesh.v_toplevel_pifoEngines_0_enque_brain_lastVirtualMapper_ram.bin' is read successfully [/data/work/rio-synthesis/cam-shared-fifo-20260909/pe5-v128-c1024-q256-replay-vivado/rtl/PifoMesh.v:48841]
INFO: [Synth 8-6155] done synthesizing module 'Mapper_1' (0#1) [/data/work/rio-synthesis/cam-shared-fifo-20260909/pe5-v128-c1024-q256-replay-vivado/rtl/PifoMesh.v:48818]
INFO: [Synth 8-6157] synthesizing module 'BoundedCamMapper' [/data/work/rio-synthesis/cam-shared-fifo-20260909/pe5-v128-c1024-q256-replay-vivado/rtl/PifoMesh.v:42863]
INFO: [Synth 8-6155] done synthesizing module 'BoundedCamMapper' (0#1) [/data/work/rio-synthesis/cam-shared-fifo-20260909/pe5-v128-c1024-q256-replay-vivado/rtl/PifoMesh.v:42863]
INFO: [Synth 8-6157] synthesizing module 'StreamFifoLowLatency_6' [/data/work/rio-synthesis/cam-shared-fifo-20260909/pe5-v128-c1024-q256-replay-vivado/rtl/PifoMesh.v:42816]
INFO: [Synth 8-6157] synthesizing module 'StreamFifo_7' [/data/work/rio-synthesis/cam-shared-fifo-20260909/pe5-v128-c1024-q256-replay-vivado/rtl/PifoMesh.v:50055]
INFO: [Synth 8-6155] done synthesizing module 'StreamFifo_7' (0#1) [/data/work/rio-synthesis/cam-shared-fifo-20260909/pe5-v128-c1024-q256-replay-vivado/rtl/PifoMesh.v:50055]
INFO: [Synth 8-6155] done synthesizing module 'StreamFifoLowLatency_6' (0#1) [/data/work/rio-synthesis/cam-shared-fifo-20260909/pe5-v128-c1024-q256-replay-vivado/rtl/PifoMesh.v:42816]
INFO: [Synth 8-6157] synthesizing module 'StreamArbiter_6' [/data/work/rio-synthesis/cam-shared-fifo-20260909/pe5-v128-c1024-q256-replay-vivado/rtl/PifoMesh.v:42745]
INFO: [Synth 8-6155] done synthesizing module 'StreamArbiter_6' (0#1) [/data/work/rio-synthesis/cam-shared-fifo-20260909/pe5-v128-c1024-q256-replay-vivado/rtl/PifoMesh.v:42745]
INFO: [Synth 8-6157] synthesizing module 'Mapper_2' [/data/work/rio-synthesis/cam-shared-fifo-20260909/pe5-v128-c1024-q256-replay-vivado/rtl/PifoMesh.v:42692]
INFO: [Synth 8-3876] $readmem data file 'PifoMesh.v_toplevel_pifoEngines_0_enque_brain_brainStateMem_ram.bin' is read successfully [/data/work/rio-synthesis/cam-shared-fifo-20260909/pe5-v128-c1024-q256-replay-vivado/rtl/PifoMesh.v:42715]
INFO: [Synth 8-6155] done synthesizing module 'Mapper_2' (0#1) [/data/work/rio-synthesis/cam-shared-fifo-20260909/pe5-v128-c1024-q256-replay-vivado/rtl/PifoMesh.v:42692]
INFO: [Synth 8-6157] synthesizing module 'StreamFifoLowLatency_7' [/data/work/rio-synthesis/cam-shared-fifo-20260909/pe5-v128-c1024-q256-replay-vivado/rtl/PifoMesh.v:42645]
INFO: [Synth 8-6157] synthesizing module 'StreamFifo_8' [/data/work/rio-synthesis/cam-shared-fifo-20260909/pe5-v128-c1024-q256-replay-vivado/rtl/PifoMesh.v:49910]
INFO: [Synth 8-6155] done synthesizing module 'StreamFifo_8' (0#1) [/data/work/rio-synthesis/cam-shared-fifo-20260909/pe5-v128-c1024-q256-replay-vivado/rtl/PifoMesh.v:49910]
INFO: [Synth 8-6155] done synthesizing module 'StreamFifoLowLatency_7' (0#1) [/data/work/rio-synthesis/cam-shared-fifo-20260909/pe5-v128-c1024-q256-replay-vivado/rtl/PifoMesh.v:42645]
INFO: [Synth 8-6157] synthesizing module 'StreamArbiter_7' [/data/work/rio-synthesis/cam-shared-fifo-20260909/pe5-v128-c1024-q256-replay-vivado/rtl/PifoMesh.v:42574]
INFO: [Synth 8-6155] done synthesizing module 'StreamArbiter_7' (0#1) [/data/work/rio-synthesis/cam-shared-fifo-20260909/pe5-v128-c1024-q256-replay-vivado/rtl/PifoMesh.v:42574]
INFO: [Synth 8-6157] synthesizing module 'StreamFork_1' [/data/work/rio-synthesis/cam-shared-fifo-20260909/pe5-v128-c1024-q256-replay-vivado/rtl/PifoMesh.v:42398]
INFO: [Synth 8-6155] done synthesizing module 'StreamFork_1' (0#1) [/data/work/rio-synthesis/cam-shared-fifo-20260909/pe5-v128-c1024-q256-replay-vivado/rtl/PifoMesh.v:42398]
INFO: [Synth 8-6157] synthesizing module 'StreamFifoLowLatency_8' [/data/work/rio-synthesis/cam-shared-fifo-20260909/pe5-v128-c1024-q256-replay-vivado/rtl/PifoMesh.v:42357]
INFO: [Synth 8-6157] synthesizing module 'StreamFifo_9' [/data/work/rio-synthesis/cam-shared-fifo-20260909/pe5-v128-c1024-q256-replay-vivado/rtl/PifoMesh.v:49782]
INFO: [Synth 8-6155] done synthesizing module 'StreamFifo_9' (0#1) [/data/work/rio-synthesis/cam-shared-fifo-20260909/pe5-v128-c1024-q256-replay-vivado/rtl/PifoMesh.v:49782]
INFO: [Synth 8-6155] done synthesizing module 'StreamFifoLowLatency_8' (0#1) [/data/work/rio-synthesis/cam-shared-fifo-20260909/pe5-v128-c1024-q256-replay-vivado/rtl/PifoMesh.v:42357]
INFO: [Synth 8-6157] synthesizing module 'StreamFifoLowLatency_9' [/data/work/rio-synthesis/cam-shared-fifo-20260909/pe5-v128-c1024-q256-replay-vivado/rtl/PifoMesh.v:42316]
INFO: [Synth 8-6157] synthesizing module 'StreamFifo_10' [/data/work/rio-synthesis/cam-shared-fifo-20260909/pe5-v128-c1024-q256-replay-vivado/rtl/PifoMesh.v:49654]
INFO: [Synth 8-6155] done synthesizing module 'StreamFifo_10' (0#1) [/data/work/rio-synthesis/cam-shared-fifo-20260909/pe5-v128-c1024-q256-replay-vivado/rtl/PifoMesh.v:49654]
INFO: [Synth 8-6155] done synthesizing module 'StreamFifoLowLatency_9' (0#1) [/data/work/rio-synthesis/cam-shared-fifo-20260909/pe5-v128-c1024-q256-replay-vivado/rtl/PifoMesh.v:42316]
INFO: [Synth 8-6157] synthesizing module 'StreamFifoLowLatency_11' [/data/work/rio-synthesis/cam-shared-fifo-20260909/pe5-v128-c1024-q256-replay-vivado/rtl/PifoMesh.v:42273]
INFO: [Synth 8-6157] synthesizing module 'StreamFifo_12' [/data/work/rio-synthesis/cam-shared-fifo-20260909/pe5-v128-c1024-q256-replay-vivado/rtl/PifoMesh.v:49524]
INFO: [Synth 8-6155] done synthesizing module 'StreamFifo_12' (0#1) [/data/work/rio-synthesis/cam-shared-fifo-20260909/pe5-v128-c1024-q256-replay-vivado/rtl/PifoMesh.v:49524]
INFO: [Synth 8-6155] done synthesizing module 'StreamFifoLowLatency_11' (0#1) [/data/work/rio-synthesis/cam-shared-fifo-20260909/pe5-v128-c1024-q256-replay-vivado/rtl/PifoMesh.v:42273]
INFO: [Synth 8-6157] synthesizing module 'StreamFifoLowLatency_12' [/data/work/rio-synthesis/cam-shared-fifo-20260909/pe5-v128-c1024-q256-replay-vivado/rtl/PifoMesh.v:42226]
INFO: [Synth 8-6157] synthesizing module 'StreamFifo_13' [/data/work/rio-synthesis/cam-shared-fifo-20260909/pe5-v128-c1024-q256-replay-vivado/rtl/PifoMesh.v:49379]
INFO: [Synth 8-6155] done synthesizing module 'StreamFifo_13' (0#1) [/data/work/rio-synthesis/cam-shared-fifo-20260909/pe5-v128-c1024-q256-replay-vivado/rtl/PifoMesh.v:49379]
INFO: [Synth 8-6155] done synthesizing module 'StreamFifoLowLatency_12' (0#1) [/data/work/rio-synthesis/cam-shared-fifo-20260909/pe5-v128-c1024-q256-replay-vivado/rtl/PifoMesh.v:42226]
INFO: [Synth 8-6155] done synthesizing module 'PIFOBrain' (0#1) [/data/work/rio-synthesis/cam-shared-fifo-20260909/pe5-v128-c1024-q256-replay-vivado/rtl/PifoMesh.v:39659]
INFO: [Synth 8-6157] synthesizing module 'BoundedCamMapper_1' [/data/work/rio-synthesis/cam-shared-fifo-20260909/pe5-v128-c1024-q256-replay-vivado/rtl/PifoMesh.v:27790]
INFO: [Synth 8-6155] done synthesizing module 'BoundedCamMapper_1' (0#1) [/data/work/rio-synthesis/cam-shared-fifo-20260909/pe5-v128-c1024-q256-replay-vivado/rtl/PifoMesh.v:27790]
INFO: [Synth 8-6157] synthesizing module 'FrontRewriteTable' [/data/work/rio-synthesis/cam-shared-fifo-20260909/pe5-v128-c1024-q256-replay-vivado/rtl/PifoMesh.v:21042]
INFO: [Synth 8-6155] done synthesizing module 'FrontRewriteTable' (0#1) [/data/work/rio-synthesis/cam-shared-fifo-20260909/pe5-v128-c1024-q256-replay-vivado/rtl/PifoMesh.v:21042]
INFO: [Synth 8-6157] synthesizing module 'StreamFork_2' [/data/work/rio-synthesis/cam-shared-fifo-20260909/pe5-v128-c1024-q256-replay-vivado/rtl/PifoMesh.v:20943]
INFO: [Synth 8-6155] done synthesizing module 'StreamFork_2' (0#1) [/data/work/rio-synthesis/cam-shared-fifo-20260909/pe5-v128-c1024-q256-replay-vivado/rtl/PifoMesh.v:20943]
INFO: [Synth 8-6157] synthesizing module 'StreamFifoLowLatency_14' [/data/work/rio-synthesis/cam-shared-fifo-20260909/pe5-v128-c1024-q256-replay-vivado/rtl/PifoMesh.v:20884]
INFO: [Synth 8-6157] synthesizing module 'StreamFifo_14' [/data/work/rio-synthesis/cam-shared-fifo-20260909/pe5-v128-c1024-q256-replay-vivado/rtl/PifoMesh.v:42051]
INFO: [Synth 8-6155] done synthesizing module 'StreamFifo_14' (0#1) [/data/work/rio-synthesis/cam-shared-fifo-20260909/pe5-v128-c1024-q256-replay-vivado/rtl/PifoMesh.v:42051]
INFO: [Synth 8-6155] done synthesizing module 'StreamFifoLowLatency_14' (0#1) [/data/work/rio-synthesis/cam-shared-fifo-20260909/pe5-v128-c1024-q256-replay-vivado/rtl/PifoMesh.v:20884]
INFO: [Synth 8-6155] done synthesizing module 'PifoEngine' (0#1) [/data/work/rio-synthesis/cam-shared-fifo-20260909/pe5-v128-c1024-q256-replay-vivado/rtl/PifoMesh.v:14384]
INFO: [Synth 8-6157] synthesizing module 'PifoEngine_1' [/data/work/rio-synthesis/cam-shared-fifo-20260909/pe5-v128-c1024-q256-replay-vivado/rtl/PifoMesh.v:13486]
INFO: [Synth 8-6157] synthesizing module 'ReplayMapper_1' [/data/work/rio-synthesis/cam-shared-fifo-20260909/pe5-v128-c1024-q256-replay-vivado/rtl/PifoMesh.v:20784]
INFO: [Synth 8-3876] $readmem data file 'PifoMesh.v_toplevel_pifoEngines_1_enque_enqueMapper_banks_0.bin' is read successfully [/data/work/rio-synthesis/cam-shared-fifo-20260909/pe5-v128-c1024-q256-replay-vivado/rtl/PifoMesh.v:20822]
INFO: [Synth 8-3876] $readmem data file 'PifoMesh.v_toplevel_pifoEngines_1_enque_enqueMapper_banks_1.bin' is read successfully [/data/work/rio-synthesis/cam-shared-fifo-20260909/pe5-v128-c1024-q256-replay-vivado/rtl/PifoMesh.v:20837]
INFO: [Synth 8-6155] done synthesizing module 'ReplayMapper_1' (0#1) [/data/work/rio-synthesis/cam-shared-fifo-20260909/pe5-v128-c1024-q256-replay-vivado/rtl/PifoMesh.v:20784]
INFO: [Synth 8-6157] synthesizing module 'PIFOBrain_1' [/data/work/rio-synthesis/cam-shared-fifo-20260909/pe5-v128-c1024-q256-replay-vivado/rtl/PifoMesh.v:19723]
INFO: [Synth 8-6157] synthesizing module 'Mapper_3' [/data/work/rio-synthesis/cam-shared-fifo-20260909/pe5-v128-c1024-q256-replay-vivado/rtl/PifoMesh.v:41994]
INFO: [Synth 8-3876] $readmem data file 'PifoMesh.v_toplevel_pifoEngines_1_enque_brain_engineMapper_ram.bin' is read successfully [/data/work/rio-synthesis/cam-shared-fifo-20260909/pe5-v128-c1024-q256-replay-vivado/rtl/PifoMesh.v:42017]
INFO: [Synth 8-6155] done synthesizing module 'Mapper_3' (0#1) [/data/work/rio-synthesis/cam-shared-fifo-20260909/pe5-v128-c1024-q256-replay-vivado/rtl/PifoMesh.v:41994]
INFO: [Synth 8-6157] synthesizing module 'Mapper_4' [/data/work/rio-synthesis/cam-shared-fifo-20260909/pe5-v128-c1024-q256-replay-vivado/rtl/PifoMesh.v:41941]
INFO: [Synth 8-3876] $readmem data file 'PifoMesh.v_toplevel_pifoEngines_1_enque_brain_lastVirtualMapper_ram.bin' is read successfully [/data/work/rio-synthesis/cam-shared-fifo-20260909/pe5-v128-c1024-q256-replay-vivado/rtl/PifoMesh.v:41964]
INFO: [Synth 8-6155] done synthesizing module 'Mapper_4' (0#1) [/data/work/rio-synthesis/cam-shared-fifo-20260909/pe5-v128-c1024-q256-replay-vivado/rtl/PifoMesh.v:41941]
INFO: [Synth 8-6157] synthesizing module 'Mapper_5' [/data/work/rio-synthesis/cam-shared-fifo-20260909/pe5-v128-c1024-q256-replay-vivado/rtl/PifoMesh.v:41882]
INFO: [Synth 8-3876] $readmem data file 'PifoMesh.v_toplevel_pifoEngines_1_enque_brain_brainStateMem_ram.bin' is read successfully [/data/work/rio-synthesis/cam-shared-fifo-20260909/pe5-v128-c1024-q256-replay-vivado/rtl/PifoMesh.v:41905]
INFO: [Synth 8-6155] done synthesizing module 'Mapper_5' (0#1) [/data/work/rio-synthesis/cam-shared-fifo-20260909/pe5-v128-c1024-q256-replay-vivado/rtl/PifoMesh.v:41882]
INFO: [Synth 8-6155] done synthesizing module 'PIFOBrain_1' (0#1) [/data/work/rio-synthesis/cam-shared-fifo-20260909/pe5-v128-c1024-q256-replay-vivado/rtl/PifoMesh.v:19723]
INFO: [Synth 8-6155] done synthesizing module 'PifoEngine_1' (0#1) [/data/work/rio-synthesis/cam-shared-fifo-20260909/pe5-v128-c1024-q256-replay-vivado/rtl/PifoMesh.v:13486]
INFO: [Synth 8-6157] synthesizing module 'PifoEngine_2' [/data/work/rio-synthesis/cam-shared-fifo-20260909/pe5-v128-c1024-q256-replay-vivado/rtl/PifoMesh.v:12588]
INFO: [Synth 8-6157] synthesizing module 'ReplayMapper_2' [/data/work/rio-synthesis/cam-shared-fifo-20260909/pe5-v128-c1024-q256-replay-vivado/rtl/PifoMesh.v:19615]
INFO: [Synth 8-3876] $readmem data file 'PifoMesh.v_toplevel_pifoEngines_2_enque_enqueMapper_banks_0.bin' is read successfully [/data/work/rio-synthesis/cam-shared-fifo-20260909/pe5-v128-c1024-q256-replay-vivado/rtl/PifoMesh.v:19653]
INFO: [Synth 8-3876] $readmem data file 'PifoMesh.v_toplevel_pifoEngines_2_enque_enqueMapper_banks_1.bin' is read successfully [/data/work/rio-synthesis/cam-shared-fifo-20260909/pe5-v128-c1024-q256-replay-vivado/rtl/PifoMesh.v:19668]
INFO: [Synth 8-6155] done synthesizing module 'ReplayMapper_2' (0#1) [/data/work/rio-synthesis/cam-shared-fifo-20260909/pe5-v128-c1024-q256-replay-vivado/rtl/PifoMesh.v:19615]
INFO: [Synth 8-6157] synthesizing module 'PIFOBrain_2' [/data/work/rio-synthesis/cam-shared-fifo-20260909/pe5-v128-c1024-q256-replay-vivado/rtl/PifoMesh.v:18554]
INFO: [Synth 8-6157] synthesizing module 'Mapper_6' [/data/work/rio-synthesis/cam-shared-fifo-20260909/pe5-v128-c1024-q256-replay-vivado/rtl/PifoMesh.v:41807]
INFO: [Synth 8-3876] $readmem data file 'PifoMesh.v_toplevel_pifoEngines_2_enque_brain_engineMapper_ram.bin' is read successfully [/data/work/rio-synthesis/cam-shared-fifo-20260909/pe5-v128-c1024-q256-replay-vivado/rtl/PifoMesh.v:41830]
INFO: [Synth 8-6155] done synthesizing module 'Mapper_6' (0#1) [/data/work/rio-synthesis/cam-shared-fifo-20260909/pe5-v128-c1024-q256-replay-vivado/rtl/PifoMesh.v:41807]
INFO: [Synth 8-6157] synthesizing module 'Mapper_7' [/data/work/rio-synthesis/cam-shared-fifo-20260909/pe5-v128-c1024-q256-replay-vivado/rtl/PifoMesh.v:41754]
INFO: [Synth 8-3876] $readmem data file 'PifoMesh.v_toplevel_pifoEngines_2_enque_brain_lastVirtualMapper_ram.bin' is read successfully [/data/work/rio-synthesis/cam-shared-fifo-20260909/pe5-v128-c1024-q256-replay-vivado/rtl/PifoMesh.v:41777]
INFO: [Synth 8-6155] done synthesizing module 'Mapper_7' (0#1) [/data/work/rio-synthesis/cam-shared-fifo-20260909/pe5-v128-c1024-q256-replay-vivado/rtl/PifoMesh.v:41754]
INFO: [Synth 8-6157] synthesizing module 'Mapper_8' [/data/work/rio-synthesis/cam-shared-fifo-20260909/pe5-v128-c1024-q256-replay-vivado/rtl/PifoMesh.v:41695]
INFO: [Synth 8-3876] $readmem data file 'PifoMesh.v_toplevel_pifoEngines_2_enque_brain_brainStateMem_ram.bin' is read successfully [/data/work/rio-synthesis/cam-shared-fifo-20260909/pe5-v128-c1024-q256-replay-vivado/rtl/PifoMesh.v:41718]
INFO: [Synth 8-6155] done synthesizing module 'Mapper_8' (0#1) [/data/work/rio-synthesis/cam-shared-fifo-20260909/pe5-v128-c1024-q256-replay-vivado/rtl/PifoMesh.v:41695]
INFO: [Synth 8-6155] done synthesizing module 'PIFOBrain_2' (0#1) [/data/work/rio-synthesis/cam-shared-fifo-20260909/pe5-v128-c1024-q256-replay-vivado/rtl/PifoMesh.v:18554]
INFO: [Synth 8-6155] done synthesizing module 'PifoEngine_2' (0#1) [/data/work/rio-synthesis/cam-shared-fifo-20260909/pe5-v128-c1024-q256-replay-vivado/rtl/PifoMesh.v:12588]
INFO: [Synth 8-6157] synthesizing module 'PifoEngine_3' [/data/work/rio-synthesis/cam-shared-fifo-20260909/pe5-v128-c1024-q256-replay-vivado/rtl/PifoMesh.v:11690]
INFO: [Synth 8-6157] synthesizing module 'ReplayMapper_3' [/data/work/rio-synthesis/cam-shared-fifo-20260909/pe5-v128-c1024-q256-replay-vivado/rtl/PifoMesh.v:18446]
INFO: [Synth 8-3876] $readmem data file 'PifoMesh.v_toplevel_pifoEngines_3_enque_enqueMapper_banks_0.bin' is read successfully [/data/work/rio-synthesis/cam-shared-fifo-20260909/pe5-v128-c1024-q256-replay-vivado/rtl/PifoMesh.v:18484]
INFO: [Synth 8-3876] $readmem data file 'PifoMesh.v_toplevel_pifoEngines_3_enque_enqueMapper_banks_1.bin' is read successfully [/data/work/rio-synthesis/cam-shared-fifo-20260909/pe5-v128-c1024-q256-replay-vivado/rtl/PifoMesh.v:18499]
INFO: [Synth 8-6155] done synthesizing module 'ReplayMapper_3' (0#1) [/data/work/rio-synthesis/cam-shared-fifo-20260909/pe5-v128-c1024-q256-replay-vivado/rtl/PifoMesh.v:18446]
INFO: [Synth 8-6157] synthesizing module 'PIFOBrain_3' [/data/work/rio-synthesis/cam-shared-fifo-20260909/pe5-v128-c1024-q256-replay-vivado/rtl/PifoMesh.v:17385]
INFO: [Synth 8-6157] synthesizing module 'Mapper_9' [/data/work/rio-synthesis/cam-shared-fifo-20260909/pe5-v128-c1024-q256-replay-vivado/rtl/PifoMesh.v:41620]
INFO: [Synth 8-3876] $readmem data file 'PifoMesh.v_toplevel_pifoEngines_3_enque_brain_engineMapper_ram.bin' is read successfully [/data/work/rio-synthesis/cam-shared-fifo-20260909/pe5-v128-c1024-q256-replay-vivado/rtl/PifoMesh.v:41643]
INFO: [Synth 8-6155] done synthesizing module 'Mapper_9' (0#1) [/data/work/rio-synthesis/cam-shared-fifo-20260909/pe5-v128-c1024-q256-replay-vivado/rtl/PifoMesh.v:41620]
INFO: [Synth 8-6157] synthesizing module 'Mapper_10' [/data/work/rio-synthesis/cam-shared-fifo-20260909/pe5-v128-c1024-q256-replay-vivado/rtl/PifoMesh.v:41567]
INFO: [Synth 8-3876] $readmem data file 'PifoMesh.v_toplevel_pifoEngines_3_enque_brain_lastVirtualMapper_ram.bin' is read successfully [/data/work/rio-synthesis/cam-shared-fifo-20260909/pe5-v128-c1024-q256-replay-vivado/rtl/PifoMesh.v:41590]
INFO: [Synth 8-6155] done synthesizing module 'Mapper_10' (0#1) [/data/work/rio-synthesis/cam-shared-fifo-20260909/pe5-v128-c1024-q256-replay-vivado/rtl/PifoMesh.v:41567]
INFO: [Synth 8-6157] synthesizing module 'Mapper_11' [/data/work/rio-synthesis/cam-shared-fifo-20260909/pe5-v128-c1024-q256-replay-vivado/rtl/PifoMesh.v:41508]
INFO: [Synth 8-3876] $readmem data file 'PifoMesh.v_toplevel_pifoEngines_3_enque_brain_brainStateMem_ram.bin' is read successfully [/data/work/rio-synthesis/cam-shared-fifo-20260909/pe5-v128-c1024-q256-replay-vivado/rtl/PifoMesh.v:41531]
INFO: [Synth 8-6155] done synthesizing module 'Mapper_11' (0#1) [/data/work/rio-synthesis/cam-shared-fifo-20260909/pe5-v128-c1024-q256-replay-vivado/rtl/PifoMesh.v:41508]
INFO: [Synth 8-6155] done synthesizing module 'PIFOBrain_3' (0#1) [/data/work/rio-synthesis/cam-shared-fifo-20260909/pe5-v128-c1024-q256-replay-vivado/rtl/PifoMesh.v:17385]
INFO: [Synth 8-6155] done synthesizing module 'PifoEngine_3' (0#1) [/data/work/rio-synthesis/cam-shared-fifo-20260909/pe5-v128-c1024-q256-replay-vivado/rtl/PifoMesh.v:11690]
INFO: [Synth 8-6157] synthesizing module 'PifoEngine_4' [/data/work/rio-synthesis/cam-shared-fifo-20260909/pe5-v128-c1024-q256-replay-vivado/rtl/PifoMesh.v:10792]
INFO: [Synth 8-6157] synthesizing module 'ReplayMapper_4' [/data/work/rio-synthesis/cam-shared-fifo-20260909/pe5-v128-c1024-q256-replay-vivado/rtl/PifoMesh.v:17277]
INFO: [Synth 8-3876] $readmem data file 'PifoMesh.v_toplevel_pifoEngines_4_enque_enqueMapper_banks_0.bin' is read successfully [/data/work/rio-synthesis/cam-shared-fifo-20260909/pe5-v128-c1024-q256-replay-vivado/rtl/PifoMesh.v:17315]
INFO: [Synth 8-3876] $readmem data file 'PifoMesh.v_toplevel_pifoEngines_4_enque_enqueMapper_banks_1.bin' is read successfully [/data/work/rio-synthesis/cam-shared-fifo-20260909/pe5-v128-c1024-q256-replay-vivado/rtl/PifoMesh.v:17330]
INFO: [Synth 8-6155] done synthesizing module 'ReplayMapper_4' (0#1) [/data/work/rio-synthesis/cam-shared-fifo-20260909/pe5-v128-c1024-q256-replay-vivado/rtl/PifoMesh.v:17277]
INFO: [Synth 8-6157] synthesizing module 'PIFOBrain_4' [/data/work/rio-synthesis/cam-shared-fifo-20260909/pe5-v128-c1024-q256-replay-vivado/rtl/PifoMesh.v:16216]
INFO: [Synth 8-6157] synthesizing module 'Mapper_12' [/data/work/rio-synthesis/cam-shared-fifo-20260909/pe5-v128-c1024-q256-replay-vivado/rtl/PifoMesh.v:41433]
INFO: [Synth 8-3876] $readmem data file 'PifoMesh.v_toplevel_pifoEngines_4_enque_brain_engineMapper_ram.bin' is read successfully [/data/work/rio-synthesis/cam-shared-fifo-20260909/pe5-v128-c1024-q256-replay-vivado/rtl/PifoMesh.v:41456]
INFO: [Synth 8-6155] done synthesizing module 'Mapper_12' (0#1) [/data/work/rio-synthesis/cam-shared-fifo-20260909/pe5-v128-c1024-q256-replay-vivado/rtl/PifoMesh.v:41433]
INFO: [Synth 8-6157] synthesizing module 'Mapper_13' [/data/work/rio-synthesis/cam-shared-fifo-20260909/pe5-v128-c1024-q256-replay-vivado/rtl/PifoMesh.v:41380]
INFO: [Synth 8-3876] $readmem data file 'PifoMesh.v_toplevel_pifoEngines_4_enque_brain_lastVirtualMapper_ram.bin' is read successfully [/data/work/rio-synthesis/cam-shared-fifo-20260909/pe5-v128-c1024-q256-replay-vivado/rtl/PifoMesh.v:41403]
INFO: [Synth 8-6155] done synthesizing module 'Mapper_13' (0#1) [/data/work/rio-synthesis/cam-shared-fifo-20260909/pe5-v128-c1024-q256-replay-vivado/rtl/PifoMesh.v:41380]
INFO: [Synth 8-6157] synthesizing module 'Mapper_14' [/data/work/rio-synthesis/cam-shared-fifo-20260909/pe5-v128-c1024-q256-replay-vivado/rtl/PifoMesh.v:41321]
INFO: [Synth 8-3876] $readmem data file 'PifoMesh.v_toplevel_pifoEngines_4_enque_brain_brainStateMem_ram.bin' is read successfully [/data/work/rio-synthesis/cam-shared-fifo-20260909/pe5-v128-c1024-q256-replay-vivado/rtl/PifoMesh.v:41344]
INFO: [Synth 8-6155] done synthesizing module 'Mapper_14' (0#1) [/data/work/rio-synthesis/cam-shared-fifo-20260909/pe5-v128-c1024-q256-replay-vivado/rtl/PifoMesh.v:41321]
INFO: [Synth 8-6155] done synthesizing module 'PIFOBrain_4' (0#1) [/data/work/rio-synthesis/cam-shared-fifo-20260909/pe5-v128-c1024-q256-replay-vivado/rtl/PifoMesh.v:16216]
INFO: [Synth 8-6155] done synthesizing module 'PifoEngine_4' (0#1) [/data/work/rio-synthesis/cam-shared-fifo-20260909/pe5-v128-c1024-q256-replay-vivado/rtl/PifoMesh.v:10792]
INFO: [Synth 8-6157] synthesizing module 'ReplayControlFifo' [/data/work/rio-synthesis/cam-shared-fifo-20260909/pe5-v128-c1024-q256-replay-vivado/rtl/PifoMesh.v:10553]
INFO: [Synth 8-6155] done synthesizing module 'ReplayControlFifo' (0#1) [/data/work/rio-synthesis/cam-shared-fifo-20260909/pe5-v128-c1024-q256-replay-vivado/rtl/PifoMesh.v:10553]
INFO: [Synth 8-6157] synthesizing module 'DrainGuard' [/data/work/rio-synthesis/cam-shared-fifo-20260909/pe5-v128-c1024-q256-replay-vivado/rtl/PifoMesh.v:2225]
INFO: [Synth 8-6155] done synthesizing module 'DrainGuard' (0#1) [/data/work/rio-synthesis/cam-shared-fifo-20260909/pe5-v128-c1024-q256-replay-vivado/rtl/PifoMesh.v:2225]
INFO: [Synth 8-6157] synthesizing module 'StreamDemux_6' [/data/work/rio-synthesis/cam-shared-fifo-20260909/pe5-v128-c1024-q256-replay-vivado/rtl/PifoMesh.v:1983]
INFO: [Synth 8-6155] done synthesizing module 'StreamDemux_6' (0#1) [/data/work/rio-synthesis/cam-shared-fifo-20260909/pe5-v128-c1024-q256-replay-vivado/rtl/PifoMesh.v:1983]
INFO: [Synth 8-6157] synthesizing module 'StreamFork_20' [/data/work/rio-synthesis/cam-shared-fifo-20260909/pe5-v128-c1024-q256-replay-vivado/rtl/PifoMesh.v:1727]
INFO: [Synth 8-6155] done synthesizing module 'StreamFork_20' (0#1) [/data/work/rio-synthesis/cam-shared-fifo-20260909/pe5-v128-c1024-q256-replay-vivado/rtl/PifoMesh.v:1727]
INFO: [Synth 8-6157] synthesizing module 'StreamArbiter_16' [/data/work/rio-synthesis/cam-shared-fifo-20260909/pe5-v128-c1024-q256-replay-vivado/rtl/PifoMesh.v:1572]
INFO: [Synth 8-6155] done synthesizing module 'StreamArbiter_16' (0#1) [/data/work/rio-synthesis/cam-shared-fifo-20260909/pe5-v128-c1024-q256-replay-vivado/rtl/PifoMesh.v:1572]
INFO: [Synth 8-6155] done synthesizing module 'PifoMesh' (0#1) [/data/work/rio-synthesis/cam-shared-fifo-20260909/pe5-v128-c1024-q256-replay-vivado/rtl/PifoMesh.v:7]
WARNING: [Synth 8-6014] Unused sequential element logic_ptr_wentUp_reg was removed.  [/data/work/rio-synthesis/cam-shared-fifo-20260909/pe5-v128-c1024-q256-replay-vivado/rtl/PifoMesh.v:49299]
WARNING: [Synth 8-6014] Unused sequential element logic_ptr_wentUp_reg was removed.  [/data/work/rio-synthesis/cam-shared-fifo-20260909/pe5-v128-c1024-q256-replay-vivado/rtl/PifoMesh.v:49170]
WARNING: [Synth 8-6014] Unused sequential element logic_ptr_wentUp_reg was removed.  [/data/work/rio-synthesis/cam-shared-fifo-20260909/pe5-v128-c1024-q256-replay-vivado/rtl/PifoMesh.v:50176]
WARNING: [Synth 8-6014] Unused sequential element logic_ptr_wentUp_reg was removed.  [/data/work/rio-synthesis/cam-shared-fifo-20260909/pe5-v128-c1024-q256-replay-vivado/rtl/PifoMesh.v:50031]
WARNING: [Synth 8-6014] Unused sequential element logic_ptr_wentUp_reg was removed.  [/data/work/rio-synthesis/cam-shared-fifo-20260909/pe5-v128-c1024-q256-replay-vivado/rtl/PifoMesh.v:49886]
WARNING: [Synth 8-6014] Unused sequential element logic_ptr_wentUp_reg was removed.  [/data/work/rio-synthesis/cam-shared-fifo-20260909/pe5-v128-c1024-q256-replay-vivado/rtl/PifoMesh.v:49758]
WARNING: [Synth 8-6014] Unused sequential element logic_ptr_wentUp_reg was removed.  [/data/work/rio-synthesis/cam-shared-fifo-20260909/pe5-v128-c1024-q256-replay-vivado/rtl/PifoMesh.v:49628]
WARNING: [Synth 8-6014] Unused sequential element logic_ptr_wentUp_reg was removed.  [/data/work/rio-synthesis/cam-shared-fifo-20260909/pe5-v128-c1024-q256-replay-vivado/rtl/PifoMesh.v:49500]
WARNING: [Synth 8-6014] Unused sequential element logic_ptr_wentUp_reg was removed.  [/data/work/rio-synthesis/cam-shared-fifo-20260909/pe5-v128-c1024-q256-replay-vivado/rtl/PifoMesh.v:42202]
WARNING: [Synth 8-7129] Port reset in module Mapper_14 is either unconnected or has no load
WARNING: [Synth 8-7129] Port io_commit in module BoundedCamMapper is either unconnected or has no load
WARNING: [Synth 8-7129] Port reset in module Mapper_13 is either unconnected or has no load
WARNING: [Synth 8-7129] Port reset in module Mapper_12 is either unconnected or has no load
WARNING: [Synth 8-7129] Port io_poped_payload_data[9] in module PIFOBrain_4 is either unconnected or has no load
WARNING: [Synth 8-7129] Port io_poped_payload_data[8] in module PIFOBrain_4 is either unconnected or has no load
WARNING: [Synth 8-7129] Port io_poped_payload_data[7] in module PIFOBrain_4 is either unconnected or has no load
WARNING: [Synth 8-7129] Port io_poped_payload_data[6] in module PIFOBrain_4 is either unconnected or has no load
WARNING: [Synth 8-7129] Port io_poped_payload_data[5] in module PIFOBrain_4 is either unconnected or has no load
WARNING: [Synth 8-7129] Port io_poped_payload_data[4] in module PIFOBrain_4 is either unconnected or has no load
WARNING: [Synth 8-7129] Port io_poped_payload_data[3] in module PIFOBrain_4 is either unconnected or has no load
WARNING: [Synth 8-7129] Port io_poped_payload_data[2] in module PIFOBrain_4 is either unconnected or has no load
WARNING: [Synth 8-7129] Port io_poped_payload_data[1] in module PIFOBrain_4 is either unconnected or has no load
WARNING: [Synth 8-7129] Port io_poped_payload_data[0] in module PIFOBrain_4 is either unconnected or has no load
WARNING: [Synth 8-7129] Port io_dequeueRequest_payload_engineId[2] in module PifoEngine_4 is either unconnected or has no load
WARNING: [Synth 8-7129] Port io_dequeueRequest_payload_engineId[1] in module PifoEngine_4 is either unconnected or has no load
WARNING: [Synth 8-7129] Port io_dequeueRequest_payload_engineId[0] in module PifoEngine_4 is either unconnected or has no load
WARNING: [Synth 8-7129] Port reset in module Mapper_11 is either unconnected or has no load
WARNING: [Synth 8-7129] Port reset in module Mapper_10 is either unconnected or has no load
WARNING: [Synth 8-7129] Port reset in module Mapper_9 is either unconnected or has no load
WARNING: [Synth 8-7129] Port io_poped_payload_data[9] in module PIFOBrain_3 is either unconnected or has no load
WARNING: [Synth 8-7129] Port io_poped_payload_data[8] in module PIFOBrain_3 is either unconnected or has no load
WARNING: [Synth 8-7129] Port io_poped_payload_data[7] in module PIFOBrain_3 is either unconnected or has no load
WARNING: [Synth 8-7129] Port io_poped_payload_data[6] in module PIFOBrain_3 is either unconnected or has no load
WARNING: [Synth 8-7129] Port io_poped_payload_data[5] in module PIFOBrain_3 is either unconnected or has no load
WARNING: [Synth 8-7129] Port io_poped_payload_data[4] in module PIFOBrain_3 is either unconnected or has no load
WARNING: [Synth 8-7129] Port io_poped_payload_data[3] in module PIFOBrain_3 is either unconnected or has no load
WARNING: [Synth 8-7129] Port io_poped_payload_data[2] in module PIFOBrain_3 is either unconnected or has no load
WARNING: [Synth 8-7129] Port io_poped_payload_data[1] in module PIFOBrain_3 is either unconnected or has no load
WARNING: [Synth 8-7129] Port io_poped_payload_data[0] in module PIFOBrain_3 is either unconnected or has no load
WARNING: [Synth 8-7129] Port io_dequeueRequest_payload_engineId[2] in module PifoEngine_3 is either unconnected or has no load
WARNING: [Synth 8-7129] Port io_dequeueRequest_payload_engineId[1] in module PifoEngine_3 is either unconnected or has no load
WARNING: [Synth 8-7129] Port io_dequeueRequest_payload_engineId[0] in module PifoEngine_3 is either unconnected or has no load
WARNING: [Synth 8-7129] Port reset in module Mapper_8 is either unconnected or has no load
WARNING: [Synth 8-7129] Port reset in module Mapper_7 is either unconnected or has no load
WARNING: [Synth 8-7129] Port reset in module Mapper_6 is either unconnected or has no load
WARNING: [Synth 8-7129] Port io_poped_payload_data[9] in module PIFOBrain_2 is either unconnected or has no load
WARNING: [Synth 8-7129] Port io_poped_payload_data[8] in module PIFOBrain_2 is either unconnected or has no load
WARNING: [Synth 8-7129] Port io_poped_payload_data[7] in module PIFOBrain_2 is either unconnected or has no load
WARNING: [Synth 8-7129] Port io_poped_payload_data[6] in module PIFOBrain_2 is either unconnected or has no load
WARNING: [Synth 8-7129] Port io_poped_payload_data[5] in module PIFOBrain_2 is either unconnected or has no load
WARNING: [Synth 8-7129] Port io_poped_payload_data[4] in module PIFOBrain_2 is either unconnected or has no load
WARNING: [Synth 8-7129] Port io_poped_payload_data[3] in module PIFOBrain_2 is either unconnected or has no load
WARNING: [Synth 8-7129] Port io_poped_payload_data[2] in module PIFOBrain_2 is either unconnected or has no load
WARNING: [Synth 8-7129] Port io_poped_payload_data[1] in module PIFOBrain_2 is either unconnected or has no load
WARNING: [Synth 8-7129] Port io_poped_payload_data[0] in module PIFOBrain_2 is either unconnected or has no load
WARNING: [Synth 8-7129] Port io_dequeueRequest_payload_engineId[2] in module PifoEngine_2 is either unconnected or has no load
WARNING: [Synth 8-7129] Port io_dequeueRequest_payload_engineId[1] in module PifoEngine_2 is either unconnected or has no load
WARNING: [Synth 8-7129] Port io_dequeueRequest_payload_engineId[0] in module PifoEngine_2 is either unconnected or has no load
WARNING: [Synth 8-7129] Port reset in module Mapper_5 is either unconnected or has no load
WARNING: [Synth 8-7129] Port reset in module Mapper_4 is either unconnected or has no load
WARNING: [Synth 8-7129] Port reset in module Mapper_3 is either unconnected or has no load
WARNING: [Synth 8-7129] Port io_poped_payload_data[9] in module PIFOBrain_1 is either unconnected or has no load
WARNING: [Synth 8-7129] Port io_poped_payload_data[8] in module PIFOBrain_1 is either unconnected or has no load
WARNING: [Synth 8-7129] Port io_poped_payload_data[7] in module PIFOBrain_1 is either unconnected or has no load
WARNING: [Synth 8-7129] Port io_poped_payload_data[6] in module PIFOBrain_1 is either unconnected or has no load
WARNING: [Synth 8-7129] Port io_poped_payload_data[5] in module PIFOBrain_1 is either unconnected or has no load
WARNING: [Synth 8-7129] Port io_poped_payload_data[4] in module PIFOBrain_1 is either unconnected or has no load
WARNING: [Synth 8-7129] Port io_poped_payload_data[3] in module PIFOBrain_1 is either unconnected or has no load
WARNING: [Synth 8-7129] Port io_poped_payload_data[2] in module PIFOBrain_1 is either unconnected or has no load
WARNING: [Synth 8-7129] Port io_poped_payload_data[1] in module PIFOBrain_1 is either unconnected or has no load
WARNING: [Synth 8-7129] Port io_poped_payload_data[0] in module PIFOBrain_1 is either unconnected or has no load
WARNING: [Synth 8-7129] Port io_dequeueRequest_payload_engineId[2] in module PifoEngine_1 is either unconnected or has no load
WARNING: [Synth 8-7129] Port io_dequeueRequest_payload_engineId[1] in module PifoEngine_1 is either unconnected or has no load
WARNING: [Synth 8-7129] Port io_dequeueRequest_payload_engineId[0] in module PifoEngine_1 is either unconnected or has no load
WARNING: [Synth 8-7129] Port reset in module Mapper_2 is either unconnected or has no load
WARNING: [Synth 8-7129] Port reset in module Mapper_1 is either unconnected or has no load
WARNING: [Synth 8-7129] Port reset in module Mapper is either unconnected or has no load
WARNING: [Synth 8-7129] Port io_poped_payload_data[9] in module PIFOBrain is either unconnected or has no load
WARNING: [Synth 8-7129] Port io_poped_payload_data[8] in module PIFOBrain is either unconnected or has no load
WARNING: [Synth 8-7129] Port io_poped_payload_data[7] in module PIFOBrain is either unconnected or has no load
WARNING: [Synth 8-7129] Port io_poped_payload_data[6] in module PIFOBrain is either unconnected or has no load
WARNING: [Synth 8-7129] Port io_poped_payload_data[5] in module PIFOBrain is either unconnected or has no load
WARNING: [Synth 8-7129] Port io_poped_payload_data[4] in module PIFOBrain is either unconnected or has no load
WARNING: [Synth 8-7129] Port io_poped_payload_data[3] in module PIFOBrain is either unconnected or has no load
WARNING: [Synth 8-7129] Port io_poped_payload_data[2] in module PIFOBrain is either unconnected or has no load
WARNING: [Synth 8-7129] Port io_poped_payload_data[1] in module PIFOBrain is either unconnected or has no load
WARNING: [Synth 8-7129] Port io_poped_payload_data[0] in module PIFOBrain is either unconnected or has no load
WARNING: [Synth 8-7129] Port io_dequeueRequest_payload_engineId[2] in module PifoEngine is either unconnected or has no load
WARNING: [Synth 8-7129] Port io_dequeueRequest_payload_engineId[1] in module PifoEngine is either unconnected or has no load
WARNING: [Synth 8-7129] Port io_dequeueRequest_payload_engineId[0] in module PifoEngine is either unconnected or has no load
---------------------------------------------------------------------------------
Finished RTL Elaboration : Time (s): cpu = 00:00:19 ; elapsed = 00:00:20 . Memory (MB): peak = 3305.457 ; gain = 660.617 ; free physical = 68376 ; free virtual = 111983
---------------------------------------------------------------------------------
---------------------------------------------------------------------------------
Start Handling Custom Attributes
---------------------------------------------------------------------------------
---------------------------------------------------------------------------------
Finished Handling Custom Attributes : Time (s): cpu = 00:00:20 ; elapsed = 00:00:21 . Memory (MB): peak = 3305.457 ; gain = 660.617 ; free physical = 68370 ; free virtual = 111978
---------------------------------------------------------------------------------
---------------------------------------------------------------------------------
Finished RTL Optimization Phase 1 : Time (s): cpu = 00:00:20 ; elapsed = 00:00:21 . Memory (MB): peak = 3305.457 ; gain = 660.617 ; free physical = 68370 ; free virtual = 111978
---------------------------------------------------------------------------------
Netlist sorting complete. Time (s): cpu = 00:00:01 ; elapsed = 00:00:01 . Memory (MB): peak = 3305.457 ; gain = 0.000 ; free physical = 71172 ; free virtual = 114781
INFO: [Project 1-570] Preparing netlist for logic optimization

Processing XDC Constraints
Initializing timing engine
Parsing XDC File [/data/work/rio-synthesis/cam-shared-fifo-20260909/pe5-v128-c1024-q256-replay-vivado/pifo.xdc]
Finished Parsing XDC File [/data/work/rio-synthesis/cam-shared-fifo-20260909/pe5-v128-c1024-q256-replay-vivado/pifo.xdc]
Completed Processing XDC Constraints

Netlist sorting complete. Time (s): cpu = 00:00:00.1 ; elapsed = 00:00:00.1 . Memory (MB): peak = 3471.492 ; gain = 0.000 ; free physical = 68896 ; free virtual = 112505
INFO: [Project 1-111] Unisim Transformation Summary:
No Unisim elements were transformed.

INFO: [Synth 8-6904] The RAM "ReplayMapper:/banks_0_reg" of size (depth=128 x width=7) is automatically implemented using LUTRAM. BRAM implementation would be inefficient 
INFO: [Synth 8-6904] The RAM "ReplayMapper:/banks_1_reg" of size (depth=128 x width=7) is automatically implemented using LUTRAM. BRAM implementation would be inefficient 
INFO: [Synth 8-6904] The RAM "Mapper:/ram_reg" of size (depth=128 x width=2) is automatically implemented using LUTRAM. BRAM implementation would be inefficient 
INFO: [Synth 8-6904] The RAM "Mapper_1:/ram_reg" of size (depth=128 x width=8) is automatically implemented using LUTRAM. BRAM implementation would be inefficient 
INFO: [Synth 8-6904] The RAM "Mapper_2:/ram_reg" of size (depth=128 x width=32) is automatically implemented using LUTRAM. BRAM implementation would be inefficient 
INFO: [Synth 8-6904] The RAM "BoundedCamMapper_1:/banks_0_values_reg" of size (depth=256 x width=10) is automatically implemented using LUTRAM. BRAM implementation would be inefficient 
INFO: [Synth 8-6904] The RAM "BoundedCamMapper_1:/banks_1_values_reg" of size (depth=256 x width=10) is automatically implemented using LUTRAM. BRAM implementation would be inefficient 
INFO: [Synth 8-6904] The RAM "ReplayMapper_1:/banks_0_reg" of size (depth=128 x width=7) is automatically implemented using LUTRAM. BRAM implementation would be inefficient 
INFO: [Synth 8-6904] The RAM "ReplayMapper_1:/banks_1_reg" of size (depth=128 x width=7) is automatically implemented using LUTRAM. BRAM implementation would be inefficient 
INFO: [Synth 8-6904] The RAM "Mapper_3:/ram_reg" of size (depth=128 x width=2) is automatically implemented using LUTRAM. BRAM implementation would be inefficient 
INFO: [Synth 8-6904] The RAM "Mapper_4:/ram_reg" of size (depth=128 x width=8) is automatically implemented using LUTRAM. BRAM implementation would be inefficient 
INFO: [Synth 8-6904] The RAM "Mapper_5:/ram_reg" of size (depth=128 x width=32) is automatically implemented using LUTRAM. BRAM implementation would be inefficient 
INFO: [Synth 8-6904] The RAM "ReplayMapper_2:/banks_0_reg" of size (depth=128 x width=7) is automatically implemented using LUTRAM. BRAM implementation would be inefficient 
INFO: [Synth 8-6904] The RAM "ReplayMapper_2:/banks_1_reg" of size (depth=128 x width=7) is automatically implemented using LUTRAM. BRAM implementation would be inefficient 
INFO: [Synth 8-6904] The RAM "Mapper_6:/ram_reg" of size (depth=128 x width=2) is automatically implemented using LUTRAM. BRAM implementation would be inefficient 
INFO: [Synth 8-6904] The RAM "Mapper_7:/ram_reg" of size (depth=128 x width=8) is automatically implemented using LUTRAM. BRAM implementation would be inefficient 
INFO: [Synth 8-6904] The RAM "Mapper_8:/ram_reg" of size (depth=128 x width=32) is automatically implemented using LUTRAM. BRAM implementation would be inefficient 
INFO: [Synth 8-6904] The RAM "ReplayMapper_3:/banks_0_reg" of size (depth=128 x width=7) is automatically implemented using LUTRAM. BRAM implementation would be inefficient 
INFO: [Synth 8-6904] The RAM "ReplayMapper_3:/banks_1_reg" of size (depth=128 x width=7) is automatically implemented using LUTRAM. BRAM implementation would be inefficient 
INFO: [Synth 8-6904] The RAM "Mapper_9:/ram_reg" of size (depth=128 x width=2) is automatically implemented using LUTRAM. BRAM implementation would be inefficient 
INFO: [Synth 8-6904] The RAM "Mapper_10:/ram_reg" of size (depth=128 x width=8) is automatically implemented using LUTRAM. BRAM implementation would be inefficient 
INFO: [Synth 8-6904] The RAM "Mapper_11:/ram_reg" of size (depth=128 x width=32) is automatically implemented using LUTRAM. BRAM implementation would be inefficient 
INFO: [Synth 8-6904] The RAM "ReplayMapper_4:/banks_0_reg" of size (depth=128 x width=7) is automatically implemented using LUTRAM. BRAM implementation would be inefficient 
INFO: [Synth 8-6904] The RAM "ReplayMapper_4:/banks_1_reg" of size (depth=128 x width=7) is automatically implemented using LUTRAM. BRAM implementation would be inefficient 
INFO: [Synth 8-6904] The RAM "Mapper_12:/ram_reg" of size (depth=128 x width=2) is automatically implemented using LUTRAM. BRAM implementation would be inefficient 
INFO: [Synth 8-6904] The RAM "Mapper_13:/ram_reg" of size (depth=128 x width=8) is automatically implemented using LUTRAM. BRAM implementation would be inefficient 
INFO: [Synth 8-6904] The RAM "Mapper_14:/ram_reg" of size (depth=128 x width=32) is automatically implemented using LUTRAM. BRAM implementation would be inefficient 
---------------------------------------------------------------------------------
Finished RTL Optimization Phase 2 : Time (s): cpu = 00:01:22 ; elapsed = 00:01:15 . Memory (MB): peak = 3495.504 ; gain = 850.664 ; free physical = 64863 ; free virtual = 109116
---------------------------------------------------------------------------------
---------------------------------------------------------------------------------
Start RTL Component Statistics 
---------------------------------------------------------------------------------
Detailed RTL Component Info : 
+---Adders : 
	   2 Input  256 Bit       Adders := 15    
	   2 Input    9 Bit       Adders := 4     
	   3 Input    9 Bit       Adders := 1     
	   2 Input    8 Bit       Adders := 10    
	   2 Input    6 Bit       Adders := 6     
	   2 Input    4 Bit       Adders := 18    
	   3 Input    4 Bit       Adders := 6     
	   2 Input    3 Bit       Adders := 1     
	   3 Input    2 Bit       Adders := 45    
	   2 Input    2 Bit       Adders := 150   
+---XORs : 
	   3 Input      4 Bit         XORs := 6     
	   3 Input      2 Bit         XORs := 45    
+---Registers : 
	              128 Bit    Registers := 5     
	               55 Bit    Registers := 1     
	               32 Bit    Registers := 10    
	               17 Bit    Registers := 3840  
	               10 Bit    Registers := 10    
	                9 Bit    Registers := 4     
	                8 Bit    Registers := 5     
	                7 Bit    Registers := 656   
	                4 Bit    Registers := 12    
	                3 Bit    Registers := 6     
	                2 Bit    Registers := 5     
	                1 Bit    Registers := 7318  
+---RAMs : 
	              13K Bit	(256 X 55 bit)          RAMs := 1     
	               8K Bit	(256 X 32 bit)          RAMs := 5     
	               4K Bit	(128 X 32 bit)          RAMs := 5     
	               2K Bit	(256 X 10 bit)          RAMs := 10    
	             1024 Bit	(128 X 8 bit)          RAMs := 5     
	              896 Bit	(128 X 7 bit)          RAMs := 10    
	              256 Bit	(128 X 2 bit)          RAMs := 5     
+---Muxes : 
	   2 Input  256 Bit        Muxes := 15    
	   2 Input   32 Bit        Muxes := 40    
	   2 Input   17 Bit        Muxes := 10    
	   2 Input   10 Bit        Muxes := 30    
	   2 Input    9 Bit        Muxes := 13    
	   2 Input    8 Bit        Muxes := 25    
	   4 Input    8 Bit        Muxes := 5     
	   2 Input    7 Bit        Muxes := 40    
	   2 Input    4 Bit        Muxes := 12    
	   2 Input    3 Bit        Muxes := 15    
	   2 Input    2 Bit        Muxes := 95    
	   2 Input    1 Bit        Muxes := 10739 
---------------------------------------------------------------------------------
Finished RTL Component Statistics 
---------------------------------------------------------------------------------
---------------------------------------------------------------------------------
Start Part Resource Summary
---------------------------------------------------------------------------------
Part Resources:
DSPs: 1824 (col length:96)
BRAMs: 960 (col length: RAMB18 96 RAMB36 48)
---------------------------------------------------------------------------------
Finished Part Resource Summary
---------------------------------------------------------------------------------
---------------------------------------------------------------------------------
Start Cross Boundary and Area Optimization
---------------------------------------------------------------------------------
INFO: [Synth 8-6904] The RAM "PifoMesh/engineMapper/ram_reg" of size (depth=128 x width=2) is automatically implemented using LUTRAM. BRAM implementation would be inefficient 
INFO: [Synth 8-6904] The RAM "PifoMesh/lastVirtualMapper/ram_reg" of size (depth=128 x width=8) is automatically implemented using LUTRAM. BRAM implementation would be inefficient 
INFO: [Synth 8-6904] The RAM "PifoMesh/brainStateMem/ram_reg" of size (depth=128 x width=32) is automatically implemented using LUTRAM. BRAM implementation would be inefficient 
INFO: [Synth 8-6904] The RAM "PifoMesh/enque_enqueMapper/banks_0_reg" of size (depth=128 x width=7) is automatically implemented using LUTRAM. BRAM implementation would be inefficient 
INFO: [Synth 8-6904] The RAM "PifoMesh/enque_enqueMapper/banks_1_reg" of size (depth=128 x width=7) is automatically implemented using LUTRAM. BRAM implementation would be inefficient 
INFO: [Synth 8-6904] The RAM "PifoMesh/engineMapper/ram_reg" of size (depth=128 x width=2) is automatically implemented using LUTRAM. BRAM implementation would be inefficient 
INFO: [Synth 8-6904] The RAM "PifoMesh/lastVirtualMapper/ram_reg" of size (depth=128 x width=8) is automatically implemented using LUTRAM. BRAM implementation would be inefficient 
INFO: [Synth 8-6904] The RAM "PifoMesh/brainStateMem/ram_reg" of size (depth=128 x width=32) is automatically implemented using LUTRAM. BRAM implementation would be inefficient 
INFO: [Synth 8-6904] The RAM "PifoMesh/enque_enqueMapper/banks_0_reg" of size (depth=128 x width=7) is automatically implemented using LUTRAM. BRAM implementation would be inefficient 
INFO: [Synth 8-6904] The RAM "PifoMesh/enque_enqueMapper/banks_1_reg" of size (depth=128 x width=7) is automatically implemented using LUTRAM. BRAM implementation would be inefficient 
INFO: [Synth 8-6904] The RAM "PifoMesh/engineMapper/ram_reg" of size (depth=128 x width=2) is automatically implemented using LUTRAM. BRAM implementation would be inefficient 
INFO: [Synth 8-6904] The RAM "PifoMesh/lastVirtualMapper/ram_reg" of size (depth=128 x width=8) is automatically implemented using LUTRAM. BRAM implementation would be inefficient 
INFO: [Synth 8-6904] The RAM "PifoMesh/brainStateMem/ram_reg" of size (depth=128 x width=32) is automatically implemented using LUTRAM. BRAM implementation would be inefficient 
INFO: [Synth 8-6904] The RAM "PifoMesh/enque_enqueMapper/banks_0_reg" of size (depth=128 x width=7) is automatically implemented using LUTRAM. BRAM implementation would be inefficient 
INFO: [Synth 8-6904] The RAM "PifoMesh/enque_enqueMapper/banks_1_reg" of size (depth=128 x width=7) is automatically implemented using LUTRAM. BRAM implementation would be inefficient 
INFO: [Synth 8-6904] The RAM "PifoMesh/engineMapper/ram_reg" of size (depth=128 x width=2) is automatically implemented using LUTRAM. BRAM implementation would be inefficient 
INFO: [Synth 8-6904] The RAM "PifoMesh/lastVirtualMapper/ram_reg" of size (depth=128 x width=8) is automatically implemented using LUTRAM. BRAM implementation would be inefficient 
INFO: [Synth 8-6904] The RAM "PifoMesh/brainStateMem/ram_reg" of size (depth=128 x width=32) is automatically implemented using LUTRAM. BRAM implementation would be inefficient 
INFO: [Synth 8-6904] The RAM "PifoMesh/enque_enqueMapper/banks_0_reg" of size (depth=128 x width=7) is automatically implemented using LUTRAM. BRAM implementation would be inefficient 
INFO: [Synth 8-6904] The RAM "PifoMesh/enque_enqueMapper/banks_1_reg" of size (depth=128 x width=7) is automatically implemented using LUTRAM. BRAM implementation would be inefficient 
INFO: [Synth 8-6904] The RAM "PifoMesh/engineMapper/ram_reg" of size (depth=128 x width=2) is automatically implemented using LUTRAM. BRAM implementation would be inefficient 
INFO: [Synth 8-6904] The RAM "PifoMesh/lastVirtualMapper/ram_reg" of size (depth=128 x width=8) is automatically implemented using LUTRAM. BRAM implementation would be inefficient 
INFO: [Synth 8-6904] The RAM "PifoMesh/brainStateMem/ram_reg" of size (depth=128 x width=32) is automatically implemented using LUTRAM. BRAM implementation would be inefficient 
INFO: [Synth 8-6904] The RAM "PifoMesh/enque_enqueMapper/banks_0_reg" of size (depth=128 x width=7) is automatically implemented using LUTRAM. BRAM implementation would be inefficient 
INFO: [Synth 8-6904] The RAM "PifoMesh/enque_enqueMapper/banks_1_reg" of size (depth=128 x width=7) is automatically implemented using LUTRAM. BRAM implementation would be inefficient 
RAM ("BoundedCamMapper/banks_0_values_reg") is too shallow (depth = 256) to use URAM. Choosing BRAM instead of URAM 
INFO: [Synth 8-6904] The RAM "BoundedCamMapper_1__GBM0/banks_1_values_reg" of size (depth=256 x width=10) is automatically implemented using LUTRAM. BRAM implementation would be inefficient 
INFO: [Synth 8-6904] The RAM "BoundedCamMapper_1__GBM0/banks_0_values_reg" of size (depth=256 x width=10) is automatically implemented using LUTRAM. BRAM implementation would be inefficient 
RAM ("PifoMesh__GC0/replayControl/storage_reg") is too shallow (depth = 256) to use URAM. Choosing BRAM instead of URAM 
---------------------------------------------------------------------------------
Finished Cross Boundary and Area Optimization : Time (s): cpu = 00:02:19 ; elapsed = 00:02:12 . Memory (MB): peak = 3507.430 ; gain = 862.590 ; free physical = 92162 ; free virtual = 137454
---------------------------------------------------------------------------------
PIFO_DEVICE_CAPACITY_CHECK_SKIPPED: -checkfordsp
PIFO_DEVICE_CAPACITY_CHECK_SKIPPED: -checkforuram
PIFO_DEVICE_CAPACITY_CHECK_SKIPPED: -checkforram
---------------------------------------------------------------------------------
Start ROM, RAM, DSP, Shift Register and Retiming Reporting
---------------------------------------------------------------------------------

Block RAM: Preliminary Mapping Report (see note below)
+-----------------+---------------------------+------------------------+---+---+------------------------+---+---+------------------+--------+--------+-----------------+
|Module Name      | RTL Object                | PORT A (Depth x Width) | W | R | PORT B (Depth x Width) | W | R | Ports driving FF | RAMB18 | RAMB36 | Cascade Heights | 
+-----------------+---------------------------+------------------------+---+---+------------------------+---+---+------------------+--------+--------+-----------------+
|BoundedCamMapper | banks_0_values_reg        | 256 x 32(READ_FIRST)   | W |   | 256 x 32(WRITE_FIRST)  |   | R | Port A and B     | 1      | 0      |                 | 
|PifoMesh__GC0    | replayControl/storage_reg | 256 x 55(READ_FIRST)   | W |   | 256 x 55(WRITE_FIRST)  |   | R | Port A and B     | 0      | 1      |                 | 
+-----------------+---------------------------+------------------------+---+---+------------------------+---+---+------------------+--------+--------+-----------------+

Note: The table above is a preliminary report that shows the Block RAMs at the current stage of the synthesis flow. Some Block RAMs may be reimplemented as non Block RAM primitives later in the synthesis flow. Multiple instantiated Block RAMs are reported only once. 

Distributed RAM: Preliminary Mapping Report (see note below)
+-------------------------+---------------------------------------------------------------+----------------+----------------------+----------------+
|Module Name              | RTL Object                                                    | Inference      | Size (Depth x Width) | Primitives     | 
+-------------------------+---------------------------------------------------------------+----------------+----------------------+----------------+
|PifoMesh                 | engineMapper/ram_reg                                          | Implied        | 128 x 2              | RAM128X1D x 2  | 
|PifoMesh                 | lastVirtualMapper/ram_reg                                     | Implied        | 128 x 8              | RAM64M8 x 4    | 
|PifoMesh                 | flowStateUpdate_fifo/fifo/logic_ram_reg                       | User Attribute | 2 x 49               | RAM32M16 x 4   | 
|PifoMesh                 | brainStateMem/ram_reg                                         | Implied        | 128 x 32             | RAM64M8 x 10   | 
|PifoMesh                 | brainStateUpdate_toStream_fifo/fifo/logic_ram_reg             | User Attribute | 2 x 39               | RAM32M16 x 3   | 
|PifoMesh                 | engineMapper_io_readRes_toStream_fifo/fifo/logic_ram_reg      | User Attribute | 2 x 2                | RAM16X1D x 2   | 
|PifoMesh                 | brainStateMem_io_readRes_toStream_fifo/fifo/logic_ram_reg     | User Attribute | 2 x 32               | RAM32M16 x 3   | 
|PifoMesh                 | engineCAM_io_readRes_toStream_fifo/fifo/logic_ram_reg         | User Attribute | 2 x 32               | RAM32M16 x 3   | 
|PifoMesh                 | lastVirtualMapper_io_readRes_toStream_fifo/fifo/logic_ram_reg | User Attribute | 2 x 8                | RAM32M16 x 1   | 
|PifoMesh                 | io_outputs_4_fifo/fifo/logic_ram_reg                          | User Attribute | 2 x 17               | RAM32M16 x 2   | 
|BoundedCamMapper_1__GBM0 | banks_1_values_reg                                            | Implied        | 256 x 10             | RAM64M8 x 8    | 
|BoundedCamMapper_1__GBM0 | banks_0_values_reg                                            | Implied        | 256 x 10             | RAM64M8 x 8    | 
|PifoMesh                 | enque_enqueMapper/banks_0_reg                                 | Implied        | 128 x 7              | RAM64M8 x 2    | 
|PifoMesh                 | enque_enqueMapper/banks_1_reg                                 | Implied        | 128 x 7              | RAM64M8 x 2    | 
|PifoMesh                 | enque_flowIdStream_fifo/fifo/logic_ram_reg                    | User Attribute | 2 x 10               | RAM32M16 x 1   | 
|PifoMesh                 | engineMapper/ram_reg                                          | Implied        | 128 x 2              | RAM128X1D x 2  | 
|PifoMesh                 | lastVirtualMapper/ram_reg                                     | Implied        | 128 x 8              | RAM64M8 x 4    | 
|PifoMesh                 | flowStateUpdate_fifo/fifo/logic_ram_reg                       | User Attribute | 2 x 49               | RAM32M16 x 4   | 
|PifoMesh                 | brainStateMem/ram_reg                                         | Implied        | 128 x 32             | RAM64M8 x 10   | 
|PifoMesh                 | brainStateUpdate_toStream_fifo/fifo/logic_ram_reg             | User Attribute | 2 x 39               | RAM32M16 x 3   | 
|PifoMesh                 | engineMapper_io_readRes_toStream_fifo/fifo/logic_ram_reg      | User Attribute | 2 x 2                | RAM16X1D x 2   | 
|PifoMesh                 | brainStateMem_io_readRes_toStream_fifo/fifo/logic_ram_reg     | User Attribute | 2 x 32               | RAM32M16 x 3   | 
|PifoMesh                 | engineCAM_io_readRes_toStream_fifo/fifo/logic_ram_reg         | User Attribute | 2 x 32               | RAM32M16 x 3   | 
|PifoMesh                 | lastVirtualMapper_io_readRes_toStream_fifo/fifo/logic_ram_reg | User Attribute | 2 x 8                | RAM32M16 x 1   | 
|PifoMesh                 | io_outputs_4_fifo/fifo/logic_ram_reg                          | User Attribute | 2 x 17               | RAM32M16 x 2   | 
|PifoMesh                 | enque_enqueMapper/banks_0_reg                                 | Implied        | 128 x 7              | RAM64M8 x 2    | 
|PifoMesh                 | enque_enqueMapper/banks_1_reg                                 | Implied        | 128 x 7              | RAM64M8 x 2    | 
|PifoMesh                 | enque_flowIdStream_fifo/fifo/logic_ram_reg                    | User Attribute | 2 x 10               | RAM32M16 x 1   | 
|PifoMesh                 | engineMapper/ram_reg                                          | Implied        | 128 x 2              | RAM128X1D x 2  | 
|PifoMesh                 | lastVirtualMapper/ram_reg                                     | Implied        | 128 x 8              | RAM64M8 x 4    | 
|PifoMesh                 | flowStateUpdate_fifo/fifo/logic_ram_reg                       | User Attribute | 2 x 49               | RAM32M16 x 4   | 
|PifoMesh                 | brainStateMem/ram_reg                                         | Implied        | 128 x 32             | RAM64M8 x 10   | 
|PifoMesh                 | brainStateUpdate_toStream_fifo/fifo/logic_ram_reg             | User Attribute | 2 x 39               | RAM32M16 x 3   | 
|PifoMesh                 | engineMapper_io_readRes_toStream_fifo/fifo/logic_ram_reg      | User Attribute | 2 x 2                | RAM16X1D x 2   | 
|PifoMesh                 | brainStateMem_io_readRes_toStream_fifo/fifo/logic_ram_reg     | User Attribute | 2 x 32               | RAM32M16 x 3   | 
|PifoMesh                 | engineCAM_io_readRes_toStream_fifo/fifo/logic_ram_reg         | User Attribute | 2 x 32               | RAM32M16 x 3   | 
|PifoMesh                 | lastVirtualMapper_io_readRes_toStream_fifo/fifo/logic_ram_reg | User Attribute | 2 x 8                | RAM32M16 x 1   | 
|PifoMesh                 | io_outputs_4_fifo/fifo/logic_ram_reg                          | User Attribute | 2 x 17               | RAM32M16 x 2   | 
|PifoMesh                 | enque_enqueMapper/banks_0_reg                                 | Implied        | 128 x 7              | RAM64M8 x 2    | 
|PifoMesh                 | enque_enqueMapper/banks_1_reg                                 | Implied        | 128 x 7              | RAM64M8 x 2    | 
|PifoMesh                 | enque_flowIdStream_fifo/fifo/logic_ram_reg                    | User Attribute | 2 x 10               | RAM32M16 x 1   | 
|PifoMesh                 | engineMapper/ram_reg                                          | Implied        | 128 x 2              | RAM128X1D x 2  | 
|PifoMesh                 | lastVirtualMapper/ram_reg                                     | Implied        | 128 x 8              | RAM64M8 x 4    | 
|PifoMesh                 | flowStateUpdate_fifo/fifo/logic_ram_reg                       | User Attribute | 2 x 49               | RAM32M16 x 4   | 
|PifoMesh                 | brainStateMem/ram_reg                                         | Implied        | 128 x 32             | RAM64M8 x 10   | 
|PifoMesh                 | brainStateUpdate_toStream_fifo/fifo/logic_ram_reg             | User Attribute | 2 x 39               | RAM32M16 x 3   | 
|PifoMesh                 | engineMapper_io_readRes_toStream_fifo/fifo/logic_ram_reg      | User Attribute | 2 x 2                | RAM16X1D x 2   | 
|PifoMesh                 | brainStateMem_io_readRes_toStream_fifo/fifo/logic_ram_reg     | User Attribute | 2 x 32               | RAM32M16 x 3   | 
|PifoMesh                 | engineCAM_io_readRes_toStream_fifo/fifo/logic_ram_reg         | User Attribute | 2 x 32               | RAM32M16 x 3   | 
|PifoMesh                 | lastVirtualMapper_io_readRes_toStream_fifo/fifo/logic_ram_reg | User Attribute | 2 x 8                | RAM32M16 x 1   | 
|PifoMesh                 | io_outputs_4_fifo/fifo/logic_ram_reg                          | User Attribute | 2 x 17               | RAM32M16 x 2   | 
|PifoMesh                 | enque_enqueMapper/banks_0_reg                                 | Implied        | 128 x 7              | RAM64M8 x 2    | 
|PifoMesh                 | enque_enqueMapper/banks_1_reg                                 | Implied        | 128 x 7              | RAM64M8 x 2    | 
|PifoMesh                 | enque_flowIdStream_fifo/fifo/logic_ram_reg                    | User Attribute | 2 x 10               | RAM32M16 x 1   | 
|PifoMesh                 | engineMapper/ram_reg                                          | Implied        | 128 x 2              | RAM128X1D x 2  | 
|PifoMesh                 | lastVirtualMapper/ram_reg                                     | Implied        | 128 x 8              | RAM64M8 x 4    | 
|PifoMesh                 | flowStateUpdate_fifo/fifo/logic_ram_reg                       | User Attribute | 2 x 49               | RAM32M16 x 4   | 
|PifoMesh                 | brainStateMem/ram_reg                                         | Implied        | 128 x 32             | RAM64M8 x 10   | 
|PifoMesh                 | brainStateUpdate_toStream_fifo/fifo/logic_ram_reg             | User Attribute | 2 x 39               | RAM32M16 x 3   | 
|PifoMesh                 | engineMapper_io_readRes_toStream_fifo/fifo/logic_ram_reg      | User Attribute | 2 x 2                | RAM16X1D x 2   | 
|PifoMesh                 | brainStateMem_io_readRes_toStream_fifo/fifo/logic_ram_reg     | User Attribute | 2 x 32               | RAM32M16 x 3   | 
|PifoMesh                 | engineCAM_io_readRes_toStream_fifo/fifo/logic_ram_reg         | User Attribute | 2 x 32               | RAM32M16 x 3   | 
|PifoMesh                 | lastVirtualMapper_io_readRes_toStream_fifo/fifo/logic_ram_reg | User Attribute | 2 x 8                | RAM32M16 x 1   | 
|PifoMesh                 | io_outputs_4_fifo/fifo/logic_ram_reg                          | User Attribute | 2 x 17               | RAM32M16 x 2   | 
|PifoMesh                 | enque_enqueMapper/banks_0_reg                                 | Implied        | 128 x 7              | RAM64M8 x 2    | 
|PifoMesh                 | enque_enqueMapper/banks_1_reg                                 | Implied        | 128 x 7              | RAM64M8 x 2    | 
|PifoMesh                 | enque_flowIdStream_fifo/fifo/logic_ram_reg                    | User Attribute | 2 x 10               | RAM32M16 x 1   | 
|PifoMesh__GC0            | xbar/io_inputs_0_fifo/fifo/logic_ram_reg                      | User Attribute | 8 x 10               | RAM32M16 x 1   | 
|PifoMesh__GC0            | xbar/io_inputs_1_fifo/fifo/logic_ram_reg                      | User Attribute | 8 x 10               | RAM32M16 x 1   | 
|PifoMesh__GC0            | xbar/io_inputs_2_fifo/fifo/logic_ram_reg                      | User Attribute | 8 x 10               | RAM32M16 x 1   | 
|PifoMesh__GC0            | xbar/io_inputs_3_fifo/fifo/logic_ram_reg                      | User Attribute | 8 x 10               | RAM32M16 x 1   | 
|PifoMesh__GC0            | xbar/io_inputs_4_fifo/fifo/logic_ram_reg                      | User Attribute | 8 x 10               | RAM32M16 x 1   | 
|PifoMesh__GC0            | xbar/io_inputs_5_fifo/fifo/logic_ram_reg                      | User Attribute | 8 x 10               | RAM32M16 x 1   | 
+-------------------------+---------------------------------------------------------------+----------------+----------------------+----------------+

Note: The table above is a preliminary report that shows the Distributed RAMs at the current stage of the synthesis flow. Some Distributed RAMs may be reimplemented as non Distributed RAM primitives later in the synthesis flow. Multiple instantiated RAMs are reported only once.
---------------------------------------------------------------------------------
Finished ROM, RAM, DSP, Shift Register and Retiming Reporting
---------------------------------------------------------------------------------
---------------------------------------------------------------------------------
Start Applying XDC Timing Constraints
---------------------------------------------------------------------------------
---------------------------------------------------------------------------------
Finished Applying XDC Timing Constraints : Time (s): cpu = 00:03:06 ; elapsed = 00:02:27 . Memory (MB): peak = 3820.840 ; gain = 1176.000 ; free physical = 84606 ; free virtual = 129907
---------------------------------------------------------------------------------
---------------------------------------------------------------------------------
Start ROM, RAM, DSP, Shift Register and Retiming Reporting
---------------------------------------------------------------------------------

Block RAM: Final Mapping Report
+-----------------+---------------------------+------------------------+---+---+------------------------+---+---+------------------+--------+--------+-----------------+
|Module Name      | RTL Object                | PORT A (Depth x Width) | W | R | PORT B (Depth x Width) | W | R | Ports driving FF | RAMB18 | RAMB36 | Cascade Heights | 
+-----------------+---------------------------+------------------------+---+---+------------------------+---+---+------------------+--------+--------+-----------------+
|BoundedCamMapper | banks_0_values_reg        | 256 x 32(READ_FIRST)   | W |   | 256 x 32(WRITE_FIRST)  |   | R | Port A and B     | 1      | 0      |                 | 
|PifoMesh__GC0    | replayControl/storage_reg | 256 x 55(READ_FIRST)   | W |   | 256 x 55(WRITE_FIRST)  |   | R | Port A and B     | 0      | 1      |                 | 
+-----------------+---------------------------+------------------------+---+---+------------------------+---+---+------------------+--------+--------+-----------------+


Distributed RAM: Final Mapping Report
+-------------------------+---------------------------------------------------------------+----------------+----------------------+----------------+
|Module Name              | RTL Object                                                    | Inference      | Size (Depth x Width) | Primitives     | 
+-------------------------+---------------------------------------------------------------+----------------+----------------------+----------------+
|PifoMesh                 | engineMapper/ram_reg                                          | Implied        | 128 x 2              | RAM128X1D x 2  | 
|PifoMesh                 | lastVirtualMapper/ram_reg                                     | Implied        | 128 x 8              | RAM64M8 x 4    | 
|PifoMesh                 | flowStateUpdate_fifo/fifo/logic_ram_reg                       | User Attribute | 2 x 49               | RAM32M16 x 4   | 
|PifoMesh                 | brainStateMem/ram_reg                                         | Implied        | 128 x 32             | RAM64M8 x 10   | 
|PifoMesh                 | brainStateUpdate_toStream_fifo/fifo/logic_ram_reg             | User Attribute | 2 x 39               | RAM32M16 x 3   | 
|PifoMesh                 | engineMapper_io_readRes_toStream_fifo/fifo/logic_ram_reg      | User Attribute | 2 x 2                | RAM16X1D x 2   | 
|PifoMesh                 | brainStateMem_io_readRes_toStream_fifo/fifo/logic_ram_reg     | User Attribute | 2 x 32               | RAM32M16 x 3   | 
|PifoMesh                 | engineCAM_io_readRes_toStream_fifo/fifo/logic_ram_reg         | User Attribute | 2 x 32               | RAM32M16 x 3   | 
|PifoMesh                 | lastVirtualMapper_io_readRes_toStream_fifo/fifo/logic_ram_reg | User Attribute | 2 x 8                | RAM32M16 x 1   | 
|PifoMesh                 | io_outputs_4_fifo/fifo/logic_ram_reg                          | User Attribute | 2 x 17               | RAM32M16 x 2   | 
|BoundedCamMapper_1__GBM0 | banks_1_values_reg                                            | Implied        | 256 x 10             | RAM64M8 x 8    | 
|BoundedCamMapper_1__GBM0 | banks_0_values_reg                                            | Implied        | 256 x 10             | RAM64M8 x 8    | 
|PifoMesh                 | enque_enqueMapper/banks_0_reg                                 | Implied        | 128 x 7              | RAM64M8 x 2    | 
|PifoMesh                 | enque_enqueMapper/banks_1_reg                                 | Implied        | 128 x 7              | RAM64M8 x 2    | 
|PifoMesh                 | enque_flowIdStream_fifo/fifo/logic_ram_reg                    | User Attribute | 2 x 10               | RAM32M16 x 1   | 
|PifoMesh                 | engineMapper/ram_reg                                          | Implied        | 128 x 2              | RAM128X1D x 2  | 
|PifoMesh                 | lastVirtualMapper/ram_reg                                     | Implied        | 128 x 8              | RAM64M8 x 4    | 
|PifoMesh                 | flowStateUpdate_fifo/fifo/logic_ram_reg                       | User Attribute | 2 x 49               | RAM32M16 x 4   | 
|PifoMesh                 | brainStateMem/ram_reg                                         | Implied        | 128 x 32             | RAM64M8 x 10   | 
|PifoMesh                 | brainStateUpdate_toStream_fifo/fifo/logic_ram_reg             | User Attribute | 2 x 39               | RAM32M16 x 3   | 
|PifoMesh                 | engineMapper_io_readRes_toStream_fifo/fifo/logic_ram_reg      | User Attribute | 2 x 2                | RAM16X1D x 2   | 
|PifoMesh                 | brainStateMem_io_readRes_toStream_fifo/fifo/logic_ram_reg     | User Attribute | 2 x 32               | RAM32M16 x 3   | 
|PifoMesh                 | engineCAM_io_readRes_toStream_fifo/fifo/logic_ram_reg         | User Attribute | 2 x 32               | RAM32M16 x 3   | 
|PifoMesh                 | lastVirtualMapper_io_readRes_toStream_fifo/fifo/logic_ram_reg | User Attribute | 2 x 8                | RAM32M16 x 1   | 
|PifoMesh                 | io_outputs_4_fifo/fifo/logic_ram_reg                          | User Attribute | 2 x 17               | RAM32M16 x 2   | 
|PifoMesh                 | enque_enqueMapper/banks_0_reg                                 | Implied        | 128 x 7              | RAM64M8 x 2    | 
|PifoMesh                 | enque_enqueMapper/banks_1_reg                                 | Implied        | 128 x 7              | RAM64M8 x 2    | 
|PifoMesh                 | enque_flowIdStream_fifo/fifo/logic_ram_reg                    | User Attribute | 2 x 10               | RAM32M16 x 1   | 
|PifoMesh                 | engineMapper/ram_reg                                          | Implied        | 128 x 2              | RAM128X1D x 2  | 
|PifoMesh                 | lastVirtualMapper/ram_reg                                     | Implied        | 128 x 8              | RAM64M8 x 4    | 
|PifoMesh                 | flowStateUpdate_fifo/fifo/logic_ram_reg                       | User Attribute | 2 x 49               | RAM32M16 x 4   | 
|PifoMesh                 | brainStateMem/ram_reg                                         | Implied        | 128 x 32             | RAM64M8 x 10   | 
|PifoMesh                 | brainStateUpdate_toStream_fifo/fifo/logic_ram_reg             | User Attribute | 2 x 39               | RAM32M16 x 3   | 
|PifoMesh                 | engineMapper_io_readRes_toStream_fifo/fifo/logic_ram_reg      | User Attribute | 2 x 2                | RAM16X1D x 2   | 
|PifoMesh                 | brainStateMem_io_readRes_toStream_fifo/fifo/logic_ram_reg     | User Attribute | 2 x 32               | RAM32M16 x 3   | 
|PifoMesh                 | engineCAM_io_readRes_toStream_fifo/fifo/logic_ram_reg         | User Attribute | 2 x 32               | RAM32M16 x 3   | 
|PifoMesh                 | lastVirtualMapper_io_readRes_toStream_fifo/fifo/logic_ram_reg | User Attribute | 2 x 8                | RAM32M16 x 1   | 
|PifoMesh                 | io_outputs_4_fifo/fifo/logic_ram_reg                          | User Attribute | 2 x 17               | RAM32M16 x 2   | 
|PifoMesh                 | enque_enqueMapper/banks_0_reg                                 | Implied        | 128 x 7              | RAM64M8 x 2    | 
|PifoMesh                 | enque_enqueMapper/banks_1_reg                                 | Implied        | 128 x 7              | RAM64M8 x 2    | 
|PifoMesh                 | enque_flowIdStream_fifo/fifo/logic_ram_reg                    | User Attribute | 2 x 10               | RAM32M16 x 1   | 
|PifoMesh                 | engineMapper/ram_reg                                          | Implied        | 128 x 2              | RAM128X1D x 2  | 
|PifoMesh                 | lastVirtualMapper/ram_reg                                     | Implied        | 128 x 8              | RAM64M8 x 4    | 
|PifoMesh                 | flowStateUpdate_fifo/fifo/logic_ram_reg                       | User Attribute | 2 x 49               | RAM32M16 x 4   | 
|PifoMesh                 | brainStateMem/ram_reg                                         | Implied        | 128 x 32             | RAM64M8 x 10   | 
|PifoMesh                 | brainStateUpdate_toStream_fifo/fifo/logic_ram_reg             | User Attribute | 2 x 39               | RAM32M16 x 3   | 
|PifoMesh                 | engineMapper_io_readRes_toStream_fifo/fifo/logic_ram_reg      | User Attribute | 2 x 2                | RAM16X1D x 2   | 
|PifoMesh                 | brainStateMem_io_readRes_toStream_fifo/fifo/logic_ram_reg     | User Attribute | 2 x 32               | RAM32M16 x 3   | 
|PifoMesh                 | engineCAM_io_readRes_toStream_fifo/fifo/logic_ram_reg         | User Attribute | 2 x 32               | RAM32M16 x 3   | 
|PifoMesh                 | lastVirtualMapper_io_readRes_toStream_fifo/fifo/logic_ram_reg | User Attribute | 2 x 8                | RAM32M16 x 1   | 
|PifoMesh                 | io_outputs_4_fifo/fifo/logic_ram_reg                          | User Attribute | 2 x 17               | RAM32M16 x 2   | 
|PifoMesh                 | enque_enqueMapper/banks_0_reg                                 | Implied        | 128 x 7              | RAM64M8 x 2    | 
|PifoMesh                 | enque_enqueMapper/banks_1_reg                                 | Implied        | 128 x 7              | RAM64M8 x 2    | 
|PifoMesh                 | enque_flowIdStream_fifo/fifo/logic_ram_reg                    | User Attribute | 2 x 10               | RAM32M16 x 1   | 
|PifoMesh                 | engineMapper/ram_reg                                          | Implied        | 128 x 2              | RAM128X1D x 2  | 
|PifoMesh                 | lastVirtualMapper/ram_reg                                     | Implied        | 128 x 8              | RAM64M8 x 4    | 
|PifoMesh                 | flowStateUpdate_fifo/fifo/logic_ram_reg                       | User Attribute | 2 x 49               | RAM32M16 x 4   | 
|PifoMesh                 | brainStateMem/ram_reg                                         | Implied        | 128 x 32             | RAM64M8 x 10   | 
|PifoMesh                 | brainStateUpdate_toStream_fifo/fifo/logic_ram_reg             | User Attribute | 2 x 39               | RAM32M16 x 3   | 
|PifoMesh                 | engineMapper_io_readRes_toStream_fifo/fifo/logic_ram_reg      | User Attribute | 2 x 2                | RAM16X1D x 2   | 
|PifoMesh                 | brainStateMem_io_readRes_toStream_fifo/fifo/logic_ram_reg     | User Attribute | 2 x 32               | RAM32M16 x 3   | 
|PifoMesh                 | engineCAM_io_readRes_toStream_fifo/fifo/logic_ram_reg         | User Attribute | 2 x 32               | RAM32M16 x 3   | 
|PifoMesh                 | lastVirtualMapper_io_readRes_toStream_fifo/fifo/logic_ram_reg | User Attribute | 2 x 8                | RAM32M16 x 1   | 
|PifoMesh                 | io_outputs_4_fifo/fifo/logic_ram_reg                          | User Attribute | 2 x 17               | RAM32M16 x 2   | 
|PifoMesh                 | enque_enqueMapper/banks_0_reg                                 | Implied        | 128 x 7              | RAM64M8 x 2    | 
|PifoMesh                 | enque_enqueMapper/banks_1_reg                                 | Implied        | 128 x 7              | RAM64M8 x 2    | 
|PifoMesh                 | enque_flowIdStream_fifo/fifo/logic_ram_reg                    | User Attribute | 2 x 10               | RAM32M16 x 1   | 
|PifoMesh__GC0            | xbar/io_inputs_0_fifo/fifo/logic_ram_reg                      | User Attribute | 8 x 10               | RAM32M16 x 1   | 
|PifoMesh__GC0            | xbar/io_inputs_1_fifo/fifo/logic_ram_reg                      | User Attribute | 8 x 10               | RAM32M16 x 1   | 
|PifoMesh__GC0            | xbar/io_inputs_2_fifo/fifo/logic_ram_reg                      | User Attribute | 8 x 10               | RAM32M16 x 1   | 
|PifoMesh__GC0            | xbar/io_inputs_3_fifo/fifo/logic_ram_reg                      | User Attribute | 8 x 10               | RAM32M16 x 1   | 
|PifoMesh__GC0            | xbar/io_inputs_4_fifo/fifo/logic_ram_reg                      | User Attribute | 8 x 10               | RAM32M16 x 1   | 
|PifoMesh__GC0            | xbar/io_inputs_5_fifo/fifo/logic_ram_reg                      | User Attribute | 8 x 10               | RAM32M16 x 1   | 
+-------------------------+---------------------------------------------------------------+----------------+----------------------+----------------+

---------------------------------------------------------------------------------
Finished ROM, RAM, DSP, Shift Register and Retiming Reporting
---------------------------------------------------------------------------------
---------------------------------------------------------------------------------
Start Technology Mapping
---------------------------------------------------------------------------------
INFO: [Synth 8-7052] The timing for the instance pifoEngines_0/enque_brain/engineCAM/banks_0_values_reg (implemented as a Block RAM) might be sub-optimal as no optional output register could be merged into the ram block. Providing additional output register may help in improving timing.
INFO: [Synth 8-7052] The timing for the instance i_35/replayControl/storage_reg (implemented as a Block RAM) might be sub-optimal as no optional output register could be merged into the ram block. Providing additional output register may help in improving timing.
---------------------------------------------------------------------------------
Finished Technology Mapping : Time (s): cpu = 00:03:32 ; elapsed = 00:02:53 . Memory (MB): peak = 3990.773 ; gain = 1345.934 ; free physical = 78538 ; free virtual = 123783
---------------------------------------------------------------------------------
---------------------------------------------------------------------------------
Start IO Insertion
---------------------------------------------------------------------------------
---------------------------------------------------------------------------------
Start Flattening Before IO Insertion
---------------------------------------------------------------------------------
---------------------------------------------------------------------------------
Finished Flattening Before IO Insertion
---------------------------------------------------------------------------------
---------------------------------------------------------------------------------
Start Final Netlist Cleanup
---------------------------------------------------------------------------------
---------------------------------------------------------------------------------
Finished Final Netlist Cleanup
---------------------------------------------------------------------------------
---------------------------------------------------------------------------------
Finished IO Insertion : Time (s): cpu = 00:03:49 ; elapsed = 00:03:11 . Memory (MB): peak = 4145.352 ; gain = 1500.512 ; free physical = 78272 ; free virtual = 123517
---------------------------------------------------------------------------------
---------------------------------------------------------------------------------
Start Renaming Generated Instances
---------------------------------------------------------------------------------
---------------------------------------------------------------------------------
Finished Renaming Generated Instances : Time (s): cpu = 00:03:50 ; elapsed = 00:03:12 . Memory (MB): peak = 4145.352 ; gain = 1500.512 ; free physical = 78435 ; free virtual = 123681
---------------------------------------------------------------------------------
---------------------------------------------------------------------------------
Start Rebuilding User Hierarchy
---------------------------------------------------------------------------------
---------------------------------------------------------------------------------
Finished Rebuilding User Hierarchy : Time (s): cpu = 00:04:00 ; elapsed = 00:03:22 . Memory (MB): peak = 4192.297 ; gain = 1547.457 ; free physical = 71108 ; free virtual = 116444
---------------------------------------------------------------------------------
---------------------------------------------------------------------------------
Start Renaming Generated Ports
---------------------------------------------------------------------------------
---------------------------------------------------------------------------------
Finished Renaming Generated Ports : Time (s): cpu = 00:04:02 ; elapsed = 00:03:24 . Memory (MB): peak = 4192.297 ; gain = 1547.457 ; free physical = 69159 ; free virtual = 114499
---------------------------------------------------------------------------------
---------------------------------------------------------------------------------
Start Handling Custom Attributes
---------------------------------------------------------------------------------
---------------------------------------------------------------------------------
Finished Handling Custom Attributes : Time (s): cpu = 00:04:03 ; elapsed = 00:03:25 . Memory (MB): peak = 4192.297 ; gain = 1547.457 ; free physical = 68758 ; free virtual = 114092
---------------------------------------------------------------------------------
---------------------------------------------------------------------------------
Start Renaming Generated Nets
---------------------------------------------------------------------------------
---------------------------------------------------------------------------------
Finished Renaming Generated Nets : Time (s): cpu = 00:04:04 ; elapsed = 00:03:26 . Memory (MB): peak = 4192.297 ; gain = 1547.457 ; free physical = 68650 ; free virtual = 113984
---------------------------------------------------------------------------------
---------------------------------------------------------------------------------
Start Writing Synthesis Report
---------------------------------------------------------------------------------

Report BlackBoxes: 
+-+--------------+----------+
| |BlackBox name |Instances |
+-+--------------+----------+
+-+--------------+----------+

Report Cell Usage: 
+------+----------+------+
|      |Cell      |Count |
+------+----------+------+
|1     |CARRY8    |  8171|
|2     |LUT1      |  3955|
|3     |LUT2      |  4396|
|4     |LUT3      |  2994|
|5     |LUT4      | 19687|
|6     |LUT5      |  5027|
|7     |LUT6      | 53481|
|8     |MUXF7     |  1261|
|9     |MUXF8     |   616|
|10    |RAM128X1D |    10|
|11    |RAM16X1D  |    10|
|12    |RAM32M    |     5|
|13    |RAM32M16  |    46|
|14    |RAM32X1D  |    10|
|15    |RAM64M    |    40|
|16    |RAM64M8   |    90|
|17    |RAM64X1D  |    10|
|18    |RAMB18E2  |     5|
|19    |RAMB36E2  |     1|
|20    |FDCE      | 11251|
|21    |FDPE      |  1367|
|22    |FDRE      | 65716|
+------+----------+------+
---------------------------------------------------------------------------------
Finished Writing Synthesis Report : Time (s): cpu = 00:04:04 ; elapsed = 00:03:26 . Memory (MB): peak = 4192.297 ; gain = 1547.457 ; free physical = 68567 ; free virtual = 113903
---------------------------------------------------------------------------------
Synthesis finished with 0 errors, 0 critical warnings and 0 warnings.
Synthesis Optimization Runtime : Time (s): cpu = 00:03:34 ; elapsed = 00:03:11 . Memory (MB): peak = 4192.297 ; gain = 1369.500 ; free physical = 77784 ; free virtual = 123143
Synthesis Optimization Complete : Time (s): cpu = 00:04:05 ; elapsed = 00:03:32 . Memory (MB): peak = 4192.297 ; gain = 1547.457 ; free physical = 77799 ; free virtual = 123145
INFO: [Project 1-571] Translating synthesized netlist
Netlist sorting complete. Time (s): cpu = 00:00:02 ; elapsed = 00:00:02 . Memory (MB): peak = 4192.297 ; gain = 0.000 ; free physical = 76899 ; free virtual = 122266
INFO: [Netlist 29-17] Analyzing 10269 Unisim elements for replacement
INFO: [Netlist 29-28] Unisim Transformation completed in 0 CPU seconds
INFO: [Project 1-570] Preparing netlist for logic optimization
Parsing XDC File [/data/work/rio-synthesis/cam-shared-fifo-20260909/pe5-v128-c1024-q256-replay-vivado/pifo.xdc]
Finished Parsing XDC File [/data/work/rio-synthesis/cam-shared-fifo-20260909/pe5-v128-c1024-q256-replay-vivado/pifo.xdc]
INFO: [Opt 31-138] Pushed 0 inverter(s) to 0 load pin(s).
Netlist sorting complete. Time (s): cpu = 00:00:00.06 ; elapsed = 00:00:00.06 . Memory (MB): peak = 4192.297 ; gain = 0.000 ; free physical = 71492 ; free virtual = 117094
INFO: [Project 1-111] Unisim Transformation Summary:
  A total of 221 instances were transformed.
  RAM128X1D => RAM128X1D (MUXF7(x2), RAMD64E(x4)): 10 instances
  RAM16X1D => RAM32X1D (RAMD32(x2)): 10 instances
  RAM32M => RAM32M (RAMD32(x6), RAMS32(x2)): 5 instances
  RAM32M16 => RAM32M16 (RAMD32(x14), RAMS32(x2)): 46 instances
  RAM32X1D => RAM32X1D (RAMD32(x2)): 10 instances
  RAM64M => RAM64M (RAMD64E(x4)): 40 instances
  RAM64M8 => RAM64M8 (RAMD64E(x8)): 90 instances
  RAM64X1D => RAM64X1D (RAMD64E(x2)): 10 instances

Synth Design complete | Checksum: 6758dbbe
INFO: [Common 17-83] Releasing license: Synthesis
228 Infos, 90 Warnings, 0 Critical Warnings and 0 Errors encountered.
synth_design completed successfully
synth_design: Time (s): cpu = 00:04:49 ; elapsed = 00:04:17 . Memory (MB): peak = 4192.297 ; gain = 2606.551 ; free physical = 69335 ; free virtual = 114934
INFO: [Common 17-2834] synth_design peak Physical Memory [PSS] (MB): overall = 8969.510; main = 2987.268; forked = 6630.995
INFO: [Common 17-2834] synth_design peak Virtual Memory [VSS] (MB): overall = 18348.008; main = 4192.301; forked = 14844.492
# write_checkpoint -force [file join $build_dir pifo_synth.dcp]
INFO: [Timing 38-35] Done setting XDC timing constraints.
INFO: [Timing 38-480] Writing timing data to binary archive.
Write ShapeDB Complete: Time (s): cpu = 00:00:01 ; elapsed = 00:00:00.26 . Memory (MB): peak = 4272.336 ; gain = 0.000 ; free physical = 64371 ; free virtual = 109988
INFO: [Common 17-1381] The checkpoint '/data/work/rio-synthesis/cam-shared-fifo-20260909/pe5-v128-c1024-q256-replay-vivado/pifo_synth.dcp' has been generated.
write_checkpoint: Time (s): cpu = 00:00:33 ; elapsed = 00:00:19 . Memory (MB): peak = 4272.336 ; gain = 80.039 ; free physical = 60626 ; free virtual = 106250
# report_utilization -file [file join $report_dir utilization.rpt]
# report_utilization -hierarchical -hierarchical_depth 5 -file [file join $report_dir utilization-hierarchy.rpt]
# report_ram_utilization -file [file join $report_dir ram-utilization.rpt]
report_ram_utilization: Time (s): cpu = 00:00:00 ; elapsed = 00:00:00 . Memory (MB): peak = 4272.336 ; gain = 0.000 ; free physical = 60032 ; free virtual = 105656
# set blackboxes [get_cells -hierarchical -quiet -filter {IS_BLACKBOX == 1}]
# if {[llength $blackboxes] != 0} {
#     error "Unresolved blackboxes after synthesis: $blackboxes"
# }
# set primitive_counts [dict create]
# foreach cell [get_cells -hierarchical -quiet -filter {IS_PRIMITIVE == 1}] {
#     dict incr primitive_counts [get_property REF_NAME $cell]
# }
# set counts [open [file join $report_dir primitive-counts.tsv] w]
# puts $counts "primitive\tcount"
# foreach name [lsort [dict keys $primitive_counts]] {
#     puts $counts "$name\t[dict get $primitive_counts $name]"
# }
# close $counts
# set complete [open [file join $build_dir synthesis_complete.txt] w]
# puts $complete "Vivado [version -short]; $part; PifoMesh; out_of_context; [clock format [clock seconds]]"
# close $complete
# puts "PIFO_SYNTHESIS_COMPLETE: $report_dir"
PIFO_SYNTHESIS_COMPLETE: /data/work/rio-synthesis/cam-shared-fifo-20260909/pe5-v128-c1024-q256-replay-vivado/reports
INFO: [Common 17-206] Exiting Vivado at Wed Sep  9 12:46:58 2026...
