Info (22747): Value AUTO_DISCOVERY for QSF Assignment PWRMGT_VOLTAGE_OUTPUT_FORMAT is not supported. Hence changing the value to LINEAR_FORMAT
Info: *******************************************************************
Info: Running Quartus Prime Synthesis
    Info: Version 25.3.1 Build 100 12/19/2025 SC Pro Edition
    Info: Copyright (C) 2025  Altera Corporation. All rights reserved.
    Info: Your use of Altera Corporation's design tools, logic functions 
    Info: and other software and tools, and any partner logic 
    Info: functions, and any output files from any of the foregoing 
    Info: (including device programming or simulation files), and any 
    Info: associated documentation or information are expressly subject 
    Info: to the terms and conditions of the Altera Program License 
    Info: Subscription Agreement, the Altera Quartus Prime License Agreement,
    Info: the Altera IP License Agreement, or other applicable license
    Info: agreement, including, without limitation, that your use is for
    Info: the sole purpose of programming logic devices manufactured by
    Info: Altera and sold by Altera or its authorized distributors.  Please
    Info: refer to the Altera Software License Subscription Agreements 
    Info: on the Quartus Prime software download page.
    Info: Processing started: Sun Sep  6 22:58:31 2026
    Info: System process ID: 303781
Info: Command: quartus_syn pifo
Info: qis_default_flow_script.tcl version: #2
Info: Initializing Synthesis...
Info: Project = "pifo"
Info: Revision = "pifo"
Info (21958): Initialized Quartus Message Database
Info: Analyzing source files
Critical Warning (20759): Use the Reset Release IP in Agilex 7 designs to ensure a successful configuration. For more information about the Reset Release IP, refer to the Configuration User Guide.
Info: Elaborating from top-level entity "PifoMesh"
Info (22567): Verilog HDL info at PifoMesh.v(44056): extracting RAM for identifier 'logic_ram' File: /data/work/rio-synthesis/hardware-overhead/rio-only-pe5-v512-c1024-dynamic-quartus/quartus-rtl/PifoMesh.v Line: 44056
Info (22567): Verilog HDL info at PifoMesh.v(41214): extracting RAM for identifier 'banks_0' File: /data/work/rio-synthesis/hardware-overhead/rio-only-pe5-v512-c1024-dynamic-quartus/quartus-rtl/PifoMesh.v Line: 41214
Info (22567): Verilog HDL info at PifoMesh.v(41216): extracting RAM for identifier 'banks_1' File: /data/work/rio-synthesis/hardware-overhead/rio-only-pe5-v512-c1024-dynamic-quartus/quartus-rtl/PifoMesh.v Line: 41216
Info (22567): Verilog HDL info at PifoMesh.v(43901): extracting RAM for identifier 'logic_ram' File: /data/work/rio-synthesis/hardware-overhead/rio-only-pe5-v512-c1024-dynamic-quartus/quartus-rtl/PifoMesh.v Line: 43901
Info (22567): Verilog HDL info at PifoMesh.v(43694): extracting RAM for identifier 'ram' File: /data/work/rio-synthesis/hardware-overhead/rio-only-pe5-v512-c1024-dynamic-quartus/quartus-rtl/PifoMesh.v Line: 43694
Info (22567): Verilog HDL info at PifoMesh.v(43638): extracting RAM for identifier 'ram' File: /data/work/rio-synthesis/hardware-overhead/rio-only-pe5-v512-c1024-dynamic-quartus/quartus-rtl/PifoMesh.v Line: 43638
Info (22567): Verilog HDL info at PifoMesh.v(43582): extracting RAM for identifier 'ram' File: /data/work/rio-synthesis/hardware-overhead/rio-only-pe5-v512-c1024-dynamic-quartus/quartus-rtl/PifoMesh.v Line: 43582
Info (22567): Verilog HDL info at PifoMesh.v(44907): extracting RAM for identifier 'logic_ram' File: /data/work/rio-synthesis/hardware-overhead/rio-only-pe5-v512-c1024-dynamic-quartus/quartus-rtl/PifoMesh.v Line: 44907
Info (22567): Verilog HDL info at PifoMesh.v(43408): extracting RAM for identifier 'ram' File: /data/work/rio-synthesis/hardware-overhead/rio-only-pe5-v512-c1024-dynamic-quartus/quartus-rtl/PifoMesh.v Line: 43408
Info (22567): Verilog HDL info at PifoMesh.v(44762): extracting RAM for identifier 'logic_ram' File: /data/work/rio-synthesis/hardware-overhead/rio-only-pe5-v512-c1024-dynamic-quartus/quartus-rtl/PifoMesh.v Line: 44762
Info (22567): Verilog HDL info at PifoMesh.v(44628): extracting RAM for identifier 'logic_ram' File: /data/work/rio-synthesis/hardware-overhead/rio-only-pe5-v512-c1024-dynamic-quartus/quartus-rtl/PifoMesh.v Line: 44628
Info (22567): Verilog HDL info at PifoMesh.v(44500): extracting RAM for identifier 'logic_ram' File: /data/work/rio-synthesis/hardware-overhead/rio-only-pe5-v512-c1024-dynamic-quartus/quartus-rtl/PifoMesh.v Line: 44500
Info (22567): Verilog HDL info at PifoMesh.v(44370): extracting RAM for identifier 'logic_ram' File: /data/work/rio-synthesis/hardware-overhead/rio-only-pe5-v512-c1024-dynamic-quartus/quartus-rtl/PifoMesh.v Line: 44370
Info (22567): Verilog HDL info at PifoMesh.v(44231): extracting RAM for identifier 'logic_ram' File: /data/work/rio-synthesis/hardware-overhead/rio-only-pe5-v512-c1024-dynamic-quartus/quartus-rtl/PifoMesh.v Line: 44231
Info (22567): Verilog HDL info at PifoMesh.v(39948): extracting RAM for identifier 'banks_0' File: /data/work/rio-synthesis/hardware-overhead/rio-only-pe5-v512-c1024-dynamic-quartus/quartus-rtl/PifoMesh.v Line: 39948
Info (22567): Verilog HDL info at PifoMesh.v(39950): extracting RAM for identifier 'banks_1' File: /data/work/rio-synthesis/hardware-overhead/rio-only-pe5-v512-c1024-dynamic-quartus/quartus-rtl/PifoMesh.v Line: 39950
Info (22567): Verilog HDL info at PifoMesh.v(42808): extracting RAM for identifier 'logic_ram' File: /data/work/rio-synthesis/hardware-overhead/rio-only-pe5-v512-c1024-dynamic-quartus/quartus-rtl/PifoMesh.v Line: 42808
Info (22567): Verilog HDL info at PifoMesh.v(12914): extracting RAM for identifier 'banks_0' File: /data/work/rio-synthesis/hardware-overhead/rio-only-pe5-v512-c1024-dynamic-quartus/quartus-rtl/PifoMesh.v Line: 12914
Info (22567): Verilog HDL info at PifoMesh.v(12916): extracting RAM for identifier 'banks_1' File: /data/work/rio-synthesis/hardware-overhead/rio-only-pe5-v512-c1024-dynamic-quartus/quartus-rtl/PifoMesh.v Line: 12916
Info (22567): Verilog HDL info at PifoMesh.v(42712): extracting RAM for identifier 'ram' File: /data/work/rio-synthesis/hardware-overhead/rio-only-pe5-v512-c1024-dynamic-quartus/quartus-rtl/PifoMesh.v Line: 42712
Info (22567): Verilog HDL info at PifoMesh.v(42656): extracting RAM for identifier 'ram' File: /data/work/rio-synthesis/hardware-overhead/rio-only-pe5-v512-c1024-dynamic-quartus/quartus-rtl/PifoMesh.v Line: 42656
Info (22567): Verilog HDL info at PifoMesh.v(42600): extracting RAM for identifier 'ram' File: /data/work/rio-synthesis/hardware-overhead/rio-only-pe5-v512-c1024-dynamic-quartus/quartus-rtl/PifoMesh.v Line: 42600
Info (22567): Verilog HDL info at PifoMesh.v(42540): extracting RAM for identifier 'ram' File: /data/work/rio-synthesis/hardware-overhead/rio-only-pe5-v512-c1024-dynamic-quartus/quartus-rtl/PifoMesh.v Line: 42540
Info (22567): Verilog HDL info at PifoMesh.v(11693): extracting RAM for identifier 'banks_0' File: /data/work/rio-synthesis/hardware-overhead/rio-only-pe5-v512-c1024-dynamic-quartus/quartus-rtl/PifoMesh.v Line: 11693
Info (22567): Verilog HDL info at PifoMesh.v(11695): extracting RAM for identifier 'banks_1' File: /data/work/rio-synthesis/hardware-overhead/rio-only-pe5-v512-c1024-dynamic-quartus/quartus-rtl/PifoMesh.v Line: 11695
Info (22567): Verilog HDL info at PifoMesh.v(11527): extracting RAM for identifier 'banks_0' File: /data/work/rio-synthesis/hardware-overhead/rio-only-pe5-v512-c1024-dynamic-quartus/quartus-rtl/PifoMesh.v Line: 11527
Info (22567): Verilog HDL info at PifoMesh.v(11529): extracting RAM for identifier 'banks_1' File: /data/work/rio-synthesis/hardware-overhead/rio-only-pe5-v512-c1024-dynamic-quartus/quartus-rtl/PifoMesh.v Line: 11529
Info (22567): Verilog HDL info at PifoMesh.v(42462): extracting RAM for identifier 'ram' File: /data/work/rio-synthesis/hardware-overhead/rio-only-pe5-v512-c1024-dynamic-quartus/quartus-rtl/PifoMesh.v Line: 42462
Info (22567): Verilog HDL info at PifoMesh.v(42406): extracting RAM for identifier 'ram' File: /data/work/rio-synthesis/hardware-overhead/rio-only-pe5-v512-c1024-dynamic-quartus/quartus-rtl/PifoMesh.v Line: 42406
Info (22567): Verilog HDL info at PifoMesh.v(42350): extracting RAM for identifier 'ram' File: /data/work/rio-synthesis/hardware-overhead/rio-only-pe5-v512-c1024-dynamic-quartus/quartus-rtl/PifoMesh.v Line: 42350
Info (22567): Verilog HDL info at PifoMesh.v(42290): extracting RAM for identifier 'ram' File: /data/work/rio-synthesis/hardware-overhead/rio-only-pe5-v512-c1024-dynamic-quartus/quartus-rtl/PifoMesh.v Line: 42290
Info (22567): Verilog HDL info at PifoMesh.v(10306): extracting RAM for identifier 'banks_0' File: /data/work/rio-synthesis/hardware-overhead/rio-only-pe5-v512-c1024-dynamic-quartus/quartus-rtl/PifoMesh.v Line: 10306
Info (22567): Verilog HDL info at PifoMesh.v(10308): extracting RAM for identifier 'banks_1' File: /data/work/rio-synthesis/hardware-overhead/rio-only-pe5-v512-c1024-dynamic-quartus/quartus-rtl/PifoMesh.v Line: 10308
Info (22567): Verilog HDL info at PifoMesh.v(10140): extracting RAM for identifier 'banks_0' File: /data/work/rio-synthesis/hardware-overhead/rio-only-pe5-v512-c1024-dynamic-quartus/quartus-rtl/PifoMesh.v Line: 10140
Info (22567): Verilog HDL info at PifoMesh.v(10142): extracting RAM for identifier 'banks_1' File: /data/work/rio-synthesis/hardware-overhead/rio-only-pe5-v512-c1024-dynamic-quartus/quartus-rtl/PifoMesh.v Line: 10142
Info (22567): Verilog HDL info at PifoMesh.v(42212): extracting RAM for identifier 'ram' File: /data/work/rio-synthesis/hardware-overhead/rio-only-pe5-v512-c1024-dynamic-quartus/quartus-rtl/PifoMesh.v Line: 42212
Info (22567): Verilog HDL info at PifoMesh.v(42156): extracting RAM for identifier 'ram' File: /data/work/rio-synthesis/hardware-overhead/rio-only-pe5-v512-c1024-dynamic-quartus/quartus-rtl/PifoMesh.v Line: 42156
Info (22567): Verilog HDL info at PifoMesh.v(42100): extracting RAM for identifier 'ram' File: /data/work/rio-synthesis/hardware-overhead/rio-only-pe5-v512-c1024-dynamic-quartus/quartus-rtl/PifoMesh.v Line: 42100
Info (22567): Verilog HDL info at PifoMesh.v(42040): extracting RAM for identifier 'ram' File: /data/work/rio-synthesis/hardware-overhead/rio-only-pe5-v512-c1024-dynamic-quartus/quartus-rtl/PifoMesh.v Line: 42040
Info (22567): Verilog HDL info at PifoMesh.v(8919): extracting RAM for identifier 'banks_0' File: /data/work/rio-synthesis/hardware-overhead/rio-only-pe5-v512-c1024-dynamic-quartus/quartus-rtl/PifoMesh.v Line: 8919
Info (22567): Verilog HDL info at PifoMesh.v(8921): extracting RAM for identifier 'banks_1' File: /data/work/rio-synthesis/hardware-overhead/rio-only-pe5-v512-c1024-dynamic-quartus/quartus-rtl/PifoMesh.v Line: 8921
Info (22567): Verilog HDL info at PifoMesh.v(8753): extracting RAM for identifier 'banks_0' File: /data/work/rio-synthesis/hardware-overhead/rio-only-pe5-v512-c1024-dynamic-quartus/quartus-rtl/PifoMesh.v Line: 8753
Info (22567): Verilog HDL info at PifoMesh.v(8755): extracting RAM for identifier 'banks_1' File: /data/work/rio-synthesis/hardware-overhead/rio-only-pe5-v512-c1024-dynamic-quartus/quartus-rtl/PifoMesh.v Line: 8755
Info (22567): Verilog HDL info at PifoMesh.v(41962): extracting RAM for identifier 'ram' File: /data/work/rio-synthesis/hardware-overhead/rio-only-pe5-v512-c1024-dynamic-quartus/quartus-rtl/PifoMesh.v Line: 41962
Info (22567): Verilog HDL info at PifoMesh.v(41906): extracting RAM for identifier 'ram' File: /data/work/rio-synthesis/hardware-overhead/rio-only-pe5-v512-c1024-dynamic-quartus/quartus-rtl/PifoMesh.v Line: 41906
Info (22567): Verilog HDL info at PifoMesh.v(41850): extracting RAM for identifier 'ram' File: /data/work/rio-synthesis/hardware-overhead/rio-only-pe5-v512-c1024-dynamic-quartus/quartus-rtl/PifoMesh.v Line: 41850
Info (22567): Verilog HDL info at PifoMesh.v(41790): extracting RAM for identifier 'ram' File: /data/work/rio-synthesis/hardware-overhead/rio-only-pe5-v512-c1024-dynamic-quartus/quartus-rtl/PifoMesh.v Line: 41790
Info (22567): Verilog HDL info at PifoMesh.v(7532): extracting RAM for identifier 'banks_0' File: /data/work/rio-synthesis/hardware-overhead/rio-only-pe5-v512-c1024-dynamic-quartus/quartus-rtl/PifoMesh.v Line: 7532
Info (22567): Verilog HDL info at PifoMesh.v(7534): extracting RAM for identifier 'banks_1' File: /data/work/rio-synthesis/hardware-overhead/rio-only-pe5-v512-c1024-dynamic-quartus/quartus-rtl/PifoMesh.v Line: 7534
Info (22567): Verilog HDL info at PifoMesh.v(2073): extracting RAM for identifier 'logic_ram' File: /data/work/rio-synthesis/hardware-overhead/rio-only-pe5-v512-c1024-dynamic-quartus/quartus-rtl/PifoMesh.v Line: 2073
Info: Found 74 design entities
Info: There are 204 partitions after elaboration.
Info: DA report generation in native DNI mode
Info (21615): Running Design Assistant Rules for snapshot 'partitioned'
Info: No waiver waived any violations
Info (22360): Design Assistant Results: 8 of 10 enabled rules passed, and 1 rules was disabled, in snapshot 'partitioned'
Warning (21620): Design Assistant Results: 1 of 1 High severity rules issued violations in snapshot 'partitioned'. Please refer to DRC report '/data/work/rio-synthesis/hardware-overhead/rio-only-pe5-v512-c1024-dynamic-quartus/output_files/pifo.drc.partitioned.rpt' for more information
Info (21621): Design Assistant Results: 1 of 1 Medium severity rules issued violations in snapshot 'partitioned'. Please refer to DRC report '/data/work/rio-synthesis/hardware-overhead/rio-only-pe5-v512-c1024-dynamic-quartus/output_files/pifo.drc.partitioned.rpt' for more information
Info (21622): Design Assistant Results: 0 of 8 Low severity rules issued violations in snapshot 'partitioned'
Info: Synthesizing partition "root_partition"
Warning (276020): Inferred RAM node "xbar|io_inputs_0_fifo|fifo|logic_ram_rtl_0" from synchronous design logic.  Pass-through logic has been added to match the read-during-write behavior of the original design. File: /data/work/rio-synthesis/hardware-overhead/rio-only-pe5-v512-c1024-dynamic-quartus/quartus-rtl/PifoMesh.v Line: 44056
Warning (276020): Inferred RAM node "xbar|io_inputs_1_fifo|fifo|logic_ram_rtl_0" from synchronous design logic.  Pass-through logic has been added to match the read-during-write behavior of the original design. File: /data/work/rio-synthesis/hardware-overhead/rio-only-pe5-v512-c1024-dynamic-quartus/quartus-rtl/PifoMesh.v Line: 44056
Warning (276020): Inferred RAM node "xbar|io_inputs_2_fifo|fifo|logic_ram_rtl_0" from synchronous design logic.  Pass-through logic has been added to match the read-during-write behavior of the original design. File: /data/work/rio-synthesis/hardware-overhead/rio-only-pe5-v512-c1024-dynamic-quartus/quartus-rtl/PifoMesh.v Line: 44056
Warning (276020): Inferred RAM node "xbar|io_inputs_3_fifo|fifo|logic_ram_rtl_0" from synchronous design logic.  Pass-through logic has been added to match the read-during-write behavior of the original design. File: /data/work/rio-synthesis/hardware-overhead/rio-only-pe5-v512-c1024-dynamic-quartus/quartus-rtl/PifoMesh.v Line: 44056
Warning (276020): Inferred RAM node "xbar|io_inputs_4_fifo|fifo|logic_ram_rtl_0" from synchronous design logic.  Pass-through logic has been added to match the read-during-write behavior of the original design. File: /data/work/rio-synthesis/hardware-overhead/rio-only-pe5-v512-c1024-dynamic-quartus/quartus-rtl/PifoMesh.v Line: 44056
Warning (276020): Inferred RAM node "xbar|io_inputs_5_fifo|fifo|logic_ram_rtl_0" from synchronous design logic.  Pass-through logic has been added to match the read-during-write behavior of the original design. File: /data/work/rio-synthesis/hardware-overhead/rio-only-pe5-v512-c1024-dynamic-quartus/quartus-rtl/PifoMesh.v Line: 44056
Info (276014): Found 25 instances of uninferred RAM logic
    Info (276004): RAM logic "pifoEngines_0|enque_brain|flowStateUpdate_toStream_fifo|fifo|logic_ram" is uninferred due to inappropriate RAM size File: /data/work/rio-synthesis/hardware-overhead/rio-only-pe5-v512-c1024-dynamic-quartus/quartus-rtl/PifoMesh.v Line: 44907
    Info (276004): RAM logic "pifoEngines_0|enque_brain|brainStateUpdate_toStream_fifo|fifo|logic_ram" is uninferred due to inappropriate RAM size File: /data/work/rio-synthesis/hardware-overhead/rio-only-pe5-v512-c1024-dynamic-quartus/quartus-rtl/PifoMesh.v Line: 44762
    Info (276004): RAM logic "pifoEngines_0|enque_brain|brainStateMem_io_readRes_toStream_fifo|fifo|logic_ram" is uninferred due to inappropriate RAM size File: /data/work/rio-synthesis/hardware-overhead/rio-only-pe5-v512-c1024-dynamic-quartus/quartus-rtl/PifoMesh.v Line: 44500
    Info (276004): RAM logic "pifoEngines_0|enque_brain|engineCAM_io_readRes_toStream_fifo|fifo|logic_ram" is uninferred due to inappropriate RAM size File: /data/work/rio-synthesis/hardware-overhead/rio-only-pe5-v512-c1024-dynamic-quartus/quartus-rtl/PifoMesh.v Line: 44500
    Info (276004): RAM logic "pifoEngines_0|enque_brain|io_outputs_4_fifo|fifo|logic_ram" is uninferred due to inappropriate RAM size File: /data/work/rio-synthesis/hardware-overhead/rio-only-pe5-v512-c1024-dynamic-quartus/quartus-rtl/PifoMesh.v Line: 44231
    Info (276004): RAM logic "pifoEngines_1|enque_brain|flowStateUpdate_toStream_fifo|fifo|logic_ram" is uninferred due to inappropriate RAM size File: /data/work/rio-synthesis/hardware-overhead/rio-only-pe5-v512-c1024-dynamic-quartus/quartus-rtl/PifoMesh.v Line: 44907
    Info (276004): RAM logic "pifoEngines_1|enque_brain|brainStateUpdate_toStream_fifo|fifo|logic_ram" is uninferred due to inappropriate RAM size File: /data/work/rio-synthesis/hardware-overhead/rio-only-pe5-v512-c1024-dynamic-quartus/quartus-rtl/PifoMesh.v Line: 44762
    Info (276004): RAM logic "pifoEngines_1|enque_brain|brainStateMem_io_readRes_toStream_fifo|fifo|logic_ram" is uninferred due to inappropriate RAM size File: /data/work/rio-synthesis/hardware-overhead/rio-only-pe5-v512-c1024-dynamic-quartus/quartus-rtl/PifoMesh.v Line: 44500
    Info (276004): RAM logic "pifoEngines_1|enque_brain|engineCAM_io_readRes_toStream_fifo|fifo|logic_ram" is uninferred due to inappropriate RAM size File: /data/work/rio-synthesis/hardware-overhead/rio-only-pe5-v512-c1024-dynamic-quartus/quartus-rtl/PifoMesh.v Line: 44500
    Info (276004): RAM logic "pifoEngines_1|enque_brain|io_outputs_4_fifo|fifo|logic_ram" is uninferred due to inappropriate RAM size File: /data/work/rio-synthesis/hardware-overhead/rio-only-pe5-v512-c1024-dynamic-quartus/quartus-rtl/PifoMesh.v Line: 44231
    Info (276004): RAM logic "pifoEngines_2|enque_brain|flowStateUpdate_toStream_fifo|fifo|logic_ram" is uninferred due to inappropriate RAM size File: /data/work/rio-synthesis/hardware-overhead/rio-only-pe5-v512-c1024-dynamic-quartus/quartus-rtl/PifoMesh.v Line: 44907
    Info (276004): RAM logic "pifoEngines_2|enque_brain|brainStateUpdate_toStream_fifo|fifo|logic_ram" is uninferred due to inappropriate RAM size File: /data/work/rio-synthesis/hardware-overhead/rio-only-pe5-v512-c1024-dynamic-quartus/quartus-rtl/PifoMesh.v Line: 44762
    Info (276004): RAM logic "pifoEngines_2|enque_brain|brainStateMem_io_readRes_toStream_fifo|fifo|logic_ram" is uninferred due to inappropriate RAM size File: /data/work/rio-synthesis/hardware-overhead/rio-only-pe5-v512-c1024-dynamic-quartus/quartus-rtl/PifoMesh.v Line: 44500
    Info (276004): RAM logic "pifoEngines_2|enque_brain|engineCAM_io_readRes_toStream_fifo|fifo|logic_ram" is uninferred due to inappropriate RAM size File: /data/work/rio-synthesis/hardware-overhead/rio-only-pe5-v512-c1024-dynamic-quartus/quartus-rtl/PifoMesh.v Line: 44500
    Info (276004): RAM logic "pifoEngines_2|enque_brain|io_outputs_4_fifo|fifo|logic_ram" is uninferred due to inappropriate RAM size File: /data/work/rio-synthesis/hardware-overhead/rio-only-pe5-v512-c1024-dynamic-quartus/quartus-rtl/PifoMesh.v Line: 44231
    Info (276004): RAM logic "pifoEngines_3|enque_brain|flowStateUpdate_toStream_fifo|fifo|logic_ram" is uninferred due to inappropriate RAM size File: /data/work/rio-synthesis/hardware-overhead/rio-only-pe5-v512-c1024-dynamic-quartus/quartus-rtl/PifoMesh.v Line: 44907
    Info (276004): RAM logic "pifoEngines_3|enque_brain|brainStateUpdate_toStream_fifo|fifo|logic_ram" is uninferred due to inappropriate RAM size File: /data/work/rio-synthesis/hardware-overhead/rio-only-pe5-v512-c1024-dynamic-quartus/quartus-rtl/PifoMesh.v Line: 44762
    Info (276004): RAM logic "pifoEngines_3|enque_brain|brainStateMem_io_readRes_toStream_fifo|fifo|logic_ram" is uninferred due to inappropriate RAM size File: /data/work/rio-synthesis/hardware-overhead/rio-only-pe5-v512-c1024-dynamic-quartus/quartus-rtl/PifoMesh.v Line: 44500
    Info (276004): RAM logic "pifoEngines_3|enque_brain|engineCAM_io_readRes_toStream_fifo|fifo|logic_ram" is uninferred due to inappropriate RAM size File: /data/work/rio-synthesis/hardware-overhead/rio-only-pe5-v512-c1024-dynamic-quartus/quartus-rtl/PifoMesh.v Line: 44500
    Info (276004): RAM logic "pifoEngines_3|enque_brain|io_outputs_4_fifo|fifo|logic_ram" is uninferred due to inappropriate RAM size File: /data/work/rio-synthesis/hardware-overhead/rio-only-pe5-v512-c1024-dynamic-quartus/quartus-rtl/PifoMesh.v Line: 44231
    Info (276004): RAM logic "pifoEngines_4|enque_brain|flowStateUpdate_toStream_fifo|fifo|logic_ram" is uninferred due to inappropriate RAM size File: /data/work/rio-synthesis/hardware-overhead/rio-only-pe5-v512-c1024-dynamic-quartus/quartus-rtl/PifoMesh.v Line: 44907
    Info (276004): RAM logic "pifoEngines_4|enque_brain|brainStateUpdate_toStream_fifo|fifo|logic_ram" is uninferred due to inappropriate RAM size File: /data/work/rio-synthesis/hardware-overhead/rio-only-pe5-v512-c1024-dynamic-quartus/quartus-rtl/PifoMesh.v Line: 44762
    Info (276004): RAM logic "pifoEngines_4|enque_brain|brainStateMem_io_readRes_toStream_fifo|fifo|logic_ram" is uninferred due to inappropriate RAM size File: /data/work/rio-synthesis/hardware-overhead/rio-only-pe5-v512-c1024-dynamic-quartus/quartus-rtl/PifoMesh.v Line: 44500
    Info (276004): RAM logic "pifoEngines_4|enque_brain|engineCAM_io_readRes_toStream_fifo|fifo|logic_ram" is uninferred due to inappropriate RAM size File: /data/work/rio-synthesis/hardware-overhead/rio-only-pe5-v512-c1024-dynamic-quartus/quartus-rtl/PifoMesh.v Line: 44500
    Info (276004): RAM logic "pifoEngines_4|enque_brain|io_outputs_4_fifo|fifo|logic_ram" is uninferred due to inappropriate RAM size File: /data/work/rio-synthesis/hardware-overhead/rio-only-pe5-v512-c1024-dynamic-quartus/quartus-rtl/PifoMesh.v Line: 44231
Info (19000): Inferred 32 megafunctions from design logic
    Info (276029): Inferred altsyncram megafunction from the following design logic: "io_controlRequest_fifo|logic_ram_rtl_0"  File: /data/work/rio-synthesis/hardware-overhead/rio-only-pe5-v512-c1024-dynamic-quartus/quartus-rtl/PifoMesh.v Line: 2073
        Info (286033): Parameter OPERATION_MODE set to DUAL_PORT
        Info (286033): Parameter WIDTH_A set to 59
        Info (286033): Parameter WIDTHAD_A set to 2
        Info (286033): Parameter NUMWORDS_A set to 4
        Info (286033): Parameter WIDTH_B set to 59
        Info (286033): Parameter WIDTHAD_B set to 2
        Info (286033): Parameter NUMWORDS_B set to 4
        Info (286033): Parameter ADDRESS_ACLR_A set to NONE
        Info (286033): Parameter OUTDATA_REG_B set to UNREGISTERED
        Info (286033): Parameter ADDRESS_ACLR_B set to NONE
        Info (286033): Parameter OUTDATA_ACLR_B set to NONE
        Info (286033): Parameter ADDRESS_REG_B set to CLOCK0
        Info (286033): Parameter INDATA_ACLR_A set to NONE
        Info (286033): Parameter WRCONTROL_ACLR_A set to NONE
        Info (286033): Parameter READ_DURING_WRITE_MODE_MIXED_PORTS set to OLD_DATA
        Info (286033): Parameter RDCONTROL_REG_B set to CLOCK0
    Info (276029): Inferred altsyncram megafunction from the following design logic: "pifoEngines_0|deque_dequeMapper|banks_0_rtl_0"  File: /data/work/rio-synthesis/hardware-overhead/rio-only-pe5-v512-c1024-dynamic-quartus/quartus-rtl/PifoMesh.v Line: 39948
        Info (286033): Parameter OPERATION_MODE set to DUAL_PORT
        Info (286033): Parameter WIDTH_A set to 12
        Info (286033): Parameter WIDTHAD_A set to 21
        Info (286033): Parameter NUMWORDS_A set to 2097152
        Info (286033): Parameter WIDTH_B set to 12
        Info (286033): Parameter WIDTHAD_B set to 21
        Info (286033): Parameter NUMWORDS_B set to 2097152
        Info (286033): Parameter ADDRESS_ACLR_A set to NONE
        Info (286033): Parameter OUTDATA_REG_B set to UNREGISTERED
        Info (286033): Parameter ADDRESS_ACLR_B set to NONE
        Info (286033): Parameter OUTDATA_ACLR_B set to NONE
        Info (286033): Parameter ADDRESS_REG_B set to CLOCK0
        Info (286033): Parameter INDATA_ACLR_A set to NONE
        Info (286033): Parameter WRCONTROL_ACLR_A set to NONE
        Info (286033): Parameter INIT_FILE set to /data/work/rio-synthesis/hardware-overhead/rio-only-pe5-v512-c1024-dynamic-quartus/quartus-rtl/PifoMesh.v_toplevel_pifoEngines_0_deque_dequeMapper_banks_0.bin.mif
        Info (286033): Parameter READ_DURING_WRITE_MODE_MIXED_PORTS set to OLD_DATA
        Info (286033): Parameter RDCONTROL_REG_B set to CLOCK0
    Info (276029): Inferred altsyncram megafunction from the following design logic: "pifoEngines_0|deque_dequeMapper|banks_0_rtl_1"  File: /data/work/rio-synthesis/hardware-overhead/rio-only-pe5-v512-c1024-dynamic-quartus/quartus-rtl/PifoMesh.v Line: 39948
        Info (286033): Parameter OPERATION_MODE set to DUAL_PORT
        Info (286033): Parameter WIDTH_A set to 12
        Info (286033): Parameter WIDTHAD_A set to 21
        Info (286033): Parameter NUMWORDS_A set to 2097152
        Info (286033): Parameter WIDTH_B set to 12
        Info (286033): Parameter WIDTHAD_B set to 21
        Info (286033): Parameter NUMWORDS_B set to 2097152
        Info (286033): Parameter ADDRESS_ACLR_A set to NONE
        Info (286033): Parameter OUTDATA_REG_B set to UNREGISTERED
        Info (286033): Parameter ADDRESS_ACLR_B set to NONE
        Info (286033): Parameter OUTDATA_ACLR_B set to NONE
        Info (286033): Parameter ADDRESS_REG_B set to CLOCK0
        Info (286033): Parameter INDATA_ACLR_A set to NONE
        Info (286033): Parameter WRCONTROL_ACLR_A set to NONE
        Info (286033): Parameter INIT_FILE set to /data/work/rio-synthesis/hardware-overhead/rio-only-pe5-v512-c1024-dynamic-quartus/quartus-rtl/PifoMesh.v_toplevel_pifoEngines_0_deque_dequeMapper_banks_0.bin.mif
        Info (286033): Parameter READ_DURING_WRITE_MODE_MIXED_PORTS set to OLD_DATA
        Info (286033): Parameter RDCONTROL_REG_B set to CLOCK0
    Info (276029): Inferred altsyncram megafunction from the following design logic: "pifoEngines_0|deque_dequeMapper|banks_1_rtl_0"  File: /data/work/rio-synthesis/hardware-overhead/rio-only-pe5-v512-c1024-dynamic-quartus/quartus-rtl/PifoMesh.v Line: 39950
        Info (286033): Parameter OPERATION_MODE set to DUAL_PORT
        Info (286033): Parameter WIDTH_A set to 12
        Info (286033): Parameter WIDTHAD_A set to 21
        Info (286033): Parameter NUMWORDS_A set to 2097152
        Info (286033): Parameter WIDTH_B set to 12
        Info (286033): Parameter WIDTHAD_B set to 21
        Info (286033): Parameter NUMWORDS_B set to 2097152
        Info (286033): Parameter ADDRESS_ACLR_A set to NONE
        Info (286033): Parameter OUTDATA_REG_B set to UNREGISTERED
        Info (286033): Parameter ADDRESS_ACLR_B set to NONE
        Info (286033): Parameter OUTDATA_ACLR_B set to NONE
        Info (286033): Parameter ADDRESS_REG_B set to CLOCK0
        Info (286033): Parameter INDATA_ACLR_A set to NONE
        Info (286033): Parameter WRCONTROL_ACLR_A set to NONE
        Info (286033): Parameter INIT_FILE set to /data/work/rio-synthesis/hardware-overhead/rio-only-pe5-v512-c1024-dynamic-quartus/quartus-rtl/PifoMesh.v_toplevel_pifoEngines_0_deque_dequeMapper_banks_1.bin.mif
        Info (286033): Parameter READ_DURING_WRITE_MODE_MIXED_PORTS set to OLD_DATA
        Info (286033): Parameter RDCONTROL_REG_B set to CLOCK0
    Info (276029): Inferred altsyncram megafunction from the following design logic: "pifoEngines_0|deque_dequeMapper|banks_1_rtl_1"  File: /data/work/rio-synthesis/hardware-overhead/rio-only-pe5-v512-c1024-dynamic-quartus/quartus-rtl/PifoMesh.v Line: 39950
        Info (286033): Parameter OPERATION_MODE set to DUAL_PORT
        Info (286033): Parameter WIDTH_A set to 12
        Info (286033): Parameter WIDTHAD_A set to 21
        Info (286033): Parameter NUMWORDS_A set to 2097152
        Info (286033): Parameter WIDTH_B set to 12
        Info (286033): Parameter WIDTHAD_B set to 21
        Info (286033): Parameter NUMWORDS_B set to 2097152
        Info (286033): Parameter ADDRESS_ACLR_A set to NONE
        Info (286033): Parameter OUTDATA_REG_B set to UNREGISTERED
        Info (286033): Parameter ADDRESS_ACLR_B set to NONE
        Info (286033): Parameter OUTDATA_ACLR_B set to NONE
        Info (286033): Parameter ADDRESS_REG_B set to CLOCK0
        Info (286033): Parameter INDATA_ACLR_A set to NONE
        Info (286033): Parameter WRCONTROL_ACLR_A set to NONE
        Info (286033): Parameter INIT_FILE set to /data/work/rio-synthesis/hardware-overhead/rio-only-pe5-v512-c1024-dynamic-quartus/quartus-rtl/PifoMesh.v_toplevel_pifoEngines_0_deque_dequeMapper_banks_1.bin.mif
        Info (286033): Parameter READ_DURING_WRITE_MODE_MIXED_PORTS set to OLD_DATA
        Info (286033): Parameter RDCONTROL_REG_B set to CLOCK0
    Info (276029): Inferred altsyncram megafunction from the following design logic: "pifoEngines_1|deque_dequeMapper|banks_0_rtl_0"  File: /data/work/rio-synthesis/hardware-overhead/rio-only-pe5-v512-c1024-dynamic-quartus/quartus-rtl/PifoMesh.v Line: 11693
        Info (286033): Parameter OPERATION_MODE set to DUAL_PORT
        Info (286033): Parameter WIDTH_A set to 12
        Info (286033): Parameter WIDTHAD_A set to 21
        Info (286033): Parameter NUMWORDS_A set to 2097152
        Info (286033): Parameter WIDTH_B set to 12
        Info (286033): Parameter WIDTHAD_B set to 21
        Info (286033): Parameter NUMWORDS_B set to 2097152
        Info (286033): Parameter ADDRESS_ACLR_A set to NONE
        Info (286033): Parameter OUTDATA_REG_B set to UNREGISTERED
        Info (286033): Parameter ADDRESS_ACLR_B set to NONE
        Info (286033): Parameter OUTDATA_ACLR_B set to NONE
        Info (286033): Parameter ADDRESS_REG_B set to CLOCK0
        Info (286033): Parameter INDATA_ACLR_A set to NONE
        Info (286033): Parameter WRCONTROL_ACLR_A set to NONE
        Info (286033): Parameter INIT_FILE set to /data/work/rio-synthesis/hardware-overhead/rio-only-pe5-v512-c1024-dynamic-quartus/quartus-rtl/PifoMesh.v_toplevel_pifoEngines_1_deque_dequeMapper_banks_0.bin.mif
        Info (286033): Parameter READ_DURING_WRITE_MODE_MIXED_PORTS set to OLD_DATA
        Info (286033): Parameter RDCONTROL_REG_B set to CLOCK0
    Info (276029): Inferred altsyncram megafunction from the following design logic: "pifoEngines_1|deque_dequeMapper|banks_0_rtl_1"  File: /data/work/rio-synthesis/hardware-overhead/rio-only-pe5-v512-c1024-dynamic-quartus/quartus-rtl/PifoMesh.v Line: 11693
        Info (286033): Parameter OPERATION_MODE set to DUAL_PORT
        Info (286033): Parameter WIDTH_A set to 12
        Info (286033): Parameter WIDTHAD_A set to 21
        Info (286033): Parameter NUMWORDS_A set to 2097152
        Info (286033): Parameter WIDTH_B set to 12
        Info (286033): Parameter WIDTHAD_B set to 21
        Info (286033): Parameter NUMWORDS_B set to 2097152
        Info (286033): Parameter ADDRESS_ACLR_A set to NONE
        Info (286033): Parameter OUTDATA_REG_B set to UNREGISTERED
        Info (286033): Parameter ADDRESS_ACLR_B set to NONE
        Info (286033): Parameter OUTDATA_ACLR_B set to NONE
        Info (286033): Parameter ADDRESS_REG_B set to CLOCK0
        Info (286033): Parameter INDATA_ACLR_A set to NONE
        Info (286033): Parameter WRCONTROL_ACLR_A set to NONE
        Info (286033): Parameter INIT_FILE set to /data/work/rio-synthesis/hardware-overhead/rio-only-pe5-v512-c1024-dynamic-quartus/quartus-rtl/PifoMesh.v_toplevel_pifoEngines_1_deque_dequeMapper_banks_0.bin.mif
        Info (286033): Parameter READ_DURING_WRITE_MODE_MIXED_PORTS set to OLD_DATA
        Info (286033): Parameter RDCONTROL_REG_B set to CLOCK0
    Info (276029): Inferred altsyncram megafunction from the following design logic: "pifoEngines_1|deque_dequeMapper|banks_1_rtl_0"  File: /data/work/rio-synthesis/hardware-overhead/rio-only-pe5-v512-c1024-dynamic-quartus/quartus-rtl/PifoMesh.v Line: 11695
        Info (286033): Parameter OPERATION_MODE set to DUAL_PORT
        Info (286033): Parameter WIDTH_A set to 12
        Info (286033): Parameter WIDTHAD_A set to 21
        Info (286033): Parameter NUMWORDS_A set to 2097152
        Info (286033): Parameter WIDTH_B set to 12
        Info (286033): Parameter WIDTHAD_B set to 21
        Info (286033): Parameter NUMWORDS_B set to 2097152
        Info (286033): Parameter ADDRESS_ACLR_A set to NONE
        Info (286033): Parameter OUTDATA_REG_B set to UNREGISTERED
        Info (286033): Parameter ADDRESS_ACLR_B set to NONE
        Info (286033): Parameter OUTDATA_ACLR_B set to NONE
        Info (286033): Parameter ADDRESS_REG_B set to CLOCK0
        Info (286033): Parameter INDATA_ACLR_A set to NONE
        Info (286033): Parameter WRCONTROL_ACLR_A set to NONE
        Info (286033): Parameter INIT_FILE set to /data/work/rio-synthesis/hardware-overhead/rio-only-pe5-v512-c1024-dynamic-quartus/quartus-rtl/PifoMesh.v_toplevel_pifoEngines_1_deque_dequeMapper_banks_1.bin.mif
        Info (286033): Parameter READ_DURING_WRITE_MODE_MIXED_PORTS set to OLD_DATA
        Info (286033): Parameter RDCONTROL_REG_B set to CLOCK0
    Info (276029): Inferred altsyncram megafunction from the following design logic: "pifoEngines_1|deque_dequeMapper|banks_1_rtl_1"  File: /data/work/rio-synthesis/hardware-overhead/rio-only-pe5-v512-c1024-dynamic-quartus/quartus-rtl/PifoMesh.v Line: 11695
        Info (286033): Parameter OPERATION_MODE set to DUAL_PORT
        Info (286033): Parameter WIDTH_A set to 12
        Info (286033): Parameter WIDTHAD_A set to 21
        Info (286033): Parameter NUMWORDS_A set to 2097152
        Info (286033): Parameter WIDTH_B set to 12
        Info (286033): Parameter WIDTHAD_B set to 21
        Info (286033): Parameter NUMWORDS_B set to 2097152
        Info (286033): Parameter ADDRESS_ACLR_A set to NONE
        Info (286033): Parameter OUTDATA_REG_B set to UNREGISTERED
        Info (286033): Parameter ADDRESS_ACLR_B set to NONE
        Info (286033): Parameter OUTDATA_ACLR_B set to NONE
        Info (286033): Parameter ADDRESS_REG_B set to CLOCK0
        Info (286033): Parameter INDATA_ACLR_A set to NONE
        Info (286033): Parameter WRCONTROL_ACLR_A set to NONE
        Info (286033): Parameter INIT_FILE set to /data/work/rio-synthesis/hardware-overhead/rio-only-pe5-v512-c1024-dynamic-quartus/quartus-rtl/PifoMesh.v_toplevel_pifoEngines_1_deque_dequeMapper_banks_1.bin.mif
        Info (286033): Parameter READ_DURING_WRITE_MODE_MIXED_PORTS set to OLD_DATA
        Info (286033): Parameter RDCONTROL_REG_B set to CLOCK0
    Info (276029): Inferred altsyncram megafunction from the following design logic: "pifoEngines_2|deque_dequeMapper|banks_0_rtl_0"  File: /data/work/rio-synthesis/hardware-overhead/rio-only-pe5-v512-c1024-dynamic-quartus/quartus-rtl/PifoMesh.v Line: 10306
        Info (286033): Parameter OPERATION_MODE set to DUAL_PORT
        Info (286033): Parameter WIDTH_A set to 12
        Info (286033): Parameter WIDTHAD_A set to 21
        Info (286033): Parameter NUMWORDS_A set to 2097152
        Info (286033): Parameter WIDTH_B set to 12
        Info (286033): Parameter WIDTHAD_B set to 21
        Info (286033): Parameter NUMWORDS_B set to 2097152
        Info (286033): Parameter ADDRESS_ACLR_A set to NONE
        Info (286033): Parameter OUTDATA_REG_B set to UNREGISTERED
        Info (286033): Parameter ADDRESS_ACLR_B set to NONE
        Info (286033): Parameter OUTDATA_ACLR_B set to NONE
        Info (286033): Parameter ADDRESS_REG_B set to CLOCK0
        Info (286033): Parameter INDATA_ACLR_A set to NONE
        Info (286033): Parameter WRCONTROL_ACLR_A set to NONE
        Info (286033): Parameter INIT_FILE set to /data/work/rio-synthesis/hardware-overhead/rio-only-pe5-v512-c1024-dynamic-quartus/quartus-rtl/PifoMesh.v_toplevel_pifoEngines_2_deque_dequeMapper_banks_0.bin.mif
        Info (286033): Parameter READ_DURING_WRITE_MODE_MIXED_PORTS set to OLD_DATA
        Info (286033): Parameter RDCONTROL_REG_B set to CLOCK0
    Info (276029): Inferred altsyncram megafunction from the following design logic: "pifoEngines_2|deque_dequeMapper|banks_0_rtl_1"  File: /data/work/rio-synthesis/hardware-overhead/rio-only-pe5-v512-c1024-dynamic-quartus/quartus-rtl/PifoMesh.v Line: 10306
        Info (286033): Parameter OPERATION_MODE set to DUAL_PORT
        Info (286033): Parameter WIDTH_A set to 12
        Info (286033): Parameter WIDTHAD_A set to 21
        Info (286033): Parameter NUMWORDS_A set to 2097152
        Info (286033): Parameter WIDTH_B set to 12
        Info (286033): Parameter WIDTHAD_B set to 21
        Info (286033): Parameter NUMWORDS_B set to 2097152
        Info (286033): Parameter ADDRESS_ACLR_A set to NONE
        Info (286033): Parameter OUTDATA_REG_B set to UNREGISTERED
        Info (286033): Parameter ADDRESS_ACLR_B set to NONE
        Info (286033): Parameter OUTDATA_ACLR_B set to NONE
        Info (286033): Parameter ADDRESS_REG_B set to CLOCK0
        Info (286033): Parameter INDATA_ACLR_A set to NONE
        Info (286033): Parameter WRCONTROL_ACLR_A set to NONE
        Info (286033): Parameter INIT_FILE set to /data/work/rio-synthesis/hardware-overhead/rio-only-pe5-v512-c1024-dynamic-quartus/quartus-rtl/PifoMesh.v_toplevel_pifoEngines_2_deque_dequeMapper_banks_0.bin.mif
        Info (286033): Parameter READ_DURING_WRITE_MODE_MIXED_PORTS set to OLD_DATA
        Info (286033): Parameter RDCONTROL_REG_B set to CLOCK0
    Info (276029): Inferred altsyncram megafunction from the following design logic: "pifoEngines_2|deque_dequeMapper|banks_1_rtl_0"  File: /data/work/rio-synthesis/hardware-overhead/rio-only-pe5-v512-c1024-dynamic-quartus/quartus-rtl/PifoMesh.v Line: 10308
        Info (286033): Parameter OPERATION_MODE set to DUAL_PORT
        Info (286033): Parameter WIDTH_A set to 12
        Info (286033): Parameter WIDTHAD_A set to 21
        Info (286033): Parameter NUMWORDS_A set to 2097152
        Info (286033): Parameter WIDTH_B set to 12
        Info (286033): Parameter WIDTHAD_B set to 21
        Info (286033): Parameter NUMWORDS_B set to 2097152
        Info (286033): Parameter ADDRESS_ACLR_A set to NONE
        Info (286033): Parameter OUTDATA_REG_B set to UNREGISTERED
        Info (286033): Parameter ADDRESS_ACLR_B set to NONE
        Info (286033): Parameter OUTDATA_ACLR_B set to NONE
        Info (286033): Parameter ADDRESS_REG_B set to CLOCK0
        Info (286033): Parameter INDATA_ACLR_A set to NONE
        Info (286033): Parameter WRCONTROL_ACLR_A set to NONE
        Info (286033): Parameter INIT_FILE set to /data/work/rio-synthesis/hardware-overhead/rio-only-pe5-v512-c1024-dynamic-quartus/quartus-rtl/PifoMesh.v_toplevel_pifoEngines_2_deque_dequeMapper_banks_1.bin.mif
        Info (286033): Parameter READ_DURING_WRITE_MODE_MIXED_PORTS set to OLD_DATA
        Info (286033): Parameter RDCONTROL_REG_B set to CLOCK0
    Info (276029): Inferred altsyncram megafunction from the following design logic: "pifoEngines_2|deque_dequeMapper|banks_1_rtl_1"  File: /data/work/rio-synthesis/hardware-overhead/rio-only-pe5-v512-c1024-dynamic-quartus/quartus-rtl/PifoMesh.v Line: 10308
        Info (286033): Parameter OPERATION_MODE set to DUAL_PORT
        Info (286033): Parameter WIDTH_A set to 12
        Info (286033): Parameter WIDTHAD_A set to 21
        Info (286033): Parameter NUMWORDS_A set to 2097152
        Info (286033): Parameter WIDTH_B set to 12
        Info (286033): Parameter WIDTHAD_B set to 21
        Info (286033): Parameter NUMWORDS_B set to 2097152
        Info (286033): Parameter ADDRESS_ACLR_A set to NONE
        Info (286033): Parameter OUTDATA_REG_B set to UNREGISTERED
        Info (286033): Parameter ADDRESS_ACLR_B set to NONE
        Info (286033): Parameter OUTDATA_ACLR_B set to NONE
        Info (286033): Parameter ADDRESS_REG_B set to CLOCK0
        Info (286033): Parameter INDATA_ACLR_A set to NONE
        Info (286033): Parameter WRCONTROL_ACLR_A set to NONE
        Info (286033): Parameter INIT_FILE set to /data/work/rio-synthesis/hardware-overhead/rio-only-pe5-v512-c1024-dynamic-quartus/quartus-rtl/PifoMesh.v_toplevel_pifoEngines_2_deque_dequeMapper_banks_1.bin.mif
        Info (286033): Parameter READ_DURING_WRITE_MODE_MIXED_PORTS set to OLD_DATA
        Info (286033): Parameter RDCONTROL_REG_B set to CLOCK0
    Info (276029): Inferred altsyncram megafunction from the following design logic: "pifoEngines_3|deque_dequeMapper|banks_0_rtl_0"  File: /data/work/rio-synthesis/hardware-overhead/rio-only-pe5-v512-c1024-dynamic-quartus/quartus-rtl/PifoMesh.v Line: 8919
        Info (286033): Parameter OPERATION_MODE set to DUAL_PORT
        Info (286033): Parameter WIDTH_A set to 12
        Info (286033): Parameter WIDTHAD_A set to 21
        Info (286033): Parameter NUMWORDS_A set to 2097152
        Info (286033): Parameter WIDTH_B set to 12
        Info (286033): Parameter WIDTHAD_B set to 21
        Info (286033): Parameter NUMWORDS_B set to 2097152
        Info (286033): Parameter ADDRESS_ACLR_A set to NONE
        Info (286033): Parameter OUTDATA_REG_B set to UNREGISTERED
        Info (286033): Parameter ADDRESS_ACLR_B set to NONE
        Info (286033): Parameter OUTDATA_ACLR_B set to NONE
        Info (286033): Parameter ADDRESS_REG_B set to CLOCK0
        Info (286033): Parameter INDATA_ACLR_A set to NONE
        Info (286033): Parameter WRCONTROL_ACLR_A set to NONE
        Info (286033): Parameter INIT_FILE set to /data/work/rio-synthesis/hardware-overhead/rio-only-pe5-v512-c1024-dynamic-quartus/quartus-rtl/PifoMesh.v_toplevel_pifoEngines_3_deque_dequeMapper_banks_0.bin.mif
        Info (286033): Parameter READ_DURING_WRITE_MODE_MIXED_PORTS set to OLD_DATA
        Info (286033): Parameter RDCONTROL_REG_B set to CLOCK0
    Info (276029): Inferred altsyncram megafunction from the following design logic: "pifoEngines_3|deque_dequeMapper|banks_0_rtl_1"  File: /data/work/rio-synthesis/hardware-overhead/rio-only-pe5-v512-c1024-dynamic-quartus/quartus-rtl/PifoMesh.v Line: 8919
        Info (286033): Parameter OPERATION_MODE set to DUAL_PORT
        Info (286033): Parameter WIDTH_A set to 12
        Info (286033): Parameter WIDTHAD_A set to 21
        Info (286033): Parameter NUMWORDS_A set to 2097152
        Info (286033): Parameter WIDTH_B set to 12
        Info (286033): Parameter WIDTHAD_B set to 21
        Info (286033): Parameter NUMWORDS_B set to 2097152
        Info (286033): Parameter ADDRESS_ACLR_A set to NONE
        Info (286033): Parameter OUTDATA_REG_B set to UNREGISTERED
        Info (286033): Parameter ADDRESS_ACLR_B set to NONE
        Info (286033): Parameter OUTDATA_ACLR_B set to NONE
        Info (286033): Parameter ADDRESS_REG_B set to CLOCK0
        Info (286033): Parameter INDATA_ACLR_A set to NONE
        Info (286033): Parameter WRCONTROL_ACLR_A set to NONE
        Info (286033): Parameter INIT_FILE set to /data/work/rio-synthesis/hardware-overhead/rio-only-pe5-v512-c1024-dynamic-quartus/quartus-rtl/PifoMesh.v_toplevel_pifoEngines_3_deque_dequeMapper_banks_0.bin.mif
        Info (286033): Parameter READ_DURING_WRITE_MODE_MIXED_PORTS set to OLD_DATA
        Info (286033): Parameter RDCONTROL_REG_B set to CLOCK0
    Info (276029): Inferred altsyncram megafunction from the following design logic: "pifoEngines_3|deque_dequeMapper|banks_1_rtl_0"  File: /data/work/rio-synthesis/hardware-overhead/rio-only-pe5-v512-c1024-dynamic-quartus/quartus-rtl/PifoMesh.v Line: 8921
        Info (286033): Parameter OPERATION_MODE set to DUAL_PORT
        Info (286033): Parameter WIDTH_A set to 12
        Info (286033): Parameter WIDTHAD_A set to 21
        Info (286033): Parameter NUMWORDS_A set to 2097152
        Info (286033): Parameter WIDTH_B set to 12
        Info (286033): Parameter WIDTHAD_B set to 21
        Info (286033): Parameter NUMWORDS_B set to 2097152
        Info (286033): Parameter ADDRESS_ACLR_A set to NONE
        Info (286033): Parameter OUTDATA_REG_B set to UNREGISTERED
        Info (286033): Parameter ADDRESS_ACLR_B set to NONE
        Info (286033): Parameter OUTDATA_ACLR_B set to NONE
        Info (286033): Parameter ADDRESS_REG_B set to CLOCK0
        Info (286033): Parameter INDATA_ACLR_A set to NONE
        Info (286033): Parameter WRCONTROL_ACLR_A set to NONE
        Info (286033): Parameter INIT_FILE set to /data/work/rio-synthesis/hardware-overhead/rio-only-pe5-v512-c1024-dynamic-quartus/quartus-rtl/PifoMesh.v_toplevel_pifoEngines_3_deque_dequeMapper_banks_1.bin.mif
        Info (286033): Parameter READ_DURING_WRITE_MODE_MIXED_PORTS set to OLD_DATA
        Info (286033): Parameter RDCONTROL_REG_B set to CLOCK0
    Info (276029): Inferred altsyncram megafunction from the following design logic: "pifoEngines_3|deque_dequeMapper|banks_1_rtl_1"  File: /data/work/rio-synthesis/hardware-overhead/rio-only-pe5-v512-c1024-dynamic-quartus/quartus-rtl/PifoMesh.v Line: 8921
        Info (286033): Parameter OPERATION_MODE set to DUAL_PORT
        Info (286033): Parameter WIDTH_A set to 12
        Info (286033): Parameter WIDTHAD_A set to 21
        Info (286033): Parameter NUMWORDS_A set to 2097152
        Info (286033): Parameter WIDTH_B set to 12
        Info (286033): Parameter WIDTHAD_B set to 21
        Info (286033): Parameter NUMWORDS_B set to 2097152
        Info (286033): Parameter ADDRESS_ACLR_A set to NONE
        Info (286033): Parameter OUTDATA_REG_B set to UNREGISTERED
        Info (286033): Parameter ADDRESS_ACLR_B set to NONE
        Info (286033): Parameter OUTDATA_ACLR_B set to NONE
        Info (286033): Parameter ADDRESS_REG_B set to CLOCK0
        Info (286033): Parameter INDATA_ACLR_A set to NONE
        Info (286033): Parameter WRCONTROL_ACLR_A set to NONE
        Info (286033): Parameter INIT_FILE set to /data/work/rio-synthesis/hardware-overhead/rio-only-pe5-v512-c1024-dynamic-quartus/quartus-rtl/PifoMesh.v_toplevel_pifoEngines_3_deque_dequeMapper_banks_1.bin.mif
        Info (286033): Parameter READ_DURING_WRITE_MODE_MIXED_PORTS set to OLD_DATA
        Info (286033): Parameter RDCONTROL_REG_B set to CLOCK0
    Info (276029): Inferred altsyncram megafunction from the following design logic: "pifoEngines_4|deque_dequeMapper|banks_0_rtl_0"  File: /data/work/rio-synthesis/hardware-overhead/rio-only-pe5-v512-c1024-dynamic-quartus/quartus-rtl/PifoMesh.v Line: 7532
        Info (286033): Parameter OPERATION_MODE set to DUAL_PORT
        Info (286033): Parameter WIDTH_A set to 12
        Info (286033): Parameter WIDTHAD_A set to 21
        Info (286033): Parameter NUMWORDS_A set to 2097152
        Info (286033): Parameter WIDTH_B set to 12
        Info (286033): Parameter WIDTHAD_B set to 21
        Info (286033): Parameter NUMWORDS_B set to 2097152
        Info (286033): Parameter ADDRESS_ACLR_A set to NONE
        Info (286033): Parameter OUTDATA_REG_B set to UNREGISTERED
        Info (286033): Parameter ADDRESS_ACLR_B set to NONE
        Info (286033): Parameter OUTDATA_ACLR_B set to NONE
        Info (286033): Parameter ADDRESS_REG_B set to CLOCK0
        Info (286033): Parameter INDATA_ACLR_A set to NONE
        Info (286033): Parameter WRCONTROL_ACLR_A set to NONE
        Info (286033): Parameter INIT_FILE set to /data/work/rio-synthesis/hardware-overhead/rio-only-pe5-v512-c1024-dynamic-quartus/quartus-rtl/PifoMesh.v_toplevel_pifoEngines_4_deque_dequeMapper_banks_0.bin.mif
        Info (286033): Parameter READ_DURING_WRITE_MODE_MIXED_PORTS set to OLD_DATA
        Info (286033): Parameter RDCONTROL_REG_B set to CLOCK0
    Info (276029): Inferred altsyncram megafunction from the following design logic: "pifoEngines_4|deque_dequeMapper|banks_0_rtl_1"  File: /data/work/rio-synthesis/hardware-overhead/rio-only-pe5-v512-c1024-dynamic-quartus/quartus-rtl/PifoMesh.v Line: 7532
        Info (286033): Parameter OPERATION_MODE set to DUAL_PORT
        Info (286033): Parameter WIDTH_A set to 12
        Info (286033): Parameter WIDTHAD_A set to 21
        Info (286033): Parameter NUMWORDS_A set to 2097152
        Info (286033): Parameter WIDTH_B set to 12
        Info (286033): Parameter WIDTHAD_B set to 21
        Info (286033): Parameter NUMWORDS_B set to 2097152
        Info (286033): Parameter ADDRESS_ACLR_A set to NONE
        Info (286033): Parameter OUTDATA_REG_B set to UNREGISTERED
        Info (286033): Parameter ADDRESS_ACLR_B set to NONE
        Info (286033): Parameter OUTDATA_ACLR_B set to NONE
        Info (286033): Parameter ADDRESS_REG_B set to CLOCK0
        Info (286033): Parameter INDATA_ACLR_A set to NONE
        Info (286033): Parameter WRCONTROL_ACLR_A set to NONE
        Info (286033): Parameter INIT_FILE set to /data/work/rio-synthesis/hardware-overhead/rio-only-pe5-v512-c1024-dynamic-quartus/quartus-rtl/PifoMesh.v_toplevel_pifoEngines_4_deque_dequeMapper_banks_0.bin.mif
        Info (286033): Parameter READ_DURING_WRITE_MODE_MIXED_PORTS set to OLD_DATA
        Info (286033): Parameter RDCONTROL_REG_B set to CLOCK0
    Info (276029): Inferred altsyncram megafunction from the following design logic: "pifoEngines_4|deque_dequeMapper|banks_1_rtl_0"  File: /data/work/rio-synthesis/hardware-overhead/rio-only-pe5-v512-c1024-dynamic-quartus/quartus-rtl/PifoMesh.v Line: 7534
        Info (286033): Parameter OPERATION_MODE set to DUAL_PORT
        Info (286033): Parameter WIDTH_A set to 12
        Info (286033): Parameter WIDTHAD_A set to 21
        Info (286033): Parameter NUMWORDS_A set to 2097152
        Info (286033): Parameter WIDTH_B set to 12
        Info (286033): Parameter WIDTHAD_B set to 21
        Info (286033): Parameter NUMWORDS_B set to 2097152
        Info (286033): Parameter ADDRESS_ACLR_A set to NONE
        Info (286033): Parameter OUTDATA_REG_B set to UNREGISTERED
        Info (286033): Parameter ADDRESS_ACLR_B set to NONE
        Info (286033): Parameter OUTDATA_ACLR_B set to NONE
        Info (286033): Parameter ADDRESS_REG_B set to CLOCK0
        Info (286033): Parameter INDATA_ACLR_A set to NONE
        Info (286033): Parameter WRCONTROL_ACLR_A set to NONE
        Info (286033): Parameter INIT_FILE set to /data/work/rio-synthesis/hardware-overhead/rio-only-pe5-v512-c1024-dynamic-quartus/quartus-rtl/PifoMesh.v_toplevel_pifoEngines_4_deque_dequeMapper_banks_1.bin.mif
        Info (286033): Parameter READ_DURING_WRITE_MODE_MIXED_PORTS set to OLD_DATA
        Info (286033): Parameter RDCONTROL_REG_B set to CLOCK0
    Info (276029): Inferred altsyncram megafunction from the following design logic: "pifoEngines_4|deque_dequeMapper|banks_1_rtl_1"  File: /data/work/rio-synthesis/hardware-overhead/rio-only-pe5-v512-c1024-dynamic-quartus/quartus-rtl/PifoMesh.v Line: 7534
        Info (286033): Parameter OPERATION_MODE set to DUAL_PORT
        Info (286033): Parameter WIDTH_A set to 12
        Info (286033): Parameter WIDTHAD_A set to 21
        Info (286033): Parameter NUMWORDS_A set to 2097152
        Info (286033): Parameter WIDTH_B set to 12
        Info (286033): Parameter WIDTHAD_B set to 21
        Info (286033): Parameter NUMWORDS_B set to 2097152
        Info (286033): Parameter ADDRESS_ACLR_A set to NONE
        Info (286033): Parameter OUTDATA_REG_B set to UNREGISTERED
        Info (286033): Parameter ADDRESS_ACLR_B set to NONE
        Info (286033): Parameter OUTDATA_ACLR_B set to NONE
        Info (286033): Parameter ADDRESS_REG_B set to CLOCK0
        Info (286033): Parameter INDATA_ACLR_A set to NONE
        Info (286033): Parameter WRCONTROL_ACLR_A set to NONE
        Info (286033): Parameter INIT_FILE set to /data/work/rio-synthesis/hardware-overhead/rio-only-pe5-v512-c1024-dynamic-quartus/quartus-rtl/PifoMesh.v_toplevel_pifoEngines_4_deque_dequeMapper_banks_1.bin.mif
        Info (286033): Parameter READ_DURING_WRITE_MODE_MIXED_PORTS set to OLD_DATA
        Info (286033): Parameter RDCONTROL_REG_B set to CLOCK0
    Info (276029): Inferred altsyncram megafunction from the following design logic: "xbar|io_inputs_0_fifo|fifo|logic_ram_rtl_0"  File: /data/work/rio-synthesis/hardware-overhead/rio-only-pe5-v512-c1024-dynamic-quartus/quartus-rtl/PifoMesh.v Line: 44056
        Info (286033): Parameter OPERATION_MODE set to DUAL_PORT
        Info (286033): Parameter WIDTH_A set to 12
        Info (286033): Parameter WIDTHAD_A set to 3
        Info (286033): Parameter NUMWORDS_A set to 8
        Info (286033): Parameter WIDTH_B set to 12
        Info (286033): Parameter WIDTHAD_B set to 3
        Info (286033): Parameter NUMWORDS_B set to 8
        Info (286033): Parameter ADDRESS_ACLR_A set to NONE
        Info (286033): Parameter OUTDATA_REG_B set to UNREGISTERED
        Info (286033): Parameter ADDRESS_ACLR_B set to CLEAR0
        Info (286033): Parameter OUTDATA_ACLR_B set to NONE
        Info (286033): Parameter ADDRESS_REG_B set to CLOCK0
        Info (286033): Parameter INDATA_ACLR_A set to NONE
        Info (286033): Parameter WRCONTROL_ACLR_A set to NONE
    Info (276029): Inferred altsyncram megafunction from the following design logic: "xbar|io_inputs_1_fifo|fifo|logic_ram_rtl_0"  File: /data/work/rio-synthesis/hardware-overhead/rio-only-pe5-v512-c1024-dynamic-quartus/quartus-rtl/PifoMesh.v Line: 44056
        Info (286033): Parameter OPERATION_MODE set to DUAL_PORT
        Info (286033): Parameter WIDTH_A set to 12
        Info (286033): Parameter WIDTHAD_A set to 3
        Info (286033): Parameter NUMWORDS_A set to 8
        Info (286033): Parameter WIDTH_B set to 12
        Info (286033): Parameter WIDTHAD_B set to 3
        Info (286033): Parameter NUMWORDS_B set to 8
        Info (286033): Parameter ADDRESS_ACLR_A set to NONE
        Info (286033): Parameter OUTDATA_REG_B set to UNREGISTERED
        Info (286033): Parameter ADDRESS_ACLR_B set to CLEAR0
        Info (286033): Parameter OUTDATA_ACLR_B set to NONE
        Info (286033): Parameter ADDRESS_REG_B set to CLOCK0
        Info (286033): Parameter INDATA_ACLR_A set to NONE
        Info (286033): Parameter WRCONTROL_ACLR_A set to NONE
    Info (276029): Inferred altsyncram megafunction from the following design logic: "xbar|io_inputs_2_fifo|fifo|logic_ram_rtl_0"  File: /data/work/rio-synthesis/hardware-overhead/rio-only-pe5-v512-c1024-dynamic-quartus/quartus-rtl/PifoMesh.v Line: 44056
        Info (286033): Parameter OPERATION_MODE set to DUAL_PORT
        Info (286033): Parameter WIDTH_A set to 12
        Info (286033): Parameter WIDTHAD_A set to 3
        Info (286033): Parameter NUMWORDS_A set to 8
        Info (286033): Parameter WIDTH_B set to 12
        Info (286033): Parameter WIDTHAD_B set to 3
        Info (286033): Parameter NUMWORDS_B set to 8
        Info (286033): Parameter ADDRESS_ACLR_A set to NONE
        Info (286033): Parameter OUTDATA_REG_B set to UNREGISTERED
        Info (286033): Parameter ADDRESS_ACLR_B set to CLEAR0
        Info (286033): Parameter OUTDATA_ACLR_B set to NONE
        Info (286033): Parameter ADDRESS_REG_B set to CLOCK0
        Info (286033): Parameter INDATA_ACLR_A set to NONE
        Info (286033): Parameter WRCONTROL_ACLR_A set to NONE
    Info (276029): Inferred altsyncram megafunction from the following design logic: "xbar|io_inputs_3_fifo|fifo|logic_ram_rtl_0"  File: /data/work/rio-synthesis/hardware-overhead/rio-only-pe5-v512-c1024-dynamic-quartus/quartus-rtl/PifoMesh.v Line: 44056
        Info (286033): Parameter OPERATION_MODE set to DUAL_PORT
        Info (286033): Parameter WIDTH_A set to 12
        Info (286033): Parameter WIDTHAD_A set to 3
        Info (286033): Parameter NUMWORDS_A set to 8
        Info (286033): Parameter WIDTH_B set to 12
        Info (286033): Parameter WIDTHAD_B set to 3
        Info (286033): Parameter NUMWORDS_B set to 8
        Info (286033): Parameter ADDRESS_ACLR_A set to NONE
        Info (286033): Parameter OUTDATA_REG_B set to UNREGISTERED
        Info (286033): Parameter ADDRESS_ACLR_B set to CLEAR0
        Info (286033): Parameter OUTDATA_ACLR_B set to NONE
        Info (286033): Parameter ADDRESS_REG_B set to CLOCK0
        Info (286033): Parameter INDATA_ACLR_A set to NONE
        Info (286033): Parameter WRCONTROL_ACLR_A set to NONE
    Info (276029): Inferred altsyncram megafunction from the following design logic: "xbar|io_inputs_4_fifo|fifo|logic_ram_rtl_0"  File: /data/work/rio-synthesis/hardware-overhead/rio-only-pe5-v512-c1024-dynamic-quartus/quartus-rtl/PifoMesh.v Line: 44056
        Info (286033): Parameter OPERATION_MODE set to DUAL_PORT
        Info (286033): Parameter WIDTH_A set to 12
        Info (286033): Parameter WIDTHAD_A set to 3
        Info (286033): Parameter NUMWORDS_A set to 8
        Info (286033): Parameter WIDTH_B set to 12
        Info (286033): Parameter WIDTHAD_B set to 3
        Info (286033): Parameter NUMWORDS_B set to 8
        Info (286033): Parameter ADDRESS_ACLR_A set to NONE
        Info (286033): Parameter OUTDATA_REG_B set to UNREGISTERED
        Info (286033): Parameter ADDRESS_ACLR_B set to CLEAR0
        Info (286033): Parameter OUTDATA_ACLR_B set to NONE
        Info (286033): Parameter ADDRESS_REG_B set to CLOCK0
        Info (286033): Parameter INDATA_ACLR_A set to NONE
        Info (286033): Parameter WRCONTROL_ACLR_A set to NONE
    Info (276029): Inferred altsyncram megafunction from the following design logic: "xbar|io_inputs_5_fifo|fifo|logic_ram_rtl_0"  File: /data/work/rio-synthesis/hardware-overhead/rio-only-pe5-v512-c1024-dynamic-quartus/quartus-rtl/PifoMesh.v Line: 44056
        Info (286033): Parameter OPERATION_MODE set to DUAL_PORT
        Info (286033): Parameter WIDTH_A set to 12
        Info (286033): Parameter WIDTHAD_A set to 3
        Info (286033): Parameter NUMWORDS_A set to 8
        Info (286033): Parameter WIDTH_B set to 12
        Info (286033): Parameter WIDTHAD_B set to 3
        Info (286033): Parameter NUMWORDS_B set to 8
        Info (286033): Parameter ADDRESS_ACLR_A set to NONE
        Info (286033): Parameter OUTDATA_REG_B set to UNREGISTERED
        Info (286033): Parameter ADDRESS_ACLR_B set to CLEAR0
        Info (286033): Parameter OUTDATA_ACLR_B set to NONE
        Info (286033): Parameter ADDRESS_REG_B set to CLOCK0
        Info (286033): Parameter INDATA_ACLR_A set to NONE
        Info (286033): Parameter WRCONTROL_ACLR_A set to NONE
    Info (276029): Inferred altsyncram megafunction from the following design logic: "pifoEngines_0|enque_brain|engineCAM|ram_rtl_0"  File: /data/work/rio-synthesis/hardware-overhead/rio-only-pe5-v512-c1024-dynamic-quartus/quartus-rtl/PifoMesh.v Line: 43582
        Info (286033): Parameter OPERATION_MODE set to DUAL_PORT
        Info (286033): Parameter WIDTH_A set to 32
        Info (286033): Parameter WIDTHAD_A set to 21
        Info (286033): Parameter NUMWORDS_A set to 2097152
        Info (286033): Parameter WIDTH_B set to 32
        Info (286033): Parameter WIDTHAD_B set to 21
        Info (286033): Parameter NUMWORDS_B set to 2097152
        Info (286033): Parameter ADDRESS_ACLR_A set to NONE
        Info (286033): Parameter OUTDATA_REG_B set to UNREGISTERED
        Info (286033): Parameter ADDRESS_ACLR_B set to NONE
        Info (286033): Parameter OUTDATA_ACLR_B set to NONE
        Info (286033): Parameter ADDRESS_REG_B set to CLOCK0
        Info (286033): Parameter INDATA_ACLR_A set to NONE
        Info (286033): Parameter WRCONTROL_ACLR_A set to NONE
        Info (286033): Parameter INIT_FILE set to /data/work/rio-synthesis/hardware-overhead/rio-only-pe5-v512-c1024-dynamic-quartus/quartus-rtl/PifoMesh.v_toplevel_pifoEngines_0_enque_brain_engineCAM_ram.bin.mif
        Info (286033): Parameter READ_DURING_WRITE_MODE_MIXED_PORTS set to OLD_DATA
    Info (276029): Inferred altsyncram megafunction from the following design logic: "pifoEngines_1|enque_brain|engineCAM|ram_rtl_0"  File: /data/work/rio-synthesis/hardware-overhead/rio-only-pe5-v512-c1024-dynamic-quartus/quartus-rtl/PifoMesh.v Line: 42600
        Info (286033): Parameter OPERATION_MODE set to DUAL_PORT
        Info (286033): Parameter WIDTH_A set to 32
        Info (286033): Parameter WIDTHAD_A set to 21
        Info (286033): Parameter NUMWORDS_A set to 2097152
        Info (286033): Parameter WIDTH_B set to 32
        Info (286033): Parameter WIDTHAD_B set to 21
        Info (286033): Parameter NUMWORDS_B set to 2097152
        Info (286033): Parameter ADDRESS_ACLR_A set to NONE
        Info (286033): Parameter OUTDATA_REG_B set to UNREGISTERED
        Info (286033): Parameter ADDRESS_ACLR_B set to NONE
        Info (286033): Parameter OUTDATA_ACLR_B set to NONE
        Info (286033): Parameter ADDRESS_REG_B set to CLOCK0
        Info (286033): Parameter INDATA_ACLR_A set to NONE
        Info (286033): Parameter WRCONTROL_ACLR_A set to NONE
        Info (286033): Parameter INIT_FILE set to /data/work/rio-synthesis/hardware-overhead/rio-only-pe5-v512-c1024-dynamic-quartus/quartus-rtl/PifoMesh.v_toplevel_pifoEngines_1_enque_brain_engineCAM_ram.bin.mif
        Info (286033): Parameter READ_DURING_WRITE_MODE_MIXED_PORTS set to OLD_DATA
    Info (276029): Inferred altsyncram megafunction from the following design logic: "pifoEngines_2|enque_brain|engineCAM|ram_rtl_0"  File: /data/work/rio-synthesis/hardware-overhead/rio-only-pe5-v512-c1024-dynamic-quartus/quartus-rtl/PifoMesh.v Line: 42350
        Info (286033): Parameter OPERATION_MODE set to DUAL_PORT
        Info (286033): Parameter WIDTH_A set to 32
        Info (286033): Parameter WIDTHAD_A set to 21
        Info (286033): Parameter NUMWORDS_A set to 2097152
        Info (286033): Parameter WIDTH_B set to 32
        Info (286033): Parameter WIDTHAD_B set to 21
        Info (286033): Parameter NUMWORDS_B set to 2097152
        Info (286033): Parameter ADDRESS_ACLR_A set to NONE
        Info (286033): Parameter OUTDATA_REG_B set to UNREGISTERED
        Info (286033): Parameter ADDRESS_ACLR_B set to NONE
        Info (286033): Parameter OUTDATA_ACLR_B set to NONE
        Info (286033): Parameter ADDRESS_REG_B set to CLOCK0
        Info (286033): Parameter INDATA_ACLR_A set to NONE
        Info (286033): Parameter WRCONTROL_ACLR_A set to NONE
        Info (286033): Parameter INIT_FILE set to /data/work/rio-synthesis/hardware-overhead/rio-only-pe5-v512-c1024-dynamic-quartus/quartus-rtl/PifoMesh.v_toplevel_pifoEngines_2_enque_brain_engineCAM_ram.bin.mif
        Info (286033): Parameter READ_DURING_WRITE_MODE_MIXED_PORTS set to OLD_DATA
    Info (276029): Inferred altsyncram megafunction from the following design logic: "pifoEngines_3|enque_brain|engineCAM|ram_rtl_0"  File: /data/work/rio-synthesis/hardware-overhead/rio-only-pe5-v512-c1024-dynamic-quartus/quartus-rtl/PifoMesh.v Line: 42100
        Info (286033): Parameter OPERATION_MODE set to DUAL_PORT
        Info (286033): Parameter WIDTH_A set to 32
        Info (286033): Parameter WIDTHAD_A set to 21
        Info (286033): Parameter NUMWORDS_A set to 2097152
        Info (286033): Parameter WIDTH_B set to 32
        Info (286033): Parameter WIDTHAD_B set to 21
        Info (286033): Parameter NUMWORDS_B set to 2097152
        Info (286033): Parameter ADDRESS_ACLR_A set to NONE
        Info (286033): Parameter OUTDATA_REG_B set to UNREGISTERED
        Info (286033): Parameter ADDRESS_ACLR_B set to NONE
        Info (286033): Parameter OUTDATA_ACLR_B set to NONE
        Info (286033): Parameter ADDRESS_REG_B set to CLOCK0
        Info (286033): Parameter INDATA_ACLR_A set to NONE
        Info (286033): Parameter WRCONTROL_ACLR_A set to NONE
        Info (286033): Parameter INIT_FILE set to /data/work/rio-synthesis/hardware-overhead/rio-only-pe5-v512-c1024-dynamic-quartus/quartus-rtl/PifoMesh.v_toplevel_pifoEngines_3_enque_brain_engineCAM_ram.bin.mif
        Info (286033): Parameter READ_DURING_WRITE_MODE_MIXED_PORTS set to OLD_DATA
    Info (276029): Inferred altsyncram megafunction from the following design logic: "pifoEngines_4|enque_brain|engineCAM|ram_rtl_0"  File: /data/work/rio-synthesis/hardware-overhead/rio-only-pe5-v512-c1024-dynamic-quartus/quartus-rtl/PifoMesh.v Line: 41850
        Info (286033): Parameter OPERATION_MODE set to DUAL_PORT
        Info (286033): Parameter WIDTH_A set to 32
        Info (286033): Parameter WIDTHAD_A set to 21
        Info (286033): Parameter NUMWORDS_A set to 2097152
        Info (286033): Parameter WIDTH_B set to 32
        Info (286033): Parameter WIDTHAD_B set to 21
        Info (286033): Parameter NUMWORDS_B set to 2097152
        Info (286033): Parameter ADDRESS_ACLR_A set to NONE
        Info (286033): Parameter OUTDATA_REG_B set to UNREGISTERED
        Info (286033): Parameter ADDRESS_ACLR_B set to NONE
        Info (286033): Parameter OUTDATA_ACLR_B set to NONE
        Info (286033): Parameter ADDRESS_REG_B set to CLOCK0
        Info (286033): Parameter INDATA_ACLR_A set to NONE
        Info (286033): Parameter WRCONTROL_ACLR_A set to NONE
        Info (286033): Parameter INIT_FILE set to /data/work/rio-synthesis/hardware-overhead/rio-only-pe5-v512-c1024-dynamic-quartus/quartus-rtl/PifoMesh.v_toplevel_pifoEngines_4_enque_brain_engineCAM_ram.bin.mif
        Info (286033): Parameter READ_DURING_WRITE_MODE_MIXED_PORTS set to OLD_DATA
Warning (14284): Synthesized away the following node(s):
    Warning (25637): Synthesized away 122880 node(s) of type RAM. See "Registers Removed during Synthesis" report for more details.
Warning (276002): Cannot convert all sets of registers into RAM megafunctions when creating nodes; therefore, the resulting number of registers remaining in design can cause longer compilation time or result in insufficient memory to complete Analysis and Synthesis
Warning (14284): Synthesized away the following node(s):
    Warning (25637): Synthesized away 20 node(s) of type RAM. See "Registers Removed during Synthesis" report for more details.
Warning (13024): Output pins are stuck at VCC or GND
    Warning (13410): Pin "io_pifo_0_push2_payload_data[0..11]" is stuck at GND File: /data/work/rio-synthesis/hardware-overhead/rio-only-pe5-v512-c1024-dynamic-quartus/quartus-rtl/PifoMesh.v Line: 50
    Warning (13410): Pin "io_pifo_0_push2_payload_port[0..8]" is stuck at GND File: /data/work/rio-synthesis/hardware-overhead/rio-only-pe5-v512-c1024-dynamic-quartus/quartus-rtl/PifoMesh.v Line: 51
    Warning (13410): Pin "io_pifo_0_push2_payload_priority[0..7]" is stuck at GND File: /data/work/rio-synthesis/hardware-overhead/rio-only-pe5-v512-c1024-dynamic-quartus/quartus-rtl/PifoMesh.v Line: 49
    Warning (13410): Pin "io_pifo_0_push2_valid" is stuck at GND File: /data/work/rio-synthesis/hardware-overhead/rio-only-pe5-v512-c1024-dynamic-quartus/quartus-rtl/PifoMesh.v Line: 48
    Warning (13410): Pin "io_pifo_1_push2_payload_data[0..11]" is stuck at GND File: /data/work/rio-synthesis/hardware-overhead/rio-only-pe5-v512-c1024-dynamic-quartus/quartus-rtl/PifoMesh.v Line: 68
    Warning (13410): Pin "io_pifo_1_push2_payload_port[0..8]" is stuck at GND File: /data/work/rio-synthesis/hardware-overhead/rio-only-pe5-v512-c1024-dynamic-quartus/quartus-rtl/PifoMesh.v Line: 69
    Warning (13410): Pin "io_pifo_1_push2_payload_priority[0..7]" is stuck at GND File: /data/work/rio-synthesis/hardware-overhead/rio-only-pe5-v512-c1024-dynamic-quartus/quartus-rtl/PifoMesh.v Line: 67
    Warning (13410): Pin "io_pifo_1_push2_valid" is stuck at GND File: /data/work/rio-synthesis/hardware-overhead/rio-only-pe5-v512-c1024-dynamic-quartus/quartus-rtl/PifoMesh.v Line: 66
    Warning (13410): Pin "io_pifo_2_push2_payload_data[0..11]" is stuck at GND File: /data/work/rio-synthesis/hardware-overhead/rio-only-pe5-v512-c1024-dynamic-quartus/quartus-rtl/PifoMesh.v Line: 86
    Warning (13410): Pin "io_pifo_2_push2_payload_port[0..8]" is stuck at GND File: /data/work/rio-synthesis/hardware-overhead/rio-only-pe5-v512-c1024-dynamic-quartus/quartus-rtl/PifoMesh.v Line: 87
    Warning (13410): Pin "io_pifo_2_push2_payload_priority[0..7]" is stuck at GND File: /data/work/rio-synthesis/hardware-overhead/rio-only-pe5-v512-c1024-dynamic-quartus/quartus-rtl/PifoMesh.v Line: 85
    Warning (13410): Pin "io_pifo_2_push2_valid" is stuck at GND File: /data/work/rio-synthesis/hardware-overhead/rio-only-pe5-v512-c1024-dynamic-quartus/quartus-rtl/PifoMesh.v Line: 84
    Warning (13410): Pin "io_pifo_3_push2_payload_data[0..11]" is stuck at GND File: /data/work/rio-synthesis/hardware-overhead/rio-only-pe5-v512-c1024-dynamic-quartus/quartus-rtl/PifoMesh.v Line: 104
    Warning (13410): Pin "io_pifo_3_push2_payload_port[0..8]" is stuck at GND File: /data/work/rio-synthesis/hardware-overhead/rio-only-pe5-v512-c1024-dynamic-quartus/quartus-rtl/PifoMesh.v Line: 105
    Warning (13410): Pin "io_pifo_3_push2_payload_priority[0..7]" is stuck at GND File: /data/work/rio-synthesis/hardware-overhead/rio-only-pe5-v512-c1024-dynamic-quartus/quartus-rtl/PifoMesh.v Line: 103
    Warning (13410): Pin "io_pifo_3_push2_valid" is stuck at GND File: /data/work/rio-synthesis/hardware-overhead/rio-only-pe5-v512-c1024-dynamic-quartus/quartus-rtl/PifoMesh.v Line: 102
    Warning (13410): Pin "io_pifo_4_push2_payload_data[0..11]" is stuck at GND File: /data/work/rio-synthesis/hardware-overhead/rio-only-pe5-v512-c1024-dynamic-quartus/quartus-rtl/PifoMesh.v Line: 122
    Warning (13410): Pin "io_pifo_4_push2_payload_port[0..8]" is stuck at GND File: /data/work/rio-synthesis/hardware-overhead/rio-only-pe5-v512-c1024-dynamic-quartus/quartus-rtl/PifoMesh.v Line: 123
    Warning (13410): Pin "io_pifo_4_push2_payload_priority[0..7]" is stuck at GND File: /data/work/rio-synthesis/hardware-overhead/rio-only-pe5-v512-c1024-dynamic-quartus/quartus-rtl/PifoMesh.v Line: 121
    Warning (13410): Pin "io_pifo_4_push2_valid" is stuck at GND File: /data/work/rio-synthesis/hardware-overhead/rio-only-pe5-v512-c1024-dynamic-quartus/quartus-rtl/PifoMesh.v Line: 120
Info (17049): 184600 registers lost all their fanouts during netlist optimizations.
Info (21057): Implemented 610594 device resources after synthesis - the final resource count might be different
    Info (21058): Implemented 351 input pins
    Info (21059): Implemented 371 output pins
    Info (21061): Implemented 323041 logic cells
    Info (21064): Implemented 286831 RAM segments
Info: Successfully synthesized partition
Info: Saving post-synthesis snapshots for 1 partition(s)
Info (21615): Running Design Assistant Rules for snapshot 'synthesized'
Info: No waiver waived any violations
Info (22360): Design Assistant Results: 12 of 13 enabled rules passed, and 7 rules was disabled, in snapshot 'synthesized'
Info (21661): Design Assistant Results: 0 of 1 High severity rules issued violations in snapshot 'synthesized'
Info (21621): Design Assistant Results: 1 of 6 Medium severity rules issued violations in snapshot 'synthesized'. Please refer to DRC report '/data/work/rio-synthesis/hardware-overhead/rio-only-pe5-v512-c1024-dynamic-quartus/output_files/pifo.drc.synthesized.rpt' for more information
Info (21622): Design Assistant Results: 0 of 6 Low severity rules issued violations in snapshot 'synthesized'
Info: Quartus Prime Synthesis was successful. 0 errors, 33 warnings
    Info: Peak virtual memory: 13810 megabytes
    Info: Processing ended: Sun Sep  6 23:21:42 2026
    Info: Elapsed time: 00:23:11
    Info: System process ID: 303781
