Info (22747): Value AUTO_DISCOVERY for QSF Assignment PWRMGT_VOLTAGE_OUTPUT_FORMAT is not supported. Hence changing the value to LINEAR_FORMAT
Info: *******************************************************************
Info: Running Quartus Prime Synthesis
    Info: Version 25.3.1 Build 100 12/19/2025 SC Pro Edition
    Info: Copyright (C) 2025  Altera Corporation. All rights reserved.
    Info: Your use of Altera Corporation's design tools, logic functions 
    Info: and other software and tools, and any partner logic 
    Info: functions, and any output files from any of the foregoing 
    Info: (including device programming or simulation files), and any 
    Info: associated documentation or information are expressly subject 
    Info: to the terms and conditions of the Altera Program License 
    Info: Subscription Agreement, the Altera Quartus Prime License Agreement,
    Info: the Altera IP License Agreement, or other applicable license
    Info: agreement, including, without limitation, that your use is for
    Info: the sole purpose of programming logic devices manufactured by
    Info: Altera and sold by Altera or its authorized distributors.  Please
    Info: refer to the Altera Software License Subscription Agreements 
    Info: on the Quartus Prime software download page.
    Info: Processing started: Mon Sep  7 14:25:23 2026
    Info: System process ID: 431709
Info: Command: quartus_syn pifo
Info: qis_default_flow_script.tcl version: #2
Info: Initializing Synthesis...
Info: Project = "pifo"
Info: Revision = "pifo"
Info (21958): Initialized Quartus Message Database
Info: Analyzing source files
Critical Warning (20759): Use the Reset Release IP in Agilex 7 designs to ensure a successful configuration. For more information about the Reset Release IP, refer to the Configuration User Guide.
Info: Elaborating from top-level entity "PifoMesh"
Info (22567): Verilog HDL info at PifoMesh.v(45735): extracting RAM for identifier 'logic_ram' File: /data/work/rio-synthesis/shared-fifo-34e35d2/pe5-v256-c1024-q256-static-quartus/quartus-rtl/PifoMesh.v Line: 45735
Info (22567): Verilog HDL info at PifoMesh.v(42948): extracting RAM for identifier 'ram' File: /data/work/rio-synthesis/shared-fifo-34e35d2/pe5-v256-c1024-q256-static-quartus/quartus-rtl/PifoMesh.v Line: 42948
Info (22567): Verilog HDL info at PifoMesh.v(45580): extracting RAM for identifier 'logic_ram' File: /data/work/rio-synthesis/shared-fifo-34e35d2/pe5-v256-c1024-q256-static-quartus/quartus-rtl/PifoMesh.v Line: 45580
Info (22567): Verilog HDL info at PifoMesh.v(45373): extracting RAM for identifier 'ram' File: /data/work/rio-synthesis/shared-fifo-34e35d2/pe5-v256-c1024-q256-static-quartus/quartus-rtl/PifoMesh.v Line: 45373
Info (22567): Verilog HDL info at PifoMesh.v(45317): extracting RAM for identifier 'ram' File: /data/work/rio-synthesis/shared-fifo-34e35d2/pe5-v256-c1024-q256-static-quartus/quartus-rtl/PifoMesh.v Line: 45317
Info (22567): Verilog HDL info at PifoMesh.v(45261): extracting RAM for identifier 'ram' File: /data/work/rio-synthesis/shared-fifo-34e35d2/pe5-v256-c1024-q256-static-quartus/quartus-rtl/PifoMesh.v Line: 45261
Info (22567): Verilog HDL info at PifoMesh.v(46586): extracting RAM for identifier 'logic_ram' File: /data/work/rio-synthesis/shared-fifo-34e35d2/pe5-v256-c1024-q256-static-quartus/quartus-rtl/PifoMesh.v Line: 46586
Info (22567): Verilog HDL info at PifoMesh.v(45087): extracting RAM for identifier 'ram' File: /data/work/rio-synthesis/shared-fifo-34e35d2/pe5-v256-c1024-q256-static-quartus/quartus-rtl/PifoMesh.v Line: 45087
Info (22567): Verilog HDL info at PifoMesh.v(46441): extracting RAM for identifier 'logic_ram' File: /data/work/rio-synthesis/shared-fifo-34e35d2/pe5-v256-c1024-q256-static-quartus/quartus-rtl/PifoMesh.v Line: 46441
Info (22567): Verilog HDL info at PifoMesh.v(46307): extracting RAM for identifier 'logic_ram' File: /data/work/rio-synthesis/shared-fifo-34e35d2/pe5-v256-c1024-q256-static-quartus/quartus-rtl/PifoMesh.v Line: 46307
Info (22567): Verilog HDL info at PifoMesh.v(46179): extracting RAM for identifier 'logic_ram' File: /data/work/rio-synthesis/shared-fifo-34e35d2/pe5-v256-c1024-q256-static-quartus/quartus-rtl/PifoMesh.v Line: 46179
Info (22567): Verilog HDL info at PifoMesh.v(46049): extracting RAM for identifier 'logic_ram' File: /data/work/rio-synthesis/shared-fifo-34e35d2/pe5-v256-c1024-q256-static-quartus/quartus-rtl/PifoMesh.v Line: 46049
Info (22567): Verilog HDL info at PifoMesh.v(45910): extracting RAM for identifier 'logic_ram' File: /data/work/rio-synthesis/shared-fifo-34e35d2/pe5-v256-c1024-q256-static-quartus/quartus-rtl/PifoMesh.v Line: 45910
Info (22567): Verilog HDL info at PifoMesh.v(41775): extracting RAM for identifier 'ram' File: /data/work/rio-synthesis/shared-fifo-34e35d2/pe5-v256-c1024-q256-static-quartus/quartus-rtl/PifoMesh.v Line: 41775
Info (22567): Verilog HDL info at PifoMesh.v(44482): extracting RAM for identifier 'logic_ram' File: /data/work/rio-synthesis/shared-fifo-34e35d2/pe5-v256-c1024-q256-static-quartus/quartus-rtl/PifoMesh.v Line: 44482
Info (22567): Verilog HDL info at PifoMesh.v(28151): extracting RAM for identifier 'ram' File: /data/work/rio-synthesis/shared-fifo-34e35d2/pe5-v256-c1024-q256-static-quartus/quartus-rtl/PifoMesh.v Line: 28151
Info (22567): Verilog HDL info at PifoMesh.v(44386): extracting RAM for identifier 'ram' File: /data/work/rio-synthesis/shared-fifo-34e35d2/pe5-v256-c1024-q256-static-quartus/quartus-rtl/PifoMesh.v Line: 44386
Info (22567): Verilog HDL info at PifoMesh.v(44330): extracting RAM for identifier 'ram' File: /data/work/rio-synthesis/shared-fifo-34e35d2/pe5-v256-c1024-q256-static-quartus/quartus-rtl/PifoMesh.v Line: 44330
Info (22567): Verilog HDL info at PifoMesh.v(44274): extracting RAM for identifier 'ram' File: /data/work/rio-synthesis/shared-fifo-34e35d2/pe5-v256-c1024-q256-static-quartus/quartus-rtl/PifoMesh.v Line: 44274
Info (22567): Verilog HDL info at PifoMesh.v(44214): extracting RAM for identifier 'ram' File: /data/work/rio-synthesis/shared-fifo-34e35d2/pe5-v256-c1024-q256-static-quartus/quartus-rtl/PifoMesh.v Line: 44214
Info (22567): Verilog HDL info at PifoMesh.v(27023): extracting RAM for identifier 'ram' File: /data/work/rio-synthesis/shared-fifo-34e35d2/pe5-v256-c1024-q256-static-quartus/quartus-rtl/PifoMesh.v Line: 27023
Info (22567): Verilog HDL info at PifoMesh.v(26955): extracting RAM for identifier 'ram' File: /data/work/rio-synthesis/shared-fifo-34e35d2/pe5-v256-c1024-q256-static-quartus/quartus-rtl/PifoMesh.v Line: 26955
Info (22567): Verilog HDL info at PifoMesh.v(44136): extracting RAM for identifier 'ram' File: /data/work/rio-synthesis/shared-fifo-34e35d2/pe5-v256-c1024-q256-static-quartus/quartus-rtl/PifoMesh.v Line: 44136
Info (22567): Verilog HDL info at PifoMesh.v(44080): extracting RAM for identifier 'ram' File: /data/work/rio-synthesis/shared-fifo-34e35d2/pe5-v256-c1024-q256-static-quartus/quartus-rtl/PifoMesh.v Line: 44080
Info (22567): Verilog HDL info at PifoMesh.v(44024): extracting RAM for identifier 'ram' File: /data/work/rio-synthesis/shared-fifo-34e35d2/pe5-v256-c1024-q256-static-quartus/quartus-rtl/PifoMesh.v Line: 44024
Info (22567): Verilog HDL info at PifoMesh.v(43964): extracting RAM for identifier 'ram' File: /data/work/rio-synthesis/shared-fifo-34e35d2/pe5-v256-c1024-q256-static-quartus/quartus-rtl/PifoMesh.v Line: 43964
Info (22567): Verilog HDL info at PifoMesh.v(25827): extracting RAM for identifier 'ram' File: /data/work/rio-synthesis/shared-fifo-34e35d2/pe5-v256-c1024-q256-static-quartus/quartus-rtl/PifoMesh.v Line: 25827
Info (22567): Verilog HDL info at PifoMesh.v(25759): extracting RAM for identifier 'ram' File: /data/work/rio-synthesis/shared-fifo-34e35d2/pe5-v256-c1024-q256-static-quartus/quartus-rtl/PifoMesh.v Line: 25759
Info (22567): Verilog HDL info at PifoMesh.v(43886): extracting RAM for identifier 'ram' File: /data/work/rio-synthesis/shared-fifo-34e35d2/pe5-v256-c1024-q256-static-quartus/quartus-rtl/PifoMesh.v Line: 43886
Info (22567): Verilog HDL info at PifoMesh.v(43830): extracting RAM for identifier 'ram' File: /data/work/rio-synthesis/shared-fifo-34e35d2/pe5-v256-c1024-q256-static-quartus/quartus-rtl/PifoMesh.v Line: 43830
Info (22567): Verilog HDL info at PifoMesh.v(43774): extracting RAM for identifier 'ram' File: /data/work/rio-synthesis/shared-fifo-34e35d2/pe5-v256-c1024-q256-static-quartus/quartus-rtl/PifoMesh.v Line: 43774
Info (22567): Verilog HDL info at PifoMesh.v(43714): extracting RAM for identifier 'ram' File: /data/work/rio-synthesis/shared-fifo-34e35d2/pe5-v256-c1024-q256-static-quartus/quartus-rtl/PifoMesh.v Line: 43714
Info (22567): Verilog HDL info at PifoMesh.v(24631): extracting RAM for identifier 'ram' File: /data/work/rio-synthesis/shared-fifo-34e35d2/pe5-v256-c1024-q256-static-quartus/quartus-rtl/PifoMesh.v Line: 24631
Info (22567): Verilog HDL info at PifoMesh.v(24563): extracting RAM for identifier 'ram' File: /data/work/rio-synthesis/shared-fifo-34e35d2/pe5-v256-c1024-q256-static-quartus/quartus-rtl/PifoMesh.v Line: 24563
Info (22567): Verilog HDL info at PifoMesh.v(43636): extracting RAM for identifier 'ram' File: /data/work/rio-synthesis/shared-fifo-34e35d2/pe5-v256-c1024-q256-static-quartus/quartus-rtl/PifoMesh.v Line: 43636
Info (22567): Verilog HDL info at PifoMesh.v(43580): extracting RAM for identifier 'ram' File: /data/work/rio-synthesis/shared-fifo-34e35d2/pe5-v256-c1024-q256-static-quartus/quartus-rtl/PifoMesh.v Line: 43580
Info (22567): Verilog HDL info at PifoMesh.v(43524): extracting RAM for identifier 'ram' File: /data/work/rio-synthesis/shared-fifo-34e35d2/pe5-v256-c1024-q256-static-quartus/quartus-rtl/PifoMesh.v Line: 43524
Info (22567): Verilog HDL info at PifoMesh.v(43464): extracting RAM for identifier 'ram' File: /data/work/rio-synthesis/shared-fifo-34e35d2/pe5-v256-c1024-q256-static-quartus/quartus-rtl/PifoMesh.v Line: 43464
Info (22567): Verilog HDL info at PifoMesh.v(23435): extracting RAM for identifier 'ram' File: /data/work/rio-synthesis/shared-fifo-34e35d2/pe5-v256-c1024-q256-static-quartus/quartus-rtl/PifoMesh.v Line: 23435
Info (22567): Verilog HDL info at PifoMesh.v(17810): extracting RAM for identifier 'logic_ram' File: /data/work/rio-synthesis/shared-fifo-34e35d2/pe5-v256-c1024-q256-static-quartus/quartus-rtl/PifoMesh.v Line: 17810
Info: Found 73 design entities
Info: There are 199 partitions after elaboration.
Info: DA report generation in native DNI mode
Info (21615): Running Design Assistant Rules for snapshot 'partitioned'
Info: No waiver waived any violations
Info (22360): Design Assistant Results: 8 of 10 enabled rules passed, and 1 rules was disabled, in snapshot 'partitioned'
Warning (21620): Design Assistant Results: 1 of 1 High severity rules issued violations in snapshot 'partitioned'. Please refer to DRC report '/data/work/rio-synthesis/shared-fifo-34e35d2/pe5-v256-c1024-q256-static-quartus/output_files/pifo.drc.partitioned.rpt' for more information
Info (21621): Design Assistant Results: 1 of 1 Medium severity rules issued violations in snapshot 'partitioned'. Please refer to DRC report '/data/work/rio-synthesis/shared-fifo-34e35d2/pe5-v256-c1024-q256-static-quartus/output_files/pifo.drc.partitioned.rpt' for more information
Info (21622): Design Assistant Results: 0 of 8 Low severity rules issued violations in snapshot 'partitioned'
Info: Synthesizing partition "root_partition"
Warning (276020): Inferred RAM node "xbar|io_inputs_0_fifo|fifo|logic_ram_rtl_0" from synchronous design logic.  Pass-through logic has been added to match the read-during-write behavior of the original design. File: /data/work/rio-synthesis/shared-fifo-34e35d2/pe5-v256-c1024-q256-static-quartus/quartus-rtl/PifoMesh.v Line: 45735
Warning (276020): Inferred RAM node "xbar|io_inputs_1_fifo|fifo|logic_ram_rtl_0" from synchronous design logic.  Pass-through logic has been added to match the read-during-write behavior of the original design. File: /data/work/rio-synthesis/shared-fifo-34e35d2/pe5-v256-c1024-q256-static-quartus/quartus-rtl/PifoMesh.v Line: 45735
Warning (276020): Inferred RAM node "xbar|io_inputs_2_fifo|fifo|logic_ram_rtl_0" from synchronous design logic.  Pass-through logic has been added to match the read-during-write behavior of the original design. File: /data/work/rio-synthesis/shared-fifo-34e35d2/pe5-v256-c1024-q256-static-quartus/quartus-rtl/PifoMesh.v Line: 45735
Warning (276020): Inferred RAM node "xbar|io_inputs_3_fifo|fifo|logic_ram_rtl_0" from synchronous design logic.  Pass-through logic has been added to match the read-during-write behavior of the original design. File: /data/work/rio-synthesis/shared-fifo-34e35d2/pe5-v256-c1024-q256-static-quartus/quartus-rtl/PifoMesh.v Line: 45735
Warning (276020): Inferred RAM node "xbar|io_inputs_4_fifo|fifo|logic_ram_rtl_0" from synchronous design logic.  Pass-through logic has been added to match the read-during-write behavior of the original design. File: /data/work/rio-synthesis/shared-fifo-34e35d2/pe5-v256-c1024-q256-static-quartus/quartus-rtl/PifoMesh.v Line: 45735
Warning (276020): Inferred RAM node "xbar|io_inputs_5_fifo|fifo|logic_ram_rtl_0" from synchronous design logic.  Pass-through logic has been added to match the read-during-write behavior of the original design. File: /data/work/rio-synthesis/shared-fifo-34e35d2/pe5-v256-c1024-q256-static-quartus/quartus-rtl/PifoMesh.v Line: 45735
Info (276014): Found 25 instances of uninferred RAM logic
    Info (276004): RAM logic "pifoEngines_0|enque_brain|flowStateUpdate_toStream_fifo|fifo|logic_ram" is uninferred due to inappropriate RAM size File: /data/work/rio-synthesis/shared-fifo-34e35d2/pe5-v256-c1024-q256-static-quartus/quartus-rtl/PifoMesh.v Line: 46586
    Info (276004): RAM logic "pifoEngines_0|enque_brain|brainStateUpdate_toStream_fifo|fifo|logic_ram" is uninferred due to inappropriate RAM size File: /data/work/rio-synthesis/shared-fifo-34e35d2/pe5-v256-c1024-q256-static-quartus/quartus-rtl/PifoMesh.v Line: 46441
    Info (276004): RAM logic "pifoEngines_0|enque_brain|brainStateMem_io_readRes_toStream_fifo|fifo|logic_ram" is uninferred due to inappropriate RAM size File: /data/work/rio-synthesis/shared-fifo-34e35d2/pe5-v256-c1024-q256-static-quartus/quartus-rtl/PifoMesh.v Line: 46179
    Info (276004): RAM logic "pifoEngines_0|enque_brain|engineCAM_io_readRes_toStream_fifo|fifo|logic_ram" is uninferred due to inappropriate RAM size File: /data/work/rio-synthesis/shared-fifo-34e35d2/pe5-v256-c1024-q256-static-quartus/quartus-rtl/PifoMesh.v Line: 46179
    Info (276004): RAM logic "pifoEngines_0|enque_brain|io_outputs_4_fifo|fifo|logic_ram" is uninferred due to inappropriate RAM size File: /data/work/rio-synthesis/shared-fifo-34e35d2/pe5-v256-c1024-q256-static-quartus/quartus-rtl/PifoMesh.v Line: 45910
    Info (276004): RAM logic "pifoEngines_1|enque_brain|flowStateUpdate_toStream_fifo|fifo|logic_ram" is uninferred due to inappropriate RAM size File: /data/work/rio-synthesis/shared-fifo-34e35d2/pe5-v256-c1024-q256-static-quartus/quartus-rtl/PifoMesh.v Line: 46586
    Info (276004): RAM logic "pifoEngines_1|enque_brain|brainStateUpdate_toStream_fifo|fifo|logic_ram" is uninferred due to inappropriate RAM size File: /data/work/rio-synthesis/shared-fifo-34e35d2/pe5-v256-c1024-q256-static-quartus/quartus-rtl/PifoMesh.v Line: 46441
    Info (276004): RAM logic "pifoEngines_1|enque_brain|brainStateMem_io_readRes_toStream_fifo|fifo|logic_ram" is uninferred due to inappropriate RAM size File: /data/work/rio-synthesis/shared-fifo-34e35d2/pe5-v256-c1024-q256-static-quartus/quartus-rtl/PifoMesh.v Line: 46179
    Info (276004): RAM logic "pifoEngines_1|enque_brain|engineCAM_io_readRes_toStream_fifo|fifo|logic_ram" is uninferred due to inappropriate RAM size File: /data/work/rio-synthesis/shared-fifo-34e35d2/pe5-v256-c1024-q256-static-quartus/quartus-rtl/PifoMesh.v Line: 46179
    Info (276004): RAM logic "pifoEngines_1|enque_brain|io_outputs_4_fifo|fifo|logic_ram" is uninferred due to inappropriate RAM size File: /data/work/rio-synthesis/shared-fifo-34e35d2/pe5-v256-c1024-q256-static-quartus/quartus-rtl/PifoMesh.v Line: 45910
    Info (276004): RAM logic "pifoEngines_2|enque_brain|flowStateUpdate_toStream_fifo|fifo|logic_ram" is uninferred due to inappropriate RAM size File: /data/work/rio-synthesis/shared-fifo-34e35d2/pe5-v256-c1024-q256-static-quartus/quartus-rtl/PifoMesh.v Line: 46586
    Info (276004): RAM logic "pifoEngines_2|enque_brain|brainStateUpdate_toStream_fifo|fifo|logic_ram" is uninferred due to inappropriate RAM size File: /data/work/rio-synthesis/shared-fifo-34e35d2/pe5-v256-c1024-q256-static-quartus/quartus-rtl/PifoMesh.v Line: 46441
    Info (276004): RAM logic "pifoEngines_2|enque_brain|brainStateMem_io_readRes_toStream_fifo|fifo|logic_ram" is uninferred due to inappropriate RAM size File: /data/work/rio-synthesis/shared-fifo-34e35d2/pe5-v256-c1024-q256-static-quartus/quartus-rtl/PifoMesh.v Line: 46179
    Info (276004): RAM logic "pifoEngines_2|enque_brain|engineCAM_io_readRes_toStream_fifo|fifo|logic_ram" is uninferred due to inappropriate RAM size File: /data/work/rio-synthesis/shared-fifo-34e35d2/pe5-v256-c1024-q256-static-quartus/quartus-rtl/PifoMesh.v Line: 46179
    Info (276004): RAM logic "pifoEngines_2|enque_brain|io_outputs_4_fifo|fifo|logic_ram" is uninferred due to inappropriate RAM size File: /data/work/rio-synthesis/shared-fifo-34e35d2/pe5-v256-c1024-q256-static-quartus/quartus-rtl/PifoMesh.v Line: 45910
    Info (276004): RAM logic "pifoEngines_3|enque_brain|flowStateUpdate_toStream_fifo|fifo|logic_ram" is uninferred due to inappropriate RAM size File: /data/work/rio-synthesis/shared-fifo-34e35d2/pe5-v256-c1024-q256-static-quartus/quartus-rtl/PifoMesh.v Line: 46586
    Info (276004): RAM logic "pifoEngines_3|enque_brain|brainStateUpdate_toStream_fifo|fifo|logic_ram" is uninferred due to inappropriate RAM size File: /data/work/rio-synthesis/shared-fifo-34e35d2/pe5-v256-c1024-q256-static-quartus/quartus-rtl/PifoMesh.v Line: 46441
    Info (276004): RAM logic "pifoEngines_3|enque_brain|brainStateMem_io_readRes_toStream_fifo|fifo|logic_ram" is uninferred due to inappropriate RAM size File: /data/work/rio-synthesis/shared-fifo-34e35d2/pe5-v256-c1024-q256-static-quartus/quartus-rtl/PifoMesh.v Line: 46179
    Info (276004): RAM logic "pifoEngines_3|enque_brain|engineCAM_io_readRes_toStream_fifo|fifo|logic_ram" is uninferred due to inappropriate RAM size File: /data/work/rio-synthesis/shared-fifo-34e35d2/pe5-v256-c1024-q256-static-quartus/quartus-rtl/PifoMesh.v Line: 46179
    Info (276004): RAM logic "pifoEngines_3|enque_brain|io_outputs_4_fifo|fifo|logic_ram" is uninferred due to inappropriate RAM size File: /data/work/rio-synthesis/shared-fifo-34e35d2/pe5-v256-c1024-q256-static-quartus/quartus-rtl/PifoMesh.v Line: 45910
    Info (276004): RAM logic "pifoEngines_4|enque_brain|flowStateUpdate_toStream_fifo|fifo|logic_ram" is uninferred due to inappropriate RAM size File: /data/work/rio-synthesis/shared-fifo-34e35d2/pe5-v256-c1024-q256-static-quartus/quartus-rtl/PifoMesh.v Line: 46586
    Info (276004): RAM logic "pifoEngines_4|enque_brain|brainStateUpdate_toStream_fifo|fifo|logic_ram" is uninferred due to inappropriate RAM size File: /data/work/rio-synthesis/shared-fifo-34e35d2/pe5-v256-c1024-q256-static-quartus/quartus-rtl/PifoMesh.v Line: 46441
    Info (276004): RAM logic "pifoEngines_4|enque_brain|brainStateMem_io_readRes_toStream_fifo|fifo|logic_ram" is uninferred due to inappropriate RAM size File: /data/work/rio-synthesis/shared-fifo-34e35d2/pe5-v256-c1024-q256-static-quartus/quartus-rtl/PifoMesh.v Line: 46179
    Info (276004): RAM logic "pifoEngines_4|enque_brain|engineCAM_io_readRes_toStream_fifo|fifo|logic_ram" is uninferred due to inappropriate RAM size File: /data/work/rio-synthesis/shared-fifo-34e35d2/pe5-v256-c1024-q256-static-quartus/quartus-rtl/PifoMesh.v Line: 46179
    Info (276004): RAM logic "pifoEngines_4|enque_brain|io_outputs_4_fifo|fifo|logic_ram" is uninferred due to inappropriate RAM size File: /data/work/rio-synthesis/shared-fifo-34e35d2/pe5-v256-c1024-q256-static-quartus/quartus-rtl/PifoMesh.v Line: 45910
Info (19000): Inferred 37 megafunctions from design logic
    Info (276029): Inferred altsyncram megafunction from the following design logic: "io_controlRequest_fifo|logic_ram_rtl_0"  File: /data/work/rio-synthesis/shared-fifo-34e35d2/pe5-v256-c1024-q256-static-quartus/quartus-rtl/PifoMesh.v Line: 17810
        Info (286033): Parameter OPERATION_MODE set to DUAL_PORT
        Info (286033): Parameter WIDTH_A set to 57
        Info (286033): Parameter WIDTHAD_A set to 8
        Info (286033): Parameter NUMWORDS_A set to 256
        Info (286033): Parameter WIDTH_B set to 57
        Info (286033): Parameter WIDTHAD_B set to 8
        Info (286033): Parameter NUMWORDS_B set to 256
        Info (286033): Parameter ADDRESS_ACLR_A set to NONE
        Info (286033): Parameter OUTDATA_REG_B set to UNREGISTERED
        Info (286033): Parameter ADDRESS_ACLR_B set to NONE
        Info (286033): Parameter OUTDATA_ACLR_B set to NONE
        Info (286033): Parameter ADDRESS_REG_B set to CLOCK0
        Info (286033): Parameter INDATA_ACLR_A set to NONE
        Info (286033): Parameter WRCONTROL_ACLR_A set to NONE
        Info (286033): Parameter READ_DURING_WRITE_MODE_MIXED_PORTS set to OLD_DATA
        Info (286033): Parameter RDCONTROL_REG_B set to CLOCK0
    Info (276029): Inferred altsyncram megafunction from the following design logic: "pifoEngines_0|enque_enqueMapper|ram_rtl_0"  File: /data/work/rio-synthesis/shared-fifo-34e35d2/pe5-v256-c1024-q256-static-quartus/quartus-rtl/PifoMesh.v Line: 42948
        Info (286033): Parameter OPERATION_MODE set to DUAL_PORT
        Info (286033): Parameter WIDTH_A set to 8
        Info (286033): Parameter WIDTHAD_A set to 8
        Info (286033): Parameter NUMWORDS_A set to 256
        Info (286033): Parameter WIDTH_B set to 8
        Info (286033): Parameter WIDTHAD_B set to 8
        Info (286033): Parameter NUMWORDS_B set to 256
        Info (286033): Parameter ADDRESS_ACLR_A set to NONE
        Info (286033): Parameter OUTDATA_REG_B set to UNREGISTERED
        Info (286033): Parameter ADDRESS_ACLR_B set to NONE
        Info (286033): Parameter OUTDATA_ACLR_B set to NONE
        Info (286033): Parameter ADDRESS_REG_B set to CLOCK0
        Info (286033): Parameter INDATA_ACLR_A set to NONE
        Info (286033): Parameter WRCONTROL_ACLR_A set to NONE
        Info (286033): Parameter INIT_FILE set to /data/work/rio-synthesis/shared-fifo-34e35d2/pe5-v256-c1024-q256-static-quartus/quartus-rtl/PifoMesh.v_toplevel_pifoEngines_0_enque_enqueMapper_ram.bin.mif
        Info (286033): Parameter READ_DURING_WRITE_MODE_MIXED_PORTS set to OLD_DATA
        Info (286033): Parameter RDCONTROL_REG_B set to CLOCK0
    Info (276029): Inferred altsyncram megafunction from the following design logic: "pifoEngines_0|deque_dequeMapper|ram_rtl_0"  File: /data/work/rio-synthesis/shared-fifo-34e35d2/pe5-v256-c1024-q256-static-quartus/quartus-rtl/PifoMesh.v Line: 41775
        Info (286033): Parameter OPERATION_MODE set to DUAL_PORT
        Info (286033): Parameter WIDTH_A set to 11
        Info (286033): Parameter WIDTHAD_A set to 19
        Info (286033): Parameter NUMWORDS_A set to 524288
        Info (286033): Parameter WIDTH_B set to 11
        Info (286033): Parameter WIDTHAD_B set to 19
        Info (286033): Parameter NUMWORDS_B set to 524288
        Info (286033): Parameter ADDRESS_ACLR_A set to NONE
        Info (286033): Parameter OUTDATA_REG_B set to UNREGISTERED
        Info (286033): Parameter ADDRESS_ACLR_B set to NONE
        Info (286033): Parameter OUTDATA_ACLR_B set to NONE
        Info (286033): Parameter ADDRESS_REG_B set to CLOCK0
        Info (286033): Parameter INDATA_ACLR_A set to NONE
        Info (286033): Parameter WRCONTROL_ACLR_A set to NONE
        Info (286033): Parameter INIT_FILE set to /data/work/rio-synthesis/shared-fifo-34e35d2/pe5-v256-c1024-q256-static-quartus/quartus-rtl/PifoMesh.v_toplevel_pifoEngines_0_deque_dequeMapper_ram.bin.mif
        Info (286033): Parameter READ_DURING_WRITE_MODE_MIXED_PORTS set to OLD_DATA
        Info (286033): Parameter RDCONTROL_REG_B set to CLOCK0
    Info (276029): Inferred altsyncram megafunction from the following design logic: "pifoEngines_1|enque_enqueMapper|ram_rtl_0"  File: /data/work/rio-synthesis/shared-fifo-34e35d2/pe5-v256-c1024-q256-static-quartus/quartus-rtl/PifoMesh.v Line: 28151
        Info (286033): Parameter OPERATION_MODE set to DUAL_PORT
        Info (286033): Parameter WIDTH_A set to 8
        Info (286033): Parameter WIDTHAD_A set to 8
        Info (286033): Parameter NUMWORDS_A set to 256
        Info (286033): Parameter WIDTH_B set to 8
        Info (286033): Parameter WIDTHAD_B set to 8
        Info (286033): Parameter NUMWORDS_B set to 256
        Info (286033): Parameter ADDRESS_ACLR_A set to NONE
        Info (286033): Parameter OUTDATA_REG_B set to UNREGISTERED
        Info (286033): Parameter ADDRESS_ACLR_B set to NONE
        Info (286033): Parameter OUTDATA_ACLR_B set to NONE
        Info (286033): Parameter ADDRESS_REG_B set to CLOCK0
        Info (286033): Parameter INDATA_ACLR_A set to NONE
        Info (286033): Parameter WRCONTROL_ACLR_A set to NONE
        Info (286033): Parameter INIT_FILE set to /data/work/rio-synthesis/shared-fifo-34e35d2/pe5-v256-c1024-q256-static-quartus/quartus-rtl/PifoMesh.v_toplevel_pifoEngines_1_enque_enqueMapper_ram.bin.mif
        Info (286033): Parameter READ_DURING_WRITE_MODE_MIXED_PORTS set to OLD_DATA
        Info (286033): Parameter RDCONTROL_REG_B set to CLOCK0
    Info (276029): Inferred altsyncram megafunction from the following design logic: "pifoEngines_1|deque_dequeMapper|ram_rtl_0"  File: /data/work/rio-synthesis/shared-fifo-34e35d2/pe5-v256-c1024-q256-static-quartus/quartus-rtl/PifoMesh.v Line: 27023
        Info (286033): Parameter OPERATION_MODE set to DUAL_PORT
        Info (286033): Parameter WIDTH_A set to 11
        Info (286033): Parameter WIDTHAD_A set to 19
        Info (286033): Parameter NUMWORDS_A set to 524288
        Info (286033): Parameter WIDTH_B set to 11
        Info (286033): Parameter WIDTHAD_B set to 19
        Info (286033): Parameter NUMWORDS_B set to 524288
        Info (286033): Parameter ADDRESS_ACLR_A set to NONE
        Info (286033): Parameter OUTDATA_REG_B set to UNREGISTERED
        Info (286033): Parameter ADDRESS_ACLR_B set to NONE
        Info (286033): Parameter OUTDATA_ACLR_B set to NONE
        Info (286033): Parameter ADDRESS_REG_B set to CLOCK0
        Info (286033): Parameter INDATA_ACLR_A set to NONE
        Info (286033): Parameter WRCONTROL_ACLR_A set to NONE
        Info (286033): Parameter INIT_FILE set to /data/work/rio-synthesis/shared-fifo-34e35d2/pe5-v256-c1024-q256-static-quartus/quartus-rtl/PifoMesh.v_toplevel_pifoEngines_1_deque_dequeMapper_ram.bin.mif
        Info (286033): Parameter READ_DURING_WRITE_MODE_MIXED_PORTS set to OLD_DATA
        Info (286033): Parameter RDCONTROL_REG_B set to CLOCK0
    Info (276029): Inferred altsyncram megafunction from the following design logic: "pifoEngines_2|enque_enqueMapper|ram_rtl_0"  File: /data/work/rio-synthesis/shared-fifo-34e35d2/pe5-v256-c1024-q256-static-quartus/quartus-rtl/PifoMesh.v Line: 26955
        Info (286033): Parameter OPERATION_MODE set to DUAL_PORT
        Info (286033): Parameter WIDTH_A set to 8
        Info (286033): Parameter WIDTHAD_A set to 8
        Info (286033): Parameter NUMWORDS_A set to 256
        Info (286033): Parameter WIDTH_B set to 8
        Info (286033): Parameter WIDTHAD_B set to 8
        Info (286033): Parameter NUMWORDS_B set to 256
        Info (286033): Parameter ADDRESS_ACLR_A set to NONE
        Info (286033): Parameter OUTDATA_REG_B set to UNREGISTERED
        Info (286033): Parameter ADDRESS_ACLR_B set to NONE
        Info (286033): Parameter OUTDATA_ACLR_B set to NONE
        Info (286033): Parameter ADDRESS_REG_B set to CLOCK0
        Info (286033): Parameter INDATA_ACLR_A set to NONE
        Info (286033): Parameter WRCONTROL_ACLR_A set to NONE
        Info (286033): Parameter INIT_FILE set to /data/work/rio-synthesis/shared-fifo-34e35d2/pe5-v256-c1024-q256-static-quartus/quartus-rtl/PifoMesh.v_toplevel_pifoEngines_2_enque_enqueMapper_ram.bin.mif
        Info (286033): Parameter READ_DURING_WRITE_MODE_MIXED_PORTS set to OLD_DATA
        Info (286033): Parameter RDCONTROL_REG_B set to CLOCK0
    Info (276029): Inferred altsyncram megafunction from the following design logic: "pifoEngines_2|deque_dequeMapper|ram_rtl_0"  File: /data/work/rio-synthesis/shared-fifo-34e35d2/pe5-v256-c1024-q256-static-quartus/quartus-rtl/PifoMesh.v Line: 25827
        Info (286033): Parameter OPERATION_MODE set to DUAL_PORT
        Info (286033): Parameter WIDTH_A set to 11
        Info (286033): Parameter WIDTHAD_A set to 19
        Info (286033): Parameter NUMWORDS_A set to 524288
        Info (286033): Parameter WIDTH_B set to 11
        Info (286033): Parameter WIDTHAD_B set to 19
        Info (286033): Parameter NUMWORDS_B set to 524288
        Info (286033): Parameter ADDRESS_ACLR_A set to NONE
        Info (286033): Parameter OUTDATA_REG_B set to UNREGISTERED
        Info (286033): Parameter ADDRESS_ACLR_B set to NONE
        Info (286033): Parameter OUTDATA_ACLR_B set to NONE
        Info (286033): Parameter ADDRESS_REG_B set to CLOCK0
        Info (286033): Parameter INDATA_ACLR_A set to NONE
        Info (286033): Parameter WRCONTROL_ACLR_A set to NONE
        Info (286033): Parameter INIT_FILE set to /data/work/rio-synthesis/shared-fifo-34e35d2/pe5-v256-c1024-q256-static-quartus/quartus-rtl/PifoMesh.v_toplevel_pifoEngines_2_deque_dequeMapper_ram.bin.mif
        Info (286033): Parameter READ_DURING_WRITE_MODE_MIXED_PORTS set to OLD_DATA
        Info (286033): Parameter RDCONTROL_REG_B set to CLOCK0
    Info (276029): Inferred altsyncram megafunction from the following design logic: "pifoEngines_3|enque_enqueMapper|ram_rtl_0"  File: /data/work/rio-synthesis/shared-fifo-34e35d2/pe5-v256-c1024-q256-static-quartus/quartus-rtl/PifoMesh.v Line: 25759
        Info (286033): Parameter OPERATION_MODE set to DUAL_PORT
        Info (286033): Parameter WIDTH_A set to 8
        Info (286033): Parameter WIDTHAD_A set to 8
        Info (286033): Parameter NUMWORDS_A set to 256
        Info (286033): Parameter WIDTH_B set to 8
        Info (286033): Parameter WIDTHAD_B set to 8
        Info (286033): Parameter NUMWORDS_B set to 256
        Info (286033): Parameter ADDRESS_ACLR_A set to NONE
        Info (286033): Parameter OUTDATA_REG_B set to UNREGISTERED
        Info (286033): Parameter ADDRESS_ACLR_B set to NONE
        Info (286033): Parameter OUTDATA_ACLR_B set to NONE
        Info (286033): Parameter ADDRESS_REG_B set to CLOCK0
        Info (286033): Parameter INDATA_ACLR_A set to NONE
        Info (286033): Parameter WRCONTROL_ACLR_A set to NONE
        Info (286033): Parameter INIT_FILE set to /data/work/rio-synthesis/shared-fifo-34e35d2/pe5-v256-c1024-q256-static-quartus/quartus-rtl/PifoMesh.v_toplevel_pifoEngines_3_enque_enqueMapper_ram.bin.mif
        Info (286033): Parameter READ_DURING_WRITE_MODE_MIXED_PORTS set to OLD_DATA
        Info (286033): Parameter RDCONTROL_REG_B set to CLOCK0
    Info (276029): Inferred altsyncram megafunction from the following design logic: "pifoEngines_3|deque_dequeMapper|ram_rtl_0"  File: /data/work/rio-synthesis/shared-fifo-34e35d2/pe5-v256-c1024-q256-static-quartus/quartus-rtl/PifoMesh.v Line: 24631
        Info (286033): Parameter OPERATION_MODE set to DUAL_PORT
        Info (286033): Parameter WIDTH_A set to 11
        Info (286033): Parameter WIDTHAD_A set to 19
        Info (286033): Parameter NUMWORDS_A set to 524288
        Info (286033): Parameter WIDTH_B set to 11
        Info (286033): Parameter WIDTHAD_B set to 19
        Info (286033): Parameter NUMWORDS_B set to 524288
        Info (286033): Parameter ADDRESS_ACLR_A set to NONE
        Info (286033): Parameter OUTDATA_REG_B set to UNREGISTERED
        Info (286033): Parameter ADDRESS_ACLR_B set to NONE
        Info (286033): Parameter OUTDATA_ACLR_B set to NONE
        Info (286033): Parameter ADDRESS_REG_B set to CLOCK0
        Info (286033): Parameter INDATA_ACLR_A set to NONE
        Info (286033): Parameter WRCONTROL_ACLR_A set to NONE
        Info (286033): Parameter INIT_FILE set to /data/work/rio-synthesis/shared-fifo-34e35d2/pe5-v256-c1024-q256-static-quartus/quartus-rtl/PifoMesh.v_toplevel_pifoEngines_3_deque_dequeMapper_ram.bin.mif
        Info (286033): Parameter READ_DURING_WRITE_MODE_MIXED_PORTS set to OLD_DATA
        Info (286033): Parameter RDCONTROL_REG_B set to CLOCK0
    Info (276029): Inferred altsyncram megafunction from the following design logic: "pifoEngines_4|enque_enqueMapper|ram_rtl_0"  File: /data/work/rio-synthesis/shared-fifo-34e35d2/pe5-v256-c1024-q256-static-quartus/quartus-rtl/PifoMesh.v Line: 24563
        Info (286033): Parameter OPERATION_MODE set to DUAL_PORT
        Info (286033): Parameter WIDTH_A set to 8
        Info (286033): Parameter WIDTHAD_A set to 8
        Info (286033): Parameter NUMWORDS_A set to 256
        Info (286033): Parameter WIDTH_B set to 8
        Info (286033): Parameter WIDTHAD_B set to 8
        Info (286033): Parameter NUMWORDS_B set to 256
        Info (286033): Parameter ADDRESS_ACLR_A set to NONE
        Info (286033): Parameter OUTDATA_REG_B set to UNREGISTERED
        Info (286033): Parameter ADDRESS_ACLR_B set to NONE
        Info (286033): Parameter OUTDATA_ACLR_B set to NONE
        Info (286033): Parameter ADDRESS_REG_B set to CLOCK0
        Info (286033): Parameter INDATA_ACLR_A set to NONE
        Info (286033): Parameter WRCONTROL_ACLR_A set to NONE
        Info (286033): Parameter INIT_FILE set to /data/work/rio-synthesis/shared-fifo-34e35d2/pe5-v256-c1024-q256-static-quartus/quartus-rtl/PifoMesh.v_toplevel_pifoEngines_4_enque_enqueMapper_ram.bin.mif
        Info (286033): Parameter READ_DURING_WRITE_MODE_MIXED_PORTS set to OLD_DATA
        Info (286033): Parameter RDCONTROL_REG_B set to CLOCK0
    Info (276029): Inferred altsyncram megafunction from the following design logic: "pifoEngines_4|deque_dequeMapper|ram_rtl_0"  File: /data/work/rio-synthesis/shared-fifo-34e35d2/pe5-v256-c1024-q256-static-quartus/quartus-rtl/PifoMesh.v Line: 23435
        Info (286033): Parameter OPERATION_MODE set to DUAL_PORT
        Info (286033): Parameter WIDTH_A set to 11
        Info (286033): Parameter WIDTHAD_A set to 19
        Info (286033): Parameter NUMWORDS_A set to 524288
        Info (286033): Parameter WIDTH_B set to 11
        Info (286033): Parameter WIDTHAD_B set to 19
        Info (286033): Parameter NUMWORDS_B set to 524288
        Info (286033): Parameter ADDRESS_ACLR_A set to NONE
        Info (286033): Parameter OUTDATA_REG_B set to UNREGISTERED
        Info (286033): Parameter ADDRESS_ACLR_B set to NONE
        Info (286033): Parameter OUTDATA_ACLR_B set to NONE
        Info (286033): Parameter ADDRESS_REG_B set to CLOCK0
        Info (286033): Parameter INDATA_ACLR_A set to NONE
        Info (286033): Parameter WRCONTROL_ACLR_A set to NONE
        Info (286033): Parameter INIT_FILE set to /data/work/rio-synthesis/shared-fifo-34e35d2/pe5-v256-c1024-q256-static-quartus/quartus-rtl/PifoMesh.v_toplevel_pifoEngines_4_deque_dequeMapper_ram.bin.mif
        Info (286033): Parameter READ_DURING_WRITE_MODE_MIXED_PORTS set to OLD_DATA
        Info (286033): Parameter RDCONTROL_REG_B set to CLOCK0
    Info (276029): Inferred altsyncram megafunction from the following design logic: "xbar|io_inputs_0_fifo|fifo|logic_ram_rtl_0"  File: /data/work/rio-synthesis/shared-fifo-34e35d2/pe5-v256-c1024-q256-static-quartus/quartus-rtl/PifoMesh.v Line: 45735
        Info (286033): Parameter OPERATION_MODE set to DUAL_PORT
        Info (286033): Parameter WIDTH_A set to 11
        Info (286033): Parameter WIDTHAD_A set to 3
        Info (286033): Parameter NUMWORDS_A set to 8
        Info (286033): Parameter WIDTH_B set to 11
        Info (286033): Parameter WIDTHAD_B set to 3
        Info (286033): Parameter NUMWORDS_B set to 8
        Info (286033): Parameter ADDRESS_ACLR_A set to NONE
        Info (286033): Parameter OUTDATA_REG_B set to UNREGISTERED
        Info (286033): Parameter ADDRESS_ACLR_B set to CLEAR0
        Info (286033): Parameter OUTDATA_ACLR_B set to NONE
        Info (286033): Parameter ADDRESS_REG_B set to CLOCK0
        Info (286033): Parameter INDATA_ACLR_A set to NONE
        Info (286033): Parameter WRCONTROL_ACLR_A set to NONE
    Info (276029): Inferred altsyncram megafunction from the following design logic: "xbar|io_inputs_1_fifo|fifo|logic_ram_rtl_0"  File: /data/work/rio-synthesis/shared-fifo-34e35d2/pe5-v256-c1024-q256-static-quartus/quartus-rtl/PifoMesh.v Line: 45735
        Info (286033): Parameter OPERATION_MODE set to DUAL_PORT
        Info (286033): Parameter WIDTH_A set to 11
        Info (286033): Parameter WIDTHAD_A set to 3
        Info (286033): Parameter NUMWORDS_A set to 8
        Info (286033): Parameter WIDTH_B set to 11
        Info (286033): Parameter WIDTHAD_B set to 3
        Info (286033): Parameter NUMWORDS_B set to 8
        Info (286033): Parameter ADDRESS_ACLR_A set to NONE
        Info (286033): Parameter OUTDATA_REG_B set to UNREGISTERED
        Info (286033): Parameter ADDRESS_ACLR_B set to CLEAR0
        Info (286033): Parameter OUTDATA_ACLR_B set to NONE
        Info (286033): Parameter ADDRESS_REG_B set to CLOCK0
        Info (286033): Parameter INDATA_ACLR_A set to NONE
        Info (286033): Parameter WRCONTROL_ACLR_A set to NONE
    Info (276029): Inferred altsyncram megafunction from the following design logic: "xbar|io_inputs_2_fifo|fifo|logic_ram_rtl_0"  File: /data/work/rio-synthesis/shared-fifo-34e35d2/pe5-v256-c1024-q256-static-quartus/quartus-rtl/PifoMesh.v Line: 45735
        Info (286033): Parameter OPERATION_MODE set to DUAL_PORT
        Info (286033): Parameter WIDTH_A set to 11
        Info (286033): Parameter WIDTHAD_A set to 3
        Info (286033): Parameter NUMWORDS_A set to 8
        Info (286033): Parameter WIDTH_B set to 11
        Info (286033): Parameter WIDTHAD_B set to 3
        Info (286033): Parameter NUMWORDS_B set to 8
        Info (286033): Parameter ADDRESS_ACLR_A set to NONE
        Info (286033): Parameter OUTDATA_REG_B set to UNREGISTERED
        Info (286033): Parameter ADDRESS_ACLR_B set to CLEAR0
        Info (286033): Parameter OUTDATA_ACLR_B set to NONE
        Info (286033): Parameter ADDRESS_REG_B set to CLOCK0
        Info (286033): Parameter INDATA_ACLR_A set to NONE
        Info (286033): Parameter WRCONTROL_ACLR_A set to NONE
    Info (276029): Inferred altsyncram megafunction from the following design logic: "xbar|io_inputs_3_fifo|fifo|logic_ram_rtl_0"  File: /data/work/rio-synthesis/shared-fifo-34e35d2/pe5-v256-c1024-q256-static-quartus/quartus-rtl/PifoMesh.v Line: 45735
        Info (286033): Parameter OPERATION_MODE set to DUAL_PORT
        Info (286033): Parameter WIDTH_A set to 11
        Info (286033): Parameter WIDTHAD_A set to 3
        Info (286033): Parameter NUMWORDS_A set to 8
        Info (286033): Parameter WIDTH_B set to 11
        Info (286033): Parameter WIDTHAD_B set to 3
        Info (286033): Parameter NUMWORDS_B set to 8
        Info (286033): Parameter ADDRESS_ACLR_A set to NONE
        Info (286033): Parameter OUTDATA_REG_B set to UNREGISTERED
        Info (286033): Parameter ADDRESS_ACLR_B set to CLEAR0
        Info (286033): Parameter OUTDATA_ACLR_B set to NONE
        Info (286033): Parameter ADDRESS_REG_B set to CLOCK0
        Info (286033): Parameter INDATA_ACLR_A set to NONE
        Info (286033): Parameter WRCONTROL_ACLR_A set to NONE
    Info (276029): Inferred altsyncram megafunction from the following design logic: "xbar|io_inputs_4_fifo|fifo|logic_ram_rtl_0"  File: /data/work/rio-synthesis/shared-fifo-34e35d2/pe5-v256-c1024-q256-static-quartus/quartus-rtl/PifoMesh.v Line: 45735
        Info (286033): Parameter OPERATION_MODE set to DUAL_PORT
        Info (286033): Parameter WIDTH_A set to 11
        Info (286033): Parameter WIDTHAD_A set to 3
        Info (286033): Parameter NUMWORDS_A set to 8
        Info (286033): Parameter WIDTH_B set to 11
        Info (286033): Parameter WIDTHAD_B set to 3
        Info (286033): Parameter NUMWORDS_B set to 8
        Info (286033): Parameter ADDRESS_ACLR_A set to NONE
        Info (286033): Parameter OUTDATA_REG_B set to UNREGISTERED
        Info (286033): Parameter ADDRESS_ACLR_B set to CLEAR0
        Info (286033): Parameter OUTDATA_ACLR_B set to NONE
        Info (286033): Parameter ADDRESS_REG_B set to CLOCK0
        Info (286033): Parameter INDATA_ACLR_A set to NONE
        Info (286033): Parameter WRCONTROL_ACLR_A set to NONE
    Info (276029): Inferred altsyncram megafunction from the following design logic: "xbar|io_inputs_5_fifo|fifo|logic_ram_rtl_0"  File: /data/work/rio-synthesis/shared-fifo-34e35d2/pe5-v256-c1024-q256-static-quartus/quartus-rtl/PifoMesh.v Line: 45735
        Info (286033): Parameter OPERATION_MODE set to DUAL_PORT
        Info (286033): Parameter WIDTH_A set to 11
        Info (286033): Parameter WIDTHAD_A set to 3
        Info (286033): Parameter NUMWORDS_A set to 8
        Info (286033): Parameter WIDTH_B set to 11
        Info (286033): Parameter WIDTHAD_B set to 3
        Info (286033): Parameter NUMWORDS_B set to 8
        Info (286033): Parameter ADDRESS_ACLR_A set to NONE
        Info (286033): Parameter OUTDATA_REG_B set to UNREGISTERED
        Info (286033): Parameter ADDRESS_ACLR_B set to CLEAR0
        Info (286033): Parameter OUTDATA_ACLR_B set to NONE
        Info (286033): Parameter ADDRESS_REG_B set to CLOCK0
        Info (286033): Parameter INDATA_ACLR_A set to NONE
        Info (286033): Parameter WRCONTROL_ACLR_A set to NONE
    Info (276029): Inferred altsyncram megafunction from the following design logic: "pifoEngines_0|enque_brain|engineMapper|ram_rtl_0"  File: /data/work/rio-synthesis/shared-fifo-34e35d2/pe5-v256-c1024-q256-static-quartus/quartus-rtl/PifoMesh.v Line: 45373
        Info (286033): Parameter OPERATION_MODE set to DUAL_PORT
        Info (286033): Parameter WIDTH_A set to 2
        Info (286033): Parameter WIDTHAD_A set to 8
        Info (286033): Parameter NUMWORDS_A set to 256
        Info (286033): Parameter WIDTH_B set to 2
        Info (286033): Parameter WIDTHAD_B set to 8
        Info (286033): Parameter NUMWORDS_B set to 256
        Info (286033): Parameter ADDRESS_ACLR_A set to NONE
        Info (286033): Parameter OUTDATA_REG_B set to UNREGISTERED
        Info (286033): Parameter ADDRESS_ACLR_B set to NONE
        Info (286033): Parameter OUTDATA_ACLR_B set to NONE
        Info (286033): Parameter ADDRESS_REG_B set to CLOCK0
        Info (286033): Parameter INDATA_ACLR_A set to NONE
        Info (286033): Parameter WRCONTROL_ACLR_A set to NONE
        Info (286033): Parameter INIT_FILE set to /data/work/rio-synthesis/shared-fifo-34e35d2/pe5-v256-c1024-q256-static-quartus/quartus-rtl/PifoMesh.v_toplevel_pifoEngines_0_enque_brain_engineMapper_ram.bin.mif
        Info (286033): Parameter READ_DURING_WRITE_MODE_MIXED_PORTS set to OLD_DATA
    Info (276029): Inferred altsyncram megafunction from the following design logic: "pifoEngines_0|enque_brain|lastVirtualMapper|ram_rtl_0"  File: /data/work/rio-synthesis/shared-fifo-34e35d2/pe5-v256-c1024-q256-static-quartus/quartus-rtl/PifoMesh.v Line: 45317
        Info (286033): Parameter OPERATION_MODE set to DUAL_PORT
        Info (286033): Parameter WIDTH_A set to 8
        Info (286033): Parameter WIDTHAD_A set to 8
        Info (286033): Parameter NUMWORDS_A set to 256
        Info (286033): Parameter WIDTH_B set to 8
        Info (286033): Parameter WIDTHAD_B set to 8
        Info (286033): Parameter NUMWORDS_B set to 256
        Info (286033): Parameter ADDRESS_ACLR_A set to NONE
        Info (286033): Parameter OUTDATA_REG_B set to UNREGISTERED
        Info (286033): Parameter ADDRESS_ACLR_B set to NONE
        Info (286033): Parameter OUTDATA_ACLR_B set to NONE
        Info (286033): Parameter ADDRESS_REG_B set to CLOCK0
        Info (286033): Parameter INDATA_ACLR_A set to NONE
        Info (286033): Parameter WRCONTROL_ACLR_A set to NONE
        Info (286033): Parameter INIT_FILE set to /data/work/rio-synthesis/shared-fifo-34e35d2/pe5-v256-c1024-q256-static-quartus/quartus-rtl/PifoMesh.v_toplevel_pifoEngines_0_enque_brain_lastVirtualMapper_ram.bin.mif
        Info (286033): Parameter READ_DURING_WRITE_MODE_MIXED_PORTS set to OLD_DATA
    Info (276029): Inferred altsyncram megafunction from the following design logic: "pifoEngines_0|enque_brain|engineCAM|ram_rtl_0"  File: /data/work/rio-synthesis/shared-fifo-34e35d2/pe5-v256-c1024-q256-static-quartus/quartus-rtl/PifoMesh.v Line: 45261
        Info (286033): Parameter OPERATION_MODE set to DUAL_PORT
        Info (286033): Parameter WIDTH_A set to 32
        Info (286033): Parameter WIDTHAD_A set to 19
        Info (286033): Parameter NUMWORDS_A set to 524288
        Info (286033): Parameter WIDTH_B set to 32
        Info (286033): Parameter WIDTHAD_B set to 19
        Info (286033): Parameter NUMWORDS_B set to 524288
        Info (286033): Parameter ADDRESS_ACLR_A set to NONE
        Info (286033): Parameter OUTDATA_REG_B set to UNREGISTERED
        Info (286033): Parameter ADDRESS_ACLR_B set to NONE
        Info (286033): Parameter OUTDATA_ACLR_B set to NONE
        Info (286033): Parameter ADDRESS_REG_B set to CLOCK0
        Info (286033): Parameter INDATA_ACLR_A set to NONE
        Info (286033): Parameter WRCONTROL_ACLR_A set to NONE
        Info (286033): Parameter INIT_FILE set to /data/work/rio-synthesis/shared-fifo-34e35d2/pe5-v256-c1024-q256-static-quartus/quartus-rtl/PifoMesh.v_toplevel_pifoEngines_0_enque_brain_engineCAM_ram.bin.mif
        Info (286033): Parameter READ_DURING_WRITE_MODE_MIXED_PORTS set to OLD_DATA
    Info (276029): Inferred altsyncram megafunction from the following design logic: "pifoEngines_0|enque_brain|brainStateMem|ram_rtl_0"  File: /data/work/rio-synthesis/shared-fifo-34e35d2/pe5-v256-c1024-q256-static-quartus/quartus-rtl/PifoMesh.v Line: 45087
        Info (286033): Parameter OPERATION_MODE set to DUAL_PORT
        Info (286033): Parameter WIDTH_A set to 32
        Info (286033): Parameter WIDTHAD_A set to 8
        Info (286033): Parameter NUMWORDS_A set to 256
        Info (286033): Parameter WIDTH_B set to 32
        Info (286033): Parameter WIDTHAD_B set to 8
        Info (286033): Parameter NUMWORDS_B set to 256
        Info (286033): Parameter ADDRESS_ACLR_A set to NONE
        Info (286033): Parameter OUTDATA_REG_B set to UNREGISTERED
        Info (286033): Parameter ADDRESS_ACLR_B set to NONE
        Info (286033): Parameter OUTDATA_ACLR_B set to NONE
        Info (286033): Parameter ADDRESS_REG_B set to CLOCK0
        Info (286033): Parameter INDATA_ACLR_A set to NONE
        Info (286033): Parameter WRCONTROL_ACLR_A set to NONE
        Info (286033): Parameter INIT_FILE set to /data/work/rio-synthesis/shared-fifo-34e35d2/pe5-v256-c1024-q256-static-quartus/quartus-rtl/PifoMesh.v_toplevel_pifoEngines_0_enque_brain_brainStateMem_ram.bin.mif
        Info (286033): Parameter READ_DURING_WRITE_MODE_MIXED_PORTS set to OLD_DATA
    Info (276029): Inferred altsyncram megafunction from the following design logic: "pifoEngines_1|enque_brain|engineMapper|ram_rtl_0"  File: /data/work/rio-synthesis/shared-fifo-34e35d2/pe5-v256-c1024-q256-static-quartus/quartus-rtl/PifoMesh.v Line: 44386
        Info (286033): Parameter OPERATION_MODE set to DUAL_PORT
        Info (286033): Parameter WIDTH_A set to 2
        Info (286033): Parameter WIDTHAD_A set to 8
        Info (286033): Parameter NUMWORDS_A set to 256
        Info (286033): Parameter WIDTH_B set to 2
        Info (286033): Parameter WIDTHAD_B set to 8
        Info (286033): Parameter NUMWORDS_B set to 256
        Info (286033): Parameter ADDRESS_ACLR_A set to NONE
        Info (286033): Parameter OUTDATA_REG_B set to UNREGISTERED
        Info (286033): Parameter ADDRESS_ACLR_B set to NONE
        Info (286033): Parameter OUTDATA_ACLR_B set to NONE
        Info (286033): Parameter ADDRESS_REG_B set to CLOCK0
        Info (286033): Parameter INDATA_ACLR_A set to NONE
        Info (286033): Parameter WRCONTROL_ACLR_A set to NONE
        Info (286033): Parameter INIT_FILE set to /data/work/rio-synthesis/shared-fifo-34e35d2/pe5-v256-c1024-q256-static-quartus/quartus-rtl/PifoMesh.v_toplevel_pifoEngines_1_enque_brain_engineMapper_ram.bin.mif
        Info (286033): Parameter READ_DURING_WRITE_MODE_MIXED_PORTS set to OLD_DATA
    Info (276029): Inferred altsyncram megafunction from the following design logic: "pifoEngines_1|enque_brain|lastVirtualMapper|ram_rtl_0"  File: /data/work/rio-synthesis/shared-fifo-34e35d2/pe5-v256-c1024-q256-static-quartus/quartus-rtl/PifoMesh.v Line: 44330
        Info (286033): Parameter OPERATION_MODE set to DUAL_PORT
        Info (286033): Parameter WIDTH_A set to 8
        Info (286033): Parameter WIDTHAD_A set to 8
        Info (286033): Parameter NUMWORDS_A set to 256
        Info (286033): Parameter WIDTH_B set to 8
        Info (286033): Parameter WIDTHAD_B set to 8
        Info (286033): Parameter NUMWORDS_B set to 256
        Info (286033): Parameter ADDRESS_ACLR_A set to NONE
        Info (286033): Parameter OUTDATA_REG_B set to UNREGISTERED
        Info (286033): Parameter ADDRESS_ACLR_B set to NONE
        Info (286033): Parameter OUTDATA_ACLR_B set to NONE
        Info (286033): Parameter ADDRESS_REG_B set to CLOCK0
        Info (286033): Parameter INDATA_ACLR_A set to NONE
        Info (286033): Parameter WRCONTROL_ACLR_A set to NONE
        Info (286033): Parameter INIT_FILE set to /data/work/rio-synthesis/shared-fifo-34e35d2/pe5-v256-c1024-q256-static-quartus/quartus-rtl/PifoMesh.v_toplevel_pifoEngines_1_enque_brain_lastVirtualMapper_ram.bin.mif
        Info (286033): Parameter READ_DURING_WRITE_MODE_MIXED_PORTS set to OLD_DATA
    Info (276029): Inferred altsyncram megafunction from the following design logic: "pifoEngines_1|enque_brain|engineCAM|ram_rtl_0"  File: /data/work/rio-synthesis/shared-fifo-34e35d2/pe5-v256-c1024-q256-static-quartus/quartus-rtl/PifoMesh.v Line: 44274
        Info (286033): Parameter OPERATION_MODE set to DUAL_PORT
        Info (286033): Parameter WIDTH_A set to 32
        Info (286033): Parameter WIDTHAD_A set to 19
        Info (286033): Parameter NUMWORDS_A set to 524288
        Info (286033): Parameter WIDTH_B set to 32
        Info (286033): Parameter WIDTHAD_B set to 19
        Info (286033): Parameter NUMWORDS_B set to 524288
        Info (286033): Parameter ADDRESS_ACLR_A set to NONE
        Info (286033): Parameter OUTDATA_REG_B set to UNREGISTERED
        Info (286033): Parameter ADDRESS_ACLR_B set to NONE
        Info (286033): Parameter OUTDATA_ACLR_B set to NONE
        Info (286033): Parameter ADDRESS_REG_B set to CLOCK0
        Info (286033): Parameter INDATA_ACLR_A set to NONE
        Info (286033): Parameter WRCONTROL_ACLR_A set to NONE
        Info (286033): Parameter INIT_FILE set to /data/work/rio-synthesis/shared-fifo-34e35d2/pe5-v256-c1024-q256-static-quartus/quartus-rtl/PifoMesh.v_toplevel_pifoEngines_1_enque_brain_engineCAM_ram.bin.mif
        Info (286033): Parameter READ_DURING_WRITE_MODE_MIXED_PORTS set to OLD_DATA
    Info (276029): Inferred altsyncram megafunction from the following design logic: "pifoEngines_1|enque_brain|brainStateMem|ram_rtl_0"  File: /data/work/rio-synthesis/shared-fifo-34e35d2/pe5-v256-c1024-q256-static-quartus/quartus-rtl/PifoMesh.v Line: 44214
        Info (286033): Parameter OPERATION_MODE set to DUAL_PORT
        Info (286033): Parameter WIDTH_A set to 32
        Info (286033): Parameter WIDTHAD_A set to 8
        Info (286033): Parameter NUMWORDS_A set to 256
        Info (286033): Parameter WIDTH_B set to 32
        Info (286033): Parameter WIDTHAD_B set to 8
        Info (286033): Parameter NUMWORDS_B set to 256
        Info (286033): Parameter ADDRESS_ACLR_A set to NONE
        Info (286033): Parameter OUTDATA_REG_B set to UNREGISTERED
        Info (286033): Parameter ADDRESS_ACLR_B set to NONE
        Info (286033): Parameter OUTDATA_ACLR_B set to NONE
        Info (286033): Parameter ADDRESS_REG_B set to CLOCK0
        Info (286033): Parameter INDATA_ACLR_A set to NONE
        Info (286033): Parameter WRCONTROL_ACLR_A set to NONE
        Info (286033): Parameter INIT_FILE set to /data/work/rio-synthesis/shared-fifo-34e35d2/pe5-v256-c1024-q256-static-quartus/quartus-rtl/PifoMesh.v_toplevel_pifoEngines_1_enque_brain_brainStateMem_ram.bin.mif
        Info (286033): Parameter READ_DURING_WRITE_MODE_MIXED_PORTS set to OLD_DATA
    Info (276029): Inferred altsyncram megafunction from the following design logic: "pifoEngines_2|enque_brain|engineMapper|ram_rtl_0"  File: /data/work/rio-synthesis/shared-fifo-34e35d2/pe5-v256-c1024-q256-static-quartus/quartus-rtl/PifoMesh.v Line: 44136
        Info (286033): Parameter OPERATION_MODE set to DUAL_PORT
        Info (286033): Parameter WIDTH_A set to 2
        Info (286033): Parameter WIDTHAD_A set to 8
        Info (286033): Parameter NUMWORDS_A set to 256
        Info (286033): Parameter WIDTH_B set to 2
        Info (286033): Parameter WIDTHAD_B set to 8
        Info (286033): Parameter NUMWORDS_B set to 256
        Info (286033): Parameter ADDRESS_ACLR_A set to NONE
        Info (286033): Parameter OUTDATA_REG_B set to UNREGISTERED
        Info (286033): Parameter ADDRESS_ACLR_B set to NONE
        Info (286033): Parameter OUTDATA_ACLR_B set to NONE
        Info (286033): Parameter ADDRESS_REG_B set to CLOCK0
        Info (286033): Parameter INDATA_ACLR_A set to NONE
        Info (286033): Parameter WRCONTROL_ACLR_A set to NONE
        Info (286033): Parameter INIT_FILE set to /data/work/rio-synthesis/shared-fifo-34e35d2/pe5-v256-c1024-q256-static-quartus/quartus-rtl/PifoMesh.v_toplevel_pifoEngines_2_enque_brain_engineMapper_ram.bin.mif
        Info (286033): Parameter READ_DURING_WRITE_MODE_MIXED_PORTS set to OLD_DATA
    Info (276029): Inferred altsyncram megafunction from the following design logic: "pifoEngines_2|enque_brain|lastVirtualMapper|ram_rtl_0"  File: /data/work/rio-synthesis/shared-fifo-34e35d2/pe5-v256-c1024-q256-static-quartus/quartus-rtl/PifoMesh.v Line: 44080
        Info (286033): Parameter OPERATION_MODE set to DUAL_PORT
        Info (286033): Parameter WIDTH_A set to 8
        Info (286033): Parameter WIDTHAD_A set to 8
        Info (286033): Parameter NUMWORDS_A set to 256
        Info (286033): Parameter WIDTH_B set to 8
        Info (286033): Parameter WIDTHAD_B set to 8
        Info (286033): Parameter NUMWORDS_B set to 256
        Info (286033): Parameter ADDRESS_ACLR_A set to NONE
        Info (286033): Parameter OUTDATA_REG_B set to UNREGISTERED
        Info (286033): Parameter ADDRESS_ACLR_B set to NONE
        Info (286033): Parameter OUTDATA_ACLR_B set to NONE
        Info (286033): Parameter ADDRESS_REG_B set to CLOCK0
        Info (286033): Parameter INDATA_ACLR_A set to NONE
        Info (286033): Parameter WRCONTROL_ACLR_A set to NONE
        Info (286033): Parameter INIT_FILE set to /data/work/rio-synthesis/shared-fifo-34e35d2/pe5-v256-c1024-q256-static-quartus/quartus-rtl/PifoMesh.v_toplevel_pifoEngines_2_enque_brain_lastVirtualMapper_ram.bin.mif
        Info (286033): Parameter READ_DURING_WRITE_MODE_MIXED_PORTS set to OLD_DATA
    Info (276029): Inferred altsyncram megafunction from the following design logic: "pifoEngines_2|enque_brain|engineCAM|ram_rtl_0"  File: /data/work/rio-synthesis/shared-fifo-34e35d2/pe5-v256-c1024-q256-static-quartus/quartus-rtl/PifoMesh.v Line: 44024
        Info (286033): Parameter OPERATION_MODE set to DUAL_PORT
        Info (286033): Parameter WIDTH_A set to 32
        Info (286033): Parameter WIDTHAD_A set to 19
        Info (286033): Parameter NUMWORDS_A set to 524288
        Info (286033): Parameter WIDTH_B set to 32
        Info (286033): Parameter WIDTHAD_B set to 19
        Info (286033): Parameter NUMWORDS_B set to 524288
        Info (286033): Parameter ADDRESS_ACLR_A set to NONE
        Info (286033): Parameter OUTDATA_REG_B set to UNREGISTERED
        Info (286033): Parameter ADDRESS_ACLR_B set to NONE
        Info (286033): Parameter OUTDATA_ACLR_B set to NONE
        Info (286033): Parameter ADDRESS_REG_B set to CLOCK0
        Info (286033): Parameter INDATA_ACLR_A set to NONE
        Info (286033): Parameter WRCONTROL_ACLR_A set to NONE
        Info (286033): Parameter INIT_FILE set to /data/work/rio-synthesis/shared-fifo-34e35d2/pe5-v256-c1024-q256-static-quartus/quartus-rtl/PifoMesh.v_toplevel_pifoEngines_2_enque_brain_engineCAM_ram.bin.mif
        Info (286033): Parameter READ_DURING_WRITE_MODE_MIXED_PORTS set to OLD_DATA
    Info (276029): Inferred altsyncram megafunction from the following design logic: "pifoEngines_2|enque_brain|brainStateMem|ram_rtl_0"  File: /data/work/rio-synthesis/shared-fifo-34e35d2/pe5-v256-c1024-q256-static-quartus/quartus-rtl/PifoMesh.v Line: 43964
        Info (286033): Parameter OPERATION_MODE set to DUAL_PORT
        Info (286033): Parameter WIDTH_A set to 32
        Info (286033): Parameter WIDTHAD_A set to 8
        Info (286033): Parameter NUMWORDS_A set to 256
        Info (286033): Parameter WIDTH_B set to 32
        Info (286033): Parameter WIDTHAD_B set to 8
        Info (286033): Parameter NUMWORDS_B set to 256
        Info (286033): Parameter ADDRESS_ACLR_A set to NONE
        Info (286033): Parameter OUTDATA_REG_B set to UNREGISTERED
        Info (286033): Parameter ADDRESS_ACLR_B set to NONE
        Info (286033): Parameter OUTDATA_ACLR_B set to NONE
        Info (286033): Parameter ADDRESS_REG_B set to CLOCK0
        Info (286033): Parameter INDATA_ACLR_A set to NONE
        Info (286033): Parameter WRCONTROL_ACLR_A set to NONE
        Info (286033): Parameter INIT_FILE set to /data/work/rio-synthesis/shared-fifo-34e35d2/pe5-v256-c1024-q256-static-quartus/quartus-rtl/PifoMesh.v_toplevel_pifoEngines_2_enque_brain_brainStateMem_ram.bin.mif
        Info (286033): Parameter READ_DURING_WRITE_MODE_MIXED_PORTS set to OLD_DATA
    Info (276029): Inferred altsyncram megafunction from the following design logic: "pifoEngines_3|enque_brain|engineMapper|ram_rtl_0"  File: /data/work/rio-synthesis/shared-fifo-34e35d2/pe5-v256-c1024-q256-static-quartus/quartus-rtl/PifoMesh.v Line: 43886
        Info (286033): Parameter OPERATION_MODE set to DUAL_PORT
        Info (286033): Parameter WIDTH_A set to 2
        Info (286033): Parameter WIDTHAD_A set to 8
        Info (286033): Parameter NUMWORDS_A set to 256
        Info (286033): Parameter WIDTH_B set to 2
        Info (286033): Parameter WIDTHAD_B set to 8
        Info (286033): Parameter NUMWORDS_B set to 256
        Info (286033): Parameter ADDRESS_ACLR_A set to NONE
        Info (286033): Parameter OUTDATA_REG_B set to UNREGISTERED
        Info (286033): Parameter ADDRESS_ACLR_B set to NONE
        Info (286033): Parameter OUTDATA_ACLR_B set to NONE
        Info (286033): Parameter ADDRESS_REG_B set to CLOCK0
        Info (286033): Parameter INDATA_ACLR_A set to NONE
        Info (286033): Parameter WRCONTROL_ACLR_A set to NONE
        Info (286033): Parameter INIT_FILE set to /data/work/rio-synthesis/shared-fifo-34e35d2/pe5-v256-c1024-q256-static-quartus/quartus-rtl/PifoMesh.v_toplevel_pifoEngines_3_enque_brain_engineMapper_ram.bin.mif
        Info (286033): Parameter READ_DURING_WRITE_MODE_MIXED_PORTS set to OLD_DATA
    Info (276029): Inferred altsyncram megafunction from the following design logic: "pifoEngines_3|enque_brain|lastVirtualMapper|ram_rtl_0"  File: /data/work/rio-synthesis/shared-fifo-34e35d2/pe5-v256-c1024-q256-static-quartus/quartus-rtl/PifoMesh.v Line: 43830
        Info (286033): Parameter OPERATION_MODE set to DUAL_PORT
        Info (286033): Parameter WIDTH_A set to 8
        Info (286033): Parameter WIDTHAD_A set to 8
        Info (286033): Parameter NUMWORDS_A set to 256
        Info (286033): Parameter WIDTH_B set to 8
        Info (286033): Parameter WIDTHAD_B set to 8
        Info (286033): Parameter NUMWORDS_B set to 256
        Info (286033): Parameter ADDRESS_ACLR_A set to NONE
        Info (286033): Parameter OUTDATA_REG_B set to UNREGISTERED
        Info (286033): Parameter ADDRESS_ACLR_B set to NONE
        Info (286033): Parameter OUTDATA_ACLR_B set to NONE
        Info (286033): Parameter ADDRESS_REG_B set to CLOCK0
        Info (286033): Parameter INDATA_ACLR_A set to NONE
        Info (286033): Parameter WRCONTROL_ACLR_A set to NONE
        Info (286033): Parameter INIT_FILE set to /data/work/rio-synthesis/shared-fifo-34e35d2/pe5-v256-c1024-q256-static-quartus/quartus-rtl/PifoMesh.v_toplevel_pifoEngines_3_enque_brain_lastVirtualMapper_ram.bin.mif
        Info (286033): Parameter READ_DURING_WRITE_MODE_MIXED_PORTS set to OLD_DATA
    Info (276029): Inferred altsyncram megafunction from the following design logic: "pifoEngines_3|enque_brain|engineCAM|ram_rtl_0"  File: /data/work/rio-synthesis/shared-fifo-34e35d2/pe5-v256-c1024-q256-static-quartus/quartus-rtl/PifoMesh.v Line: 43774
        Info (286033): Parameter OPERATION_MODE set to DUAL_PORT
        Info (286033): Parameter WIDTH_A set to 32
        Info (286033): Parameter WIDTHAD_A set to 19
        Info (286033): Parameter NUMWORDS_A set to 524288
        Info (286033): Parameter WIDTH_B set to 32
        Info (286033): Parameter WIDTHAD_B set to 19
        Info (286033): Parameter NUMWORDS_B set to 524288
        Info (286033): Parameter ADDRESS_ACLR_A set to NONE
        Info (286033): Parameter OUTDATA_REG_B set to UNREGISTERED
        Info (286033): Parameter ADDRESS_ACLR_B set to NONE
        Info (286033): Parameter OUTDATA_ACLR_B set to NONE
        Info (286033): Parameter ADDRESS_REG_B set to CLOCK0
        Info (286033): Parameter INDATA_ACLR_A set to NONE
        Info (286033): Parameter WRCONTROL_ACLR_A set to NONE
        Info (286033): Parameter INIT_FILE set to /data/work/rio-synthesis/shared-fifo-34e35d2/pe5-v256-c1024-q256-static-quartus/quartus-rtl/PifoMesh.v_toplevel_pifoEngines_3_enque_brain_engineCAM_ram.bin.mif
        Info (286033): Parameter READ_DURING_WRITE_MODE_MIXED_PORTS set to OLD_DATA
    Info (276029): Inferred altsyncram megafunction from the following design logic: "pifoEngines_3|enque_brain|brainStateMem|ram_rtl_0"  File: /data/work/rio-synthesis/shared-fifo-34e35d2/pe5-v256-c1024-q256-static-quartus/quartus-rtl/PifoMesh.v Line: 43714
        Info (286033): Parameter OPERATION_MODE set to DUAL_PORT
        Info (286033): Parameter WIDTH_A set to 32
        Info (286033): Parameter WIDTHAD_A set to 8
        Info (286033): Parameter NUMWORDS_A set to 256
        Info (286033): Parameter WIDTH_B set to 32
        Info (286033): Parameter WIDTHAD_B set to 8
        Info (286033): Parameter NUMWORDS_B set to 256
        Info (286033): Parameter ADDRESS_ACLR_A set to NONE
        Info (286033): Parameter OUTDATA_REG_B set to UNREGISTERED
        Info (286033): Parameter ADDRESS_ACLR_B set to NONE
        Info (286033): Parameter OUTDATA_ACLR_B set to NONE
        Info (286033): Parameter ADDRESS_REG_B set to CLOCK0
        Info (286033): Parameter INDATA_ACLR_A set to NONE
        Info (286033): Parameter WRCONTROL_ACLR_A set to NONE
        Info (286033): Parameter INIT_FILE set to /data/work/rio-synthesis/shared-fifo-34e35d2/pe5-v256-c1024-q256-static-quartus/quartus-rtl/PifoMesh.v_toplevel_pifoEngines_3_enque_brain_brainStateMem_ram.bin.mif
        Info (286033): Parameter READ_DURING_WRITE_MODE_MIXED_PORTS set to OLD_DATA
    Info (276029): Inferred altsyncram megafunction from the following design logic: "pifoEngines_4|enque_brain|engineMapper|ram_rtl_0"  File: /data/work/rio-synthesis/shared-fifo-34e35d2/pe5-v256-c1024-q256-static-quartus/quartus-rtl/PifoMesh.v Line: 43636
        Info (286033): Parameter OPERATION_MODE set to DUAL_PORT
        Info (286033): Parameter WIDTH_A set to 2
        Info (286033): Parameter WIDTHAD_A set to 8
        Info (286033): Parameter NUMWORDS_A set to 256
        Info (286033): Parameter WIDTH_B set to 2
        Info (286033): Parameter WIDTHAD_B set to 8
        Info (286033): Parameter NUMWORDS_B set to 256
        Info (286033): Parameter ADDRESS_ACLR_A set to NONE
        Info (286033): Parameter OUTDATA_REG_B set to UNREGISTERED
        Info (286033): Parameter ADDRESS_ACLR_B set to NONE
        Info (286033): Parameter OUTDATA_ACLR_B set to NONE
        Info (286033): Parameter ADDRESS_REG_B set to CLOCK0
        Info (286033): Parameter INDATA_ACLR_A set to NONE
        Info (286033): Parameter WRCONTROL_ACLR_A set to NONE
        Info (286033): Parameter INIT_FILE set to /data/work/rio-synthesis/shared-fifo-34e35d2/pe5-v256-c1024-q256-static-quartus/quartus-rtl/PifoMesh.v_toplevel_pifoEngines_4_enque_brain_engineMapper_ram.bin.mif
        Info (286033): Parameter READ_DURING_WRITE_MODE_MIXED_PORTS set to OLD_DATA
    Info (276029): Inferred altsyncram megafunction from the following design logic: "pifoEngines_4|enque_brain|lastVirtualMapper|ram_rtl_0"  File: /data/work/rio-synthesis/shared-fifo-34e35d2/pe5-v256-c1024-q256-static-quartus/quartus-rtl/PifoMesh.v Line: 43580
        Info (286033): Parameter OPERATION_MODE set to DUAL_PORT
        Info (286033): Parameter WIDTH_A set to 8
        Info (286033): Parameter WIDTHAD_A set to 8
        Info (286033): Parameter NUMWORDS_A set to 256
        Info (286033): Parameter WIDTH_B set to 8
        Info (286033): Parameter WIDTHAD_B set to 8
        Info (286033): Parameter NUMWORDS_B set to 256
        Info (286033): Parameter ADDRESS_ACLR_A set to NONE
        Info (286033): Parameter OUTDATA_REG_B set to UNREGISTERED
        Info (286033): Parameter ADDRESS_ACLR_B set to NONE
        Info (286033): Parameter OUTDATA_ACLR_B set to NONE
        Info (286033): Parameter ADDRESS_REG_B set to CLOCK0
        Info (286033): Parameter INDATA_ACLR_A set to NONE
        Info (286033): Parameter WRCONTROL_ACLR_A set to NONE
        Info (286033): Parameter INIT_FILE set to /data/work/rio-synthesis/shared-fifo-34e35d2/pe5-v256-c1024-q256-static-quartus/quartus-rtl/PifoMesh.v_toplevel_pifoEngines_4_enque_brain_lastVirtualMapper_ram.bin.mif
        Info (286033): Parameter READ_DURING_WRITE_MODE_MIXED_PORTS set to OLD_DATA
    Info (276029): Inferred altsyncram megafunction from the following design logic: "pifoEngines_4|enque_brain|engineCAM|ram_rtl_0"  File: /data/work/rio-synthesis/shared-fifo-34e35d2/pe5-v256-c1024-q256-static-quartus/quartus-rtl/PifoMesh.v Line: 43524
        Info (286033): Parameter OPERATION_MODE set to DUAL_PORT
        Info (286033): Parameter WIDTH_A set to 32
        Info (286033): Parameter WIDTHAD_A set to 19
        Info (286033): Parameter NUMWORDS_A set to 524288
        Info (286033): Parameter WIDTH_B set to 32
        Info (286033): Parameter WIDTHAD_B set to 19
        Info (286033): Parameter NUMWORDS_B set to 524288
        Info (286033): Parameter ADDRESS_ACLR_A set to NONE
        Info (286033): Parameter OUTDATA_REG_B set to UNREGISTERED
        Info (286033): Parameter ADDRESS_ACLR_B set to NONE
        Info (286033): Parameter OUTDATA_ACLR_B set to NONE
        Info (286033): Parameter ADDRESS_REG_B set to CLOCK0
        Info (286033): Parameter INDATA_ACLR_A set to NONE
        Info (286033): Parameter WRCONTROL_ACLR_A set to NONE
        Info (286033): Parameter INIT_FILE set to /data/work/rio-synthesis/shared-fifo-34e35d2/pe5-v256-c1024-q256-static-quartus/quartus-rtl/PifoMesh.v_toplevel_pifoEngines_4_enque_brain_engineCAM_ram.bin.mif
        Info (286033): Parameter READ_DURING_WRITE_MODE_MIXED_PORTS set to OLD_DATA
    Info (276029): Inferred altsyncram megafunction from the following design logic: "pifoEngines_4|enque_brain|brainStateMem|ram_rtl_0"  File: /data/work/rio-synthesis/shared-fifo-34e35d2/pe5-v256-c1024-q256-static-quartus/quartus-rtl/PifoMesh.v Line: 43464
        Info (286033): Parameter OPERATION_MODE set to DUAL_PORT
        Info (286033): Parameter WIDTH_A set to 32
        Info (286033): Parameter WIDTHAD_A set to 8
        Info (286033): Parameter NUMWORDS_A set to 256
        Info (286033): Parameter WIDTH_B set to 32
        Info (286033): Parameter WIDTHAD_B set to 8
        Info (286033): Parameter NUMWORDS_B set to 256
        Info (286033): Parameter ADDRESS_ACLR_A set to NONE
        Info (286033): Parameter OUTDATA_REG_B set to UNREGISTERED
        Info (286033): Parameter ADDRESS_ACLR_B set to NONE
        Info (286033): Parameter OUTDATA_ACLR_B set to NONE
        Info (286033): Parameter ADDRESS_REG_B set to CLOCK0
        Info (286033): Parameter INDATA_ACLR_A set to NONE
        Info (286033): Parameter WRCONTROL_ACLR_A set to NONE
        Info (286033): Parameter INIT_FILE set to /data/work/rio-synthesis/shared-fifo-34e35d2/pe5-v256-c1024-q256-static-quartus/quartus-rtl/PifoMesh.v_toplevel_pifoEngines_4_enque_brain_brainStateMem_ram.bin.mif
        Info (286033): Parameter READ_DURING_WRITE_MODE_MIXED_PORTS set to OLD_DATA
Warning (14284): Synthesized away the following node(s):
    Warning (25637): Synthesized away 30840 node(s) of type RAM. See "Registers Removed during Synthesis" report for more details.
Warning (14284): Synthesized away the following node(s):
    Warning (25637): Synthesized away 21 node(s) of type RAM. See "Registers Removed during Synthesis" report for more details.
Warning (13024): Output pins are stuck at VCC or GND
    Warning (13410): Pin "io_commitEpoch[0..31]" is stuck at GND File: /data/work/rio-synthesis/shared-fifo-34e35d2/pe5-v256-c1024-q256-static-quartus/quartus-rtl/PifoMesh.v Line: 154
    Warning (13410): Pin "io_commitReady" is stuck at VCC File: /data/work/rio-synthesis/shared-fifo-34e35d2/pe5-v256-c1024-q256-static-quartus/quartus-rtl/PifoMesh.v Line: 153
    Warning (13410): Pin "io_pifo_0_push2_payload_data[0..10]" is stuck at GND File: /data/work/rio-synthesis/shared-fifo-34e35d2/pe5-v256-c1024-q256-static-quartus/quartus-rtl/PifoMesh.v Line: 49
    Warning (13410): Pin "io_pifo_0_push2_payload_port[0..7]" is stuck at GND File: /data/work/rio-synthesis/shared-fifo-34e35d2/pe5-v256-c1024-q256-static-quartus/quartus-rtl/PifoMesh.v Line: 50
    Warning (13410): Pin "io_pifo_0_push2_payload_priority[0..7]" is stuck at GND File: /data/work/rio-synthesis/shared-fifo-34e35d2/pe5-v256-c1024-q256-static-quartus/quartus-rtl/PifoMesh.v Line: 48
    Warning (13410): Pin "io_pifo_0_push2_valid" is stuck at GND File: /data/work/rio-synthesis/shared-fifo-34e35d2/pe5-v256-c1024-q256-static-quartus/quartus-rtl/PifoMesh.v Line: 47
    Warning (13410): Pin "io_pifo_1_push2_payload_data[0..10]" is stuck at GND File: /data/work/rio-synthesis/shared-fifo-34e35d2/pe5-v256-c1024-q256-static-quartus/quartus-rtl/PifoMesh.v Line: 71
    Warning (13410): Pin "io_pifo_1_push2_payload_port[0..7]" is stuck at GND File: /data/work/rio-synthesis/shared-fifo-34e35d2/pe5-v256-c1024-q256-static-quartus/quartus-rtl/PifoMesh.v Line: 72
    Warning (13410): Pin "io_pifo_1_push2_payload_priority[0..7]" is stuck at GND File: /data/work/rio-synthesis/shared-fifo-34e35d2/pe5-v256-c1024-q256-static-quartus/quartus-rtl/PifoMesh.v Line: 70
    Warning (13410): Pin "io_pifo_1_push2_valid" is stuck at GND File: /data/work/rio-synthesis/shared-fifo-34e35d2/pe5-v256-c1024-q256-static-quartus/quartus-rtl/PifoMesh.v Line: 69
    Warning (13410): Pin "io_pifo_2_push2_payload_data[0..10]" is stuck at GND File: /data/work/rio-synthesis/shared-fifo-34e35d2/pe5-v256-c1024-q256-static-quartus/quartus-rtl/PifoMesh.v Line: 93
    Warning (13410): Pin "io_pifo_2_push2_payload_port[0..7]" is stuck at GND File: /data/work/rio-synthesis/shared-fifo-34e35d2/pe5-v256-c1024-q256-static-quartus/quartus-rtl/PifoMesh.v Line: 94
    Warning (13410): Pin "io_pifo_2_push2_payload_priority[0..7]" is stuck at GND File: /data/work/rio-synthesis/shared-fifo-34e35d2/pe5-v256-c1024-q256-static-quartus/quartus-rtl/PifoMesh.v Line: 92
    Warning (13410): Pin "io_pifo_2_push2_valid" is stuck at GND File: /data/work/rio-synthesis/shared-fifo-34e35d2/pe5-v256-c1024-q256-static-quartus/quartus-rtl/PifoMesh.v Line: 91
    Warning (13410): Pin "io_pifo_3_push2_payload_data[0..10]" is stuck at GND File: /data/work/rio-synthesis/shared-fifo-34e35d2/pe5-v256-c1024-q256-static-quartus/quartus-rtl/PifoMesh.v Line: 115
    Warning (13410): Pin "io_pifo_3_push2_payload_port[0..7]" is stuck at GND File: /data/work/rio-synthesis/shared-fifo-34e35d2/pe5-v256-c1024-q256-static-quartus/quartus-rtl/PifoMesh.v Line: 116
    Warning (13410): Pin "io_pifo_3_push2_payload_priority[0..7]" is stuck at GND File: /data/work/rio-synthesis/shared-fifo-34e35d2/pe5-v256-c1024-q256-static-quartus/quartus-rtl/PifoMesh.v Line: 114
    Warning (13410): Pin "io_pifo_3_push2_valid" is stuck at GND File: /data/work/rio-synthesis/shared-fifo-34e35d2/pe5-v256-c1024-q256-static-quartus/quartus-rtl/PifoMesh.v Line: 113
    Warning (13410): Pin "io_pifo_4_push2_payload_data[0..10]" is stuck at GND File: /data/work/rio-synthesis/shared-fifo-34e35d2/pe5-v256-c1024-q256-static-quartus/quartus-rtl/PifoMesh.v Line: 137
    Warning (13410): Pin "io_pifo_4_push2_payload_port[0..7]" is stuck at GND File: /data/work/rio-synthesis/shared-fifo-34e35d2/pe5-v256-c1024-q256-static-quartus/quartus-rtl/PifoMesh.v Line: 138
    Warning (13410): Pin "io_pifo_4_push2_payload_priority[0..7]" is stuck at GND File: /data/work/rio-synthesis/shared-fifo-34e35d2/pe5-v256-c1024-q256-static-quartus/quartus-rtl/PifoMesh.v Line: 136
    Warning (13410): Pin "io_pifo_4_push2_valid" is stuck at GND File: /data/work/rio-synthesis/shared-fifo-34e35d2/pe5-v256-c1024-q256-static-quartus/quartus-rtl/PifoMesh.v Line: 135
    Warning (13410): Pin "io_replayBusy" is stuck at GND File: /data/work/rio-synthesis/shared-fifo-34e35d2/pe5-v256-c1024-q256-static-quartus/quartus-rtl/PifoMesh.v Line: 155
    Warning (13410): Pin "io_replayLogAvailable[0..8]" is stuck at GND File: /data/work/rio-synthesis/shared-fifo-34e35d2/pe5-v256-c1024-q256-static-quartus/quartus-rtl/PifoMesh.v Line: 156
Info (17049): 42671 registers lost all their fanouts during netlist optimizations.
Info (21057): Implemented 45093 device resources after synthesis - the final resource count might be different
    Info (21058): Implemented 418 input pins
    Info (21059): Implemented 387 output pins
    Info (21061): Implemented 19736 logic cells
    Info (21064): Implemented 24552 RAM segments
Info: Successfully synthesized partition
Info: Saving post-synthesis snapshots for 1 partition(s)
Info (21615): Running Design Assistant Rules for snapshot 'synthesized'
Info: No waiver waived any violations
Info (22360): Design Assistant Results: 12 of 13 enabled rules passed, and 7 rules was disabled, in snapshot 'synthesized'
Info (21661): Design Assistant Results: 0 of 1 High severity rules issued violations in snapshot 'synthesized'
Info (21621): Design Assistant Results: 1 of 6 Medium severity rules issued violations in snapshot 'synthesized'. Please refer to DRC report '/data/work/rio-synthesis/shared-fifo-34e35d2/pe5-v256-c1024-q256-static-quartus/output_files/pifo.drc.synthesized.rpt' for more information
Info (21622): Design Assistant Results: 0 of 6 Low severity rules issued violations in snapshot 'synthesized'
Info: Quartus Prime Synthesis was successful. 0 errors, 36 warnings
    Info: Peak virtual memory: 4437 megabytes
    Info: Processing ended: Mon Sep  7 14:27:28 2026
    Info: Elapsed time: 00:02:05
    Info: System process ID: 431709
