Copyright 1986-2022 Xilinx, Inc. All Rights Reserved. Copyright 2022-2025 Advanced Micro Devices, Inc. All Rights Reserved.
----------------------------------------------------------------------------------------------------------------------------------------------------------------------------------------------
| Tool Version : Vivado v.2025.2 (lin64) Build 6299465 Fri Nov 14 12:34:56 MST 2025
| Date         : Mon Sep  7 14:04:50 2026
| Host         : netarch-cxl.ece.cornell.edu running 64-bit Ubuntu 24.04.4 LTS
| Command      : report_utilization -hierarchical -hierarchical_depth 5 -file /data/work/rio-synthesis/shared-fifo-34e35d2/pe5-v64-c1024-q256-replay-vivado/reports/utilization-hierarchy.rpt
| Design       : PifoMesh
| Device       : xcku5p-ffvb676-2-e
| Speed File   : -2
| Design State : Synthesized
----------------------------------------------------------------------------------------------------------------------------------------------------------------------------------------------

Utilization Design Information

Table of Contents
-----------------
1. Utilization by Hierarchy

1. Utilization by Hierarchy
---------------------------

+------------------------+----------------------+------------+------------+---------+------+------+--------+--------+------+------------+
|        Instance        |        Module        | Total LUTs | Logic LUTs | LUTRAMs | SRLs |  FFs | RAMB36 | RAMB18 | URAM | DSP Blocks |
+------------------------+----------------------+------------+------------+---------+------+------+--------+--------+------+------------+
| PifoMesh               |                (top) |       6880 |       6252 |     628 |    0 | 4513 |    161 |      0 |    0 |          0 |
|   (PifoMesh)           |                (top) |        399 |          1 |     398 |    0 |   34 |      0 |      0 |    0 |          0 |
|   guard                |           DrainGuard |       1130 |       1130 |       0 |    0 |  640 |      0 |      0 |    0 |          0 |
|   pifoEngines_0        |           PifoEngine |        631 |        585 |      46 |    0 |  730 |     32 |      0 |    0 |          0 |
|     enque_brain        |            PIFOBrain |        164 |        134 |      30 |    0 |   61 |     16 |      0 |    0 |          0 |
|     deque_frontRewrite | FrontRewriteTable_85 |        369 |        369 |       0 |    0 |  640 |      0 |      0 |    0 |          0 |
|   pifoEngines_1        |         PifoEngine_1 |        631 |        585 |      46 |    0 |  730 |     32 |      0 |    0 |          0 |
|     enque_brain        |          PIFOBrain_1 |        164 |        134 |      30 |    0 |   61 |     16 |      0 |    0 |          0 |
|     deque_frontRewrite | FrontRewriteTable_64 |        369 |        369 |       0 |    0 |  640 |      0 |      0 |    0 |          0 |
|   pifoEngines_2        |         PifoEngine_2 |        631 |        585 |      46 |    0 |  730 |     32 |      0 |    0 |          0 |
|     enque_brain        |          PIFOBrain_2 |        164 |        134 |      30 |    0 |   61 |     16 |      0 |    0 |          0 |
|     deque_frontRewrite | FrontRewriteTable_43 |        369 |        369 |       0 |    0 |  640 |      0 |      0 |    0 |          0 |
|   pifoEngines_3        |         PifoEngine_3 |        631 |        585 |      46 |    0 |  730 |     32 |      0 |    0 |          0 |
|     enque_brain        |          PIFOBrain_3 |        164 |        134 |      30 |    0 |   61 |     16 |      0 |    0 |          0 |
|     deque_frontRewrite | FrontRewriteTable_22 |        369 |        369 |       0 |    0 |  640 |      0 |      0 |    0 |          0 |
|   pifoEngines_4        |         PifoEngine_4 |        630 |        584 |      46 |    0 |  730 |     32 |      0 |    0 |          0 |
|     enque_brain        |          PIFOBrain_4 |        164 |        134 |      30 |    0 |   61 |     16 |      0 |    0 |          0 |
|     deque_frontRewrite |    FrontRewriteTable |        368 |        368 |       0 |    0 |  640 |      0 |      0 |    0 |          0 |
|   replayControl        |    ReplayControlFifo |       1664 |       1664 |       0 |    0 |   39 |      1 |      0 |    0 |          0 |
|   xbar                 |      MessageCrossBar |        533 |        533 |       0 |    0 |  145 |      0 |      0 |    0 |          0 |
|     (xbar)             |      MessageCrossBar |        236 |        236 |       0 |    0 |   55 |      0 |      0 |    0 |          0 |
+------------------------+----------------------+------------+------------+---------+------+------+--------+--------+------+------------+


