Copyright 1986-2022 Xilinx, Inc. All Rights Reserved. Copyright 2022-2025 Advanced Micro Devices, Inc. All Rights Reserved.
-----------------------------------------------------------------------------------------------------------------------------------------------------------------------------------------------
| Tool Version : Vivado v.2025.2 (lin64) Build 6299465 Fri Nov 14 12:34:56 MST 2025
| Date         : Mon Sep  7 14:21:15 2026
| Host         : netarch-cxl.ece.cornell.edu running 64-bit Ubuntu 24.04.4 LTS
| Command      : report_utilization -hierarchical -hierarchical_depth 5 -file /data/work/rio-synthesis/shared-fifo-34e35d2/pe5-v128-c1024-q256-static-vivado/reports/utilization-hierarchy.rpt
| Design       : PifoMesh
| Device       : xcku5p-ffvb676-2-e
| Speed File   : -2
| Design State : Synthesized
-----------------------------------------------------------------------------------------------------------------------------------------------------------------------------------------------

Utilization Design Information

Table of Contents
-----------------
1. Utilization by Hierarchy

1. Utilization by Hierarchy
---------------------------

+-----------------------------+-------------------------+------------+------------+---------+------+------+--------+--------+------+------------+
|           Instance          |          Module         | Total LUTs | Logic LUTs | LUTRAMs | SRLs |  FFs | RAMB36 | RAMB18 | URAM | DSP Blocks |
+-----------------------------+-------------------------+------------+------------+---------+------+------+--------+--------+------+------------+
| PifoMesh                    |                   (top) |       9318 |       8510 |     808 |    0 | 7049 |    501 |      0 |    0 |          0 |
|   (PifoMesh)                |                   (top) |        372 |          0 |     372 |    0 |    0 |      0 |      0 |    0 |          0 |
|   guard                     |              DrainGuard |       1830 |       1830 |       0 |    0 | 1280 |      0 |      0 |    0 |          0 |
|   io_controlRequest_fifo    |           StreamFifo_51 |       2784 |       2784 |       0 |    0 |   28 |      1 |      0 |    0 |          0 |
|   pifoEngines_0             |              PifoEngine |        773 |        697 |      76 |    0 | 1118 |    100 |      0 |    0 |          0 |
|     enque_enqueMapper       |            DirectMapper |         91 |         75 |      16 |    0 |   16 |      0 |      0 |    0 |          0 |
|     deque_frontRewrite      |    FrontRewriteTable_85 |        315 |        315 |       0 |    0 | 1024 |      0 |      0 |    0 |          0 |
|     enque_brain             |               PIFOBrain |        251 |        191 |      60 |    0 |   63 |     64 |      0 |    0 |          0 |
|   pifoEngines_1             |            PifoEngine_1 |        773 |        697 |      76 |    0 | 1118 |    100 |      0 |    0 |          0 |
|     enque_enqueMapper       |          DirectMapper_2 |         91 |         75 |      16 |    0 |   16 |      0 |      0 |    0 |          0 |
|     deque_frontRewrite      |    FrontRewriteTable_64 |        315 |        315 |       0 |    0 | 1024 |      0 |      0 |    0 |          0 |
|     enque_brain             |             PIFOBrain_1 |        251 |        191 |      60 |    0 |   63 |     64 |      0 |    0 |          0 |
|   pifoEngines_2             |            PifoEngine_2 |        773 |        697 |      76 |    0 | 1118 |    100 |      0 |    0 |          0 |
|     enque_enqueMapper       |          DirectMapper_4 |         91 |         75 |      16 |    0 |   16 |      0 |      0 |    0 |          0 |
|     deque_frontRewrite      |    FrontRewriteTable_43 |        315 |        315 |       0 |    0 | 1024 |      0 |      0 |    0 |          0 |
|     enque_brain             |             PIFOBrain_2 |        251 |        191 |      60 |    0 |   63 |     64 |      0 |    0 |          0 |
|   pifoEngines_3             |            PifoEngine_3 |        773 |        697 |      76 |    0 | 1118 |    100 |      0 |    0 |          0 |
|     enque_enqueMapper       |          DirectMapper_6 |         91 |         75 |      16 |    0 |   16 |      0 |      0 |    0 |          0 |
|     deque_frontRewrite      |    FrontRewriteTable_22 |        315 |        315 |       0 |    0 | 1024 |      0 |      0 |    0 |          0 |
|     enque_brain             |             PIFOBrain_3 |        251 |        191 |      60 |    0 |   63 |     64 |      0 |    0 |          0 |
|   pifoEngines_4             |            PifoEngine_4 |        905 |        821 |      84 |    0 | 1118 |    100 |      0 |    0 |          0 |
|     (pifoEngines_4)         |            PifoEngine_4 |        139 |        139 |       0 |    0 |    2 |      0 |      0 |    0 |          0 |
|     deque_frontRewrite      |       FrontRewriteTable |        315 |        315 |       0 |    0 | 1024 |      0 |      0 |    0 |          0 |
|     enque_brain             |             PIFOBrain_4 |        244 |        184 |      60 |    0 |   63 |     64 |      0 |    0 |          0 |
|     enque_enqueMapper       |          DirectMapper_8 |         91 |         75 |      16 |    0 |   16 |      0 |      0 |    0 |          0 |
|     enque_flowIdStream_fifo | StreamFifoLowLatency_13 |         56 |         48 |       8 |    0 |    4 |      0 |      0 |    0 |          0 |
|       fifo                  |            StreamFifo_6 |         56 |         48 |       8 |    0 |    4 |      0 |      0 |    0 |          0 |
|   xbar                      |         MessageCrossBar |        335 |        287 |      48 |    0 |  151 |      0 |      0 |    0 |          0 |
|     (xbar)                  |         MessageCrossBar |          0 |          0 |       0 |    0 |   61 |      0 |      0 |    0 |          0 |
+-----------------------------+-------------------------+------------+------------+---------+------+------+--------+--------+------+------------+


