Copyright 1986-2022 Xilinx, Inc. All Rights Reserved. Copyright 2022-2025 Advanced Micro Devices, Inc. All Rights Reserved.
-----------------------------------------------------------------------------------------------------------------------------------------------------------------------
| Tool Version : Vivado v.2025.2 (lin64) Build 6299465 Fri Nov 14 12:34:56 MST 2025
| Date         : Wed Sep  9 15:50:48 2026
| Host         : netarch-cxl.ece.cornell.edu running 64-bit Ubuntu 24.04.4 LTS
| Command      : report_ram_utilization -file /data/work/rio-synthesis/cam-pipeline-kcu116-20260909/pe5-v512-c1024-q256-p128-static-kcu116/reports/ram-utilization.rpt
| Design       : PifoMesh
| Device       : xcku5p-ffvb676-2-e
| Speed File   : -2
-----------------------------------------------------------------------------------------------------------------------------------------------------------------------

RAM Usage Information

Table of Contents
-----------------
1. Summary
2. Memory Description
3. Memory Utilization - Inferred
4. Memory Performance - Inferred
5. Block Ram / URAM Memory Power - Inferred

1. Summary
----------

+--------------------------+------------+-----------+-------+-----------+
| Memory Type              | Total Used | Available | Util% | Inferred% |
+--------------------------+------------+-----------+-------+-----------+
| URAM                     |          0 |        64 |  0.00 |      0.00 |
| BlockRAM                 |         16 |       480 |  3.33 |    100.00 |
|  RAMB36E2                |          6 |           |       |    100.00 |
|  RAMB18E2                |         20 |           |       |    100.00 |
| LUTMs as Distributed RAM |        328 |     99840 |  0.33 |    100.00 |
|  LUTMs as RAM32M16       |        168 |           |       |    100.00 |
|  LUTMs as RAM256X1D      |        160 |           |       |    100.00 |
+--------------------------+------------+-----------+-------+-----------+
*  Each RAMB18 is calculated as 0.5 BlockRAM
**  Tables 2, 3, 4 and 5 cover RAMs inferred by Vivado Synthesis using XPMs or RTL inference
***  XRAMs are not reported for detailed tables


2. Memory Description
---------------------

+----------------------------------------------------------------------------+------------+-----------+-------------+------------------------+------------------------+
| Memory Name                                                                | Array Size | RAM_STYLE | Memory Type | Port 1 Dimension / Map | Port 2 Dimension / Map |
+----------------------------------------------------------------------------+------------+-----------+-------------+------------------------+------------------------+
| pifoEngines_0/enque_brain/pipelinedCamMapper_10/banks_0_values             |      32768 |           | RAM_SDP     | 1024x32                | 1024x32                |
|  pifoEngines_0/enque_brain/pipelinedCamMapper_10/banks_0_values_reg_bram_0 |      32768 |      AUTO |             |  A:A:1024x32           |  B:B:1024x32           |
| pifoEngines_1/enque_brain/pipelinedCamMapper_10/banks_0_values             |      32768 |           | RAM_SDP     | 1024x32                | 1024x32                |
|  pifoEngines_1/enque_brain/pipelinedCamMapper_10/banks_0_values_reg_bram_0 |      32768 |      AUTO |             |  A:A:1024x32           |  B:B:1024x32           |
| pifoEngines_2/enque_brain/pipelinedCamMapper_10/banks_0_values             |      32768 |           | RAM_SDP     | 1024x32                | 1024x32                |
|  pifoEngines_2/enque_brain/pipelinedCamMapper_10/banks_0_values_reg_bram_0 |      32768 |      AUTO |             |  A:A:1024x32           |  B:B:1024x32           |
| pifoEngines_3/enque_brain/pipelinedCamMapper_10/banks_0_values             |      32768 |           | RAM_SDP     | 1024x32                | 1024x32                |
|  pifoEngines_3/enque_brain/pipelinedCamMapper_10/banks_0_values_reg_bram_0 |      32768 |      AUTO |             |  A:A:1024x32           |  B:B:1024x32           |
| pifoEngines_4/enque_brain/pipelinedCamMapper_10/banks_0_values             |      32768 |           | RAM_SDP     | 1024x32                | 1024x32                |
|  pifoEngines_4/enque_brain/pipelinedCamMapper_10/banks_0_values_reg_bram_0 |      32768 |      AUTO |             |  A:A:1024x32           |  B:B:1024x32           |
| pifoEngines_0/enque_brain/brainStateMem/ram                                |      16384 |           | RAM_SDP     | 512x32                 | 512x32                 |
|  pifoEngines_0/enque_brain/brainStateMem/ram_reg                           |      16384 |      AUTO |             |  B:B:512x32            |  A:A:512x32            |
| pifoEngines_1/enque_brain/brainStateMem/ram                                |      16384 |           | RAM_SDP     | 512x32                 | 512x32                 |
|  pifoEngines_1/enque_brain/brainStateMem/ram_reg                           |      16384 |      AUTO |             |  B:B:512x32            |  A:A:512x32            |
| pifoEngines_2/enque_brain/brainStateMem/ram                                |      16384 |           | RAM_SDP     | 512x32                 | 512x32                 |
|  pifoEngines_2/enque_brain/brainStateMem/ram_reg                           |      16384 |      AUTO |             |  B:B:512x32            |  A:A:512x32            |
| pifoEngines_3/enque_brain/brainStateMem/ram                                |      16384 |           | RAM_SDP     | 512x32                 | 512x32                 |
|  pifoEngines_3/enque_brain/brainStateMem/ram_reg                           |      16384 |      AUTO |             |  B:B:512x32            |  A:A:512x32            |
| pifoEngines_4/enque_brain/brainStateMem/ram                                |      16384 |           | RAM_SDP     | 512x32                 | 512x32                 |
|  pifoEngines_4/enque_brain/brainStateMem/ram_reg                           |      16384 |      AUTO |             |  B:B:512x32            |  A:A:512x32            |
| io_controlRequest_fifo/logic_ram                                           |      15104 |           | RAM_SDP     | 512x59                 | 512x59                 |
|  io_controlRequest_fifo/logic_ram_reg                                      |      30208 |      AUTO |             |  B:B:256x59            |  A:A:256x59            |
| pifoEngines_0/pipelinedCamMapper_10/banks_0_values                         |      12288 |           | RAM_SDP     | 1024x12                | 1024x12                |
|  pifoEngines_0/pipelinedCamMapper_10/banks_0_values_reg_bram_0             |      12288 |      AUTO |             |  A:A:1024x12           |  B:B:1024x12           |
| pifoEngines_1/pipelinedCamMapper_10/banks_0_values                         |      12288 |           | RAM_SDP     | 1024x12                | 1024x12                |
|  pifoEngines_1/pipelinedCamMapper_10/banks_0_values_reg_bram_0             |      12288 |      AUTO |             |  A:A:1024x12           |  B:B:1024x12           |
| pifoEngines_2/pipelinedCamMapper_10/banks_0_values                         |      12288 |           | RAM_SDP     | 1024x12                | 1024x12                |
|  pifoEngines_2/pipelinedCamMapper_10/banks_0_values_reg_bram_0             |      12288 |      AUTO |             |  A:A:1024x12           |  B:B:1024x12           |
| pifoEngines_3/pipelinedCamMapper_10/banks_0_values                         |      12288 |           | RAM_SDP     | 1024x12                | 1024x12                |
|  pifoEngines_3/pipelinedCamMapper_10/banks_0_values_reg_bram_0             |      12288 |      AUTO |             |  A:A:1024x12           |  B:B:1024x12           |
| pifoEngines_4/pipelinedCamMapper_10/banks_0_values                         |      12288 |           | RAM_SDP     | 1024x12                | 1024x12                |
|  pifoEngines_4/pipelinedCamMapper_10/banks_0_values_reg_bram_0             |      12288 |      AUTO |             |  A:A:1024x12           |  B:B:1024x12           |
| pifoEngines_0/enque_enqueMapper/ram                                        |       4608 |           | RAM_SDP     | 512x9                  | 512x9                  |
|  pifoEngines_0/enque_enqueMapper/ram_reg_bram_0                            |       4608 |      AUTO |             |  B:B:512x9             |  A:A:512x9             |
| pifoEngines_1/enque_enqueMapper/ram                                        |       4608 |           | RAM_SDP     | 512x9                  | 512x9                  |
|  pifoEngines_1/enque_enqueMapper/ram_reg_bram_0                            |       4608 |      AUTO |             |  B:B:512x9             |  A:A:512x9             |
| pifoEngines_2/enque_enqueMapper/ram                                        |       4608 |           | RAM_SDP     | 512x9                  | 512x9                  |
|  pifoEngines_2/enque_enqueMapper/ram_reg_bram_0                            |       4608 |      AUTO |             |  B:B:512x9             |  A:A:512x9             |
| pifoEngines_3/enque_enqueMapper/ram                                        |       4608 |           | RAM_SDP     | 512x9                  | 512x9                  |
|  pifoEngines_3/enque_enqueMapper/ram_reg_bram_0                            |       4608 |      AUTO |             |  B:B:512x9             |  A:A:512x9             |
| pifoEngines_4/enque_enqueMapper/ram                                        |       4608 |           | RAM_SDP     | 512x9                  | 512x9                  |
|  pifoEngines_4/enque_enqueMapper/ram_reg_bram_0                            |       4608 |      AUTO |             |  B:B:512x9             |  A:A:512x9             |
| pifoEngines_0/enque_brain/lastVirtualMapper/ram                            |       4096 |           | RAM_SDP     | 512x8                  | 512x8                  |
|  pifoEngines_0/enque_brain/lastVirtualMapper/ram_reg_bram_0                |       4096 |      AUTO |             |  B:B:512x8             |  A:A:512x8             |
| pifoEngines_1/enque_brain/lastVirtualMapper/ram                            |       4096 |           | RAM_SDP     | 512x8                  | 512x8                  |
|  pifoEngines_1/enque_brain/lastVirtualMapper/ram_reg_bram_0                |       4096 |      AUTO |             |  B:B:512x8             |  A:A:512x8             |
| pifoEngines_2/enque_brain/lastVirtualMapper/ram                            |       4096 |           | RAM_SDP     | 512x8                  | 512x8                  |
|  pifoEngines_2/enque_brain/lastVirtualMapper/ram_reg_bram_0                |       4096 |      AUTO |             |  B:B:512x8             |  A:A:512x8             |
| pifoEngines_3/enque_brain/lastVirtualMapper/ram                            |       4096 |           | RAM_SDP     | 512x8                  | 512x8                  |
|  pifoEngines_3/enque_brain/lastVirtualMapper/ram_reg_bram_0                |       4096 |      AUTO |             |  B:B:512x8             |  A:A:512x8             |
| pifoEngines_4/enque_brain/lastVirtualMapper/ram                            |       4096 |           | RAM_SDP     | 512x8                  | 512x8                  |
|  pifoEngines_4/enque_brain/lastVirtualMapper/ram_reg_bram_0                |       4096 |      AUTO |             |  B:B:512x8             |  A:A:512x8             |
+----------------------------------------------------------------------------+------------+-----------+-------------+------------------------+------------------------+


3. Memory Utilization - Inferred
--------------------------------

+----------------------------------------------------------------------------+-----------+-----------+----------------+-----------+-----------+---------+---------------+---------------+---------+---------------+---------------+---------+---------------+---------------+---------+---------------+---------------+
| Memory Name                                                                | Primitive | RAM STYLE | Available Bits | Used Bits | Bit Util% | A Depth | A Depth Avail | A Depth Util% | A Width | A Width Avail | A Width Util% | B Depth | B Depth Avail | B Depth Util% | B Width | B Width Avail | B Width Util% |
+----------------------------------------------------------------------------+-----------+-----------+----------------+-----------+-----------+---------+---------------+---------------+---------+---------------+---------------+---------+---------------+---------------+---------+---------------+---------------+
| pifoEngines_0/enque_brain/pipelinedCamMapper_10/banks_0_values             |           |           |                |           |           |         |               |               |         |               |               |         |               |               |         |               |               |
|  pifoEngines_0/enque_brain/pipelinedCamMapper_10/banks_0_values_reg_bram_0 | RAMB36E2  |      AUTO |          36864 |     32768 |     88.89 |    1024 |          1024 |        100.00 |      32 |            36 |         88.89 |    1024 |          1024 |        100.00 |      32 |            36 |         88.89 |
| pifoEngines_1/enque_brain/pipelinedCamMapper_10/banks_0_values             |           |           |                |           |           |         |               |               |         |               |               |         |               |               |         |               |               |
|  pifoEngines_1/enque_brain/pipelinedCamMapper_10/banks_0_values_reg_bram_0 | RAMB36E2  |      AUTO |          36864 |     32768 |     88.89 |    1024 |          1024 |        100.00 |      32 |            36 |         88.89 |    1024 |          1024 |        100.00 |      32 |            36 |         88.89 |
| pifoEngines_2/enque_brain/pipelinedCamMapper_10/banks_0_values             |           |           |                |           |           |         |               |               |         |               |               |         |               |               |         |               |               |
|  pifoEngines_2/enque_brain/pipelinedCamMapper_10/banks_0_values_reg_bram_0 | RAMB36E2  |      AUTO |          36864 |     32768 |     88.89 |    1024 |          1024 |        100.00 |      32 |            36 |         88.89 |    1024 |          1024 |        100.00 |      32 |            36 |         88.89 |
| pifoEngines_3/enque_brain/pipelinedCamMapper_10/banks_0_values             |           |           |                |           |           |         |               |               |         |               |               |         |               |               |         |               |               |
|  pifoEngines_3/enque_brain/pipelinedCamMapper_10/banks_0_values_reg_bram_0 | RAMB36E2  |      AUTO |          36864 |     32768 |     88.89 |    1024 |          1024 |        100.00 |      32 |            36 |         88.89 |    1024 |          1024 |        100.00 |      32 |            36 |         88.89 |
| pifoEngines_4/enque_brain/pipelinedCamMapper_10/banks_0_values             |           |           |                |           |           |         |               |               |         |               |               |         |               |               |         |               |               |
|  pifoEngines_4/enque_brain/pipelinedCamMapper_10/banks_0_values_reg_bram_0 | RAMB36E2  |      AUTO |          36864 |     32768 |     88.89 |    1024 |          1024 |        100.00 |      32 |            36 |         88.89 |    1024 |          1024 |        100.00 |      32 |            36 |         88.89 |
| pifoEngines_0/enque_brain/brainStateMem/ram                                |           |           |                |           |           |         |               |               |         |               |               |         |               |               |         |               |               |
|  pifoEngines_0/enque_brain/brainStateMem/ram_reg                           | RAMB18E2  |      AUTO |          18432 |     16384 |     88.89 |     512 |           512 |        100.00 |      32 |            36 |         88.89 |     512 |           512 |        100.00 |      32 |            36 |         88.89 |
| pifoEngines_1/enque_brain/brainStateMem/ram                                |           |           |                |           |           |         |               |               |         |               |               |         |               |               |         |               |               |
|  pifoEngines_1/enque_brain/brainStateMem/ram_reg                           | RAMB18E2  |      AUTO |          18432 |     16384 |     88.89 |     512 |           512 |        100.00 |      32 |            36 |         88.89 |     512 |           512 |        100.00 |      32 |            36 |         88.89 |
| pifoEngines_2/enque_brain/brainStateMem/ram                                |           |           |                |           |           |         |               |               |         |               |               |         |               |               |         |               |               |
|  pifoEngines_2/enque_brain/brainStateMem/ram_reg                           | RAMB18E2  |      AUTO |          18432 |     16384 |     88.89 |     512 |           512 |        100.00 |      32 |            36 |         88.89 |     512 |           512 |        100.00 |      32 |            36 |         88.89 |
| pifoEngines_3/enque_brain/brainStateMem/ram                                |           |           |                |           |           |         |               |               |         |               |               |         |               |               |         |               |               |
|  pifoEngines_3/enque_brain/brainStateMem/ram_reg                           | RAMB18E2  |      AUTO |          18432 |     16384 |     88.89 |     512 |           512 |        100.00 |      32 |            36 |         88.89 |     512 |           512 |        100.00 |      32 |            36 |         88.89 |
| pifoEngines_4/enque_brain/brainStateMem/ram                                |           |           |                |           |           |         |               |               |         |               |               |         |               |               |         |               |               |
|  pifoEngines_4/enque_brain/brainStateMem/ram_reg                           | RAMB18E2  |      AUTO |          18432 |     16384 |     88.89 |     512 |           512 |        100.00 |      32 |            36 |         88.89 |     512 |           512 |        100.00 |      32 |            36 |         88.89 |
| io_controlRequest_fifo/logic_ram                                           |           |           |                |           |           |         |               |               |         |               |               |         |               |               |         |               |               |
|  io_controlRequest_fifo/logic_ram_reg                                      | RAMB36E2  |      AUTO |          36864 |     15104 |     40.97 |     256 |           512 |         50.00 |      59 |            72 |         81.94 |     256 |           512 |         50.00 |      59 |            72 |         81.94 |
| pifoEngines_0/pipelinedCamMapper_10/banks_0_values                         |           |           |                |           |           |         |               |               |         |               |               |         |               |               |         |               |               |
|  pifoEngines_0/pipelinedCamMapper_10/banks_0_values_reg_bram_0             | RAMB18E2  |      AUTO |          18432 |     12288 |     66.67 |    1024 |          1024 |        100.00 |      12 |            18 |         66.67 |    1024 |          1024 |        100.00 |      12 |            18 |         66.67 |
| pifoEngines_1/pipelinedCamMapper_10/banks_0_values                         |           |           |                |           |           |         |               |               |         |               |               |         |               |               |         |               |               |
|  pifoEngines_1/pipelinedCamMapper_10/banks_0_values_reg_bram_0             | RAMB18E2  |      AUTO |          18432 |     12288 |     66.67 |    1024 |          1024 |        100.00 |      12 |            18 |         66.67 |    1024 |          1024 |        100.00 |      12 |            18 |         66.67 |
| pifoEngines_2/pipelinedCamMapper_10/banks_0_values                         |           |           |                |           |           |         |               |               |         |               |               |         |               |               |         |               |               |
|  pifoEngines_2/pipelinedCamMapper_10/banks_0_values_reg_bram_0             | RAMB18E2  |      AUTO |          18432 |     12288 |     66.67 |    1024 |          1024 |        100.00 |      12 |            18 |         66.67 |    1024 |          1024 |        100.00 |      12 |            18 |         66.67 |
| pifoEngines_3/pipelinedCamMapper_10/banks_0_values                         |           |           |                |           |           |         |               |               |         |               |               |         |               |               |         |               |               |
|  pifoEngines_3/pipelinedCamMapper_10/banks_0_values_reg_bram_0             | RAMB18E2  |      AUTO |          18432 |     12288 |     66.67 |    1024 |          1024 |        100.00 |      12 |            18 |         66.67 |    1024 |          1024 |        100.00 |      12 |            18 |         66.67 |
| pifoEngines_4/pipelinedCamMapper_10/banks_0_values                         |           |           |                |           |           |         |               |               |         |               |               |         |               |               |         |               |               |
|  pifoEngines_4/pipelinedCamMapper_10/banks_0_values_reg_bram_0             | RAMB18E2  |      AUTO |          18432 |     12288 |     66.67 |    1024 |          1024 |        100.00 |      12 |            18 |         66.67 |    1024 |          1024 |        100.00 |      12 |            18 |         66.67 |
| pifoEngines_0/enque_enqueMapper/ram                                        |           |           |                |           |           |         |               |               |         |               |               |         |               |               |         |               |               |
|  pifoEngines_0/enque_enqueMapper/ram_reg_bram_0                            | RAMB18E2  |      AUTO |          18432 |      4608 |     25.00 |     512 |          1024 |         50.00 |       9 |            18 |         50.00 |     512 |          1024 |         50.00 |       9 |            18 |         50.00 |
| pifoEngines_1/enque_enqueMapper/ram                                        |           |           |                |           |           |         |               |               |         |               |               |         |               |               |         |               |               |
|  pifoEngines_1/enque_enqueMapper/ram_reg_bram_0                            | RAMB18E2  |      AUTO |          18432 |      4608 |     25.00 |     512 |          1024 |         50.00 |       9 |            18 |         50.00 |     512 |          1024 |         50.00 |       9 |            18 |         50.00 |
| pifoEngines_2/enque_enqueMapper/ram                                        |           |           |                |           |           |         |               |               |         |               |               |         |               |               |         |               |               |
|  pifoEngines_2/enque_enqueMapper/ram_reg_bram_0                            | RAMB18E2  |      AUTO |          18432 |      4608 |     25.00 |     512 |          1024 |         50.00 |       9 |            18 |         50.00 |     512 |          1024 |         50.00 |       9 |            18 |         50.00 |
| pifoEngines_3/enque_enqueMapper/ram                                        |           |           |                |           |           |         |               |               |         |               |               |         |               |               |         |               |               |
|  pifoEngines_3/enque_enqueMapper/ram_reg_bram_0                            | RAMB18E2  |      AUTO |          18432 |      4608 |     25.00 |     512 |          1024 |         50.00 |       9 |            18 |         50.00 |     512 |          1024 |         50.00 |       9 |            18 |         50.00 |
| pifoEngines_4/enque_enqueMapper/ram                                        |           |           |                |           |           |         |               |               |         |               |               |         |               |               |         |               |               |
|  pifoEngines_4/enque_enqueMapper/ram_reg_bram_0                            | RAMB18E2  |      AUTO |          18432 |      4608 |     25.00 |     512 |          1024 |         50.00 |       9 |            18 |         50.00 |     512 |          1024 |         50.00 |       9 |            18 |         50.00 |
| pifoEngines_0/enque_brain/lastVirtualMapper/ram                            |           |           |                |           |           |         |               |               |         |               |               |         |               |               |         |               |               |
|  pifoEngines_0/enque_brain/lastVirtualMapper/ram_reg_bram_0                | RAMB18E2  |      AUTO |          18432 |      4096 |     22.22 |     512 |          1024 |         50.00 |       8 |            18 |         44.44 |     512 |          1024 |         50.00 |       8 |            18 |         44.44 |
| pifoEngines_1/enque_brain/lastVirtualMapper/ram                            |           |           |                |           |           |         |               |               |         |               |               |         |               |               |         |               |               |
|  pifoEngines_1/enque_brain/lastVirtualMapper/ram_reg_bram_0                | RAMB18E2  |      AUTO |          18432 |      4096 |     22.22 |     512 |          1024 |         50.00 |       8 |            18 |         44.44 |     512 |          1024 |         50.00 |       8 |            18 |         44.44 |
| pifoEngines_2/enque_brain/lastVirtualMapper/ram                            |           |           |                |           |           |         |               |               |         |               |               |         |               |               |         |               |               |
|  pifoEngines_2/enque_brain/lastVirtualMapper/ram_reg_bram_0                | RAMB18E2  |      AUTO |          18432 |      4096 |     22.22 |     512 |          1024 |         50.00 |       8 |            18 |         44.44 |     512 |          1024 |         50.00 |       8 |            18 |         44.44 |
| pifoEngines_3/enque_brain/lastVirtualMapper/ram                            |           |           |                |           |           |         |               |               |         |               |               |         |               |               |         |               |               |
|  pifoEngines_3/enque_brain/lastVirtualMapper/ram_reg_bram_0                | RAMB18E2  |      AUTO |          18432 |      4096 |     22.22 |     512 |          1024 |         50.00 |       8 |            18 |         44.44 |     512 |          1024 |         50.00 |       8 |            18 |         44.44 |
| pifoEngines_4/enque_brain/lastVirtualMapper/ram                            |           |           |                |           |           |         |               |               |         |               |               |         |               |               |         |               |               |
|  pifoEngines_4/enque_brain/lastVirtualMapper/ram_reg_bram_0                | RAMB18E2  |      AUTO |          18432 |      4096 |     22.22 |     512 |          1024 |         50.00 |       8 |            18 |         44.44 |     512 |          1024 |         50.00 |       8 |            18 |         44.44 |
+----------------------------------------------------------------------------+-----------+-----------+----------------+-----------+-----------+---------+---------------+---------------+---------+---------------+---------------+---------+---------------+---------------+---------+---------------+---------------+


4. Memory Performance - Inferred
--------------------------------

+----------------------------------------------------------------------------+-----------+------------------------+------------------------+-------------+-------------------------+-------------+-------------------------+-----------+--------+--------+---------+-----------+--------+--------+---------+
| Memory Name                                                                | Primitive | Port 1 Dimension / Map | Port 2 Dimension / Map | Port A Type | Port A Requirement (ns) | Port B Type | Port B Requirement (ns) | A Cascade | IREG_A | OREG_A | DOA_REG | B Cascade | IREG_B | OREG_B | DOB_REG |
+----------------------------------------------------------------------------+-----------+------------------------+------------------------+-------------+-------------------------+-------------+-------------------------+-----------+--------+--------+---------+-----------+--------+--------+---------+
| pifoEngines_0/enque_brain/pipelinedCamMapper_10/banks_0_values             |           | 1024x32                | 1024x32                |             |                         |             |                         |           |        |        |         |           |        |        |         |
|  pifoEngines_0/enque_brain/pipelinedCamMapper_10/banks_0_values_reg_bram_0 | RAMB36E2  |  A:A:1024x32           |  B:B:1024x32           |       Write |                    10.0 |        Read |                    10.0 |      NONE |        |        |       0 |      NONE |        |        |       0 |
| pifoEngines_1/enque_brain/pipelinedCamMapper_10/banks_0_values             |           | 1024x32                | 1024x32                |             |                         |             |                         |           |        |        |         |           |        |        |         |
|  pifoEngines_1/enque_brain/pipelinedCamMapper_10/banks_0_values_reg_bram_0 | RAMB36E2  |  A:A:1024x32           |  B:B:1024x32           |       Write |                    10.0 |        Read |                    10.0 |      NONE |        |        |       0 |      NONE |        |        |       0 |
| pifoEngines_2/enque_brain/pipelinedCamMapper_10/banks_0_values             |           | 1024x32                | 1024x32                |             |                         |             |                         |           |        |        |         |           |        |        |         |
|  pifoEngines_2/enque_brain/pipelinedCamMapper_10/banks_0_values_reg_bram_0 | RAMB36E2  |  A:A:1024x32           |  B:B:1024x32           |       Write |                    10.0 |        Read |                    10.0 |      NONE |        |        |       0 |      NONE |        |        |       0 |
| pifoEngines_3/enque_brain/pipelinedCamMapper_10/banks_0_values             |           | 1024x32                | 1024x32                |             |                         |             |                         |           |        |        |         |           |        |        |         |
|  pifoEngines_3/enque_brain/pipelinedCamMapper_10/banks_0_values_reg_bram_0 | RAMB36E2  |  A:A:1024x32           |  B:B:1024x32           |       Write |                    10.0 |        Read |                    10.0 |      NONE |        |        |       0 |      NONE |        |        |       0 |
| pifoEngines_4/enque_brain/pipelinedCamMapper_10/banks_0_values             |           | 1024x32                | 1024x32                |             |                         |             |                         |           |        |        |         |           |        |        |         |
|  pifoEngines_4/enque_brain/pipelinedCamMapper_10/banks_0_values_reg_bram_0 | RAMB36E2  |  A:A:1024x32           |  B:B:1024x32           |       Write |                    10.0 |        Read |                    10.0 |      NONE |        |        |       0 |      NONE |        |        |       0 |
| pifoEngines_0/enque_brain/brainStateMem/ram                                |           | 512x32                 | 512x32                 |             |                         |             |                         |           |        |        |         |           |        |        |         |
|  pifoEngines_0/enque_brain/brainStateMem/ram_reg                           | RAMB18E2  |  B:B:512x32            |  A:A:512x32            |        Read |                    10.0 |       Write |                    10.0 |      NONE |        |        |       0 |      NONE |        |        |       0 |
| pifoEngines_1/enque_brain/brainStateMem/ram                                |           | 512x32                 | 512x32                 |             |                         |             |                         |           |        |        |         |           |        |        |         |
|  pifoEngines_1/enque_brain/brainStateMem/ram_reg                           | RAMB18E2  |  B:B:512x32            |  A:A:512x32            |        Read |                    10.0 |       Write |                    10.0 |      NONE |        |        |       0 |      NONE |        |        |       0 |
| pifoEngines_2/enque_brain/brainStateMem/ram                                |           | 512x32                 | 512x32                 |             |                         |             |                         |           |        |        |         |           |        |        |         |
|  pifoEngines_2/enque_brain/brainStateMem/ram_reg                           | RAMB18E2  |  B:B:512x32            |  A:A:512x32            |        Read |                    10.0 |       Write |                    10.0 |      NONE |        |        |       0 |      NONE |        |        |       0 |
| pifoEngines_3/enque_brain/brainStateMem/ram                                |           | 512x32                 | 512x32                 |             |                         |             |                         |           |        |        |         |           |        |        |         |
|  pifoEngines_3/enque_brain/brainStateMem/ram_reg                           | RAMB18E2  |  B:B:512x32            |  A:A:512x32            |        Read |                    10.0 |       Write |                    10.0 |      NONE |        |        |       0 |      NONE |        |        |       0 |
| pifoEngines_4/enque_brain/brainStateMem/ram                                |           | 512x32                 | 512x32                 |             |                         |             |                         |           |        |        |         |           |        |        |         |
|  pifoEngines_4/enque_brain/brainStateMem/ram_reg                           | RAMB18E2  |  B:B:512x32            |  A:A:512x32            |        Read |                    10.0 |       Write |                    10.0 |      NONE |        |        |       0 |      NONE |        |        |       0 |
| io_controlRequest_fifo/logic_ram                                           |           | 512x59                 | 512x59                 |             |                         |             |                         |           |        |        |         |           |        |        |         |
|  io_controlRequest_fifo/logic_ram_reg                                      | RAMB36E2  |  B:B:256x59            |  A:A:256x59            |        Read |                    10.0 |       Write |                    10.0 |      NONE |        |        |       0 |      NONE |        |        |       0 |
| pifoEngines_0/pipelinedCamMapper_10/banks_0_values                         |           | 1024x12                | 1024x12                |             |                         |             |                         |           |        |        |         |           |        |        |         |
|  pifoEngines_0/pipelinedCamMapper_10/banks_0_values_reg_bram_0             | RAMB18E2  |  A:A:1024x12           |  B:B:1024x12           |       Write |                    10.0 |        Read |                    10.0 |      NONE |        |        |       0 |      NONE |        |        |       0 |
| pifoEngines_1/pipelinedCamMapper_10/banks_0_values                         |           | 1024x12                | 1024x12                |             |                         |             |                         |           |        |        |         |           |        |        |         |
|  pifoEngines_1/pipelinedCamMapper_10/banks_0_values_reg_bram_0             | RAMB18E2  |  A:A:1024x12           |  B:B:1024x12           |       Write |                    10.0 |        Read |                    10.0 |      NONE |        |        |       0 |      NONE |        |        |       0 |
| pifoEngines_2/pipelinedCamMapper_10/banks_0_values                         |           | 1024x12                | 1024x12                |             |                         |             |                         |           |        |        |         |           |        |        |         |
|  pifoEngines_2/pipelinedCamMapper_10/banks_0_values_reg_bram_0             | RAMB18E2  |  A:A:1024x12           |  B:B:1024x12           |       Write |                    10.0 |        Read |                    10.0 |      NONE |        |        |       0 |      NONE |        |        |       0 |
| pifoEngines_3/pipelinedCamMapper_10/banks_0_values                         |           | 1024x12                | 1024x12                |             |                         |             |                         |           |        |        |         |           |        |        |         |
|  pifoEngines_3/pipelinedCamMapper_10/banks_0_values_reg_bram_0             | RAMB18E2  |  A:A:1024x12           |  B:B:1024x12           |       Write |                    10.0 |        Read |                    10.0 |      NONE |        |        |       0 |      NONE |        |        |       0 |
| pifoEngines_4/pipelinedCamMapper_10/banks_0_values                         |           | 1024x12                | 1024x12                |             |                         |             |                         |           |        |        |         |           |        |        |         |
|  pifoEngines_4/pipelinedCamMapper_10/banks_0_values_reg_bram_0             | RAMB18E2  |  A:A:1024x12           |  B:B:1024x12           |       Write |                    10.0 |        Read |                    10.0 |      NONE |        |        |       0 |      NONE |        |        |       0 |
| pifoEngines_0/enque_enqueMapper/ram                                        |           | 512x9                  | 512x9                  |             |                         |             |                         |           |        |        |         |           |        |        |         |
|  pifoEngines_0/enque_enqueMapper/ram_reg_bram_0                            | RAMB18E2  |  B:B:512x9             |  A:A:512x9             |        Read |                    10.0 |       Write |                    10.0 |      NONE |        |        |       0 |      NONE |        |        |       0 |
| pifoEngines_1/enque_enqueMapper/ram                                        |           | 512x9                  | 512x9                  |             |                         |             |                         |           |        |        |         |           |        |        |         |
|  pifoEngines_1/enque_enqueMapper/ram_reg_bram_0                            | RAMB18E2  |  B:B:512x9             |  A:A:512x9             |        Read |                    10.0 |       Write |                    10.0 |      NONE |        |        |       0 |      NONE |        |        |       0 |
| pifoEngines_2/enque_enqueMapper/ram                                        |           | 512x9                  | 512x9                  |             |                         |             |                         |           |        |        |         |           |        |        |         |
|  pifoEngines_2/enque_enqueMapper/ram_reg_bram_0                            | RAMB18E2  |  B:B:512x9             |  A:A:512x9             |        Read |                    10.0 |       Write |                    10.0 |      NONE |        |        |       0 |      NONE |        |        |       0 |
| pifoEngines_3/enque_enqueMapper/ram                                        |           | 512x9                  | 512x9                  |             |                         |             |                         |           |        |        |         |           |        |        |         |
|  pifoEngines_3/enque_enqueMapper/ram_reg_bram_0                            | RAMB18E2  |  B:B:512x9             |  A:A:512x9             |        Read |                    10.0 |       Write |                    10.0 |      NONE |        |        |       0 |      NONE |        |        |       0 |
| pifoEngines_4/enque_enqueMapper/ram                                        |           | 512x9                  | 512x9                  |             |                         |             |                         |           |        |        |         |           |        |        |         |
|  pifoEngines_4/enque_enqueMapper/ram_reg_bram_0                            | RAMB18E2  |  B:B:512x9             |  A:A:512x9             |        Read |                    10.0 |       Write |                    10.0 |      NONE |        |        |       0 |      NONE |        |        |       0 |
| pifoEngines_0/enque_brain/lastVirtualMapper/ram                            |           | 512x8                  | 512x8                  |             |                         |             |                         |           |        |        |         |           |        |        |         |
|  pifoEngines_0/enque_brain/lastVirtualMapper/ram_reg_bram_0                | RAMB18E2  |  B:B:512x8             |  A:A:512x8             |        Read |                    10.0 |       Write |                    10.0 |      NONE |        |        |       0 |      NONE |        |        |       0 |
| pifoEngines_1/enque_brain/lastVirtualMapper/ram                            |           | 512x8                  | 512x8                  |             |                         |             |                         |           |        |        |         |           |        |        |         |
|  pifoEngines_1/enque_brain/lastVirtualMapper/ram_reg_bram_0                | RAMB18E2  |  B:B:512x8             |  A:A:512x8             |        Read |                    10.0 |       Write |                    10.0 |      NONE |        |        |       0 |      NONE |        |        |       0 |
| pifoEngines_2/enque_brain/lastVirtualMapper/ram                            |           | 512x8                  | 512x8                  |             |                         |             |                         |           |        |        |         |           |        |        |         |
|  pifoEngines_2/enque_brain/lastVirtualMapper/ram_reg_bram_0                | RAMB18E2  |  B:B:512x8             |  A:A:512x8             |        Read |                    10.0 |       Write |                    10.0 |      NONE |        |        |       0 |      NONE |        |        |       0 |
| pifoEngines_3/enque_brain/lastVirtualMapper/ram                            |           | 512x8                  | 512x8                  |             |                         |             |                         |           |        |        |         |           |        |        |         |
|  pifoEngines_3/enque_brain/lastVirtualMapper/ram_reg_bram_0                | RAMB18E2  |  B:B:512x8             |  A:A:512x8             |        Read |                    10.0 |       Write |                    10.0 |      NONE |        |        |       0 |      NONE |        |        |       0 |
| pifoEngines_4/enque_brain/lastVirtualMapper/ram                            |           | 512x8                  | 512x8                  |             |                         |             |                         |           |        |        |         |           |        |        |         |
|  pifoEngines_4/enque_brain/lastVirtualMapper/ram_reg_bram_0                | RAMB18E2  |  B:B:512x8             |  A:A:512x8             |        Read |                    10.0 |       Write |                    10.0 |      NONE |        |        |       0 |      NONE |        |        |       0 |
+----------------------------------------------------------------------------+-----------+------------------------+------------------------+-------------+-------------------------+-------------+-------------------------+-----------+--------+--------+---------+-----------+--------+--------+---------+


5. Block Ram / URAM Memory Power - Inferred
-------------------------------------------

+----------------------------------------------------------------------------+-----------+------------------------+------------------------+--------------------+---------------+-------------------+-----------+--------------------+---------------+-------------------+-----------+
| Memory Name                                                                | Primitive | Port 1 Dimension / Map | Port 2 Dimension / Map | Port A Power Gated | Port A Enable | Port A WRITE_MODE | A Cascade | Port B Power Gated | Port B Enable | Port B WRITE_MODE | B Cascade |
+----------------------------------------------------------------------------+-----------+------------------------+------------------------+--------------------+---------------+-------------------+-----------+--------------------+---------------+-------------------+-----------+
| pifoEngines_0/enque_brain/pipelinedCamMapper_10/banks_0_values             |           | 1024x32                | 1024x32                |                    |               |                   |           |                    |               |                   |           |
|  pifoEngines_0/enque_brain/pipelinedCamMapper_10/banks_0_values_reg_bram_0 | RAMB36E2  |  A:A:1024x32           |  B:B:1024x32           |                    |        SIGNAL |        READ_FIRST |      NONE |                    |        SIGNAL |       WRITE_FIRST |      NONE |
| pifoEngines_1/enque_brain/pipelinedCamMapper_10/banks_0_values             |           | 1024x32                | 1024x32                |                    |               |                   |           |                    |               |                   |           |
|  pifoEngines_1/enque_brain/pipelinedCamMapper_10/banks_0_values_reg_bram_0 | RAMB36E2  |  A:A:1024x32           |  B:B:1024x32           |                    |        SIGNAL |        READ_FIRST |      NONE |                    |        SIGNAL |       WRITE_FIRST |      NONE |
| pifoEngines_2/enque_brain/pipelinedCamMapper_10/banks_0_values             |           | 1024x32                | 1024x32                |                    |               |                   |           |                    |               |                   |           |
|  pifoEngines_2/enque_brain/pipelinedCamMapper_10/banks_0_values_reg_bram_0 | RAMB36E2  |  A:A:1024x32           |  B:B:1024x32           |                    |        SIGNAL |        READ_FIRST |      NONE |                    |        SIGNAL |       WRITE_FIRST |      NONE |
| pifoEngines_3/enque_brain/pipelinedCamMapper_10/banks_0_values             |           | 1024x32                | 1024x32                |                    |               |                   |           |                    |               |                   |           |
|  pifoEngines_3/enque_brain/pipelinedCamMapper_10/banks_0_values_reg_bram_0 | RAMB36E2  |  A:A:1024x32           |  B:B:1024x32           |                    |        SIGNAL |        READ_FIRST |      NONE |                    |        SIGNAL |       WRITE_FIRST |      NONE |
| pifoEngines_4/enque_brain/pipelinedCamMapper_10/banks_0_values             |           | 1024x32                | 1024x32                |                    |               |                   |           |                    |               |                   |           |
|  pifoEngines_4/enque_brain/pipelinedCamMapper_10/banks_0_values_reg_bram_0 | RAMB36E2  |  A:A:1024x32           |  B:B:1024x32           |                    |        SIGNAL |        READ_FIRST |      NONE |                    |        SIGNAL |       WRITE_FIRST |      NONE |
| pifoEngines_0/enque_brain/brainStateMem/ram                                |           | 512x32                 | 512x32                 |                    |               |                   |           |                    |               |                   |           |
|  pifoEngines_0/enque_brain/brainStateMem/ram_reg                           | RAMB18E2  |  B:B:512x32            |  A:A:512x32            |                    |         POWER |        READ_FIRST |      NONE |                    |         POWER |        READ_FIRST |      NONE |
| pifoEngines_1/enque_brain/brainStateMem/ram                                |           | 512x32                 | 512x32                 |                    |               |                   |           |                    |               |                   |           |
|  pifoEngines_1/enque_brain/brainStateMem/ram_reg                           | RAMB18E2  |  B:B:512x32            |  A:A:512x32            |                    |         POWER |        READ_FIRST |      NONE |                    |         POWER |        READ_FIRST |      NONE |
| pifoEngines_2/enque_brain/brainStateMem/ram                                |           | 512x32                 | 512x32                 |                    |               |                   |           |                    |               |                   |           |
|  pifoEngines_2/enque_brain/brainStateMem/ram_reg                           | RAMB18E2  |  B:B:512x32            |  A:A:512x32            |                    |         POWER |        READ_FIRST |      NONE |                    |         POWER |        READ_FIRST |      NONE |
| pifoEngines_3/enque_brain/brainStateMem/ram                                |           | 512x32                 | 512x32                 |                    |               |                   |           |                    |               |                   |           |
|  pifoEngines_3/enque_brain/brainStateMem/ram_reg                           | RAMB18E2  |  B:B:512x32            |  A:A:512x32            |                    |         POWER |        READ_FIRST |      NONE |                    |         POWER |        READ_FIRST |      NONE |
| pifoEngines_4/enque_brain/brainStateMem/ram                                |           | 512x32                 | 512x32                 |                    |               |                   |           |                    |               |                   |           |
|  pifoEngines_4/enque_brain/brainStateMem/ram_reg                           | RAMB18E2  |  B:B:512x32            |  A:A:512x32            |                    |         POWER |        READ_FIRST |      NONE |                    |         POWER |        READ_FIRST |      NONE |
| io_controlRequest_fifo/logic_ram                                           |           | 512x59                 | 512x59                 |                    |               |                   |           |                    |               |                   |           |
|  io_controlRequest_fifo/logic_ram_reg                                      | RAMB36E2  |  B:B:256x59            |  A:A:256x59            |                    |        SIGNAL |        READ_FIRST |      NONE |                    |        SIGNAL |        READ_FIRST |      NONE |
| pifoEngines_0/pipelinedCamMapper_10/banks_0_values                         |           | 1024x12                | 1024x12                |                    |               |                   |           |                    |               |                   |           |
|  pifoEngines_0/pipelinedCamMapper_10/banks_0_values_reg_bram_0             | RAMB18E2  |  A:A:1024x12           |  B:B:1024x12           |                    |        SIGNAL |        READ_FIRST |      NONE |                    |        SIGNAL |       WRITE_FIRST |      NONE |
| pifoEngines_1/pipelinedCamMapper_10/banks_0_values                         |           | 1024x12                | 1024x12                |                    |               |                   |           |                    |               |                   |           |
|  pifoEngines_1/pipelinedCamMapper_10/banks_0_values_reg_bram_0             | RAMB18E2  |  A:A:1024x12           |  B:B:1024x12           |                    |        SIGNAL |        READ_FIRST |      NONE |                    |        SIGNAL |       WRITE_FIRST |      NONE |
| pifoEngines_2/pipelinedCamMapper_10/banks_0_values                         |           | 1024x12                | 1024x12                |                    |               |                   |           |                    |               |                   |           |
|  pifoEngines_2/pipelinedCamMapper_10/banks_0_values_reg_bram_0             | RAMB18E2  |  A:A:1024x12           |  B:B:1024x12           |                    |        SIGNAL |        READ_FIRST |      NONE |                    |        SIGNAL |       WRITE_FIRST |      NONE |
| pifoEngines_3/pipelinedCamMapper_10/banks_0_values                         |           | 1024x12                | 1024x12                |                    |               |                   |           |                    |               |                   |           |
|  pifoEngines_3/pipelinedCamMapper_10/banks_0_values_reg_bram_0             | RAMB18E2  |  A:A:1024x12           |  B:B:1024x12           |                    |        SIGNAL |        READ_FIRST |      NONE |                    |        SIGNAL |       WRITE_FIRST |      NONE |
| pifoEngines_4/pipelinedCamMapper_10/banks_0_values                         |           | 1024x12                | 1024x12                |                    |               |                   |           |                    |               |                   |           |
|  pifoEngines_4/pipelinedCamMapper_10/banks_0_values_reg_bram_0             | RAMB18E2  |  A:A:1024x12           |  B:B:1024x12           |                    |        SIGNAL |        READ_FIRST |      NONE |                    |        SIGNAL |       WRITE_FIRST |      NONE |
| pifoEngines_0/enque_enqueMapper/ram                                        |           | 512x9                  | 512x9                  |                    |               |                   |           |                    |               |                   |           |
|  pifoEngines_0/enque_enqueMapper/ram_reg_bram_0                            | RAMB18E2  |  B:B:512x9             |  A:A:512x9             |                    |        SIGNAL |       WRITE_FIRST |      NONE |                    |         POWER |        READ_FIRST |      NONE |
| pifoEngines_1/enque_enqueMapper/ram                                        |           | 512x9                  | 512x9                  |                    |               |                   |           |                    |               |                   |           |
|  pifoEngines_1/enque_enqueMapper/ram_reg_bram_0                            | RAMB18E2  |  B:B:512x9             |  A:A:512x9             |                    |        SIGNAL |       WRITE_FIRST |      NONE |                    |         POWER |        READ_FIRST |      NONE |
| pifoEngines_2/enque_enqueMapper/ram                                        |           | 512x9                  | 512x9                  |                    |               |                   |           |                    |               |                   |           |
|  pifoEngines_2/enque_enqueMapper/ram_reg_bram_0                            | RAMB18E2  |  B:B:512x9             |  A:A:512x9             |                    |        SIGNAL |       WRITE_FIRST |      NONE |                    |         POWER |        READ_FIRST |      NONE |
| pifoEngines_3/enque_enqueMapper/ram                                        |           | 512x9                  | 512x9                  |                    |               |                   |           |                    |               |                   |           |
|  pifoEngines_3/enque_enqueMapper/ram_reg_bram_0                            | RAMB18E2  |  B:B:512x9             |  A:A:512x9             |                    |        SIGNAL |       WRITE_FIRST |      NONE |                    |         POWER |        READ_FIRST |      NONE |
| pifoEngines_4/enque_enqueMapper/ram                                        |           | 512x9                  | 512x9                  |                    |               |                   |           |                    |               |                   |           |
|  pifoEngines_4/enque_enqueMapper/ram_reg_bram_0                            | RAMB18E2  |  B:B:512x9             |  A:A:512x9             |                    |        SIGNAL |       WRITE_FIRST |      NONE |                    |         POWER |        READ_FIRST |      NONE |
| pifoEngines_0/enque_brain/lastVirtualMapper/ram                            |           | 512x8                  | 512x8                  |                    |               |                   |           |                    |               |                   |           |
|  pifoEngines_0/enque_brain/lastVirtualMapper/ram_reg_bram_0                | RAMB18E2  |  B:B:512x8             |  A:A:512x8             |                    |         POWER |       WRITE_FIRST |      NONE |                    |         POWER |        READ_FIRST |      NONE |
| pifoEngines_1/enque_brain/lastVirtualMapper/ram                            |           | 512x8                  | 512x8                  |                    |               |                   |           |                    |               |                   |           |
|  pifoEngines_1/enque_brain/lastVirtualMapper/ram_reg_bram_0                | RAMB18E2  |  B:B:512x8             |  A:A:512x8             |                    |         POWER |       WRITE_FIRST |      NONE |                    |         POWER |        READ_FIRST |      NONE |
| pifoEngines_2/enque_brain/lastVirtualMapper/ram                            |           | 512x8                  | 512x8                  |                    |               |                   |           |                    |               |                   |           |
|  pifoEngines_2/enque_brain/lastVirtualMapper/ram_reg_bram_0                | RAMB18E2  |  B:B:512x8             |  A:A:512x8             |                    |         POWER |       WRITE_FIRST |      NONE |                    |         POWER |        READ_FIRST |      NONE |
| pifoEngines_3/enque_brain/lastVirtualMapper/ram                            |           | 512x8                  | 512x8                  |                    |               |                   |           |                    |               |                   |           |
|  pifoEngines_3/enque_brain/lastVirtualMapper/ram_reg_bram_0                | RAMB18E2  |  B:B:512x8             |  A:A:512x8             |                    |         POWER |       WRITE_FIRST |      NONE |                    |         POWER |        READ_FIRST |      NONE |
| pifoEngines_4/enque_brain/lastVirtualMapper/ram                            |           | 512x8                  | 512x8                  |                    |               |                   |           |                    |               |                   |           |
|  pifoEngines_4/enque_brain/lastVirtualMapper/ram_reg_bram_0                | RAMB18E2  |  B:B:512x8             |  A:A:512x8             |                    |         POWER |       WRITE_FIRST |      NONE |                    |         POWER |        READ_FIRST |      NONE |
+----------------------------------------------------------------------------+-----------+------------------------+------------------------+--------------------+---------------+-------------------+-----------+--------------------+---------------+-------------------+-----------+


