[info] welcome to sbt 1.10.2 (Ubuntu Java 21.0.10)
[info] loading settings for project pifo-hardware-build from plugins.sbt ...
[info] loading project definition from /home/zg366/packet-scheduling/pifo-hardware/project
[info] loading settings for project rio from build.sbt ...
[info] set current project to rio (in build file:/home/zg366/packet-scheduling/pifo-hardware/)
[info] running (fork) rio.GeneratePifoMesh /data/work/rio-synthesis/cam-pipeline-vcu118-20260909/pe5-v1024-c1024-q256-p128-static-vcu118/rtl 5 1024 1 8 external static 256 cam-pipelined 2048 128
[info] [Runtime] SpinalHDL v1.12.3    git head : 591e64062329e5e2e2b81f4d52422948053edb97
[info] [Runtime] JVM max memory : 30208.0MiB
[info] [Runtime] Current date : 2026.09.09 14:53:14
[info] [Progress] at 0.000 : Elaborate components
[info] spinal.core.BitVector.calcWidth(BitVector.scala:207)
[info] spinal.core.internals.Widthable.getWidth(Node.scala:202)
[info] spinal.core.internals.Widthable.getWidth$(Node.scala:181)
[info] spinal.core.BitVector.getWidth(BitVector.scala:37)
[info] spinal.core.internals.Operator$Bits$Cat.calcWidth(Expression.scala:701)
[info] spinal.core.internals.Widthable.getWidth(Node.scala:202)
[info] spinal.core.internals.Widthable.getWidth$(Node.scala:181)
[info] spinal.core.internals.Operator$Bits$Cat.getWidth(Expression.scala:698)
[info] spinal.core.BitVector.$anonfun$calcWidth$1(BitVector.scala:210)
[info] spinal.core.BitVector.$anonfun$calcWidth$1$adapted(BitVector.scala:207)
[info] spinal.core.internals.DoubleLinkedContainer.dlcForeach(Misc.scala:137)
[info] spinal.core.internals.DoubleLinkedContainer.dlcForeach$(Misc.scala:132)
[info] spinal.core.BaseType.dlcForeach(BaseType.scala:55)
[info] spinal.core.internals.StatementDoubleLinkedContainer.foreachStatements(Statement.scala:31)
[info] spinal.core.internals.StatementDoubleLinkedContainer.foreachStatements$(Statement.scala:31)
[info] spinal.core.BaseType.foreachStatements(BaseType.scala:55)
[info] spinal.core.BitVector.calcWidth(BitVector.scala:207)
[info] spinal.core.internals.Widthable.getWidth(Node.scala:202)
[info] spinal.core.internals.Widthable.getWidth$(Node.scala:181)
[info] spinal.core.BitVector.getWidth(BitVector.scala:37)
[info] spinal.core.internals.Operator$Bits$Cat.calcWidth(Expression.scala:701)
[info] spinal.core.internals.Widthable.getWidth(Node.scala:202)
[info] spinal.core.internals.Widthable.getWidth$(Node.scala:181)
[info] spinal.core.internals.Operator$Bits$Cat.getWidth(Expression.scala:698)
[info] spinal.core.BitVector.$anonfun$calcWidth$1(BitVector.scala:210)
[info] spinal.core.BitVector.$anonfun$calcWidth$1$adapted(BitVector.scala:207)
[info] spinal.core.internals.DoubleLinkedContainer.dlcForeach(Misc.scala:137)
[info] spinal.core.internals.DoubleLinkedContainer.dlcForeach$(Misc.scala:132)
[info] spinal.core.BaseType.dlcForeach(BaseType.scala:55)
[info] spinal.core.internals.StatementDoubleLinkedContainer.foreachStatements(Statement.scala:31)
[info] spinal.core.internals.StatementDoubleLinkedContainer.foreachStatements$(Statement.scala:31)
[info] spinal.core.BaseType.foreachStatements(BaseType.scala:55)
[info] spinal.core.BitVector.calcWidth(BitVector.scala:207)
[info] spinal.core.internals.Widthable.getWidth(Node.scala:202)
[info] spinal.core.internals.Widthable.getWidth$(Node.scala:181)
[info] spinal.core.BitVector.getWidth(BitVector.scala:37)
[info] spinal.core.internals.Operator$Bits$Cat.calcWidth(Expression.scala:701)
[info] spinal.core.internals.Widthable.getWidth(Node.scala:202)
[info] spinal.core.internals.Widthable.getWidth$(Node.scala:181)
[info] spinal.core.internals.Operator$Bits$Cat.getWidth(Expression.scala:698)
[info] spinal.core.BitVector.$anonfun$calcWidth$1(BitVector.scala:210)
[info] spinal.core.BitVector.$anonfun$calcWidth$1$adapted(BitVector.scala:207)
[info] spinal.core.internals.DoubleLinkedContainer.dlcForeach(Misc.scala:137)
[info] spinal.core.internals.DoubleLinkedContainer.dlcForeach$(Misc.scala:132)
[info] spinal.core.BaseType.dlcForeach(BaseType.scala:55)
[info] spinal.core.internals.StatementDoubleLinkedContainer.foreachStatements(Statement.scala:31)
[info] spinal.core.internals.StatementDoubleLinkedContainer.foreachStatements$(Statement.scala:31)
[info] spinal.core.BaseType.foreachStatements(BaseType.scala:55)
[info] spinal.core.BitVector.calcWidth(BitVector.scala:207)
[info] spinal.core.internals.Widthable.getWidth(Node.scala:202)
[info] spinal.core.internals.Widthable.getWidth$(Node.scala:181)
[info] spinal.core.BitVector.getWidth(BitVector.scala:37)
[info] spinal.core.internals.Operator$Bits$Cat.calcWidth(Expression.scala:701)
[info] spinal.core.internals.Widthable.getWidth(Node.scala:202)
[info] spinal.core.internals.Widthable.getWidth$(Node.scala:181)
[info] spinal.core.internals.Operator$Bits$Cat.getWidth(Expression.scala:698)
[info] spinal.core.BitVector.$anonfun$calcWidth$1(BitVector.scala:210)
[info] spinal.core.BitVector.$anonfun$calcWidth$1$adapted(BitVector.scala:207)
[info] spinal.core.internals.DoubleLinkedContainer.dlcForeach(Misc.scala:137)
[info] spinal.core.internals.DoubleLinkedContainer.dlcForeach$(Misc.scala:132)
[info] spinal.core.BaseType.dlcForeach(BaseType.scala:55)
[info] spinal.core.internals.StatementDoubleLinkedContainer.foreachStatements(Statement.scala:31)
[info] spinal.core.internals.StatementDoubleLinkedContainer.foreachStatements$(Statement.scala:31)
[info] spinal.core.BaseType.foreachStatements(BaseType.scala:55)
[info] spinal.core.BitVector.calcWidth(BitVector.scala:207)
[info] spinal.core.internals.Widthable.getWidth(Node.scala:202)
[info] spinal.core.internals.Widthable.getWidth$(Node.scala:181)
[info] spinal.core.BitVector.getWidth(BitVector.scala:37)
[info] spinal.core.internals.Operator$Bits$Cat.calcWidth(Expression.scala:701)
[info] spinal.core.internals.Widthable.getWidth(Node.scala:202)
[info] spinal.core.internals.Widthable.getWidth$(Node.scala:181)
[info] spinal.core.internals.Operator$Bits$Cat.getWidth(Expression.scala:698)
[info] spinal.core.BitVector.$anonfun$calcWidth$1(BitVector.scala:210)
[info] spinal.core.BitVector.$anonfun$calcWidth$1$adapted(BitVector.scala:207)
[info] spinal.core.internals.DoubleLinkedContainer.dlcForeach(Misc.scala:137)
[info] spinal.core.internals.DoubleLinkedContainer.dlcForeach$(Misc.scala:132)
[info] spinal.core.BaseType.dlcForeach(BaseType.scala:55)
[info] spinal.core.internals.StatementDoubleLinkedContainer.foreachStatements(Statement.scala:31)
[info] spinal.core.internals.StatementDoubleLinkedContainer.foreachStatements$(Statement.scala:31)
[info] spinal.core.BaseType.foreachStatements(BaseType.scala:55)
[info] spinal.core.BitVector.calcWidth(BitVector.scala:207)
[info] spinal.core.internals.Widthable.getWidth(Node.scala:202)
[info] spinal.core.internals.Widthable.getWidth$(Node.scala:181)
[info] spinal.core.BitVector.getWidth(BitVector.scala:37)
[info] spinal.core.internals.Operator$Bits$Cat.calcWidth(Expression.scala:701)
[info] spinal.core.internals.Widthable.getWidth(Node.scala:202)
[info] spinal.core.internals.Widthable.getWidth$(Node.scala:181)
[info] spinal.core.internals.Operator$Bits$Cat.getWidth(Expression.scala:698)
[info] spinal.core.BitVector.$anonfun$calcWidth$1(BitVector.scala:210)
[info] spinal.core.BitVector.$anonfun$calcWidth$1$adapted(BitVector.scala:207)
[info] spinal.core.internals.DoubleLinkedContainer.dlcForeach(Misc.scala:137)
[info] spinal.core.internals.DoubleLinkedContainer.dlcForeach$(Misc.scala:132)
[info] spinal.core.BaseType.dlcForeach(BaseType.scala:55)
[info] spinal.core.internals.StatementDoubleLinkedContainer.foreachStatements(Statement.scala:31)
[info] spinal.core.internals.StatementDoubleLinkedContainer.foreachStatements$(Statement.scala:31)
[info] spinal.core.BaseType.foreachStatements(BaseType.scala:55)
[info] spinal.core.BitVector.calcWidth(BitVector.scala:207)
[info] spinal.core.internals.Widthable.getWidth(Node.scala:202)
[info] spinal.core.internals.Widthable.getWidth$(Node.scala:181)
[info] spinal.core.BitVector.getWidth(BitVector.scala:37)
[info] spinal.core.internals.Operator$Bits$Cat.calcWidth(Expression.scala:701)
[info] spinal.core.internals.Widthable.getWidth(Node.scala:202)
[info] spinal.core.internals.Widthable.getWidth$(Node.scala:181)
[info] spinal.core.internals.Operator$Bits$Cat.getWidth(Expression.scala:698)
[info] spinal.core.BitVector.$anonfun$calcWidth$1(BitVector.scala:210)
[info] spinal.core.BitVector.$anonfun$calcWidth$1$adapted(BitVector.scala:207)
[info] spinal.core.internals.DoubleLinkedContainer.dlcForeach(Misc.scala:137)
[info] spinal.core.internals.DoubleLinkedContainer.dlcForeach$(Misc.scala:132)
[info] spinal.core.BaseType.dlcForeach(BaseType.scala:55)
[info] spinal.core.internals.StatementDoubleLinkedContainer.foreachStatements(Statement.scala:31)
[info] spinal.core.internals.StatementDoubleLinkedContainer.foreachStatements$(Statement.scala:31)
[info] spinal.core.BaseType.foreachStatements(BaseType.scala:55)
[info] spinal.core.BitVector.calcWidth(BitVector.scala:207)
[info] spinal.core.internals.Widthable.getWidth(Node.scala:202)
[info] spinal.core.internals.Widthable.getWidth$(Node.scala:181)
[info] spinal.core.BitVector.getWidth(BitVector.scala:37)
[info] spinal.core.internals.Operator$Bits$Cat.calcWidth(Expression.scala:701)
[info] spinal.core.internals.Widthable.getWidth(Node.scala:202)
[info] spinal.core.internals.Widthable.getWidth$(Node.scala:181)
[info] spinal.core.internals.Operator$Bits$Cat.getWidth(Expression.scala:698)
[info] spinal.core.BitVector.$anonfun$calcWidth$1(BitVector.scala:210)
[info] spinal.core.BitVector.$anonfun$calcWidth$1$adapted(BitVector.scala:207)
[info] spinal.core.internals.DoubleLinkedContainer.dlcForeach(Misc.scala:137)
[info] spinal.core.internals.DoubleLinkedContainer.dlcForeach$(Misc.scala:132)
[info] spinal.core.BaseType.dlcForeach(BaseType.scala:55)
[info] spinal.core.internals.StatementDoubleLinkedContainer.foreachStatements(Statement.scala:31)
[info] spinal.core.internals.StatementDoubleLinkedContainer.foreachStatements$(Statement.scala:31)
[info] spinal.core.BaseType.foreachStatements(BaseType.scala:55)
[info] spinal.core.BitVector.calcWidth(BitVector.scala:207)
[info] spinal.core.internals.Widthable.getWidth(Node.scala:202)
[info] spinal.core.internals.Widthable.getWidth$(Node.scala:181)
[info] spinal.core.BitVector.getWidth(BitVector.scala:37)
[info] spinal.core.internals.Operator$Bits$Cat.calcWidth(Expression.scala:701)
[info] spinal.core.internals.Widthable.getWidth(Node.scala:202)
[info] spinal.core.internals.Widthable.getWidth$(Node.scala:181)
[info] spinal.core.internals.Operator$Bits$Cat.getWidth(Expression.scala:698)
[info] spinal.core.BitVector.$anonfun$calcWidth$1(BitVector.scala:210)
[info] spinal.core.BitVector.$anonfun$calcWidth$1$adapted(BitVector.scala:207)
[info] spinal.core.internals.DoubleLinkedContainer.dlcForeach(Misc.scala:137)
[info] spinal.core.internals.DoubleLinkedContainer.dlcForeach$(Misc.scala:132)
[info] spinal.core.BaseType.dlcForeach(BaseType.scala:55)
[info] spinal.core.internals.StatementDoubleLinkedContainer.foreachStatements(Statement.scala:31)
[info] spinal.core.internals.StatementDoubleLinkedContainer.foreachStatements$(Statement.scala:31)
[info] spinal.core.BaseType.foreachStatements(BaseType.scala:55)
[info] spinal.core.BitVector.calcWidth(BitVector.scala:207)
[info] spinal.core.internals.Widthable.getWidth(Node.scala:202)
[info] spinal.core.internals.Widthable.getWidth$(Node.scala:181)
[info] spinal.core.BitVector.getWidth(BitVector.scala:37)
[info] spinal.core.internals.Operator$Bits$Cat.calcWidth(Expression.scala:701)
[info] spinal.core.internals.Widthable.getWidth(Node.scala:202)
[info] spinal.core.internals.Widthable.getWidth$(Node.scala:181)
[info] spinal.core.internals.Operator$Bits$Cat.getWidth(Expression.scala:698)
[info] spinal.core.BitVector.$anonfun$calcWidth$1(BitVector.scala:210)
[info] spinal.core.BitVector.$anonfun$calcWidth$1$adapted(BitVector.scala:207)
[info] spinal.core.internals.DoubleLinkedContainer.dlcForeach(Misc.scala:137)
[info] spinal.core.internals.DoubleLinkedContainer.dlcForeach$(Misc.scala:132)
[info] spinal.core.BaseType.dlcForeach(BaseType.scala:55)
[info] spinal.core.internals.StatementDoubleLinkedContainer.foreachStatements(Statement.scala:31)
[info] spinal.core.internals.StatementDoubleLinkedContainer.foreachStatements$(Statement.scala:31)
[info] spinal.core.BaseType.foreachStatements(BaseType.scala:55)
[info] spinal.core.BitVector.calcWidth(BitVector.scala:207)
[info] spinal.core.internals.Widthable.getWidth(Node.scala:202)
[info] spinal.core.internals.Widthable.getWidth$(Node.scala:181)
[info] spinal.core.BitVector.getWidth(BitVector.scala:37)
[info] spinal.core.internals.Operator$Bits$Cat.calcWidth(Expression.scala:701)
[info] spinal.core.internals.Widthable.getWidth(Node.scala:202)
[info] spinal.core.internals.Widthable.getWidth$(Node.scala:181)
[info] spinal.core.internals.Operator$Bits$Cat.getWidth(Expression.scala:698)
[info] spinal.core.BitVector.$anonfun$calcWidth$1(BitVector.scala:210)
[info] spinal.core.BitVector.$anonfun$calcWidth$1$adapted(BitVector.scala:207)
[info] spinal.core.internals.DoubleLinkedContainer.dlcForeach(Misc.scala:137)
[info] spinal.core.internals.DoubleLinkedContainer.dlcForeach$(Misc.scala:132)
[info] spinal.core.BaseType.dlcForeach(BaseType.scala:55)
[info] spinal.core.internals.StatementDoubleLinkedContainer.foreachStatements(Statement.scala:31)
[info] spinal.core.internals.StatementDoubleLinkedContainer.foreachStatements$(Statement.scala:31)
[info] spinal.core.BaseType.foreachStatements(BaseType.scala:55)
[info] spinal.core.BitVector.calcWidth(BitVector.scala:207)
[info] spinal.core.internals.Widthable.getWidth(Node.scala:202)
[info] spinal.core.internals.Widthable.getWidth$(Node.scala:181)
[info] spinal.core.BitVector.getWidth(BitVector.scala:37)
[info] spinal.core.internals.Operator$Bits$Cat.calcWidth(Expression.scala:701)
[info] spinal.core.internals.Widthable.getWidth(Node.scala:202)
[info] spinal.core.internals.Widthable.getWidth$(Node.scala:181)
[info] spinal.core.internals.Operator$Bits$Cat.getWidth(Expression.scala:698)
[info] spinal.core.BitVector.$anonfun$calcWidth$1(BitVector.scala:210)
[info] spinal.core.BitVector.$anonfun$calcWidth$1$adapted(BitVector.scala:207)
[info] spinal.core.internals.DoubleLinkedContainer.dlcForeach(Misc.scala:137)
[info] spinal.core.internals.DoubleLinkedContainer.dlcForeach$(Misc.scala:132)
[info] spinal.core.BaseType.dlcForeach(BaseType.scala:55)
[info] spinal.core.internals.StatementDoubleLinkedContainer.foreachStatements(Statement.scala:31)
[info] spinal.core.internals.StatementDoubleLinkedContainer.foreachStatements$(Statement.scala:31)
[info] spinal.core.BaseType.foreachStatements(BaseType.scala:55)
[info] spinal.core.BitVector.calcWidth(BitVector.scala:207)
[info] spinal.core.internals.Widthable.getWidth(Node.scala:202)
[info] spinal.core.internals.Widthable.getWidth$(Node.scala:181)
[info] spinal.core.BitVector.getWidth(BitVector.scala:37)
[info] spinal.core.internals.Operator$Bits$Cat.calcWidth(Expression.scala:701)
[info] spinal.core.internals.Widthable.getWidth(Node.scala:202)
[info] spinal.core.internals.Widthable.getWidth$(Node.scala:181)
[info] spinal.core.internals.Operator$Bits$Cat.getWidth(Expression.scala:698)
[info] spinal.core.BitVector.$anonfun$calcWidth$1(BitVector.scala:210)
[info] spinal.core.BitVector.$anonfun$calcWidth$1$adapted(BitVector.scala:207)
[info] spinal.core.internals.DoubleLinkedContainer.dlcForeach(Misc.scala:137)
[info] spinal.core.internals.DoubleLinkedContainer.dlcForeach$(Misc.scala:132)
[info] spinal.core.BaseType.dlcForeach(BaseType.scala:55)
[info] spinal.core.internals.StatementDoubleLinkedContainer.foreachStatements(Statement.scala:31)
[info] spinal.core.internals.StatementDoubleLinkedContainer.foreachStatements$(Statement.scala:31)
[info] spinal.core.BaseType.foreachStatements(BaseType.scala:55)
[info] spinal.core.BitVector.calcWidth(BitVector.scala:207)
[info] spinal.core.internals.Widthable.getWidth(Node.scala:202)
[info] spinal.core.internals.Widthable.getWidth$(Node.scala:181)
[info] spinal.core.BitVector.getWidth(BitVector.scala:37)
[info] spinal.core.internals.Operator$Bits$Cat.calcWidth(Expression.scala:701)
[info] spinal.core.internals.Widthable.getWidth(Node.scala:202)
[info] spinal.core.internals.Widthable.getWidth$(Node.scala:181)
[info] spinal.core.internals.Operator$Bits$Cat.getWidth(Expression.scala:698)
[info] spinal.core.BitVector.$anonfun$calcWidth$1(BitVector.scala:210)
[info] spinal.core.BitVector.$anonfun$calcWidth$1$adapted(BitVector.scala:207)
[info] spinal.core.internals.DoubleLinkedContainer.dlcForeach(Misc.scala:137)
[info] spinal.core.internals.DoubleLinkedContainer.dlcForeach$(Misc.scala:132)
[info] spinal.core.BaseType.dlcForeach(BaseType.scala:55)
[info] spinal.core.internals.StatementDoubleLinkedContainer.foreachStatements(Statement.scala:31)
[info] spinal.core.internals.StatementDoubleLinkedContainer.foreachStatements$(Statement.scala:31)
[info] spinal.core.BaseType.foreachStatements(BaseType.scala:55)
[info] spinal.core.BitVector.calcWidth(BitVector.scala:207)
[info] spinal.core.internals.Widthable.getWidth(Node.scala:202)
[info] spinal.core.internals.Widthable.getWidth$(Node.scala:181)
[info] spinal.core.BitVector.getWidth(BitVector.scala:37)
[info] spinal.core.internals.Operator$Bits$Cat.calcWidth(Expression.scala:701)
[info] spinal.core.internals.Widthable.getWidth(Node.scala:202)
[info] spinal.core.internals.Widthable.getWidth$(Node.scala:181)
[info] spinal.core.internals.Operator$Bits$Cat.getWidth(Expression.scala:698)
[info] spinal.core.BitVector.$anonfun$calcWidth$1(BitVector.scala:210)
[info] spinal.core.BitVector.$anonfun$calcWidth$1$adapted(BitVector.scala:207)
[info] spinal.core.internals.DoubleLinkedContainer.dlcForeach(Misc.scala:137)
[info] spinal.core.internals.DoubleLinkedContainer.dlcForeach$(Misc.scala:132)
[info] spinal.core.BaseType.dlcForeach(BaseType.scala:55)
[info] spinal.core.internals.StatementDoubleLinkedContainer.foreachStatements(Statement.scala:31)
[info] spinal.core.internals.StatementDoubleLinkedContainer.foreachStatements$(Statement.scala:31)
[info] spinal.core.BaseType.foreachStatements(BaseType.scala:55)
[info] spinal.core.BitVector.calcWidth(BitVector.scala:207)
[info] spinal.core.internals.Widthable.getWidth(Node.scala:202)
[info] spinal.core.internals.Widthable.getWidth$(Node.scala:181)
[info] spinal.core.BitVector.getWidth(BitVector.scala:37)
[info] spinal.core.internals.Operator$Bits$Cat.calcWidth(Expression.scala:701)
[info] spinal.core.internals.Widthable.getWidth(Node.scala:202)
[info] spinal.core.internals.Widthable.getWidth$(Node.scala:181)
[info] spinal.core.internals.Operator$Bits$Cat.getWidth(Expression.scala:698)
[info] spinal.core.BitVector.$anonfun$calcWidth$1(BitVector.scala:210)
[info] spinal.core.BitVector.$anonfun$calcWidth$1$adapted(BitVector.scala:207)
[info] spinal.core.internals.DoubleLinkedContainer.dlcForeach(Misc.scala:137)
[info] spinal.core.internals.DoubleLinkedContainer.dlcForeach$(Misc.scala:132)
[info] spinal.core.BaseType.dlcForeach(BaseType.scala:55)
[info] spinal.core.internals.StatementDoubleLinkedContainer.foreachStatements(Statement.scala:31)
[info] spinal.core.internals.StatementDoubleLinkedContainer.foreachStatements$(Statement.scala:31)
[info] spinal.core.BaseType.foreachStatements(BaseType.scala:55)
[info] spinal.core.BitVector.calcWidth(BitVector.scala:207)
[info] spinal.core.internals.Widthable.getWidth(Node.scala:202)
[info] spinal.core.internals.Widthable.getWidth$(Node.scala:181)
[info] spinal.core.BitVector.getWidth(BitVector.scala:37)
[info] spinal.core.internals.Operator$Bits$Cat.calcWidth(Expression.scala:701)
[info] spinal.core.internals.Widthable.getWidth(Node.scala:202)
[info] spinal.core.internals.Widthable.getWidth$(Node.scala:181)
[info] spinal.core.internals.Operator$Bits$Cat.getWidth(Expression.scala:698)
[info] spinal.core.BitVector.$anonfun$calcWidth$1(BitVector.scala:210)
[info] spinal.core.BitVector.$anonfun$calcWidth$1$adapted(BitVector.scala:207)
[info] spinal.core.internals.DoubleLinkedContainer.dlcForeach(Misc.scala:137)
[info] spinal.core.internals.DoubleLinkedContainer.dlcForeach$(Misc.scala:132)
[info] spinal.core.BaseType.dlcForeach(BaseType.scala:55)
[info] spinal.core.internals.StatementDoubleLinkedContainer.foreachStatements(Statement.scala:31)
[info] spinal.core.internals.StatementDoubleLinkedContainer.foreachStatements$(Statement.scala:31)
[info] spinal.core.BaseType.foreachStatements(BaseType.scala:55)
[info] spinal.core.BitVector.calcWidth(BitVector.scala:207)
[info] spinal.core.internals.Widthable.getWidth(Node.scala:202)
[info] spinal.core.internals.Widthable.getWidth$(Node.scala:181)
[info] spinal.core.BitVector.getWidth(BitVector.scala:37)
[info] spinal.core.internals.Operator$Bits$Cat.calcWidth(Expression.scala:701)
[info] spinal.core.internals.Widthable.getWidth(Node.scala:202)
[info] spinal.core.internals.Widthable.getWidth$(Node.scala:181)
[info] spinal.core.internals.Operator$Bits$Cat.getWidth(Expression.scala:698)
[info] spinal.core.BitVector.$anonfun$calcWidth$1(BitVector.scala:210)
[info] spinal.core.BitVector.$anonfun$calcWidth$1$adapted(BitVector.scala:207)
[info] spinal.core.internals.DoubleLinkedContainer.dlcForeach(Misc.scala:137)
[info] spinal.core.internals.DoubleLinkedContainer.dlcForeach$(Misc.scala:132)
[info] spinal.core.BaseType.dlcForeach(BaseType.scala:55)
[info] spinal.core.internals.StatementDoubleLinkedContainer.foreachStatements(Statement.scala:31)
[info] spinal.core.internals.StatementDoubleLinkedContainer.foreachStatements$(Statement.scala:31)
[info] spinal.core.BaseType.foreachStatements(BaseType.scala:55)
[info] spinal.core.BitVector.calcWidth(BitVector.scala:207)
[info] spinal.core.internals.Widthable.getWidth(Node.scala:202)
[info] spinal.core.internals.Widthable.getWidth$(Node.scala:181)
[info] spinal.core.BitVector.getWidth(BitVector.scala:37)
[info] spinal.core.internals.Operator$Bits$Cat.calcWidth(Expression.scala:701)
[info] spinal.core.internals.Widthable.getWidth(Node.scala:202)
[info] spinal.core.internals.Widthable.getWidth$(Node.scala:181)
[info] spinal.core.internals.Operator$Bits$Cat.getWidth(Expression.scala:698)
[info] spinal.core.BitVector.$anonfun$calcWidth$1(BitVector.scala:210)
[info] spinal.core.BitVector.$anonfun$calcWidth$1$adapted(BitVector.scala:207)
[info] spinal.core.internals.DoubleLinkedContainer.dlcForeach(Misc.scala:137)
[info] spinal.core.internals.DoubleLinkedContainer.dlcForeach$(Misc.scala:132)
[info] spinal.core.BaseType.dlcForeach(BaseType.scala:55)
[info] spinal.core.internals.StatementDoubleLinkedContainer.foreachStatements(Statement.scala:31)
[info] spinal.core.internals.StatementDoubleLinkedContainer.foreachStatements$(Statement.scala:31)
[info] spinal.core.BaseType.foreachStatements(BaseType.scala:55)
[info] spinal.core.BitVector.calcWidth(BitVector.scala:207)
[info] spinal.core.internals.Widthable.getWidth(Node.scala:202)
[info] spinal.core.internals.Widthable.getWidth$(Node.scala:181)
[info] spinal.core.BitVector.getWidth(BitVector.scala:37)
[info] spinal.core.internals.Operator$Bits$Cat.calcWidth(Expression.scala:701)
[info] spinal.core.internals.Widthable.getWidth(Node.scala:202)
[info] spinal.core.internals.Widthable.getWidth$(Node.scala:181)
[info] spinal.core.internals.Operator$Bits$Cat.getWidth(Expression.scala:698)
[info] spinal.core.BitVector.$anonfun$calcWidth$1(BitVector.scala:210)
[info] spinal.core.BitVector.$anonfun$calcWidth$1$adapted(BitVector.scala:207)
[info] spinal.core.internals.DoubleLinkedContainer.dlcForeach(Misc.scala:137)
[info] spinal.core.internals.DoubleLinkedContainer.dlcForeach$(Misc.scala:132)
[info] spinal.core.BaseType.dlcForeach(BaseType.scala:55)
[info] spinal.core.internals.StatementDoubleLinkedContainer.foreachStatements(Statement.scala:31)
[info] spinal.core.internals.StatementDoubleLinkedContainer.foreachStatements$(Statement.scala:31)
[info] spinal.core.BaseType.foreachStatements(BaseType.scala:55)
[info] spinal.core.BitVector.calcWidth(BitVector.scala:207)
[info] spinal.core.internals.Widthable.getWidth(Node.scala:202)
[info] spinal.core.internals.Widthable.getWidth$(Node.scala:181)
[info] spinal.core.BitVector.getWidth(BitVector.scala:37)
[info] spinal.core.internals.Operator$Bits$Cat.calcWidth(Expression.scala:701)
[info] spinal.core.internals.Widthable.getWidth(Node.scala:202)
[info] spinal.core.internals.Widthable.getWidth$(Node.scala:181)
[info] spinal.core.internals.Operator$Bits$Cat.getWidth(Expression.scala:698)
[info] spinal.core.BitVector.$anonfun$calcWidth$1(BitVector.scala:210)
[info] spinal.core.BitVector.$anonfun$calcWidth$1$adapted(BitVector.scala:207)
[info] spinal.core.internals.DoubleLinkedContainer.dlcForeach(Misc.scala:137)
[info] spinal.core.internals.DoubleLinkedContainer.dlcForeach$(Misc.scala:132)
[info] spinal.core.BaseType.dlcForeach(BaseType.scala:55)
[info] spinal.core.internals.StatementDoubleLinkedContainer.foreachStatements(Statement.scala:31)
[info] spinal.core.internals.StatementDoubleLinkedContainer.foreachStatements$(Statement.scala:31)
[info] spinal.core.BaseType.foreachStatements(BaseType.scala:55)
[info] spinal.core.BitVector.calcWidth(BitVector.scala:207)
[info] spinal.core.internals.Widthable.getWidth(Node.scala:202)
[info] spinal.core.internals.Widthable.getWidth$(Node.scala:181)
[info] spinal.core.BitVector.getWidth(BitVector.scala:37)
[info] spinal.core.internals.Operator$Bits$Cat.calcWidth(Expression.scala:701)
[info] spinal.core.internals.Widthable.getWidth(Node.scala:202)
[info] spinal.core.internals.Widthable.getWidth$(Node.scala:181)
[info] spinal.core.internals.Operator$Bits$Cat.getWidth(Expression.scala:698)
[info] spinal.core.BitVector.$anonfun$calcWidth$1(BitVector.scala:210)
[info] spinal.core.BitVector.$anonfun$calcWidth$1$adapted(BitVector.scala:207)
[info] spinal.core.internals.DoubleLinkedContainer.dlcForeach(Misc.scala:137)
[info] spinal.core.internals.DoubleLinkedContainer.dlcForeach$(Misc.scala:132)
[info] spinal.core.BaseType.dlcForeach(BaseType.scala:55)
[info] spinal.core.internals.StatementDoubleLinkedContainer.foreachStatements(Statement.scala:31)
[info] spinal.core.internals.StatementDoubleLinkedContainer.foreachStatements$(Statement.scala:31)
[info] spinal.core.BaseType.foreachStatements(BaseType.scala:55)
[info] spinal.core.BitVector.calcWidth(BitVector.scala:207)
[info] spinal.core.internals.Widthable.getWidth(Node.scala:202)
[info] spinal.core.internals.Widthable.getWidth$(Node.scala:181)
[info] spinal.core.BitVector.getWidth(BitVector.scala:37)
[info] spinal.core.internals.Operator$Bits$Cat.calcWidth(Expression.scala:701)
[info] spinal.core.internals.Widthable.getWidth(Node.scala:202)
[info] spinal.core.internals.Widthable.getWidth$(Node.scala:181)
[info] spinal.core.internals.Operator$Bits$Cat.getWidth(Expression.scala:698)
[info] spinal.core.BitVector.$anonfun$calcWidth$1(BitVector.scala:210)
[info] spinal.core.BitVector.$anonfun$calcWidth$1$adapted(BitVector.scala:207)
[info] spinal.core.internals.DoubleLinkedContainer.dlcForeach(Misc.scala:137)
[info] spinal.core.internals.DoubleLinkedContainer.dlcForeach$(Misc.scala:132)
[info] spinal.core.BaseType.dlcForeach(BaseType.scala:55)
[info] spinal.core.internals.StatementDoubleLinkedContainer.foreachStatements(Statement.scala:31)
[info] spinal.core.internals.StatementDoubleLinkedContainer.foreachStatements$(Statement.scala:31)
[info] spinal.core.BaseType.foreachStatements(BaseType.scala:55)
[info] spinal.core.BitVector.calcWidth(BitVector.scala:207)
[info] spinal.core.internals.Widthable.getWidth(Node.scala:202)
[info] spinal.core.internals.Widthable.getWidth$(Node.scala:181)
[info] spinal.core.BitVector.getWidth(BitVector.scala:37)
[info] spinal.core.internals.Operator$Bits$Cat.calcWidth(Expression.scala:701)
[info] spinal.core.internals.Widthable.getWidth(Node.scala:202)
[info] spinal.core.internals.Widthable.getWidth$(Node.scala:181)
[info] spinal.core.internals.Operator$Bits$Cat.getWidth(Expression.scala:698)
[info] spinal.core.BitVector.$anonfun$calcWidth$1(BitVector.scala:210)
[info] spinal.core.BitVector.$anonfun$calcWidth$1$adapted(BitVector.scala:207)
[info] spinal.core.internals.DoubleLinkedContainer.dlcForeach(Misc.scala:137)
[info] spinal.core.internals.DoubleLinkedContainer.dlcForeach$(Misc.scala:132)
[info] spinal.core.BaseType.dlcForeach(BaseType.scala:55)
[info] spinal.core.internals.StatementDoubleLinkedContainer.foreachStatements(Statement.scala:31)
[info] spinal.core.internals.StatementDoubleLinkedContainer.foreachStatements$(Statement.scala:31)
[info] spinal.core.BaseType.foreachStatements(BaseType.scala:55)
[info] spinal.core.BitVector.calcWidth(BitVector.scala:207)
[info] spinal.core.internals.Widthable.getWidth(Node.scala:202)
[info] spinal.core.internals.Widthable.getWidth$(Node.scala:181)
[info] spinal.core.BitVector.getWidth(BitVector.scala:37)
[info] spinal.core.internals.Operator$Bits$Cat.calcWidth(Expression.scala:701)
[info] spinal.core.internals.Widthable.getWidth(Node.scala:202)
[info] spinal.core.internals.Widthable.getWidth$(Node.scala:181)
[info] spinal.core.internals.Operator$Bits$Cat.getWidth(Expression.scala:698)
[info] spinal.core.BitVector.$anonfun$calcWidth$1(BitVector.scala:210)
[info] spinal.core.BitVector.$anonfun$calcWidth$1$adapted(BitVector.scala:207)
[info] spinal.core.internals.DoubleLinkedContainer.dlcForeach(Misc.scala:137)
[info] spinal.core.internals.DoubleLinkedContainer.dlcForeach$(Misc.scala:132)
[info] spinal.core.BaseType.dlcForeach(BaseType.scala:55)
[info] spinal.core.internals.StatementDoubleLinkedContainer.foreachStatements(Statement.scala:31)
[info] spinal.core.internals.StatementDoubleLinkedContainer.foreachStatements$(Statement.scala:31)
[info] spinal.core.BaseType.foreachStatements(BaseType.scala:55)
[info] spinal.core.BitVector.calcWidth(BitVector.scala:207)
[info] spinal.core.internals.Widthable.getWidth(Node.scala:202)
[info] spinal.core.internals.Widthable.getWidth$(Node.scala:181)
[info] spinal.core.BitVector.getWidth(BitVector.scala:37)
[info] spinal.core.internals.Operator$Bits$Cat.calcWidth(Expression.scala:701)
[info] spinal.core.internals.Widthable.getWidth(Node.scala:202)
[info] spinal.core.internals.Widthable.getWidth$(Node.scala:181)
[info] spinal.core.internals.Operator$Bits$Cat.getWidth(Expression.scala:698)
[info] spinal.core.BitVector.$anonfun$calcWidth$1(BitVector.scala:210)
[info] spinal.core.BitVector.$anonfun$calcWidth$1$adapted(BitVector.scala:207)
[info] spinal.core.internals.DoubleLinkedContainer.dlcForeach(Misc.scala:137)
[info] spinal.core.internals.DoubleLinkedContainer.dlcForeach$(Misc.scala:132)
[info] spinal.core.BaseType.dlcForeach(BaseType.scala:55)
[info] spinal.core.internals.StatementDoubleLinkedContainer.foreachStatements(Statement.scala:31)
[info] spinal.core.internals.StatementDoubleLinkedContainer.foreachStatements$(Statement.scala:31)
[info] spinal.core.BaseType.foreachStatements(BaseType.scala:55)
[info] spinal.core.BitVector.calcWidth(BitVector.scala:207)
[info] spinal.core.internals.Widthable.getWidth(Node.scala:202)
[info] spinal.core.internals.Widthable.getWidth$(Node.scala:181)
[info] spinal.core.BitVector.getWidth(BitVector.scala:37)
[info] spinal.core.internals.Operator$Bits$Cat.calcWidth(Expression.scala:701)
[info] spinal.core.internals.Widthable.getWidth(Node.scala:202)
[info] spinal.core.internals.Widthable.getWidth$(Node.scala:181)
[info] spinal.core.internals.Operator$Bits$Cat.getWidth(Expression.scala:698)
[info] spinal.core.BitVector.$anonfun$calcWidth$1(BitVector.scala:210)
[info] spinal.core.BitVector.$anonfun$calcWidth$1$adapted(BitVector.scala:207)
[info] spinal.core.internals.DoubleLinkedContainer.dlcForeach(Misc.scala:137)
[info] spinal.core.internals.DoubleLinkedContainer.dlcForeach$(Misc.scala:132)
[info] spinal.core.BaseType.dlcForeach(BaseType.scala:55)
[info] spinal.core.internals.StatementDoubleLinkedContainer.foreachStatements(Statement.scala:31)
[info] spinal.core.internals.StatementDoubleLinkedContainer.foreachStatements$(Statement.scala:31)
[info] spinal.core.BaseType.foreachStatements(BaseType.scala:55)
[info] spinal.core.BitVector.calcWidth(BitVector.scala:207)
[info] spinal.core.internals.Widthable.getWidth(Node.scala:202)
[info] spinal.core.internals.Widthable.getWidth$(Node.scala:181)
[info] spinal.core.BitVector.getWidth(BitVector.scala:37)
[info] spinal.core.internals.Operator$Bits$Cat.calcWidth(Expression.scala:701)
[info] spinal.core.internals.Widthable.getWidth(Node.scala:202)
[info] spinal.core.internals.Widthable.getWidth$(Node.scala:181)
[info] spinal.core.internals.Operator$Bits$Cat.getWidth(Expression.scala:698)
[info] spinal.core.BitVector.$anonfun$calcWidth$1(BitVector.scala:210)
[info] spinal.core.BitVector.$anonfun$calcWidth$1$adapted(BitVector.scala:207)
[info] spinal.core.internals.DoubleLinkedContainer.dlcForeach(Misc.scala:137)
[info] spinal.core.internals.DoubleLinkedContainer.dlcForeach$(Misc.scala:132)
[info] spinal.core.BaseType.dlcForeach(BaseType.scala:55)
[info] spinal.core.internals.StatementDoubleLinkedContainer.foreachStatements(Statement.scala:31)
[info] spinal.core.internals.StatementDoubleLinkedContainer.foreachStatements$(Statement.scala:31)
[info] spinal.core.BaseType.foreachStatements(BaseType.scala:55)
[info] spinal.core.BitVector.calcWidth(BitVector.scala:207)
[info] spinal.core.internals.Widthable.getWidth(Node.scala:202)
[info] spinal.core.internals.Widthable.getWidth$(Node.scala:181)
[info] spinal.core.BitVector.getWidth(BitVector.scala:37)
[info] spinal.core.internals.Operator$Bits$Cat.calcWidth(Expression.scala:701)
[info] spinal.core.internals.Widthable.getWidth(Node.scala:202)
[info] spinal.core.internals.Widthable.getWidth$(Node.scala:181)
[info] spinal.core.internals.Operator$Bits$Cat.getWidth(Expression.scala:698)
[info] spinal.core.BitVector.$anonfun$calcWidth$1(BitVector.scala:210)
[info] spinal.core.BitVector.$anonfun$calcWidth$1$adapted(BitVector.scala:207)
[info] spinal.core.internals.DoubleLinkedContainer.dlcForeach(Misc.scala:137)
[info] spinal.core.internals.DoubleLinkedContainer.dlcForeach$(Misc.scala:132)
[info] spinal.core.BaseType.dlcForeach(BaseType.scala:55)
[info] spinal.core.internals.StatementDoubleLinkedContainer.foreachStatements(Statement.scala:31)
[info] spinal.core.internals.StatementDoubleLinkedContainer.foreachStatements$(Statement.scala:31)
[info] spinal.core.BaseType.foreachStatements(BaseType.scala:55)
[info] spinal.core.BitVector.calcWidth(BitVector.scala:207)
[info] spinal.core.internals.Widthable.getWidth(Node.scala:202)
[info] spinal.core.internals.Widthable.getWidth$(Node.scala:181)
[info] spinal.core.BitVector.getWidth(BitVector.scala:37)
[info] spinal.core.internals.Operator$Bits$Cat.calcWidth(Expression.scala:701)
[info] spinal.core.internals.Widthable.getWidth(Node.scala:202)
[info] spinal.core.internals.Widthable.getWidth$(Node.scala:181)
[info] spinal.core.internals.Operator$Bits$Cat.getWidth(Expression.scala:698)
[info] spinal.core.BitVector.$anonfun$calcWidth$1(BitVector.scala:210)
[info] spinal.core.BitVector.$anonfun$calcWidth$1$adapted(BitVector.scala:207)
[info] spinal.core.internals.DoubleLinkedContainer.dlcForeach(Misc.scala:137)
[info] spinal.core.internals.DoubleLinkedContainer.dlcForeach$(Misc.scala:132)
[info] spinal.core.BaseType.dlcForeach(BaseType.scala:55)
[info] spinal.core.internals.StatementDoubleLinkedContainer.foreachStatements(Statement.scala:31)
[info] spinal.core.internals.StatementDoubleLinkedContainer.foreachStatements$(Statement.scala:31)
[info] spinal.core.BaseType.foreachStatements(BaseType.scala:55)
[info] spinal.core.BitVector.calcWidth(BitVector.scala:207)
[info] spinal.core.internals.Widthable.getWidth(Node.scala:202)
[info] spinal.core.internals.Widthable.getWidth$(Node.scala:181)
[info] spinal.core.BitVector.getWidth(BitVector.scala:37)
[info] spinal.core.internals.Operator$Bits$Cat.calcWidth(Expression.scala:701)
[info] spinal.core.internals.Widthable.getWidth(Node.scala:202)
[info] spinal.core.internals.Widthable.getWidth$(Node.scala:181)
[info] spinal.core.internals.Operator$Bits$Cat.getWidth(Expression.scala:698)
[info] spinal.core.BitVector.$anonfun$calcWidth$1(BitVector.scala:210)
[info] spinal.core.BitVector.$anonfun$calcWidth$1$adapted(BitVector.scala:207)
[info] spinal.core.internals.DoubleLinkedContainer.dlcForeach(Misc.scala:137)
[info] spinal.core.internals.DoubleLinkedContainer.dlcForeach$(Misc.scala:132)
[info] spinal.core.BaseType.dlcForeach(BaseType.scala:55)
[info] spinal.core.internals.StatementDoubleLinkedContainer.foreachStatements(Statement.scala:31)
[info] spinal.core.internals.StatementDoubleLinkedContainer.foreachStatements$(Statement.scala:31)
[info] spinal.core.BaseType.foreachStatements(BaseType.scala:55)
[info] spinal.core.BitVector.calcWidth(BitVector.scala:207)
[info] spinal.core.internals.Widthable.getWidth(Node.scala:202)
[info] spinal.core.internals.Widthable.getWidth$(Node.scala:181)
[info] spinal.core.BitVector.getWidth(BitVector.scala:37)
[info] spinal.core.internals.Operator$Bits$Cat.calcWidth(Expression.scala:701)
[info] spinal.core.internals.Widthable.getWidth(Node.scala:202)
[info] spinal.core.internals.Widthable.getWidth$(Node.scala:181)
[info] spinal.core.internals.Operator$Bits$Cat.getWidth(Expression.scala:698)
[info] spinal.core.BitVector.$anonfun$calcWidth$1(BitVector.scala:210)
[info] spinal.core.BitVector.$anonfun$calcWidth$1$adapted(BitVector.scala:207)
[info] spinal.core.internals.DoubleLinkedContainer.dlcForeach(Misc.scala:137)
[info] spinal.core.internals.DoubleLinkedContainer.dlcForeach$(Misc.scala:132)
[info] spinal.core.BaseType.dlcForeach(BaseType.scala:55)
[info] spinal.core.internals.StatementDoubleLinkedContainer.foreachStatements(Statement.scala:31)
[info] spinal.core.internals.StatementDoubleLinkedContainer.foreachStatements$(Statement.scala:31)
[info] spinal.core.BaseType.foreachStatements(BaseType.scala:55)
[info] spinal.core.BitVector.calcWidth(BitVector.scala:207)
[info] spinal.core.internals.Widthable.getWidth(Node.scala:202)
[info] spinal.core.internals.Widthable.getWidth$(Node.scala:181)
[info] spinal.core.BitVector.getWidth(BitVector.scala:37)
[info] spinal.core.internals.Operator$Bits$Cat.calcWidth(Expression.scala:701)
[info] spinal.core.internals.Widthable.getWidth(Node.scala:202)
[info] spinal.core.internals.Widthable.getWidth$(Node.scala:181)
[info] spinal.core.internals.Operator$Bits$Cat.getWidth(Expression.scala:698)
[info] spinal.core.BitVector.$anonfun$calcWidth$1(BitVector.scala:210)
[info] spinal.core.BitVector.$anonfun$calcWidth$1$adapted(BitVector.scala:207)
[info] spinal.core.internals.DoubleLinkedContainer.dlcForeach(Misc.scala:137)
[info] spinal.core.internals.DoubleLinkedContainer.dlcForeach$(Misc.scala:132)
[info] spinal.core.BaseType.dlcForeach(BaseType.scala:55)
[info] spinal.core.internals.StatementDoubleLinkedContainer.foreachStatements(Statement.scala:31)
[info] spinal.core.internals.StatementDoubleLinkedContainer.foreachStatements$(Statement.scala:31)
[info] spinal.core.BaseType.foreachStatements(BaseType.scala:55)
[info] spinal.core.BitVector.calcWidth(BitVector.scala:207)
[info] spinal.core.internals.Widthable.getWidth(Node.scala:202)
[info] spinal.core.internals.Widthable.getWidth$(Node.scala:181)
[info] spinal.core.BitVector.getWidth(BitVector.scala:37)
[info] spinal.core.internals.Operator$Bits$Cat.calcWidth(Expression.scala:701)
[info] spinal.core.internals.Widthable.getWidth(Node.scala:202)
[info] spinal.core.internals.Widthable.getWidth$(Node.scala:181)
[info] spinal.core.internals.Operator$Bits$Cat.getWidth(Expression.scala:698)
[info] spinal.core.BitVector.$anonfun$calcWidth$1(BitVector.scala:210)
[info] spinal.core.BitVector.$anonfun$calcWidth$1$adapted(BitVector.scala:207)
[info] spinal.core.internals.DoubleLinkedContainer.dlcForeach(Misc.scala:137)
[info] spinal.core.internals.DoubleLinkedContainer.dlcForeach$(Misc.scala:132)
[info] spinal.core.BaseType.dlcForeach(BaseType.scala:55)
[info] spinal.core.internals.StatementDoubleLinkedContainer.foreachStatements(Statement.scala:31)
[info] spinal.core.internals.StatementDoubleLinkedContainer.foreachStatements$(Statement.scala:31)
[info] spinal.core.BaseType.foreachStatements(BaseType.scala:55)
[info] spinal.core.BitVector.calcWidth(BitVector.scala:207)
[info] spinal.core.internals.Widthable.getWidth(Node.scala:202)
[info] spinal.core.internals.Widthable.getWidth$(Node.scala:181)
[info] spinal.core.BitVector.getWidth(BitVector.scala:37)
[info] spinal.core.internals.Operator$Bits$Cat.calcWidth(Expression.scala:701)
[info] spinal.core.internals.Widthable.getWidth(Node.scala:202)
[info] spinal.core.internals.Widthable.getWidth$(Node.scala:181)
[info] spinal.core.internals.Operator$Bits$Cat.getWidth(Expression.scala:698)
[info] spinal.core.BitVector.$anonfun$calcWidth$1(BitVector.scala:210)
[info] spinal.core.BitVector.$anonfun$calcWidth$1$adapted(BitVector.scala:207)
[info] spinal.core.internals.DoubleLinkedContainer.dlcForeach(Misc.scala:137)
[info] spinal.core.internals.DoubleLinkedContainer.dlcForeach$(Misc.scala:132)
[info] spinal.core.BaseType.dlcForeach(BaseType.scala:55)
[info] spinal.core.internals.StatementDoubleLinkedContainer.foreachStatements(Statement.scala:31)
[info] spinal.core.internals.StatementDoubleLinkedContainer.foreachStatements$(Statement.scala:31)
[info] spinal.core.BaseType.foreachStatements(BaseType.scala:55)
[info] spinal.core.BitVector.calcWidth(BitVector.scala:207)
[info] spinal.core.internals.Widthable.getWidth(Node.scala:202)
[info] spinal.core.internals.Widthable.getWidth$(Node.scala:181)
[info] spinal.core.BitVector.getWidth(BitVector.scala:37)
[info] spinal.core.internals.Operator$Bits$Cat.calcWidth(Expression.scala:701)
[info] spinal.core.internals.Widthable.getWidth(Node.scala:202)
[info] spinal.core.internals.Widthable.getWidth$(Node.scala:181)
[info] spinal.core.internals.Operator$Bits$Cat.getWidth(Expression.scala:698)
[info] spinal.core.BitVector.$anonfun$calcWidth$1(BitVector.scala:210)
[info] spinal.core.BitVector.$anonfun$calcWidth$1$adapted(BitVector.scala:207)
[info] spinal.core.internals.DoubleLinkedContainer.dlcForeach(Misc.scala:137)
[info] spinal.core.internals.DoubleLinkedContainer.dlcForeach$(Misc.scala:132)
[info] spinal.core.BaseType.dlcForeach(BaseType.scala:55)
[info] spinal.core.internals.StatementDoubleLinkedContainer.foreachStatements(Statement.scala:31)
[info] spinal.core.internals.StatementDoubleLinkedContainer.foreachStatements$(Statement.scala:31)
[info] spinal.core.BaseType.foreachStatements(BaseType.scala:55)
[info] spinal.core.BitVector.calcWidth(BitVector.scala:207)
[info] spinal.core.internals.Widthable.getWidth(Node.scala:202)
[info] spinal.core.internals.Widthable.getWidth$(Node.scala:181)
[info] spinal.core.BitVector.getWidth(BitVector.scala:37)
[info] spinal.core.internals.Operator$Bits$Cat.calcWidth(Expression.scala:701)
[info] spinal.core.internals.Widthable.getWidth(Node.scala:202)
[info] spinal.core.internals.Widthable.getWidth$(Node.scala:181)
[info] spinal.core.internals.Operator$Bits$Cat.getWidth(Expression.scala:698)
[info] spinal.core.BitVector.$anonfun$calcWidth$1(BitVector.scala:210)
[info] spinal.core.BitVector.$anonfun$calcWidth$1$adapted(BitVector.scala:207)
[info] spinal.core.internals.DoubleLinkedContainer.dlcForeach(Misc.scala:137)
[info] spinal.core.internals.DoubleLinkedContainer.dlcForeach$(Misc.scala:132)
[info] spinal.core.BaseType.dlcForeach(BaseType.scala:55)
[info] spinal.core.internals.StatementDoubleLinkedContainer.foreachStatements(Statement.scala:31)
[info] spinal.core.internals.StatementDoubleLinkedContainer.foreachStatements$(Statement.scala:31)
[info] spinal.core.BaseType.foreachStatements(BaseType.scala:55)
[info] spinal.core.BitVector.calcWidth(BitVector.scala:207)
[info] spinal.core.internals.Widthable.getWidth(Node.scala:202)
[info] spinal.core.internals.Widthable.getWidth$(Node.scala:181)
[info] spinal.core.BitVector.getWidth(BitVector.scala:37)
[info] spinal.core.internals.Operator$Bits$Cat.calcWidth(Expression.scala:701)
[info] spinal.core.internals.Widthable.getWidth(Node.scala:202)
[info] spinal.core.internals.Widthable.getWidth$(Node.scala:181)
[info] spinal.core.internals.Operator$Bits$Cat.getWidth(Expression.scala:698)
[info] spinal.core.BitVector.$anonfun$calcWidth$1(BitVector.scala:210)
[info] spinal.core.BitVector.$anonfun$calcWidth$1$adapted(BitVector.scala:207)
[info] spinal.core.internals.DoubleLinkedContainer.dlcForeach(Misc.scala:137)
[info] spinal.core.internals.DoubleLinkedContainer.dlcForeach$(Misc.scala:132)
[info] spinal.core.BaseType.dlcForeach(BaseType.scala:55)
[info] spinal.core.internals.StatementDoubleLinkedContainer.foreachStatements(Statement.scala:31)
[info] spinal.core.internals.StatementDoubleLinkedContainer.foreachStatements$(Statement.scala:31)
[info] spinal.core.BaseType.foreachStatements(BaseType.scala:55)
[info] spinal.core.BitVector.calcWidth(BitVector.scala:207)
[info] spinal.core.internals.Widthable.getWidth(Node.scala:202)
[info] spinal.core.internals.Widthable.getWidth$(Node.scala:181)
[info] spinal.core.BitVector.getWidth(BitVector.scala:37)
[info] spinal.core.internals.Operator$Bits$Cat.calcWidth(Expression.scala:701)
[info] spinal.core.internals.Widthable.getWidth(Node.scala:202)
[info] spinal.core.internals.Widthable.getWidth$(Node.scala:181)
[info] spinal.core.internals.Operator$Bits$Cat.getWidth(Expression.scala:698)
[info] spinal.core.BitVector.$anonfun$calcWidth$1(BitVector.scala:210)
[info] spinal.core.BitVector.$anonfun$calcWidth$1$adapted(BitVector.scala:207)
[info] spinal.core.internals.DoubleLinkedContainer.dlcForeach(Misc.scala:137)
[info] spinal.core.internals.DoubleLinkedContainer.dlcForeach$(Misc.scala:132)
[info] spinal.core.BaseType.dlcForeach(BaseType.scala:55)
[info] spinal.core.internals.StatementDoubleLinkedContainer.foreachStatements(Statement.scala:31)
[info] spinal.core.internals.StatementDoubleLinkedContainer.foreachStatements$(Statement.scala:31)
[info] spinal.core.BaseType.foreachStatements(BaseType.scala:55)
[info] spinal.core.BitVector.calcWidth(BitVector.scala:207)
[info] spinal.core.internals.Widthable.getWidth(Node.scala:202)
[info] spinal.core.internals.Widthable.getWidth$(Node.scala:181)
[info] spinal.core.BitVector.getWidth(BitVector.scala:37)
[info] spinal.core.internals.Operator$Bits$Cat.calcWidth(Expression.scala:701)
[info] spinal.core.internals.Widthable.getWidth(Node.scala:202)
[info] spinal.core.internals.Widthable.getWidth$(Node.scala:181)
[info] spinal.core.internals.Operator$Bits$Cat.getWidth(Expression.scala:698)
[info] spinal.core.BitVector.$anonfun$calcWidth$1(BitVector.scala:210)
[info] spinal.core.BitVector.$anonfun$calcWidth$1$adapted(BitVector.scala:207)
[info] spinal.core.internals.DoubleLinkedContainer.dlcForeach(Misc.scala:137)
[info] spinal.core.internals.DoubleLinkedContainer.dlcForeach$(Misc.scala:132)
[info] spinal.core.BaseType.dlcForeach(BaseType.scala:55)
[info] spinal.core.internals.StatementDoubleLinkedContainer.foreachStatements(Statement.scala:31)
[info] spinal.core.internals.StatementDoubleLinkedContainer.foreachStatements$(Statement.scala:31)
[info] spinal.core.BaseType.foreachStatements(BaseType.scala:55)
[info] spinal.core.BitVector.calcWidth(BitVector.scala:207)
[info] spinal.core.internals.Widthable.getWidth(Node.scala:202)
[info] spinal.core.internals.Widthable.getWidth$(Node.scala:181)
[info] spinal.core.BitVector.getWidth(BitVector.scala:37)
[info] spinal.core.internals.Operator$Bits$Cat.calcWidth(Expression.scala:701)
[info] spinal.core.internals.Widthable.getWidth(Node.scala:202)
[info] spinal.core.internals.Widthable.getWidth$(Node.scala:181)
[info] spinal.core.internals.Operator$Bits$Cat.getWidth(Expression.scala:698)
[info] spinal.core.BitVector.$anonfun$calcWidth$1(BitVector.scala:210)
[info] spinal.core.BitVector.$anonfun$calcWidth$1$adapted(BitVector.scala:207)
[info] spinal.core.internals.DoubleLinkedContainer.dlcForeach(Misc.scala:137)
[info] spinal.core.internals.DoubleLinkedContainer.dlcForeach$(Misc.scala:132)
[info] spinal.core.BaseType.dlcForeach(BaseType.scala:55)
[info] spinal.core.internals.StatementDoubleLinkedContainer.foreachStatements(Statement.scala:31)
[info] spinal.core.internals.StatementDoubleLinkedContainer.foreachStatements$(Statement.scala:31)
[info] spinal.core.BaseType.foreachStatements(BaseType.scala:55)
[info] spinal.core.BitVector.calcWidth(BitVector.scala:207)
[info] spinal.core.internals.Widthable.getWidth(Node.scala:202)
[info] spinal.core.internals.Widthable.getWidth$(Node.scala:181)
[info] spinal.core.BitVector.getWidth(BitVector.scala:37)
[info] spinal.core.internals.Operator$Bits$Cat.calcWidth(Expression.scala:701)
[info] spinal.core.internals.Widthable.getWidth(Node.scala:202)
[info] spinal.core.internals.Widthable.getWidth$(Node.scala:181)
[info] spinal.core.internals.Operator$Bits$Cat.getWidth(Expression.scala:698)
[info] spinal.core.BitVector.$anonfun$calcWidth$1(BitVector.scala:210)
[info] spinal.core.BitVector.$anonfun$calcWidth$1$adapted(BitVector.scala:207)
[info] spinal.core.internals.DoubleLinkedContainer.dlcForeach(Misc.scala:137)
[info] spinal.core.internals.DoubleLinkedContainer.dlcForeach$(Misc.scala:132)
[info] spinal.core.BaseType.dlcForeach(BaseType.scala:55)
[info] spinal.core.internals.StatementDoubleLinkedContainer.foreachStatements(Statement.scala:31)
[info] spinal.core.internals.StatementDoubleLinkedContainer.foreachStatements$(Statement.scala:31)
[info] spinal.core.BaseType.foreachStatements(BaseType.scala:55)
[info] spinal.core.BitVector.calcWidth(BitVector.scala:207)
[info] spinal.core.internals.Widthable.getWidth(Node.scala:202)
[info] spinal.core.internals.Widthable.getWidth$(Node.scala:181)
[info] spinal.core.BitVector.getWidth(BitVector.scala:37)
[info] spinal.core.internals.Operator$Bits$Cat.calcWidth(Expression.scala:701)
[info] spinal.core.internals.Widthable.getWidth(Node.scala:202)
[info] spinal.core.internals.Widthable.getWidth$(Node.scala:181)
[info] spinal.core.internals.Operator$Bits$Cat.getWidth(Expression.scala:698)
[info] spinal.core.BitVector.$anonfun$calcWidth$1(BitVector.scala:210)
[info] spinal.core.BitVector.$anonfun$calcWidth$1$adapted(BitVector.scala:207)
[info] spinal.core.internals.DoubleLinkedContainer.dlcForeach(Misc.scala:137)
[info] spinal.core.internals.DoubleLinkedContainer.dlcForeach$(Misc.scala:132)
[info] spinal.core.BaseType.dlcForeach(BaseType.scala:55)
[info] spinal.core.internals.StatementDoubleLinkedContainer.foreachStatements(Statement.scala:31)
[info] spinal.core.internals.StatementDoubleLinkedContainer.foreachStatements$(Statement.scala:31)
[info] spinal.core.BaseType.foreachStatements(BaseType.scala:55)
[info] spinal.core.BitVector.calcWidth(BitVector.scala:207)
[info] spinal.core.internals.Widthable.getWidth(Node.scala:202)
[info] spinal.core.internals.Widthable.getWidth$(Node.scala:181)
[info] spinal.core.BitVector.getWidth(BitVector.scala:37)
[info] spinal.core.internals.Operator$Bits$Cat.calcWidth(Expression.scala:701)
[info] spinal.core.internals.Widthable.getWidth(Node.scala:202)
[info] spinal.core.internals.Widthable.getWidth$(Node.scala:181)
[info] spinal.core.internals.Operator$Bits$Cat.getWidth(Expression.scala:698)
[info] spinal.core.BitVector.$anonfun$calcWidth$1(BitVector.scala:210)
[info] spinal.core.BitVector.$anonfun$calcWidth$1$adapted(BitVector.scala:207)
[info] spinal.core.internals.DoubleLinkedContainer.dlcForeach(Misc.scala:137)
[info] spinal.core.internals.DoubleLinkedContainer.dlcForeach$(Misc.scala:132)
[info] spinal.core.BaseType.dlcForeach(BaseType.scala:55)
[info] spinal.core.internals.StatementDoubleLinkedContainer.foreachStatements(Statement.scala:31)
[info] spinal.core.internals.StatementDoubleLinkedContainer.foreachStatements$(Statement.scala:31)
[info] spinal.core.BaseType.foreachStatements(BaseType.scala:55)
[info] spinal.core.BitVector.calcWidth(BitVector.scala:207)
[info] spinal.core.internals.Widthable.getWidth(Node.scala:202)
[info] spinal.core.internals.Widthable.getWidth$(Node.scala:181)
[info] spinal.core.BitVector.getWidth(BitVector.scala:37)
[info] spinal.core.internals.Operator$Bits$Cat.calcWidth(Expression.scala:701)
[info] spinal.core.internals.Widthable.getWidth(Node.scala:202)
[info] spinal.core.internals.Widthable.getWidth$(Node.scala:181)
[info] spinal.core.internals.Operator$Bits$Cat.getWidth(Expression.scala:698)
[info] spinal.core.BitVector.$anonfun$calcWidth$1(BitVector.scala:210)
[info] spinal.core.BitVector.$anonfun$calcWidth$1$adapted(BitVector.scala:207)
[info] spinal.core.internals.DoubleLinkedContainer.dlcForeach(Misc.scala:137)
[info] spinal.core.internals.DoubleLinkedContainer.dlcForeach$(Misc.scala:132)
[info] spinal.core.BaseType.dlcForeach(BaseType.scala:55)
[info] spinal.core.internals.StatementDoubleLinkedContainer.foreachStatements(Statement.scala:31)
[info] spinal.core.internals.StatementDoubleLinkedContainer.foreachStatements$(Statement.scala:31)
[info] spinal.core.BaseType.foreachStatements(BaseType.scala:55)
[info] spinal.core.BitVector.calcWidth(BitVector.scala:207)
[info] spinal.core.internals.Widthable.getWidth(Node.scala:202)
[info] spinal.core.internals.Widthable.getWidth$(Node.scala:181)
[info] spinal.core.BitVector.getWidth(BitVector.scala:37)
[info] spinal.core.internals.Operator$Bits$Cat.calcWidth(Expression.scala:701)
[info] spinal.core.internals.Widthable.getWidth(Node.scala:202)
[info] spinal.core.internals.Widthable.getWidth$(Node.scala:181)
[info] spinal.core.internals.Operator$Bits$Cat.getWidth(Expression.scala:698)
[info] spinal.core.BitVector.$anonfun$calcWidth$1(BitVector.scala:210)
[info] spinal.core.BitVector.$anonfun$calcWidth$1$adapted(BitVector.scala:207)
[info] spinal.core.internals.DoubleLinkedContainer.dlcForeach(Misc.scala:137)
[info] spinal.core.internals.DoubleLinkedContainer.dlcForeach$(Misc.scala:132)
[info] spinal.core.BaseType.dlcForeach(BaseType.scala:55)
[info] spinal.core.internals.StatementDoubleLinkedContainer.foreachStatements(Statement.scala:31)
[info] spinal.core.internals.StatementDoubleLinkedContainer.foreachStatements$(Statement.scala:31)
[info] spinal.core.BaseType.foreachStatements(BaseType.scala:55)
[info] spinal.core.BitVector.calcWidth(BitVector.scala:207)
[info] spinal.core.internals.Widthable.getWidth(Node.scala:202)
[info] spinal.core.internals.Widthable.getWidth$(Node.scala:181)
[info] spinal.core.BitVector.getWidth(BitVector.scala:37)
[info] spinal.core.internals.Operator$Bits$Cat.calcWidth(Expression.scala:701)
[info] spinal.core.internals.Widthable.getWidth(Node.scala:202)
[info] spinal.core.internals.Widthable.getWidth$(Node.scala:181)
[info] spinal.core.internals.Operator$Bits$Cat.getWidth(Expression.scala:698)
[info] spinal.core.BitVector.$anonfun$calcWidth$1(BitVector.scala:210)
[info] spinal.core.BitVector.$anonfun$calcWidth$1$adapted(BitVector.scala:207)
[info] spinal.core.internals.DoubleLinkedContainer.dlcForeach(Misc.scala:137)
[info] spinal.core.internals.DoubleLinkedContainer.dlcForeach$(Misc.scala:132)
[info] spinal.core.BaseType.dlcForeach(BaseType.scala:55)
[info] spinal.core.internals.StatementDoubleLinkedContainer.foreachStatements(Statement.scala:31)
[info] spinal.core.internals.StatementDoubleLinkedContainer.foreachStatements$(Statement.scala:31)
[info] spinal.core.BaseType.foreachStatements(BaseType.scala:55)
[info] spinal.core.BitVector.calcWidth(BitVector.scala:207)
[info] spinal.core.internals.Widthable.getWidth(Node.scala:202)
[info] spinal.core.internals.Widthable.getWidth$(Node.scala:181)
[info] spinal.core.BitVector.getWidth(BitVector.scala:37)
[info] spinal.core.internals.Operator$Bits$Cat.calcWidth(Expression.scala:701)
[info] spinal.core.internals.Widthable.getWidth(Node.scala:202)
[info] spinal.core.internals.Widthable.getWidth$(Node.scala:181)
[info] spinal.core.internals.Operator$Bits$Cat.getWidth(Expression.scala:698)
[info] spinal.core.BitVector.$anonfun$calcWidth$1(BitVector.scala:210)
[info] spinal.core.BitVector.$anonfun$calcWidth$1$adapted(BitVector.scala:207)
[info] spinal.core.internals.DoubleLinkedContainer.dlcForeach(Misc.scala:137)
[info] spinal.core.internals.DoubleLinkedContainer.dlcForeach$(Misc.scala:132)
[info] spinal.core.BaseType.dlcForeach(BaseType.scala:55)
[info] spinal.core.internals.StatementDoubleLinkedContainer.foreachStatements(Statement.scala:31)
[info] spinal.core.internals.StatementDoubleLinkedContainer.foreachStatements$(Statement.scala:31)
[info] spinal.core.BaseType.foreachStatements(BaseType.scala:55)
[info] spinal.core.BitVector.calcWidth(BitVector.scala:207)
[info] spinal.core.internals.Widthable.getWidth(Node.scala:202)
[info] spinal.core.internals.Widthable.getWidth$(Node.scala:181)
[info] spinal.core.BitVector.getWidth(BitVector.scala:37)
[info] spinal.core.internals.Operator$Bits$Cat.calcWidth(Expression.scala:701)
[info] spinal.core.internals.Widthable.getWidth(Node.scala:202)
[info] spinal.core.internals.Widthable.getWidth$(Node.scala:181)
[info] spinal.core.internals.Operator$Bits$Cat.getWidth(Expression.scala:698)
[info] spinal.core.BitVector.$anonfun$calcWidth$1(BitVector.scala:210)
[info] spinal.core.BitVector.$anonfun$calcWidth$1$adapted(BitVector.scala:207)
[info] spinal.core.internals.DoubleLinkedContainer.dlcForeach(Misc.scala:137)
[info] spinal.core.internals.DoubleLinkedContainer.dlcForeach$(Misc.scala:132)
[info] spinal.core.BaseType.dlcForeach(BaseType.scala:55)
[info] spinal.core.internals.StatementDoubleLinkedContainer.foreachStatements(Statement.scala:31)
[info] spinal.core.internals.StatementDoubleLinkedContainer.foreachStatements$(Statement.scala:31)
[info] spinal.core.BaseType.foreachStatements(BaseType.scala:55)
[info] spinal.core.BitVector.calcWidth(BitVector.scala:207)
[info] spinal.core.internals.Widthable.getWidth(Node.scala:202)
[info] spinal.core.internals.Widthable.getWidth$(Node.scala:181)
[info] spinal.core.BitVector.getWidth(BitVector.scala:37)
[info] spinal.core.internals.Operator$Bits$Cat.calcWidth(Expression.scala:701)
[info] spinal.core.internals.Widthable.getWidth(Node.scala:202)
[info] spinal.core.internals.Widthable.getWidth$(Node.scala:181)
[info] spinal.core.internals.Operator$Bits$Cat.getWidth(Expression.scala:698)
[info] spinal.core.BitVector.$anonfun$calcWidth$1(BitVector.scala:210)
[info] spinal.core.BitVector.$anonfun$calcWidth$1$adapted(BitVector.scala:207)
[info] spinal.core.internals.DoubleLinkedContainer.dlcForeach(Misc.scala:137)
[info] spinal.core.internals.DoubleLinkedContainer.dlcForeach$(Misc.scala:132)
[info] spinal.core.BaseType.dlcForeach(BaseType.scala:55)
[info] spinal.core.internals.StatementDoubleLinkedContainer.foreachStatements(Statement.scala:31)
[info] spinal.core.internals.StatementDoubleLinkedContainer.foreachStatements$(Statement.scala:31)
[info] spinal.core.BaseType.foreachStatements(BaseType.scala:55)
[info] spinal.core.BitVector.calcWidth(BitVector.scala:207)
[info] spinal.core.internals.Widthable.getWidth(Node.scala:202)
[info] spinal.core.internals.Widthable.getWidth$(Node.scala:181)
[info] spinal.core.BitVector.getWidth(BitVector.scala:37)
[info] spinal.core.internals.Operator$Bits$Cat.calcWidth(Expression.scala:701)
[info] spinal.core.internals.Widthable.getWidth(Node.scala:202)
[info] spinal.core.internals.Widthable.getWidth$(Node.scala:181)
[info] spinal.core.internals.Operator$Bits$Cat.getWidth(Expression.scala:698)
[info] spinal.core.BitVector.$anonfun$calcWidth$1(BitVector.scala:210)
[info] spinal.core.BitVector.$anonfun$calcWidth$1$adapted(BitVector.scala:207)
[info] spinal.core.internals.DoubleLinkedContainer.dlcForeach(Misc.scala:137)
[info] spinal.core.internals.DoubleLinkedContainer.dlcForeach$(Misc.scala:132)
[info] spinal.core.BaseType.dlcForeach(BaseType.scala:55)
[info] spinal.core.internals.StatementDoubleLinkedContainer.foreachStatements(Statement.scala:31)
[info] spinal.core.internals.StatementDoubleLinkedContainer.foreachStatements$(Statement.scala:31)
[info] spinal.core.BaseType.foreachStatements(BaseType.scala:55)
[info] spinal.core.BitVector.calcWidth(BitVector.scala:207)
[info] spinal.core.internals.Widthable.getWidth(Node.scala:202)
[info] spinal.core.internals.Widthable.getWidth$(Node.scala:181)
[info] spinal.core.BitVector.getWidth(BitVector.scala:37)
[info] spinal.core.internals.Operator$Bits$Cat.calcWidth(Expression.scala:701)
[info] spinal.core.internals.Widthable.getWidth(Node.scala:202)
[info] spinal.core.internals.Widthable.getWidth$(Node.scala:181)
[info] spinal.core.internals.Operator$Bits$Cat.getWidth(Expression.scala:698)
[info] spinal.core.BitVector.$anonfun$calcWidth$1(BitVector.scala:210)
[info] spinal.core.BitVector.$anonfun$calcWidth$1$adapted(BitVector.scala:207)
[info] spinal.core.internals.DoubleLinkedContainer.dlcForeach(Misc.scala:137)
[info] spinal.core.internals.DoubleLinkedContainer.dlcForeach$(Misc.scala:132)
[info] spinal.core.BaseType.dlcForeach(BaseType.scala:55)
[info] spinal.core.internals.StatementDoubleLinkedContainer.foreachStatements(Statement.scala:31)
[info] spinal.core.internals.StatementDoubleLinkedContainer.foreachStatements$(Statement.scala:31)
[info] spinal.core.BaseType.foreachStatements(BaseType.scala:55)
[info] spinal.core.BitVector.calcWidth(BitVector.scala:207)
[info] spinal.core.internals.Widthable.getWidth(Node.scala:202)
[info] spinal.core.internals.Widthable.getWidth$(Node.scala:181)
[info] spinal.core.BitVector.getWidth(BitVector.scala:37)
[info] spinal.core.internals.Operator$Bits$Cat.calcWidth(Expression.scala:701)
[info] spinal.core.internals.Widthable.getWidth(Node.scala:202)
[info] spinal.core.internals.Widthable.getWidth$(Node.scala:181)
[info] spinal.core.internals.Operator$Bits$Cat.getWidth(Expression.scala:698)
[info] spinal.core.BitVector.$anonfun$calcWidth$1(BitVector.scala:210)
[info] spinal.core.BitVector.$anonfun$calcWidth$1$adapted(BitVector.scala:207)
[info] spinal.core.internals.DoubleLinkedContainer.dlcForeach(Misc.scala:137)
[info] spinal.core.internals.DoubleLinkedContainer.dlcForeach$(Misc.scala:132)
[info] spinal.core.BaseType.dlcForeach(BaseType.scala:55)
[info] spinal.core.internals.StatementDoubleLinkedContainer.foreachStatements(Statement.scala:31)
[info] spinal.core.internals.StatementDoubleLinkedContainer.foreachStatements$(Statement.scala:31)
[info] spinal.core.BaseType.foreachStatements(BaseType.scala:55)
[info] spinal.core.BitVector.calcWidth(BitVector.scala:207)
[info] spinal.core.internals.Widthable.getWidth(Node.scala:202)
[info] spinal.core.internals.Widthable.getWidth$(Node.scala:181)
[info] spinal.core.BitVector.getWidth(BitVector.scala:37)
[info] spinal.core.internals.Operator$Bits$Cat.calcWidth(Expression.scala:701)
[info] spinal.core.internals.Widthable.getWidth(Node.scala:202)
[info] spinal.core.internals.Widthable.getWidth$(Node.scala:181)
[info] spinal.core.internals.Operator$Bits$Cat.getWidth(Expression.scala:698)
[info] spinal.core.BitVector.$anonfun$calcWidth$1(BitVector.scala:210)
[info] spinal.core.BitVector.$anonfun$calcWidth$1$adapted(BitVector.scala:207)
[info] spinal.core.internals.DoubleLinkedContainer.dlcForeach(Misc.scala:137)
[info] spinal.core.internals.DoubleLinkedContainer.dlcForeach$(Misc.scala:132)
[info] spinal.core.BaseType.dlcForeach(BaseType.scala:55)
[info] spinal.core.internals.StatementDoubleLinkedContainer.foreachStatements(Statement.scala:31)
[info] spinal.core.internals.StatementDoubleLinkedContainer.foreachStatements$(Statement.scala:31)
[info] spinal.core.BaseType.foreachStatements(BaseType.scala:55)
[info] spinal.core.BitVector.calcWidth(BitVector.scala:207)
[info] spinal.core.internals.Widthable.getWidth(Node.scala:202)
[info] spinal.core.internals.Widthable.getWidth$(Node.scala:181)
[info] spinal.core.BitVector.getWidth(BitVector.scala:37)
[info] spinal.core.internals.Operator$Bits$Cat.calcWidth(Expression.scala:701)
[info] spinal.core.internals.Widthable.getWidth(Node.scala:202)
[info] spinal.core.internals.Widthable.getWidth$(Node.scala:181)
[info] spinal.core.internals.Operator$Bits$Cat.getWidth(Expression.scala:698)
[info] spinal.core.BitVector.$anonfun$calcWidth$1(BitVector.scala:210)
[info] spinal.core.BitVector.$anonfun$calcWidth$1$adapted(BitVector.scala:207)
[info] spinal.core.internals.DoubleLinkedContainer.dlcForeach(Misc.scala:137)
[info] spinal.core.internals.DoubleLinkedContainer.dlcForeach$(Misc.scala:132)
[info] spinal.core.BaseType.dlcForeach(BaseType.scala:55)
[info] spinal.core.internals.StatementDoubleLinkedContainer.foreachStatements(Statement.scala:31)
[info] spinal.core.internals.StatementDoubleLinkedContainer.foreachStatements$(Statement.scala:31)
[info] spinal.core.BaseType.foreachStatements(BaseType.scala:55)
[info] spinal.core.BitVector.calcWidth(BitVector.scala:207)
[info] spinal.core.internals.Widthable.getWidth(Node.scala:202)
[info] spinal.core.internals.Widthable.getWidth$(Node.scala:181)
[info] spinal.core.BitVector.getWidth(BitVector.scala:37)
[info] spinal.core.internals.Operator$Bits$Cat.calcWidth(Expression.scala:701)
[info] spinal.core.internals.Widthable.getWidth(Node.scala:202)
[info] spinal.core.internals.Widthable.getWidth$(Node.scala:181)
[info] spinal.core.internals.Operator$Bits$Cat.getWidth(Expression.scala:698)
[info] spinal.core.BitVector.$anonfun$calcWidth$1(BitVector.scala:210)
[info] spinal.core.BitVector.$anonfun$calcWidth$1$adapted(BitVector.scala:207)
[info] spinal.core.internals.DoubleLinkedContainer.dlcForeach(Misc.scala:137)
[info] spinal.core.internals.DoubleLinkedContainer.dlcForeach$(Misc.scala:132)
[info] spinal.core.BaseType.dlcForeach(BaseType.scala:55)
[info] spinal.core.internals.StatementDoubleLinkedContainer.foreachStatements(Statement.scala:31)
[info] spinal.core.internals.StatementDoubleLinkedContainer.foreachStatements$(Statement.scala:31)
[info] spinal.core.BaseType.foreachStatements(BaseType.scala:55)
[info] spinal.core.BitVector.calcWidth(BitVector.scala:207)
[info] spinal.core.internals.Widthable.getWidth(Node.scala:202)
[info] spinal.core.internals.Widthable.getWidth$(Node.scala:181)
[info] spinal.core.BitVector.getWidth(BitVector.scala:37)
[info] spinal.core.internals.Operator$Bits$Cat.calcWidth(Expression.scala:701)
[info] spinal.core.internals.Widthable.getWidth(Node.scala:202)
[info] spinal.core.internals.Widthable.getWidth$(Node.scala:181)
[info] spinal.core.internals.Operator$Bits$Cat.getWidth(Expression.scala:698)
[info] spinal.core.BitVector.$anonfun$calcWidth$1(BitVector.scala:210)
[info] spinal.core.BitVector.$anonfun$calcWidth$1$adapted(BitVector.scala:207)
[info] spinal.core.internals.DoubleLinkedContainer.dlcForeach(Misc.scala:137)
[info] spinal.core.internals.DoubleLinkedContainer.dlcForeach$(Misc.scala:132)
[info] spinal.core.BaseType.dlcForeach(BaseType.scala:55)
[info] spinal.core.internals.StatementDoubleLinkedContainer.foreachStatements(Statement.scala:31)
[info] spinal.core.internals.StatementDoubleLinkedContainer.foreachStatements$(Statement.scala:31)
[info] spinal.core.BaseType.foreachStatements(BaseType.scala:55)
[info] spinal.core.BitVector.calcWidth(BitVector.scala:207)
[info] spinal.core.internals.Widthable.getWidth(Node.scala:202)
[info] spinal.core.internals.Widthable.getWidth$(Node.scala:181)
[info] spinal.core.BitVector.getWidth(BitVector.scala:37)
[info] spinal.core.internals.Operator$Bits$Cat.calcWidth(Expression.scala:701)
[info] spinal.core.internals.Widthable.getWidth(Node.scala:202)
[info] spinal.core.internals.Widthable.getWidth$(Node.scala:181)
[info] spinal.core.internals.Operator$Bits$Cat.getWidth(Expression.scala:698)
[info] spinal.core.BitVector.$anonfun$calcWidth$1(BitVector.scala:210)
[info] spinal.core.BitVector.$anonfun$calcWidth$1$adapted(BitVector.scala:207)
[info] spinal.core.internals.DoubleLinkedContainer.dlcForeach(Misc.scala:137)
[info] spinal.core.internals.DoubleLinkedContainer.dlcForeach$(Misc.scala:132)
[info] spinal.core.BaseType.dlcForeach(BaseType.scala:55)
[info] spinal.core.internals.StatementDoubleLinkedContainer.foreachStatements(Statement.scala:31)
[info] spinal.core.internals.StatementDoubleLinkedContainer.foreachStatements$(Statement.scala:31)
[info] spinal.core.BaseType.foreachStatements(BaseType.scala:55)
[info] spinal.core.BitVector.calcWidth(BitVector.scala:207)
[info] spinal.core.internals.Widthable.getWidth(Node.scala:202)
[info] spinal.core.internals.Widthable.getWidth$(Node.scala:181)
[info] spinal.core.BitVector.getWidth(BitVector.scala:37)
[info] spinal.core.internals.Operator$Bits$Cat.calcWidth(Expression.scala:701)
[info] spinal.core.internals.Widthable.getWidth(Node.scala:202)
[info] spinal.core.internals.Widthable.getWidth$(Node.scala:181)
[info] spinal.core.internals.Operator$Bits$Cat.getWidth(Expression.scala:698)
[info] spinal.core.BitVector.$anonfun$calcWidth$1(BitVector.scala:210)
[info] spinal.core.BitVector.$anonfun$calcWidth$1$adapted(BitVector.scala:207)
[info] spinal.core.internals.DoubleLinkedContainer.dlcForeach(Misc.scala:137)
[info] spinal.core.internals.DoubleLinkedContainer.dlcForeach$(Misc.scala:132)
[info] spinal.core.BaseType.dlcForeach(BaseType.scala:55)
[info] spinal.core.internals.StatementDoubleLinkedContainer.foreachStatements(Statement.scala:31)
[info] spinal.core.internals.StatementDoubleLinkedContainer.foreachStatements$(Statement.scala:31)
[info] spinal.core.BaseType.foreachStatements(BaseType.scala:55)
[info] spinal.core.BitVector.calcWidth(BitVector.scala:207)
[info] spinal.core.internals.Widthable.getWidth(Node.scala:202)
[info] spinal.core.internals.Widthable.getWidth$(Node.scala:181)
[info] spinal.core.BitVector.getWidth(BitVector.scala:37)
[info] spinal.core.internals.Operator$Bits$Cat.calcWidth(Expression.scala:701)
[info] spinal.core.internals.Widthable.getWidth(Node.scala:202)
[info] spinal.core.internals.Widthable.getWidth$(Node.scala:181)
[info] spinal.core.internals.Operator$Bits$Cat.getWidth(Expression.scala:698)
[info] spinal.core.BitVector.$anonfun$calcWidth$1(BitVector.scala:210)
[info] spinal.core.BitVector.$anonfun$calcWidth$1$adapted(BitVector.scala:207)
[info] spinal.core.internals.DoubleLinkedContainer.dlcForeach(Misc.scala:137)
[info] spinal.core.internals.DoubleLinkedContainer.dlcForeach$(Misc.scala:132)
[info] spinal.core.BaseType.dlcForeach(BaseType.scala:55)
[info] spinal.core.internals.StatementDoubleLinkedContainer.foreachStatements(Statement.scala:31)
[info] spinal.core.internals.StatementDoubleLinkedContainer.foreachStatements$(Statement.scala:31)
[info] spinal.core.BaseType.foreachStatements(BaseType.scala:55)
[info] spinal.core.BitVector.calcWidth(BitVector.scala:207)
[info] spinal.core.internals.Widthable.getWidth(Node.scala:202)
[info] spinal.core.internals.Widthable.getWidth$(Node.scala:181)
[info] spinal.core.BitVector.getWidth(BitVector.scala:37)
[info] spinal.core.internals.Operator$Bits$Cat.calcWidth(Expression.scala:701)
[info] spinal.core.internals.Widthable.getWidth(Node.scala:202)
[info] spinal.core.internals.Widthable.getWidth$(Node.scala:181)
[info] spinal.core.internals.Operator$Bits$Cat.getWidth(Expression.scala:698)
[info] spinal.core.BitVector.$anonfun$calcWidth$1(BitVector.scala:210)
[info] spinal.core.BitVector.$anonfun$calcWidth$1$adapted(BitVector.scala:207)
[info] spinal.core.internals.DoubleLinkedContainer.dlcForeach(Misc.scala:137)
[info] spinal.core.internals.DoubleLinkedContainer.dlcForeach$(Misc.scala:132)
[info] spinal.core.BaseType.dlcForeach(BaseType.scala:55)
[info] spinal.core.internals.StatementDoubleLinkedContainer.foreachStatements(Statement.scala:31)
[info] spinal.core.internals.StatementDoubleLinkedContainer.foreachStatements$(Statement.scala:31)
[info] spinal.core.BaseType.foreachStatements(BaseType.scala:55)
[info] spinal.core.BitVector.calcWidth(BitVector.scala:207)
[info] spinal.core.internals.Widthable.getWidth(Node.scala:202)
[info] spinal.core.internals.Widthable.getWidth$(Node.scala:181)
[info] spinal.core.BitVector.getWidth(BitVector.scala:37)
[info] spinal.core.internals.Operator$Bits$Cat.calcWidth(Expression.scala:701)
[info] spinal.core.internals.Widthable.getWidth(Node.scala:202)
[info] spinal.core.internals.Widthable.getWidth$(Node.scala:181)
[info] spinal.core.internals.Operator$Bits$Cat.getWidth(Expression.scala:698)
[info] spinal.core.BitVector.$anonfun$calcWidth$1(BitVector.scala:210)
[info] spinal.core.BitVector.$anonfun$calcWidth$1$adapted(BitVector.scala:207)
[info] spinal.core.internals.DoubleLinkedContainer.dlcForeach(Misc.scala:137)
[info] spinal.core.internals.DoubleLinkedContainer.dlcForeach$(Misc.scala:132)
[info] spinal.core.BaseType.dlcForeach(BaseType.scala:55)
[info] spinal.core.internals.StatementDoubleLinkedContainer.foreachStatements(Statement.scala:31)
[info] spinal.core.internals.StatementDoubleLinkedContainer.foreachStatements$(Statement.scala:31)
[info] spinal.core.BaseType.foreachStatements(BaseType.scala:55)
[info] spinal.core.BitVector.calcWidth(BitVector.scala:207)
[info] spinal.core.internals.Widthable.getWidth(Node.scala:202)
[info] spinal.core.internals.Widthable.getWidth$(Node.scala:181)
[info] spinal.core.BitVector.getWidth(BitVector.scala:37)
[info] spinal.core.internals.Operator$Bits$Cat.calcWidth(Expression.scala:701)
[info] spinal.core.internals.Widthable.getWidth(Node.scala:202)
[info] spinal.core.internals.Widthable.getWidth$(Node.scala:181)
[info] spinal.core.internals.Operator$Bits$Cat.getWidth(Expression.scala:698)
[info] spinal.core.BitVector.$anonfun$calcWidth$1(BitVector.scala:210)
[info] spinal.core.BitVector.$anonfun$calcWidth$1$adapted(BitVector.scala:207)
[info] spinal.core.internals.DoubleLinkedContainer.dlcForeach(Misc.scala:137)
[info] spinal.core.internals.DoubleLinkedContainer.dlcForeach$(Misc.scala:132)
[info] spinal.core.BaseType.dlcForeach(BaseType.scala:55)
[info] spinal.core.internals.StatementDoubleLinkedContainer.foreachStatements(Statement.scala:31)
[info] spinal.core.internals.StatementDoubleLinkedContainer.foreachStatements$(Statement.scala:31)
[info] spinal.core.BaseType.foreachStatements(BaseType.scala:55)
[info] spinal.core.BitVector.calcWidth(BitVector.scala:207)
[info] spinal.core.internals.Widthable.getWidth(Node.scala:202)
[info] spinal.core.internals.Widthable.getWidth$(Node.scala:181)
[info] spinal.core.BitVector.getWidth(BitVector.scala:37)
[info] spinal.core.internals.Operator$Bits$Cat.calcWidth(Expression.scala:701)
[info] spinal.core.internals.Widthable.getWidth(Node.scala:202)
[info] spinal.core.internals.Widthable.getWidth$(Node.scala:181)
[info] spinal.core.internals.Operator$Bits$Cat.getWidth(Expression.scala:698)
[info] spinal.core.BitVector.$anonfun$calcWidth$1(BitVector.scala:210)
[info] spinal.core.BitVector.$anonfun$calcWidth$1$adapted(BitVector.scala:207)
[info] spinal.core.internals.DoubleLinkedContainer.dlcForeach(Misc.scala:137)
[info] spinal.core.internals.DoubleLinkedContainer.dlcForeach$(Misc.scala:132)
[info] spinal.core.BaseType.dlcForeach(BaseType.scala:55)
[info] spinal.core.internals.StatementDoubleLinkedContainer.foreachStatements(Statement.scala:31)
[info] spinal.core.internals.StatementDoubleLinkedContainer.foreachStatements$(Statement.scala:31)
[info] spinal.core.BaseType.foreachStatements(BaseType.scala:55)
[info] **********************************************************************************************
[info] [Warning] Elaboration failed (0 error).
[info]           Spinal will restart with scala trace to help you to find the problem.
[info] **********************************************************************************************
[info] [Progress] at 2.047 : Elaborate components
[info] [Progress] at 2.620 : Checks and transforms
[info] [Progress] at 26.829 : Generate Verilog to /data/work/rio-synthesis/cam-pipeline-vcu118-20260909/pe5-v1024-c1024-q256-p128-static-vcu118/rtl
[info] [Warning] toplevel/pifoEngines_0/enque_brain/io_outputs_4_fifo/fifo/logic_ram : Mem[20*23 bits].readAsync can only be write first into Verilog
[info] [Warning] toplevel/pifoEngines_1/enque_brain/io_outputs_4_fifo/fifo/logic_ram : Mem[20*23 bits].readAsync can only be write first into Verilog
[info] [Warning] toplevel/pifoEngines_2/enque_brain/io_outputs_4_fifo/fifo/logic_ram : Mem[20*23 bits].readAsync can only be write first into Verilog
[info] [Warning] toplevel/pifoEngines_3/enque_brain/io_outputs_4_fifo/fifo/logic_ram : Mem[20*23 bits].readAsync can only be write first into Verilog
[info] [Warning] toplevel/pifoEngines_4/enque_brain/io_outputs_4_fifo/fifo/logic_ram : Mem[20*23 bits].readAsync can only be write first into Verilog
[info] [Warning] toplevel/xbar/io_inputs_0_fifo/fifo/logic_ram : Mem[8*13 bits].readAsync can only be write first into Verilog
[info] [Warning] toplevel/xbar/io_inputs_1_fifo/fifo/logic_ram : Mem[8*13 bits].readAsync can only be write first into Verilog
[info] [Warning] toplevel/xbar/io_inputs_2_fifo/fifo/logic_ram : Mem[8*13 bits].readAsync can only be write first into Verilog
[info] [Warning] toplevel/xbar/io_inputs_3_fifo/fifo/logic_ram : Mem[8*13 bits].readAsync can only be write first into Verilog
[info] [Warning] toplevel/xbar/io_inputs_4_fifo/fifo/logic_ram : Mem[8*13 bits].readAsync can only be write first into Verilog
[info] [Warning] toplevel/xbar/io_inputs_5_fifo/fifo/logic_ram : Mem[8*13 bits].readAsync can only be write first into Verilog
[info] [Warning] toplevel/pifoEngines_0/enque_flowIdStream_fifo/fifo/logic_ram : Mem[4*13 bits].readAsync can only be write first into Verilog
[info] [Warning] toplevel/pifoEngines_0/io_outputs_2_fifo/fifo/logic_ram : Mem[20*32 bits].readAsync can only be write first into Verilog
[info] [Warning] toplevel/pifoEngines_1/enque_flowIdStream_fifo/fifo/logic_ram : Mem[4*13 bits].readAsync can only be write first into Verilog
[info] [Warning] toplevel/pifoEngines_1/io_outputs_2_fifo/fifo/logic_ram : Mem[20*32 bits].readAsync can only be write first into Verilog
[info] [Warning] toplevel/pifoEngines_2/enque_flowIdStream_fifo/fifo/logic_ram : Mem[4*13 bits].readAsync can only be write first into Verilog
[info] [Warning] toplevel/pifoEngines_2/io_outputs_2_fifo/fifo/logic_ram : Mem[20*32 bits].readAsync can only be write first into Verilog
[info] [Warning] toplevel/pifoEngines_3/enque_flowIdStream_fifo/fifo/logic_ram : Mem[4*13 bits].readAsync can only be write first into Verilog
[info] [Warning] toplevel/pifoEngines_3/io_outputs_2_fifo/fifo/logic_ram : Mem[20*32 bits].readAsync can only be write first into Verilog
[info] [Warning] toplevel/pifoEngines_4/enque_flowIdStream_fifo/fifo/logic_ram : Mem[4*13 bits].readAsync can only be write first into Verilog
[info] [Warning] toplevel/pifoEngines_4/io_outputs_2_fifo/fifo/logic_ram : Mem[20*32 bits].readAsync can only be write first into Verilog
[info] [Warning] 1463 signals were pruned. You can call printPruned on the backend report to get more informations.
[info] [Done] at 30.192
[info] PifoMesh: 5 PEs, 1024 vPIFO IDs/PE, 1024 shared entries/PE, 1024 global flow IDs, 8 rank bits, external PIFO, static configuration, cam-pipelined lookups, 2048 CAM entries/bank
[success] Total time: 32 s, completed Sep 9, 2026, 2:53:44 PM
