[info] welcome to sbt 1.10.2 (Ubuntu Java 21.0.10)
[info] loading settings for project pifo-hardware-build from plugins.sbt ...
[info] loading project definition from /home/zg366/packet-scheduling/pifo-hardware/project
[info] loading settings for project rio from build.sbt ...
[info] set current project to rio (in build file:/home/zg366/packet-scheduling/pifo-hardware/)
[info] compiling 10 Scala sources to /home/zg366/packet-scheduling/pifo-hardware/target/scala-2.13/classes ...
[warn] 4 deprecations (since 2.13.3); re-run with -deprecation for details
[warn] one warning found
[info] done compiling
[info] compiling 40 Scala sources to /home/zg366/packet-scheduling/pifo-hardware/target/scala-2.13/classes ...
[warn] 4 deprecations (since 2.13.3); re-run with -deprecation for details
[warn] 225 feature warnings; re-run with -feature for details
[warn] two warnings found
[info] done compiling
[info] running (fork) rio.sim.BoundedCamIntegrationSim cam-pipelined
[info] [Runtime] SpinalHDL v1.12.3    git head : 591e64062329e5e2e2b81f4d52422948053edb97
[info] [Runtime] JVM max memory : 30208.0MiB
[info] [Runtime] Current date : 2026.09.09 14:36:42
[info] [Progress] at 0.000 : Elaborate components
[info] [Progress] at 0.975 : Checks and transforms
[info] [Progress] at 1.345 : Generate Verilog to ./simWorkspace/tmp/job_1
[info] [Warning] toplevel/io_outputs_4_fifo/fifo/logic_ram : Mem[5*5 bits].readAsync can only be write first into Verilog
[info] [Warning] 96 signals were pruned. You can call printPruned on the backend report to get more informations.
[info] [Done] at 1.803
[info] [Progress] Simulation workspace in /home/zg366/packet-scheduling/pifo-hardware/./simWorkspace/PIFOBrain
[info] [Progress] IVerilog compilation started
[info] [Progress] IVerilog compilation done in 27.077 ms
[info] [Progress] Start PIFOBrain test simulation with seed 958712166
[info] CAM_BRAIN_PASS backend=cam-pipelined pair_namespace=true packet_state_updates=true zero_delete=true
[info] Shared memory key : SpinalHDL_0_1_1211586911_1672228466_1788979004438_7661464095879516361
[info] Start of simulation
[info] FST info: dumpfile /home/zg366/packet-scheduling/pifo-hardware/simWorkspace/PIFOBrain/test/wave.fst opened for output.
[info] End of simulation
[info] [Done] Simulation done in 94.617 ms
[success] Total time: 22 s, completed Sep 9, 2026, 2:36:44 PM
[info] running (fork) rio.sim.TransactionalConfigSim cam-pipelined
[info] [Runtime] SpinalHDL v1.12.3    git head : 591e64062329e5e2e2b81f4d52422948053edb97
[info] [Runtime] JVM max memory : 30208.0MiB
[info] [Runtime] Current date : 2026.09.09 14:36:45
[info] [Progress] at 0.000 : Elaborate components
[info] [Progress] at 1.305 : Checks and transforms
[info] [Progress] at 2.291 : Generate Verilog to ./simWorkspace/tmp/job_1
[info] [Warning] toplevel/pifoEngines_0/enque_brain/io_outputs_4_fifo/fifo/logic_ram : Mem[5*6 bits].readAsync can only be write first into Verilog
[info] [Warning] toplevel/pifoEngines_1/enque_brain/io_outputs_4_fifo/fifo/logic_ram : Mem[5*6 bits].readAsync can only be write first into Verilog
[info] [Warning] toplevel/xbar/io_inputs_0_fifo/fifo/logic_ram : Mem[8*4 bits].readAsync can only be write first into Verilog
[info] [Warning] toplevel/xbar/io_inputs_1_fifo/fifo/logic_ram : Mem[8*4 bits].readAsync can only be write first into Verilog
[info] [Warning] toplevel/xbar/io_inputs_2_fifo/fifo/logic_ram : Mem[8*4 bits].readAsync can only be write first into Verilog
[info] [Warning] toplevel/pifoEngines_0/enque_flowIdStream_fifo/fifo/logic_ram : Mem[4*4 bits].readAsync can only be write first into Verilog
[info] [Warning] toplevel/pifoEngines_0/io_outputs_2_fifo/fifo/logic_ram : Mem[5*12 bits].readAsync can only be write first into Verilog
[info] [Warning] toplevel/pifoEngines_1/enque_flowIdStream_fifo/fifo/logic_ram : Mem[4*4 bits].readAsync can only be write first into Verilog
[info] [Warning] toplevel/pifoEngines_1/io_outputs_2_fifo/fifo/logic_ram : Mem[5*12 bits].readAsync can only be write first into Verilog
[info] [Warning] 476 signals were pruned. You can call printPruned on the backend report to get more informations.
[info] [Done] at 2.810
[info] [Progress] Simulation workspace in /home/zg366/packet-scheduling/pifo-hardware/./simWorkspace/PifoMesh
[info] [Progress] IVerilog compilation started
[info] [Progress] IVerilog compilation done in 30.748 ms
[info] [Progress] Start PifoMesh test simulation with seed 997681035
[info] Shared memory key : SpinalHDL_0_1_1653297210_1672228466_1788979008709_-8665408722340444344
[info] Start of simulation
[info] End of simulation
[info] [Done] Simulation done in 97.069 ms
[success] Total time: 4 s, completed Sep 9, 2026, 2:36:49 PM
