RUN ["/home/zg366/packet-scheduling/pifo-hardware/.venv/bin/python", "/home/zg366/packet-scheduling/pifo-hardware/synthesis/run.py", "--tool", "vivado", "--board", "vcu118", "--build-root", "/data/work/rio-synthesis/cam-pipeline-vcu118-20260909", "--name", "pe5-v1024-c1024-q256-p128-replay-vcu118", "--engines", "5", "--vpifos", "1024", "--entries-per-pe", "1024", "--priority-bits", "8", "--control-queue-depth", "256", "--clock-mhz", "100", "--threads", "8", "--vivado-directive", "RuntimeOptimized", "--vivado-allow-over-capacity", "--component", "rio", "--configuration", "replay", "--pifo-backend", "external", "--lookup-backend", "cam-pipelined", "--cam-entries-per-pe", "2048", "--cam-entries-per-stage", "128", "--generate-only"]
RUN ["/home/zg366/packet-scheduling/pifo-hardware/.venv/bin/python", "/home/zg366/packet-scheduling/pifo-hardware/synthesis/run.py", "--tool", "vivado", "--board", "vcu118", "--build-root", "/data/work/rio-synthesis/cam-pipeline-vcu118-20260909", "--name", "pe5-v1024-c1024-q256-p128-static-vcu118", "--engines", "5", "--vpifos", "1024", "--entries-per-pe", "1024", "--priority-bits", "8", "--control-queue-depth", "256", "--clock-mhz", "100", "--threads", "8", "--vivado-directive", "RuntimeOptimized", "--vivado-allow-over-capacity", "--component", "rio", "--configuration", "static", "--pifo-backend", "external", "--lookup-backend", "cam-pipelined", "--cam-entries-per-pe", "2048", "--cam-entries-per-stage", "128", "--generate-only"]
RUN ["/home/zg366/packet-scheduling/pifo-hardware/.venv/bin/python", "/home/zg366/packet-scheduling/pifo-hardware/synthesis/run.py", "--tool", "vivado", "--board", "vcu118", "--build-root", "/data/work/rio-synthesis/cam-pipeline-vcu118-20260909", "--name", "pe5-v1024-c1024-q256-p128-replay-vcu118", "--engines", "5", "--vpifos", "1024", "--entries-per-pe", "1024", "--priority-bits", "8", "--control-queue-depth", "256", "--clock-mhz", "100", "--threads", "8", "--vivado-directive", "RuntimeOptimized", "--vivado-allow-over-capacity", "--component", "rio", "--configuration", "replay", "--pifo-backend", "external", "--lookup-backend", "cam-pipelined", "--cam-entries-per-pe", "2048", "--cam-entries-per-stage", "128", "--reuse-rtl"]
RUN ["/home/zg366/packet-scheduling/pifo-hardware/.venv/bin/python", "/home/zg366/packet-scheduling/pifo-hardware/synthesis/run.py", "--tool", "vivado", "--board", "vcu118", "--build-root", "/data/work/rio-synthesis/cam-pipeline-vcu118-20260909", "--name", "pifo-v1024-c1024-vcu118", "--engines", "5", "--vpifos", "1024", "--entries-per-pe", "1024", "--priority-bits", "8", "--control-queue-depth", "256", "--clock-mhz", "100", "--threads", "8", "--vivado-directive", "RuntimeOptimized", "--vivado-allow-over-capacity", "--component", "pifo", "--configuration", "static", "--pifo-backend", "house", "--generate-only"]
RUN ["/home/zg366/packet-scheduling/pifo-hardware/.venv/bin/python", "/home/zg366/packet-scheduling/pifo-hardware/synthesis/run.py", "--tool", "vivado", "--board", "vcu118", "--build-root", "/data/work/rio-synthesis/cam-pipeline-vcu118-20260909", "--name", "pe5-v1024-c1024-q256-p128-static-vcu118", "--engines", "5", "--vpifos", "1024", "--entries-per-pe", "1024", "--priority-bits", "8", "--control-queue-depth", "256", "--clock-mhz", "100", "--threads", "8", "--vivado-directive", "RuntimeOptimized", "--vivado-allow-over-capacity", "--component", "rio", "--configuration", "static", "--pifo-backend", "external", "--lookup-backend", "cam-pipelined", "--cam-entries-per-pe", "2048", "--cam-entries-per-stage", "128", "--reuse-rtl"]
Traceback (most recent call last):
  File "/home/zg366/packet-scheduling/pifo-hardware/hw/python/pifo_pipelined_cam_experiments.py", line 295, in <module>
    main()
  File "/home/zg366/packet-scheduling/pifo-hardware/hw/python/pifo_pipelined_cam_experiments.py", line 276, in main
    execute(command(root, flows, mode) + ['--generate-only'],
  File "/home/zg366/packet-scheduling/pifo-hardware/hw/python/pifo_pipelined_cam_experiments.py", line 57, in execute
    subprocess.run(cmd, cwd=PROJECT, stdout=stream, stderr=subprocess.STDOUT, check=True)
  File "/usr/lib/python3.12/subprocess.py", line 550, in run
    stdout, stderr = process.communicate(input, timeout=timeout)
                     ^^^^^^^^^^^^^^^^^^^^^^^^^^^^^^^^^^^^^^^^^^^
  File "/usr/lib/python3.12/subprocess.py", line 1201, in communicate
    self.wait()
  File "/usr/lib/python3.12/subprocess.py", line 1264, in wait
    return self._wait(timeout=timeout)
           ^^^^^^^^^^^^^^^^^^^^^^^^^^^
  File "/usr/lib/python3.12/subprocess.py", line 2053, in _wait
    (pid, sts) = self._try_wait(0)
                 ^^^^^^^^^^^^^^^^^
  File "/usr/lib/python3.12/subprocess.py", line 2011, in _try_wait
    (pid, sts) = os.waitpid(self.pid, wait_flags)
                 ^^^^^^^^^^^^^^^^^^^^^^^^^^^^^^^^
KeyboardInterrupt
