Info (22747): Value AUTO_DISCOVERY for QSF Assignment PWRMGT_VOLTAGE_OUTPUT_FORMAT is not supported. Hence changing the value to LINEAR_FORMAT
Info: *******************************************************************
Info: Running Quartus Prime Synthesis
    Info: Version 25.3.1 Build 100 12/19/2025 SC Pro Edition
    Info: Copyright (C) 2025  Altera Corporation. All rights reserved.
    Info: Your use of Altera Corporation's design tools, logic functions 
    Info: and other software and tools, and any partner logic 
    Info: functions, and any output files from any of the foregoing 
    Info: (including device programming or simulation files), and any 
    Info: associated documentation or information are expressly subject 
    Info: to the terms and conditions of the Altera Program License 
    Info: Subscription Agreement, the Altera Quartus Prime License Agreement,
    Info: the Altera IP License Agreement, or other applicable license
    Info: agreement, including, without limitation, that your use is for
    Info: the sole purpose of programming logic devices manufactured by
    Info: Altera and sold by Altera or its authorized distributors.  Please
    Info: refer to the Altera Software License Subscription Agreements 
    Info: on the Quartus Prime software download page.
    Info: Processing started: Mon Sep  7 11:33:25 2026
    Info: System process ID: 372607
Info: Command: quartus_syn pifo
Info: qis_default_flow_script.tcl version: #2
Info: Initializing Synthesis...
Info: Project = "pifo"
Info: Revision = "pifo"
Info (21958): Initialized Quartus Message Database
Info: Analyzing source files
Critical Warning (20759): Use the Reset Release IP in Agilex 7 designs to ensure a successful configuration. For more information about the Reset Release IP, refer to the Configuration User Guide.
Info: Elaborating from top-level entity "PifoMesh"
Info (22567): Verilog HDL info at PifoMesh.v(44069): extracting RAM for identifier 'logic_ram' File: /data/work/rio-synthesis/hardware-replay-final/rio-replay-pe5-v512-c1024-j16384-quartus/quartus-rtl/PifoMesh.v Line: 44069
Info (22567): Verilog HDL info at PifoMesh.v(41266): extracting RAM for identifier 'banks_0' File: /data/work/rio-synthesis/hardware-replay-final/rio-replay-pe5-v512-c1024-j16384-quartus/quartus-rtl/PifoMesh.v Line: 41266
Info (22567): Verilog HDL info at PifoMesh.v(41268): extracting RAM for identifier 'banks_1' File: /data/work/rio-synthesis/hardware-replay-final/rio-replay-pe5-v512-c1024-j16384-quartus/quartus-rtl/PifoMesh.v Line: 41268
Info (22567): Verilog HDL info at PifoMesh.v(43914): extracting RAM for identifier 'logic_ram' File: /data/work/rio-synthesis/hardware-replay-final/rio-replay-pe5-v512-c1024-j16384-quartus/quartus-rtl/PifoMesh.v Line: 43914
Info (22567): Verilog HDL info at PifoMesh.v(43707): extracting RAM for identifier 'ram' File: /data/work/rio-synthesis/hardware-replay-final/rio-replay-pe5-v512-c1024-j16384-quartus/quartus-rtl/PifoMesh.v Line: 43707
Info (22567): Verilog HDL info at PifoMesh.v(43651): extracting RAM for identifier 'ram' File: /data/work/rio-synthesis/hardware-replay-final/rio-replay-pe5-v512-c1024-j16384-quartus/quartus-rtl/PifoMesh.v Line: 43651
Info (22567): Verilog HDL info at PifoMesh.v(43595): extracting RAM for identifier 'ram' File: /data/work/rio-synthesis/hardware-replay-final/rio-replay-pe5-v512-c1024-j16384-quartus/quartus-rtl/PifoMesh.v Line: 43595
Info (22567): Verilog HDL info at PifoMesh.v(44920): extracting RAM for identifier 'logic_ram' File: /data/work/rio-synthesis/hardware-replay-final/rio-replay-pe5-v512-c1024-j16384-quartus/quartus-rtl/PifoMesh.v Line: 44920
Info (22567): Verilog HDL info at PifoMesh.v(43421): extracting RAM for identifier 'ram' File: /data/work/rio-synthesis/hardware-replay-final/rio-replay-pe5-v512-c1024-j16384-quartus/quartus-rtl/PifoMesh.v Line: 43421
Info (22567): Verilog HDL info at PifoMesh.v(44775): extracting RAM for identifier 'logic_ram' File: /data/work/rio-synthesis/hardware-replay-final/rio-replay-pe5-v512-c1024-j16384-quartus/quartus-rtl/PifoMesh.v Line: 44775
Info (22567): Verilog HDL info at PifoMesh.v(44641): extracting RAM for identifier 'logic_ram' File: /data/work/rio-synthesis/hardware-replay-final/rio-replay-pe5-v512-c1024-j16384-quartus/quartus-rtl/PifoMesh.v Line: 44641
Info (22567): Verilog HDL info at PifoMesh.v(44513): extracting RAM for identifier 'logic_ram' File: /data/work/rio-synthesis/hardware-replay-final/rio-replay-pe5-v512-c1024-j16384-quartus/quartus-rtl/PifoMesh.v Line: 44513
Info (22567): Verilog HDL info at PifoMesh.v(44383): extracting RAM for identifier 'logic_ram' File: /data/work/rio-synthesis/hardware-replay-final/rio-replay-pe5-v512-c1024-j16384-quartus/quartus-rtl/PifoMesh.v Line: 44383
Info (22567): Verilog HDL info at PifoMesh.v(44244): extracting RAM for identifier 'logic_ram' File: /data/work/rio-synthesis/hardware-replay-final/rio-replay-pe5-v512-c1024-j16384-quartus/quartus-rtl/PifoMesh.v Line: 44244
Info (22567): Verilog HDL info at PifoMesh.v(40056): extracting RAM for identifier 'banks_0' File: /data/work/rio-synthesis/hardware-replay-final/rio-replay-pe5-v512-c1024-j16384-quartus/quartus-rtl/PifoMesh.v Line: 40056
Info (22567): Verilog HDL info at PifoMesh.v(40058): extracting RAM for identifier 'banks_1' File: /data/work/rio-synthesis/hardware-replay-final/rio-replay-pe5-v512-c1024-j16384-quartus/quartus-rtl/PifoMesh.v Line: 40058
Info (22567): Verilog HDL info at PifoMesh.v(42821): extracting RAM for identifier 'logic_ram' File: /data/work/rio-synthesis/hardware-replay-final/rio-replay-pe5-v512-c1024-j16384-quartus/quartus-rtl/PifoMesh.v Line: 42821
Info (22567): Verilog HDL info at PifoMesh.v(13078): extracting RAM for identifier 'banks_0' File: /data/work/rio-synthesis/hardware-replay-final/rio-replay-pe5-v512-c1024-j16384-quartus/quartus-rtl/PifoMesh.v Line: 13078
Info (22567): Verilog HDL info at PifoMesh.v(13080): extracting RAM for identifier 'banks_1' File: /data/work/rio-synthesis/hardware-replay-final/rio-replay-pe5-v512-c1024-j16384-quartus/quartus-rtl/PifoMesh.v Line: 13080
Info (22567): Verilog HDL info at PifoMesh.v(42725): extracting RAM for identifier 'ram' File: /data/work/rio-synthesis/hardware-replay-final/rio-replay-pe5-v512-c1024-j16384-quartus/quartus-rtl/PifoMesh.v Line: 42725
Info (22567): Verilog HDL info at PifoMesh.v(42669): extracting RAM for identifier 'ram' File: /data/work/rio-synthesis/hardware-replay-final/rio-replay-pe5-v512-c1024-j16384-quartus/quartus-rtl/PifoMesh.v Line: 42669
Info (22567): Verilog HDL info at PifoMesh.v(42613): extracting RAM for identifier 'ram' File: /data/work/rio-synthesis/hardware-replay-final/rio-replay-pe5-v512-c1024-j16384-quartus/quartus-rtl/PifoMesh.v Line: 42613
Info (22567): Verilog HDL info at PifoMesh.v(42553): extracting RAM for identifier 'ram' File: /data/work/rio-synthesis/hardware-replay-final/rio-replay-pe5-v512-c1024-j16384-quartus/quartus-rtl/PifoMesh.v Line: 42553
Info (22567): Verilog HDL info at PifoMesh.v(11913): extracting RAM for identifier 'banks_0' File: /data/work/rio-synthesis/hardware-replay-final/rio-replay-pe5-v512-c1024-j16384-quartus/quartus-rtl/PifoMesh.v Line: 11913
Info (22567): Verilog HDL info at PifoMesh.v(11915): extracting RAM for identifier 'banks_1' File: /data/work/rio-synthesis/hardware-replay-final/rio-replay-pe5-v512-c1024-j16384-quartus/quartus-rtl/PifoMesh.v Line: 11915
Info (22567): Verilog HDL info at PifoMesh.v(11803): extracting RAM for identifier 'banks_0' File: /data/work/rio-synthesis/hardware-replay-final/rio-replay-pe5-v512-c1024-j16384-quartus/quartus-rtl/PifoMesh.v Line: 11803
Info (22567): Verilog HDL info at PifoMesh.v(11805): extracting RAM for identifier 'banks_1' File: /data/work/rio-synthesis/hardware-replay-final/rio-replay-pe5-v512-c1024-j16384-quartus/quartus-rtl/PifoMesh.v Line: 11805
Info (22567): Verilog HDL info at PifoMesh.v(42475): extracting RAM for identifier 'ram' File: /data/work/rio-synthesis/hardware-replay-final/rio-replay-pe5-v512-c1024-j16384-quartus/quartus-rtl/PifoMesh.v Line: 42475
Info (22567): Verilog HDL info at PifoMesh.v(42419): extracting RAM for identifier 'ram' File: /data/work/rio-synthesis/hardware-replay-final/rio-replay-pe5-v512-c1024-j16384-quartus/quartus-rtl/PifoMesh.v Line: 42419
Info (22567): Verilog HDL info at PifoMesh.v(42363): extracting RAM for identifier 'ram' File: /data/work/rio-synthesis/hardware-replay-final/rio-replay-pe5-v512-c1024-j16384-quartus/quartus-rtl/PifoMesh.v Line: 42363
Info (22567): Verilog HDL info at PifoMesh.v(42303): extracting RAM for identifier 'ram' File: /data/work/rio-synthesis/hardware-replay-final/rio-replay-pe5-v512-c1024-j16384-quartus/quartus-rtl/PifoMesh.v Line: 42303
Info (22567): Verilog HDL info at PifoMesh.v(10638): extracting RAM for identifier 'banks_0' File: /data/work/rio-synthesis/hardware-replay-final/rio-replay-pe5-v512-c1024-j16384-quartus/quartus-rtl/PifoMesh.v Line: 10638
Info (22567): Verilog HDL info at PifoMesh.v(10640): extracting RAM for identifier 'banks_1' File: /data/work/rio-synthesis/hardware-replay-final/rio-replay-pe5-v512-c1024-j16384-quartus/quartus-rtl/PifoMesh.v Line: 10640
Info (22567): Verilog HDL info at PifoMesh.v(10528): extracting RAM for identifier 'banks_0' File: /data/work/rio-synthesis/hardware-replay-final/rio-replay-pe5-v512-c1024-j16384-quartus/quartus-rtl/PifoMesh.v Line: 10528
Info (22567): Verilog HDL info at PifoMesh.v(10530): extracting RAM for identifier 'banks_1' File: /data/work/rio-synthesis/hardware-replay-final/rio-replay-pe5-v512-c1024-j16384-quartus/quartus-rtl/PifoMesh.v Line: 10530
Info (22567): Verilog HDL info at PifoMesh.v(42225): extracting RAM for identifier 'ram' File: /data/work/rio-synthesis/hardware-replay-final/rio-replay-pe5-v512-c1024-j16384-quartus/quartus-rtl/PifoMesh.v Line: 42225
Info (22567): Verilog HDL info at PifoMesh.v(42169): extracting RAM for identifier 'ram' File: /data/work/rio-synthesis/hardware-replay-final/rio-replay-pe5-v512-c1024-j16384-quartus/quartus-rtl/PifoMesh.v Line: 42169
Info (22567): Verilog HDL info at PifoMesh.v(42113): extracting RAM for identifier 'ram' File: /data/work/rio-synthesis/hardware-replay-final/rio-replay-pe5-v512-c1024-j16384-quartus/quartus-rtl/PifoMesh.v Line: 42113
Info (22567): Verilog HDL info at PifoMesh.v(42053): extracting RAM for identifier 'ram' File: /data/work/rio-synthesis/hardware-replay-final/rio-replay-pe5-v512-c1024-j16384-quartus/quartus-rtl/PifoMesh.v Line: 42053
Info (22567): Verilog HDL info at PifoMesh.v(9363): extracting RAM for identifier 'banks_0' File: /data/work/rio-synthesis/hardware-replay-final/rio-replay-pe5-v512-c1024-j16384-quartus/quartus-rtl/PifoMesh.v Line: 9363
Info (22567): Verilog HDL info at PifoMesh.v(9365): extracting RAM for identifier 'banks_1' File: /data/work/rio-synthesis/hardware-replay-final/rio-replay-pe5-v512-c1024-j16384-quartus/quartus-rtl/PifoMesh.v Line: 9365
Info (22567): Verilog HDL info at PifoMesh.v(9253): extracting RAM for identifier 'banks_0' File: /data/work/rio-synthesis/hardware-replay-final/rio-replay-pe5-v512-c1024-j16384-quartus/quartus-rtl/PifoMesh.v Line: 9253
Info (22567): Verilog HDL info at PifoMesh.v(9255): extracting RAM for identifier 'banks_1' File: /data/work/rio-synthesis/hardware-replay-final/rio-replay-pe5-v512-c1024-j16384-quartus/quartus-rtl/PifoMesh.v Line: 9255
Info (22567): Verilog HDL info at PifoMesh.v(41975): extracting RAM for identifier 'ram' File: /data/work/rio-synthesis/hardware-replay-final/rio-replay-pe5-v512-c1024-j16384-quartus/quartus-rtl/PifoMesh.v Line: 41975
Info (22567): Verilog HDL info at PifoMesh.v(41919): extracting RAM for identifier 'ram' File: /data/work/rio-synthesis/hardware-replay-final/rio-replay-pe5-v512-c1024-j16384-quartus/quartus-rtl/PifoMesh.v Line: 41919
Info (22567): Verilog HDL info at PifoMesh.v(41863): extracting RAM for identifier 'ram' File: /data/work/rio-synthesis/hardware-replay-final/rio-replay-pe5-v512-c1024-j16384-quartus/quartus-rtl/PifoMesh.v Line: 41863
Info (22567): Verilog HDL info at PifoMesh.v(41803): extracting RAM for identifier 'ram' File: /data/work/rio-synthesis/hardware-replay-final/rio-replay-pe5-v512-c1024-j16384-quartus/quartus-rtl/PifoMesh.v Line: 41803
Info (22567): Verilog HDL info at PifoMesh.v(8088): extracting RAM for identifier 'banks_0' File: /data/work/rio-synthesis/hardware-replay-final/rio-replay-pe5-v512-c1024-j16384-quartus/quartus-rtl/PifoMesh.v Line: 8088
Info (22567): Verilog HDL info at PifoMesh.v(8090): extracting RAM for identifier 'banks_1' File: /data/work/rio-synthesis/hardware-replay-final/rio-replay-pe5-v512-c1024-j16384-quartus/quartus-rtl/PifoMesh.v Line: 8090
Info (22567): Verilog HDL info at PifoMesh.v(2646): extracting RAM for identifier 'logic_ram' File: /data/work/rio-synthesis/hardware-replay-final/rio-replay-pe5-v512-c1024-j16384-quartus/quartus-rtl/PifoMesh.v Line: 2646
Info (22567): Verilog HDL info at PifoMesh.v(2429): extracting RAM for identifier 'logic_ram' File: /data/work/rio-synthesis/hardware-replay-final/rio-replay-pe5-v512-c1024-j16384-quartus/quartus-rtl/PifoMesh.v Line: 2429
Info: Found 75 design entities
Info: There are 206 partitions after elaboration.
Info: DA report generation in native DNI mode
Info (21615): Running Design Assistant Rules for snapshot 'partitioned'
Info: No waiver waived any violations
Info (22360): Design Assistant Results: 8 of 10 enabled rules passed, and 1 rules was disabled, in snapshot 'partitioned'
Warning (21620): Design Assistant Results: 1 of 1 High severity rules issued violations in snapshot 'partitioned'. Please refer to DRC report '/data/work/rio-synthesis/hardware-replay-final/rio-replay-pe5-v512-c1024-j16384-quartus/output_files/pifo.drc.partitioned.rpt' for more information
Info (21621): Design Assistant Results: 1 of 1 Medium severity rules issued violations in snapshot 'partitioned'. Please refer to DRC report '/data/work/rio-synthesis/hardware-replay-final/rio-replay-pe5-v512-c1024-j16384-quartus/output_files/pifo.drc.partitioned.rpt' for more information
Info (21622): Design Assistant Results: 0 of 8 Low severity rules issued violations in snapshot 'partitioned'
Info: Synthesizing partition "root_partition"
Warning (276020): Inferred RAM node "xbar|io_inputs_0_fifo|fifo|logic_ram_rtl_0" from synchronous design logic.  Pass-through logic has been added to match the read-during-write behavior of the original design. File: /data/work/rio-synthesis/hardware-replay-final/rio-replay-pe5-v512-c1024-j16384-quartus/quartus-rtl/PifoMesh.v Line: 44069
Warning (276020): Inferred RAM node "xbar|io_inputs_1_fifo|fifo|logic_ram_rtl_0" from synchronous design logic.  Pass-through logic has been added to match the read-during-write behavior of the original design. File: /data/work/rio-synthesis/hardware-replay-final/rio-replay-pe5-v512-c1024-j16384-quartus/quartus-rtl/PifoMesh.v Line: 44069
Warning (276020): Inferred RAM node "xbar|io_inputs_2_fifo|fifo|logic_ram_rtl_0" from synchronous design logic.  Pass-through logic has been added to match the read-during-write behavior of the original design. File: /data/work/rio-synthesis/hardware-replay-final/rio-replay-pe5-v512-c1024-j16384-quartus/quartus-rtl/PifoMesh.v Line: 44069
Warning (276020): Inferred RAM node "xbar|io_inputs_3_fifo|fifo|logic_ram_rtl_0" from synchronous design logic.  Pass-through logic has been added to match the read-during-write behavior of the original design. File: /data/work/rio-synthesis/hardware-replay-final/rio-replay-pe5-v512-c1024-j16384-quartus/quartus-rtl/PifoMesh.v Line: 44069
Warning (276020): Inferred RAM node "xbar|io_inputs_4_fifo|fifo|logic_ram_rtl_0" from synchronous design logic.  Pass-through logic has been added to match the read-during-write behavior of the original design. File: /data/work/rio-synthesis/hardware-replay-final/rio-replay-pe5-v512-c1024-j16384-quartus/quartus-rtl/PifoMesh.v Line: 44069
Warning (276020): Inferred RAM node "xbar|io_inputs_5_fifo|fifo|logic_ram_rtl_0" from synchronous design logic.  Pass-through logic has been added to match the read-during-write behavior of the original design. File: /data/work/rio-synthesis/hardware-replay-final/rio-replay-pe5-v512-c1024-j16384-quartus/quartus-rtl/PifoMesh.v Line: 44069
Info (276014): Found 25 instances of uninferred RAM logic
    Info (276004): RAM logic "pifoEngines_0|enque_brain|flowStateUpdate_toStream_fifo|fifo|logic_ram" is uninferred due to inappropriate RAM size File: /data/work/rio-synthesis/hardware-replay-final/rio-replay-pe5-v512-c1024-j16384-quartus/quartus-rtl/PifoMesh.v Line: 44920
    Info (276004): RAM logic "pifoEngines_0|enque_brain|brainStateUpdate_toStream_fifo|fifo|logic_ram" is uninferred due to inappropriate RAM size File: /data/work/rio-synthesis/hardware-replay-final/rio-replay-pe5-v512-c1024-j16384-quartus/quartus-rtl/PifoMesh.v Line: 44775
    Info (276004): RAM logic "pifoEngines_0|enque_brain|brainStateMem_io_readRes_toStream_fifo|fifo|logic_ram" is uninferred due to inappropriate RAM size File: /data/work/rio-synthesis/hardware-replay-final/rio-replay-pe5-v512-c1024-j16384-quartus/quartus-rtl/PifoMesh.v Line: 44513
    Info (276004): RAM logic "pifoEngines_0|enque_brain|engineCAM_io_readRes_toStream_fifo|fifo|logic_ram" is uninferred due to inappropriate RAM size File: /data/work/rio-synthesis/hardware-replay-final/rio-replay-pe5-v512-c1024-j16384-quartus/quartus-rtl/PifoMesh.v Line: 44513
    Info (276004): RAM logic "pifoEngines_0|enque_brain|io_outputs_4_fifo|fifo|logic_ram" is uninferred due to inappropriate RAM size File: /data/work/rio-synthesis/hardware-replay-final/rio-replay-pe5-v512-c1024-j16384-quartus/quartus-rtl/PifoMesh.v Line: 44244
    Info (276004): RAM logic "pifoEngines_1|enque_brain|flowStateUpdate_toStream_fifo|fifo|logic_ram" is uninferred due to inappropriate RAM size File: /data/work/rio-synthesis/hardware-replay-final/rio-replay-pe5-v512-c1024-j16384-quartus/quartus-rtl/PifoMesh.v Line: 44920
    Info (276004): RAM logic "pifoEngines_1|enque_brain|brainStateUpdate_toStream_fifo|fifo|logic_ram" is uninferred due to inappropriate RAM size File: /data/work/rio-synthesis/hardware-replay-final/rio-replay-pe5-v512-c1024-j16384-quartus/quartus-rtl/PifoMesh.v Line: 44775
    Info (276004): RAM logic "pifoEngines_1|enque_brain|brainStateMem_io_readRes_toStream_fifo|fifo|logic_ram" is uninferred due to inappropriate RAM size File: /data/work/rio-synthesis/hardware-replay-final/rio-replay-pe5-v512-c1024-j16384-quartus/quartus-rtl/PifoMesh.v Line: 44513
    Info (276004): RAM logic "pifoEngines_1|enque_brain|engineCAM_io_readRes_toStream_fifo|fifo|logic_ram" is uninferred due to inappropriate RAM size File: /data/work/rio-synthesis/hardware-replay-final/rio-replay-pe5-v512-c1024-j16384-quartus/quartus-rtl/PifoMesh.v Line: 44513
    Info (276004): RAM logic "pifoEngines_1|enque_brain|io_outputs_4_fifo|fifo|logic_ram" is uninferred due to inappropriate RAM size File: /data/work/rio-synthesis/hardware-replay-final/rio-replay-pe5-v512-c1024-j16384-quartus/quartus-rtl/PifoMesh.v Line: 44244
    Info (276004): RAM logic "pifoEngines_2|enque_brain|flowStateUpdate_toStream_fifo|fifo|logic_ram" is uninferred due to inappropriate RAM size File: /data/work/rio-synthesis/hardware-replay-final/rio-replay-pe5-v512-c1024-j16384-quartus/quartus-rtl/PifoMesh.v Line: 44920
    Info (276004): RAM logic "pifoEngines_2|enque_brain|brainStateUpdate_toStream_fifo|fifo|logic_ram" is uninferred due to inappropriate RAM size File: /data/work/rio-synthesis/hardware-replay-final/rio-replay-pe5-v512-c1024-j16384-quartus/quartus-rtl/PifoMesh.v Line: 44775
    Info (276004): RAM logic "pifoEngines_2|enque_brain|brainStateMem_io_readRes_toStream_fifo|fifo|logic_ram" is uninferred due to inappropriate RAM size File: /data/work/rio-synthesis/hardware-replay-final/rio-replay-pe5-v512-c1024-j16384-quartus/quartus-rtl/PifoMesh.v Line: 44513
    Info (276004): RAM logic "pifoEngines_2|enque_brain|engineCAM_io_readRes_toStream_fifo|fifo|logic_ram" is uninferred due to inappropriate RAM size File: /data/work/rio-synthesis/hardware-replay-final/rio-replay-pe5-v512-c1024-j16384-quartus/quartus-rtl/PifoMesh.v Line: 44513
    Info (276004): RAM logic "pifoEngines_2|enque_brain|io_outputs_4_fifo|fifo|logic_ram" is uninferred due to inappropriate RAM size File: /data/work/rio-synthesis/hardware-replay-final/rio-replay-pe5-v512-c1024-j16384-quartus/quartus-rtl/PifoMesh.v Line: 44244
    Info (276004): RAM logic "pifoEngines_3|enque_brain|flowStateUpdate_toStream_fifo|fifo|logic_ram" is uninferred due to inappropriate RAM size File: /data/work/rio-synthesis/hardware-replay-final/rio-replay-pe5-v512-c1024-j16384-quartus/quartus-rtl/PifoMesh.v Line: 44920
    Info (276004): RAM logic "pifoEngines_3|enque_brain|brainStateUpdate_toStream_fifo|fifo|logic_ram" is uninferred due to inappropriate RAM size File: /data/work/rio-synthesis/hardware-replay-final/rio-replay-pe5-v512-c1024-j16384-quartus/quartus-rtl/PifoMesh.v Line: 44775
    Info (276004): RAM logic "pifoEngines_3|enque_brain|brainStateMem_io_readRes_toStream_fifo|fifo|logic_ram" is uninferred due to inappropriate RAM size File: /data/work/rio-synthesis/hardware-replay-final/rio-replay-pe5-v512-c1024-j16384-quartus/quartus-rtl/PifoMesh.v Line: 44513
    Info (276004): RAM logic "pifoEngines_3|enque_brain|engineCAM_io_readRes_toStream_fifo|fifo|logic_ram" is uninferred due to inappropriate RAM size File: /data/work/rio-synthesis/hardware-replay-final/rio-replay-pe5-v512-c1024-j16384-quartus/quartus-rtl/PifoMesh.v Line: 44513
    Info (276004): RAM logic "pifoEngines_3|enque_brain|io_outputs_4_fifo|fifo|logic_ram" is uninferred due to inappropriate RAM size File: /data/work/rio-synthesis/hardware-replay-final/rio-replay-pe5-v512-c1024-j16384-quartus/quartus-rtl/PifoMesh.v Line: 44244
    Info (276004): RAM logic "pifoEngines_4|enque_brain|flowStateUpdate_toStream_fifo|fifo|logic_ram" is uninferred due to inappropriate RAM size File: /data/work/rio-synthesis/hardware-replay-final/rio-replay-pe5-v512-c1024-j16384-quartus/quartus-rtl/PifoMesh.v Line: 44920
    Info (276004): RAM logic "pifoEngines_4|enque_brain|brainStateUpdate_toStream_fifo|fifo|logic_ram" is uninferred due to inappropriate RAM size File: /data/work/rio-synthesis/hardware-replay-final/rio-replay-pe5-v512-c1024-j16384-quartus/quartus-rtl/PifoMesh.v Line: 44775
    Info (276004): RAM logic "pifoEngines_4|enque_brain|brainStateMem_io_readRes_toStream_fifo|fifo|logic_ram" is uninferred due to inappropriate RAM size File: /data/work/rio-synthesis/hardware-replay-final/rio-replay-pe5-v512-c1024-j16384-quartus/quartus-rtl/PifoMesh.v Line: 44513
    Info (276004): RAM logic "pifoEngines_4|enque_brain|engineCAM_io_readRes_toStream_fifo|fifo|logic_ram" is uninferred due to inappropriate RAM size File: /data/work/rio-synthesis/hardware-replay-final/rio-replay-pe5-v512-c1024-j16384-quartus/quartus-rtl/PifoMesh.v Line: 44513
    Info (276004): RAM logic "pifoEngines_4|enque_brain|io_outputs_4_fifo|fifo|logic_ram" is uninferred due to inappropriate RAM size File: /data/work/rio-synthesis/hardware-replay-final/rio-replay-pe5-v512-c1024-j16384-quartus/quartus-rtl/PifoMesh.v Line: 44244
Info (19000): Inferred 23 megafunctions from design logic
    Info (276029): Inferred altsyncram megafunction from the following design logic: "ingress_fifo|logic_ram_rtl_0"  File: /data/work/rio-synthesis/hardware-replay-final/rio-replay-pe5-v512-c1024-j16384-quartus/quartus-rtl/PifoMesh.v Line: 2646
        Info (286033): Parameter OPERATION_MODE set to DUAL_PORT
        Info (286033): Parameter WIDTH_A set to 59
        Info (286033): Parameter WIDTHAD_A set to 2
        Info (286033): Parameter NUMWORDS_A set to 4
        Info (286033): Parameter WIDTH_B set to 59
        Info (286033): Parameter WIDTHAD_B set to 2
        Info (286033): Parameter NUMWORDS_B set to 4
        Info (286033): Parameter ADDRESS_ACLR_A set to NONE
        Info (286033): Parameter OUTDATA_REG_B set to UNREGISTERED
        Info (286033): Parameter ADDRESS_ACLR_B set to NONE
        Info (286033): Parameter OUTDATA_ACLR_B set to NONE
        Info (286033): Parameter ADDRESS_REG_B set to CLOCK0
        Info (286033): Parameter INDATA_ACLR_A set to NONE
        Info (286033): Parameter WRCONTROL_ACLR_A set to NONE
        Info (286033): Parameter READ_DURING_WRITE_MODE_MIXED_PORTS set to OLD_DATA
        Info (286033): Parameter RDCONTROL_REG_B set to CLOCK0
    Info (276029): Inferred altsyncram megafunction from the following design logic: "streamFifo_53|logic_ram_rtl_0"  File: /data/work/rio-synthesis/hardware-replay-final/rio-replay-pe5-v512-c1024-j16384-quartus/quartus-rtl/PifoMesh.v Line: 2429
        Info (286033): Parameter OPERATION_MODE set to DUAL_PORT
        Info (286033): Parameter WIDTH_A set to 37
        Info (286033): Parameter WIDTHAD_A set to 14
        Info (286033): Parameter NUMWORDS_A set to 16384
        Info (286033): Parameter WIDTH_B set to 37
        Info (286033): Parameter WIDTHAD_B set to 14
        Info (286033): Parameter NUMWORDS_B set to 16384
        Info (286033): Parameter ADDRESS_ACLR_A set to NONE
        Info (286033): Parameter OUTDATA_REG_B set to UNREGISTERED
        Info (286033): Parameter ADDRESS_ACLR_B set to NONE
        Info (286033): Parameter OUTDATA_ACLR_B set to NONE
        Info (286033): Parameter ADDRESS_REG_B set to CLOCK0
        Info (286033): Parameter INDATA_ACLR_A set to NONE
        Info (286033): Parameter WRCONTROL_ACLR_A set to NONE
        Info (286033): Parameter RAM_BLOCK_TYPE set to M20K
        Info (286033): Parameter READ_DURING_WRITE_MODE_MIXED_PORTS set to OLD_DATA
        Info (286033): Parameter RDCONTROL_REG_B set to CLOCK0
    Info (276029): Inferred altsyncram megafunction from the following design logic: "pifoEngines_0|deque_dequeMapper|banks_0_rtl_0"  File: /data/work/rio-synthesis/hardware-replay-final/rio-replay-pe5-v512-c1024-j16384-quartus/quartus-rtl/PifoMesh.v Line: 40056
        Info (286033): Parameter OPERATION_MODE set to DUAL_PORT
        Info (286033): Parameter WIDTH_A set to 12
        Info (286033): Parameter WIDTHAD_A set to 21
        Info (286033): Parameter NUMWORDS_A set to 2097152
        Info (286033): Parameter WIDTH_B set to 12
        Info (286033): Parameter WIDTHAD_B set to 21
        Info (286033): Parameter NUMWORDS_B set to 2097152
        Info (286033): Parameter ADDRESS_ACLR_A set to NONE
        Info (286033): Parameter OUTDATA_REG_B set to UNREGISTERED
        Info (286033): Parameter ADDRESS_ACLR_B set to NONE
        Info (286033): Parameter OUTDATA_ACLR_B set to NONE
        Info (286033): Parameter ADDRESS_REG_B set to CLOCK0
        Info (286033): Parameter INDATA_ACLR_A set to NONE
        Info (286033): Parameter WRCONTROL_ACLR_A set to NONE
        Info (286033): Parameter INIT_FILE set to /data/work/rio-synthesis/hardware-replay-final/rio-replay-pe5-v512-c1024-j16384-quartus/quartus-rtl/PifoMesh.v_toplevel_pifoEngines_0_deque_dequeMapper_banks_0.bin.mif
        Info (286033): Parameter READ_DURING_WRITE_MODE_MIXED_PORTS set to OLD_DATA
        Info (286033): Parameter RDCONTROL_REG_B set to CLOCK0
    Info (276029): Inferred altsyncram megafunction from the following design logic: "pifoEngines_0|deque_dequeMapper|banks_1_rtl_0"  File: /data/work/rio-synthesis/hardware-replay-final/rio-replay-pe5-v512-c1024-j16384-quartus/quartus-rtl/PifoMesh.v Line: 40058
        Info (286033): Parameter OPERATION_MODE set to DUAL_PORT
        Info (286033): Parameter WIDTH_A set to 12
        Info (286033): Parameter WIDTHAD_A set to 21
        Info (286033): Parameter NUMWORDS_A set to 2097152
        Info (286033): Parameter WIDTH_B set to 12
        Info (286033): Parameter WIDTHAD_B set to 21
        Info (286033): Parameter NUMWORDS_B set to 2097152
        Info (286033): Parameter ADDRESS_ACLR_A set to NONE
        Info (286033): Parameter OUTDATA_REG_B set to UNREGISTERED
        Info (286033): Parameter ADDRESS_ACLR_B set to NONE
        Info (286033): Parameter OUTDATA_ACLR_B set to NONE
        Info (286033): Parameter ADDRESS_REG_B set to CLOCK0
        Info (286033): Parameter INDATA_ACLR_A set to NONE
        Info (286033): Parameter WRCONTROL_ACLR_A set to NONE
        Info (286033): Parameter INIT_FILE set to /data/work/rio-synthesis/hardware-replay-final/rio-replay-pe5-v512-c1024-j16384-quartus/quartus-rtl/PifoMesh.v_toplevel_pifoEngines_0_deque_dequeMapper_banks_1.bin.mif
        Info (286033): Parameter READ_DURING_WRITE_MODE_MIXED_PORTS set to OLD_DATA
        Info (286033): Parameter RDCONTROL_REG_B set to CLOCK0
    Info (276029): Inferred altsyncram megafunction from the following design logic: "pifoEngines_1|deque_dequeMapper|banks_0_rtl_0"  File: /data/work/rio-synthesis/hardware-replay-final/rio-replay-pe5-v512-c1024-j16384-quartus/quartus-rtl/PifoMesh.v Line: 11913
        Info (286033): Parameter OPERATION_MODE set to DUAL_PORT
        Info (286033): Parameter WIDTH_A set to 12
        Info (286033): Parameter WIDTHAD_A set to 21
        Info (286033): Parameter NUMWORDS_A set to 2097152
        Info (286033): Parameter WIDTH_B set to 12
        Info (286033): Parameter WIDTHAD_B set to 21
        Info (286033): Parameter NUMWORDS_B set to 2097152
        Info (286033): Parameter ADDRESS_ACLR_A set to NONE
        Info (286033): Parameter OUTDATA_REG_B set to UNREGISTERED
        Info (286033): Parameter ADDRESS_ACLR_B set to NONE
        Info (286033): Parameter OUTDATA_ACLR_B set to NONE
        Info (286033): Parameter ADDRESS_REG_B set to CLOCK0
        Info (286033): Parameter INDATA_ACLR_A set to NONE
        Info (286033): Parameter WRCONTROL_ACLR_A set to NONE
        Info (286033): Parameter INIT_FILE set to /data/work/rio-synthesis/hardware-replay-final/rio-replay-pe5-v512-c1024-j16384-quartus/quartus-rtl/PifoMesh.v_toplevel_pifoEngines_1_deque_dequeMapper_banks_0.bin.mif
        Info (286033): Parameter READ_DURING_WRITE_MODE_MIXED_PORTS set to OLD_DATA
        Info (286033): Parameter RDCONTROL_REG_B set to CLOCK0
    Info (276029): Inferred altsyncram megafunction from the following design logic: "pifoEngines_1|deque_dequeMapper|banks_1_rtl_0"  File: /data/work/rio-synthesis/hardware-replay-final/rio-replay-pe5-v512-c1024-j16384-quartus/quartus-rtl/PifoMesh.v Line: 11915
        Info (286033): Parameter OPERATION_MODE set to DUAL_PORT
        Info (286033): Parameter WIDTH_A set to 12
        Info (286033): Parameter WIDTHAD_A set to 21
        Info (286033): Parameter NUMWORDS_A set to 2097152
        Info (286033): Parameter WIDTH_B set to 12
        Info (286033): Parameter WIDTHAD_B set to 21
        Info (286033): Parameter NUMWORDS_B set to 2097152
        Info (286033): Parameter ADDRESS_ACLR_A set to NONE
        Info (286033): Parameter OUTDATA_REG_B set to UNREGISTERED
        Info (286033): Parameter ADDRESS_ACLR_B set to NONE
        Info (286033): Parameter OUTDATA_ACLR_B set to NONE
        Info (286033): Parameter ADDRESS_REG_B set to CLOCK0
        Info (286033): Parameter INDATA_ACLR_A set to NONE
        Info (286033): Parameter WRCONTROL_ACLR_A set to NONE
        Info (286033): Parameter INIT_FILE set to /data/work/rio-synthesis/hardware-replay-final/rio-replay-pe5-v512-c1024-j16384-quartus/quartus-rtl/PifoMesh.v_toplevel_pifoEngines_1_deque_dequeMapper_banks_1.bin.mif
        Info (286033): Parameter READ_DURING_WRITE_MODE_MIXED_PORTS set to OLD_DATA
        Info (286033): Parameter RDCONTROL_REG_B set to CLOCK0
    Info (276029): Inferred altsyncram megafunction from the following design logic: "pifoEngines_2|deque_dequeMapper|banks_0_rtl_0"  File: /data/work/rio-synthesis/hardware-replay-final/rio-replay-pe5-v512-c1024-j16384-quartus/quartus-rtl/PifoMesh.v Line: 10638
        Info (286033): Parameter OPERATION_MODE set to DUAL_PORT
        Info (286033): Parameter WIDTH_A set to 12
        Info (286033): Parameter WIDTHAD_A set to 21
        Info (286033): Parameter NUMWORDS_A set to 2097152
        Info (286033): Parameter WIDTH_B set to 12
        Info (286033): Parameter WIDTHAD_B set to 21
        Info (286033): Parameter NUMWORDS_B set to 2097152
        Info (286033): Parameter ADDRESS_ACLR_A set to NONE
        Info (286033): Parameter OUTDATA_REG_B set to UNREGISTERED
        Info (286033): Parameter ADDRESS_ACLR_B set to NONE
        Info (286033): Parameter OUTDATA_ACLR_B set to NONE
        Info (286033): Parameter ADDRESS_REG_B set to CLOCK0
        Info (286033): Parameter INDATA_ACLR_A set to NONE
        Info (286033): Parameter WRCONTROL_ACLR_A set to NONE
        Info (286033): Parameter INIT_FILE set to /data/work/rio-synthesis/hardware-replay-final/rio-replay-pe5-v512-c1024-j16384-quartus/quartus-rtl/PifoMesh.v_toplevel_pifoEngines_2_deque_dequeMapper_banks_0.bin.mif
        Info (286033): Parameter READ_DURING_WRITE_MODE_MIXED_PORTS set to OLD_DATA
        Info (286033): Parameter RDCONTROL_REG_B set to CLOCK0
    Info (276029): Inferred altsyncram megafunction from the following design logic: "pifoEngines_2|deque_dequeMapper|banks_1_rtl_0"  File: /data/work/rio-synthesis/hardware-replay-final/rio-replay-pe5-v512-c1024-j16384-quartus/quartus-rtl/PifoMesh.v Line: 10640
        Info (286033): Parameter OPERATION_MODE set to DUAL_PORT
        Info (286033): Parameter WIDTH_A set to 12
        Info (286033): Parameter WIDTHAD_A set to 21
        Info (286033): Parameter NUMWORDS_A set to 2097152
        Info (286033): Parameter WIDTH_B set to 12
        Info (286033): Parameter WIDTHAD_B set to 21
        Info (286033): Parameter NUMWORDS_B set to 2097152
        Info (286033): Parameter ADDRESS_ACLR_A set to NONE
        Info (286033): Parameter OUTDATA_REG_B set to UNREGISTERED
        Info (286033): Parameter ADDRESS_ACLR_B set to NONE
        Info (286033): Parameter OUTDATA_ACLR_B set to NONE
        Info (286033): Parameter ADDRESS_REG_B set to CLOCK0
        Info (286033): Parameter INDATA_ACLR_A set to NONE
        Info (286033): Parameter WRCONTROL_ACLR_A set to NONE
        Info (286033): Parameter INIT_FILE set to /data/work/rio-synthesis/hardware-replay-final/rio-replay-pe5-v512-c1024-j16384-quartus/quartus-rtl/PifoMesh.v_toplevel_pifoEngines_2_deque_dequeMapper_banks_1.bin.mif
        Info (286033): Parameter READ_DURING_WRITE_MODE_MIXED_PORTS set to OLD_DATA
        Info (286033): Parameter RDCONTROL_REG_B set to CLOCK0
    Info (276029): Inferred altsyncram megafunction from the following design logic: "pifoEngines_3|deque_dequeMapper|banks_0_rtl_0"  File: /data/work/rio-synthesis/hardware-replay-final/rio-replay-pe5-v512-c1024-j16384-quartus/quartus-rtl/PifoMesh.v Line: 9363
        Info (286033): Parameter OPERATION_MODE set to DUAL_PORT
        Info (286033): Parameter WIDTH_A set to 12
        Info (286033): Parameter WIDTHAD_A set to 21
        Info (286033): Parameter NUMWORDS_A set to 2097152
        Info (286033): Parameter WIDTH_B set to 12
        Info (286033): Parameter WIDTHAD_B set to 21
        Info (286033): Parameter NUMWORDS_B set to 2097152
        Info (286033): Parameter ADDRESS_ACLR_A set to NONE
        Info (286033): Parameter OUTDATA_REG_B set to UNREGISTERED
        Info (286033): Parameter ADDRESS_ACLR_B set to NONE
        Info (286033): Parameter OUTDATA_ACLR_B set to NONE
        Info (286033): Parameter ADDRESS_REG_B set to CLOCK0
        Info (286033): Parameter INDATA_ACLR_A set to NONE
        Info (286033): Parameter WRCONTROL_ACLR_A set to NONE
        Info (286033): Parameter INIT_FILE set to /data/work/rio-synthesis/hardware-replay-final/rio-replay-pe5-v512-c1024-j16384-quartus/quartus-rtl/PifoMesh.v_toplevel_pifoEngines_3_deque_dequeMapper_banks_0.bin.mif
        Info (286033): Parameter READ_DURING_WRITE_MODE_MIXED_PORTS set to OLD_DATA
        Info (286033): Parameter RDCONTROL_REG_B set to CLOCK0
    Info (276029): Inferred altsyncram megafunction from the following design logic: "pifoEngines_3|deque_dequeMapper|banks_1_rtl_0"  File: /data/work/rio-synthesis/hardware-replay-final/rio-replay-pe5-v512-c1024-j16384-quartus/quartus-rtl/PifoMesh.v Line: 9365
        Info (286033): Parameter OPERATION_MODE set to DUAL_PORT
        Info (286033): Parameter WIDTH_A set to 12
        Info (286033): Parameter WIDTHAD_A set to 21
        Info (286033): Parameter NUMWORDS_A set to 2097152
        Info (286033): Parameter WIDTH_B set to 12
        Info (286033): Parameter WIDTHAD_B set to 21
        Info (286033): Parameter NUMWORDS_B set to 2097152
        Info (286033): Parameter ADDRESS_ACLR_A set to NONE
        Info (286033): Parameter OUTDATA_REG_B set to UNREGISTERED
        Info (286033): Parameter ADDRESS_ACLR_B set to NONE
        Info (286033): Parameter OUTDATA_ACLR_B set to NONE
        Info (286033): Parameter ADDRESS_REG_B set to CLOCK0
        Info (286033): Parameter INDATA_ACLR_A set to NONE
        Info (286033): Parameter WRCONTROL_ACLR_A set to NONE
        Info (286033): Parameter INIT_FILE set to /data/work/rio-synthesis/hardware-replay-final/rio-replay-pe5-v512-c1024-j16384-quartus/quartus-rtl/PifoMesh.v_toplevel_pifoEngines_3_deque_dequeMapper_banks_1.bin.mif
        Info (286033): Parameter READ_DURING_WRITE_MODE_MIXED_PORTS set to OLD_DATA
        Info (286033): Parameter RDCONTROL_REG_B set to CLOCK0
    Info (276029): Inferred altsyncram megafunction from the following design logic: "pifoEngines_4|deque_dequeMapper|banks_0_rtl_0"  File: /data/work/rio-synthesis/hardware-replay-final/rio-replay-pe5-v512-c1024-j16384-quartus/quartus-rtl/PifoMesh.v Line: 8088
        Info (286033): Parameter OPERATION_MODE set to DUAL_PORT
        Info (286033): Parameter WIDTH_A set to 12
        Info (286033): Parameter WIDTHAD_A set to 21
        Info (286033): Parameter NUMWORDS_A set to 2097152
        Info (286033): Parameter WIDTH_B set to 12
        Info (286033): Parameter WIDTHAD_B set to 21
        Info (286033): Parameter NUMWORDS_B set to 2097152
        Info (286033): Parameter ADDRESS_ACLR_A set to NONE
        Info (286033): Parameter OUTDATA_REG_B set to UNREGISTERED
        Info (286033): Parameter ADDRESS_ACLR_B set to NONE
        Info (286033): Parameter OUTDATA_ACLR_B set to NONE
        Info (286033): Parameter ADDRESS_REG_B set to CLOCK0
        Info (286033): Parameter INDATA_ACLR_A set to NONE
        Info (286033): Parameter WRCONTROL_ACLR_A set to NONE
        Info (286033): Parameter INIT_FILE set to /data/work/rio-synthesis/hardware-replay-final/rio-replay-pe5-v512-c1024-j16384-quartus/quartus-rtl/PifoMesh.v_toplevel_pifoEngines_4_deque_dequeMapper_banks_0.bin.mif
        Info (286033): Parameter READ_DURING_WRITE_MODE_MIXED_PORTS set to OLD_DATA
        Info (286033): Parameter RDCONTROL_REG_B set to CLOCK0
    Info (276029): Inferred altsyncram megafunction from the following design logic: "pifoEngines_4|deque_dequeMapper|banks_1_rtl_0"  File: /data/work/rio-synthesis/hardware-replay-final/rio-replay-pe5-v512-c1024-j16384-quartus/quartus-rtl/PifoMesh.v Line: 8090
        Info (286033): Parameter OPERATION_MODE set to DUAL_PORT
        Info (286033): Parameter WIDTH_A set to 12
        Info (286033): Parameter WIDTHAD_A set to 21
        Info (286033): Parameter NUMWORDS_A set to 2097152
        Info (286033): Parameter WIDTH_B set to 12
        Info (286033): Parameter WIDTHAD_B set to 21
        Info (286033): Parameter NUMWORDS_B set to 2097152
        Info (286033): Parameter ADDRESS_ACLR_A set to NONE
        Info (286033): Parameter OUTDATA_REG_B set to UNREGISTERED
        Info (286033): Parameter ADDRESS_ACLR_B set to NONE
        Info (286033): Parameter OUTDATA_ACLR_B set to NONE
        Info (286033): Parameter ADDRESS_REG_B set to CLOCK0
        Info (286033): Parameter INDATA_ACLR_A set to NONE
        Info (286033): Parameter WRCONTROL_ACLR_A set to NONE
        Info (286033): Parameter INIT_FILE set to /data/work/rio-synthesis/hardware-replay-final/rio-replay-pe5-v512-c1024-j16384-quartus/quartus-rtl/PifoMesh.v_toplevel_pifoEngines_4_deque_dequeMapper_banks_1.bin.mif
        Info (286033): Parameter READ_DURING_WRITE_MODE_MIXED_PORTS set to OLD_DATA
        Info (286033): Parameter RDCONTROL_REG_B set to CLOCK0
    Info (276029): Inferred altsyncram megafunction from the following design logic: "xbar|io_inputs_0_fifo|fifo|logic_ram_rtl_0"  File: /data/work/rio-synthesis/hardware-replay-final/rio-replay-pe5-v512-c1024-j16384-quartus/quartus-rtl/PifoMesh.v Line: 44069
        Info (286033): Parameter OPERATION_MODE set to DUAL_PORT
        Info (286033): Parameter WIDTH_A set to 12
        Info (286033): Parameter WIDTHAD_A set to 3
        Info (286033): Parameter NUMWORDS_A set to 8
        Info (286033): Parameter WIDTH_B set to 12
        Info (286033): Parameter WIDTHAD_B set to 3
        Info (286033): Parameter NUMWORDS_B set to 8
        Info (286033): Parameter ADDRESS_ACLR_A set to NONE
        Info (286033): Parameter OUTDATA_REG_B set to UNREGISTERED
        Info (286033): Parameter ADDRESS_ACLR_B set to CLEAR0
        Info (286033): Parameter OUTDATA_ACLR_B set to NONE
        Info (286033): Parameter ADDRESS_REG_B set to CLOCK0
        Info (286033): Parameter INDATA_ACLR_A set to NONE
        Info (286033): Parameter WRCONTROL_ACLR_A set to NONE
    Info (276029): Inferred altsyncram megafunction from the following design logic: "xbar|io_inputs_1_fifo|fifo|logic_ram_rtl_0"  File: /data/work/rio-synthesis/hardware-replay-final/rio-replay-pe5-v512-c1024-j16384-quartus/quartus-rtl/PifoMesh.v Line: 44069
        Info (286033): Parameter OPERATION_MODE set to DUAL_PORT
        Info (286033): Parameter WIDTH_A set to 12
        Info (286033): Parameter WIDTHAD_A set to 3
        Info (286033): Parameter NUMWORDS_A set to 8
        Info (286033): Parameter WIDTH_B set to 12
        Info (286033): Parameter WIDTHAD_B set to 3
        Info (286033): Parameter NUMWORDS_B set to 8
        Info (286033): Parameter ADDRESS_ACLR_A set to NONE
        Info (286033): Parameter OUTDATA_REG_B set to UNREGISTERED
        Info (286033): Parameter ADDRESS_ACLR_B set to CLEAR0
        Info (286033): Parameter OUTDATA_ACLR_B set to NONE
        Info (286033): Parameter ADDRESS_REG_B set to CLOCK0
        Info (286033): Parameter INDATA_ACLR_A set to NONE
        Info (286033): Parameter WRCONTROL_ACLR_A set to NONE
    Info (276029): Inferred altsyncram megafunction from the following design logic: "xbar|io_inputs_2_fifo|fifo|logic_ram_rtl_0"  File: /data/work/rio-synthesis/hardware-replay-final/rio-replay-pe5-v512-c1024-j16384-quartus/quartus-rtl/PifoMesh.v Line: 44069
        Info (286033): Parameter OPERATION_MODE set to DUAL_PORT
        Info (286033): Parameter WIDTH_A set to 12
        Info (286033): Parameter WIDTHAD_A set to 3
        Info (286033): Parameter NUMWORDS_A set to 8
        Info (286033): Parameter WIDTH_B set to 12
        Info (286033): Parameter WIDTHAD_B set to 3
        Info (286033): Parameter NUMWORDS_B set to 8
        Info (286033): Parameter ADDRESS_ACLR_A set to NONE
        Info (286033): Parameter OUTDATA_REG_B set to UNREGISTERED
        Info (286033): Parameter ADDRESS_ACLR_B set to CLEAR0
        Info (286033): Parameter OUTDATA_ACLR_B set to NONE
        Info (286033): Parameter ADDRESS_REG_B set to CLOCK0
        Info (286033): Parameter INDATA_ACLR_A set to NONE
        Info (286033): Parameter WRCONTROL_ACLR_A set to NONE
    Info (276029): Inferred altsyncram megafunction from the following design logic: "xbar|io_inputs_3_fifo|fifo|logic_ram_rtl_0"  File: /data/work/rio-synthesis/hardware-replay-final/rio-replay-pe5-v512-c1024-j16384-quartus/quartus-rtl/PifoMesh.v Line: 44069
        Info (286033): Parameter OPERATION_MODE set to DUAL_PORT
        Info (286033): Parameter WIDTH_A set to 12
        Info (286033): Parameter WIDTHAD_A set to 3
        Info (286033): Parameter NUMWORDS_A set to 8
        Info (286033): Parameter WIDTH_B set to 12
        Info (286033): Parameter WIDTHAD_B set to 3
        Info (286033): Parameter NUMWORDS_B set to 8
        Info (286033): Parameter ADDRESS_ACLR_A set to NONE
        Info (286033): Parameter OUTDATA_REG_B set to UNREGISTERED
        Info (286033): Parameter ADDRESS_ACLR_B set to CLEAR0
        Info (286033): Parameter OUTDATA_ACLR_B set to NONE
        Info (286033): Parameter ADDRESS_REG_B set to CLOCK0
        Info (286033): Parameter INDATA_ACLR_A set to NONE
        Info (286033): Parameter WRCONTROL_ACLR_A set to NONE
    Info (276029): Inferred altsyncram megafunction from the following design logic: "xbar|io_inputs_4_fifo|fifo|logic_ram_rtl_0"  File: /data/work/rio-synthesis/hardware-replay-final/rio-replay-pe5-v512-c1024-j16384-quartus/quartus-rtl/PifoMesh.v Line: 44069
        Info (286033): Parameter OPERATION_MODE set to DUAL_PORT
        Info (286033): Parameter WIDTH_A set to 12
        Info (286033): Parameter WIDTHAD_A set to 3
        Info (286033): Parameter NUMWORDS_A set to 8
        Info (286033): Parameter WIDTH_B set to 12
        Info (286033): Parameter WIDTHAD_B set to 3
        Info (286033): Parameter NUMWORDS_B set to 8
        Info (286033): Parameter ADDRESS_ACLR_A set to NONE
        Info (286033): Parameter OUTDATA_REG_B set to UNREGISTERED
        Info (286033): Parameter ADDRESS_ACLR_B set to CLEAR0
        Info (286033): Parameter OUTDATA_ACLR_B set to NONE
        Info (286033): Parameter ADDRESS_REG_B set to CLOCK0
        Info (286033): Parameter INDATA_ACLR_A set to NONE
        Info (286033): Parameter WRCONTROL_ACLR_A set to NONE
    Info (276029): Inferred altsyncram megafunction from the following design logic: "xbar|io_inputs_5_fifo|fifo|logic_ram_rtl_0"  File: /data/work/rio-synthesis/hardware-replay-final/rio-replay-pe5-v512-c1024-j16384-quartus/quartus-rtl/PifoMesh.v Line: 44069
        Info (286033): Parameter OPERATION_MODE set to DUAL_PORT
        Info (286033): Parameter WIDTH_A set to 12
        Info (286033): Parameter WIDTHAD_A set to 3
        Info (286033): Parameter NUMWORDS_A set to 8
        Info (286033): Parameter WIDTH_B set to 12
        Info (286033): Parameter WIDTHAD_B set to 3
        Info (286033): Parameter NUMWORDS_B set to 8
        Info (286033): Parameter ADDRESS_ACLR_A set to NONE
        Info (286033): Parameter OUTDATA_REG_B set to UNREGISTERED
        Info (286033): Parameter ADDRESS_ACLR_B set to CLEAR0
        Info (286033): Parameter OUTDATA_ACLR_B set to NONE
        Info (286033): Parameter ADDRESS_REG_B set to CLOCK0
        Info (286033): Parameter INDATA_ACLR_A set to NONE
        Info (286033): Parameter WRCONTROL_ACLR_A set to NONE
    Info (276029): Inferred altsyncram megafunction from the following design logic: "pifoEngines_0|enque_brain|engineCAM|ram_rtl_0"  File: /data/work/rio-synthesis/hardware-replay-final/rio-replay-pe5-v512-c1024-j16384-quartus/quartus-rtl/PifoMesh.v Line: 43595
        Info (286033): Parameter OPERATION_MODE set to DUAL_PORT
        Info (286033): Parameter WIDTH_A set to 32
        Info (286033): Parameter WIDTHAD_A set to 21
        Info (286033): Parameter NUMWORDS_A set to 2097152
        Info (286033): Parameter WIDTH_B set to 32
        Info (286033): Parameter WIDTHAD_B set to 21
        Info (286033): Parameter NUMWORDS_B set to 2097152
        Info (286033): Parameter ADDRESS_ACLR_A set to NONE
        Info (286033): Parameter OUTDATA_REG_B set to UNREGISTERED
        Info (286033): Parameter ADDRESS_ACLR_B set to NONE
        Info (286033): Parameter OUTDATA_ACLR_B set to NONE
        Info (286033): Parameter ADDRESS_REG_B set to CLOCK0
        Info (286033): Parameter INDATA_ACLR_A set to NONE
        Info (286033): Parameter WRCONTROL_ACLR_A set to NONE
        Info (286033): Parameter INIT_FILE set to /data/work/rio-synthesis/hardware-replay-final/rio-replay-pe5-v512-c1024-j16384-quartus/quartus-rtl/PifoMesh.v_toplevel_pifoEngines_0_enque_brain_engineCAM_ram.bin.mif
        Info (286033): Parameter READ_DURING_WRITE_MODE_MIXED_PORTS set to OLD_DATA
    Info (276029): Inferred altsyncram megafunction from the following design logic: "pifoEngines_1|enque_brain|engineCAM|ram_rtl_0"  File: /data/work/rio-synthesis/hardware-replay-final/rio-replay-pe5-v512-c1024-j16384-quartus/quartus-rtl/PifoMesh.v Line: 42613
        Info (286033): Parameter OPERATION_MODE set to DUAL_PORT
        Info (286033): Parameter WIDTH_A set to 32
        Info (286033): Parameter WIDTHAD_A set to 21
        Info (286033): Parameter NUMWORDS_A set to 2097152
        Info (286033): Parameter WIDTH_B set to 32
        Info (286033): Parameter WIDTHAD_B set to 21
        Info (286033): Parameter NUMWORDS_B set to 2097152
        Info (286033): Parameter ADDRESS_ACLR_A set to NONE
        Info (286033): Parameter OUTDATA_REG_B set to UNREGISTERED
        Info (286033): Parameter ADDRESS_ACLR_B set to NONE
        Info (286033): Parameter OUTDATA_ACLR_B set to NONE
        Info (286033): Parameter ADDRESS_REG_B set to CLOCK0
        Info (286033): Parameter INDATA_ACLR_A set to NONE
        Info (286033): Parameter WRCONTROL_ACLR_A set to NONE
        Info (286033): Parameter INIT_FILE set to /data/work/rio-synthesis/hardware-replay-final/rio-replay-pe5-v512-c1024-j16384-quartus/quartus-rtl/PifoMesh.v_toplevel_pifoEngines_1_enque_brain_engineCAM_ram.bin.mif
        Info (286033): Parameter READ_DURING_WRITE_MODE_MIXED_PORTS set to OLD_DATA
    Info (276029): Inferred altsyncram megafunction from the following design logic: "pifoEngines_2|enque_brain|engineCAM|ram_rtl_0"  File: /data/work/rio-synthesis/hardware-replay-final/rio-replay-pe5-v512-c1024-j16384-quartus/quartus-rtl/PifoMesh.v Line: 42363
        Info (286033): Parameter OPERATION_MODE set to DUAL_PORT
        Info (286033): Parameter WIDTH_A set to 32
        Info (286033): Parameter WIDTHAD_A set to 21
        Info (286033): Parameter NUMWORDS_A set to 2097152
        Info (286033): Parameter WIDTH_B set to 32
        Info (286033): Parameter WIDTHAD_B set to 21
        Info (286033): Parameter NUMWORDS_B set to 2097152
        Info (286033): Parameter ADDRESS_ACLR_A set to NONE
        Info (286033): Parameter OUTDATA_REG_B set to UNREGISTERED
        Info (286033): Parameter ADDRESS_ACLR_B set to NONE
        Info (286033): Parameter OUTDATA_ACLR_B set to NONE
        Info (286033): Parameter ADDRESS_REG_B set to CLOCK0
        Info (286033): Parameter INDATA_ACLR_A set to NONE
        Info (286033): Parameter WRCONTROL_ACLR_A set to NONE
        Info (286033): Parameter INIT_FILE set to /data/work/rio-synthesis/hardware-replay-final/rio-replay-pe5-v512-c1024-j16384-quartus/quartus-rtl/PifoMesh.v_toplevel_pifoEngines_2_enque_brain_engineCAM_ram.bin.mif
        Info (286033): Parameter READ_DURING_WRITE_MODE_MIXED_PORTS set to OLD_DATA
    Info (276029): Inferred altsyncram megafunction from the following design logic: "pifoEngines_3|enque_brain|engineCAM|ram_rtl_0"  File: /data/work/rio-synthesis/hardware-replay-final/rio-replay-pe5-v512-c1024-j16384-quartus/quartus-rtl/PifoMesh.v Line: 42113
        Info (286033): Parameter OPERATION_MODE set to DUAL_PORT
        Info (286033): Parameter WIDTH_A set to 32
        Info (286033): Parameter WIDTHAD_A set to 21
        Info (286033): Parameter NUMWORDS_A set to 2097152
        Info (286033): Parameter WIDTH_B set to 32
        Info (286033): Parameter WIDTHAD_B set to 21
        Info (286033): Parameter NUMWORDS_B set to 2097152
        Info (286033): Parameter ADDRESS_ACLR_A set to NONE
        Info (286033): Parameter OUTDATA_REG_B set to UNREGISTERED
        Info (286033): Parameter ADDRESS_ACLR_B set to NONE
        Info (286033): Parameter OUTDATA_ACLR_B set to NONE
        Info (286033): Parameter ADDRESS_REG_B set to CLOCK0
        Info (286033): Parameter INDATA_ACLR_A set to NONE
        Info (286033): Parameter WRCONTROL_ACLR_A set to NONE
        Info (286033): Parameter INIT_FILE set to /data/work/rio-synthesis/hardware-replay-final/rio-replay-pe5-v512-c1024-j16384-quartus/quartus-rtl/PifoMesh.v_toplevel_pifoEngines_3_enque_brain_engineCAM_ram.bin.mif
        Info (286033): Parameter READ_DURING_WRITE_MODE_MIXED_PORTS set to OLD_DATA
    Info (276029): Inferred altsyncram megafunction from the following design logic: "pifoEngines_4|enque_brain|engineCAM|ram_rtl_0"  File: /data/work/rio-synthesis/hardware-replay-final/rio-replay-pe5-v512-c1024-j16384-quartus/quartus-rtl/PifoMesh.v Line: 41863
        Info (286033): Parameter OPERATION_MODE set to DUAL_PORT
        Info (286033): Parameter WIDTH_A set to 32
        Info (286033): Parameter WIDTHAD_A set to 21
        Info (286033): Parameter NUMWORDS_A set to 2097152
        Info (286033): Parameter WIDTH_B set to 32
        Info (286033): Parameter WIDTHAD_B set to 21
        Info (286033): Parameter NUMWORDS_B set to 2097152
        Info (286033): Parameter ADDRESS_ACLR_A set to NONE
        Info (286033): Parameter OUTDATA_REG_B set to UNREGISTERED
        Info (286033): Parameter ADDRESS_ACLR_B set to NONE
        Info (286033): Parameter OUTDATA_ACLR_B set to NONE
        Info (286033): Parameter ADDRESS_REG_B set to CLOCK0
        Info (286033): Parameter INDATA_ACLR_A set to NONE
        Info (286033): Parameter WRCONTROL_ACLR_A set to NONE
        Info (286033): Parameter INIT_FILE set to /data/work/rio-synthesis/hardware-replay-final/rio-replay-pe5-v512-c1024-j16384-quartus/quartus-rtl/PifoMesh.v_toplevel_pifoEngines_4_enque_brain_engineCAM_ram.bin.mif
        Info (286033): Parameter READ_DURING_WRITE_MODE_MIXED_PORTS set to OLD_DATA
Warning (14284): Synthesized away the following node(s):
    Warning (25637): Synthesized away 122880 node(s) of type RAM. See "Registers Removed during Synthesis" report for more details.
Warning (276002): Cannot convert all sets of registers into RAM megafunctions when creating nodes; therefore, the resulting number of registers remaining in design can cause longer compilation time or result in insufficient memory to complete Analysis and Synthesis
Warning (276002): Cannot convert all sets of registers into RAM megafunctions when creating nodes; therefore, the resulting number of registers remaining in design can cause longer compilation time or result in insufficient memory to complete Analysis and Synthesis
Warning (14284): Synthesized away the following node(s):
    Warning (25637): Synthesized away 20 node(s) of type RAM. See "Registers Removed during Synthesis" report for more details.
Warning (13024): Output pins are stuck at VCC or GND
    Warning (13410): Pin "io_pifo_0_push2_payload_data[0..11]" is stuck at GND File: /data/work/rio-synthesis/hardware-replay-final/rio-replay-pe5-v512-c1024-j16384-quartus/quartus-rtl/PifoMesh.v Line: 50
    Warning (13410): Pin "io_pifo_0_push2_payload_port[0..8]" is stuck at GND File: /data/work/rio-synthesis/hardware-replay-final/rio-replay-pe5-v512-c1024-j16384-quartus/quartus-rtl/PifoMesh.v Line: 51
    Warning (13410): Pin "io_pifo_0_push2_payload_priority[0..7]" is stuck at GND File: /data/work/rio-synthesis/hardware-replay-final/rio-replay-pe5-v512-c1024-j16384-quartus/quartus-rtl/PifoMesh.v Line: 49
    Warning (13410): Pin "io_pifo_0_push2_valid" is stuck at GND File: /data/work/rio-synthesis/hardware-replay-final/rio-replay-pe5-v512-c1024-j16384-quartus/quartus-rtl/PifoMesh.v Line: 48
    Warning (13410): Pin "io_pifo_1_push2_payload_data[0..11]" is stuck at GND File: /data/work/rio-synthesis/hardware-replay-final/rio-replay-pe5-v512-c1024-j16384-quartus/quartus-rtl/PifoMesh.v Line: 68
    Warning (13410): Pin "io_pifo_1_push2_payload_port[0..8]" is stuck at GND File: /data/work/rio-synthesis/hardware-replay-final/rio-replay-pe5-v512-c1024-j16384-quartus/quartus-rtl/PifoMesh.v Line: 69
    Warning (13410): Pin "io_pifo_1_push2_payload_priority[0..7]" is stuck at GND File: /data/work/rio-synthesis/hardware-replay-final/rio-replay-pe5-v512-c1024-j16384-quartus/quartus-rtl/PifoMesh.v Line: 67
    Warning (13410): Pin "io_pifo_1_push2_valid" is stuck at GND File: /data/work/rio-synthesis/hardware-replay-final/rio-replay-pe5-v512-c1024-j16384-quartus/quartus-rtl/PifoMesh.v Line: 66
    Warning (13410): Pin "io_pifo_2_push2_payload_data[0..11]" is stuck at GND File: /data/work/rio-synthesis/hardware-replay-final/rio-replay-pe5-v512-c1024-j16384-quartus/quartus-rtl/PifoMesh.v Line: 86
    Warning (13410): Pin "io_pifo_2_push2_payload_port[0..8]" is stuck at GND File: /data/work/rio-synthesis/hardware-replay-final/rio-replay-pe5-v512-c1024-j16384-quartus/quartus-rtl/PifoMesh.v Line: 87
    Warning (13410): Pin "io_pifo_2_push2_payload_priority[0..7]" is stuck at GND File: /data/work/rio-synthesis/hardware-replay-final/rio-replay-pe5-v512-c1024-j16384-quartus/quartus-rtl/PifoMesh.v Line: 85
    Warning (13410): Pin "io_pifo_2_push2_valid" is stuck at GND File: /data/work/rio-synthesis/hardware-replay-final/rio-replay-pe5-v512-c1024-j16384-quartus/quartus-rtl/PifoMesh.v Line: 84
    Warning (13410): Pin "io_pifo_3_push2_payload_data[0..11]" is stuck at GND File: /data/work/rio-synthesis/hardware-replay-final/rio-replay-pe5-v512-c1024-j16384-quartus/quartus-rtl/PifoMesh.v Line: 104
    Warning (13410): Pin "io_pifo_3_push2_payload_port[0..8]" is stuck at GND File: /data/work/rio-synthesis/hardware-replay-final/rio-replay-pe5-v512-c1024-j16384-quartus/quartus-rtl/PifoMesh.v Line: 105
    Warning (13410): Pin "io_pifo_3_push2_payload_priority[0..7]" is stuck at GND File: /data/work/rio-synthesis/hardware-replay-final/rio-replay-pe5-v512-c1024-j16384-quartus/quartus-rtl/PifoMesh.v Line: 103
    Warning (13410): Pin "io_pifo_3_push2_valid" is stuck at GND File: /data/work/rio-synthesis/hardware-replay-final/rio-replay-pe5-v512-c1024-j16384-quartus/quartus-rtl/PifoMesh.v Line: 102
    Warning (13410): Pin "io_pifo_4_push2_payload_data[0..11]" is stuck at GND File: /data/work/rio-synthesis/hardware-replay-final/rio-replay-pe5-v512-c1024-j16384-quartus/quartus-rtl/PifoMesh.v Line: 122
    Warning (13410): Pin "io_pifo_4_push2_payload_port[0..8]" is stuck at GND File: /data/work/rio-synthesis/hardware-replay-final/rio-replay-pe5-v512-c1024-j16384-quartus/quartus-rtl/PifoMesh.v Line: 123
    Warning (13410): Pin "io_pifo_4_push2_payload_priority[0..7]" is stuck at GND File: /data/work/rio-synthesis/hardware-replay-final/rio-replay-pe5-v512-c1024-j16384-quartus/quartus-rtl/PifoMesh.v Line: 121
    Warning (13410): Pin "io_pifo_4_push2_valid" is stuck at GND File: /data/work/rio-synthesis/hardware-replay-final/rio-replay-pe5-v512-c1024-j16384-quartus/quartus-rtl/PifoMesh.v Line: 120
Info (17049): 184610 registers lost all their fanouts during netlist optimizations.
Info (21057): Implemented 433937 device resources after synthesis - the final resource count might be different
    Info (21058): Implemented 351 input pins
    Info (21059): Implemented 387 output pins
    Info (21061): Implemented 268952 logic cells
    Info (21064): Implemented 164247 RAM segments
Info: Successfully synthesized partition
Info: Saving post-synthesis snapshots for 1 partition(s)
Info (21615): Running Design Assistant Rules for snapshot 'synthesized'
Info: No waiver waived any violations
Info (22360): Design Assistant Results: 12 of 13 enabled rules passed, and 7 rules was disabled, in snapshot 'synthesized'
Info (21661): Design Assistant Results: 0 of 1 High severity rules issued violations in snapshot 'synthesized'
Info (21621): Design Assistant Results: 1 of 6 Medium severity rules issued violations in snapshot 'synthesized'. Please refer to DRC report '/data/work/rio-synthesis/hardware-replay-final/rio-replay-pe5-v512-c1024-j16384-quartus/output_files/pifo.drc.synthesized.rpt' for more information
Info (21622): Design Assistant Results: 0 of 6 Low severity rules issued violations in snapshot 'synthesized'
Info: Quartus Prime Synthesis was successful. 0 errors, 34 warnings
    Info: Peak virtual memory: 11956 megabytes
    Info: Processing ended: Mon Sep  7 11:51:19 2026
    Info: Elapsed time: 00:17:54
    Info: System process ID: 372607
