Info (22747): Value AUTO_DISCOVERY for QSF Assignment PWRMGT_VOLTAGE_OUTPUT_FORMAT is not supported. Hence changing the value to LINEAR_FORMAT
Info: *******************************************************************
Info: Running Quartus Prime Synthesis
    Info: Version 25.3.1 Build 100 12/19/2025 SC Pro Edition
    Info: Copyright (C) 2025  Altera Corporation. All rights reserved.
    Info: Your use of Altera Corporation's design tools, logic functions 
    Info: and other software and tools, and any partner logic 
    Info: functions, and any output files from any of the foregoing 
    Info: (including device programming or simulation files), and any 
    Info: associated documentation or information are expressly subject 
    Info: to the terms and conditions of the Altera Program License 
    Info: Subscription Agreement, the Altera Quartus Prime License Agreement,
    Info: the Altera IP License Agreement, or other applicable license
    Info: agreement, including, without limitation, that your use is for
    Info: the sole purpose of programming logic devices manufactured by
    Info: Altera and sold by Altera or its authorized distributors.  Please
    Info: refer to the Altera Software License Subscription Agreements 
    Info: on the Quartus Prime software download page.
    Info: Processing started: Sun Sep  6 23:01:06 2026
    Info: System process ID: 307150
Info: Command: quartus_syn pifo
Info: qis_default_flow_script.tcl version: #2
Info: Initializing Synthesis...
Info: Project = "pifo"
Info: Revision = "pifo"
Info (21958): Initialized Quartus Message Database
Info: Analyzing source files
Critical Warning (20759): Use the Reset Release IP in Agilex 7 designs to ensure a successful configuration. For more information about the Reset Release IP, refer to the Configuration User Guide.
Info: Elaborating from top-level entity "PifoMesh"
Info (22567): Verilog HDL info at PifoMesh.v(68704): extracting RAM for identifier 'logic_ram' File: /data/work/rio-synthesis/hardware-overhead/rio-only-pe5-v1024-c1024-static-quartus/quartus-rtl/PifoMesh.v Line: 68704
Info (22567): Verilog HDL info at PifoMesh.v(65934): extracting RAM for identifier 'ram' File: /data/work/rio-synthesis/hardware-overhead/rio-only-pe5-v1024-c1024-static-quartus/quartus-rtl/PifoMesh.v Line: 65934
Info (22567): Verilog HDL info at PifoMesh.v(68549): extracting RAM for identifier 'logic_ram' File: /data/work/rio-synthesis/hardware-overhead/rio-only-pe5-v1024-c1024-static-quartus/quartus-rtl/PifoMesh.v Line: 68549
Info (22567): Verilog HDL info at PifoMesh.v(68342): extracting RAM for identifier 'ram' File: /data/work/rio-synthesis/hardware-overhead/rio-only-pe5-v1024-c1024-static-quartus/quartus-rtl/PifoMesh.v Line: 68342
Info (22567): Verilog HDL info at PifoMesh.v(68286): extracting RAM for identifier 'ram' File: /data/work/rio-synthesis/hardware-overhead/rio-only-pe5-v1024-c1024-static-quartus/quartus-rtl/PifoMesh.v Line: 68286
Info (22567): Verilog HDL info at PifoMesh.v(68230): extracting RAM for identifier 'ram' File: /data/work/rio-synthesis/hardware-overhead/rio-only-pe5-v1024-c1024-static-quartus/quartus-rtl/PifoMesh.v Line: 68230
Info (22567): Verilog HDL info at PifoMesh.v(69555): extracting RAM for identifier 'logic_ram' File: /data/work/rio-synthesis/hardware-overhead/rio-only-pe5-v1024-c1024-static-quartus/quartus-rtl/PifoMesh.v Line: 69555
Info (22567): Verilog HDL info at PifoMesh.v(68056): extracting RAM for identifier 'ram' File: /data/work/rio-synthesis/hardware-overhead/rio-only-pe5-v1024-c1024-static-quartus/quartus-rtl/PifoMesh.v Line: 68056
Info (22567): Verilog HDL info at PifoMesh.v(69410): extracting RAM for identifier 'logic_ram' File: /data/work/rio-synthesis/hardware-overhead/rio-only-pe5-v1024-c1024-static-quartus/quartus-rtl/PifoMesh.v Line: 69410
Info (22567): Verilog HDL info at PifoMesh.v(69276): extracting RAM for identifier 'logic_ram' File: /data/work/rio-synthesis/hardware-overhead/rio-only-pe5-v1024-c1024-static-quartus/quartus-rtl/PifoMesh.v Line: 69276
Info (22567): Verilog HDL info at PifoMesh.v(69148): extracting RAM for identifier 'logic_ram' File: /data/work/rio-synthesis/hardware-overhead/rio-only-pe5-v1024-c1024-static-quartus/quartus-rtl/PifoMesh.v Line: 69148
Info (22567): Verilog HDL info at PifoMesh.v(69018): extracting RAM for identifier 'logic_ram' File: /data/work/rio-synthesis/hardware-overhead/rio-only-pe5-v1024-c1024-static-quartus/quartus-rtl/PifoMesh.v Line: 69018
Info (22567): Verilog HDL info at PifoMesh.v(68879): extracting RAM for identifier 'logic_ram' File: /data/work/rio-synthesis/hardware-overhead/rio-only-pe5-v1024-c1024-static-quartus/quartus-rtl/PifoMesh.v Line: 68879
Info (22567): Verilog HDL info at PifoMesh.v(64766): extracting RAM for identifier 'ram' File: /data/work/rio-synthesis/hardware-overhead/rio-only-pe5-v1024-c1024-static-quartus/quartus-rtl/PifoMesh.v Line: 64766
Info (22567): Verilog HDL info at PifoMesh.v(67456): extracting RAM for identifier 'logic_ram' File: /data/work/rio-synthesis/hardware-overhead/rio-only-pe5-v1024-c1024-static-quartus/quartus-rtl/PifoMesh.v Line: 67456
Info (22567): Verilog HDL info at PifoMesh.v(11206): extracting RAM for identifier 'ram' File: /data/work/rio-synthesis/hardware-overhead/rio-only-pe5-v1024-c1024-static-quartus/quartus-rtl/PifoMesh.v Line: 11206
Info (22567): Verilog HDL info at PifoMesh.v(67360): extracting RAM for identifier 'ram' File: /data/work/rio-synthesis/hardware-overhead/rio-only-pe5-v1024-c1024-static-quartus/quartus-rtl/PifoMesh.v Line: 67360
Info (22567): Verilog HDL info at PifoMesh.v(67304): extracting RAM for identifier 'ram' File: /data/work/rio-synthesis/hardware-overhead/rio-only-pe5-v1024-c1024-static-quartus/quartus-rtl/PifoMesh.v Line: 67304
Info (22567): Verilog HDL info at PifoMesh.v(67248): extracting RAM for identifier 'ram' File: /data/work/rio-synthesis/hardware-overhead/rio-only-pe5-v1024-c1024-static-quartus/quartus-rtl/PifoMesh.v Line: 67248
Info (22567): Verilog HDL info at PifoMesh.v(67188): extracting RAM for identifier 'ram' File: /data/work/rio-synthesis/hardware-overhead/rio-only-pe5-v1024-c1024-static-quartus/quartus-rtl/PifoMesh.v Line: 67188
Info (22567): Verilog HDL info at PifoMesh.v(10083): extracting RAM for identifier 'ram' File: /data/work/rio-synthesis/hardware-overhead/rio-only-pe5-v1024-c1024-static-quartus/quartus-rtl/PifoMesh.v Line: 10083
Info (22567): Verilog HDL info at PifoMesh.v(10015): extracting RAM for identifier 'ram' File: /data/work/rio-synthesis/hardware-overhead/rio-only-pe5-v1024-c1024-static-quartus/quartus-rtl/PifoMesh.v Line: 10015
Info (22567): Verilog HDL info at PifoMesh.v(67110): extracting RAM for identifier 'ram' File: /data/work/rio-synthesis/hardware-overhead/rio-only-pe5-v1024-c1024-static-quartus/quartus-rtl/PifoMesh.v Line: 67110
Info (22567): Verilog HDL info at PifoMesh.v(67054): extracting RAM for identifier 'ram' File: /data/work/rio-synthesis/hardware-overhead/rio-only-pe5-v1024-c1024-static-quartus/quartus-rtl/PifoMesh.v Line: 67054
Info (22567): Verilog HDL info at PifoMesh.v(66998): extracting RAM for identifier 'ram' File: /data/work/rio-synthesis/hardware-overhead/rio-only-pe5-v1024-c1024-static-quartus/quartus-rtl/PifoMesh.v Line: 66998
Info (22567): Verilog HDL info at PifoMesh.v(66938): extracting RAM for identifier 'ram' File: /data/work/rio-synthesis/hardware-overhead/rio-only-pe5-v1024-c1024-static-quartus/quartus-rtl/PifoMesh.v Line: 66938
Info (22567): Verilog HDL info at PifoMesh.v(8892): extracting RAM for identifier 'ram' File: /data/work/rio-synthesis/hardware-overhead/rio-only-pe5-v1024-c1024-static-quartus/quartus-rtl/PifoMesh.v Line: 8892
Info (22567): Verilog HDL info at PifoMesh.v(8824): extracting RAM for identifier 'ram' File: /data/work/rio-synthesis/hardware-overhead/rio-only-pe5-v1024-c1024-static-quartus/quartus-rtl/PifoMesh.v Line: 8824
Info (22567): Verilog HDL info at PifoMesh.v(66860): extracting RAM for identifier 'ram' File: /data/work/rio-synthesis/hardware-overhead/rio-only-pe5-v1024-c1024-static-quartus/quartus-rtl/PifoMesh.v Line: 66860
Info (22567): Verilog HDL info at PifoMesh.v(66804): extracting RAM for identifier 'ram' File: /data/work/rio-synthesis/hardware-overhead/rio-only-pe5-v1024-c1024-static-quartus/quartus-rtl/PifoMesh.v Line: 66804
Info (22567): Verilog HDL info at PifoMesh.v(66748): extracting RAM for identifier 'ram' File: /data/work/rio-synthesis/hardware-overhead/rio-only-pe5-v1024-c1024-static-quartus/quartus-rtl/PifoMesh.v Line: 66748
Info (22567): Verilog HDL info at PifoMesh.v(66688): extracting RAM for identifier 'ram' File: /data/work/rio-synthesis/hardware-overhead/rio-only-pe5-v1024-c1024-static-quartus/quartus-rtl/PifoMesh.v Line: 66688
Info (22567): Verilog HDL info at PifoMesh.v(7701): extracting RAM for identifier 'ram' File: /data/work/rio-synthesis/hardware-overhead/rio-only-pe5-v1024-c1024-static-quartus/quartus-rtl/PifoMesh.v Line: 7701
Info (22567): Verilog HDL info at PifoMesh.v(7633): extracting RAM for identifier 'ram' File: /data/work/rio-synthesis/hardware-overhead/rio-only-pe5-v1024-c1024-static-quartus/quartus-rtl/PifoMesh.v Line: 7633
Info (22567): Verilog HDL info at PifoMesh.v(66610): extracting RAM for identifier 'ram' File: /data/work/rio-synthesis/hardware-overhead/rio-only-pe5-v1024-c1024-static-quartus/quartus-rtl/PifoMesh.v Line: 66610
Info (22567): Verilog HDL info at PifoMesh.v(66554): extracting RAM for identifier 'ram' File: /data/work/rio-synthesis/hardware-overhead/rio-only-pe5-v1024-c1024-static-quartus/quartus-rtl/PifoMesh.v Line: 66554
Info (22567): Verilog HDL info at PifoMesh.v(66498): extracting RAM for identifier 'ram' File: /data/work/rio-synthesis/hardware-overhead/rio-only-pe5-v1024-c1024-static-quartus/quartus-rtl/PifoMesh.v Line: 66498
Info (22567): Verilog HDL info at PifoMesh.v(66438): extracting RAM for identifier 'ram' File: /data/work/rio-synthesis/hardware-overhead/rio-only-pe5-v1024-c1024-static-quartus/quartus-rtl/PifoMesh.v Line: 66438
Info (22567): Verilog HDL info at PifoMesh.v(6510): extracting RAM for identifier 'ram' File: /data/work/rio-synthesis/hardware-overhead/rio-only-pe5-v1024-c1024-static-quartus/quartus-rtl/PifoMesh.v Line: 6510
Info (22567): Verilog HDL info at PifoMesh.v(1077): extracting RAM for identifier 'logic_ram' File: /data/work/rio-synthesis/hardware-overhead/rio-only-pe5-v1024-c1024-static-quartus/quartus-rtl/PifoMesh.v Line: 1077
Info: Found 72 design entities
Info: There are 198 partitions after elaboration.
Info: DA report generation in native DNI mode
Info (21615): Running Design Assistant Rules for snapshot 'partitioned'
Info: No waiver waived any violations
Info (22360): Design Assistant Results: 8 of 10 enabled rules passed, and 1 rules was disabled, in snapshot 'partitioned'
Warning (21620): Design Assistant Results: 1 of 1 High severity rules issued violations in snapshot 'partitioned'. Please refer to DRC report '/data/work/rio-synthesis/hardware-overhead/rio-only-pe5-v1024-c1024-static-quartus/output_files/pifo.drc.partitioned.rpt' for more information
Info (21621): Design Assistant Results: 1 of 1 Medium severity rules issued violations in snapshot 'partitioned'. Please refer to DRC report '/data/work/rio-synthesis/hardware-overhead/rio-only-pe5-v1024-c1024-static-quartus/output_files/pifo.drc.partitioned.rpt' for more information
Info (21622): Design Assistant Results: 0 of 8 Low severity rules issued violations in snapshot 'partitioned'
Info: Synthesizing partition "root_partition"
Warning (276020): Inferred RAM node "xbar|io_inputs_0_fifo|fifo|logic_ram_rtl_0" from synchronous design logic.  Pass-through logic has been added to match the read-during-write behavior of the original design. File: /data/work/rio-synthesis/hardware-overhead/rio-only-pe5-v1024-c1024-static-quartus/quartus-rtl/PifoMesh.v Line: 68704
Warning (276020): Inferred RAM node "xbar|io_inputs_1_fifo|fifo|logic_ram_rtl_0" from synchronous design logic.  Pass-through logic has been added to match the read-during-write behavior of the original design. File: /data/work/rio-synthesis/hardware-overhead/rio-only-pe5-v1024-c1024-static-quartus/quartus-rtl/PifoMesh.v Line: 68704
Warning (276020): Inferred RAM node "xbar|io_inputs_2_fifo|fifo|logic_ram_rtl_0" from synchronous design logic.  Pass-through logic has been added to match the read-during-write behavior of the original design. File: /data/work/rio-synthesis/hardware-overhead/rio-only-pe5-v1024-c1024-static-quartus/quartus-rtl/PifoMesh.v Line: 68704
Warning (276020): Inferred RAM node "xbar|io_inputs_3_fifo|fifo|logic_ram_rtl_0" from synchronous design logic.  Pass-through logic has been added to match the read-during-write behavior of the original design. File: /data/work/rio-synthesis/hardware-overhead/rio-only-pe5-v1024-c1024-static-quartus/quartus-rtl/PifoMesh.v Line: 68704
Warning (276020): Inferred RAM node "xbar|io_inputs_4_fifo|fifo|logic_ram_rtl_0" from synchronous design logic.  Pass-through logic has been added to match the read-during-write behavior of the original design. File: /data/work/rio-synthesis/hardware-overhead/rio-only-pe5-v1024-c1024-static-quartus/quartus-rtl/PifoMesh.v Line: 68704
Warning (276020): Inferred RAM node "xbar|io_inputs_5_fifo|fifo|logic_ram_rtl_0" from synchronous design logic.  Pass-through logic has been added to match the read-during-write behavior of the original design. File: /data/work/rio-synthesis/hardware-overhead/rio-only-pe5-v1024-c1024-static-quartus/quartus-rtl/PifoMesh.v Line: 68704
Info (276014): Found 25 instances of uninferred RAM logic
    Info (276004): RAM logic "pifoEngines_0|enque_brain|flowStateUpdate_toStream_fifo|fifo|logic_ram" is uninferred due to inappropriate RAM size File: /data/work/rio-synthesis/hardware-overhead/rio-only-pe5-v1024-c1024-static-quartus/quartus-rtl/PifoMesh.v Line: 69555
    Info (276004): RAM logic "pifoEngines_0|enque_brain|brainStateUpdate_toStream_fifo|fifo|logic_ram" is uninferred due to inappropriate RAM size File: /data/work/rio-synthesis/hardware-overhead/rio-only-pe5-v1024-c1024-static-quartus/quartus-rtl/PifoMesh.v Line: 69410
    Info (276004): RAM logic "pifoEngines_0|enque_brain|brainStateMem_io_readRes_toStream_fifo|fifo|logic_ram" is uninferred due to inappropriate RAM size File: /data/work/rio-synthesis/hardware-overhead/rio-only-pe5-v1024-c1024-static-quartus/quartus-rtl/PifoMesh.v Line: 69148
    Info (276004): RAM logic "pifoEngines_0|enque_brain|engineCAM_io_readRes_toStream_fifo|fifo|logic_ram" is uninferred due to inappropriate RAM size File: /data/work/rio-synthesis/hardware-overhead/rio-only-pe5-v1024-c1024-static-quartus/quartus-rtl/PifoMesh.v Line: 69148
    Info (276004): RAM logic "pifoEngines_0|enque_brain|io_outputs_4_fifo|fifo|logic_ram" is uninferred due to inappropriate RAM size File: /data/work/rio-synthesis/hardware-overhead/rio-only-pe5-v1024-c1024-static-quartus/quartus-rtl/PifoMesh.v Line: 68879
    Info (276004): RAM logic "pifoEngines_1|enque_brain|flowStateUpdate_toStream_fifo|fifo|logic_ram" is uninferred due to inappropriate RAM size File: /data/work/rio-synthesis/hardware-overhead/rio-only-pe5-v1024-c1024-static-quartus/quartus-rtl/PifoMesh.v Line: 69555
    Info (276004): RAM logic "pifoEngines_1|enque_brain|brainStateUpdate_toStream_fifo|fifo|logic_ram" is uninferred due to inappropriate RAM size File: /data/work/rio-synthesis/hardware-overhead/rio-only-pe5-v1024-c1024-static-quartus/quartus-rtl/PifoMesh.v Line: 69410
    Info (276004): RAM logic "pifoEngines_1|enque_brain|brainStateMem_io_readRes_toStream_fifo|fifo|logic_ram" is uninferred due to inappropriate RAM size File: /data/work/rio-synthesis/hardware-overhead/rio-only-pe5-v1024-c1024-static-quartus/quartus-rtl/PifoMesh.v Line: 69148
    Info (276004): RAM logic "pifoEngines_1|enque_brain|engineCAM_io_readRes_toStream_fifo|fifo|logic_ram" is uninferred due to inappropriate RAM size File: /data/work/rio-synthesis/hardware-overhead/rio-only-pe5-v1024-c1024-static-quartus/quartus-rtl/PifoMesh.v Line: 69148
    Info (276004): RAM logic "pifoEngines_1|enque_brain|io_outputs_4_fifo|fifo|logic_ram" is uninferred due to inappropriate RAM size File: /data/work/rio-synthesis/hardware-overhead/rio-only-pe5-v1024-c1024-static-quartus/quartus-rtl/PifoMesh.v Line: 68879
    Info (276004): RAM logic "pifoEngines_2|enque_brain|flowStateUpdate_toStream_fifo|fifo|logic_ram" is uninferred due to inappropriate RAM size File: /data/work/rio-synthesis/hardware-overhead/rio-only-pe5-v1024-c1024-static-quartus/quartus-rtl/PifoMesh.v Line: 69555
    Info (276004): RAM logic "pifoEngines_2|enque_brain|brainStateUpdate_toStream_fifo|fifo|logic_ram" is uninferred due to inappropriate RAM size File: /data/work/rio-synthesis/hardware-overhead/rio-only-pe5-v1024-c1024-static-quartus/quartus-rtl/PifoMesh.v Line: 69410
    Info (276004): RAM logic "pifoEngines_2|enque_brain|brainStateMem_io_readRes_toStream_fifo|fifo|logic_ram" is uninferred due to inappropriate RAM size File: /data/work/rio-synthesis/hardware-overhead/rio-only-pe5-v1024-c1024-static-quartus/quartus-rtl/PifoMesh.v Line: 69148
    Info (276004): RAM logic "pifoEngines_2|enque_brain|engineCAM_io_readRes_toStream_fifo|fifo|logic_ram" is uninferred due to inappropriate RAM size File: /data/work/rio-synthesis/hardware-overhead/rio-only-pe5-v1024-c1024-static-quartus/quartus-rtl/PifoMesh.v Line: 69148
    Info (276004): RAM logic "pifoEngines_2|enque_brain|io_outputs_4_fifo|fifo|logic_ram" is uninferred due to inappropriate RAM size File: /data/work/rio-synthesis/hardware-overhead/rio-only-pe5-v1024-c1024-static-quartus/quartus-rtl/PifoMesh.v Line: 68879
    Info (276004): RAM logic "pifoEngines_3|enque_brain|flowStateUpdate_toStream_fifo|fifo|logic_ram" is uninferred due to inappropriate RAM size File: /data/work/rio-synthesis/hardware-overhead/rio-only-pe5-v1024-c1024-static-quartus/quartus-rtl/PifoMesh.v Line: 69555
    Info (276004): RAM logic "pifoEngines_3|enque_brain|brainStateUpdate_toStream_fifo|fifo|logic_ram" is uninferred due to inappropriate RAM size File: /data/work/rio-synthesis/hardware-overhead/rio-only-pe5-v1024-c1024-static-quartus/quartus-rtl/PifoMesh.v Line: 69410
    Info (276004): RAM logic "pifoEngines_3|enque_brain|brainStateMem_io_readRes_toStream_fifo|fifo|logic_ram" is uninferred due to inappropriate RAM size File: /data/work/rio-synthesis/hardware-overhead/rio-only-pe5-v1024-c1024-static-quartus/quartus-rtl/PifoMesh.v Line: 69148
    Info (276004): RAM logic "pifoEngines_3|enque_brain|engineCAM_io_readRes_toStream_fifo|fifo|logic_ram" is uninferred due to inappropriate RAM size File: /data/work/rio-synthesis/hardware-overhead/rio-only-pe5-v1024-c1024-static-quartus/quartus-rtl/PifoMesh.v Line: 69148
    Info (276004): RAM logic "pifoEngines_3|enque_brain|io_outputs_4_fifo|fifo|logic_ram" is uninferred due to inappropriate RAM size File: /data/work/rio-synthesis/hardware-overhead/rio-only-pe5-v1024-c1024-static-quartus/quartus-rtl/PifoMesh.v Line: 68879
    Info (276004): RAM logic "pifoEngines_4|enque_brain|flowStateUpdate_toStream_fifo|fifo|logic_ram" is uninferred due to inappropriate RAM size File: /data/work/rio-synthesis/hardware-overhead/rio-only-pe5-v1024-c1024-static-quartus/quartus-rtl/PifoMesh.v Line: 69555
    Info (276004): RAM logic "pifoEngines_4|enque_brain|brainStateUpdate_toStream_fifo|fifo|logic_ram" is uninferred due to inappropriate RAM size File: /data/work/rio-synthesis/hardware-overhead/rio-only-pe5-v1024-c1024-static-quartus/quartus-rtl/PifoMesh.v Line: 69410
    Info (276004): RAM logic "pifoEngines_4|enque_brain|brainStateMem_io_readRes_toStream_fifo|fifo|logic_ram" is uninferred due to inappropriate RAM size File: /data/work/rio-synthesis/hardware-overhead/rio-only-pe5-v1024-c1024-static-quartus/quartus-rtl/PifoMesh.v Line: 69148
    Info (276004): RAM logic "pifoEngines_4|enque_brain|engineCAM_io_readRes_toStream_fifo|fifo|logic_ram" is uninferred due to inappropriate RAM size File: /data/work/rio-synthesis/hardware-overhead/rio-only-pe5-v1024-c1024-static-quartus/quartus-rtl/PifoMesh.v Line: 69148
    Info (276004): RAM logic "pifoEngines_4|enque_brain|io_outputs_4_fifo|fifo|logic_ram" is uninferred due to inappropriate RAM size File: /data/work/rio-synthesis/hardware-overhead/rio-only-pe5-v1024-c1024-static-quartus/quartus-rtl/PifoMesh.v Line: 68879
Info (19000): Inferred 17 megafunctions from design logic
    Info (276029): Inferred altsyncram megafunction from the following design logic: "io_controlRequest_fifo|logic_ram_rtl_0"  File: /data/work/rio-synthesis/hardware-overhead/rio-only-pe5-v1024-c1024-static-quartus/quartus-rtl/PifoMesh.v Line: 1077
        Info (286033): Parameter OPERATION_MODE set to DUAL_PORT
        Info (286033): Parameter WIDTH_A set to 61
        Info (286033): Parameter WIDTHAD_A set to 2
        Info (286033): Parameter NUMWORDS_A set to 4
        Info (286033): Parameter WIDTH_B set to 61
        Info (286033): Parameter WIDTHAD_B set to 2
        Info (286033): Parameter NUMWORDS_B set to 4
        Info (286033): Parameter ADDRESS_ACLR_A set to NONE
        Info (286033): Parameter OUTDATA_REG_B set to UNREGISTERED
        Info (286033): Parameter ADDRESS_ACLR_B set to NONE
        Info (286033): Parameter OUTDATA_ACLR_B set to NONE
        Info (286033): Parameter ADDRESS_REG_B set to CLOCK0
        Info (286033): Parameter INDATA_ACLR_A set to NONE
        Info (286033): Parameter WRCONTROL_ACLR_A set to NONE
        Info (286033): Parameter READ_DURING_WRITE_MODE_MIXED_PORTS set to OLD_DATA
        Info (286033): Parameter RDCONTROL_REG_B set to CLOCK0
    Info (276029): Inferred altsyncram megafunction from the following design logic: "pifoEngines_0|deque_dequeMapper|ram_rtl_0"  File: /data/work/rio-synthesis/hardware-overhead/rio-only-pe5-v1024-c1024-static-quartus/quartus-rtl/PifoMesh.v Line: 64766
        Info (286033): Parameter OPERATION_MODE set to DUAL_PORT
        Info (286033): Parameter WIDTH_A set to 13
        Info (286033): Parameter WIDTHAD_A set to 23
        Info (286033): Parameter NUMWORDS_A set to 8388608
        Info (286033): Parameter WIDTH_B set to 13
        Info (286033): Parameter WIDTHAD_B set to 23
        Info (286033): Parameter NUMWORDS_B set to 8388608
        Info (286033): Parameter ADDRESS_ACLR_A set to NONE
        Info (286033): Parameter OUTDATA_REG_B set to UNREGISTERED
        Info (286033): Parameter ADDRESS_ACLR_B set to NONE
        Info (286033): Parameter OUTDATA_ACLR_B set to NONE
        Info (286033): Parameter ADDRESS_REG_B set to CLOCK0
        Info (286033): Parameter INDATA_ACLR_A set to NONE
        Info (286033): Parameter WRCONTROL_ACLR_A set to NONE
        Info (286033): Parameter INIT_FILE set to /data/work/rio-synthesis/hardware-overhead/rio-only-pe5-v1024-c1024-static-quartus/quartus-rtl/PifoMesh.v_toplevel_pifoEngines_0_deque_dequeMapper_ram.bin.mif
        Info (286033): Parameter READ_DURING_WRITE_MODE_MIXED_PORTS set to OLD_DATA
        Info (286033): Parameter RDCONTROL_REG_B set to CLOCK0
    Info (276029): Inferred altsyncram megafunction from the following design logic: "pifoEngines_1|deque_dequeMapper|ram_rtl_0"  File: /data/work/rio-synthesis/hardware-overhead/rio-only-pe5-v1024-c1024-static-quartus/quartus-rtl/PifoMesh.v Line: 10083
        Info (286033): Parameter OPERATION_MODE set to DUAL_PORT
        Info (286033): Parameter WIDTH_A set to 13
        Info (286033): Parameter WIDTHAD_A set to 23
        Info (286033): Parameter NUMWORDS_A set to 8388608
        Info (286033): Parameter WIDTH_B set to 13
        Info (286033): Parameter WIDTHAD_B set to 23
        Info (286033): Parameter NUMWORDS_B set to 8388608
        Info (286033): Parameter ADDRESS_ACLR_A set to NONE
        Info (286033): Parameter OUTDATA_REG_B set to UNREGISTERED
        Info (286033): Parameter ADDRESS_ACLR_B set to NONE
        Info (286033): Parameter OUTDATA_ACLR_B set to NONE
        Info (286033): Parameter ADDRESS_REG_B set to CLOCK0
        Info (286033): Parameter INDATA_ACLR_A set to NONE
        Info (286033): Parameter WRCONTROL_ACLR_A set to NONE
        Info (286033): Parameter INIT_FILE set to /data/work/rio-synthesis/hardware-overhead/rio-only-pe5-v1024-c1024-static-quartus/quartus-rtl/PifoMesh.v_toplevel_pifoEngines_1_deque_dequeMapper_ram.bin.mif
        Info (286033): Parameter READ_DURING_WRITE_MODE_MIXED_PORTS set to OLD_DATA
        Info (286033): Parameter RDCONTROL_REG_B set to CLOCK0
    Info (276029): Inferred altsyncram megafunction from the following design logic: "pifoEngines_2|deque_dequeMapper|ram_rtl_0"  File: /data/work/rio-synthesis/hardware-overhead/rio-only-pe5-v1024-c1024-static-quartus/quartus-rtl/PifoMesh.v Line: 8892
        Info (286033): Parameter OPERATION_MODE set to DUAL_PORT
        Info (286033): Parameter WIDTH_A set to 13
        Info (286033): Parameter WIDTHAD_A set to 23
        Info (286033): Parameter NUMWORDS_A set to 8388608
        Info (286033): Parameter WIDTH_B set to 13
        Info (286033): Parameter WIDTHAD_B set to 23
        Info (286033): Parameter NUMWORDS_B set to 8388608
        Info (286033): Parameter ADDRESS_ACLR_A set to NONE
        Info (286033): Parameter OUTDATA_REG_B set to UNREGISTERED
        Info (286033): Parameter ADDRESS_ACLR_B set to NONE
        Info (286033): Parameter OUTDATA_ACLR_B set to NONE
        Info (286033): Parameter ADDRESS_REG_B set to CLOCK0
        Info (286033): Parameter INDATA_ACLR_A set to NONE
        Info (286033): Parameter WRCONTROL_ACLR_A set to NONE
        Info (286033): Parameter INIT_FILE set to /data/work/rio-synthesis/hardware-overhead/rio-only-pe5-v1024-c1024-static-quartus/quartus-rtl/PifoMesh.v_toplevel_pifoEngines_2_deque_dequeMapper_ram.bin.mif
        Info (286033): Parameter READ_DURING_WRITE_MODE_MIXED_PORTS set to OLD_DATA
        Info (286033): Parameter RDCONTROL_REG_B set to CLOCK0
    Info (276029): Inferred altsyncram megafunction from the following design logic: "pifoEngines_3|deque_dequeMapper|ram_rtl_0"  File: /data/work/rio-synthesis/hardware-overhead/rio-only-pe5-v1024-c1024-static-quartus/quartus-rtl/PifoMesh.v Line: 7701
        Info (286033): Parameter OPERATION_MODE set to DUAL_PORT
        Info (286033): Parameter WIDTH_A set to 13
        Info (286033): Parameter WIDTHAD_A set to 23
        Info (286033): Parameter NUMWORDS_A set to 8388608
        Info (286033): Parameter WIDTH_B set to 13
        Info (286033): Parameter WIDTHAD_B set to 23
        Info (286033): Parameter NUMWORDS_B set to 8388608
        Info (286033): Parameter ADDRESS_ACLR_A set to NONE
        Info (286033): Parameter OUTDATA_REG_B set to UNREGISTERED
        Info (286033): Parameter ADDRESS_ACLR_B set to NONE
        Info (286033): Parameter OUTDATA_ACLR_B set to NONE
        Info (286033): Parameter ADDRESS_REG_B set to CLOCK0
        Info (286033): Parameter INDATA_ACLR_A set to NONE
        Info (286033): Parameter WRCONTROL_ACLR_A set to NONE
        Info (286033): Parameter INIT_FILE set to /data/work/rio-synthesis/hardware-overhead/rio-only-pe5-v1024-c1024-static-quartus/quartus-rtl/PifoMesh.v_toplevel_pifoEngines_3_deque_dequeMapper_ram.bin.mif
        Info (286033): Parameter READ_DURING_WRITE_MODE_MIXED_PORTS set to OLD_DATA
        Info (286033): Parameter RDCONTROL_REG_B set to CLOCK0
    Info (276029): Inferred altsyncram megafunction from the following design logic: "pifoEngines_4|deque_dequeMapper|ram_rtl_0"  File: /data/work/rio-synthesis/hardware-overhead/rio-only-pe5-v1024-c1024-static-quartus/quartus-rtl/PifoMesh.v Line: 6510
        Info (286033): Parameter OPERATION_MODE set to DUAL_PORT
        Info (286033): Parameter WIDTH_A set to 13
        Info (286033): Parameter WIDTHAD_A set to 23
        Info (286033): Parameter NUMWORDS_A set to 8388608
        Info (286033): Parameter WIDTH_B set to 13
        Info (286033): Parameter WIDTHAD_B set to 23
        Info (286033): Parameter NUMWORDS_B set to 8388608
        Info (286033): Parameter ADDRESS_ACLR_A set to NONE
        Info (286033): Parameter OUTDATA_REG_B set to UNREGISTERED
        Info (286033): Parameter ADDRESS_ACLR_B set to NONE
        Info (286033): Parameter OUTDATA_ACLR_B set to NONE
        Info (286033): Parameter ADDRESS_REG_B set to CLOCK0
        Info (286033): Parameter INDATA_ACLR_A set to NONE
        Info (286033): Parameter WRCONTROL_ACLR_A set to NONE
        Info (286033): Parameter INIT_FILE set to /data/work/rio-synthesis/hardware-overhead/rio-only-pe5-v1024-c1024-static-quartus/quartus-rtl/PifoMesh.v_toplevel_pifoEngines_4_deque_dequeMapper_ram.bin.mif
        Info (286033): Parameter READ_DURING_WRITE_MODE_MIXED_PORTS set to OLD_DATA
        Info (286033): Parameter RDCONTROL_REG_B set to CLOCK0
    Info (276029): Inferred altsyncram megafunction from the following design logic: "xbar|io_inputs_0_fifo|fifo|logic_ram_rtl_0"  File: /data/work/rio-synthesis/hardware-overhead/rio-only-pe5-v1024-c1024-static-quartus/quartus-rtl/PifoMesh.v Line: 68704
        Info (286033): Parameter OPERATION_MODE set to DUAL_PORT
        Info (286033): Parameter WIDTH_A set to 13
        Info (286033): Parameter WIDTHAD_A set to 3
        Info (286033): Parameter NUMWORDS_A set to 8
        Info (286033): Parameter WIDTH_B set to 13
        Info (286033): Parameter WIDTHAD_B set to 3
        Info (286033): Parameter NUMWORDS_B set to 8
        Info (286033): Parameter ADDRESS_ACLR_A set to NONE
        Info (286033): Parameter OUTDATA_REG_B set to UNREGISTERED
        Info (286033): Parameter ADDRESS_ACLR_B set to CLEAR0
        Info (286033): Parameter OUTDATA_ACLR_B set to NONE
        Info (286033): Parameter ADDRESS_REG_B set to CLOCK0
        Info (286033): Parameter INDATA_ACLR_A set to NONE
        Info (286033): Parameter WRCONTROL_ACLR_A set to NONE
    Info (276029): Inferred altsyncram megafunction from the following design logic: "xbar|io_inputs_1_fifo|fifo|logic_ram_rtl_0"  File: /data/work/rio-synthesis/hardware-overhead/rio-only-pe5-v1024-c1024-static-quartus/quartus-rtl/PifoMesh.v Line: 68704
        Info (286033): Parameter OPERATION_MODE set to DUAL_PORT
        Info (286033): Parameter WIDTH_A set to 13
        Info (286033): Parameter WIDTHAD_A set to 3
        Info (286033): Parameter NUMWORDS_A set to 8
        Info (286033): Parameter WIDTH_B set to 13
        Info (286033): Parameter WIDTHAD_B set to 3
        Info (286033): Parameter NUMWORDS_B set to 8
        Info (286033): Parameter ADDRESS_ACLR_A set to NONE
        Info (286033): Parameter OUTDATA_REG_B set to UNREGISTERED
        Info (286033): Parameter ADDRESS_ACLR_B set to CLEAR0
        Info (286033): Parameter OUTDATA_ACLR_B set to NONE
        Info (286033): Parameter ADDRESS_REG_B set to CLOCK0
        Info (286033): Parameter INDATA_ACLR_A set to NONE
        Info (286033): Parameter WRCONTROL_ACLR_A set to NONE
    Info (276029): Inferred altsyncram megafunction from the following design logic: "xbar|io_inputs_2_fifo|fifo|logic_ram_rtl_0"  File: /data/work/rio-synthesis/hardware-overhead/rio-only-pe5-v1024-c1024-static-quartus/quartus-rtl/PifoMesh.v Line: 68704
        Info (286033): Parameter OPERATION_MODE set to DUAL_PORT
        Info (286033): Parameter WIDTH_A set to 13
        Info (286033): Parameter WIDTHAD_A set to 3
        Info (286033): Parameter NUMWORDS_A set to 8
        Info (286033): Parameter WIDTH_B set to 13
        Info (286033): Parameter WIDTHAD_B set to 3
        Info (286033): Parameter NUMWORDS_B set to 8
        Info (286033): Parameter ADDRESS_ACLR_A set to NONE
        Info (286033): Parameter OUTDATA_REG_B set to UNREGISTERED
        Info (286033): Parameter ADDRESS_ACLR_B set to CLEAR0
        Info (286033): Parameter OUTDATA_ACLR_B set to NONE
        Info (286033): Parameter ADDRESS_REG_B set to CLOCK0
        Info (286033): Parameter INDATA_ACLR_A set to NONE
        Info (286033): Parameter WRCONTROL_ACLR_A set to NONE
    Info (276029): Inferred altsyncram megafunction from the following design logic: "xbar|io_inputs_3_fifo|fifo|logic_ram_rtl_0"  File: /data/work/rio-synthesis/hardware-overhead/rio-only-pe5-v1024-c1024-static-quartus/quartus-rtl/PifoMesh.v Line: 68704
        Info (286033): Parameter OPERATION_MODE set to DUAL_PORT
        Info (286033): Parameter WIDTH_A set to 13
        Info (286033): Parameter WIDTHAD_A set to 3
        Info (286033): Parameter NUMWORDS_A set to 8
        Info (286033): Parameter WIDTH_B set to 13
        Info (286033): Parameter WIDTHAD_B set to 3
        Info (286033): Parameter NUMWORDS_B set to 8
        Info (286033): Parameter ADDRESS_ACLR_A set to NONE
        Info (286033): Parameter OUTDATA_REG_B set to UNREGISTERED
        Info (286033): Parameter ADDRESS_ACLR_B set to CLEAR0
        Info (286033): Parameter OUTDATA_ACLR_B set to NONE
        Info (286033): Parameter ADDRESS_REG_B set to CLOCK0
        Info (286033): Parameter INDATA_ACLR_A set to NONE
        Info (286033): Parameter WRCONTROL_ACLR_A set to NONE
    Info (276029): Inferred altsyncram megafunction from the following design logic: "xbar|io_inputs_4_fifo|fifo|logic_ram_rtl_0"  File: /data/work/rio-synthesis/hardware-overhead/rio-only-pe5-v1024-c1024-static-quartus/quartus-rtl/PifoMesh.v Line: 68704
        Info (286033): Parameter OPERATION_MODE set to DUAL_PORT
        Info (286033): Parameter WIDTH_A set to 13
        Info (286033): Parameter WIDTHAD_A set to 3
        Info (286033): Parameter NUMWORDS_A set to 8
        Info (286033): Parameter WIDTH_B set to 13
        Info (286033): Parameter WIDTHAD_B set to 3
        Info (286033): Parameter NUMWORDS_B set to 8
        Info (286033): Parameter ADDRESS_ACLR_A set to NONE
        Info (286033): Parameter OUTDATA_REG_B set to UNREGISTERED
        Info (286033): Parameter ADDRESS_ACLR_B set to CLEAR0
        Info (286033): Parameter OUTDATA_ACLR_B set to NONE
        Info (286033): Parameter ADDRESS_REG_B set to CLOCK0
        Info (286033): Parameter INDATA_ACLR_A set to NONE
        Info (286033): Parameter WRCONTROL_ACLR_A set to NONE
    Info (276029): Inferred altsyncram megafunction from the following design logic: "xbar|io_inputs_5_fifo|fifo|logic_ram_rtl_0"  File: /data/work/rio-synthesis/hardware-overhead/rio-only-pe5-v1024-c1024-static-quartus/quartus-rtl/PifoMesh.v Line: 68704
        Info (286033): Parameter OPERATION_MODE set to DUAL_PORT
        Info (286033): Parameter WIDTH_A set to 13
        Info (286033): Parameter WIDTHAD_A set to 3
        Info (286033): Parameter NUMWORDS_A set to 8
        Info (286033): Parameter WIDTH_B set to 13
        Info (286033): Parameter WIDTHAD_B set to 3
        Info (286033): Parameter NUMWORDS_B set to 8
        Info (286033): Parameter ADDRESS_ACLR_A set to NONE
        Info (286033): Parameter OUTDATA_REG_B set to UNREGISTERED
        Info (286033): Parameter ADDRESS_ACLR_B set to CLEAR0
        Info (286033): Parameter OUTDATA_ACLR_B set to NONE
        Info (286033): Parameter ADDRESS_REG_B set to CLOCK0
        Info (286033): Parameter INDATA_ACLR_A set to NONE
        Info (286033): Parameter WRCONTROL_ACLR_A set to NONE
    Info (276029): Inferred altsyncram megafunction from the following design logic: "pifoEngines_0|enque_brain|engineCAM|ram_rtl_0"  File: /data/work/rio-synthesis/hardware-overhead/rio-only-pe5-v1024-c1024-static-quartus/quartus-rtl/PifoMesh.v Line: 68230
        Info (286033): Parameter OPERATION_MODE set to DUAL_PORT
        Info (286033): Parameter WIDTH_A set to 32
        Info (286033): Parameter WIDTHAD_A set to 23
        Info (286033): Parameter NUMWORDS_A set to 8388608
        Info (286033): Parameter WIDTH_B set to 32
        Info (286033): Parameter WIDTHAD_B set to 23
        Info (286033): Parameter NUMWORDS_B set to 8388608
        Info (286033): Parameter ADDRESS_ACLR_A set to NONE
        Info (286033): Parameter OUTDATA_REG_B set to UNREGISTERED
        Info (286033): Parameter ADDRESS_ACLR_B set to NONE
        Info (286033): Parameter OUTDATA_ACLR_B set to NONE
        Info (286033): Parameter ADDRESS_REG_B set to CLOCK0
        Info (286033): Parameter INDATA_ACLR_A set to NONE
        Info (286033): Parameter WRCONTROL_ACLR_A set to NONE
        Info (286033): Parameter INIT_FILE set to /data/work/rio-synthesis/hardware-overhead/rio-only-pe5-v1024-c1024-static-quartus/quartus-rtl/PifoMesh.v_toplevel_pifoEngines_0_enque_brain_engineCAM_ram.bin.mif
        Info (286033): Parameter READ_DURING_WRITE_MODE_MIXED_PORTS set to OLD_DATA
    Info (276029): Inferred altsyncram megafunction from the following design logic: "pifoEngines_1|enque_brain|engineCAM|ram_rtl_0"  File: /data/work/rio-synthesis/hardware-overhead/rio-only-pe5-v1024-c1024-static-quartus/quartus-rtl/PifoMesh.v Line: 67248
        Info (286033): Parameter OPERATION_MODE set to DUAL_PORT
        Info (286033): Parameter WIDTH_A set to 32
        Info (286033): Parameter WIDTHAD_A set to 23
        Info (286033): Parameter NUMWORDS_A set to 8388608
        Info (286033): Parameter WIDTH_B set to 32
        Info (286033): Parameter WIDTHAD_B set to 23
        Info (286033): Parameter NUMWORDS_B set to 8388608
        Info (286033): Parameter ADDRESS_ACLR_A set to NONE
        Info (286033): Parameter OUTDATA_REG_B set to UNREGISTERED
        Info (286033): Parameter ADDRESS_ACLR_B set to NONE
        Info (286033): Parameter OUTDATA_ACLR_B set to NONE
        Info (286033): Parameter ADDRESS_REG_B set to CLOCK0
        Info (286033): Parameter INDATA_ACLR_A set to NONE
        Info (286033): Parameter WRCONTROL_ACLR_A set to NONE
        Info (286033): Parameter INIT_FILE set to /data/work/rio-synthesis/hardware-overhead/rio-only-pe5-v1024-c1024-static-quartus/quartus-rtl/PifoMesh.v_toplevel_pifoEngines_1_enque_brain_engineCAM_ram.bin.mif
        Info (286033): Parameter READ_DURING_WRITE_MODE_MIXED_PORTS set to OLD_DATA
    Info (276029): Inferred altsyncram megafunction from the following design logic: "pifoEngines_2|enque_brain|engineCAM|ram_rtl_0"  File: /data/work/rio-synthesis/hardware-overhead/rio-only-pe5-v1024-c1024-static-quartus/quartus-rtl/PifoMesh.v Line: 66998
        Info (286033): Parameter OPERATION_MODE set to DUAL_PORT
        Info (286033): Parameter WIDTH_A set to 32
        Info (286033): Parameter WIDTHAD_A set to 23
        Info (286033): Parameter NUMWORDS_A set to 8388608
        Info (286033): Parameter WIDTH_B set to 32
        Info (286033): Parameter WIDTHAD_B set to 23
        Info (286033): Parameter NUMWORDS_B set to 8388608
        Info (286033): Parameter ADDRESS_ACLR_A set to NONE
        Info (286033): Parameter OUTDATA_REG_B set to UNREGISTERED
        Info (286033): Parameter ADDRESS_ACLR_B set to NONE
        Info (286033): Parameter OUTDATA_ACLR_B set to NONE
        Info (286033): Parameter ADDRESS_REG_B set to CLOCK0
        Info (286033): Parameter INDATA_ACLR_A set to NONE
        Info (286033): Parameter WRCONTROL_ACLR_A set to NONE
        Info (286033): Parameter INIT_FILE set to /data/work/rio-synthesis/hardware-overhead/rio-only-pe5-v1024-c1024-static-quartus/quartus-rtl/PifoMesh.v_toplevel_pifoEngines_2_enque_brain_engineCAM_ram.bin.mif
        Info (286033): Parameter READ_DURING_WRITE_MODE_MIXED_PORTS set to OLD_DATA
    Info (276029): Inferred altsyncram megafunction from the following design logic: "pifoEngines_3|enque_brain|engineCAM|ram_rtl_0"  File: /data/work/rio-synthesis/hardware-overhead/rio-only-pe5-v1024-c1024-static-quartus/quartus-rtl/PifoMesh.v Line: 66748
        Info (286033): Parameter OPERATION_MODE set to DUAL_PORT
        Info (286033): Parameter WIDTH_A set to 32
        Info (286033): Parameter WIDTHAD_A set to 23
        Info (286033): Parameter NUMWORDS_A set to 8388608
        Info (286033): Parameter WIDTH_B set to 32
        Info (286033): Parameter WIDTHAD_B set to 23
        Info (286033): Parameter NUMWORDS_B set to 8388608
        Info (286033): Parameter ADDRESS_ACLR_A set to NONE
        Info (286033): Parameter OUTDATA_REG_B set to UNREGISTERED
        Info (286033): Parameter ADDRESS_ACLR_B set to NONE
        Info (286033): Parameter OUTDATA_ACLR_B set to NONE
        Info (286033): Parameter ADDRESS_REG_B set to CLOCK0
        Info (286033): Parameter INDATA_ACLR_A set to NONE
        Info (286033): Parameter WRCONTROL_ACLR_A set to NONE
        Info (286033): Parameter INIT_FILE set to /data/work/rio-synthesis/hardware-overhead/rio-only-pe5-v1024-c1024-static-quartus/quartus-rtl/PifoMesh.v_toplevel_pifoEngines_3_enque_brain_engineCAM_ram.bin.mif
        Info (286033): Parameter READ_DURING_WRITE_MODE_MIXED_PORTS set to OLD_DATA
    Info (276029): Inferred altsyncram megafunction from the following design logic: "pifoEngines_4|enque_brain|engineCAM|ram_rtl_0"  File: /data/work/rio-synthesis/hardware-overhead/rio-only-pe5-v1024-c1024-static-quartus/quartus-rtl/PifoMesh.v Line: 66498
        Info (286033): Parameter OPERATION_MODE set to DUAL_PORT
        Info (286033): Parameter WIDTH_A set to 32
        Info (286033): Parameter WIDTHAD_A set to 23
        Info (286033): Parameter NUMWORDS_A set to 8388608
        Info (286033): Parameter WIDTH_B set to 32
        Info (286033): Parameter WIDTHAD_B set to 23
        Info (286033): Parameter NUMWORDS_B set to 8388608
        Info (286033): Parameter ADDRESS_ACLR_A set to NONE
        Info (286033): Parameter OUTDATA_REG_B set to UNREGISTERED
        Info (286033): Parameter ADDRESS_ACLR_B set to NONE
        Info (286033): Parameter OUTDATA_ACLR_B set to NONE
        Info (286033): Parameter ADDRESS_REG_B set to CLOCK0
        Info (286033): Parameter INDATA_ACLR_A set to NONE
        Info (286033): Parameter WRCONTROL_ACLR_A set to NONE
        Info (286033): Parameter INIT_FILE set to /data/work/rio-synthesis/hardware-overhead/rio-only-pe5-v1024-c1024-static-quartus/quartus-rtl/PifoMesh.v_toplevel_pifoEngines_4_enque_brain_engineCAM_ram.bin.mif
        Info (286033): Parameter READ_DURING_WRITE_MODE_MIXED_PORTS set to OLD_DATA
Warning (14284): Synthesized away the following node(s):
    Warning (25637): Synthesized away 491528 node(s) of type RAM. See "Registers Removed during Synthesis" report for more details.
Warning (276002): Cannot convert all sets of registers into RAM megafunctions when creating nodes; therefore, the resulting number of registers remaining in design can cause longer compilation time or result in insufficient memory to complete Analysis and Synthesis
Warning (276002): Cannot convert all sets of registers into RAM megafunctions when creating nodes; therefore, the resulting number of registers remaining in design can cause longer compilation time or result in insufficient memory to complete Analysis and Synthesis
Warning (14284): Synthesized away the following node(s):
    Warning (25637): Synthesized away 11 node(s) of type RAM. See "Registers Removed during Synthesis" report for more details.
Warning (13024): Output pins are stuck at VCC or GND
    Warning (13410): Pin "io_commitReady" is stuck at VCC File: /data/work/rio-synthesis/hardware-overhead/rio-only-pe5-v1024-c1024-static-quartus/quartus-rtl/PifoMesh.v Line: 43
    Warning (13410): Pin "io_pifo_0_push2_payload_data[0..12]" is stuck at GND File: /data/work/rio-synthesis/hardware-overhead/rio-only-pe5-v1024-c1024-static-quartus/quartus-rtl/PifoMesh.v Line: 50
    Warning (13410): Pin "io_pifo_0_push2_payload_port[0..9]" is stuck at GND File: /data/work/rio-synthesis/hardware-overhead/rio-only-pe5-v1024-c1024-static-quartus/quartus-rtl/PifoMesh.v Line: 51
    Warning (13410): Pin "io_pifo_0_push2_payload_priority[0..7]" is stuck at GND File: /data/work/rio-synthesis/hardware-overhead/rio-only-pe5-v1024-c1024-static-quartus/quartus-rtl/PifoMesh.v Line: 49
    Warning (13410): Pin "io_pifo_0_push2_valid" is stuck at GND File: /data/work/rio-synthesis/hardware-overhead/rio-only-pe5-v1024-c1024-static-quartus/quartus-rtl/PifoMesh.v Line: 48
    Warning (13410): Pin "io_pifo_1_push2_payload_data[0..12]" is stuck at GND File: /data/work/rio-synthesis/hardware-overhead/rio-only-pe5-v1024-c1024-static-quartus/quartus-rtl/PifoMesh.v Line: 68
    Warning (13410): Pin "io_pifo_1_push2_payload_port[0..9]" is stuck at GND File: /data/work/rio-synthesis/hardware-overhead/rio-only-pe5-v1024-c1024-static-quartus/quartus-rtl/PifoMesh.v Line: 69
    Warning (13410): Pin "io_pifo_1_push2_payload_priority[0..7]" is stuck at GND File: /data/work/rio-synthesis/hardware-overhead/rio-only-pe5-v1024-c1024-static-quartus/quartus-rtl/PifoMesh.v Line: 67
    Warning (13410): Pin "io_pifo_1_push2_valid" is stuck at GND File: /data/work/rio-synthesis/hardware-overhead/rio-only-pe5-v1024-c1024-static-quartus/quartus-rtl/PifoMesh.v Line: 66
    Warning (13410): Pin "io_pifo_2_push2_payload_data[0..12]" is stuck at GND File: /data/work/rio-synthesis/hardware-overhead/rio-only-pe5-v1024-c1024-static-quartus/quartus-rtl/PifoMesh.v Line: 86
    Warning (13410): Pin "io_pifo_2_push2_payload_port[0..9]" is stuck at GND File: /data/work/rio-synthesis/hardware-overhead/rio-only-pe5-v1024-c1024-static-quartus/quartus-rtl/PifoMesh.v Line: 87
    Warning (13410): Pin "io_pifo_2_push2_payload_priority[0..7]" is stuck at GND File: /data/work/rio-synthesis/hardware-overhead/rio-only-pe5-v1024-c1024-static-quartus/quartus-rtl/PifoMesh.v Line: 85
    Warning (13410): Pin "io_pifo_2_push2_valid" is stuck at GND File: /data/work/rio-synthesis/hardware-overhead/rio-only-pe5-v1024-c1024-static-quartus/quartus-rtl/PifoMesh.v Line: 84
    Warning (13410): Pin "io_pifo_3_push2_payload_data[0..12]" is stuck at GND File: /data/work/rio-synthesis/hardware-overhead/rio-only-pe5-v1024-c1024-static-quartus/quartus-rtl/PifoMesh.v Line: 104
    Warning (13410): Pin "io_pifo_3_push2_payload_port[0..9]" is stuck at GND File: /data/work/rio-synthesis/hardware-overhead/rio-only-pe5-v1024-c1024-static-quartus/quartus-rtl/PifoMesh.v Line: 105
    Warning (13410): Pin "io_pifo_3_push2_payload_priority[0..7]" is stuck at GND File: /data/work/rio-synthesis/hardware-overhead/rio-only-pe5-v1024-c1024-static-quartus/quartus-rtl/PifoMesh.v Line: 103
    Warning (13410): Pin "io_pifo_3_push2_valid" is stuck at GND File: /data/work/rio-synthesis/hardware-overhead/rio-only-pe5-v1024-c1024-static-quartus/quartus-rtl/PifoMesh.v Line: 102
    Warning (13410): Pin "io_pifo_4_push2_payload_data[0..12]" is stuck at GND File: /data/work/rio-synthesis/hardware-overhead/rio-only-pe5-v1024-c1024-static-quartus/quartus-rtl/PifoMesh.v Line: 122
    Warning (13410): Pin "io_pifo_4_push2_payload_port[0..9]" is stuck at GND File: /data/work/rio-synthesis/hardware-overhead/rio-only-pe5-v1024-c1024-static-quartus/quartus-rtl/PifoMesh.v Line: 123
    Warning (13410): Pin "io_pifo_4_push2_payload_priority[0..7]" is stuck at GND File: /data/work/rio-synthesis/hardware-overhead/rio-only-pe5-v1024-c1024-static-quartus/quartus-rtl/PifoMesh.v Line: 121
    Warning (13410): Pin "io_pifo_4_push2_valid" is stuck at GND File: /data/work/rio-synthesis/hardware-overhead/rio-only-pe5-v1024-c1024-static-quartus/quartus-rtl/PifoMesh.v Line: 120
Info (17049): 671029 registers lost all their fanouts during netlist optimizations.
Info (21057): Implemented 833506 device resources after synthesis - the final resource count might be different
    Info (21058): Implemented 374 input pins
    Info (21059): Implemented 397 output pins
    Info (21061): Implemented 402535 logic cells
    Info (21064): Implemented 430200 RAM segments
Info: Successfully synthesized partition
Info: Saving post-synthesis snapshots for 1 partition(s)
Info (21615): Running Design Assistant Rules for snapshot 'synthesized'
Info: No waiver waived any violations
Info (22360): Design Assistant Results: 12 of 13 enabled rules passed, and 7 rules was disabled, in snapshot 'synthesized'
Info (21661): Design Assistant Results: 0 of 1 High severity rules issued violations in snapshot 'synthesized'
Info (21621): Design Assistant Results: 1 of 6 Medium severity rules issued violations in snapshot 'synthesized'. Please refer to DRC report '/data/work/rio-synthesis/hardware-overhead/rio-only-pe5-v1024-c1024-static-quartus/output_files/pifo.drc.synthesized.rpt' for more information
Info (21622): Design Assistant Results: 0 of 6 Low severity rules issued violations in snapshot 'synthesized'
Info: Quartus Prime Synthesis was successful. 0 errors, 35 warnings
    Info: Peak virtual memory: 32087 megabytes
    Info: Processing ended: Mon Sep  7 02:27:52 2026
    Info: Elapsed time: 03:26:46
    Info: System process ID: 307150
