Info (22747): Value AUTO_DISCOVERY for QSF Assignment PWRMGT_VOLTAGE_OUTPUT_FORMAT is not supported. Hence changing the value to LINEAR_FORMAT
Info: *******************************************************************
Info: Running Quartus Prime Synthesis
    Info: Version 25.3.1 Build 100 12/19/2025 SC Pro Edition
    Info: Copyright (C) 2025  Altera Corporation. All rights reserved.
    Info: Your use of Altera Corporation's design tools, logic functions 
    Info: and other software and tools, and any partner logic 
    Info: functions, and any output files from any of the foregoing 
    Info: (including device programming or simulation files), and any 
    Info: associated documentation or information are expressly subject 
    Info: to the terms and conditions of the Altera Program License 
    Info: Subscription Agreement, the Altera Quartus Prime License Agreement,
    Info: the Altera IP License Agreement, or other applicable license
    Info: agreement, including, without limitation, that your use is for
    Info: the sole purpose of programming logic devices manufactured by
    Info: Altera and sold by Altera or its authorized distributors.  Please
    Info: refer to the Altera Software License Subscription Agreements 
    Info: on the Quartus Prime software download page.
    Info: Processing started: Mon Sep  7 14:58:47 2026
    Info: System process ID: 438535
Info: Command: quartus_syn pifo
Info: qis_default_flow_script.tcl version: #2
Info: Initializing Synthesis...
Info: Project = "pifo"
Info: Revision = "pifo"
Info (21958): Initialized Quartus Message Database
Info: Analyzing source files
Critical Warning (20759): Use the Reset Release IP in Agilex 7 designs to ensure a successful configuration. For more information about the Reset Release IP, refer to the Configuration User Guide.
Info: Elaborating from top-level entity "PifoMesh"
Info (22567): Verilog HDL info at PifoMesh.v(75379): extracting RAM for identifier 'logic_ram' File: /data/work/rio-synthesis/shared-fifo-34e35d2/pe5-v512-c1024-q256-static-quartus/quartus-rtl/PifoMesh.v Line: 75379
Info (22567): Verilog HDL info at PifoMesh.v(72592): extracting RAM for identifier 'ram' File: /data/work/rio-synthesis/shared-fifo-34e35d2/pe5-v512-c1024-q256-static-quartus/quartus-rtl/PifoMesh.v Line: 72592
Info (22567): Verilog HDL info at PifoMesh.v(75224): extracting RAM for identifier 'logic_ram' File: /data/work/rio-synthesis/shared-fifo-34e35d2/pe5-v512-c1024-q256-static-quartus/quartus-rtl/PifoMesh.v Line: 75224
Info (22567): Verilog HDL info at PifoMesh.v(75017): extracting RAM for identifier 'ram' File: /data/work/rio-synthesis/shared-fifo-34e35d2/pe5-v512-c1024-q256-static-quartus/quartus-rtl/PifoMesh.v Line: 75017
Info (22567): Verilog HDL info at PifoMesh.v(74961): extracting RAM for identifier 'ram' File: /data/work/rio-synthesis/shared-fifo-34e35d2/pe5-v512-c1024-q256-static-quartus/quartus-rtl/PifoMesh.v Line: 74961
Info (22567): Verilog HDL info at PifoMesh.v(74905): extracting RAM for identifier 'ram' File: /data/work/rio-synthesis/shared-fifo-34e35d2/pe5-v512-c1024-q256-static-quartus/quartus-rtl/PifoMesh.v Line: 74905
Info (22567): Verilog HDL info at PifoMesh.v(76230): extracting RAM for identifier 'logic_ram' File: /data/work/rio-synthesis/shared-fifo-34e35d2/pe5-v512-c1024-q256-static-quartus/quartus-rtl/PifoMesh.v Line: 76230
Info (22567): Verilog HDL info at PifoMesh.v(74731): extracting RAM for identifier 'ram' File: /data/work/rio-synthesis/shared-fifo-34e35d2/pe5-v512-c1024-q256-static-quartus/quartus-rtl/PifoMesh.v Line: 74731
Info (22567): Verilog HDL info at PifoMesh.v(76085): extracting RAM for identifier 'logic_ram' File: /data/work/rio-synthesis/shared-fifo-34e35d2/pe5-v512-c1024-q256-static-quartus/quartus-rtl/PifoMesh.v Line: 76085
Info (22567): Verilog HDL info at PifoMesh.v(75951): extracting RAM for identifier 'logic_ram' File: /data/work/rio-synthesis/shared-fifo-34e35d2/pe5-v512-c1024-q256-static-quartus/quartus-rtl/PifoMesh.v Line: 75951
Info (22567): Verilog HDL info at PifoMesh.v(75823): extracting RAM for identifier 'logic_ram' File: /data/work/rio-synthesis/shared-fifo-34e35d2/pe5-v512-c1024-q256-static-quartus/quartus-rtl/PifoMesh.v Line: 75823
Info (22567): Verilog HDL info at PifoMesh.v(75693): extracting RAM for identifier 'logic_ram' File: /data/work/rio-synthesis/shared-fifo-34e35d2/pe5-v512-c1024-q256-static-quartus/quartus-rtl/PifoMesh.v Line: 75693
Info (22567): Verilog HDL info at PifoMesh.v(75554): extracting RAM for identifier 'logic_ram' File: /data/work/rio-synthesis/shared-fifo-34e35d2/pe5-v512-c1024-q256-static-quartus/quartus-rtl/PifoMesh.v Line: 75554
Info (22567): Verilog HDL info at PifoMesh.v(71419): extracting RAM for identifier 'ram' File: /data/work/rio-synthesis/shared-fifo-34e35d2/pe5-v512-c1024-q256-static-quartus/quartus-rtl/PifoMesh.v Line: 71419
Info (22567): Verilog HDL info at PifoMesh.v(74126): extracting RAM for identifier 'logic_ram' File: /data/work/rio-synthesis/shared-fifo-34e35d2/pe5-v512-c1024-q256-static-quartus/quartus-rtl/PifoMesh.v Line: 74126
Info (22567): Verilog HDL info at PifoMesh.v(44483): extracting RAM for identifier 'ram' File: /data/work/rio-synthesis/shared-fifo-34e35d2/pe5-v512-c1024-q256-static-quartus/quartus-rtl/PifoMesh.v Line: 44483
Info (22567): Verilog HDL info at PifoMesh.v(74030): extracting RAM for identifier 'ram' File: /data/work/rio-synthesis/shared-fifo-34e35d2/pe5-v512-c1024-q256-static-quartus/quartus-rtl/PifoMesh.v Line: 74030
Info (22567): Verilog HDL info at PifoMesh.v(73974): extracting RAM for identifier 'ram' File: /data/work/rio-synthesis/shared-fifo-34e35d2/pe5-v512-c1024-q256-static-quartus/quartus-rtl/PifoMesh.v Line: 73974
Info (22567): Verilog HDL info at PifoMesh.v(73918): extracting RAM for identifier 'ram' File: /data/work/rio-synthesis/shared-fifo-34e35d2/pe5-v512-c1024-q256-static-quartus/quartus-rtl/PifoMesh.v Line: 73918
Info (22567): Verilog HDL info at PifoMesh.v(73858): extracting RAM for identifier 'ram' File: /data/work/rio-synthesis/shared-fifo-34e35d2/pe5-v512-c1024-q256-static-quartus/quartus-rtl/PifoMesh.v Line: 73858
Info (22567): Verilog HDL info at PifoMesh.v(43355): extracting RAM for identifier 'ram' File: /data/work/rio-synthesis/shared-fifo-34e35d2/pe5-v512-c1024-q256-static-quartus/quartus-rtl/PifoMesh.v Line: 43355
Info (22567): Verilog HDL info at PifoMesh.v(43287): extracting RAM for identifier 'ram' File: /data/work/rio-synthesis/shared-fifo-34e35d2/pe5-v512-c1024-q256-static-quartus/quartus-rtl/PifoMesh.v Line: 43287
Info (22567): Verilog HDL info at PifoMesh.v(73780): extracting RAM for identifier 'ram' File: /data/work/rio-synthesis/shared-fifo-34e35d2/pe5-v512-c1024-q256-static-quartus/quartus-rtl/PifoMesh.v Line: 73780
Info (22567): Verilog HDL info at PifoMesh.v(73724): extracting RAM for identifier 'ram' File: /data/work/rio-synthesis/shared-fifo-34e35d2/pe5-v512-c1024-q256-static-quartus/quartus-rtl/PifoMesh.v Line: 73724
Info (22567): Verilog HDL info at PifoMesh.v(73668): extracting RAM for identifier 'ram' File: /data/work/rio-synthesis/shared-fifo-34e35d2/pe5-v512-c1024-q256-static-quartus/quartus-rtl/PifoMesh.v Line: 73668
Info (22567): Verilog HDL info at PifoMesh.v(73608): extracting RAM for identifier 'ram' File: /data/work/rio-synthesis/shared-fifo-34e35d2/pe5-v512-c1024-q256-static-quartus/quartus-rtl/PifoMesh.v Line: 73608
Info (22567): Verilog HDL info at PifoMesh.v(42159): extracting RAM for identifier 'ram' File: /data/work/rio-synthesis/shared-fifo-34e35d2/pe5-v512-c1024-q256-static-quartus/quartus-rtl/PifoMesh.v Line: 42159
Info (22567): Verilog HDL info at PifoMesh.v(42091): extracting RAM for identifier 'ram' File: /data/work/rio-synthesis/shared-fifo-34e35d2/pe5-v512-c1024-q256-static-quartus/quartus-rtl/PifoMesh.v Line: 42091
Info (22567): Verilog HDL info at PifoMesh.v(73530): extracting RAM for identifier 'ram' File: /data/work/rio-synthesis/shared-fifo-34e35d2/pe5-v512-c1024-q256-static-quartus/quartus-rtl/PifoMesh.v Line: 73530
Info (22567): Verilog HDL info at PifoMesh.v(73474): extracting RAM for identifier 'ram' File: /data/work/rio-synthesis/shared-fifo-34e35d2/pe5-v512-c1024-q256-static-quartus/quartus-rtl/PifoMesh.v Line: 73474
Info (22567): Verilog HDL info at PifoMesh.v(73418): extracting RAM for identifier 'ram' File: /data/work/rio-synthesis/shared-fifo-34e35d2/pe5-v512-c1024-q256-static-quartus/quartus-rtl/PifoMesh.v Line: 73418
Info (22567): Verilog HDL info at PifoMesh.v(73358): extracting RAM for identifier 'ram' File: /data/work/rio-synthesis/shared-fifo-34e35d2/pe5-v512-c1024-q256-static-quartus/quartus-rtl/PifoMesh.v Line: 73358
Info (22567): Verilog HDL info at PifoMesh.v(40963): extracting RAM for identifier 'ram' File: /data/work/rio-synthesis/shared-fifo-34e35d2/pe5-v512-c1024-q256-static-quartus/quartus-rtl/PifoMesh.v Line: 40963
Info (22567): Verilog HDL info at PifoMesh.v(40895): extracting RAM for identifier 'ram' File: /data/work/rio-synthesis/shared-fifo-34e35d2/pe5-v512-c1024-q256-static-quartus/quartus-rtl/PifoMesh.v Line: 40895
Info (22567): Verilog HDL info at PifoMesh.v(73280): extracting RAM for identifier 'ram' File: /data/work/rio-synthesis/shared-fifo-34e35d2/pe5-v512-c1024-q256-static-quartus/quartus-rtl/PifoMesh.v Line: 73280
Info (22567): Verilog HDL info at PifoMesh.v(73224): extracting RAM for identifier 'ram' File: /data/work/rio-synthesis/shared-fifo-34e35d2/pe5-v512-c1024-q256-static-quartus/quartus-rtl/PifoMesh.v Line: 73224
Info (22567): Verilog HDL info at PifoMesh.v(73168): extracting RAM for identifier 'ram' File: /data/work/rio-synthesis/shared-fifo-34e35d2/pe5-v512-c1024-q256-static-quartus/quartus-rtl/PifoMesh.v Line: 73168
Info (22567): Verilog HDL info at PifoMesh.v(73108): extracting RAM for identifier 'ram' File: /data/work/rio-synthesis/shared-fifo-34e35d2/pe5-v512-c1024-q256-static-quartus/quartus-rtl/PifoMesh.v Line: 73108
Info (22567): Verilog HDL info at PifoMesh.v(39767): extracting RAM for identifier 'ram' File: /data/work/rio-synthesis/shared-fifo-34e35d2/pe5-v512-c1024-q256-static-quartus/quartus-rtl/PifoMesh.v Line: 39767
Info (22567): Verilog HDL info at PifoMesh.v(34142): extracting RAM for identifier 'logic_ram' File: /data/work/rio-synthesis/shared-fifo-34e35d2/pe5-v512-c1024-q256-static-quartus/quartus-rtl/PifoMesh.v Line: 34142
Info: Found 73 design entities
Info: There are 199 partitions after elaboration.
Info: DA report generation in native DNI mode
Info (21615): Running Design Assistant Rules for snapshot 'partitioned'
Info: No waiver waived any violations
Info (22360): Design Assistant Results: 8 of 10 enabled rules passed, and 1 rules was disabled, in snapshot 'partitioned'
Warning (21620): Design Assistant Results: 1 of 1 High severity rules issued violations in snapshot 'partitioned'. Please refer to DRC report '/data/work/rio-synthesis/shared-fifo-34e35d2/pe5-v512-c1024-q256-static-quartus/output_files/pifo.drc.partitioned.rpt' for more information
Info (21621): Design Assistant Results: 1 of 1 Medium severity rules issued violations in snapshot 'partitioned'. Please refer to DRC report '/data/work/rio-synthesis/shared-fifo-34e35d2/pe5-v512-c1024-q256-static-quartus/output_files/pifo.drc.partitioned.rpt' for more information
Info (21622): Design Assistant Results: 0 of 8 Low severity rules issued violations in snapshot 'partitioned'
Info: Synthesizing partition "root_partition"
Warning (276020): Inferred RAM node "xbar|io_inputs_0_fifo|fifo|logic_ram_rtl_0" from synchronous design logic.  Pass-through logic has been added to match the read-during-write behavior of the original design. File: /data/work/rio-synthesis/shared-fifo-34e35d2/pe5-v512-c1024-q256-static-quartus/quartus-rtl/PifoMesh.v Line: 75379
Warning (276020): Inferred RAM node "xbar|io_inputs_1_fifo|fifo|logic_ram_rtl_0" from synchronous design logic.  Pass-through logic has been added to match the read-during-write behavior of the original design. File: /data/work/rio-synthesis/shared-fifo-34e35d2/pe5-v512-c1024-q256-static-quartus/quartus-rtl/PifoMesh.v Line: 75379
Warning (276020): Inferred RAM node "xbar|io_inputs_2_fifo|fifo|logic_ram_rtl_0" from synchronous design logic.  Pass-through logic has been added to match the read-during-write behavior of the original design. File: /data/work/rio-synthesis/shared-fifo-34e35d2/pe5-v512-c1024-q256-static-quartus/quartus-rtl/PifoMesh.v Line: 75379
Warning (276020): Inferred RAM node "xbar|io_inputs_3_fifo|fifo|logic_ram_rtl_0" from synchronous design logic.  Pass-through logic has been added to match the read-during-write behavior of the original design. File: /data/work/rio-synthesis/shared-fifo-34e35d2/pe5-v512-c1024-q256-static-quartus/quartus-rtl/PifoMesh.v Line: 75379
Warning (276020): Inferred RAM node "xbar|io_inputs_4_fifo|fifo|logic_ram_rtl_0" from synchronous design logic.  Pass-through logic has been added to match the read-during-write behavior of the original design. File: /data/work/rio-synthesis/shared-fifo-34e35d2/pe5-v512-c1024-q256-static-quartus/quartus-rtl/PifoMesh.v Line: 75379
Warning (276020): Inferred RAM node "xbar|io_inputs_5_fifo|fifo|logic_ram_rtl_0" from synchronous design logic.  Pass-through logic has been added to match the read-during-write behavior of the original design. File: /data/work/rio-synthesis/shared-fifo-34e35d2/pe5-v512-c1024-q256-static-quartus/quartus-rtl/PifoMesh.v Line: 75379
Info (276014): Found 25 instances of uninferred RAM logic
    Info (276004): RAM logic "pifoEngines_0|enque_brain|flowStateUpdate_toStream_fifo|fifo|logic_ram" is uninferred due to inappropriate RAM size File: /data/work/rio-synthesis/shared-fifo-34e35d2/pe5-v512-c1024-q256-static-quartus/quartus-rtl/PifoMesh.v Line: 76230
    Info (276004): RAM logic "pifoEngines_0|enque_brain|brainStateUpdate_toStream_fifo|fifo|logic_ram" is uninferred due to inappropriate RAM size File: /data/work/rio-synthesis/shared-fifo-34e35d2/pe5-v512-c1024-q256-static-quartus/quartus-rtl/PifoMesh.v Line: 76085
    Info (276004): RAM logic "pifoEngines_0|enque_brain|brainStateMem_io_readRes_toStream_fifo|fifo|logic_ram" is uninferred due to inappropriate RAM size File: /data/work/rio-synthesis/shared-fifo-34e35d2/pe5-v512-c1024-q256-static-quartus/quartus-rtl/PifoMesh.v Line: 75823
    Info (276004): RAM logic "pifoEngines_0|enque_brain|engineCAM_io_readRes_toStream_fifo|fifo|logic_ram" is uninferred due to inappropriate RAM size File: /data/work/rio-synthesis/shared-fifo-34e35d2/pe5-v512-c1024-q256-static-quartus/quartus-rtl/PifoMesh.v Line: 75823
    Info (276004): RAM logic "pifoEngines_0|enque_brain|io_outputs_4_fifo|fifo|logic_ram" is uninferred due to inappropriate RAM size File: /data/work/rio-synthesis/shared-fifo-34e35d2/pe5-v512-c1024-q256-static-quartus/quartus-rtl/PifoMesh.v Line: 75554
    Info (276004): RAM logic "pifoEngines_1|enque_brain|flowStateUpdate_toStream_fifo|fifo|logic_ram" is uninferred due to inappropriate RAM size File: /data/work/rio-synthesis/shared-fifo-34e35d2/pe5-v512-c1024-q256-static-quartus/quartus-rtl/PifoMesh.v Line: 76230
    Info (276004): RAM logic "pifoEngines_1|enque_brain|brainStateUpdate_toStream_fifo|fifo|logic_ram" is uninferred due to inappropriate RAM size File: /data/work/rio-synthesis/shared-fifo-34e35d2/pe5-v512-c1024-q256-static-quartus/quartus-rtl/PifoMesh.v Line: 76085
    Info (276004): RAM logic "pifoEngines_1|enque_brain|brainStateMem_io_readRes_toStream_fifo|fifo|logic_ram" is uninferred due to inappropriate RAM size File: /data/work/rio-synthesis/shared-fifo-34e35d2/pe5-v512-c1024-q256-static-quartus/quartus-rtl/PifoMesh.v Line: 75823
    Info (276004): RAM logic "pifoEngines_1|enque_brain|engineCAM_io_readRes_toStream_fifo|fifo|logic_ram" is uninferred due to inappropriate RAM size File: /data/work/rio-synthesis/shared-fifo-34e35d2/pe5-v512-c1024-q256-static-quartus/quartus-rtl/PifoMesh.v Line: 75823
    Info (276004): RAM logic "pifoEngines_1|enque_brain|io_outputs_4_fifo|fifo|logic_ram" is uninferred due to inappropriate RAM size File: /data/work/rio-synthesis/shared-fifo-34e35d2/pe5-v512-c1024-q256-static-quartus/quartus-rtl/PifoMesh.v Line: 75554
    Info (276004): RAM logic "pifoEngines_2|enque_brain|flowStateUpdate_toStream_fifo|fifo|logic_ram" is uninferred due to inappropriate RAM size File: /data/work/rio-synthesis/shared-fifo-34e35d2/pe5-v512-c1024-q256-static-quartus/quartus-rtl/PifoMesh.v Line: 76230
    Info (276004): RAM logic "pifoEngines_2|enque_brain|brainStateUpdate_toStream_fifo|fifo|logic_ram" is uninferred due to inappropriate RAM size File: /data/work/rio-synthesis/shared-fifo-34e35d2/pe5-v512-c1024-q256-static-quartus/quartus-rtl/PifoMesh.v Line: 76085
    Info (276004): RAM logic "pifoEngines_2|enque_brain|brainStateMem_io_readRes_toStream_fifo|fifo|logic_ram" is uninferred due to inappropriate RAM size File: /data/work/rio-synthesis/shared-fifo-34e35d2/pe5-v512-c1024-q256-static-quartus/quartus-rtl/PifoMesh.v Line: 75823
    Info (276004): RAM logic "pifoEngines_2|enque_brain|engineCAM_io_readRes_toStream_fifo|fifo|logic_ram" is uninferred due to inappropriate RAM size File: /data/work/rio-synthesis/shared-fifo-34e35d2/pe5-v512-c1024-q256-static-quartus/quartus-rtl/PifoMesh.v Line: 75823
    Info (276004): RAM logic "pifoEngines_2|enque_brain|io_outputs_4_fifo|fifo|logic_ram" is uninferred due to inappropriate RAM size File: /data/work/rio-synthesis/shared-fifo-34e35d2/pe5-v512-c1024-q256-static-quartus/quartus-rtl/PifoMesh.v Line: 75554
    Info (276004): RAM logic "pifoEngines_3|enque_brain|flowStateUpdate_toStream_fifo|fifo|logic_ram" is uninferred due to inappropriate RAM size File: /data/work/rio-synthesis/shared-fifo-34e35d2/pe5-v512-c1024-q256-static-quartus/quartus-rtl/PifoMesh.v Line: 76230
    Info (276004): RAM logic "pifoEngines_3|enque_brain|brainStateUpdate_toStream_fifo|fifo|logic_ram" is uninferred due to inappropriate RAM size File: /data/work/rio-synthesis/shared-fifo-34e35d2/pe5-v512-c1024-q256-static-quartus/quartus-rtl/PifoMesh.v Line: 76085
    Info (276004): RAM logic "pifoEngines_3|enque_brain|brainStateMem_io_readRes_toStream_fifo|fifo|logic_ram" is uninferred due to inappropriate RAM size File: /data/work/rio-synthesis/shared-fifo-34e35d2/pe5-v512-c1024-q256-static-quartus/quartus-rtl/PifoMesh.v Line: 75823
    Info (276004): RAM logic "pifoEngines_3|enque_brain|engineCAM_io_readRes_toStream_fifo|fifo|logic_ram" is uninferred due to inappropriate RAM size File: /data/work/rio-synthesis/shared-fifo-34e35d2/pe5-v512-c1024-q256-static-quartus/quartus-rtl/PifoMesh.v Line: 75823
    Info (276004): RAM logic "pifoEngines_3|enque_brain|io_outputs_4_fifo|fifo|logic_ram" is uninferred due to inappropriate RAM size File: /data/work/rio-synthesis/shared-fifo-34e35d2/pe5-v512-c1024-q256-static-quartus/quartus-rtl/PifoMesh.v Line: 75554
    Info (276004): RAM logic "pifoEngines_4|enque_brain|flowStateUpdate_toStream_fifo|fifo|logic_ram" is uninferred due to inappropriate RAM size File: /data/work/rio-synthesis/shared-fifo-34e35d2/pe5-v512-c1024-q256-static-quartus/quartus-rtl/PifoMesh.v Line: 76230
    Info (276004): RAM logic "pifoEngines_4|enque_brain|brainStateUpdate_toStream_fifo|fifo|logic_ram" is uninferred due to inappropriate RAM size File: /data/work/rio-synthesis/shared-fifo-34e35d2/pe5-v512-c1024-q256-static-quartus/quartus-rtl/PifoMesh.v Line: 76085
    Info (276004): RAM logic "pifoEngines_4|enque_brain|brainStateMem_io_readRes_toStream_fifo|fifo|logic_ram" is uninferred due to inappropriate RAM size File: /data/work/rio-synthesis/shared-fifo-34e35d2/pe5-v512-c1024-q256-static-quartus/quartus-rtl/PifoMesh.v Line: 75823
    Info (276004): RAM logic "pifoEngines_4|enque_brain|engineCAM_io_readRes_toStream_fifo|fifo|logic_ram" is uninferred due to inappropriate RAM size File: /data/work/rio-synthesis/shared-fifo-34e35d2/pe5-v512-c1024-q256-static-quartus/quartus-rtl/PifoMesh.v Line: 75823
    Info (276004): RAM logic "pifoEngines_4|enque_brain|io_outputs_4_fifo|fifo|logic_ram" is uninferred due to inappropriate RAM size File: /data/work/rio-synthesis/shared-fifo-34e35d2/pe5-v512-c1024-q256-static-quartus/quartus-rtl/PifoMesh.v Line: 75554
Info (19000): Inferred 16 megafunctions from design logic
    Info (276029): Inferred altsyncram megafunction from the following design logic: "pifoEngines_0|deque_dequeMapper|ram_rtl_0"  File: /data/work/rio-synthesis/shared-fifo-34e35d2/pe5-v512-c1024-q256-static-quartus/quartus-rtl/PifoMesh.v Line: 71419
        Info (286033): Parameter OPERATION_MODE set to DUAL_PORT
        Info (286033): Parameter WIDTH_A set to 12
        Info (286033): Parameter WIDTHAD_A set to 21
        Info (286033): Parameter NUMWORDS_A set to 2097152
        Info (286033): Parameter WIDTH_B set to 12
        Info (286033): Parameter WIDTHAD_B set to 21
        Info (286033): Parameter NUMWORDS_B set to 2097152
        Info (286033): Parameter ADDRESS_ACLR_A set to NONE
        Info (286033): Parameter OUTDATA_REG_B set to UNREGISTERED
        Info (286033): Parameter ADDRESS_ACLR_B set to NONE
        Info (286033): Parameter OUTDATA_ACLR_B set to NONE
        Info (286033): Parameter ADDRESS_REG_B set to CLOCK0
        Info (286033): Parameter INDATA_ACLR_A set to NONE
        Info (286033): Parameter WRCONTROL_ACLR_A set to NONE
        Info (286033): Parameter INIT_FILE set to /data/work/rio-synthesis/shared-fifo-34e35d2/pe5-v512-c1024-q256-static-quartus/quartus-rtl/PifoMesh.v_toplevel_pifoEngines_0_deque_dequeMapper_ram.bin.mif
        Info (286033): Parameter READ_DURING_WRITE_MODE_MIXED_PORTS set to OLD_DATA
        Info (286033): Parameter RDCONTROL_REG_B set to CLOCK0
    Info (276029): Inferred altsyncram megafunction from the following design logic: "pifoEngines_1|deque_dequeMapper|ram_rtl_0"  File: /data/work/rio-synthesis/shared-fifo-34e35d2/pe5-v512-c1024-q256-static-quartus/quartus-rtl/PifoMesh.v Line: 43355
        Info (286033): Parameter OPERATION_MODE set to DUAL_PORT
        Info (286033): Parameter WIDTH_A set to 12
        Info (286033): Parameter WIDTHAD_A set to 21
        Info (286033): Parameter NUMWORDS_A set to 2097152
        Info (286033): Parameter WIDTH_B set to 12
        Info (286033): Parameter WIDTHAD_B set to 21
        Info (286033): Parameter NUMWORDS_B set to 2097152
        Info (286033): Parameter ADDRESS_ACLR_A set to NONE
        Info (286033): Parameter OUTDATA_REG_B set to UNREGISTERED
        Info (286033): Parameter ADDRESS_ACLR_B set to NONE
        Info (286033): Parameter OUTDATA_ACLR_B set to NONE
        Info (286033): Parameter ADDRESS_REG_B set to CLOCK0
        Info (286033): Parameter INDATA_ACLR_A set to NONE
        Info (286033): Parameter WRCONTROL_ACLR_A set to NONE
        Info (286033): Parameter INIT_FILE set to /data/work/rio-synthesis/shared-fifo-34e35d2/pe5-v512-c1024-q256-static-quartus/quartus-rtl/PifoMesh.v_toplevel_pifoEngines_1_deque_dequeMapper_ram.bin.mif
        Info (286033): Parameter READ_DURING_WRITE_MODE_MIXED_PORTS set to OLD_DATA
        Info (286033): Parameter RDCONTROL_REG_B set to CLOCK0
    Info (276029): Inferred altsyncram megafunction from the following design logic: "pifoEngines_2|deque_dequeMapper|ram_rtl_0"  File: /data/work/rio-synthesis/shared-fifo-34e35d2/pe5-v512-c1024-q256-static-quartus/quartus-rtl/PifoMesh.v Line: 42159
        Info (286033): Parameter OPERATION_MODE set to DUAL_PORT
        Info (286033): Parameter WIDTH_A set to 12
        Info (286033): Parameter WIDTHAD_A set to 21
        Info (286033): Parameter NUMWORDS_A set to 2097152
        Info (286033): Parameter WIDTH_B set to 12
        Info (286033): Parameter WIDTHAD_B set to 21
        Info (286033): Parameter NUMWORDS_B set to 2097152
        Info (286033): Parameter ADDRESS_ACLR_A set to NONE
        Info (286033): Parameter OUTDATA_REG_B set to UNREGISTERED
        Info (286033): Parameter ADDRESS_ACLR_B set to NONE
        Info (286033): Parameter OUTDATA_ACLR_B set to NONE
        Info (286033): Parameter ADDRESS_REG_B set to CLOCK0
        Info (286033): Parameter INDATA_ACLR_A set to NONE
        Info (286033): Parameter WRCONTROL_ACLR_A set to NONE
        Info (286033): Parameter INIT_FILE set to /data/work/rio-synthesis/shared-fifo-34e35d2/pe5-v512-c1024-q256-static-quartus/quartus-rtl/PifoMesh.v_toplevel_pifoEngines_2_deque_dequeMapper_ram.bin.mif
        Info (286033): Parameter READ_DURING_WRITE_MODE_MIXED_PORTS set to OLD_DATA
        Info (286033): Parameter RDCONTROL_REG_B set to CLOCK0
    Info (276029): Inferred altsyncram megafunction from the following design logic: "pifoEngines_3|deque_dequeMapper|ram_rtl_0"  File: /data/work/rio-synthesis/shared-fifo-34e35d2/pe5-v512-c1024-q256-static-quartus/quartus-rtl/PifoMesh.v Line: 40963
        Info (286033): Parameter OPERATION_MODE set to DUAL_PORT
        Info (286033): Parameter WIDTH_A set to 12
        Info (286033): Parameter WIDTHAD_A set to 21
        Info (286033): Parameter NUMWORDS_A set to 2097152
        Info (286033): Parameter WIDTH_B set to 12
        Info (286033): Parameter WIDTHAD_B set to 21
        Info (286033): Parameter NUMWORDS_B set to 2097152
        Info (286033): Parameter ADDRESS_ACLR_A set to NONE
        Info (286033): Parameter OUTDATA_REG_B set to UNREGISTERED
        Info (286033): Parameter ADDRESS_ACLR_B set to NONE
        Info (286033): Parameter OUTDATA_ACLR_B set to NONE
        Info (286033): Parameter ADDRESS_REG_B set to CLOCK0
        Info (286033): Parameter INDATA_ACLR_A set to NONE
        Info (286033): Parameter WRCONTROL_ACLR_A set to NONE
        Info (286033): Parameter INIT_FILE set to /data/work/rio-synthesis/shared-fifo-34e35d2/pe5-v512-c1024-q256-static-quartus/quartus-rtl/PifoMesh.v_toplevel_pifoEngines_3_deque_dequeMapper_ram.bin.mif
        Info (286033): Parameter READ_DURING_WRITE_MODE_MIXED_PORTS set to OLD_DATA
        Info (286033): Parameter RDCONTROL_REG_B set to CLOCK0
    Info (276029): Inferred altsyncram megafunction from the following design logic: "pifoEngines_4|deque_dequeMapper|ram_rtl_0"  File: /data/work/rio-synthesis/shared-fifo-34e35d2/pe5-v512-c1024-q256-static-quartus/quartus-rtl/PifoMesh.v Line: 39767
        Info (286033): Parameter OPERATION_MODE set to DUAL_PORT
        Info (286033): Parameter WIDTH_A set to 12
        Info (286033): Parameter WIDTHAD_A set to 21
        Info (286033): Parameter NUMWORDS_A set to 2097152
        Info (286033): Parameter WIDTH_B set to 12
        Info (286033): Parameter WIDTHAD_B set to 21
        Info (286033): Parameter NUMWORDS_B set to 2097152
        Info (286033): Parameter ADDRESS_ACLR_A set to NONE
        Info (286033): Parameter OUTDATA_REG_B set to UNREGISTERED
        Info (286033): Parameter ADDRESS_ACLR_B set to NONE
        Info (286033): Parameter OUTDATA_ACLR_B set to NONE
        Info (286033): Parameter ADDRESS_REG_B set to CLOCK0
        Info (286033): Parameter INDATA_ACLR_A set to NONE
        Info (286033): Parameter WRCONTROL_ACLR_A set to NONE
        Info (286033): Parameter INIT_FILE set to /data/work/rio-synthesis/shared-fifo-34e35d2/pe5-v512-c1024-q256-static-quartus/quartus-rtl/PifoMesh.v_toplevel_pifoEngines_4_deque_dequeMapper_ram.bin.mif
        Info (286033): Parameter READ_DURING_WRITE_MODE_MIXED_PORTS set to OLD_DATA
        Info (286033): Parameter RDCONTROL_REG_B set to CLOCK0
    Info (276029): Inferred altsyncram megafunction from the following design logic: "xbar|io_inputs_0_fifo|fifo|logic_ram_rtl_0"  File: /data/work/rio-synthesis/shared-fifo-34e35d2/pe5-v512-c1024-q256-static-quartus/quartus-rtl/PifoMesh.v Line: 75379
        Info (286033): Parameter OPERATION_MODE set to DUAL_PORT
        Info (286033): Parameter WIDTH_A set to 12
        Info (286033): Parameter WIDTHAD_A set to 3
        Info (286033): Parameter NUMWORDS_A set to 8
        Info (286033): Parameter WIDTH_B set to 12
        Info (286033): Parameter WIDTHAD_B set to 3
        Info (286033): Parameter NUMWORDS_B set to 8
        Info (286033): Parameter ADDRESS_ACLR_A set to NONE
        Info (286033): Parameter OUTDATA_REG_B set to UNREGISTERED
        Info (286033): Parameter ADDRESS_ACLR_B set to CLEAR0
        Info (286033): Parameter OUTDATA_ACLR_B set to NONE
        Info (286033): Parameter ADDRESS_REG_B set to CLOCK0
        Info (286033): Parameter INDATA_ACLR_A set to NONE
        Info (286033): Parameter WRCONTROL_ACLR_A set to NONE
    Info (276029): Inferred altsyncram megafunction from the following design logic: "xbar|io_inputs_1_fifo|fifo|logic_ram_rtl_0"  File: /data/work/rio-synthesis/shared-fifo-34e35d2/pe5-v512-c1024-q256-static-quartus/quartus-rtl/PifoMesh.v Line: 75379
        Info (286033): Parameter OPERATION_MODE set to DUAL_PORT
        Info (286033): Parameter WIDTH_A set to 12
        Info (286033): Parameter WIDTHAD_A set to 3
        Info (286033): Parameter NUMWORDS_A set to 8
        Info (286033): Parameter WIDTH_B set to 12
        Info (286033): Parameter WIDTHAD_B set to 3
        Info (286033): Parameter NUMWORDS_B set to 8
        Info (286033): Parameter ADDRESS_ACLR_A set to NONE
        Info (286033): Parameter OUTDATA_REG_B set to UNREGISTERED
        Info (286033): Parameter ADDRESS_ACLR_B set to CLEAR0
        Info (286033): Parameter OUTDATA_ACLR_B set to NONE
        Info (286033): Parameter ADDRESS_REG_B set to CLOCK0
        Info (286033): Parameter INDATA_ACLR_A set to NONE
        Info (286033): Parameter WRCONTROL_ACLR_A set to NONE
    Info (276029): Inferred altsyncram megafunction from the following design logic: "xbar|io_inputs_2_fifo|fifo|logic_ram_rtl_0"  File: /data/work/rio-synthesis/shared-fifo-34e35d2/pe5-v512-c1024-q256-static-quartus/quartus-rtl/PifoMesh.v Line: 75379
        Info (286033): Parameter OPERATION_MODE set to DUAL_PORT
        Info (286033): Parameter WIDTH_A set to 12
        Info (286033): Parameter WIDTHAD_A set to 3
        Info (286033): Parameter NUMWORDS_A set to 8
        Info (286033): Parameter WIDTH_B set to 12
        Info (286033): Parameter WIDTHAD_B set to 3
        Info (286033): Parameter NUMWORDS_B set to 8
        Info (286033): Parameter ADDRESS_ACLR_A set to NONE
        Info (286033): Parameter OUTDATA_REG_B set to UNREGISTERED
        Info (286033): Parameter ADDRESS_ACLR_B set to CLEAR0
        Info (286033): Parameter OUTDATA_ACLR_B set to NONE
        Info (286033): Parameter ADDRESS_REG_B set to CLOCK0
        Info (286033): Parameter INDATA_ACLR_A set to NONE
        Info (286033): Parameter WRCONTROL_ACLR_A set to NONE
    Info (276029): Inferred altsyncram megafunction from the following design logic: "xbar|io_inputs_3_fifo|fifo|logic_ram_rtl_0"  File: /data/work/rio-synthesis/shared-fifo-34e35d2/pe5-v512-c1024-q256-static-quartus/quartus-rtl/PifoMesh.v Line: 75379
        Info (286033): Parameter OPERATION_MODE set to DUAL_PORT
        Info (286033): Parameter WIDTH_A set to 12
        Info (286033): Parameter WIDTHAD_A set to 3
        Info (286033): Parameter NUMWORDS_A set to 8
        Info (286033): Parameter WIDTH_B set to 12
        Info (286033): Parameter WIDTHAD_B set to 3
        Info (286033): Parameter NUMWORDS_B set to 8
        Info (286033): Parameter ADDRESS_ACLR_A set to NONE
        Info (286033): Parameter OUTDATA_REG_B set to UNREGISTERED
        Info (286033): Parameter ADDRESS_ACLR_B set to CLEAR0
        Info (286033): Parameter OUTDATA_ACLR_B set to NONE
        Info (286033): Parameter ADDRESS_REG_B set to CLOCK0
        Info (286033): Parameter INDATA_ACLR_A set to NONE
        Info (286033): Parameter WRCONTROL_ACLR_A set to NONE
    Info (276029): Inferred altsyncram megafunction from the following design logic: "xbar|io_inputs_4_fifo|fifo|logic_ram_rtl_0"  File: /data/work/rio-synthesis/shared-fifo-34e35d2/pe5-v512-c1024-q256-static-quartus/quartus-rtl/PifoMesh.v Line: 75379
        Info (286033): Parameter OPERATION_MODE set to DUAL_PORT
        Info (286033): Parameter WIDTH_A set to 12
        Info (286033): Parameter WIDTHAD_A set to 3
        Info (286033): Parameter NUMWORDS_A set to 8
        Info (286033): Parameter WIDTH_B set to 12
        Info (286033): Parameter WIDTHAD_B set to 3
        Info (286033): Parameter NUMWORDS_B set to 8
        Info (286033): Parameter ADDRESS_ACLR_A set to NONE
        Info (286033): Parameter OUTDATA_REG_B set to UNREGISTERED
        Info (286033): Parameter ADDRESS_ACLR_B set to CLEAR0
        Info (286033): Parameter OUTDATA_ACLR_B set to NONE
        Info (286033): Parameter ADDRESS_REG_B set to CLOCK0
        Info (286033): Parameter INDATA_ACLR_A set to NONE
        Info (286033): Parameter WRCONTROL_ACLR_A set to NONE
    Info (276029): Inferred altsyncram megafunction from the following design logic: "xbar|io_inputs_5_fifo|fifo|logic_ram_rtl_0"  File: /data/work/rio-synthesis/shared-fifo-34e35d2/pe5-v512-c1024-q256-static-quartus/quartus-rtl/PifoMesh.v Line: 75379
        Info (286033): Parameter OPERATION_MODE set to DUAL_PORT
        Info (286033): Parameter WIDTH_A set to 12
        Info (286033): Parameter WIDTHAD_A set to 3
        Info (286033): Parameter NUMWORDS_A set to 8
        Info (286033): Parameter WIDTH_B set to 12
        Info (286033): Parameter WIDTHAD_B set to 3
        Info (286033): Parameter NUMWORDS_B set to 8
        Info (286033): Parameter ADDRESS_ACLR_A set to NONE
        Info (286033): Parameter OUTDATA_REG_B set to UNREGISTERED
        Info (286033): Parameter ADDRESS_ACLR_B set to CLEAR0
        Info (286033): Parameter OUTDATA_ACLR_B set to NONE
        Info (286033): Parameter ADDRESS_REG_B set to CLOCK0
        Info (286033): Parameter INDATA_ACLR_A set to NONE
        Info (286033): Parameter WRCONTROL_ACLR_A set to NONE
    Info (276029): Inferred altsyncram megafunction from the following design logic: "pifoEngines_0|enque_brain|engineCAM|ram_rtl_0"  File: /data/work/rio-synthesis/shared-fifo-34e35d2/pe5-v512-c1024-q256-static-quartus/quartus-rtl/PifoMesh.v Line: 74905
        Info (286033): Parameter OPERATION_MODE set to DUAL_PORT
        Info (286033): Parameter WIDTH_A set to 32
        Info (286033): Parameter WIDTHAD_A set to 21
        Info (286033): Parameter NUMWORDS_A set to 2097152
        Info (286033): Parameter WIDTH_B set to 32
        Info (286033): Parameter WIDTHAD_B set to 21
        Info (286033): Parameter NUMWORDS_B set to 2097152
        Info (286033): Parameter ADDRESS_ACLR_A set to NONE
        Info (286033): Parameter OUTDATA_REG_B set to UNREGISTERED
        Info (286033): Parameter ADDRESS_ACLR_B set to NONE
        Info (286033): Parameter OUTDATA_ACLR_B set to NONE
        Info (286033): Parameter ADDRESS_REG_B set to CLOCK0
        Info (286033): Parameter INDATA_ACLR_A set to NONE
        Info (286033): Parameter WRCONTROL_ACLR_A set to NONE
        Info (286033): Parameter INIT_FILE set to /data/work/rio-synthesis/shared-fifo-34e35d2/pe5-v512-c1024-q256-static-quartus/quartus-rtl/PifoMesh.v_toplevel_pifoEngines_0_enque_brain_engineCAM_ram.bin.mif
        Info (286033): Parameter READ_DURING_WRITE_MODE_MIXED_PORTS set to OLD_DATA
    Info (276029): Inferred altsyncram megafunction from the following design logic: "pifoEngines_1|enque_brain|engineCAM|ram_rtl_0"  File: /data/work/rio-synthesis/shared-fifo-34e35d2/pe5-v512-c1024-q256-static-quartus/quartus-rtl/PifoMesh.v Line: 73918
        Info (286033): Parameter OPERATION_MODE set to DUAL_PORT
        Info (286033): Parameter WIDTH_A set to 32
        Info (286033): Parameter WIDTHAD_A set to 21
        Info (286033): Parameter NUMWORDS_A set to 2097152
        Info (286033): Parameter WIDTH_B set to 32
        Info (286033): Parameter WIDTHAD_B set to 21
        Info (286033): Parameter NUMWORDS_B set to 2097152
        Info (286033): Parameter ADDRESS_ACLR_A set to NONE
        Info (286033): Parameter OUTDATA_REG_B set to UNREGISTERED
        Info (286033): Parameter ADDRESS_ACLR_B set to NONE
        Info (286033): Parameter OUTDATA_ACLR_B set to NONE
        Info (286033): Parameter ADDRESS_REG_B set to CLOCK0
        Info (286033): Parameter INDATA_ACLR_A set to NONE
        Info (286033): Parameter WRCONTROL_ACLR_A set to NONE
        Info (286033): Parameter INIT_FILE set to /data/work/rio-synthesis/shared-fifo-34e35d2/pe5-v512-c1024-q256-static-quartus/quartus-rtl/PifoMesh.v_toplevel_pifoEngines_1_enque_brain_engineCAM_ram.bin.mif
        Info (286033): Parameter READ_DURING_WRITE_MODE_MIXED_PORTS set to OLD_DATA
    Info (276029): Inferred altsyncram megafunction from the following design logic: "pifoEngines_2|enque_brain|engineCAM|ram_rtl_0"  File: /data/work/rio-synthesis/shared-fifo-34e35d2/pe5-v512-c1024-q256-static-quartus/quartus-rtl/PifoMesh.v Line: 73668
        Info (286033): Parameter OPERATION_MODE set to DUAL_PORT
        Info (286033): Parameter WIDTH_A set to 32
        Info (286033): Parameter WIDTHAD_A set to 21
        Info (286033): Parameter NUMWORDS_A set to 2097152
        Info (286033): Parameter WIDTH_B set to 32
        Info (286033): Parameter WIDTHAD_B set to 21
        Info (286033): Parameter NUMWORDS_B set to 2097152
        Info (286033): Parameter ADDRESS_ACLR_A set to NONE
        Info (286033): Parameter OUTDATA_REG_B set to UNREGISTERED
        Info (286033): Parameter ADDRESS_ACLR_B set to NONE
        Info (286033): Parameter OUTDATA_ACLR_B set to NONE
        Info (286033): Parameter ADDRESS_REG_B set to CLOCK0
        Info (286033): Parameter INDATA_ACLR_A set to NONE
        Info (286033): Parameter WRCONTROL_ACLR_A set to NONE
        Info (286033): Parameter INIT_FILE set to /data/work/rio-synthesis/shared-fifo-34e35d2/pe5-v512-c1024-q256-static-quartus/quartus-rtl/PifoMesh.v_toplevel_pifoEngines_2_enque_brain_engineCAM_ram.bin.mif
        Info (286033): Parameter READ_DURING_WRITE_MODE_MIXED_PORTS set to OLD_DATA
    Info (276029): Inferred altsyncram megafunction from the following design logic: "pifoEngines_3|enque_brain|engineCAM|ram_rtl_0"  File: /data/work/rio-synthesis/shared-fifo-34e35d2/pe5-v512-c1024-q256-static-quartus/quartus-rtl/PifoMesh.v Line: 73418
        Info (286033): Parameter OPERATION_MODE set to DUAL_PORT
        Info (286033): Parameter WIDTH_A set to 32
        Info (286033): Parameter WIDTHAD_A set to 21
        Info (286033): Parameter NUMWORDS_A set to 2097152
        Info (286033): Parameter WIDTH_B set to 32
        Info (286033): Parameter WIDTHAD_B set to 21
        Info (286033): Parameter NUMWORDS_B set to 2097152
        Info (286033): Parameter ADDRESS_ACLR_A set to NONE
        Info (286033): Parameter OUTDATA_REG_B set to UNREGISTERED
        Info (286033): Parameter ADDRESS_ACLR_B set to NONE
        Info (286033): Parameter OUTDATA_ACLR_B set to NONE
        Info (286033): Parameter ADDRESS_REG_B set to CLOCK0
        Info (286033): Parameter INDATA_ACLR_A set to NONE
        Info (286033): Parameter WRCONTROL_ACLR_A set to NONE
        Info (286033): Parameter INIT_FILE set to /data/work/rio-synthesis/shared-fifo-34e35d2/pe5-v512-c1024-q256-static-quartus/quartus-rtl/PifoMesh.v_toplevel_pifoEngines_3_enque_brain_engineCAM_ram.bin.mif
        Info (286033): Parameter READ_DURING_WRITE_MODE_MIXED_PORTS set to OLD_DATA
    Info (276029): Inferred altsyncram megafunction from the following design logic: "pifoEngines_4|enque_brain|engineCAM|ram_rtl_0"  File: /data/work/rio-synthesis/shared-fifo-34e35d2/pe5-v512-c1024-q256-static-quartus/quartus-rtl/PifoMesh.v Line: 73168
        Info (286033): Parameter OPERATION_MODE set to DUAL_PORT
        Info (286033): Parameter WIDTH_A set to 32
        Info (286033): Parameter WIDTHAD_A set to 21
        Info (286033): Parameter NUMWORDS_A set to 2097152
        Info (286033): Parameter WIDTH_B set to 32
        Info (286033): Parameter WIDTHAD_B set to 21
        Info (286033): Parameter NUMWORDS_B set to 2097152
        Info (286033): Parameter ADDRESS_ACLR_A set to NONE
        Info (286033): Parameter OUTDATA_REG_B set to UNREGISTERED
        Info (286033): Parameter ADDRESS_ACLR_B set to NONE
        Info (286033): Parameter OUTDATA_ACLR_B set to NONE
        Info (286033): Parameter ADDRESS_REG_B set to CLOCK0
        Info (286033): Parameter INDATA_ACLR_A set to NONE
        Info (286033): Parameter WRCONTROL_ACLR_A set to NONE
        Info (286033): Parameter INIT_FILE set to /data/work/rio-synthesis/shared-fifo-34e35d2/pe5-v512-c1024-q256-static-quartus/quartus-rtl/PifoMesh.v_toplevel_pifoEngines_4_enque_brain_engineCAM_ram.bin.mif
        Info (286033): Parameter READ_DURING_WRITE_MODE_MIXED_PORTS set to OLD_DATA
Warning (276002): Cannot convert all sets of registers into RAM megafunctions when creating nodes; therefore, the resulting number of registers remaining in design can cause longer compilation time or result in insufficient memory to complete Analysis and Synthesis
Warning (14284): Synthesized away the following node(s):
    Warning (25637): Synthesized away 122880 node(s) of type RAM. See "Registers Removed during Synthesis" report for more details.
Warning (13024): Output pins are stuck at VCC or GND
    Warning (13410): Pin "io_commitEpoch[0..31]" is stuck at GND File: /data/work/rio-synthesis/shared-fifo-34e35d2/pe5-v512-c1024-q256-static-quartus/quartus-rtl/PifoMesh.v Line: 154
    Warning (13410): Pin "io_commitReady" is stuck at VCC File: /data/work/rio-synthesis/shared-fifo-34e35d2/pe5-v512-c1024-q256-static-quartus/quartus-rtl/PifoMesh.v Line: 153
    Warning (13410): Pin "io_pifo_0_push2_payload_data[0..11]" is stuck at GND File: /data/work/rio-synthesis/shared-fifo-34e35d2/pe5-v512-c1024-q256-static-quartus/quartus-rtl/PifoMesh.v Line: 49
    Warning (13410): Pin "io_pifo_0_push2_payload_port[0..8]" is stuck at GND File: /data/work/rio-synthesis/shared-fifo-34e35d2/pe5-v512-c1024-q256-static-quartus/quartus-rtl/PifoMesh.v Line: 50
    Warning (13410): Pin "io_pifo_0_push2_payload_priority[0..7]" is stuck at GND File: /data/work/rio-synthesis/shared-fifo-34e35d2/pe5-v512-c1024-q256-static-quartus/quartus-rtl/PifoMesh.v Line: 48
    Warning (13410): Pin "io_pifo_0_push2_valid" is stuck at GND File: /data/work/rio-synthesis/shared-fifo-34e35d2/pe5-v512-c1024-q256-static-quartus/quartus-rtl/PifoMesh.v Line: 47
    Warning (13410): Pin "io_pifo_1_push2_payload_data[0..11]" is stuck at GND File: /data/work/rio-synthesis/shared-fifo-34e35d2/pe5-v512-c1024-q256-static-quartus/quartus-rtl/PifoMesh.v Line: 71
    Warning (13410): Pin "io_pifo_1_push2_payload_port[0..8]" is stuck at GND File: /data/work/rio-synthesis/shared-fifo-34e35d2/pe5-v512-c1024-q256-static-quartus/quartus-rtl/PifoMesh.v Line: 72
    Warning (13410): Pin "io_pifo_1_push2_payload_priority[0..7]" is stuck at GND File: /data/work/rio-synthesis/shared-fifo-34e35d2/pe5-v512-c1024-q256-static-quartus/quartus-rtl/PifoMesh.v Line: 70
    Warning (13410): Pin "io_pifo_1_push2_valid" is stuck at GND File: /data/work/rio-synthesis/shared-fifo-34e35d2/pe5-v512-c1024-q256-static-quartus/quartus-rtl/PifoMesh.v Line: 69
    Warning (13410): Pin "io_pifo_2_push2_payload_data[0..11]" is stuck at GND File: /data/work/rio-synthesis/shared-fifo-34e35d2/pe5-v512-c1024-q256-static-quartus/quartus-rtl/PifoMesh.v Line: 93
    Warning (13410): Pin "io_pifo_2_push2_payload_port[0..8]" is stuck at GND File: /data/work/rio-synthesis/shared-fifo-34e35d2/pe5-v512-c1024-q256-static-quartus/quartus-rtl/PifoMesh.v Line: 94
    Warning (13410): Pin "io_pifo_2_push2_payload_priority[0..7]" is stuck at GND File: /data/work/rio-synthesis/shared-fifo-34e35d2/pe5-v512-c1024-q256-static-quartus/quartus-rtl/PifoMesh.v Line: 92
    Warning (13410): Pin "io_pifo_2_push2_valid" is stuck at GND File: /data/work/rio-synthesis/shared-fifo-34e35d2/pe5-v512-c1024-q256-static-quartus/quartus-rtl/PifoMesh.v Line: 91
    Warning (13410): Pin "io_pifo_3_push2_payload_data[0..11]" is stuck at GND File: /data/work/rio-synthesis/shared-fifo-34e35d2/pe5-v512-c1024-q256-static-quartus/quartus-rtl/PifoMesh.v Line: 115
    Warning (13410): Pin "io_pifo_3_push2_payload_port[0..8]" is stuck at GND File: /data/work/rio-synthesis/shared-fifo-34e35d2/pe5-v512-c1024-q256-static-quartus/quartus-rtl/PifoMesh.v Line: 116
    Warning (13410): Pin "io_pifo_3_push2_payload_priority[0..7]" is stuck at GND File: /data/work/rio-synthesis/shared-fifo-34e35d2/pe5-v512-c1024-q256-static-quartus/quartus-rtl/PifoMesh.v Line: 114
    Warning (13410): Pin "io_pifo_3_push2_valid" is stuck at GND File: /data/work/rio-synthesis/shared-fifo-34e35d2/pe5-v512-c1024-q256-static-quartus/quartus-rtl/PifoMesh.v Line: 113
    Warning (13410): Pin "io_pifo_4_push2_payload_data[0..11]" is stuck at GND File: /data/work/rio-synthesis/shared-fifo-34e35d2/pe5-v512-c1024-q256-static-quartus/quartus-rtl/PifoMesh.v Line: 137
    Warning (13410): Pin "io_pifo_4_push2_payload_port[0..8]" is stuck at GND File: /data/work/rio-synthesis/shared-fifo-34e35d2/pe5-v512-c1024-q256-static-quartus/quartus-rtl/PifoMesh.v Line: 138
    Warning (13410): Pin "io_pifo_4_push2_payload_priority[0..7]" is stuck at GND File: /data/work/rio-synthesis/shared-fifo-34e35d2/pe5-v512-c1024-q256-static-quartus/quartus-rtl/PifoMesh.v Line: 136
    Warning (13410): Pin "io_pifo_4_push2_valid" is stuck at GND File: /data/work/rio-synthesis/shared-fifo-34e35d2/pe5-v512-c1024-q256-static-quartus/quartus-rtl/PifoMesh.v Line: 135
    Warning (13410): Pin "io_replayBusy" is stuck at GND File: /data/work/rio-synthesis/shared-fifo-34e35d2/pe5-v512-c1024-q256-static-quartus/quartus-rtl/PifoMesh.v Line: 155
    Warning (13410): Pin "io_replayLogAvailable[0..8]" is stuck at GND File: /data/work/rio-synthesis/shared-fifo-34e35d2/pe5-v512-c1024-q256-static-quartus/quartus-rtl/PifoMesh.v Line: 156
Info (17049): 215350 registers lost all their fanouts during netlist optimizations.
Info (21057): Implemented 279123 device resources after synthesis - the final resource count might be different
    Info (21058): Implemented 451 input pins
    Info (21059): Implemented 413 output pins
    Info (21061): Implemented 175787 logic cells
    Info (21064): Implemented 102472 RAM segments
Info: Successfully synthesized partition
Info: Saving post-synthesis snapshots for 1 partition(s)
Info (21615): Running Design Assistant Rules for snapshot 'synthesized'
Info: No waiver waived any violations
Info (22360): Design Assistant Results: 12 of 13 enabled rules passed, and 7 rules was disabled, in snapshot 'synthesized'
Info (21661): Design Assistant Results: 0 of 1 High severity rules issued violations in snapshot 'synthesized'
Info (21621): Design Assistant Results: 1 of 6 Medium severity rules issued violations in snapshot 'synthesized'. Please refer to DRC report '/data/work/rio-synthesis/shared-fifo-34e35d2/pe5-v512-c1024-q256-static-quartus/output_files/pifo.drc.synthesized.rpt' for more information
Info (21622): Design Assistant Results: 0 of 6 Low severity rules issued violations in snapshot 'synthesized'
Info: Quartus Prime Synthesis was successful. 0 errors, 35 warnings
    Info: Peak virtual memory: 9845 megabytes
    Info: Processing ended: Mon Sep  7 15:13:07 2026
    Info: Elapsed time: 00:14:20
    Info: System process ID: 438535
