[info] welcome to sbt 1.10.2 (Ubuntu Java 21.0.10)
[info] loading settings for project pifo-hardware-build from plugins.sbt ...
[info] loading project definition from /home/zg366/packet-scheduling-shared-synthesis/pifo-hardware/project
[info] loading settings for project rio from build.sbt ...
[info] set current project to rio (in build file:/home/zg366/packet-scheduling-shared-synthesis/pifo-hardware/)
[info] running (fork) rio.GeneratePifoMesh /data/work/rio-synthesis/shared-fifo-34e35d2/pe5-v64-c1024-q256-static-quartus/rtl 5 64 16 8 external static 256
[info] [Runtime] SpinalHDL v1.12.3    git head : 591e64062329e5e2e2b81f4d52422948053edb97
[info] [Runtime] JVM max memory : 30208.0MiB
[info] [Runtime] Current date : 2026.09.07 13:47:57
[info] [Progress] at 0.000 : Elaborate components
[info] [Progress] at 1.252 : Checks and transforms
[info] [Progress] at 2.675 : Generate Verilog to /data/work/rio-synthesis/shared-fifo-34e35d2/pe5-v64-c1024-q256-static-quartus/rtl
[info] [Warning] toplevel/pifoEngines_0/enque_brain/flowStateUpdate_toStream_fifo/fifo/logic_ram : Mem[2*47 bits].readAsync can only be write first into Verilog
[info] [Warning] toplevel/pifoEngines_0/enque_brain/brainStateUpdate_toStream_fifo/fifo/logic_ram : Mem[2*38 bits].readAsync can only be write first into Verilog
[info] [Warning] toplevel/pifoEngines_0/enque_brain/engineMapper_io_readRes_toStream_fifo/fifo/logic_ram : Mem[2*2 bits].readAsync can only be write first into Verilog
[info] [Warning] toplevel/pifoEngines_0/enque_brain/brainStateMem_io_readRes_toStream_fifo/fifo/logic_ram : Mem[2*32 bits].readAsync can only be write first into Verilog
[info] [Warning] toplevel/pifoEngines_0/enque_brain/engineCAM_io_readRes_toStream_fifo/fifo/logic_ram : Mem[2*32 bits].readAsync can only be write first into Verilog
[info] [Warning] toplevel/pifoEngines_0/enque_brain/lastVirtualMapper_io_readRes_toStream_fifo/fifo/logic_ram : Mem[2*8 bits].readAsync can only be write first into Verilog
[info] [Warning] toplevel/pifoEngines_0/enque_brain/io_outputs_4_fifo/fifo/logic_ram : Mem[2*15 bits].readAsync can only be write first into Verilog
[info] [Warning] toplevel/pifoEngines_1/enque_brain/flowStateUpdate_toStream_fifo/fifo/logic_ram : Mem[2*47 bits].readAsync can only be write first into Verilog
[info] [Warning] toplevel/pifoEngines_1/enque_brain/brainStateUpdate_toStream_fifo/fifo/logic_ram : Mem[2*38 bits].readAsync can only be write first into Verilog
[info] [Warning] toplevel/pifoEngines_1/enque_brain/engineMapper_io_readRes_toStream_fifo/fifo/logic_ram : Mem[2*2 bits].readAsync can only be write first into Verilog
[info] [Warning] toplevel/pifoEngines_1/enque_brain/brainStateMem_io_readRes_toStream_fifo/fifo/logic_ram : Mem[2*32 bits].readAsync can only be write first into Verilog
[info] [Warning] toplevel/pifoEngines_1/enque_brain/engineCAM_io_readRes_toStream_fifo/fifo/logic_ram : Mem[2*32 bits].readAsync can only be write first into Verilog
[info] [Warning] toplevel/pifoEngines_1/enque_brain/lastVirtualMapper_io_readRes_toStream_fifo/fifo/logic_ram : Mem[2*8 bits].readAsync can only be write first into Verilog
[info] [Warning] toplevel/pifoEngines_1/enque_brain/io_outputs_4_fifo/fifo/logic_ram : Mem[2*15 bits].readAsync can only be write first into Verilog
[info] [Warning] toplevel/pifoEngines_2/enque_brain/flowStateUpdate_toStream_fifo/fifo/logic_ram : Mem[2*47 bits].readAsync can only be write first into Verilog
[info] [Warning] toplevel/pifoEngines_2/enque_brain/brainStateUpdate_toStream_fifo/fifo/logic_ram : Mem[2*38 bits].readAsync can only be write first into Verilog
[info] [Warning] toplevel/pifoEngines_2/enque_brain/engineMapper_io_readRes_toStream_fifo/fifo/logic_ram : Mem[2*2 bits].readAsync can only be write first into Verilog
[info] [Warning] toplevel/pifoEngines_2/enque_brain/brainStateMem_io_readRes_toStream_fifo/fifo/logic_ram : Mem[2*32 bits].readAsync can only be write first into Verilog
[info] [Warning] toplevel/pifoEngines_2/enque_brain/engineCAM_io_readRes_toStream_fifo/fifo/logic_ram : Mem[2*32 bits].readAsync can only be write first into Verilog
[info] [Warning] toplevel/pifoEngines_2/enque_brain/lastVirtualMapper_io_readRes_toStream_fifo/fifo/logic_ram : Mem[2*8 bits].readAsync can only be write first into Verilog
[info] [Warning] toplevel/pifoEngines_2/enque_brain/io_outputs_4_fifo/fifo/logic_ram : Mem[2*15 bits].readAsync can only be write first into Verilog
[info] [Warning] toplevel/pifoEngines_3/enque_brain/flowStateUpdate_toStream_fifo/fifo/logic_ram : Mem[2*47 bits].readAsync can only be write first into Verilog
[info] [Warning] toplevel/pifoEngines_3/enque_brain/brainStateUpdate_toStream_fifo/fifo/logic_ram : Mem[2*38 bits].readAsync can only be write first into Verilog
[info] [Warning] toplevel/pifoEngines_3/enque_brain/engineMapper_io_readRes_toStream_fifo/fifo/logic_ram : Mem[2*2 bits].readAsync can only be write first into Verilog
[info] [Warning] toplevel/pifoEngines_3/enque_brain/brainStateMem_io_readRes_toStream_fifo/fifo/logic_ram : Mem[2*32 bits].readAsync can only be write first into Verilog
[info] [Warning] toplevel/pifoEngines_3/enque_brain/engineCAM_io_readRes_toStream_fifo/fifo/logic_ram : Mem[2*32 bits].readAsync can only be write first into Verilog
[info] [Warning] toplevel/pifoEngines_3/enque_brain/lastVirtualMapper_io_readRes_toStream_fifo/fifo/logic_ram : Mem[2*8 bits].readAsync can only be write first into Verilog
[info] [Warning] toplevel/pifoEngines_3/enque_brain/io_outputs_4_fifo/fifo/logic_ram : Mem[2*15 bits].readAsync can only be write first into Verilog
[info] [Warning] toplevel/pifoEngines_4/enque_brain/flowStateUpdate_toStream_fifo/fifo/logic_ram : Mem[2*47 bits].readAsync can only be write first into Verilog
[info] [Warning] toplevel/pifoEngines_4/enque_brain/brainStateUpdate_toStream_fifo/fifo/logic_ram : Mem[2*38 bits].readAsync can only be write first into Verilog
[info] [Warning] toplevel/pifoEngines_4/enque_brain/engineMapper_io_readRes_toStream_fifo/fifo/logic_ram : Mem[2*2 bits].readAsync can only be write first into Verilog
[info] [Warning] toplevel/pifoEngines_4/enque_brain/brainStateMem_io_readRes_toStream_fifo/fifo/logic_ram : Mem[2*32 bits].readAsync can only be write first into Verilog
[info] [Warning] toplevel/pifoEngines_4/enque_brain/engineCAM_io_readRes_toStream_fifo/fifo/logic_ram : Mem[2*32 bits].readAsync can only be write first into Verilog
[info] [Warning] toplevel/pifoEngines_4/enque_brain/lastVirtualMapper_io_readRes_toStream_fifo/fifo/logic_ram : Mem[2*8 bits].readAsync can only be write first into Verilog
[info] [Warning] toplevel/pifoEngines_4/enque_brain/io_outputs_4_fifo/fifo/logic_ram : Mem[2*15 bits].readAsync can only be write first into Verilog
[info] [Warning] toplevel/xbar/io_inputs_0_fifo/fifo/logic_ram : Mem[8*9 bits].readAsync can only be write first into Verilog
[info] [Warning] toplevel/xbar/io_inputs_1_fifo/fifo/logic_ram : Mem[8*9 bits].readAsync can only be write first into Verilog
[info] [Warning] toplevel/xbar/io_inputs_2_fifo/fifo/logic_ram : Mem[8*9 bits].readAsync can only be write first into Verilog
[info] [Warning] toplevel/xbar/io_inputs_3_fifo/fifo/logic_ram : Mem[8*9 bits].readAsync can only be write first into Verilog
[info] [Warning] toplevel/xbar/io_inputs_4_fifo/fifo/logic_ram : Mem[8*9 bits].readAsync can only be write first into Verilog
[info] [Warning] toplevel/xbar/io_inputs_5_fifo/fifo/logic_ram : Mem[8*9 bits].readAsync can only be write first into Verilog
[info] [Warning] toplevel/pifoEngines_0/enque_flowIdStream_fifo/fifo/logic_ram : Mem[2*9 bits].readAsync can only be write first into Verilog
[info] [Warning] toplevel/pifoEngines_0/io_outputs_2_fifo/fifo/logic_ram : Mem[2*24 bits].readAsync can only be write first into Verilog
[info] [Warning] toplevel/pifoEngines_1/enque_flowIdStream_fifo/fifo/logic_ram : Mem[2*9 bits].readAsync can only be write first into Verilog
[info] [Warning] toplevel/pifoEngines_1/io_outputs_2_fifo/fifo/logic_ram : Mem[2*24 bits].readAsync can only be write first into Verilog
[info] [Warning] toplevel/pifoEngines_2/enque_flowIdStream_fifo/fifo/logic_ram : Mem[2*9 bits].readAsync can only be write first into Verilog
[info] [Warning] toplevel/pifoEngines_2/io_outputs_2_fifo/fifo/logic_ram : Mem[2*24 bits].readAsync can only be write first into Verilog
[info] [Warning] toplevel/pifoEngines_3/enque_flowIdStream_fifo/fifo/logic_ram : Mem[2*9 bits].readAsync can only be write first into Verilog
[info] [Warning] toplevel/pifoEngines_3/io_outputs_2_fifo/fifo/logic_ram : Mem[2*24 bits].readAsync can only be write first into Verilog
[info] [Warning] toplevel/pifoEngines_4/enque_flowIdStream_fifo/fifo/logic_ram : Mem[2*9 bits].readAsync can only be write first into Verilog
[info] [Warning] toplevel/pifoEngines_4/io_outputs_2_fifo/fifo/logic_ram : Mem[2*24 bits].readAsync can only be write first into Verilog
[info] [Warning] 1238 signals were pruned. You can call printPruned on the backend report to get more informations.
[info] [Done] at 3.594
[info] PifoMesh: 5 PEs, 64 vPIFO IDs/PE, 1024 shared entries/PE, 64 global flow IDs, 8 rank bits, external PIFO, static configuration
[success] Total time: 6 s, completed Sep 7, 2026, 1:48:01 PM
