[info] welcome to sbt 1.10.2 (Ubuntu Java 21.0.10)
[info] loading settings for project pifo-hardware-build from plugins.sbt ...
[info] loading project definition from /home/zg366/packet-scheduling/pifo-hardware/project
[info] loading settings for project rio from build.sbt ...
[info] set current project to rio (in build file:/home/zg366/packet-scheduling/pifo-hardware/)
[info] compiling 2 Scala sources to /home/zg366/packet-scheduling/pifo-hardware/target/scala-2.13/classes ...
[warn] 75 feature warnings; re-run with -feature for details
[warn] one warning found
[info] done compiling
[info] running (fork) rio.sim.BoundedCamMapperSim 
[info] [Runtime] SpinalHDL v1.12.3    git head : 591e64062329e5e2e2b81f4d52422948053edb97
[info] [Runtime] JVM max memory : 30208.0MiB
[info] [Runtime] Current date : 2026.09.09 12:03:04
[info] [Progress] at 0.000 : Elaborate components
[info] [Progress] at 0.748 : Checks and transforms
[info] [Progress] at 0.901 : Generate Verilog to ./simWorkspace/tmp/job_1
[info] [Warning] 2 signals were pruned. You can call printPruned on the backend report to get more informations.
[info] [Done] at 1.056
[info] [Progress] Simulation workspace in /home/zg366/packet-scheduling/pifo-hardware/./simWorkspace/BoundedCamMapper
[info] [Progress] IVerilog compilation started
[info] [Progress] IVerilog compilation done in 28.181 ms
[info] [Progress] Start BoundedCamMapper test simulation with seed 148451841
[info] BOUNDED_CAM_PASS capacity=2 replay=false cycles=1636 rejected_full_writes=492
[info] Shared memory key : SpinalHDL_0_1_466853180_1672228466_1788969785622_-3217520858458929205
[info] Start of simulation
[info] FST info: dumpfile /home/zg366/packet-scheduling/pifo-hardware/simWorkspace/BoundedCamMapper/test/wave.fst opened for output.
[info] End of simulation
[info] [Done] Simulation done in 209.210 ms
[info] [Runtime] SpinalHDL v1.12.3    git head : 591e64062329e5e2e2b81f4d52422948053edb97
[info] [Runtime] JVM max memory : 30208.0MiB
[info] [Runtime] Current date : 2026.09.09 12:03:05
[info] [Progress] at 1.397 : Elaborate components
[info] [Progress] at 1.437 : Checks and transforms
[info] [Progress] at 1.536 : Generate Verilog to ./simWorkspace/tmp/job_2
[info] [Done] at 1.614
[info] [Info] Workspace 'BoundedCamMapper' was reallocated as 'BoundedCamMapper_1' to avoid collision
[info] [Progress] Simulation workspace in /home/zg366/packet-scheduling/pifo-hardware/./simWorkspace/BoundedCamMapper_1
[info] [Progress] IVerilog compilation started
[info] [Progress] IVerilog compilation done in 19.595 ms
[info] [Progress] Start BoundedCamMapper test simulation with seed 1983815261
[info] BOUNDED_CAM_PASS capacity=2 replay=true cycles=2192 rejected_full_writes=492
[info] Shared memory key : SpinalHDL_0_2_120689887_1672228466_1788969786141_-2333328061259781114
[info] Start of simulation
[info] FST info: dumpfile /home/zg366/packet-scheduling/pifo-hardware/simWorkspace/BoundedCamMapper_1/test/wave.fst opened for output.
[info] End of simulation
[info] [Done] Simulation done in 277.415 ms
[info] [Runtime] SpinalHDL v1.12.3    git head : 591e64062329e5e2e2b81f4d52422948053edb97
[info] [Runtime] JVM max memory : 30208.0MiB
[info] [Runtime] Current date : 2026.09.09 12:03:06
[info] [Progress] at 1.971 : Elaborate components
[info] [Progress] at 1.983 : Checks and transforms
[info] [Progress] at 2.003 : Generate Verilog to ./simWorkspace/tmp/job_3
[info] [Warning] 2 signals were pruned. You can call printPruned on the backend report to get more informations.
[info] [Done] at 2.020
[info] [Info] Workspace 'BoundedCamMapper' was reallocated as 'BoundedCamMapper_2' to avoid collision
[info] [Progress] Simulation workspace in /home/zg366/packet-scheduling/pifo-hardware/./simWorkspace/BoundedCamMapper_2
[info] [Progress] IVerilog compilation started
[info] [Progress] IVerilog compilation done in 9.856 ms
[info] [Progress] Start BoundedCamMapper test simulation with seed 700806279
[info] BOUNDED_CAM_PASS capacity=3 replay=false cycles=1721 rejected_full_writes=409
[info] Shared memory key : SpinalHDL_0_3_1429351083_1672228466_1788969786523_-8046732064643486875
[info] Start of simulation
[info] FST info: dumpfile /home/zg366/packet-scheduling/pifo-hardware/simWorkspace/BoundedCamMapper_2/test/wave.fst opened for output.
[info] End of simulation
[info] [Done] Simulation done in 145.167 ms
[info] [Runtime] SpinalHDL v1.12.3    git head : 591e64062329e5e2e2b81f4d52422948053edb97
[info] [Runtime] JVM max memory : 30208.0MiB
[info] [Runtime] Current date : 2026.09.09 12:03:06
[info] [Progress] at 2.220 : Elaborate components
[info] [Progress] at 2.240 : Checks and transforms
[info] [Progress] at 2.283 : Generate Verilog to ./simWorkspace/tmp/job_4
[info] [Done] at 2.326
[info] [Info] Workspace 'BoundedCamMapper' was reallocated as 'BoundedCamMapper_3' to avoid collision
[info] [Progress] Simulation workspace in /home/zg366/packet-scheduling/pifo-hardware/./simWorkspace/BoundedCamMapper_3
[info] [Progress] IVerilog compilation started
[info] [Progress] IVerilog compilation done in 15.133 ms
[info] [Progress] Start BoundedCamMapper test simulation with seed 219718169
[info] BOUNDED_CAM_PASS capacity=3 replay=true cycles=2361 rejected_full_writes=409
[info] Shared memory key : SpinalHDL_0_4_710623214_1672228466_1788969786847_-2468918063340685491
[info] Start of simulation
[info] FST info: dumpfile /home/zg366/packet-scheduling/pifo-hardware/simWorkspace/BoundedCamMapper_3/test/wave.fst opened for output.
[info] End of simulation
[info] [Done] Simulation done in 187.853 ms
[info] [Runtime] SpinalHDL v1.12.3    git head : 591e64062329e5e2e2b81f4d52422948053edb97
[info] [Runtime] JVM max memory : 30208.0MiB
[info] [Runtime] Current date : 2026.09.09 12:03:07
[info] [Progress] at 2.588 : Elaborate components
[info] [Progress] at 2.596 : Checks and transforms
[info] [Progress] at 2.617 : Generate Verilog to ./simWorkspace/tmp/job_5
[info] [Warning] 2 signals were pruned. You can call printPruned on the backend report to get more informations.
[info] [Done] at 2.643
[info] [Info] Workspace 'BoundedCamMapper' was reallocated as 'BoundedCamMapper_4' to avoid collision
[info] [Progress] Simulation workspace in /home/zg366/packet-scheduling/pifo-hardware/./simWorkspace/BoundedCamMapper_4
[info] [Progress] IVerilog compilation started
[info] [Progress] IVerilog compilation done in 11.375 ms
[info] [Progress] Start BoundedCamMapper test simulation with seed 2130353431
[info] BOUNDED_CAM_PASS capacity=16 replay=false cycles=2826 rejected_full_writes=55
[info] Shared memory key : SpinalHDL_0_5_428996455_1672228466_1788969787146_-8361729576130233724
[info] Start of simulation
[info] FST info: dumpfile /home/zg366/packet-scheduling/pifo-hardware/simWorkspace/BoundedCamMapper_4/test/wave.fst opened for output.
[info] End of simulation
[info] [Done] Simulation done in 234.706 ms
[info] [Runtime] SpinalHDL v1.12.3    git head : 591e64062329e5e2e2b81f4d52422948053edb97
[info] [Runtime] JVM max memory : 30208.0MiB
[info] [Runtime] Current date : 2026.09.09 12:03:07
[info] [Progress] at 2.936 : Elaborate components
[info] [Progress] at 2.971 : Checks and transforms
[info] [Progress] at 3.039 : Generate Verilog to ./simWorkspace/tmp/job_6
[info] [Done] at 3.081
[info] [Info] Workspace 'BoundedCamMapper' was reallocated as 'BoundedCamMapper_5' to avoid collision
[info] [Progress] Simulation workspace in /home/zg366/packet-scheduling/pifo-hardware/./simWorkspace/BoundedCamMapper_5
[info] [Progress] IVerilog compilation started
[info] [Progress] IVerilog compilation done in 15.373 ms
[info] [Progress] Start BoundedCamMapper test simulation with seed 1062480952
[info] BOUNDED_CAM_PASS capacity=16 replay=true cycles=3833 rejected_full_writes=55
[info] Shared memory key : SpinalHDL_0_6_1614079837_1672228466_1788969787618_1731364508594854891
[info] Start of simulation
[info] FST info: dumpfile /home/zg366/packet-scheduling/pifo-hardware/simWorkspace/BoundedCamMapper_5/test/wave.fst opened for output.
[info] End of simulation
[info] [Done] Simulation done in 390.768 ms
[success] Total time: 11 s, completed Sep 9, 2026, 12:03:08 PM
[info] running (fork) rio.sim.BoundedCamIntegrationSim 
[info] [Runtime] SpinalHDL v1.12.3    git head : 591e64062329e5e2e2b81f4d52422948053edb97
[info] [Runtime] JVM max memory : 30208.0MiB
[info] [Runtime] Current date : 2026.09.09 12:03:08
[info] [Progress] at 0.000 : Elaborate components
[info] [Progress] at 1.026 : Checks and transforms
[info] [Progress] at 1.531 : Generate Verilog to ./simWorkspace/tmp/job_1
[info] [Warning] toplevel/flowStateUpdate_fifo/fifo/logic_ram : Mem[2*37 bits].readAsync can only be write first into Verilog
[info] [Warning] toplevel/brainStateUpdate_toStream_fifo/fifo/logic_ram : Mem[2*34 bits].readAsync can only be write first into Verilog
[info] [Warning] toplevel/io_readRes_toStream_fifo/fifo/logic_ram : Mem[2*2 bits].readAsync can only be write first into Verilog
[info] [Warning] toplevel/io_readRes_toStream_fifo_1/fifo/logic_ram : Mem[2*32 bits].readAsync can only be write first into Verilog
[info] [Warning] toplevel/io_readRes_toStream_fifo_2/fifo/logic_ram : Mem[2*32 bits].readAsync can only be write first into Verilog
[info] [Warning] toplevel/io_readRes_toStream_fifo_3/fifo/logic_ram : Mem[2*8 bits].readAsync can only be write first into Verilog
[info] [Warning] toplevel/io_outputs_4_fifo/fifo/logic_ram : Mem[2*5 bits].readAsync can only be write first into Verilog
[info] [Warning] 126 signals were pruned. You can call printPruned on the backend report to get more informations.
[info] [Done] at 1.913
[info] [Progress] Simulation workspace in /home/zg366/packet-scheduling/pifo-hardware/./simWorkspace/PIFOBrain
[info] [Progress] IVerilog compilation started
[info] [Progress] IVerilog compilation done in 27.343 ms
[info] [Progress] Start PIFOBrain test simulation with seed 1038606513
[info] CAM_BRAIN_PASS backend=cam pair_namespace=true packet_state_updates=true zero_delete=true
[info] Shared memory key : SpinalHDL_0_1_977650730_1672228466_1788969791080_-8805875066037150918
[info] Start of simulation
[info] FST info: dumpfile /home/zg366/packet-scheduling/pifo-hardware/simWorkspace/PIFOBrain/test/wave.fst opened for output.
[info] End of simulation
[info] [Done] Simulation done in 127.503 ms
[info] [Runtime] SpinalHDL v1.12.3    git head : 591e64062329e5e2e2b81f4d52422948053edb97
[info] [Runtime] JVM max memory : 30208.0MiB
[info] [Runtime] Current date : 2026.09.09 12:03:11
[info] [Progress] at 2.351 : Elaborate components
[info] [Progress] at 2.560 : Checks and transforms
[info] [Progress] at 2.827 : Generate Verilog to ./simWorkspace/tmp/job_2
[info] [Warning] toplevel/pifoEngines_0/enque_brain/flowStateUpdate_fifo/fifo/logic_ram : Mem[2*37 bits].readAsync can only be write first into Verilog
[info] [Warning] toplevel/pifoEngines_0/enque_brain/brainStateUpdate_toStream_fifo/fifo/logic_ram : Mem[2*34 bits].readAsync can only be write first into Verilog
[info] [Warning] toplevel/pifoEngines_0/enque_brain/engineMapper_io_readRes_toStream_fifo/fifo/logic_ram : Mem[2*2 bits].readAsync can only be write first into Verilog
[info] [Warning] toplevel/pifoEngines_0/enque_brain/brainStateMem_io_readRes_toStream_fifo/fifo/logic_ram : Mem[2*32 bits].readAsync can only be write first into Verilog
[info] [Warning] toplevel/pifoEngines_0/enque_brain/engineCAM_io_readRes_toStream_fifo/fifo/logic_ram : Mem[2*32 bits].readAsync can only be write first into Verilog
[info] [Warning] toplevel/pifoEngines_0/enque_brain/lastVirtualMapper_io_readRes_toStream_fifo/fifo/logic_ram : Mem[2*8 bits].readAsync can only be write first into Verilog
[info] [Warning] toplevel/pifoEngines_0/enque_brain/io_outputs_4_fifo/fifo/logic_ram : Mem[2*5 bits].readAsync can only be write first into Verilog
[info] [Warning] toplevel/xbar/io_inputs_0_fifo/fifo/logic_ram : Mem[8*3 bits].readAsync can only be write first into Verilog
[info] [Warning] toplevel/xbar/io_inputs_1_fifo/fifo/logic_ram : Mem[8*3 bits].readAsync can only be write first into Verilog
[info] [Warning] toplevel/pifoEngines_0/enque_flowIdStream_fifo/fifo/logic_ram : Mem[2*3 bits].readAsync can only be write first into Verilog
[info] [Warning] toplevel/pifoEngines_0/io_outputs_2_fifo/fifo/logic_ram : Mem[2*14 bits].readAsync can only be write first into Verilog
[info] [Warning] 258 signals were pruned. You can call printPruned on the backend report to get more informations.
[info] [Done] at 2.983
[info] [Progress] Simulation workspace in /home/zg366/packet-scheduling/pifo-hardware/./simWorkspace/PifoMesh
[info] [Progress] IVerilog compilation started
[info] [Progress] IVerilog compilation done in 17.891 ms
[info] [Progress] Start PifoMesh test simulation with seed 964431208
[info] CAM_MESH_CAPACITY_PASS post_and_flow_state=true blocked_commit=true
[info] Shared memory key : SpinalHDL_0_2_1380271191_1672228466_1788969792098_6906719968687402899
[info] Start of simulation
[info] FST info: dumpfile /home/zg366/packet-scheduling/pifo-hardware/simWorkspace/PifoMesh/test/wave.fst opened for output.
[info] End of simulation
[info] [Done] Simulation done in 51.489 ms
[success] Total time: 4 s, completed Sep 9, 2026, 12:03:12 PM
[info] running (fork) rio.sim.TransactionalConfigSim cam
[info] [Runtime] SpinalHDL v1.12.3    git head : 591e64062329e5e2e2b81f4d52422948053edb97
[info] [Runtime] JVM max memory : 30208.0MiB
[info] [Runtime] Current date : 2026.09.09 12:03:13
[info] [Progress] at 0.000 : Elaborate components
[info] [Progress] at 1.255 : Checks and transforms
[info] [Progress] at 2.069 : Generate Verilog to ./simWorkspace/tmp/job_1
[info] [Warning] toplevel/pifoEngines_0/enque_brain/flowStateUpdate_fifo/fifo/logic_ram : Mem[2*38 bits].readAsync can only be write first into Verilog
[info] [Warning] toplevel/pifoEngines_0/enque_brain/brainStateUpdate_toStream_fifo/fifo/logic_ram : Mem[2*34 bits].readAsync can only be write first into Verilog
[info] [Warning] toplevel/pifoEngines_0/enque_brain/engineMapper_io_readRes_toStream_fifo/fifo/logic_ram : Mem[2*2 bits].readAsync can only be write first into Verilog
[info] [Warning] toplevel/pifoEngines_0/enque_brain/brainStateMem_io_readRes_toStream_fifo/fifo/logic_ram : Mem[2*32 bits].readAsync can only be write first into Verilog
[info] [Warning] toplevel/pifoEngines_0/enque_brain/engineCAM_io_readRes_toStream_fifo/fifo/logic_ram : Mem[2*32 bits].readAsync can only be write first into Verilog
[info] [Warning] toplevel/pifoEngines_0/enque_brain/lastVirtualMapper_io_readRes_toStream_fifo/fifo/logic_ram : Mem[2*5 bits].readAsync can only be write first into Verilog
[info] [Warning] toplevel/pifoEngines_0/enque_brain/io_outputs_4_fifo/fifo/logic_ram : Mem[2*6 bits].readAsync can only be write first into Verilog
[info] [Warning] toplevel/pifoEngines_1/enque_brain/flowStateUpdate_fifo/fifo/logic_ram : Mem[2*38 bits].readAsync can only be write first into Verilog
[info] [Warning] toplevel/pifoEngines_1/enque_brain/brainStateUpdate_toStream_fifo/fifo/logic_ram : Mem[2*34 bits].readAsync can only be write first into Verilog
[info] [Warning] toplevel/pifoEngines_1/enque_brain/engineMapper_io_readRes_toStream_fifo/fifo/logic_ram : Mem[2*2 bits].readAsync can only be write first into Verilog
[info] [Warning] toplevel/pifoEngines_1/enque_brain/brainStateMem_io_readRes_toStream_fifo/fifo/logic_ram : Mem[2*32 bits].readAsync can only be write first into Verilog
[info] [Warning] toplevel/pifoEngines_1/enque_brain/engineCAM_io_readRes_toStream_fifo/fifo/logic_ram : Mem[2*32 bits].readAsync can only be write first into Verilog
[info] [Warning] toplevel/pifoEngines_1/enque_brain/lastVirtualMapper_io_readRes_toStream_fifo/fifo/logic_ram : Mem[2*5 bits].readAsync can only be write first into Verilog
[info] [Warning] toplevel/pifoEngines_1/enque_brain/io_outputs_4_fifo/fifo/logic_ram : Mem[2*6 bits].readAsync can only be write first into Verilog
[info] [Warning] toplevel/xbar/io_inputs_0_fifo/fifo/logic_ram : Mem[8*4 bits].readAsync can only be write first into Verilog
[info] [Warning] toplevel/xbar/io_inputs_1_fifo/fifo/logic_ram : Mem[8*4 bits].readAsync can only be write first into Verilog
[info] [Warning] toplevel/xbar/io_inputs_2_fifo/fifo/logic_ram : Mem[8*4 bits].readAsync can only be write first into Verilog
[info] [Warning] toplevel/pifoEngines_0/enque_flowIdStream_fifo/fifo/logic_ram : Mem[2*4 bits].readAsync can only be write first into Verilog
[info] [Warning] toplevel/pifoEngines_0/io_outputs_2_fifo/fifo/logic_ram : Mem[2*12 bits].readAsync can only be write first into Verilog
[info] [Warning] toplevel/pifoEngines_1/enque_flowIdStream_fifo/fifo/logic_ram : Mem[2*4 bits].readAsync can only be write first into Verilog
[info] [Warning] toplevel/pifoEngines_1/io_outputs_2_fifo/fifo/logic_ram : Mem[2*12 bits].readAsync can only be write first into Verilog
[info] [Warning] 498 signals were pruned. You can call printPruned on the backend report to get more informations.
[info] [Done] at 2.624
[info] [Progress] Simulation workspace in /home/zg366/packet-scheduling/pifo-hardware/./simWorkspace/PifoMesh
[info] [Progress] IVerilog compilation started
[info] [Progress] IVerilog compilation done in 28.677 ms
[info] [Progress] Start PifoMesh test simulation with seed 1438709629
[info] Shared memory key : SpinalHDL_0_1_1675375648_1672228466_1788969796028_-7771271194664928193
[info] Start of simulation
[info] End of simulation
[info] [Done] Simulation done in 99.825 ms
[success] Total time: 4 s, completed Sep 9, 2026, 12:03:16 PM
[info] running (fork) rio.sim.SharedReplayDriverSim cam
[info] [Runtime] SpinalHDL v1.12.3    git head : 591e64062329e5e2e2b81f4d52422948053edb97
[info] [Runtime] JVM max memory : 30208.0MiB
[info] [Runtime] Current date : 2026.09.09 12:03:17
[info] [Progress] at 0.000 : Elaborate components
[info] [Progress] at 1.331 : Checks and transforms
[info] [Progress] at 2.631 : Generate Verilog to ./simWorkspace/tmp/job_1
[info] [Warning] toplevel/pifoEngines_0/enque_brain/flowStateUpdate_fifo/fifo/logic_ram : Mem[2*40 bits].readAsync can only be write first into Verilog
[info] [Warning] toplevel/pifoEngines_0/enque_brain/brainStateUpdate_toStream_fifo/fifo/logic_ram : Mem[2*35 bits].readAsync can only be write first into Verilog
[info] [Warning] toplevel/pifoEngines_0/enque_brain/engineMapper_io_readRes_toStream_fifo/fifo/logic_ram : Mem[2*2 bits].readAsync can only be write first into Verilog
[info] [Warning] toplevel/pifoEngines_0/enque_brain/brainStateMem_io_readRes_toStream_fifo/fifo/logic_ram : Mem[2*32 bits].readAsync can only be write first into Verilog
[info] [Warning] toplevel/pifoEngines_0/enque_brain/engineCAM_io_readRes_toStream_fifo/fifo/logic_ram : Mem[2*32 bits].readAsync can only be write first into Verilog
[info] [Warning] toplevel/pifoEngines_0/enque_brain/lastVirtualMapper_io_readRes_toStream_fifo/fifo/logic_ram : Mem[2*8 bits].readAsync can only be write first into Verilog
[info] [Warning] toplevel/pifoEngines_0/enque_brain/io_outputs_4_fifo/fifo/logic_ram : Mem[2*8 bits].readAsync can only be write first into Verilog
[info] [Warning] toplevel/pifoEngines_1/enque_brain/flowStateUpdate_fifo/fifo/logic_ram : Mem[2*40 bits].readAsync can only be write first into Verilog
[info] [Warning] toplevel/pifoEngines_1/enque_brain/brainStateUpdate_toStream_fifo/fifo/logic_ram : Mem[2*35 bits].readAsync can only be write first into Verilog
[info] [Warning] toplevel/pifoEngines_1/enque_brain/engineMapper_io_readRes_toStream_fifo/fifo/logic_ram : Mem[2*2 bits].readAsync can only be write first into Verilog
[info] [Warning] toplevel/pifoEngines_1/enque_brain/brainStateMem_io_readRes_toStream_fifo/fifo/logic_ram : Mem[2*32 bits].readAsync can only be write first into Verilog
[info] [Warning] toplevel/pifoEngines_1/enque_brain/engineCAM_io_readRes_toStream_fifo/fifo/logic_ram : Mem[2*32 bits].readAsync can only be write first into Verilog
[info] [Warning] toplevel/pifoEngines_1/enque_brain/lastVirtualMapper_io_readRes_toStream_fifo/fifo/logic_ram : Mem[2*8 bits].readAsync can only be write first into Verilog
[info] [Warning] toplevel/pifoEngines_1/enque_brain/io_outputs_4_fifo/fifo/logic_ram : Mem[2*8 bits].readAsync can only be write first into Verilog
[info] [Warning] toplevel/xbar/io_inputs_0_fifo/fifo/logic_ram : Mem[8*5 bits].readAsync can only be write first into Verilog
[info] [Warning] toplevel/xbar/io_inputs_1_fifo/fifo/logic_ram : Mem[8*5 bits].readAsync can only be write first into Verilog
[info] [Warning] toplevel/xbar/io_inputs_2_fifo/fifo/logic_ram : Mem[8*5 bits].readAsync can only be write first into Verilog
[info] [Warning] toplevel/pifoEngines_0/enque_flowIdStream_fifo/fifo/logic_ram : Mem[2*5 bits].readAsync can only be write first into Verilog
[info] [Warning] toplevel/pifoEngines_0/io_outputs_2_fifo/fifo/logic_ram : Mem[2*17 bits].readAsync can only be write first into Verilog
[info] [Warning] toplevel/pifoEngines_1/enque_flowIdStream_fifo/fifo/logic_ram : Mem[2*5 bits].readAsync can only be write first into Verilog
[info] [Warning] toplevel/pifoEngines_1/io_outputs_2_fifo/fifo/logic_ram : Mem[2*17 bits].readAsync can only be write first into Verilog
[info] [Warning] 498 signals were pruned. You can call printPruned on the backend report to get more informations.
[info] [Done] at 3.211
[info] [Progress] Simulation workspace in /home/zg366/packet-scheduling/pifo-hardware/./simWorkspace/PifoMesh
[info] [Progress] IVerilog compilation started
[info] [Progress] IVerilog compilation done in 50.856 ms
[info] [Progress] Start PifoMesh test simulation with seed 1223725359
[info] SHARED_REPLAY_DRIVER_PASS commits=11 empty_commits=3 rejected_epochs=9
[info] Shared memory key : SpinalHDL_0_1_368914568_1672228466_1788969800807_-1258528965933848865
[info] Start of simulation
[info] Warning, value 'z' at position 0 is neither '0' or '1'. value set to '0'.
[info] Warning, value 'z' at position 0 is neither '0' or '1'. value set to '0'.
[info] Warning, value 'z' at position 0 is neither '0' or '1'. value set to '0'.
[info] Warning, value 'z' at position 0 is neither '0' or '1'. value set to '0'.
[info] Warning, value 'z' at position 0 is neither '0' or '1'. value set to '0'.
[info] End of simulation
[info] [Done] Simulation done in 138.986 ms
[success] Total time: 5 s, completed Sep 9, 2026, 12:03:21 PM
[info] running (fork) rio.sim.DrainGuardSim cam
[info] [Runtime] SpinalHDL v1.12.3    git head : 591e64062329e5e2e2b81f4d52422948053edb97
[info] [Runtime] JVM max memory : 30208.0MiB
[info] [Runtime] Current date : 2026.09.09 12:03:21
[info] [Progress] at 0.000 : Elaborate components
[info] [Progress] at 1.197 : Checks and transforms
[info] [Progress] at 2.140 : Generate Verilog to ./simWorkspace/tmp/job_1
[info] [Warning] toplevel/pifoEngines_0/enque_brain/flowStateUpdate_fifo/fifo/logic_ram : Mem[2*38 bits].readAsync can only be write first into Verilog
[info] [Warning] toplevel/pifoEngines_0/enque_brain/brainStateUpdate_toStream_fifo/fifo/logic_ram : Mem[2*34 bits].readAsync can only be write first into Verilog
[info] [Warning] toplevel/pifoEngines_0/enque_brain/engineMapper_io_readRes_toStream_fifo/fifo/logic_ram : Mem[2*2 bits].readAsync can only be write first into Verilog
[info] [Warning] toplevel/pifoEngines_0/enque_brain/brainStateMem_io_readRes_toStream_fifo/fifo/logic_ram : Mem[2*32 bits].readAsync can only be write first into Verilog
[info] [Warning] toplevel/pifoEngines_0/enque_brain/engineCAM_io_readRes_toStream_fifo/fifo/logic_ram : Mem[2*32 bits].readAsync can only be write first into Verilog
[info] [Warning] toplevel/pifoEngines_0/enque_brain/lastVirtualMapper_io_readRes_toStream_fifo/fifo/logic_ram : Mem[2*8 bits].readAsync can only be write first into Verilog
[info] [Warning] toplevel/pifoEngines_0/enque_brain/io_outputs_4_fifo/fifo/logic_ram : Mem[2*6 bits].readAsync can only be write first into Verilog
[info] [Warning] toplevel/pifoEngines_1/enque_brain/flowStateUpdate_fifo/fifo/logic_ram : Mem[2*38 bits].readAsync can only be write first into Verilog
[info] [Warning] toplevel/pifoEngines_1/enque_brain/brainStateUpdate_toStream_fifo/fifo/logic_ram : Mem[2*34 bits].readAsync can only be write first into Verilog
[info] [Warning] toplevel/pifoEngines_1/enque_brain/engineMapper_io_readRes_toStream_fifo/fifo/logic_ram : Mem[2*2 bits].readAsync can only be write first into Verilog
[info] [Warning] toplevel/pifoEngines_1/enque_brain/brainStateMem_io_readRes_toStream_fifo/fifo/logic_ram : Mem[2*32 bits].readAsync can only be write first into Verilog
[info] [Warning] toplevel/pifoEngines_1/enque_brain/engineCAM_io_readRes_toStream_fifo/fifo/logic_ram : Mem[2*32 bits].readAsync can only be write first into Verilog
[info] [Warning] toplevel/pifoEngines_1/enque_brain/lastVirtualMapper_io_readRes_toStream_fifo/fifo/logic_ram : Mem[2*8 bits].readAsync can only be write first into Verilog
[info] [Warning] toplevel/pifoEngines_1/enque_brain/io_outputs_4_fifo/fifo/logic_ram : Mem[2*6 bits].readAsync can only be write first into Verilog
[info] [Warning] toplevel/xbar/io_inputs_0_fifo/fifo/logic_ram : Mem[8*4 bits].readAsync can only be write first into Verilog
[info] [Warning] toplevel/xbar/io_inputs_1_fifo/fifo/logic_ram : Mem[8*4 bits].readAsync can only be write first into Verilog
[info] [Warning] toplevel/xbar/io_inputs_2_fifo/fifo/logic_ram : Mem[8*4 bits].readAsync can only be write first into Verilog
[info] [Warning] toplevel/pifoEngines_0/enque_flowIdStream_fifo/fifo/logic_ram : Mem[2*4 bits].readAsync can only be write first into Verilog
[info] [Warning] toplevel/pifoEngines_0/io_outputs_2_fifo/fifo/logic_ram : Mem[2*15 bits].readAsync can only be write first into Verilog
[info] [Warning] toplevel/pifoEngines_1/enque_flowIdStream_fifo/fifo/logic_ram : Mem[2*4 bits].readAsync can only be write first into Verilog
[info] [Warning] toplevel/pifoEngines_1/io_outputs_2_fifo/fifo/logic_ram : Mem[2*15 bits].readAsync can only be write first into Verilog
[info] [Warning] 498 signals were pruned. You can call printPruned on the backend report to get more informations.
[info] [Done] at 2.719
[info] [Progress] Simulation workspace in /home/zg366/packet-scheduling/pifo-hardware/./simWorkspace/PifoMesh
[info] [Progress] IVerilog compilation started
[info] [Progress] IVerilog compilation done in 30.558 ms
[info] [Progress] Start PifoMesh test simulation with seed 1058272764
[info] [DrainGuardSim] PASS: tagged blocking, ordinary cleanup, final pop, both banks, early/empty/reused guards
[info] Shared memory key : SpinalHDL_0_1_1675375648_1672228466_1788969805083_1530524761244772656
[info] Start of simulation
[info] Warning, value 'z' at position 0 is neither '0' or '1'. value set to '0'.
[info] Warning, value 'z' at position 0 is neither '0' or '1'. value set to '0'.
[info] Warning, value 'z' at position 0 is neither '0' or '1'. value set to '0'.
[info] Warning, value 'z' at position 0 is neither '0' or '1'. value set to '0'.
[info] Warning, value 'z' at position 0 is neither '0' or '1'. value set to '0'.
[info] End of simulation
[info] [Done] Simulation done in 121.145 ms
[success] Total time: 4 s, completed Sep 9, 2026, 12:03:25 PM
[info] running (fork) rio.sim.FrontUnderflowRewriteSim cam
[info] [Runtime] SpinalHDL v1.12.3    git head : 591e64062329e5e2e2b81f4d52422948053edb97
[info] [Runtime] JVM max memory : 30208.0MiB
[info] [Runtime] Current date : 2026.09.09 12:03:26
[info] [Progress] at 0.000 : Elaborate components
[info] [Progress] at 1.224 : Checks and transforms
[info] [Progress] at 2.039 : Generate Verilog to ./simWorkspace/tmp/job_1
[info] [Warning] toplevel/enque_brain/flowStateUpdate_fifo/fifo/logic_ram : Mem[2*39 bits].readAsync can only be write first into Verilog
[info] [Warning] toplevel/enque_brain/brainStateUpdate_toStream_fifo/fifo/logic_ram : Mem[2*35 bits].readAsync can only be write first into Verilog
[info] [Warning] toplevel/enque_brain/engineMapper_io_readRes_toStream_fifo/fifo/logic_ram : Mem[2*2 bits].readAsync can only be write first into Verilog
[info] [Warning] toplevel/enque_brain/brainStateMem_io_readRes_toStream_fifo/fifo/logic_ram : Mem[2*32 bits].readAsync can only be write first into Verilog
[info] [Warning] toplevel/enque_brain/engineCAM_io_readRes_toStream_fifo/fifo/logic_ram : Mem[2*32 bits].readAsync can only be write first into Verilog
[info] [Warning] toplevel/enque_brain/lastVirtualMapper_io_readRes_toStream_fifo/fifo/logic_ram : Mem[2*6 bits].readAsync can only be write first into Verilog
[info] [Warning] toplevel/enque_brain/io_outputs_4_fifo/fifo/logic_ram : Mem[2*7 bits].readAsync can only be write first into Verilog
[info] [Warning] toplevel/enque_flowIdStream_fifo/fifo/logic_ram : Mem[2*4 bits].readAsync can only be write first into Verilog
[info] [Warning] toplevel/io_outputs_2_fifo/fifo/logic_ram : Mem[2*14 bits].readAsync can only be write first into Verilog
[info] [Warning] 215 signals were pruned. You can call printPruned on the backend report to get more informations.
[info] [Done] at 2.446
[info] [Progress] Simulation workspace in /home/zg366/packet-scheduling/pifo-hardware/./simWorkspace/PifoEngine
[info] [Progress] IVerilog compilation started
[info] [Progress] IVerilog compilation done in 35.203 ms
[info] [Progress] Start PifoEngine test simulation with seed 542217150
[info] Shared memory key : SpinalHDL_0_1_1374688565_1672228466_1788969809055_2099381693655123710
[info] Start of simulation
[info] End of simulation
[info] [Done] Simulation done in 131.672 ms
[success] Total time: 4 s, completed Sep 9, 2026, 12:03:29 PM
[info] running (fork) rio.sim.ControlIngressRateSim cam
[info] [Runtime] SpinalHDL v1.12.3    git head : 591e64062329e5e2e2b81f4d52422948053edb97
[info] [Runtime] JVM max memory : 30208.0MiB
[info] [Runtime] Current date : 2026.09.09 12:03:30
[info] [Progress] at 0.000 : Elaborate components
[info] [Progress] at 1.232 : Checks and transforms
[info] [Progress] at 1.897 : Generate Verilog to ./simWorkspace/tmp/job_1
[info] [Warning] toplevel/pifoEngines_0/enque_brain/flowStateUpdate_fifo/fifo/logic_ram : Mem[2*37 bits].readAsync can only be write first into Verilog
[info] [Warning] toplevel/pifoEngines_0/enque_brain/brainStateUpdate_toStream_fifo/fifo/logic_ram : Mem[2*34 bits].readAsync can only be write first into Verilog
[info] [Warning] toplevel/pifoEngines_0/enque_brain/engineMapper_io_readRes_toStream_fifo/fifo/logic_ram : Mem[2*2 bits].readAsync can only be write first into Verilog
[info] [Warning] toplevel/pifoEngines_0/enque_brain/brainStateMem_io_readRes_toStream_fifo/fifo/logic_ram : Mem[2*32 bits].readAsync can only be write first into Verilog
[info] [Warning] toplevel/pifoEngines_0/enque_brain/engineCAM_io_readRes_toStream_fifo/fifo/logic_ram : Mem[2*32 bits].readAsync can only be write first into Verilog
[info] [Warning] toplevel/pifoEngines_0/enque_brain/lastVirtualMapper_io_readRes_toStream_fifo/fifo/logic_ram : Mem[2*5 bits].readAsync can only be write first into Verilog
[info] [Warning] toplevel/pifoEngines_0/enque_brain/io_outputs_4_fifo/fifo/logic_ram : Mem[2*5 bits].readAsync can only be write first into Verilog
[info] [Warning] toplevel/xbar/io_inputs_0_fifo/fifo/logic_ram : Mem[8*3 bits].readAsync can only be write first into Verilog
[info] [Warning] toplevel/xbar/io_inputs_1_fifo/fifo/logic_ram : Mem[8*3 bits].readAsync can only be write first into Verilog
[info] [Warning] toplevel/pifoEngines_0/enque_flowIdStream_fifo/fifo/logic_ram : Mem[2*3 bits].readAsync can only be write first into Verilog
[info] [Warning] toplevel/pifoEngines_0/io_outputs_2_fifo/fifo/logic_ram : Mem[2*11 bits].readAsync can only be write first into Verilog
[info] [Warning] 258 signals were pruned. You can call printPruned on the backend report to get more informations.
[info] [Done] at 2.375
[info] [Progress] Simulation workspace in /home/zg366/packet-scheduling/pifo-hardware/./simWorkspace/PifoMesh
[info] [Progress] IVerilog compilation started
[info] [Progress] IVerilog compilation done in 27.312 ms
[info] [Progress] Start PifoMesh test simulation with seed 299575714
[info] [ControlIngressRateSim] accepted=6 acceptanceTimes=85,95,105,115,125,135 gaps=10,10,10,10,10
[info] Shared memory key : SpinalHDL_0_1_459875531_1672228466_1788969812747_-6244382936424047038
[info] Start of simulation
[info] Warning, value 'z' at position 0 is neither '0' or '1'. value set to '0'.
[info] Warning, value 'z' at position 0 is neither '0' or '1'. value set to '0'.
[info] Warning, value 'z' at position 0 is neither '0' or '1'. value set to '0'.
[info] Warning, value 'z' at position 0 is neither '0' or '1'. value set to '0'.
[info] Warning, value 'z' at position 0 is neither '0' or '1'. value set to '0'.
[info] End of simulation
[info] [Done] Simulation done in 68.326 ms
[success] Total time: 4 s, completed Sep 9, 2026, 12:03:33 PM
[info] running (fork) rio.sim.BoundedCamIntegrationSim dense
[info] [Runtime] SpinalHDL v1.12.3    git head : 591e64062329e5e2e2b81f4d52422948053edb97
[info] [Runtime] JVM max memory : 30208.0MiB
[info] [Runtime] Current date : 2026.09.09 12:03:33
[info] [Progress] at 0.000 : Elaborate components
[info] [Progress] at 0.918 : Checks and transforms
[info] [Progress] at 1.304 : Generate Verilog to ./simWorkspace/tmp/job_1
[info] [Warning] toplevel/flowStateUpdate_fifo/fifo/logic_ram : Mem[2*37 bits].readAsync can only be write first into Verilog
[info] [Warning] toplevel/brainStateUpdate_toStream_fifo/fifo/logic_ram : Mem[2*34 bits].readAsync can only be write first into Verilog
[info] [Warning] toplevel/io_readRes_toStream_fifo/fifo/logic_ram : Mem[2*2 bits].readAsync can only be write first into Verilog
[info] [Warning] toplevel/io_readRes_toStream_fifo_1/fifo/logic_ram : Mem[2*32 bits].readAsync can only be write first into Verilog
[info] [Warning] toplevel/io_readRes_toStream_fifo_2/fifo/logic_ram : Mem[2*32 bits].readAsync can only be write first into Verilog
[info] [Warning] toplevel/io_readRes_toStream_fifo_3/fifo/logic_ram : Mem[2*8 bits].readAsync can only be write first into Verilog
[info] [Warning] toplevel/io_outputs_4_fifo/fifo/logic_ram : Mem[2*5 bits].readAsync can only be write first into Verilog
[info] [Warning] 126 signals were pruned. You can call printPruned on the backend report to get more informations.
[info] [Done] at 1.792
[info] [Progress] Simulation workspace in /home/zg366/packet-scheduling/pifo-hardware/./simWorkspace/PIFOBrain
[info] [Progress] IVerilog compilation started
[info] [Progress] IVerilog compilation done in 30.116 ms
[info] [Progress] Start PIFOBrain test simulation with seed 1751396945
[info] CAM_BRAIN_PASS backend=dense pair_namespace=true packet_state_updates=true zero_delete=true
[info] Shared memory key : SpinalHDL_0_1_1478334108_1672228466_1788969815753_-4455112984280815629
[info] Start of simulation
[info] FST info: dumpfile /home/zg366/packet-scheduling/pifo-hardware/simWorkspace/PIFOBrain/test/wave.fst opened for output.
[info] End of simulation
[info] [Done] Simulation done in 146.083 ms
[success] Total time: 3 s, completed Sep 9, 2026, 12:03:36 PM
[info] running (fork) rio.sim.TransactionalConfigSim dense
[info] [Runtime] SpinalHDL v1.12.3    git head : 591e64062329e5e2e2b81f4d52422948053edb97
[info] [Runtime] JVM max memory : 30208.0MiB
[info] [Runtime] Current date : 2026.09.09 12:03:36
[info] [Progress] at 0.000 : Elaborate components
[info] [Progress] at 1.280 : Checks and transforms
[info] [Progress] at 2.300 : Generate Verilog to ./simWorkspace/tmp/job_1
[info] [Warning] toplevel/pifoEngines_0/enque_brain/flowStateUpdate_fifo/fifo/logic_ram : Mem[2*38 bits].readAsync can only be write first into Verilog
[info] [Warning] toplevel/pifoEngines_0/enque_brain/brainStateUpdate_toStream_fifo/fifo/logic_ram : Mem[2*34 bits].readAsync can only be write first into Verilog
[info] [Warning] toplevel/pifoEngines_0/enque_brain/engineMapper_io_readRes_toStream_fifo/fifo/logic_ram : Mem[2*2 bits].readAsync can only be write first into Verilog
[info] [Warning] toplevel/pifoEngines_0/enque_brain/brainStateMem_io_readRes_toStream_fifo/fifo/logic_ram : Mem[2*32 bits].readAsync can only be write first into Verilog
[info] [Warning] toplevel/pifoEngines_0/enque_brain/engineCAM_io_readRes_toStream_fifo/fifo/logic_ram : Mem[2*32 bits].readAsync can only be write first into Verilog
[info] [Warning] toplevel/pifoEngines_0/enque_brain/lastVirtualMapper_io_readRes_toStream_fifo/fifo/logic_ram : Mem[2*5 bits].readAsync can only be write first into Verilog
[info] [Warning] toplevel/pifoEngines_0/enque_brain/io_outputs_4_fifo/fifo/logic_ram : Mem[2*6 bits].readAsync can only be write first into Verilog
[info] [Warning] toplevel/pifoEngines_1/enque_brain/flowStateUpdate_fifo/fifo/logic_ram : Mem[2*38 bits].readAsync can only be write first into Verilog
[info] [Warning] toplevel/pifoEngines_1/enque_brain/brainStateUpdate_toStream_fifo/fifo/logic_ram : Mem[2*34 bits].readAsync can only be write first into Verilog
[info] [Warning] toplevel/pifoEngines_1/enque_brain/engineMapper_io_readRes_toStream_fifo/fifo/logic_ram : Mem[2*2 bits].readAsync can only be write first into Verilog
[info] [Warning] toplevel/pifoEngines_1/enque_brain/brainStateMem_io_readRes_toStream_fifo/fifo/logic_ram : Mem[2*32 bits].readAsync can only be write first into Verilog
[info] [Warning] toplevel/pifoEngines_1/enque_brain/engineCAM_io_readRes_toStream_fifo/fifo/logic_ram : Mem[2*32 bits].readAsync can only be write first into Verilog
[info] [Warning] toplevel/pifoEngines_1/enque_brain/lastVirtualMapper_io_readRes_toStream_fifo/fifo/logic_ram : Mem[2*5 bits].readAsync can only be write first into Verilog
[info] [Warning] toplevel/pifoEngines_1/enque_brain/io_outputs_4_fifo/fifo/logic_ram : Mem[2*6 bits].readAsync can only be write first into Verilog
[info] [Warning] toplevel/xbar/io_inputs_0_fifo/fifo/logic_ram : Mem[8*4 bits].readAsync can only be write first into Verilog
[info] [Warning] toplevel/xbar/io_inputs_1_fifo/fifo/logic_ram : Mem[8*4 bits].readAsync can only be write first into Verilog
[info] [Warning] toplevel/xbar/io_inputs_2_fifo/fifo/logic_ram : Mem[8*4 bits].readAsync can only be write first into Verilog
[info] [Warning] toplevel/pifoEngines_0/enque_flowIdStream_fifo/fifo/logic_ram : Mem[2*4 bits].readAsync can only be write first into Verilog
[info] [Warning] toplevel/pifoEngines_0/io_outputs_2_fifo/fifo/logic_ram : Mem[2*12 bits].readAsync can only be write first into Verilog
[info] [Warning] toplevel/pifoEngines_1/enque_flowIdStream_fifo/fifo/logic_ram : Mem[2*4 bits].readAsync can only be write first into Verilog
[info] [Warning] toplevel/pifoEngines_1/io_outputs_2_fifo/fifo/logic_ram : Mem[2*12 bits].readAsync can only be write first into Verilog
[info] [Warning] 500 signals were pruned. You can call printPruned on the backend report to get more informations.
[info] [Done] at 2.840
[info] [Progress] Simulation workspace in /home/zg366/packet-scheduling/pifo-hardware/./simWorkspace/PifoMesh
[info] [Progress] IVerilog compilation started
[info] [Progress] IVerilog compilation done in 33.379 ms
[info] [Progress] Start PifoMesh test simulation with seed 1813993812
[info] Shared memory key : SpinalHDL_0_1_787033725_1672228466_1788969819935_-8722676093972020230
[info] Start of simulation
[info] End of simulation
[info] [Done] Simulation done in 45.367 ms
[success] Total time: 4 s, completed Sep 9, 2026, 12:03:40 PM
