Copyright 1986-2022 Xilinx, Inc. All Rights Reserved. Copyright 2022-2025 Advanced Micro Devices, Inc. All Rights Reserved.
---------------------------------------------------------------------------------------------------------------------------------------------
| Tool Version : Vivado v.2025.2 (lin64) Build 6299465 Fri Nov 14 12:34:56 MST 2025
| Date         : Wed Sep  9 11:56:01 2026
| Host         : netarch-cxl.ece.cornell.edu running 64-bit Ubuntu 24.04.4 LTS
| Command      : report_ip_status
---------------------------------------------------------------------------------------------------------------------------------------------

IP Status Summary

1. Project IP Status
--------------------
Your project uses 1 IP. Some of these IP may have undergone changes in this release of the software. Please review the recommended actions.

More information on the Xilinx versioning policy is available at www.xilinx.com.

Required license was not found.
XILINXD_LICENSE_FILE not set
LM_LICENSE_FILE not set
For license installation help, visit
   www.xilinx.com/support/licensing_solution_center.html

Project IP Instances
+---------------+----------------------+------------------+-----------+--------------------+---------+-------------+------------+----------------------+
| Instance Name | Status               | Recommendation   | Change    | IP Name            | IP      | New Version | New        | Original Part        |
|               |                      |                  | Log       |                    | Version |             | License    |                      |
+---------------+----------------------+------------------+-----------+--------------------+---------+-------------+------------+----------------------+
| rio_cam_probe | IP license not found | Check IP license |  *(1)     | CAM                | 5.0     | 5.0         | Needs      | xcvu9p-flga2104-2L-e |
|               |                      |                  |           |                    |         |             | Purchase   |                      |
+---------------+----------------------+------------------+-----------+--------------------+---------+-------------+------------+----------------------+
*(1) /data/work/vivado/2025.2/data/ip/xilinx/cam_v5_0/doc/cam_v5_0_changelog.txt


