
****** Vivado v2025.2 (64-bit)
  **** SW Build 6299465 on Fri Nov 14 12:34:56 MST 2025
  **** IP Build 6300035 on Fri Nov 14 10:48:45 MST 2025
  **** SharedData Build 6298862 on Thu Nov 13 04:50:51 MST 2025
  **** Start of session at: Wed Sep  9 12:16:35 2026
    ** Copyright 1986-2022 Xilinx, Inc. All Rights Reserved.
    ** Copyright 2022-2025 Advanced Micro Devices, Inc. All Rights Reserved.

source /home/zg366/packet-scheduling/pifo-hardware/synthesis/vivado_synth.tcl
# if {$argc < 5 || $argc > 7} {
#     error {Expected BUILD_DIR PART THREADS CLOCK_PERIOD_NS PREPARE_ONLY [DIRECTIVE] [ALLOW_OVER_CAPACITY]}
# }
# lassign $argv build_dir part threads period prepare_only directive allow_over_capacity
# if {$directive eq ""} { set directive default }
# if {$allow_over_capacity eq ""} { set allow_over_capacity 0 }
# set build_dir [file normalize $build_dir]
# set rtl_dir [file join $build_dir rtl]
# set report_dir [file join $build_dir reports]
# file mkdir $report_dir
# if {[llength [get_parts -quiet $part]] != 1} {
#     error "Target part is not installed: $part"
# }
# puts "PIFO_VIVADO_VERSION: [version -short]"
PIFO_VIVADO_VERSION: 2025.2
# puts "PIFO_VIVADO_PART: $part"
PIFO_VIVADO_PART: xcku5p-ffvb676-2-e
# set_param general.maxThreads $threads
# create_project -in_memory -part $part
# cd $rtl_dir
# read_verilog -sv [glob -directory $rtl_dir *.v *.sv]
# set xdc [file join $build_dir pifo.xdc]
# set constraints [open $xdc w]
# puts $constraints "create_clock -name clk -period $period \[get_ports clk\]"
# puts $constraints {set_false_path -from [get_ports reset]}
# close $constraints
# read_xdc $xdc
# if {$prepare_only} {
#     puts "PIFO_PREPARED: $build_dir"
#     exit 0
# }
# if {$allow_over_capacity} {
#     # This version-specific Tcl hook skips only the pre-mapping device-capacity
#     # gate. The RTL, target, optimization passes, and reported device capacities
#     # remain unchanged. The resulting netlist can exceed the physical device.
#     # Verified on Vivado 2025.2 with an oversized RAM and an unchanged smaller
#     # control design; see experiment-results/hardware-overhead/diagnostics.
#     puts "PIFO_ESTIMATION_ONLY: device-capacity check disabled; no implementation or fit claim"
#     set_param synth.elaboration.rodinMoreOptions {if {[llength [info commands rt::pifo_device_capacity_check]] == 0} {rename rt::check_resource rt::pifo_device_capacity_check}; proc rt::check_resource {args} {puts "PIFO_DEVICE_CAPACITY_CHECK_SKIPPED: $args"; return 1}}
# }
PIFO_ESTIMATION_ONLY: device-capacity check disabled; no implementation or fit claim
# synth_design -top PifoMesh -part $part -mode out_of_context -flatten_hierarchy rebuilt -directive $directive
Command: synth_design -top PifoMesh -part xcku5p-ffvb676-2-e -mode out_of_context -flatten_hierarchy rebuilt -directive RuntimeOptimized
Starting synth_design
Attempting to get a license for feature 'Synthesis' and/or device 'xcku5p'
INFO: [Common 17-349] Got license for feature 'Synthesis' and/or device 'xcku5p'
INFO: [Device 21-403] Loading part xcku5p-ffvb676-2-e
INFO: [Synth 8-7079] Multithreading enabled for synth_design using a maximum of 7 processes.
INFO: [Synth 8-7078] Launching helper process for spawning children vivado processes
INFO: [Synth 8-7075] Helper process launched with PID 696135
---------------------------------------------------------------------------------
Starting RTL Elaboration : Time (s): cpu = 00:00:05 ; elapsed = 00:00:05 . Memory (MB): peak = 2834.527 ; gain = 181.688 ; free physical = 157820 ; free virtual = 198280
---------------------------------------------------------------------------------
INFO: [Synth 8-6157] synthesizing module 'PifoMesh' [/data/work/rio-synthesis/cam-shared-fifo-20260909/pe5-v1024-c1024-q256-replay-vivado/rtl/PifoMesh.v:7]
INFO: [Synth 8-6157] synthesizing module 'MessageCrossBar' [/data/work/rio-synthesis/cam-shared-fifo-20260909/pe5-v1024-c1024-q256-replay-vivado/rtl/PifoMesh.v:72474]
INFO: [Synth 8-6157] synthesizing module 'StreamFifoLowLatency' [/data/work/rio-synthesis/cam-shared-fifo-20260909/pe5-v1024-c1024-q256-replay-vivado/rtl/PifoMesh.v:228640]
INFO: [Synth 8-6157] synthesizing module 'StreamFifo' [/data/work/rio-synthesis/cam-shared-fifo-20260909/pe5-v1024-c1024-q256-replay-vivado/rtl/PifoMesh.v:278388]
INFO: [Synth 8-6155] done synthesizing module 'StreamFifo' (0#1) [/data/work/rio-synthesis/cam-shared-fifo-20260909/pe5-v1024-c1024-q256-replay-vivado/rtl/PifoMesh.v:278388]
INFO: [Synth 8-6155] done synthesizing module 'StreamFifoLowLatency' (0#1) [/data/work/rio-synthesis/cam-shared-fifo-20260909/pe5-v1024-c1024-q256-replay-vivado/rtl/PifoMesh.v:228640]
INFO: [Synth 8-6157] synthesizing module 'StreamDemux' [/data/work/rio-synthesis/cam-shared-fifo-20260909/pe5-v1024-c1024-q256-replay-vivado/rtl/PifoMesh.v:228510]
INFO: [Synth 8-6155] done synthesizing module 'StreamDemux' (0#1) [/data/work/rio-synthesis/cam-shared-fifo-20260909/pe5-v1024-c1024-q256-replay-vivado/rtl/PifoMesh.v:228510]
INFO: [Synth 8-6157] synthesizing module 'StreamArbiter' [/data/work/rio-synthesis/cam-shared-fifo-20260909/pe5-v1024-c1024-q256-replay-vivado/rtl/PifoMesh.v:228328]
INFO: [Synth 8-6155] done synthesizing module 'StreamArbiter' (0#1) [/data/work/rio-synthesis/cam-shared-fifo-20260909/pe5-v1024-c1024-q256-replay-vivado/rtl/PifoMesh.v:228328]
INFO: [Synth 8-6155] done synthesizing module 'MessageCrossBar' (0#1) [/data/work/rio-synthesis/cam-shared-fifo-20260909/pe5-v1024-c1024-q256-replay-vivado/rtl/PifoMesh.v:72474]
INFO: [Synth 8-6157] synthesizing module 'PifoEngine' [/data/work/rio-synthesis/cam-shared-fifo-20260909/pe5-v1024-c1024-q256-replay-vivado/rtl/PifoMesh.v:71576]
INFO: [Synth 8-6157] synthesizing module 'ExternalPifoCore' [/data/work/rio-synthesis/cam-shared-fifo-20260909/pe5-v1024-c1024-q256-replay-vivado/rtl/PifoMesh.v:228245]
INFO: [Synth 8-6155] done synthesizing module 'ExternalPifoCore' (0#1) [/data/work/rio-synthesis/cam-shared-fifo-20260909/pe5-v1024-c1024-q256-replay-vivado/rtl/PifoMesh.v:228245]
INFO: [Synth 8-6157] synthesizing module 'ReplayMapper' [/data/work/rio-synthesis/cam-shared-fifo-20260909/pe5-v1024-c1024-q256-replay-vivado/rtl/PifoMesh.v:228149]
INFO: [Synth 8-3876] $readmem data file 'PifoMesh.v_toplevel_pifoEngines_0_enque_enqueMapper_banks_0.bin' is read successfully [/data/work/rio-synthesis/cam-shared-fifo-20260909/pe5-v1024-c1024-q256-replay-vivado/rtl/PifoMesh.v:228187]
INFO: [Synth 8-3876] $readmem data file 'PifoMesh.v_toplevel_pifoEngines_0_enque_enqueMapper_banks_1.bin' is read successfully [/data/work/rio-synthesis/cam-shared-fifo-20260909/pe5-v1024-c1024-q256-replay-vivado/rtl/PifoMesh.v:228202]
INFO: [Synth 8-6155] done synthesizing module 'ReplayMapper' (0#1) [/data/work/rio-synthesis/cam-shared-fifo-20260909/pe5-v1024-c1024-q256-replay-vivado/rtl/PifoMesh.v:228149]
INFO: [Synth 8-6157] synthesizing module 'StreamFifoLowLatency_13' [/data/work/rio-synthesis/cam-shared-fifo-20260909/pe5-v1024-c1024-q256-replay-vivado/rtl/PifoMesh.v:228102]
INFO: [Synth 8-6157] synthesizing module 'StreamFifo_6' [/data/work/rio-synthesis/cam-shared-fifo-20260909/pe5-v1024-c1024-q256-replay-vivado/rtl/PifoMesh.v:278233]
INFO: [Synth 8-6155] done synthesizing module 'StreamFifo_6' (0#1) [/data/work/rio-synthesis/cam-shared-fifo-20260909/pe5-v1024-c1024-q256-replay-vivado/rtl/PifoMesh.v:278233]
INFO: [Synth 8-6155] done synthesizing module 'StreamFifoLowLatency_13' (0#1) [/data/work/rio-synthesis/cam-shared-fifo-20260909/pe5-v1024-c1024-q256-replay-vivado/rtl/PifoMesh.v:228102]
INFO: [Synth 8-6157] synthesizing module 'PIFOBrain' [/data/work/rio-synthesis/cam-shared-fifo-20260909/pe5-v1024-c1024-q256-replay-vivado/rtl/PifoMesh.v:227043]
INFO: [Synth 8-6157] synthesizing module 'StreamFork' [/data/work/rio-synthesis/cam-shared-fifo-20260909/pe5-v1024-c1024-q256-replay-vivado/rtl/PifoMesh.v:278108]
INFO: [Synth 8-6155] done synthesizing module 'StreamFork' (0#1) [/data/work/rio-synthesis/cam-shared-fifo-20260909/pe5-v1024-c1024-q256-replay-vivado/rtl/PifoMesh.v:278108]
INFO: [Synth 8-6157] synthesizing module 'Mapper' [/data/work/rio-synthesis/cam-shared-fifo-20260909/pe5-v1024-c1024-q256-replay-vivado/rtl/PifoMesh.v:278055]
INFO: [Synth 8-3876] $readmem data file 'PifoMesh.v_toplevel_pifoEngines_0_enque_brain_engineMapper_ram.bin' is read successfully [/data/work/rio-synthesis/cam-shared-fifo-20260909/pe5-v1024-c1024-q256-replay-vivado/rtl/PifoMesh.v:278078]
INFO: [Synth 8-6155] done synthesizing module 'Mapper' (0#1) [/data/work/rio-synthesis/cam-shared-fifo-20260909/pe5-v1024-c1024-q256-replay-vivado/rtl/PifoMesh.v:278055]
INFO: [Synth 8-6157] synthesizing module 'Mapper_1' [/data/work/rio-synthesis/cam-shared-fifo-20260909/pe5-v1024-c1024-q256-replay-vivado/rtl/PifoMesh.v:278002]
INFO: [Synth 8-3876] $readmem data file 'PifoMesh.v_toplevel_pifoEngines_0_enque_brain_lastVirtualMapper_ram.bin' is read successfully [/data/work/rio-synthesis/cam-shared-fifo-20260909/pe5-v1024-c1024-q256-replay-vivado/rtl/PifoMesh.v:278025]
INFO: [Synth 8-6155] done synthesizing module 'Mapper_1' (0#1) [/data/work/rio-synthesis/cam-shared-fifo-20260909/pe5-v1024-c1024-q256-replay-vivado/rtl/PifoMesh.v:278002]
INFO: [Synth 8-6157] synthesizing module 'BoundedCamMapper' [/data/work/rio-synthesis/cam-shared-fifo-20260909/pe5-v1024-c1024-q256-replay-vivado/rtl/PifoMesh.v:230247]
INFO: [Synth 8-6155] done synthesizing module 'BoundedCamMapper' (0#1) [/data/work/rio-synthesis/cam-shared-fifo-20260909/pe5-v1024-c1024-q256-replay-vivado/rtl/PifoMesh.v:230247]
INFO: [Synth 8-6157] synthesizing module 'StreamFifoLowLatency_6' [/data/work/rio-synthesis/cam-shared-fifo-20260909/pe5-v1024-c1024-q256-replay-vivado/rtl/PifoMesh.v:230200]
INFO: [Synth 8-6157] synthesizing module 'StreamFifo_7' [/data/work/rio-synthesis/cam-shared-fifo-20260909/pe5-v1024-c1024-q256-replay-vivado/rtl/PifoMesh.v:279239]
INFO: [Synth 8-6155] done synthesizing module 'StreamFifo_7' (0#1) [/data/work/rio-synthesis/cam-shared-fifo-20260909/pe5-v1024-c1024-q256-replay-vivado/rtl/PifoMesh.v:279239]
INFO: [Synth 8-6155] done synthesizing module 'StreamFifoLowLatency_6' (0#1) [/data/work/rio-synthesis/cam-shared-fifo-20260909/pe5-v1024-c1024-q256-replay-vivado/rtl/PifoMesh.v:230200]
INFO: [Synth 8-6157] synthesizing module 'StreamArbiter_6' [/data/work/rio-synthesis/cam-shared-fifo-20260909/pe5-v1024-c1024-q256-replay-vivado/rtl/PifoMesh.v:230129]
INFO: [Synth 8-6155] done synthesizing module 'StreamArbiter_6' (0#1) [/data/work/rio-synthesis/cam-shared-fifo-20260909/pe5-v1024-c1024-q256-replay-vivado/rtl/PifoMesh.v:230129]
INFO: [Synth 8-6157] synthesizing module 'Mapper_2' [/data/work/rio-synthesis/cam-shared-fifo-20260909/pe5-v1024-c1024-q256-replay-vivado/rtl/PifoMesh.v:230076]
INFO: [Synth 8-3876] $readmem data file 'PifoMesh.v_toplevel_pifoEngines_0_enque_brain_brainStateMem_ram.bin' is read successfully [/data/work/rio-synthesis/cam-shared-fifo-20260909/pe5-v1024-c1024-q256-replay-vivado/rtl/PifoMesh.v:230099]
INFO: [Synth 8-6155] done synthesizing module 'Mapper_2' (0#1) [/data/work/rio-synthesis/cam-shared-fifo-20260909/pe5-v1024-c1024-q256-replay-vivado/rtl/PifoMesh.v:230076]
INFO: [Synth 8-6157] synthesizing module 'StreamFifoLowLatency_7' [/data/work/rio-synthesis/cam-shared-fifo-20260909/pe5-v1024-c1024-q256-replay-vivado/rtl/PifoMesh.v:230029]
INFO: [Synth 8-6157] synthesizing module 'StreamFifo_8' [/data/work/rio-synthesis/cam-shared-fifo-20260909/pe5-v1024-c1024-q256-replay-vivado/rtl/PifoMesh.v:279094]
INFO: [Synth 8-6155] done synthesizing module 'StreamFifo_8' (0#1) [/data/work/rio-synthesis/cam-shared-fifo-20260909/pe5-v1024-c1024-q256-replay-vivado/rtl/PifoMesh.v:279094]
INFO: [Synth 8-6155] done synthesizing module 'StreamFifoLowLatency_7' (0#1) [/data/work/rio-synthesis/cam-shared-fifo-20260909/pe5-v1024-c1024-q256-replay-vivado/rtl/PifoMesh.v:230029]
INFO: [Synth 8-6157] synthesizing module 'StreamArbiter_7' [/data/work/rio-synthesis/cam-shared-fifo-20260909/pe5-v1024-c1024-q256-replay-vivado/rtl/PifoMesh.v:229958]
INFO: [Synth 8-6155] done synthesizing module 'StreamArbiter_7' (0#1) [/data/work/rio-synthesis/cam-shared-fifo-20260909/pe5-v1024-c1024-q256-replay-vivado/rtl/PifoMesh.v:229958]
INFO: [Synth 8-6157] synthesizing module 'StreamFork_1' [/data/work/rio-synthesis/cam-shared-fifo-20260909/pe5-v1024-c1024-q256-replay-vivado/rtl/PifoMesh.v:229782]
INFO: [Synth 8-6155] done synthesizing module 'StreamFork_1' (0#1) [/data/work/rio-synthesis/cam-shared-fifo-20260909/pe5-v1024-c1024-q256-replay-vivado/rtl/PifoMesh.v:229782]
INFO: [Synth 8-6157] synthesizing module 'StreamFifoLowLatency_8' [/data/work/rio-synthesis/cam-shared-fifo-20260909/pe5-v1024-c1024-q256-replay-vivado/rtl/PifoMesh.v:229741]
INFO: [Synth 8-6157] synthesizing module 'StreamFifo_9' [/data/work/rio-synthesis/cam-shared-fifo-20260909/pe5-v1024-c1024-q256-replay-vivado/rtl/PifoMesh.v:278966]
INFO: [Synth 8-6155] done synthesizing module 'StreamFifo_9' (0#1) [/data/work/rio-synthesis/cam-shared-fifo-20260909/pe5-v1024-c1024-q256-replay-vivado/rtl/PifoMesh.v:278966]
INFO: [Synth 8-6155] done synthesizing module 'StreamFifoLowLatency_8' (0#1) [/data/work/rio-synthesis/cam-shared-fifo-20260909/pe5-v1024-c1024-q256-replay-vivado/rtl/PifoMesh.v:229741]
INFO: [Synth 8-6157] synthesizing module 'StreamFifoLowLatency_9' [/data/work/rio-synthesis/cam-shared-fifo-20260909/pe5-v1024-c1024-q256-replay-vivado/rtl/PifoMesh.v:229700]
INFO: [Synth 8-6157] synthesizing module 'StreamFifo_10' [/data/work/rio-synthesis/cam-shared-fifo-20260909/pe5-v1024-c1024-q256-replay-vivado/rtl/PifoMesh.v:278838]
INFO: [Synth 8-6155] done synthesizing module 'StreamFifo_10' (0#1) [/data/work/rio-synthesis/cam-shared-fifo-20260909/pe5-v1024-c1024-q256-replay-vivado/rtl/PifoMesh.v:278838]
INFO: [Synth 8-6155] done synthesizing module 'StreamFifoLowLatency_9' (0#1) [/data/work/rio-synthesis/cam-shared-fifo-20260909/pe5-v1024-c1024-q256-replay-vivado/rtl/PifoMesh.v:229700]
INFO: [Synth 8-6157] synthesizing module 'StreamFifoLowLatency_11' [/data/work/rio-synthesis/cam-shared-fifo-20260909/pe5-v1024-c1024-q256-replay-vivado/rtl/PifoMesh.v:229657]
INFO: [Synth 8-6157] synthesizing module 'StreamFifo_12' [/data/work/rio-synthesis/cam-shared-fifo-20260909/pe5-v1024-c1024-q256-replay-vivado/rtl/PifoMesh.v:278708]
INFO: [Synth 8-6155] done synthesizing module 'StreamFifo_12' (0#1) [/data/work/rio-synthesis/cam-shared-fifo-20260909/pe5-v1024-c1024-q256-replay-vivado/rtl/PifoMesh.v:278708]
INFO: [Synth 8-6155] done synthesizing module 'StreamFifoLowLatency_11' (0#1) [/data/work/rio-synthesis/cam-shared-fifo-20260909/pe5-v1024-c1024-q256-replay-vivado/rtl/PifoMesh.v:229657]
INFO: [Synth 8-6157] synthesizing module 'StreamFifoLowLatency_12' [/data/work/rio-synthesis/cam-shared-fifo-20260909/pe5-v1024-c1024-q256-replay-vivado/rtl/PifoMesh.v:229610]
INFO: [Synth 8-6157] synthesizing module 'StreamFifo_13' [/data/work/rio-synthesis/cam-shared-fifo-20260909/pe5-v1024-c1024-q256-replay-vivado/rtl/PifoMesh.v:278563]
INFO: [Synth 8-6155] done synthesizing module 'StreamFifo_13' (0#1) [/data/work/rio-synthesis/cam-shared-fifo-20260909/pe5-v1024-c1024-q256-replay-vivado/rtl/PifoMesh.v:278563]
INFO: [Synth 8-6155] done synthesizing module 'StreamFifoLowLatency_12' (0#1) [/data/work/rio-synthesis/cam-shared-fifo-20260909/pe5-v1024-c1024-q256-replay-vivado/rtl/PifoMesh.v:229610]
INFO: [Synth 8-6155] done synthesizing module 'PIFOBrain' (0#1) [/data/work/rio-synthesis/cam-shared-fifo-20260909/pe5-v1024-c1024-q256-replay-vivado/rtl/PifoMesh.v:227043]
INFO: [Synth 8-6157] synthesizing module 'BoundedCamMapper_1' [/data/work/rio-synthesis/cam-shared-fifo-20260909/pe5-v1024-c1024-q256-replay-vivado/rtl/PifoMesh.v:131574]
INFO: [Synth 8-6155] done synthesizing module 'BoundedCamMapper_1' (0#1) [/data/work/rio-synthesis/cam-shared-fifo-20260909/pe5-v1024-c1024-q256-replay-vivado/rtl/PifoMesh.v:131574]
INFO: [Synth 8-6157] synthesizing module 'FrontRewriteTable' [/data/work/rio-synthesis/cam-shared-fifo-20260909/pe5-v1024-c1024-q256-replay-vivado/rtl/PifoMesh.v:78234]
INFO: [Synth 8-6155] done synthesizing module 'FrontRewriteTable' (0#1) [/data/work/rio-synthesis/cam-shared-fifo-20260909/pe5-v1024-c1024-q256-replay-vivado/rtl/PifoMesh.v:78234]
INFO: [Synth 8-6157] synthesizing module 'StreamFork_2' [/data/work/rio-synthesis/cam-shared-fifo-20260909/pe5-v1024-c1024-q256-replay-vivado/rtl/PifoMesh.v:78135]
INFO: [Synth 8-6155] done synthesizing module 'StreamFork_2' (0#1) [/data/work/rio-synthesis/cam-shared-fifo-20260909/pe5-v1024-c1024-q256-replay-vivado/rtl/PifoMesh.v:78135]
INFO: [Synth 8-6157] synthesizing module 'StreamFifoLowLatency_14' [/data/work/rio-synthesis/cam-shared-fifo-20260909/pe5-v1024-c1024-q256-replay-vivado/rtl/PifoMesh.v:78076]
INFO: [Synth 8-6157] synthesizing module 'StreamFifo_14' [/data/work/rio-synthesis/cam-shared-fifo-20260909/pe5-v1024-c1024-q256-replay-vivado/rtl/PifoMesh.v:229435]
INFO: [Synth 8-6155] done synthesizing module 'StreamFifo_14' (0#1) [/data/work/rio-synthesis/cam-shared-fifo-20260909/pe5-v1024-c1024-q256-replay-vivado/rtl/PifoMesh.v:229435]
INFO: [Synth 8-6155] done synthesizing module 'StreamFifoLowLatency_14' (0#1) [/data/work/rio-synthesis/cam-shared-fifo-20260909/pe5-v1024-c1024-q256-replay-vivado/rtl/PifoMesh.v:78076]
INFO: [Synth 8-6155] done synthesizing module 'PifoEngine' (0#1) [/data/work/rio-synthesis/cam-shared-fifo-20260909/pe5-v1024-c1024-q256-replay-vivado/rtl/PifoMesh.v:71576]
INFO: [Synth 8-6157] synthesizing module 'PifoEngine_1' [/data/work/rio-synthesis/cam-shared-fifo-20260909/pe5-v1024-c1024-q256-replay-vivado/rtl/PifoMesh.v:70678]
INFO: [Synth 8-6157] synthesizing module 'ReplayMapper_1' [/data/work/rio-synthesis/cam-shared-fifo-20260909/pe5-v1024-c1024-q256-replay-vivado/rtl/PifoMesh.v:77976]
INFO: [Synth 8-3876] $readmem data file 'PifoMesh.v_toplevel_pifoEngines_1_enque_enqueMapper_banks_0.bin' is read successfully [/data/work/rio-synthesis/cam-shared-fifo-20260909/pe5-v1024-c1024-q256-replay-vivado/rtl/PifoMesh.v:78014]
INFO: [Synth 8-3876] $readmem data file 'PifoMesh.v_toplevel_pifoEngines_1_enque_enqueMapper_banks_1.bin' is read successfully [/data/work/rio-synthesis/cam-shared-fifo-20260909/pe5-v1024-c1024-q256-replay-vivado/rtl/PifoMesh.v:78029]
INFO: [Synth 8-6155] done synthesizing module 'ReplayMapper_1' (0#1) [/data/work/rio-synthesis/cam-shared-fifo-20260909/pe5-v1024-c1024-q256-replay-vivado/rtl/PifoMesh.v:77976]
INFO: [Synth 8-6157] synthesizing module 'PIFOBrain_1' [/data/work/rio-synthesis/cam-shared-fifo-20260909/pe5-v1024-c1024-q256-replay-vivado/rtl/PifoMesh.v:76915]
INFO: [Synth 8-6157] synthesizing module 'Mapper_3' [/data/work/rio-synthesis/cam-shared-fifo-20260909/pe5-v1024-c1024-q256-replay-vivado/rtl/PifoMesh.v:229378]
INFO: [Synth 8-3876] $readmem data file 'PifoMesh.v_toplevel_pifoEngines_1_enque_brain_engineMapper_ram.bin' is read successfully [/data/work/rio-synthesis/cam-shared-fifo-20260909/pe5-v1024-c1024-q256-replay-vivado/rtl/PifoMesh.v:229401]
INFO: [Synth 8-6155] done synthesizing module 'Mapper_3' (0#1) [/data/work/rio-synthesis/cam-shared-fifo-20260909/pe5-v1024-c1024-q256-replay-vivado/rtl/PifoMesh.v:229378]
INFO: [Synth 8-6157] synthesizing module 'Mapper_4' [/data/work/rio-synthesis/cam-shared-fifo-20260909/pe5-v1024-c1024-q256-replay-vivado/rtl/PifoMesh.v:229325]
INFO: [Synth 8-3876] $readmem data file 'PifoMesh.v_toplevel_pifoEngines_1_enque_brain_lastVirtualMapper_ram.bin' is read successfully [/data/work/rio-synthesis/cam-shared-fifo-20260909/pe5-v1024-c1024-q256-replay-vivado/rtl/PifoMesh.v:229348]
INFO: [Synth 8-6155] done synthesizing module 'Mapper_4' (0#1) [/data/work/rio-synthesis/cam-shared-fifo-20260909/pe5-v1024-c1024-q256-replay-vivado/rtl/PifoMesh.v:229325]
INFO: [Synth 8-6157] synthesizing module 'Mapper_5' [/data/work/rio-synthesis/cam-shared-fifo-20260909/pe5-v1024-c1024-q256-replay-vivado/rtl/PifoMesh.v:229266]
INFO: [Synth 8-3876] $readmem data file 'PifoMesh.v_toplevel_pifoEngines_1_enque_brain_brainStateMem_ram.bin' is read successfully [/data/work/rio-synthesis/cam-shared-fifo-20260909/pe5-v1024-c1024-q256-replay-vivado/rtl/PifoMesh.v:229289]
INFO: [Synth 8-6155] done synthesizing module 'Mapper_5' (0#1) [/data/work/rio-synthesis/cam-shared-fifo-20260909/pe5-v1024-c1024-q256-replay-vivado/rtl/PifoMesh.v:229266]
INFO: [Synth 8-6155] done synthesizing module 'PIFOBrain_1' (0#1) [/data/work/rio-synthesis/cam-shared-fifo-20260909/pe5-v1024-c1024-q256-replay-vivado/rtl/PifoMesh.v:76915]
INFO: [Synth 8-6155] done synthesizing module 'PifoEngine_1' (0#1) [/data/work/rio-synthesis/cam-shared-fifo-20260909/pe5-v1024-c1024-q256-replay-vivado/rtl/PifoMesh.v:70678]
INFO: [Synth 8-6157] synthesizing module 'PifoEngine_2' [/data/work/rio-synthesis/cam-shared-fifo-20260909/pe5-v1024-c1024-q256-replay-vivado/rtl/PifoMesh.v:69780]
INFO: [Synth 8-6157] synthesizing module 'ReplayMapper_2' [/data/work/rio-synthesis/cam-shared-fifo-20260909/pe5-v1024-c1024-q256-replay-vivado/rtl/PifoMesh.v:76807]
INFO: [Synth 8-3876] $readmem data file 'PifoMesh.v_toplevel_pifoEngines_2_enque_enqueMapper_banks_0.bin' is read successfully [/data/work/rio-synthesis/cam-shared-fifo-20260909/pe5-v1024-c1024-q256-replay-vivado/rtl/PifoMesh.v:76845]
INFO: [Synth 8-3876] $readmem data file 'PifoMesh.v_toplevel_pifoEngines_2_enque_enqueMapper_banks_1.bin' is read successfully [/data/work/rio-synthesis/cam-shared-fifo-20260909/pe5-v1024-c1024-q256-replay-vivado/rtl/PifoMesh.v:76860]
INFO: [Synth 8-6155] done synthesizing module 'ReplayMapper_2' (0#1) [/data/work/rio-synthesis/cam-shared-fifo-20260909/pe5-v1024-c1024-q256-replay-vivado/rtl/PifoMesh.v:76807]
INFO: [Synth 8-6157] synthesizing module 'PIFOBrain_2' [/data/work/rio-synthesis/cam-shared-fifo-20260909/pe5-v1024-c1024-q256-replay-vivado/rtl/PifoMesh.v:75746]
INFO: [Synth 8-6157] synthesizing module 'Mapper_6' [/data/work/rio-synthesis/cam-shared-fifo-20260909/pe5-v1024-c1024-q256-replay-vivado/rtl/PifoMesh.v:229191]
INFO: [Synth 8-3876] $readmem data file 'PifoMesh.v_toplevel_pifoEngines_2_enque_brain_engineMapper_ram.bin' is read successfully [/data/work/rio-synthesis/cam-shared-fifo-20260909/pe5-v1024-c1024-q256-replay-vivado/rtl/PifoMesh.v:229214]
INFO: [Synth 8-6155] done synthesizing module 'Mapper_6' (0#1) [/data/work/rio-synthesis/cam-shared-fifo-20260909/pe5-v1024-c1024-q256-replay-vivado/rtl/PifoMesh.v:229191]
INFO: [Synth 8-6157] synthesizing module 'Mapper_7' [/data/work/rio-synthesis/cam-shared-fifo-20260909/pe5-v1024-c1024-q256-replay-vivado/rtl/PifoMesh.v:229138]
INFO: [Synth 8-3876] $readmem data file 'PifoMesh.v_toplevel_pifoEngines_2_enque_brain_lastVirtualMapper_ram.bin' is read successfully [/data/work/rio-synthesis/cam-shared-fifo-20260909/pe5-v1024-c1024-q256-replay-vivado/rtl/PifoMesh.v:229161]
INFO: [Synth 8-6155] done synthesizing module 'Mapper_7' (0#1) [/data/work/rio-synthesis/cam-shared-fifo-20260909/pe5-v1024-c1024-q256-replay-vivado/rtl/PifoMesh.v:229138]
INFO: [Synth 8-6157] synthesizing module 'Mapper_8' [/data/work/rio-synthesis/cam-shared-fifo-20260909/pe5-v1024-c1024-q256-replay-vivado/rtl/PifoMesh.v:229079]
INFO: [Synth 8-3876] $readmem data file 'PifoMesh.v_toplevel_pifoEngines_2_enque_brain_brainStateMem_ram.bin' is read successfully [/data/work/rio-synthesis/cam-shared-fifo-20260909/pe5-v1024-c1024-q256-replay-vivado/rtl/PifoMesh.v:229102]
INFO: [Synth 8-6155] done synthesizing module 'Mapper_8' (0#1) [/data/work/rio-synthesis/cam-shared-fifo-20260909/pe5-v1024-c1024-q256-replay-vivado/rtl/PifoMesh.v:229079]
INFO: [Synth 8-6155] done synthesizing module 'PIFOBrain_2' (0#1) [/data/work/rio-synthesis/cam-shared-fifo-20260909/pe5-v1024-c1024-q256-replay-vivado/rtl/PifoMesh.v:75746]
INFO: [Synth 8-6155] done synthesizing module 'PifoEngine_2' (0#1) [/data/work/rio-synthesis/cam-shared-fifo-20260909/pe5-v1024-c1024-q256-replay-vivado/rtl/PifoMesh.v:69780]
INFO: [Synth 8-6157] synthesizing module 'PifoEngine_3' [/data/work/rio-synthesis/cam-shared-fifo-20260909/pe5-v1024-c1024-q256-replay-vivado/rtl/PifoMesh.v:68882]
INFO: [Synth 8-6157] synthesizing module 'ReplayMapper_3' [/data/work/rio-synthesis/cam-shared-fifo-20260909/pe5-v1024-c1024-q256-replay-vivado/rtl/PifoMesh.v:75638]
INFO: [Synth 8-3876] $readmem data file 'PifoMesh.v_toplevel_pifoEngines_3_enque_enqueMapper_banks_0.bin' is read successfully [/data/work/rio-synthesis/cam-shared-fifo-20260909/pe5-v1024-c1024-q256-replay-vivado/rtl/PifoMesh.v:75676]
INFO: [Synth 8-3876] $readmem data file 'PifoMesh.v_toplevel_pifoEngines_3_enque_enqueMapper_banks_1.bin' is read successfully [/data/work/rio-synthesis/cam-shared-fifo-20260909/pe5-v1024-c1024-q256-replay-vivado/rtl/PifoMesh.v:75691]
INFO: [Synth 8-6155] done synthesizing module 'ReplayMapper_3' (0#1) [/data/work/rio-synthesis/cam-shared-fifo-20260909/pe5-v1024-c1024-q256-replay-vivado/rtl/PifoMesh.v:75638]
INFO: [Synth 8-6157] synthesizing module 'PIFOBrain_3' [/data/work/rio-synthesis/cam-shared-fifo-20260909/pe5-v1024-c1024-q256-replay-vivado/rtl/PifoMesh.v:74577]
INFO: [Synth 8-6157] synthesizing module 'Mapper_9' [/data/work/rio-synthesis/cam-shared-fifo-20260909/pe5-v1024-c1024-q256-replay-vivado/rtl/PifoMesh.v:229004]
INFO: [Synth 8-3876] $readmem data file 'PifoMesh.v_toplevel_pifoEngines_3_enque_brain_engineMapper_ram.bin' is read successfully [/data/work/rio-synthesis/cam-shared-fifo-20260909/pe5-v1024-c1024-q256-replay-vivado/rtl/PifoMesh.v:229027]
INFO: [Synth 8-6155] done synthesizing module 'Mapper_9' (0#1) [/data/work/rio-synthesis/cam-shared-fifo-20260909/pe5-v1024-c1024-q256-replay-vivado/rtl/PifoMesh.v:229004]
INFO: [Synth 8-6157] synthesizing module 'Mapper_10' [/data/work/rio-synthesis/cam-shared-fifo-20260909/pe5-v1024-c1024-q256-replay-vivado/rtl/PifoMesh.v:228951]
INFO: [Synth 8-3876] $readmem data file 'PifoMesh.v_toplevel_pifoEngines_3_enque_brain_lastVirtualMapper_ram.bin' is read successfully [/data/work/rio-synthesis/cam-shared-fifo-20260909/pe5-v1024-c1024-q256-replay-vivado/rtl/PifoMesh.v:228974]
INFO: [Synth 8-6155] done synthesizing module 'Mapper_10' (0#1) [/data/work/rio-synthesis/cam-shared-fifo-20260909/pe5-v1024-c1024-q256-replay-vivado/rtl/PifoMesh.v:228951]
INFO: [Synth 8-6157] synthesizing module 'Mapper_11' [/data/work/rio-synthesis/cam-shared-fifo-20260909/pe5-v1024-c1024-q256-replay-vivado/rtl/PifoMesh.v:228892]
INFO: [Synth 8-3876] $readmem data file 'PifoMesh.v_toplevel_pifoEngines_3_enque_brain_brainStateMem_ram.bin' is read successfully [/data/work/rio-synthesis/cam-shared-fifo-20260909/pe5-v1024-c1024-q256-replay-vivado/rtl/PifoMesh.v:228915]
INFO: [Synth 8-6155] done synthesizing module 'Mapper_11' (0#1) [/data/work/rio-synthesis/cam-shared-fifo-20260909/pe5-v1024-c1024-q256-replay-vivado/rtl/PifoMesh.v:228892]
INFO: [Synth 8-6155] done synthesizing module 'PIFOBrain_3' (0#1) [/data/work/rio-synthesis/cam-shared-fifo-20260909/pe5-v1024-c1024-q256-replay-vivado/rtl/PifoMesh.v:74577]
INFO: [Synth 8-6155] done synthesizing module 'PifoEngine_3' (0#1) [/data/work/rio-synthesis/cam-shared-fifo-20260909/pe5-v1024-c1024-q256-replay-vivado/rtl/PifoMesh.v:68882]
INFO: [Synth 8-6157] synthesizing module 'PifoEngine_4' [/data/work/rio-synthesis/cam-shared-fifo-20260909/pe5-v1024-c1024-q256-replay-vivado/rtl/PifoMesh.v:67984]
INFO: [Synth 8-6157] synthesizing module 'ReplayMapper_4' [/data/work/rio-synthesis/cam-shared-fifo-20260909/pe5-v1024-c1024-q256-replay-vivado/rtl/PifoMesh.v:74469]
INFO: [Synth 8-3876] $readmem data file 'PifoMesh.v_toplevel_pifoEngines_4_enque_enqueMapper_banks_0.bin' is read successfully [/data/work/rio-synthesis/cam-shared-fifo-20260909/pe5-v1024-c1024-q256-replay-vivado/rtl/PifoMesh.v:74507]
INFO: [Synth 8-3876] $readmem data file 'PifoMesh.v_toplevel_pifoEngines_4_enque_enqueMapper_banks_1.bin' is read successfully [/data/work/rio-synthesis/cam-shared-fifo-20260909/pe5-v1024-c1024-q256-replay-vivado/rtl/PifoMesh.v:74522]
INFO: [Synth 8-6155] done synthesizing module 'ReplayMapper_4' (0#1) [/data/work/rio-synthesis/cam-shared-fifo-20260909/pe5-v1024-c1024-q256-replay-vivado/rtl/PifoMesh.v:74469]
INFO: [Synth 8-6157] synthesizing module 'PIFOBrain_4' [/data/work/rio-synthesis/cam-shared-fifo-20260909/pe5-v1024-c1024-q256-replay-vivado/rtl/PifoMesh.v:73408]
INFO: [Synth 8-6157] synthesizing module 'Mapper_12' [/data/work/rio-synthesis/cam-shared-fifo-20260909/pe5-v1024-c1024-q256-replay-vivado/rtl/PifoMesh.v:228817]
INFO: [Synth 8-3876] $readmem data file 'PifoMesh.v_toplevel_pifoEngines_4_enque_brain_engineMapper_ram.bin' is read successfully [/data/work/rio-synthesis/cam-shared-fifo-20260909/pe5-v1024-c1024-q256-replay-vivado/rtl/PifoMesh.v:228840]
INFO: [Synth 8-6155] done synthesizing module 'Mapper_12' (0#1) [/data/work/rio-synthesis/cam-shared-fifo-20260909/pe5-v1024-c1024-q256-replay-vivado/rtl/PifoMesh.v:228817]
INFO: [Synth 8-6157] synthesizing module 'Mapper_13' [/data/work/rio-synthesis/cam-shared-fifo-20260909/pe5-v1024-c1024-q256-replay-vivado/rtl/PifoMesh.v:228764]
INFO: [Synth 8-3876] $readmem data file 'PifoMesh.v_toplevel_pifoEngines_4_enque_brain_lastVirtualMapper_ram.bin' is read successfully [/data/work/rio-synthesis/cam-shared-fifo-20260909/pe5-v1024-c1024-q256-replay-vivado/rtl/PifoMesh.v:228787]
INFO: [Synth 8-6155] done synthesizing module 'Mapper_13' (0#1) [/data/work/rio-synthesis/cam-shared-fifo-20260909/pe5-v1024-c1024-q256-replay-vivado/rtl/PifoMesh.v:228764]
INFO: [Synth 8-6157] synthesizing module 'Mapper_14' [/data/work/rio-synthesis/cam-shared-fifo-20260909/pe5-v1024-c1024-q256-replay-vivado/rtl/PifoMesh.v:228705]
INFO: [Synth 8-3876] $readmem data file 'PifoMesh.v_toplevel_pifoEngines_4_enque_brain_brainStateMem_ram.bin' is read successfully [/data/work/rio-synthesis/cam-shared-fifo-20260909/pe5-v1024-c1024-q256-replay-vivado/rtl/PifoMesh.v:228728]
INFO: [Synth 8-6155] done synthesizing module 'Mapper_14' (0#1) [/data/work/rio-synthesis/cam-shared-fifo-20260909/pe5-v1024-c1024-q256-replay-vivado/rtl/PifoMesh.v:228705]
INFO: [Synth 8-6155] done synthesizing module 'PIFOBrain_4' (0#1) [/data/work/rio-synthesis/cam-shared-fifo-20260909/pe5-v1024-c1024-q256-replay-vivado/rtl/PifoMesh.v:73408]
INFO: [Synth 8-6155] done synthesizing module 'PifoEngine_4' (0#1) [/data/work/rio-synthesis/cam-shared-fifo-20260909/pe5-v1024-c1024-q256-replay-vivado/rtl/PifoMesh.v:67984]
INFO: [Synth 8-6157] synthesizing module 'ReplayControlFifo' [/data/work/rio-synthesis/cam-shared-fifo-20260909/pe5-v1024-c1024-q256-replay-vivado/rtl/PifoMesh.v:67745]
INFO: [Synth 8-6155] done synthesizing module 'ReplayControlFifo' (0#1) [/data/work/rio-synthesis/cam-shared-fifo-20260909/pe5-v1024-c1024-q256-replay-vivado/rtl/PifoMesh.v:67745]
INFO: [Synth 8-6157] synthesizing module 'DrainGuard' [/data/work/rio-synthesis/cam-shared-fifo-20260909/pe5-v1024-c1024-q256-replay-vivado/rtl/PifoMesh.v:2225]
INFO: [Synth 8-6155] done synthesizing module 'DrainGuard' (0#1) [/data/work/rio-synthesis/cam-shared-fifo-20260909/pe5-v1024-c1024-q256-replay-vivado/rtl/PifoMesh.v:2225]
INFO: [Synth 8-6157] synthesizing module 'StreamDemux_6' [/data/work/rio-synthesis/cam-shared-fifo-20260909/pe5-v1024-c1024-q256-replay-vivado/rtl/PifoMesh.v:1983]
INFO: [Synth 8-6155] done synthesizing module 'StreamDemux_6' (0#1) [/data/work/rio-synthesis/cam-shared-fifo-20260909/pe5-v1024-c1024-q256-replay-vivado/rtl/PifoMesh.v:1983]
INFO: [Synth 8-6157] synthesizing module 'StreamFork_20' [/data/work/rio-synthesis/cam-shared-fifo-20260909/pe5-v1024-c1024-q256-replay-vivado/rtl/PifoMesh.v:1727]
INFO: [Synth 8-6155] done synthesizing module 'StreamFork_20' (0#1) [/data/work/rio-synthesis/cam-shared-fifo-20260909/pe5-v1024-c1024-q256-replay-vivado/rtl/PifoMesh.v:1727]
INFO: [Synth 8-6157] synthesizing module 'StreamArbiter_16' [/data/work/rio-synthesis/cam-shared-fifo-20260909/pe5-v1024-c1024-q256-replay-vivado/rtl/PifoMesh.v:1572]
INFO: [Synth 8-6155] done synthesizing module 'StreamArbiter_16' (0#1) [/data/work/rio-synthesis/cam-shared-fifo-20260909/pe5-v1024-c1024-q256-replay-vivado/rtl/PifoMesh.v:1572]
INFO: [Synth 8-6155] done synthesizing module 'PifoMesh' (0#1) [/data/work/rio-synthesis/cam-shared-fifo-20260909/pe5-v1024-c1024-q256-replay-vivado/rtl/PifoMesh.v:7]
WARNING: [Synth 8-6014] Unused sequential element logic_ptr_wentUp_reg was removed.  [/data/work/rio-synthesis/cam-shared-fifo-20260909/pe5-v1024-c1024-q256-replay-vivado/rtl/PifoMesh.v:278483]
WARNING: [Synth 8-6014] Unused sequential element logic_ptr_wentUp_reg was removed.  [/data/work/rio-synthesis/cam-shared-fifo-20260909/pe5-v1024-c1024-q256-replay-vivado/rtl/PifoMesh.v:278354]
WARNING: [Synth 8-6014] Unused sequential element logic_ptr_wentUp_reg was removed.  [/data/work/rio-synthesis/cam-shared-fifo-20260909/pe5-v1024-c1024-q256-replay-vivado/rtl/PifoMesh.v:279360]
WARNING: [Synth 8-6014] Unused sequential element logic_ptr_wentUp_reg was removed.  [/data/work/rio-synthesis/cam-shared-fifo-20260909/pe5-v1024-c1024-q256-replay-vivado/rtl/PifoMesh.v:279215]
WARNING: [Synth 8-6014] Unused sequential element logic_ptr_wentUp_reg was removed.  [/data/work/rio-synthesis/cam-shared-fifo-20260909/pe5-v1024-c1024-q256-replay-vivado/rtl/PifoMesh.v:279070]
WARNING: [Synth 8-6014] Unused sequential element logic_ptr_wentUp_reg was removed.  [/data/work/rio-synthesis/cam-shared-fifo-20260909/pe5-v1024-c1024-q256-replay-vivado/rtl/PifoMesh.v:278942]
WARNING: [Synth 8-6014] Unused sequential element logic_ptr_wentUp_reg was removed.  [/data/work/rio-synthesis/cam-shared-fifo-20260909/pe5-v1024-c1024-q256-replay-vivado/rtl/PifoMesh.v:278812]
WARNING: [Synth 8-6014] Unused sequential element logic_ptr_wentUp_reg was removed.  [/data/work/rio-synthesis/cam-shared-fifo-20260909/pe5-v1024-c1024-q256-replay-vivado/rtl/PifoMesh.v:278684]
WARNING: [Synth 8-6014] Unused sequential element logic_ptr_wentUp_reg was removed.  [/data/work/rio-synthesis/cam-shared-fifo-20260909/pe5-v1024-c1024-q256-replay-vivado/rtl/PifoMesh.v:229586]
WARNING: [Synth 8-7129] Port reset in module Mapper_14 is either unconnected or has no load
WARNING: [Synth 8-7129] Port io_commit in module BoundedCamMapper is either unconnected or has no load
WARNING: [Synth 8-7129] Port reset in module Mapper_13 is either unconnected or has no load
WARNING: [Synth 8-7129] Port reset in module Mapper_12 is either unconnected or has no load
WARNING: [Synth 8-7129] Port io_poped_payload_data[12] in module PIFOBrain_4 is either unconnected or has no load
WARNING: [Synth 8-7129] Port io_poped_payload_data[11] in module PIFOBrain_4 is either unconnected or has no load
WARNING: [Synth 8-7129] Port io_poped_payload_data[10] in module PIFOBrain_4 is either unconnected or has no load
WARNING: [Synth 8-7129] Port io_poped_payload_data[9] in module PIFOBrain_4 is either unconnected or has no load
WARNING: [Synth 8-7129] Port io_poped_payload_data[8] in module PIFOBrain_4 is either unconnected or has no load
WARNING: [Synth 8-7129] Port io_poped_payload_data[7] in module PIFOBrain_4 is either unconnected or has no load
WARNING: [Synth 8-7129] Port io_poped_payload_data[6] in module PIFOBrain_4 is either unconnected or has no load
WARNING: [Synth 8-7129] Port io_poped_payload_data[5] in module PIFOBrain_4 is either unconnected or has no load
WARNING: [Synth 8-7129] Port io_poped_payload_data[4] in module PIFOBrain_4 is either unconnected or has no load
WARNING: [Synth 8-7129] Port io_poped_payload_data[3] in module PIFOBrain_4 is either unconnected or has no load
WARNING: [Synth 8-7129] Port io_poped_payload_data[2] in module PIFOBrain_4 is either unconnected or has no load
WARNING: [Synth 8-7129] Port io_poped_payload_data[1] in module PIFOBrain_4 is either unconnected or has no load
WARNING: [Synth 8-7129] Port io_poped_payload_data[0] in module PIFOBrain_4 is either unconnected or has no load
WARNING: [Synth 8-7129] Port io_dequeueRequest_payload_engineId[2] in module PifoEngine_4 is either unconnected or has no load
WARNING: [Synth 8-7129] Port io_dequeueRequest_payload_engineId[1] in module PifoEngine_4 is either unconnected or has no load
WARNING: [Synth 8-7129] Port io_dequeueRequest_payload_engineId[0] in module PifoEngine_4 is either unconnected or has no load
WARNING: [Synth 8-7129] Port reset in module Mapper_11 is either unconnected or has no load
WARNING: [Synth 8-7129] Port reset in module Mapper_10 is either unconnected or has no load
WARNING: [Synth 8-7129] Port reset in module Mapper_9 is either unconnected or has no load
WARNING: [Synth 8-7129] Port io_poped_payload_data[12] in module PIFOBrain_3 is either unconnected or has no load
WARNING: [Synth 8-7129] Port io_poped_payload_data[11] in module PIFOBrain_3 is either unconnected or has no load
WARNING: [Synth 8-7129] Port io_poped_payload_data[10] in module PIFOBrain_3 is either unconnected or has no load
WARNING: [Synth 8-7129] Port io_poped_payload_data[9] in module PIFOBrain_3 is either unconnected or has no load
WARNING: [Synth 8-7129] Port io_poped_payload_data[8] in module PIFOBrain_3 is either unconnected or has no load
WARNING: [Synth 8-7129] Port io_poped_payload_data[7] in module PIFOBrain_3 is either unconnected or has no load
WARNING: [Synth 8-7129] Port io_poped_payload_data[6] in module PIFOBrain_3 is either unconnected or has no load
WARNING: [Synth 8-7129] Port io_poped_payload_data[5] in module PIFOBrain_3 is either unconnected or has no load
WARNING: [Synth 8-7129] Port io_poped_payload_data[4] in module PIFOBrain_3 is either unconnected or has no load
WARNING: [Synth 8-7129] Port io_poped_payload_data[3] in module PIFOBrain_3 is either unconnected or has no load
WARNING: [Synth 8-7129] Port io_poped_payload_data[2] in module PIFOBrain_3 is either unconnected or has no load
WARNING: [Synth 8-7129] Port io_poped_payload_data[1] in module PIFOBrain_3 is either unconnected or has no load
WARNING: [Synth 8-7129] Port io_poped_payload_data[0] in module PIFOBrain_3 is either unconnected or has no load
WARNING: [Synth 8-7129] Port io_dequeueRequest_payload_engineId[2] in module PifoEngine_3 is either unconnected or has no load
WARNING: [Synth 8-7129] Port io_dequeueRequest_payload_engineId[1] in module PifoEngine_3 is either unconnected or has no load
WARNING: [Synth 8-7129] Port io_dequeueRequest_payload_engineId[0] in module PifoEngine_3 is either unconnected or has no load
WARNING: [Synth 8-7129] Port reset in module Mapper_8 is either unconnected or has no load
WARNING: [Synth 8-7129] Port reset in module Mapper_7 is either unconnected or has no load
WARNING: [Synth 8-7129] Port reset in module Mapper_6 is either unconnected or has no load
WARNING: [Synth 8-7129] Port io_poped_payload_data[12] in module PIFOBrain_2 is either unconnected or has no load
WARNING: [Synth 8-7129] Port io_poped_payload_data[11] in module PIFOBrain_2 is either unconnected or has no load
WARNING: [Synth 8-7129] Port io_poped_payload_data[10] in module PIFOBrain_2 is either unconnected or has no load
WARNING: [Synth 8-7129] Port io_poped_payload_data[9] in module PIFOBrain_2 is either unconnected or has no load
WARNING: [Synth 8-7129] Port io_poped_payload_data[8] in module PIFOBrain_2 is either unconnected or has no load
WARNING: [Synth 8-7129] Port io_poped_payload_data[7] in module PIFOBrain_2 is either unconnected or has no load
WARNING: [Synth 8-7129] Port io_poped_payload_data[6] in module PIFOBrain_2 is either unconnected or has no load
WARNING: [Synth 8-7129] Port io_poped_payload_data[5] in module PIFOBrain_2 is either unconnected or has no load
WARNING: [Synth 8-7129] Port io_poped_payload_data[4] in module PIFOBrain_2 is either unconnected or has no load
WARNING: [Synth 8-7129] Port io_poped_payload_data[3] in module PIFOBrain_2 is either unconnected or has no load
WARNING: [Synth 8-7129] Port io_poped_payload_data[2] in module PIFOBrain_2 is either unconnected or has no load
WARNING: [Synth 8-7129] Port io_poped_payload_data[1] in module PIFOBrain_2 is either unconnected or has no load
WARNING: [Synth 8-7129] Port io_poped_payload_data[0] in module PIFOBrain_2 is either unconnected or has no load
WARNING: [Synth 8-7129] Port io_dequeueRequest_payload_engineId[2] in module PifoEngine_2 is either unconnected or has no load
WARNING: [Synth 8-7129] Port io_dequeueRequest_payload_engineId[1] in module PifoEngine_2 is either unconnected or has no load
WARNING: [Synth 8-7129] Port io_dequeueRequest_payload_engineId[0] in module PifoEngine_2 is either unconnected or has no load
WARNING: [Synth 8-7129] Port reset in module Mapper_5 is either unconnected or has no load
WARNING: [Synth 8-7129] Port reset in module Mapper_4 is either unconnected or has no load
WARNING: [Synth 8-7129] Port reset in module Mapper_3 is either unconnected or has no load
WARNING: [Synth 8-7129] Port io_poped_payload_data[12] in module PIFOBrain_1 is either unconnected or has no load
WARNING: [Synth 8-7129] Port io_poped_payload_data[11] in module PIFOBrain_1 is either unconnected or has no load
WARNING: [Synth 8-7129] Port io_poped_payload_data[10] in module PIFOBrain_1 is either unconnected or has no load
WARNING: [Synth 8-7129] Port io_poped_payload_data[9] in module PIFOBrain_1 is either unconnected or has no load
WARNING: [Synth 8-7129] Port io_poped_payload_data[8] in module PIFOBrain_1 is either unconnected or has no load
WARNING: [Synth 8-7129] Port io_poped_payload_data[7] in module PIFOBrain_1 is either unconnected or has no load
WARNING: [Synth 8-7129] Port io_poped_payload_data[6] in module PIFOBrain_1 is either unconnected or has no load
WARNING: [Synth 8-7129] Port io_poped_payload_data[5] in module PIFOBrain_1 is either unconnected or has no load
WARNING: [Synth 8-7129] Port io_poped_payload_data[4] in module PIFOBrain_1 is either unconnected or has no load
WARNING: [Synth 8-7129] Port io_poped_payload_data[3] in module PIFOBrain_1 is either unconnected or has no load
WARNING: [Synth 8-7129] Port io_poped_payload_data[2] in module PIFOBrain_1 is either unconnected or has no load
WARNING: [Synth 8-7129] Port io_poped_payload_data[1] in module PIFOBrain_1 is either unconnected or has no load
WARNING: [Synth 8-7129] Port io_poped_payload_data[0] in module PIFOBrain_1 is either unconnected or has no load
WARNING: [Synth 8-7129] Port io_dequeueRequest_payload_engineId[2] in module PifoEngine_1 is either unconnected or has no load
WARNING: [Synth 8-7129] Port io_dequeueRequest_payload_engineId[1] in module PifoEngine_1 is either unconnected or has no load
WARNING: [Synth 8-7129] Port io_dequeueRequest_payload_engineId[0] in module PifoEngine_1 is either unconnected or has no load
WARNING: [Synth 8-7129] Port reset in module Mapper_2 is either unconnected or has no load
WARNING: [Synth 8-7129] Port reset in module Mapper_1 is either unconnected or has no load
WARNING: [Synth 8-7129] Port reset in module Mapper is either unconnected or has no load
WARNING: [Synth 8-7129] Port io_poped_payload_data[12] in module PIFOBrain is either unconnected or has no load
WARNING: [Synth 8-7129] Port io_poped_payload_data[11] in module PIFOBrain is either unconnected or has no load
WARNING: [Synth 8-7129] Port io_poped_payload_data[10] in module PIFOBrain is either unconnected or has no load
WARNING: [Synth 8-7129] Port io_poped_payload_data[9] in module PIFOBrain is either unconnected or has no load
WARNING: [Synth 8-7129] Port io_poped_payload_data[8] in module PIFOBrain is either unconnected or has no load
WARNING: [Synth 8-7129] Port io_poped_payload_data[7] in module PIFOBrain is either unconnected or has no load
WARNING: [Synth 8-7129] Port io_poped_payload_data[6] in module PIFOBrain is either unconnected or has no load
WARNING: [Synth 8-7129] Port io_poped_payload_data[5] in module PIFOBrain is either unconnected or has no load
WARNING: [Synth 8-7129] Port io_poped_payload_data[4] in module PIFOBrain is either unconnected or has no load
WARNING: [Synth 8-7129] Port io_poped_payload_data[3] in module PIFOBrain is either unconnected or has no load
WARNING: [Synth 8-7129] Port io_poped_payload_data[2] in module PIFOBrain is either unconnected or has no load
WARNING: [Synth 8-7129] Port io_poped_payload_data[1] in module PIFOBrain is either unconnected or has no load
WARNING: [Synth 8-7129] Port io_poped_payload_data[0] in module PIFOBrain is either unconnected or has no load
WARNING: [Synth 8-7129] Port io_dequeueRequest_payload_engineId[2] in module PifoEngine is either unconnected or has no load
WARNING: [Synth 8-7129] Port io_dequeueRequest_payload_engineId[1] in module PifoEngine is either unconnected or has no load
WARNING: [Synth 8-7129] Port io_dequeueRequest_payload_engineId[0] in module PifoEngine is either unconnected or has no load
---------------------------------------------------------------------------------
Finished RTL Elaboration : Time (s): cpu = 00:02:11 ; elapsed = 00:02:19 . Memory (MB): peak = 5826.668 ; gain = 3173.828 ; free physical = 152119 ; free virtual = 193332
---------------------------------------------------------------------------------
---------------------------------------------------------------------------------
Start Handling Custom Attributes
---------------------------------------------------------------------------------
---------------------------------------------------------------------------------
Finished Handling Custom Attributes : Time (s): cpu = 00:02:16 ; elapsed = 00:02:25 . Memory (MB): peak = 5826.668 ; gain = 3173.828 ; free physical = 151876 ; free virtual = 193148
---------------------------------------------------------------------------------
---------------------------------------------------------------------------------
Finished RTL Optimization Phase 1 : Time (s): cpu = 00:02:16 ; elapsed = 00:02:25 . Memory (MB): peak = 5826.668 ; gain = 3173.828 ; free physical = 151869 ; free virtual = 193140
---------------------------------------------------------------------------------
Netlist sorting complete. Time (s): cpu = 00:00:15 ; elapsed = 00:00:15 . Memory (MB): peak = 6131.973 ; gain = 0.000 ; free physical = 145961 ; free virtual = 187160
INFO: [Project 1-570] Preparing netlist for logic optimization

Processing XDC Constraints
Initializing timing engine
Parsing XDC File [/data/work/rio-synthesis/cam-shared-fifo-20260909/pe5-v1024-c1024-q256-replay-vivado/pifo.xdc]
Finished Parsing XDC File [/data/work/rio-synthesis/cam-shared-fifo-20260909/pe5-v1024-c1024-q256-replay-vivado/pifo.xdc]
Completed Processing XDC Constraints

Netlist sorting complete. Time (s): cpu = 00:00:00.82 ; elapsed = 00:00:00.83 . Memory (MB): peak = 7574.406 ; gain = 6.773 ; free physical = 141377 ; free virtual = 182677
INFO: [Project 1-111] Unisim Transformation Summary:
No Unisim elements were transformed.

---------------------------------------------------------------------------------
Finished Constraint Validation : Time (s): cpu = 00:06:02 ; elapsed = 00:05:22 . Memory (MB): peak = 7812.414 ; gain = 5159.574 ; free physical = 134717 ; free virtual = 176043
---------------------------------------------------------------------------------
---------------------------------------------------------------------------------
Start Loading Part and Timing Information
---------------------------------------------------------------------------------
Loading part: xcku5p-ffvb676-2-e
INFO: [Synth 8-6742] Reading net delay rules and data
---------------------------------------------------------------------------------
Finished Loading Part and Timing Information : Time (s): cpu = 00:06:02 ; elapsed = 00:05:22 . Memory (MB): peak = 7820.418 ; gain = 5167.578 ; free physical = 134796 ; free virtual = 176122
---------------------------------------------------------------------------------
---------------------------------------------------------------------------------
Start Applying 'set_property' XDC Constraints
---------------------------------------------------------------------------------
---------------------------------------------------------------------------------
Finished applying 'set_property' XDC Constraints : Time (s): cpu = 00:06:03 ; elapsed = 00:05:23 . Memory (MB): peak = 7820.418 ; gain = 5167.578 ; free physical = 135688 ; free virtual = 177007
---------------------------------------------------------------------------------
INFO: [Synth 8-6904] The RAM "Mapper:/ram_reg" of size (depth=1024 x width=2) is automatically implemented using LUTRAM. BRAM implementation would be inefficient 
INFO: [Synth 8-6904] The RAM "Mapper_3:/ram_reg" of size (depth=1024 x width=2) is automatically implemented using LUTRAM. BRAM implementation would be inefficient 
INFO: [Synth 8-6904] The RAM "Mapper_6:/ram_reg" of size (depth=1024 x width=2) is automatically implemented using LUTRAM. BRAM implementation would be inefficient 
INFO: [Synth 8-6904] The RAM "Mapper_9:/ram_reg" of size (depth=1024 x width=2) is automatically implemented using LUTRAM. BRAM implementation would be inefficient 
INFO: [Synth 8-6904] The RAM "Mapper_12:/ram_reg" of size (depth=1024 x width=2) is automatically implemented using LUTRAM. BRAM implementation would be inefficient 
---------------------------------------------------------------------------------
Finished RTL Optimization Phase 2 : Time (s): cpu = 00:09:00 ; elapsed = 00:08:24 . Memory (MB): peak = 7820.418 ; gain = 5167.578 ; free physical = 112067 ; free virtual = 153719
---------------------------------------------------------------------------------
