Info: *******************************************************************
Info: Running Quartus Prime Shell
    Info: Version 25.3.1 Build 100 12/19/2025 SC Pro Edition
    Info: Copyright (C) 2025  Altera Corporation. All rights reserved.
    Info: Your use of Altera Corporation's design tools, logic functions 
    Info: and other software and tools, and any partner logic 
    Info: functions, and any output files from any of the foregoing 
    Info: (including device programming or simulation files), and any 
    Info: associated documentation or information are expressly subject 
    Info: to the terms and conditions of the Altera Program License 
    Info: Subscription Agreement, the Altera Quartus Prime License Agreement,
    Info: the Altera IP License Agreement, or other applicable license
    Info: agreement, including, without limitation, that your use is for
    Info: the sole purpose of programming logic devices manufactured by
    Info: Altera and sold by Altera or its authorized distributors.  Please
    Info: refer to the Altera Software License Subscription Agreements 
    Info: on the Quartus Prime software download page.
    Info: Processing started: Mon Sep  7 04:29:25 2026
    Info: System process ID: 342595
Info: Command: quartus_sh -t /home/zg366/packet-scheduling/pifo-hardware/synthesis/create_project.tcl /data/work/rio-synthesis/journal-m20k/isolated-auto AGFB014R24B2E2V 8 10.0 /data/work/rio-synthesis/journal-m20k/isolated-auto/rtl
Info: Quartus(args): /data/work/rio-synthesis/journal-m20k/isolated-auto AGFB014R24B2E2V 8 10.0 /data/work/rio-synthesis/journal-m20k/isolated-auto/rtl
Info (125061): Changed top-level design entity name to "PifoMesh"
PIFO_DEVICE: AGFB014R24B2E2V (Agilex 7)
Info (23030): Evaluation of Tcl script /home/zg366/packet-scheduling/pifo-hardware/synthesis/create_project.tcl was successful
Info: Quartus Prime Shell was successful. 0 errors, 0 warnings
    Info: Peak virtual memory: 1359 megabytes
    Info: Processing ended: Mon Sep  7 04:29:26 2026
    Info: Elapsed time: 00:00:01
    Info: System process ID: 342595
