
****** Vivado v2025.2 (64-bit)
  **** SW Build 6299465 on Fri Nov 14 12:34:56 MST 2025
  **** IP Build 6300035 on Fri Nov 14 10:48:45 MST 2025
  **** SharedData Build 6298862 on Thu Nov 13 04:50:51 MST 2025
  **** Start of session at: Sun Sep  6 22:27:11 2026
    ** Copyright 1986-2022 Xilinx, Inc. All Rights Reserved.
    ** Copyright 2022-2025 Advanced Micro Devices, Inc. All Rights Reserved.

source probe.tcl
# set root [file dirname [file normalize [info script]]]
# lassign $argv mode
# set_param general.maxThreads 2
# create_project -in_memory -part xcku5p-ffvb676-2-e
# if {$mode eq "forced-block"} {
#   read_verilog -sv [file join $root memory_probe_block.sv]
# } else {
#   read_verilog -sv [file join $root memory_probe.sv]
# }
# if {$mode eq "downgrade"} { set_msg_config -id {Synth 8-5834} -new_severity WARNING }
# if {$mode eq "raised-limit"} {
#   synth_design -top memory_probe -mode out_of_context -directive RuntimeOptimized -max_bram 200000
# } else {
#   synth_design -top memory_probe -mode out_of_context -directive RuntimeOptimized
# }
Command: synth_design -top memory_probe -mode out_of_context -directive RuntimeOptimized
Starting synth_design
Using part: xcku5p-ffvb676-2-e
Attempting to get a license for feature 'Synthesis' and/or device 'xcku5p'
INFO: [Common 17-349] Got license for feature 'Synthesis' and/or device 'xcku5p'
INFO: [Synth 8-7079] Multithreading enabled for synth_design using a maximum of 2 processes.
INFO: [Synth 8-7078] Launching helper process for spawning children vivado processes
INFO: [Synth 8-7075] Helper process launched with PID 280770
---------------------------------------------------------------------------------
Starting Synthesize : Time (s): cpu = 00:00:05 ; elapsed = 00:00:05 . Memory (MB): peak = 2026.543 ; gain = 444.652 ; free physical = 45961 ; free virtual = 74222
---------------------------------------------------------------------------------
INFO: [Synth 8-6157] synthesizing module 'memory_probe' [/home/zg366/packet-scheduling/pifo-hardware/synthesis/build/vivado-resource-limit-probe/large-over-capacity/memory_probe_block.sv:1]
INFO: [Synth 8-6155] done synthesizing module 'memory_probe' (0#1) [/home/zg366/packet-scheduling/pifo-hardware/synthesis/build/vivado-resource-limit-probe/large-over-capacity/memory_probe_block.sv:1]
---------------------------------------------------------------------------------
Finished Synthesize : Time (s): cpu = 00:01:16 ; elapsed = 00:01:18 . Memory (MB): peak = 3868.949 ; gain = 2287.059 ; free physical = 41440 ; free virtual = 66666
---------------------------------------------------------------------------------
---------------------------------------------------------------------------------
Finished Constraint Validation : Time (s): cpu = 00:01:17 ; elapsed = 00:01:19 . Memory (MB): peak = 3868.949 ; gain = 2287.059 ; free physical = 41580 ; free virtual = 66629
---------------------------------------------------------------------------------
---------------------------------------------------------------------------------
Start Loading Part and Timing Information
---------------------------------------------------------------------------------
Loading part: xcku5p-ffvb676-2-e
INFO: [Synth 8-6742] Reading net delay rules and data
INFO: [Device 21-403] Loading part xcku5p-ffvb676-2-e
---------------------------------------------------------------------------------
Finished Loading Part and Timing Information : Time (s): cpu = 00:01:17 ; elapsed = 00:01:19 . Memory (MB): peak = 3868.949 ; gain = 2287.059 ; free physical = 41580 ; free virtual = 66630
---------------------------------------------------------------------------------
---------------------------------------------------------------------------------
Finished RTL Optimization Phase 2 : Time (s): cpu = 00:01:23 ; elapsed = 00:01:22 . Memory (MB): peak = 3868.949 ; gain = 2287.059 ; free physical = 42887 ; free virtual = 67689
---------------------------------------------------------------------------------
No constraint files found.
---------------------------------------------------------------------------------
Start RTL Component Statistics 
---------------------------------------------------------------------------------
Detailed RTL Component Info : 
+---Registers : 
	               32 Bit    Registers := 1     
+---RAMs : 
	           262144K Bit	(8388608 X 32 bit)          RAMs := 1     
---------------------------------------------------------------------------------
Finished RTL Component Statistics 
---------------------------------------------------------------------------------
---------------------------------------------------------------------------------
Start Part Resource Summary
---------------------------------------------------------------------------------
Part Resources:
DSPs: 1824 (col length:96)
BRAMs: 960 (col length: RAMB18 96 RAMB36 48)
---------------------------------------------------------------------------------
Finished Part Resource Summary
---------------------------------------------------------------------------------
No constraint files found.
---------------------------------------------------------------------------------
Start Cross Boundary and Area Optimization
---------------------------------------------------------------------------------
---------------------------------------------------------------------------------
Finished Cross Boundary and Area Optimization : Time (s): cpu = 00:01:56 ; elapsed = 00:01:56 . Memory (MB): peak = 3921.949 ; gain = 2340.059 ; free physical = 45993 ; free virtual = 66725
---------------------------------------------------------------------------------
ERROR: [Synth 8-5834] Design needs 14848 RAMB18 which is more than device capacity of 960

Report Cell Usage: 
+------+--------------+------+
|      |Cell          |Count |
+------+--------------+------+
|1     |GATE_2_14_OR  | 57382|
|2     |GATE_2_1_NOR  | 21582|
|3     |GATE_2_7_NAND | 32414|
|4     |GATE_2_8_AND  |  7454|
|5     |INV           |   210|
|6     |MUX1          | 12032|
|7     |RAMB36E2      |  7424|
|8     |FD            |    29|
+------+--------------+------+

Synthesis Optimization Runtime : Time (s): cpu = 00:01:57 ; elapsed = 00:01:56 . Memory (MB): peak = 3921.949 ; gain = 2340.059 ; free physical = 46002 ; free virtual = 66732
INFO: [Common 17-83] Releasing license: Synthesis
9 Infos, 0 Warnings, 0 Critical Warnings and 2 Errors encountered.
synth_design failed
synth_design: Time (s): cpu = 00:01:58 ; elapsed = 00:01:57 . Memory (MB): peak = 3921.957 ; gain = 2340.102 ; free physical = 46001 ; free virtual = 66730
INFO: [Common 17-2834] synth_design peak Physical Memory [PSS] (MB): overall = 3064.155; main = 2873.497; forked = 190.712
INFO: [Common 17-2834] synth_design peak Virtual Memory [VSS] (MB): overall = 4908.609; main = 3921.953; forked = 986.656
ERROR: [Common 17-69] Command failed: Vivado Synthesis failed
INFO: [Common 17-206] Exiting Vivado at Sun Sep  6 22:29:17 2026...
