Info (22747): Value AUTO_DISCOVERY for QSF Assignment PWRMGT_VOLTAGE_OUTPUT_FORMAT is not supported. Hence changing the value to LINEAR_FORMAT
Info: *******************************************************************
Info: Running Quartus Prime Synthesis
    Info: Version 25.3.1 Build 100 12/19/2025 SC Pro Edition
    Info: Copyright (C) 2025  Altera Corporation. All rights reserved.
    Info: Your use of Altera Corporation's design tools, logic functions 
    Info: and other software and tools, and any partner logic 
    Info: functions, and any output files from any of the foregoing 
    Info: (including device programming or simulation files), and any 
    Info: associated documentation or information are expressly subject 
    Info: to the terms and conditions of the Altera Program License 
    Info: Subscription Agreement, the Altera Quartus Prime License Agreement,
    Info: the Altera IP License Agreement, or other applicable license
    Info: agreement, including, without limitation, that your use is for
    Info: the sole purpose of programming logic devices manufactured by
    Info: Altera and sold by Altera or its authorized distributors.  Please
    Info: refer to the Altera Software License Subscription Agreements 
    Info: on the Quartus Prime software download page.
    Info: Processing started: Sun Sep  6 21:55:13 2026
    Info: System process ID: 259116
Info: Command: quartus_syn pifo
Info: qis_default_flow_script.tcl version: #2
Info: Initializing Synthesis...
Info: Project = "pifo"
Info: Revision = "pifo"
Info (21958): Initialized Quartus Message Database
Info: Analyzing source files
Critical Warning (20759): Use the Reset Release IP in Agilex 7 designs to ensure a successful configuration. For more information about the Reset Release IP, refer to the Configuration User Guide.
Info: Elaborating from top-level entity "PifoMesh"
Info (22567): Verilog HDL info at PifoMesh.v(144353): extracting RAM for identifier 'logic_ram' File: /data/work/rio-synthesis/hardware-overhead/pe5-v32-c1024-static-quartus/rtl/PifoMesh.v Line: 144353
Info (22567): Verilog HDL info at PifoMesh.v(13772): extracting RAM for identifier 'ram' File: /data/work/rio-synthesis/hardware-overhead/pe5-v32-c1024-static-quartus/rtl/PifoMesh.v Line: 13772
Info (25395): Verilog HDL info at PifoMesh.v(13776): readmemb: reading from file 'PifoMesh.v_toplevel_pifoEngines_0_enque_enqueMapper_ram.bin' File: /data/work/rio-synthesis/hardware-overhead/pe5-v32-c1024-static-quartus/rtl/PifoMesh.v Line: 13776
Info (22567): Verilog HDL info at PifoMesh.v(144198): extracting RAM for identifier 'logic_ram' File: /data/work/rio-synthesis/hardware-overhead/pe5-v32-c1024-static-quartus/rtl/PifoMesh.v Line: 144198
Info (22567): Verilog HDL info at PifoMesh.v(143993): extracting RAM for identifier 'ram' File: /data/work/rio-synthesis/hardware-overhead/pe5-v32-c1024-static-quartus/rtl/PifoMesh.v Line: 143993
Info (25395): Verilog HDL info at PifoMesh.v(143998): readmemb: reading from file 'PifoMesh.v_toplevel_pifoEngines_0_enque_brain_engineMapper_ram.bin' File: /data/work/rio-synthesis/hardware-overhead/pe5-v32-c1024-static-quartus/rtl/PifoMesh.v Line: 143998
Info (22567): Verilog HDL info at PifoMesh.v(143940): extracting RAM for identifier 'ram' File: /data/work/rio-synthesis/hardware-overhead/pe5-v32-c1024-static-quartus/rtl/PifoMesh.v Line: 143940
Info (25395): Verilog HDL info at PifoMesh.v(143945): readmemb: reading from file 'PifoMesh.v_toplevel_pifoEngines_0_enque_brain_lastVirtualMapper_ram.bin' File: /data/work/rio-synthesis/hardware-overhead/pe5-v32-c1024-static-quartus/rtl/PifoMesh.v Line: 143945
Info (22567): Verilog HDL info at PifoMesh.v(143887): extracting RAM for identifier 'ram' File: /data/work/rio-synthesis/hardware-overhead/pe5-v32-c1024-static-quartus/rtl/PifoMesh.v Line: 143887
Info (25395): Verilog HDL info at PifoMesh.v(143892): readmemb: reading from file 'PifoMesh.v_toplevel_pifoEngines_0_enque_brain_engineCAM_ram.bin' File: /data/work/rio-synthesis/hardware-overhead/pe5-v32-c1024-static-quartus/rtl/PifoMesh.v Line: 143892
Info (22567): Verilog HDL info at PifoMesh.v(145204): extracting RAM for identifier 'logic_ram' File: /data/work/rio-synthesis/hardware-overhead/pe5-v32-c1024-static-quartus/rtl/PifoMesh.v Line: 145204
Info (22567): Verilog HDL info at PifoMesh.v(143716): extracting RAM for identifier 'ram' File: /data/work/rio-synthesis/hardware-overhead/pe5-v32-c1024-static-quartus/rtl/PifoMesh.v Line: 143716
Info (25395): Verilog HDL info at PifoMesh.v(143721): readmemb: reading from file 'PifoMesh.v_toplevel_pifoEngines_0_enque_brain_brainStateMem_ram.bin' File: /data/work/rio-synthesis/hardware-overhead/pe5-v32-c1024-static-quartus/rtl/PifoMesh.v Line: 143721
Info (22567): Verilog HDL info at PifoMesh.v(145059): extracting RAM for identifier 'logic_ram' File: /data/work/rio-synthesis/hardware-overhead/pe5-v32-c1024-static-quartus/rtl/PifoMesh.v Line: 145059
Info (22567): Verilog HDL info at PifoMesh.v(144925): extracting RAM for identifier 'logic_ram' File: /data/work/rio-synthesis/hardware-overhead/pe5-v32-c1024-static-quartus/rtl/PifoMesh.v Line: 144925
Info (22567): Verilog HDL info at PifoMesh.v(144797): extracting RAM for identifier 'logic_ram' File: /data/work/rio-synthesis/hardware-overhead/pe5-v32-c1024-static-quartus/rtl/PifoMesh.v Line: 144797
Info (22567): Verilog HDL info at PifoMesh.v(144667): extracting RAM for identifier 'logic_ram' File: /data/work/rio-synthesis/hardware-overhead/pe5-v32-c1024-static-quartus/rtl/PifoMesh.v Line: 144667
Info (22567): Verilog HDL info at PifoMesh.v(144528): extracting RAM for identifier 'logic_ram' File: /data/work/rio-synthesis/hardware-overhead/pe5-v32-c1024-static-quartus/rtl/PifoMesh.v Line: 144528
Info (22567): Verilog HDL info at PifoMesh.v(12607): extracting RAM for identifier 'ram' File: /data/work/rio-synthesis/hardware-overhead/pe5-v32-c1024-static-quartus/rtl/PifoMesh.v Line: 12607
Info (25395): Verilog HDL info at PifoMesh.v(12611): readmemb: reading from file 'PifoMesh.v_toplevel_pifoEngines_0_deque_dequeMapper_ram.bin' File: /data/work/rio-synthesis/hardware-overhead/pe5-v32-c1024-static-quartus/rtl/PifoMesh.v Line: 12611
Info (22567): Verilog HDL info at PifoMesh.v(143117): extracting RAM for identifier 'logic_ram' File: /data/work/rio-synthesis/hardware-overhead/pe5-v32-c1024-static-quartus/rtl/PifoMesh.v Line: 143117
Info (22567): Verilog HDL info at PifoMesh.v(10634): extracting RAM for identifier 'ram' File: /data/work/rio-synthesis/hardware-overhead/pe5-v32-c1024-static-quartus/rtl/PifoMesh.v Line: 10634
Info (25395): Verilog HDL info at PifoMesh.v(10638): readmemb: reading from file 'PifoMesh.v_toplevel_pifoEngines_1_enque_enqueMapper_ram.bin' File: /data/work/rio-synthesis/hardware-overhead/pe5-v32-c1024-static-quartus/rtl/PifoMesh.v Line: 10638
Info (22567): Verilog HDL info at PifoMesh.v(143023): extracting RAM for identifier 'ram' File: /data/work/rio-synthesis/hardware-overhead/pe5-v32-c1024-static-quartus/rtl/PifoMesh.v Line: 143023
Info (25395): Verilog HDL info at PifoMesh.v(143028): readmemb: reading from file 'PifoMesh.v_toplevel_pifoEngines_1_enque_brain_engineMapper_ram.bin' File: /data/work/rio-synthesis/hardware-overhead/pe5-v32-c1024-static-quartus/rtl/PifoMesh.v Line: 143028
Info (22567): Verilog HDL info at PifoMesh.v(142970): extracting RAM for identifier 'ram' File: /data/work/rio-synthesis/hardware-overhead/pe5-v32-c1024-static-quartus/rtl/PifoMesh.v Line: 142970
Info (25395): Verilog HDL info at PifoMesh.v(142975): readmemb: reading from file 'PifoMesh.v_toplevel_pifoEngines_1_enque_brain_lastVirtualMapper_ram.bin' File: /data/work/rio-synthesis/hardware-overhead/pe5-v32-c1024-static-quartus/rtl/PifoMesh.v Line: 142975
Info (22567): Verilog HDL info at PifoMesh.v(142917): extracting RAM for identifier 'ram' File: /data/work/rio-synthesis/hardware-overhead/pe5-v32-c1024-static-quartus/rtl/PifoMesh.v Line: 142917
Info (25395): Verilog HDL info at PifoMesh.v(142922): readmemb: reading from file 'PifoMesh.v_toplevel_pifoEngines_1_enque_brain_engineCAM_ram.bin' File: /data/work/rio-synthesis/hardware-overhead/pe5-v32-c1024-static-quartus/rtl/PifoMesh.v Line: 142922
Info (22567): Verilog HDL info at PifoMesh.v(142860): extracting RAM for identifier 'ram' File: /data/work/rio-synthesis/hardware-overhead/pe5-v32-c1024-static-quartus/rtl/PifoMesh.v Line: 142860
Info (25395): Verilog HDL info at PifoMesh.v(142865): readmemb: reading from file 'PifoMesh.v_toplevel_pifoEngines_1_enque_brain_brainStateMem_ram.bin' File: /data/work/rio-synthesis/hardware-overhead/pe5-v32-c1024-static-quartus/rtl/PifoMesh.v Line: 142865
Info (22567): Verilog HDL info at PifoMesh.v(9514): extracting RAM for identifier 'ram' File: /data/work/rio-synthesis/hardware-overhead/pe5-v32-c1024-static-quartus/rtl/PifoMesh.v Line: 9514
Info (25395): Verilog HDL info at PifoMesh.v(9518): readmemb: reading from file 'PifoMesh.v_toplevel_pifoEngines_1_deque_dequeMapper_ram.bin' File: /data/work/rio-synthesis/hardware-overhead/pe5-v32-c1024-static-quartus/rtl/PifoMesh.v Line: 9518
Info (22567): Verilog HDL info at PifoMesh.v(9449): extracting RAM for identifier 'ram' File: /data/work/rio-synthesis/hardware-overhead/pe5-v32-c1024-static-quartus/rtl/PifoMesh.v Line: 9449
Info (25395): Verilog HDL info at PifoMesh.v(9453): readmemb: reading from file 'PifoMesh.v_toplevel_pifoEngines_2_enque_enqueMapper_ram.bin' File: /data/work/rio-synthesis/hardware-overhead/pe5-v32-c1024-static-quartus/rtl/PifoMesh.v Line: 9453
Info (22567): Verilog HDL info at PifoMesh.v(142785): extracting RAM for identifier 'ram' File: /data/work/rio-synthesis/hardware-overhead/pe5-v32-c1024-static-quartus/rtl/PifoMesh.v Line: 142785
Info (25395): Verilog HDL info at PifoMesh.v(142790): readmemb: reading from file 'PifoMesh.v_toplevel_pifoEngines_2_enque_brain_engineMapper_ram.bin' File: /data/work/rio-synthesis/hardware-overhead/pe5-v32-c1024-static-quartus/rtl/PifoMesh.v Line: 142790
Info (22567): Verilog HDL info at PifoMesh.v(142732): extracting RAM for identifier 'ram' File: /data/work/rio-synthesis/hardware-overhead/pe5-v32-c1024-static-quartus/rtl/PifoMesh.v Line: 142732
Info (25395): Verilog HDL info at PifoMesh.v(142737): readmemb: reading from file 'PifoMesh.v_toplevel_pifoEngines_2_enque_brain_lastVirtualMapper_ram.bin' File: /data/work/rio-synthesis/hardware-overhead/pe5-v32-c1024-static-quartus/rtl/PifoMesh.v Line: 142737
Info (22567): Verilog HDL info at PifoMesh.v(142679): extracting RAM for identifier 'ram' File: /data/work/rio-synthesis/hardware-overhead/pe5-v32-c1024-static-quartus/rtl/PifoMesh.v Line: 142679
Info (25395): Verilog HDL info at PifoMesh.v(142684): readmemb: reading from file 'PifoMesh.v_toplevel_pifoEngines_2_enque_brain_engineCAM_ram.bin' File: /data/work/rio-synthesis/hardware-overhead/pe5-v32-c1024-static-quartus/rtl/PifoMesh.v Line: 142684
Info (22567): Verilog HDL info at PifoMesh.v(142622): extracting RAM for identifier 'ram' File: /data/work/rio-synthesis/hardware-overhead/pe5-v32-c1024-static-quartus/rtl/PifoMesh.v Line: 142622
Info (25395): Verilog HDL info at PifoMesh.v(142627): readmemb: reading from file 'PifoMesh.v_toplevel_pifoEngines_2_enque_brain_brainStateMem_ram.bin' File: /data/work/rio-synthesis/hardware-overhead/pe5-v32-c1024-static-quartus/rtl/PifoMesh.v Line: 142627
Info (22567): Verilog HDL info at PifoMesh.v(8329): extracting RAM for identifier 'ram' File: /data/work/rio-synthesis/hardware-overhead/pe5-v32-c1024-static-quartus/rtl/PifoMesh.v Line: 8329
Info (25395): Verilog HDL info at PifoMesh.v(8333): readmemb: reading from file 'PifoMesh.v_toplevel_pifoEngines_2_deque_dequeMapper_ram.bin' File: /data/work/rio-synthesis/hardware-overhead/pe5-v32-c1024-static-quartus/rtl/PifoMesh.v Line: 8333
Info (22567): Verilog HDL info at PifoMesh.v(8264): extracting RAM for identifier 'ram' File: /data/work/rio-synthesis/hardware-overhead/pe5-v32-c1024-static-quartus/rtl/PifoMesh.v Line: 8264
Info (25395): Verilog HDL info at PifoMesh.v(8268): readmemb: reading from file 'PifoMesh.v_toplevel_pifoEngines_3_enque_enqueMapper_ram.bin' File: /data/work/rio-synthesis/hardware-overhead/pe5-v32-c1024-static-quartus/rtl/PifoMesh.v Line: 8268
Info (22567): Verilog HDL info at PifoMesh.v(142547): extracting RAM for identifier 'ram' File: /data/work/rio-synthesis/hardware-overhead/pe5-v32-c1024-static-quartus/rtl/PifoMesh.v Line: 142547
Info (25395): Verilog HDL info at PifoMesh.v(142552): readmemb: reading from file 'PifoMesh.v_toplevel_pifoEngines_3_enque_brain_engineMapper_ram.bin' File: /data/work/rio-synthesis/hardware-overhead/pe5-v32-c1024-static-quartus/rtl/PifoMesh.v Line: 142552
Info (22567): Verilog HDL info at PifoMesh.v(142494): extracting RAM for identifier 'ram' File: /data/work/rio-synthesis/hardware-overhead/pe5-v32-c1024-static-quartus/rtl/PifoMesh.v Line: 142494
Info (25395): Verilog HDL info at PifoMesh.v(142499): readmemb: reading from file 'PifoMesh.v_toplevel_pifoEngines_3_enque_brain_lastVirtualMapper_ram.bin' File: /data/work/rio-synthesis/hardware-overhead/pe5-v32-c1024-static-quartus/rtl/PifoMesh.v Line: 142499
Info (22567): Verilog HDL info at PifoMesh.v(142441): extracting RAM for identifier 'ram' File: /data/work/rio-synthesis/hardware-overhead/pe5-v32-c1024-static-quartus/rtl/PifoMesh.v Line: 142441
Info (25395): Verilog HDL info at PifoMesh.v(142446): readmemb: reading from file 'PifoMesh.v_toplevel_pifoEngines_3_enque_brain_engineCAM_ram.bin' File: /data/work/rio-synthesis/hardware-overhead/pe5-v32-c1024-static-quartus/rtl/PifoMesh.v Line: 142446
Info (22567): Verilog HDL info at PifoMesh.v(142384): extracting RAM for identifier 'ram' File: /data/work/rio-synthesis/hardware-overhead/pe5-v32-c1024-static-quartus/rtl/PifoMesh.v Line: 142384
Info (25395): Verilog HDL info at PifoMesh.v(142389): readmemb: reading from file 'PifoMesh.v_toplevel_pifoEngines_3_enque_brain_brainStateMem_ram.bin' File: /data/work/rio-synthesis/hardware-overhead/pe5-v32-c1024-static-quartus/rtl/PifoMesh.v Line: 142389
Info (22567): Verilog HDL info at PifoMesh.v(7144): extracting RAM for identifier 'ram' File: /data/work/rio-synthesis/hardware-overhead/pe5-v32-c1024-static-quartus/rtl/PifoMesh.v Line: 7144
Info (25395): Verilog HDL info at PifoMesh.v(7148): readmemb: reading from file 'PifoMesh.v_toplevel_pifoEngines_3_deque_dequeMapper_ram.bin' File: /data/work/rio-synthesis/hardware-overhead/pe5-v32-c1024-static-quartus/rtl/PifoMesh.v Line: 7148
Info (22567): Verilog HDL info at PifoMesh.v(7079): extracting RAM for identifier 'ram' File: /data/work/rio-synthesis/hardware-overhead/pe5-v32-c1024-static-quartus/rtl/PifoMesh.v Line: 7079
Info (25395): Verilog HDL info at PifoMesh.v(7083): readmemb: reading from file 'PifoMesh.v_toplevel_pifoEngines_4_enque_enqueMapper_ram.bin' File: /data/work/rio-synthesis/hardware-overhead/pe5-v32-c1024-static-quartus/rtl/PifoMesh.v Line: 7083
Info (22567): Verilog HDL info at PifoMesh.v(142309): extracting RAM for identifier 'ram' File: /data/work/rio-synthesis/hardware-overhead/pe5-v32-c1024-static-quartus/rtl/PifoMesh.v Line: 142309
Info (25395): Verilog HDL info at PifoMesh.v(142314): readmemb: reading from file 'PifoMesh.v_toplevel_pifoEngines_4_enque_brain_engineMapper_ram.bin' File: /data/work/rio-synthesis/hardware-overhead/pe5-v32-c1024-static-quartus/rtl/PifoMesh.v Line: 142314
Info (22567): Verilog HDL info at PifoMesh.v(142256): extracting RAM for identifier 'ram' File: /data/work/rio-synthesis/hardware-overhead/pe5-v32-c1024-static-quartus/rtl/PifoMesh.v Line: 142256
Info (25395): Verilog HDL info at PifoMesh.v(142261): readmemb: reading from file 'PifoMesh.v_toplevel_pifoEngines_4_enque_brain_lastVirtualMapper_ram.bin' File: /data/work/rio-synthesis/hardware-overhead/pe5-v32-c1024-static-quartus/rtl/PifoMesh.v Line: 142261
Info (22567): Verilog HDL info at PifoMesh.v(142203): extracting RAM for identifier 'ram' File: /data/work/rio-synthesis/hardware-overhead/pe5-v32-c1024-static-quartus/rtl/PifoMesh.v Line: 142203
Info (25395): Verilog HDL info at PifoMesh.v(142208): readmemb: reading from file 'PifoMesh.v_toplevel_pifoEngines_4_enque_brain_engineCAM_ram.bin' File: /data/work/rio-synthesis/hardware-overhead/pe5-v32-c1024-static-quartus/rtl/PifoMesh.v Line: 142208
Info (22567): Verilog HDL info at PifoMesh.v(142146): extracting RAM for identifier 'ram' File: /data/work/rio-synthesis/hardware-overhead/pe5-v32-c1024-static-quartus/rtl/PifoMesh.v Line: 142146
Info (25395): Verilog HDL info at PifoMesh.v(142151): readmemb: reading from file 'PifoMesh.v_toplevel_pifoEngines_4_enque_brain_brainStateMem_ram.bin' File: /data/work/rio-synthesis/hardware-overhead/pe5-v32-c1024-static-quartus/rtl/PifoMesh.v Line: 142151
Info (22567): Verilog HDL info at PifoMesh.v(5959): extracting RAM for identifier 'ram' File: /data/work/rio-synthesis/hardware-overhead/pe5-v32-c1024-static-quartus/rtl/PifoMesh.v Line: 5959
Info (25395): Verilog HDL info at PifoMesh.v(5963): readmemb: reading from file 'PifoMesh.v_toplevel_pifoEngines_4_deque_dequeMapper_ram.bin' File: /data/work/rio-synthesis/hardware-overhead/pe5-v32-c1024-static-quartus/rtl/PifoMesh.v Line: 5963
Info (22567): Verilog HDL info at PifoMesh.v(797): extracting RAM for identifier 'logic_ram' File: /data/work/rio-synthesis/hardware-overhead/pe5-v32-c1024-static-quartus/rtl/PifoMesh.v Line: 797
Info: Found 72 design entities
Info: There are 213 partitions after elaboration.
Info: DA report generation in native DNI mode
Info (21615): Running Design Assistant Rules for snapshot 'partitioned'
Info: No waiver waived any violations
Info (22360): Design Assistant Results: 8 of 10 enabled rules passed, and 1 rules was disabled, in snapshot 'partitioned'
Warning (21620): Design Assistant Results: 1 of 1 High severity rules issued violations in snapshot 'partitioned'. Please refer to DRC report '/data/work/rio-synthesis/hardware-overhead/pe5-v32-c1024-static-quartus/output_files/pifo.drc.partitioned.rpt' for more information
Info (21621): Design Assistant Results: 1 of 1 Medium severity rules issued violations in snapshot 'partitioned'. Please refer to DRC report '/data/work/rio-synthesis/hardware-overhead/pe5-v32-c1024-static-quartus/output_files/pifo.drc.partitioned.rpt' for more information
Info (21622): Design Assistant Results: 0 of 8 Low severity rules issued violations in snapshot 'partitioned'
Warning (23762): Hierarchies were optimized away during sweep. For details, refer to " Hierarchies Optimized Away During Sweep " report.
Info: Synthesizing partition "root_partition"
Warning (276020): Inferred RAM node "xbar|io_inputs_0_fifo|fifo|logic_ram_rtl_0" from synchronous design logic.  Pass-through logic has been added to match the read-during-write behavior of the original design. File: /data/work/rio-synthesis/hardware-overhead/pe5-v32-c1024-static-quartus/rtl/PifoMesh.v Line: 144353
Warning (276020): Inferred RAM node "xbar|io_inputs_1_fifo|fifo|logic_ram_rtl_0" from synchronous design logic.  Pass-through logic has been added to match the read-during-write behavior of the original design. File: /data/work/rio-synthesis/hardware-overhead/pe5-v32-c1024-static-quartus/rtl/PifoMesh.v Line: 144353
Warning (276020): Inferred RAM node "xbar|io_inputs_2_fifo|fifo|logic_ram_rtl_0" from synchronous design logic.  Pass-through logic has been added to match the read-during-write behavior of the original design. File: /data/work/rio-synthesis/hardware-overhead/pe5-v32-c1024-static-quartus/rtl/PifoMesh.v Line: 144353
Warning (276020): Inferred RAM node "xbar|io_inputs_3_fifo|fifo|logic_ram_rtl_0" from synchronous design logic.  Pass-through logic has been added to match the read-during-write behavior of the original design. File: /data/work/rio-synthesis/hardware-overhead/pe5-v32-c1024-static-quartus/rtl/PifoMesh.v Line: 144353
Warning (276020): Inferred RAM node "xbar|io_inputs_4_fifo|fifo|logic_ram_rtl_0" from synchronous design logic.  Pass-through logic has been added to match the read-during-write behavior of the original design. File: /data/work/rio-synthesis/hardware-overhead/pe5-v32-c1024-static-quartus/rtl/PifoMesh.v Line: 144353
Warning (276020): Inferred RAM node "xbar|io_inputs_5_fifo|fifo|logic_ram_rtl_0" from synchronous design logic.  Pass-through logic has been added to match the read-during-write behavior of the original design. File: /data/work/rio-synthesis/hardware-overhead/pe5-v32-c1024-static-quartus/rtl/PifoMesh.v Line: 144353
Info (276014): Found 20 instances of uninferred RAM logic
    Info (276004): RAM logic "pifoEngines_0|enque_brain|flowStateUpdate_toStream_fifo|fifo|logic_ram" is uninferred due to inappropriate RAM size File: /data/work/rio-synthesis/hardware-overhead/pe5-v32-c1024-static-quartus/rtl/PifoMesh.v Line: 145204
    Info (276004): RAM logic "pifoEngines_0|enque_brain|brainStateUpdate_toStream_fifo|fifo|logic_ram" is uninferred due to inappropriate RAM size File: /data/work/rio-synthesis/hardware-overhead/pe5-v32-c1024-static-quartus/rtl/PifoMesh.v Line: 145059
    Info (276004): RAM logic "pifoEngines_0|enque_brain|brainStateMem_io_readRes_toStream_fifo|fifo|logic_ram" is uninferred due to inappropriate RAM size File: /data/work/rio-synthesis/hardware-overhead/pe5-v32-c1024-static-quartus/rtl/PifoMesh.v Line: 144797
    Info (276004): RAM logic "pifoEngines_0|enque_brain|engineCAM_io_readRes_toStream_fifo|fifo|logic_ram" is uninferred due to inappropriate RAM size File: /data/work/rio-synthesis/hardware-overhead/pe5-v32-c1024-static-quartus/rtl/PifoMesh.v Line: 144797
    Info (276004): RAM logic "pifoEngines_1|enque_brain|flowStateUpdate_toStream_fifo|fifo|logic_ram" is uninferred due to inappropriate RAM size File: /data/work/rio-synthesis/hardware-overhead/pe5-v32-c1024-static-quartus/rtl/PifoMesh.v Line: 145204
    Info (276004): RAM logic "pifoEngines_1|enque_brain|brainStateUpdate_toStream_fifo|fifo|logic_ram" is uninferred due to inappropriate RAM size File: /data/work/rio-synthesis/hardware-overhead/pe5-v32-c1024-static-quartus/rtl/PifoMesh.v Line: 145059
    Info (276004): RAM logic "pifoEngines_1|enque_brain|brainStateMem_io_readRes_toStream_fifo|fifo|logic_ram" is uninferred due to inappropriate RAM size File: /data/work/rio-synthesis/hardware-overhead/pe5-v32-c1024-static-quartus/rtl/PifoMesh.v Line: 144797
    Info (276004): RAM logic "pifoEngines_1|enque_brain|engineCAM_io_readRes_toStream_fifo|fifo|logic_ram" is uninferred due to inappropriate RAM size File: /data/work/rio-synthesis/hardware-overhead/pe5-v32-c1024-static-quartus/rtl/PifoMesh.v Line: 144797
    Info (276004): RAM logic "pifoEngines_2|enque_brain|flowStateUpdate_toStream_fifo|fifo|logic_ram" is uninferred due to inappropriate RAM size File: /data/work/rio-synthesis/hardware-overhead/pe5-v32-c1024-static-quartus/rtl/PifoMesh.v Line: 145204
    Info (276004): RAM logic "pifoEngines_2|enque_brain|brainStateUpdate_toStream_fifo|fifo|logic_ram" is uninferred due to inappropriate RAM size File: /data/work/rio-synthesis/hardware-overhead/pe5-v32-c1024-static-quartus/rtl/PifoMesh.v Line: 145059
    Info (276004): RAM logic "pifoEngines_2|enque_brain|brainStateMem_io_readRes_toStream_fifo|fifo|logic_ram" is uninferred due to inappropriate RAM size File: /data/work/rio-synthesis/hardware-overhead/pe5-v32-c1024-static-quartus/rtl/PifoMesh.v Line: 144797
    Info (276004): RAM logic "pifoEngines_2|enque_brain|engineCAM_io_readRes_toStream_fifo|fifo|logic_ram" is uninferred due to inappropriate RAM size File: /data/work/rio-synthesis/hardware-overhead/pe5-v32-c1024-static-quartus/rtl/PifoMesh.v Line: 144797
    Info (276004): RAM logic "pifoEngines_3|enque_brain|flowStateUpdate_toStream_fifo|fifo|logic_ram" is uninferred due to inappropriate RAM size File: /data/work/rio-synthesis/hardware-overhead/pe5-v32-c1024-static-quartus/rtl/PifoMesh.v Line: 145204
    Info (276004): RAM logic "pifoEngines_3|enque_brain|brainStateUpdate_toStream_fifo|fifo|logic_ram" is uninferred due to inappropriate RAM size File: /data/work/rio-synthesis/hardware-overhead/pe5-v32-c1024-static-quartus/rtl/PifoMesh.v Line: 145059
    Info (276004): RAM logic "pifoEngines_3|enque_brain|brainStateMem_io_readRes_toStream_fifo|fifo|logic_ram" is uninferred due to inappropriate RAM size File: /data/work/rio-synthesis/hardware-overhead/pe5-v32-c1024-static-quartus/rtl/PifoMesh.v Line: 144797
    Info (276004): RAM logic "pifoEngines_3|enque_brain|engineCAM_io_readRes_toStream_fifo|fifo|logic_ram" is uninferred due to inappropriate RAM size File: /data/work/rio-synthesis/hardware-overhead/pe5-v32-c1024-static-quartus/rtl/PifoMesh.v Line: 144797
    Info (276004): RAM logic "pifoEngines_4|enque_brain|flowStateUpdate_toStream_fifo|fifo|logic_ram" is uninferred due to inappropriate RAM size File: /data/work/rio-synthesis/hardware-overhead/pe5-v32-c1024-static-quartus/rtl/PifoMesh.v Line: 145204
    Info (276004): RAM logic "pifoEngines_4|enque_brain|brainStateUpdate_toStream_fifo|fifo|logic_ram" is uninferred due to inappropriate RAM size File: /data/work/rio-synthesis/hardware-overhead/pe5-v32-c1024-static-quartus/rtl/PifoMesh.v Line: 145059
    Info (276004): RAM logic "pifoEngines_4|enque_brain|brainStateMem_io_readRes_toStream_fifo|fifo|logic_ram" is uninferred due to inappropriate RAM size File: /data/work/rio-synthesis/hardware-overhead/pe5-v32-c1024-static-quartus/rtl/PifoMesh.v Line: 144797
    Info (276004): RAM logic "pifoEngines_4|enque_brain|engineCAM_io_readRes_toStream_fifo|fifo|logic_ram" is uninferred due to inappropriate RAM size File: /data/work/rio-synthesis/hardware-overhead/pe5-v32-c1024-static-quartus/rtl/PifoMesh.v Line: 144797
Info (19000): Inferred 37 megafunctions from design logic
    Info (276029): Inferred altsyncram megafunction from the following design logic: "io_controlRequest_fifo|logic_ram_rtl_0"  File: /data/work/rio-synthesis/hardware-overhead/pe5-v32-c1024-static-quartus/rtl/PifoMesh.v Line: 797
        Info (286033): Parameter OPERATION_MODE set to DUAL_PORT
        Info (286033): Parameter WIDTH_A set to 51
        Info (286033): Parameter WIDTHAD_A set to 2
        Info (286033): Parameter NUMWORDS_A set to 4
        Info (286033): Parameter WIDTH_B set to 51
        Info (286033): Parameter WIDTHAD_B set to 2
        Info (286033): Parameter NUMWORDS_B set to 4
        Info (286033): Parameter ADDRESS_ACLR_A set to NONE
        Info (286033): Parameter OUTDATA_REG_B set to UNREGISTERED
        Info (286033): Parameter ADDRESS_ACLR_B set to NONE
        Info (286033): Parameter OUTDATA_ACLR_B set to NONE
        Info (286033): Parameter ADDRESS_REG_B set to CLOCK0
        Info (286033): Parameter INDATA_ACLR_A set to NONE
        Info (286033): Parameter WRCONTROL_ACLR_A set to NONE
        Info (286033): Parameter READ_DURING_WRITE_MODE_MIXED_PORTS set to OLD_DATA
        Info (286033): Parameter RDCONTROL_REG_B set to CLOCK0
    Info (276029): Inferred altsyncram megafunction from the following design logic: "pifoEngines_0|enque_enqueMapper|ram_rtl_0"  File: /data/work/rio-synthesis/hardware-overhead/pe5-v32-c1024-static-quartus/rtl/PifoMesh.v Line: 13772
        Info (286033): Parameter OPERATION_MODE set to DUAL_PORT
        Info (286033): Parameter WIDTH_A set to 5
        Info (286033): Parameter WIDTHAD_A set to 5
        Info (286033): Parameter NUMWORDS_A set to 32
        Info (286033): Parameter WIDTH_B set to 5
        Info (286033): Parameter WIDTHAD_B set to 5
        Info (286033): Parameter NUMWORDS_B set to 32
        Info (286033): Parameter ADDRESS_ACLR_A set to NONE
        Info (286033): Parameter OUTDATA_REG_B set to UNREGISTERED
        Info (286033): Parameter ADDRESS_ACLR_B set to NONE
        Info (286033): Parameter OUTDATA_ACLR_B set to NONE
        Info (286033): Parameter ADDRESS_REG_B set to CLOCK0
        Info (286033): Parameter INDATA_ACLR_A set to NONE
        Info (286033): Parameter WRCONTROL_ACLR_A set to NONE
        Info (286033): Parameter INIT_FILE set to qdb/_compiler/pifo/root_partition/25.3.1/partitioned/1/mifs/ram0_PifoMesh_a88d83e7.hdl.mif
        Info (286033): Parameter READ_DURING_WRITE_MODE_MIXED_PORTS set to OLD_DATA
        Info (286033): Parameter RDCONTROL_REG_B set to CLOCK0
    Info (276029): Inferred altsyncram megafunction from the following design logic: "pifoEngines_0|deque_dequeMapper|ram_rtl_0"  File: /data/work/rio-synthesis/hardware-overhead/pe5-v32-c1024-static-quartus/rtl/PifoMesh.v Line: 12607
        Info (286033): Parameter OPERATION_MODE set to DUAL_PORT
        Info (286033): Parameter WIDTH_A set to 8
        Info (286033): Parameter WIDTHAD_A set to 13
        Info (286033): Parameter NUMWORDS_A set to 8192
        Info (286033): Parameter WIDTH_B set to 8
        Info (286033): Parameter WIDTHAD_B set to 13
        Info (286033): Parameter NUMWORDS_B set to 8192
        Info (286033): Parameter ADDRESS_ACLR_A set to NONE
        Info (286033): Parameter OUTDATA_REG_B set to UNREGISTERED
        Info (286033): Parameter ADDRESS_ACLR_B set to NONE
        Info (286033): Parameter OUTDATA_ACLR_B set to NONE
        Info (286033): Parameter ADDRESS_REG_B set to CLOCK0
        Info (286033): Parameter INDATA_ACLR_A set to NONE
        Info (286033): Parameter WRCONTROL_ACLR_A set to NONE
        Info (286033): Parameter INIT_FILE set to qdb/_compiler/pifo/root_partition/25.3.1/partitioned/1/mifs/ram1_PifoMesh_a88d83e7.hdl.mif
        Info (286033): Parameter READ_DURING_WRITE_MODE_MIXED_PORTS set to OLD_DATA
        Info (286033): Parameter RDCONTROL_REG_B set to CLOCK0
    Info (276029): Inferred altsyncram megafunction from the following design logic: "pifoEngines_1|enque_enqueMapper|ram_rtl_0"  File: /data/work/rio-synthesis/hardware-overhead/pe5-v32-c1024-static-quartus/rtl/PifoMesh.v Line: 10634
        Info (286033): Parameter OPERATION_MODE set to DUAL_PORT
        Info (286033): Parameter WIDTH_A set to 5
        Info (286033): Parameter WIDTHAD_A set to 5
        Info (286033): Parameter NUMWORDS_A set to 32
        Info (286033): Parameter WIDTH_B set to 5
        Info (286033): Parameter WIDTHAD_B set to 5
        Info (286033): Parameter NUMWORDS_B set to 32
        Info (286033): Parameter ADDRESS_ACLR_A set to NONE
        Info (286033): Parameter OUTDATA_REG_B set to UNREGISTERED
        Info (286033): Parameter ADDRESS_ACLR_B set to NONE
        Info (286033): Parameter OUTDATA_ACLR_B set to NONE
        Info (286033): Parameter ADDRESS_REG_B set to CLOCK0
        Info (286033): Parameter INDATA_ACLR_A set to NONE
        Info (286033): Parameter WRCONTROL_ACLR_A set to NONE
        Info (286033): Parameter INIT_FILE set to qdb/_compiler/pifo/root_partition/25.3.1/partitioned/1/mifs/ram2_PifoMesh_a88d83e7.hdl.mif
        Info (286033): Parameter READ_DURING_WRITE_MODE_MIXED_PORTS set to OLD_DATA
        Info (286033): Parameter RDCONTROL_REG_B set to CLOCK0
    Info (276029): Inferred altsyncram megafunction from the following design logic: "pifoEngines_1|deque_dequeMapper|ram_rtl_0"  File: /data/work/rio-synthesis/hardware-overhead/pe5-v32-c1024-static-quartus/rtl/PifoMesh.v Line: 9514
        Info (286033): Parameter OPERATION_MODE set to DUAL_PORT
        Info (286033): Parameter WIDTH_A set to 8
        Info (286033): Parameter WIDTHAD_A set to 13
        Info (286033): Parameter NUMWORDS_A set to 8192
        Info (286033): Parameter WIDTH_B set to 8
        Info (286033): Parameter WIDTHAD_B set to 13
        Info (286033): Parameter NUMWORDS_B set to 8192
        Info (286033): Parameter ADDRESS_ACLR_A set to NONE
        Info (286033): Parameter OUTDATA_REG_B set to UNREGISTERED
        Info (286033): Parameter ADDRESS_ACLR_B set to NONE
        Info (286033): Parameter OUTDATA_ACLR_B set to NONE
        Info (286033): Parameter ADDRESS_REG_B set to CLOCK0
        Info (286033): Parameter INDATA_ACLR_A set to NONE
        Info (286033): Parameter WRCONTROL_ACLR_A set to NONE
        Info (286033): Parameter INIT_FILE set to qdb/_compiler/pifo/root_partition/25.3.1/partitioned/1/mifs/ram3_PifoMesh_a88d83e7.hdl.mif
        Info (286033): Parameter READ_DURING_WRITE_MODE_MIXED_PORTS set to OLD_DATA
        Info (286033): Parameter RDCONTROL_REG_B set to CLOCK0
    Info (276029): Inferred altsyncram megafunction from the following design logic: "pifoEngines_2|enque_enqueMapper|ram_rtl_0"  File: /data/work/rio-synthesis/hardware-overhead/pe5-v32-c1024-static-quartus/rtl/PifoMesh.v Line: 9449
        Info (286033): Parameter OPERATION_MODE set to DUAL_PORT
        Info (286033): Parameter WIDTH_A set to 5
        Info (286033): Parameter WIDTHAD_A set to 5
        Info (286033): Parameter NUMWORDS_A set to 32
        Info (286033): Parameter WIDTH_B set to 5
        Info (286033): Parameter WIDTHAD_B set to 5
        Info (286033): Parameter NUMWORDS_B set to 32
        Info (286033): Parameter ADDRESS_ACLR_A set to NONE
        Info (286033): Parameter OUTDATA_REG_B set to UNREGISTERED
        Info (286033): Parameter ADDRESS_ACLR_B set to NONE
        Info (286033): Parameter OUTDATA_ACLR_B set to NONE
        Info (286033): Parameter ADDRESS_REG_B set to CLOCK0
        Info (286033): Parameter INDATA_ACLR_A set to NONE
        Info (286033): Parameter WRCONTROL_ACLR_A set to NONE
        Info (286033): Parameter INIT_FILE set to qdb/_compiler/pifo/root_partition/25.3.1/partitioned/1/mifs/ram4_PifoMesh_a88d83e7.hdl.mif
        Info (286033): Parameter READ_DURING_WRITE_MODE_MIXED_PORTS set to OLD_DATA
        Info (286033): Parameter RDCONTROL_REG_B set to CLOCK0
    Info (276029): Inferred altsyncram megafunction from the following design logic: "pifoEngines_2|deque_dequeMapper|ram_rtl_0"  File: /data/work/rio-synthesis/hardware-overhead/pe5-v32-c1024-static-quartus/rtl/PifoMesh.v Line: 8329
        Info (286033): Parameter OPERATION_MODE set to DUAL_PORT
        Info (286033): Parameter WIDTH_A set to 8
        Info (286033): Parameter WIDTHAD_A set to 13
        Info (286033): Parameter NUMWORDS_A set to 8192
        Info (286033): Parameter WIDTH_B set to 8
        Info (286033): Parameter WIDTHAD_B set to 13
        Info (286033): Parameter NUMWORDS_B set to 8192
        Info (286033): Parameter ADDRESS_ACLR_A set to NONE
        Info (286033): Parameter OUTDATA_REG_B set to UNREGISTERED
        Info (286033): Parameter ADDRESS_ACLR_B set to NONE
        Info (286033): Parameter OUTDATA_ACLR_B set to NONE
        Info (286033): Parameter ADDRESS_REG_B set to CLOCK0
        Info (286033): Parameter INDATA_ACLR_A set to NONE
        Info (286033): Parameter WRCONTROL_ACLR_A set to NONE
        Info (286033): Parameter INIT_FILE set to qdb/_compiler/pifo/root_partition/25.3.1/partitioned/1/mifs/ram5_PifoMesh_a88d83e7.hdl.mif
        Info (286033): Parameter READ_DURING_WRITE_MODE_MIXED_PORTS set to OLD_DATA
        Info (286033): Parameter RDCONTROL_REG_B set to CLOCK0
    Info (276029): Inferred altsyncram megafunction from the following design logic: "pifoEngines_3|enque_enqueMapper|ram_rtl_0"  File: /data/work/rio-synthesis/hardware-overhead/pe5-v32-c1024-static-quartus/rtl/PifoMesh.v Line: 8264
        Info (286033): Parameter OPERATION_MODE set to DUAL_PORT
        Info (286033): Parameter WIDTH_A set to 5
        Info (286033): Parameter WIDTHAD_A set to 5
        Info (286033): Parameter NUMWORDS_A set to 32
        Info (286033): Parameter WIDTH_B set to 5
        Info (286033): Parameter WIDTHAD_B set to 5
        Info (286033): Parameter NUMWORDS_B set to 32
        Info (286033): Parameter ADDRESS_ACLR_A set to NONE
        Info (286033): Parameter OUTDATA_REG_B set to UNREGISTERED
        Info (286033): Parameter ADDRESS_ACLR_B set to NONE
        Info (286033): Parameter OUTDATA_ACLR_B set to NONE
        Info (286033): Parameter ADDRESS_REG_B set to CLOCK0
        Info (286033): Parameter INDATA_ACLR_A set to NONE
        Info (286033): Parameter WRCONTROL_ACLR_A set to NONE
        Info (286033): Parameter INIT_FILE set to qdb/_compiler/pifo/root_partition/25.3.1/partitioned/1/mifs/ram6_PifoMesh_a88d83e7.hdl.mif
        Info (286033): Parameter READ_DURING_WRITE_MODE_MIXED_PORTS set to OLD_DATA
        Info (286033): Parameter RDCONTROL_REG_B set to CLOCK0
    Info (276029): Inferred altsyncram megafunction from the following design logic: "pifoEngines_3|deque_dequeMapper|ram_rtl_0"  File: /data/work/rio-synthesis/hardware-overhead/pe5-v32-c1024-static-quartus/rtl/PifoMesh.v Line: 7144
        Info (286033): Parameter OPERATION_MODE set to DUAL_PORT
        Info (286033): Parameter WIDTH_A set to 8
        Info (286033): Parameter WIDTHAD_A set to 13
        Info (286033): Parameter NUMWORDS_A set to 8192
        Info (286033): Parameter WIDTH_B set to 8
        Info (286033): Parameter WIDTHAD_B set to 13
        Info (286033): Parameter NUMWORDS_B set to 8192
        Info (286033): Parameter ADDRESS_ACLR_A set to NONE
        Info (286033): Parameter OUTDATA_REG_B set to UNREGISTERED
        Info (286033): Parameter ADDRESS_ACLR_B set to NONE
        Info (286033): Parameter OUTDATA_ACLR_B set to NONE
        Info (286033): Parameter ADDRESS_REG_B set to CLOCK0
        Info (286033): Parameter INDATA_ACLR_A set to NONE
        Info (286033): Parameter WRCONTROL_ACLR_A set to NONE
        Info (286033): Parameter INIT_FILE set to qdb/_compiler/pifo/root_partition/25.3.1/partitioned/1/mifs/ram7_PifoMesh_a88d83e7.hdl.mif
        Info (286033): Parameter READ_DURING_WRITE_MODE_MIXED_PORTS set to OLD_DATA
        Info (286033): Parameter RDCONTROL_REG_B set to CLOCK0
    Info (276029): Inferred altsyncram megafunction from the following design logic: "pifoEngines_4|enque_enqueMapper|ram_rtl_0"  File: /data/work/rio-synthesis/hardware-overhead/pe5-v32-c1024-static-quartus/rtl/PifoMesh.v Line: 7079
        Info (286033): Parameter OPERATION_MODE set to DUAL_PORT
        Info (286033): Parameter WIDTH_A set to 5
        Info (286033): Parameter WIDTHAD_A set to 5
        Info (286033): Parameter NUMWORDS_A set to 32
        Info (286033): Parameter WIDTH_B set to 5
        Info (286033): Parameter WIDTHAD_B set to 5
        Info (286033): Parameter NUMWORDS_B set to 32
        Info (286033): Parameter ADDRESS_ACLR_A set to NONE
        Info (286033): Parameter OUTDATA_REG_B set to UNREGISTERED
        Info (286033): Parameter ADDRESS_ACLR_B set to NONE
        Info (286033): Parameter OUTDATA_ACLR_B set to NONE
        Info (286033): Parameter ADDRESS_REG_B set to CLOCK0
        Info (286033): Parameter INDATA_ACLR_A set to NONE
        Info (286033): Parameter WRCONTROL_ACLR_A set to NONE
        Info (286033): Parameter INIT_FILE set to qdb/_compiler/pifo/root_partition/25.3.1/partitioned/1/mifs/ram8_PifoMesh_a88d83e7.hdl.mif
        Info (286033): Parameter READ_DURING_WRITE_MODE_MIXED_PORTS set to OLD_DATA
        Info (286033): Parameter RDCONTROL_REG_B set to CLOCK0
    Info (276029): Inferred altsyncram megafunction from the following design logic: "pifoEngines_4|deque_dequeMapper|ram_rtl_0"  File: /data/work/rio-synthesis/hardware-overhead/pe5-v32-c1024-static-quartus/rtl/PifoMesh.v Line: 5959
        Info (286033): Parameter OPERATION_MODE set to DUAL_PORT
        Info (286033): Parameter WIDTH_A set to 8
        Info (286033): Parameter WIDTHAD_A set to 13
        Info (286033): Parameter NUMWORDS_A set to 8192
        Info (286033): Parameter WIDTH_B set to 8
        Info (286033): Parameter WIDTHAD_B set to 13
        Info (286033): Parameter NUMWORDS_B set to 8192
        Info (286033): Parameter ADDRESS_ACLR_A set to NONE
        Info (286033): Parameter OUTDATA_REG_B set to UNREGISTERED
        Info (286033): Parameter ADDRESS_ACLR_B set to NONE
        Info (286033): Parameter OUTDATA_ACLR_B set to NONE
        Info (286033): Parameter ADDRESS_REG_B set to CLOCK0
        Info (286033): Parameter INDATA_ACLR_A set to NONE
        Info (286033): Parameter WRCONTROL_ACLR_A set to NONE
        Info (286033): Parameter INIT_FILE set to qdb/_compiler/pifo/root_partition/25.3.1/partitioned/1/mifs/ram9_PifoMesh_a88d83e7.hdl.mif
        Info (286033): Parameter READ_DURING_WRITE_MODE_MIXED_PORTS set to OLD_DATA
        Info (286033): Parameter RDCONTROL_REG_B set to CLOCK0
    Info (276029): Inferred altsyncram megafunction from the following design logic: "xbar|io_inputs_0_fifo|fifo|logic_ram_rtl_0"  File: /data/work/rio-synthesis/hardware-overhead/pe5-v32-c1024-static-quartus/rtl/PifoMesh.v Line: 144353
        Info (286033): Parameter OPERATION_MODE set to DUAL_PORT
        Info (286033): Parameter WIDTH_A set to 8
        Info (286033): Parameter WIDTHAD_A set to 3
        Info (286033): Parameter NUMWORDS_A set to 8
        Info (286033): Parameter WIDTH_B set to 8
        Info (286033): Parameter WIDTHAD_B set to 3
        Info (286033): Parameter NUMWORDS_B set to 8
        Info (286033): Parameter ADDRESS_ACLR_A set to NONE
        Info (286033): Parameter OUTDATA_REG_B set to UNREGISTERED
        Info (286033): Parameter ADDRESS_ACLR_B set to CLEAR0
        Info (286033): Parameter OUTDATA_ACLR_B set to NONE
        Info (286033): Parameter ADDRESS_REG_B set to CLOCK0
        Info (286033): Parameter INDATA_ACLR_A set to NONE
        Info (286033): Parameter WRCONTROL_ACLR_A set to NONE
    Info (276029): Inferred altsyncram megafunction from the following design logic: "xbar|io_inputs_1_fifo|fifo|logic_ram_rtl_0"  File: /data/work/rio-synthesis/hardware-overhead/pe5-v32-c1024-static-quartus/rtl/PifoMesh.v Line: 144353
        Info (286033): Parameter OPERATION_MODE set to DUAL_PORT
        Info (286033): Parameter WIDTH_A set to 8
        Info (286033): Parameter WIDTHAD_A set to 3
        Info (286033): Parameter NUMWORDS_A set to 8
        Info (286033): Parameter WIDTH_B set to 8
        Info (286033): Parameter WIDTHAD_B set to 3
        Info (286033): Parameter NUMWORDS_B set to 8
        Info (286033): Parameter ADDRESS_ACLR_A set to NONE
        Info (286033): Parameter OUTDATA_REG_B set to UNREGISTERED
        Info (286033): Parameter ADDRESS_ACLR_B set to CLEAR0
        Info (286033): Parameter OUTDATA_ACLR_B set to NONE
        Info (286033): Parameter ADDRESS_REG_B set to CLOCK0
        Info (286033): Parameter INDATA_ACLR_A set to NONE
        Info (286033): Parameter WRCONTROL_ACLR_A set to NONE
    Info (276029): Inferred altsyncram megafunction from the following design logic: "xbar|io_inputs_2_fifo|fifo|logic_ram_rtl_0"  File: /data/work/rio-synthesis/hardware-overhead/pe5-v32-c1024-static-quartus/rtl/PifoMesh.v Line: 144353
        Info (286033): Parameter OPERATION_MODE set to DUAL_PORT
        Info (286033): Parameter WIDTH_A set to 8
        Info (286033): Parameter WIDTHAD_A set to 3
        Info (286033): Parameter NUMWORDS_A set to 8
        Info (286033): Parameter WIDTH_B set to 8
        Info (286033): Parameter WIDTHAD_B set to 3
        Info (286033): Parameter NUMWORDS_B set to 8
        Info (286033): Parameter ADDRESS_ACLR_A set to NONE
        Info (286033): Parameter OUTDATA_REG_B set to UNREGISTERED
        Info (286033): Parameter ADDRESS_ACLR_B set to CLEAR0
        Info (286033): Parameter OUTDATA_ACLR_B set to NONE
        Info (286033): Parameter ADDRESS_REG_B set to CLOCK0
        Info (286033): Parameter INDATA_ACLR_A set to NONE
        Info (286033): Parameter WRCONTROL_ACLR_A set to NONE
    Info (276029): Inferred altsyncram megafunction from the following design logic: "xbar|io_inputs_3_fifo|fifo|logic_ram_rtl_0"  File: /data/work/rio-synthesis/hardware-overhead/pe5-v32-c1024-static-quartus/rtl/PifoMesh.v Line: 144353
        Info (286033): Parameter OPERATION_MODE set to DUAL_PORT
        Info (286033): Parameter WIDTH_A set to 8
        Info (286033): Parameter WIDTHAD_A set to 3
        Info (286033): Parameter NUMWORDS_A set to 8
        Info (286033): Parameter WIDTH_B set to 8
        Info (286033): Parameter WIDTHAD_B set to 3
        Info (286033): Parameter NUMWORDS_B set to 8
        Info (286033): Parameter ADDRESS_ACLR_A set to NONE
        Info (286033): Parameter OUTDATA_REG_B set to UNREGISTERED
        Info (286033): Parameter ADDRESS_ACLR_B set to CLEAR0
        Info (286033): Parameter OUTDATA_ACLR_B set to NONE
        Info (286033): Parameter ADDRESS_REG_B set to CLOCK0
        Info (286033): Parameter INDATA_ACLR_A set to NONE
        Info (286033): Parameter WRCONTROL_ACLR_A set to NONE
    Info (276029): Inferred altsyncram megafunction from the following design logic: "xbar|io_inputs_4_fifo|fifo|logic_ram_rtl_0"  File: /data/work/rio-synthesis/hardware-overhead/pe5-v32-c1024-static-quartus/rtl/PifoMesh.v Line: 144353
        Info (286033): Parameter OPERATION_MODE set to DUAL_PORT
        Info (286033): Parameter WIDTH_A set to 8
        Info (286033): Parameter WIDTHAD_A set to 3
        Info (286033): Parameter NUMWORDS_A set to 8
        Info (286033): Parameter WIDTH_B set to 8
        Info (286033): Parameter WIDTHAD_B set to 3
        Info (286033): Parameter NUMWORDS_B set to 8
        Info (286033): Parameter ADDRESS_ACLR_A set to NONE
        Info (286033): Parameter OUTDATA_REG_B set to UNREGISTERED
        Info (286033): Parameter ADDRESS_ACLR_B set to CLEAR0
        Info (286033): Parameter OUTDATA_ACLR_B set to NONE
        Info (286033): Parameter ADDRESS_REG_B set to CLOCK0
        Info (286033): Parameter INDATA_ACLR_A set to NONE
        Info (286033): Parameter WRCONTROL_ACLR_A set to NONE
    Info (276029): Inferred altsyncram megafunction from the following design logic: "xbar|io_inputs_5_fifo|fifo|logic_ram_rtl_0"  File: /data/work/rio-synthesis/hardware-overhead/pe5-v32-c1024-static-quartus/rtl/PifoMesh.v Line: 144353
        Info (286033): Parameter OPERATION_MODE set to DUAL_PORT
        Info (286033): Parameter WIDTH_A set to 8
        Info (286033): Parameter WIDTHAD_A set to 3
        Info (286033): Parameter NUMWORDS_A set to 8
        Info (286033): Parameter WIDTH_B set to 8
        Info (286033): Parameter WIDTHAD_B set to 3
        Info (286033): Parameter NUMWORDS_B set to 8
        Info (286033): Parameter ADDRESS_ACLR_A set to NONE
        Info (286033): Parameter OUTDATA_REG_B set to UNREGISTERED
        Info (286033): Parameter ADDRESS_ACLR_B set to CLEAR0
        Info (286033): Parameter OUTDATA_ACLR_B set to NONE
        Info (286033): Parameter ADDRESS_REG_B set to CLOCK0
        Info (286033): Parameter INDATA_ACLR_A set to NONE
        Info (286033): Parameter WRCONTROL_ACLR_A set to NONE
    Info (276029): Inferred altsyncram megafunction from the following design logic: "pifoEngines_0|enque_brain|engineMapper|ram_rtl_0"  File: /data/work/rio-synthesis/hardware-overhead/pe5-v32-c1024-static-quartus/rtl/PifoMesh.v Line: 143993
        Info (286033): Parameter OPERATION_MODE set to DUAL_PORT
        Info (286033): Parameter WIDTH_A set to 2
        Info (286033): Parameter WIDTHAD_A set to 5
        Info (286033): Parameter NUMWORDS_A set to 32
        Info (286033): Parameter WIDTH_B set to 2
        Info (286033): Parameter WIDTHAD_B set to 5
        Info (286033): Parameter NUMWORDS_B set to 32
        Info (286033): Parameter ADDRESS_ACLR_A set to NONE
        Info (286033): Parameter OUTDATA_REG_B set to UNREGISTERED
        Info (286033): Parameter ADDRESS_ACLR_B set to NONE
        Info (286033): Parameter OUTDATA_ACLR_B set to NONE
        Info (286033): Parameter ADDRESS_REG_B set to CLOCK0
        Info (286033): Parameter INDATA_ACLR_A set to NONE
        Info (286033): Parameter WRCONTROL_ACLR_A set to NONE
        Info (286033): Parameter INIT_FILE set to qdb/_compiler/pifo/root_partition/25.3.1/partitioned/1/mifs/ram10_PifoMesh_a88d83e7.hdl.mif
        Info (286033): Parameter READ_DURING_WRITE_MODE_MIXED_PORTS set to OLD_DATA
    Info (276029): Inferred altsyncram megafunction from the following design logic: "pifoEngines_0|enque_brain|lastVirtualMapper|ram_rtl_0"  File: /data/work/rio-synthesis/hardware-overhead/pe5-v32-c1024-static-quartus/rtl/PifoMesh.v Line: 143940
        Info (286033): Parameter OPERATION_MODE set to DUAL_PORT
        Info (286033): Parameter WIDTH_A set to 8
        Info (286033): Parameter WIDTHAD_A set to 5
        Info (286033): Parameter NUMWORDS_A set to 32
        Info (286033): Parameter WIDTH_B set to 8
        Info (286033): Parameter WIDTHAD_B set to 5
        Info (286033): Parameter NUMWORDS_B set to 32
        Info (286033): Parameter ADDRESS_ACLR_A set to NONE
        Info (286033): Parameter OUTDATA_REG_B set to UNREGISTERED
        Info (286033): Parameter ADDRESS_ACLR_B set to NONE
        Info (286033): Parameter OUTDATA_ACLR_B set to NONE
        Info (286033): Parameter ADDRESS_REG_B set to CLOCK0
        Info (286033): Parameter INDATA_ACLR_A set to NONE
        Info (286033): Parameter WRCONTROL_ACLR_A set to NONE
        Info (286033): Parameter INIT_FILE set to qdb/_compiler/pifo/root_partition/25.3.1/partitioned/1/mifs/ram11_PifoMesh_a88d83e7.hdl.mif
        Info (286033): Parameter READ_DURING_WRITE_MODE_MIXED_PORTS set to OLD_DATA
    Info (276029): Inferred altsyncram megafunction from the following design logic: "pifoEngines_0|enque_brain|engineCAM|ram_rtl_0"  File: /data/work/rio-synthesis/hardware-overhead/pe5-v32-c1024-static-quartus/rtl/PifoMesh.v Line: 143887
        Info (286033): Parameter OPERATION_MODE set to DUAL_PORT
        Info (286033): Parameter WIDTH_A set to 32
        Info (286033): Parameter WIDTHAD_A set to 13
        Info (286033): Parameter NUMWORDS_A set to 8192
        Info (286033): Parameter WIDTH_B set to 32
        Info (286033): Parameter WIDTHAD_B set to 13
        Info (286033): Parameter NUMWORDS_B set to 8192
        Info (286033): Parameter ADDRESS_ACLR_A set to NONE
        Info (286033): Parameter OUTDATA_REG_B set to UNREGISTERED
        Info (286033): Parameter ADDRESS_ACLR_B set to NONE
        Info (286033): Parameter OUTDATA_ACLR_B set to NONE
        Info (286033): Parameter ADDRESS_REG_B set to CLOCK0
        Info (286033): Parameter INDATA_ACLR_A set to NONE
        Info (286033): Parameter WRCONTROL_ACLR_A set to NONE
        Info (286033): Parameter INIT_FILE set to qdb/_compiler/pifo/root_partition/25.3.1/partitioned/1/mifs/ram12_PifoMesh_a88d83e7.hdl.mif
        Info (286033): Parameter READ_DURING_WRITE_MODE_MIXED_PORTS set to OLD_DATA
    Info (276029): Inferred altsyncram megafunction from the following design logic: "pifoEngines_0|enque_brain|brainStateMem|ram_rtl_0"  File: /data/work/rio-synthesis/hardware-overhead/pe5-v32-c1024-static-quartus/rtl/PifoMesh.v Line: 143716
        Info (286033): Parameter OPERATION_MODE set to DUAL_PORT
        Info (286033): Parameter WIDTH_A set to 32
        Info (286033): Parameter WIDTHAD_A set to 5
        Info (286033): Parameter NUMWORDS_A set to 32
        Info (286033): Parameter WIDTH_B set to 32
        Info (286033): Parameter WIDTHAD_B set to 5
        Info (286033): Parameter NUMWORDS_B set to 32
        Info (286033): Parameter ADDRESS_ACLR_A set to NONE
        Info (286033): Parameter OUTDATA_REG_B set to UNREGISTERED
        Info (286033): Parameter ADDRESS_ACLR_B set to NONE
        Info (286033): Parameter OUTDATA_ACLR_B set to NONE
        Info (286033): Parameter ADDRESS_REG_B set to CLOCK0
        Info (286033): Parameter INDATA_ACLR_A set to NONE
        Info (286033): Parameter WRCONTROL_ACLR_A set to NONE
        Info (286033): Parameter INIT_FILE set to qdb/_compiler/pifo/root_partition/25.3.1/partitioned/1/mifs/ram13_PifoMesh_a88d83e7.hdl.mif
        Info (286033): Parameter READ_DURING_WRITE_MODE_MIXED_PORTS set to OLD_DATA
    Info (276029): Inferred altsyncram megafunction from the following design logic: "pifoEngines_1|enque_brain|engineMapper|ram_rtl_0"  File: /data/work/rio-synthesis/hardware-overhead/pe5-v32-c1024-static-quartus/rtl/PifoMesh.v Line: 143023
        Info (286033): Parameter OPERATION_MODE set to DUAL_PORT
        Info (286033): Parameter WIDTH_A set to 2
        Info (286033): Parameter WIDTHAD_A set to 5
        Info (286033): Parameter NUMWORDS_A set to 32
        Info (286033): Parameter WIDTH_B set to 2
        Info (286033): Parameter WIDTHAD_B set to 5
        Info (286033): Parameter NUMWORDS_B set to 32
        Info (286033): Parameter ADDRESS_ACLR_A set to NONE
        Info (286033): Parameter OUTDATA_REG_B set to UNREGISTERED
        Info (286033): Parameter ADDRESS_ACLR_B set to NONE
        Info (286033): Parameter OUTDATA_ACLR_B set to NONE
        Info (286033): Parameter ADDRESS_REG_B set to CLOCK0
        Info (286033): Parameter INDATA_ACLR_A set to NONE
        Info (286033): Parameter WRCONTROL_ACLR_A set to NONE
        Info (286033): Parameter INIT_FILE set to qdb/_compiler/pifo/root_partition/25.3.1/partitioned/1/mifs/ram14_PifoMesh_a88d83e7.hdl.mif
        Info (286033): Parameter READ_DURING_WRITE_MODE_MIXED_PORTS set to OLD_DATA
    Info (276029): Inferred altsyncram megafunction from the following design logic: "pifoEngines_1|enque_brain|lastVirtualMapper|ram_rtl_0"  File: /data/work/rio-synthesis/hardware-overhead/pe5-v32-c1024-static-quartus/rtl/PifoMesh.v Line: 142970
        Info (286033): Parameter OPERATION_MODE set to DUAL_PORT
        Info (286033): Parameter WIDTH_A set to 8
        Info (286033): Parameter WIDTHAD_A set to 5
        Info (286033): Parameter NUMWORDS_A set to 32
        Info (286033): Parameter WIDTH_B set to 8
        Info (286033): Parameter WIDTHAD_B set to 5
        Info (286033): Parameter NUMWORDS_B set to 32
        Info (286033): Parameter ADDRESS_ACLR_A set to NONE
        Info (286033): Parameter OUTDATA_REG_B set to UNREGISTERED
        Info (286033): Parameter ADDRESS_ACLR_B set to NONE
        Info (286033): Parameter OUTDATA_ACLR_B set to NONE
        Info (286033): Parameter ADDRESS_REG_B set to CLOCK0
        Info (286033): Parameter INDATA_ACLR_A set to NONE
        Info (286033): Parameter WRCONTROL_ACLR_A set to NONE
        Info (286033): Parameter INIT_FILE set to qdb/_compiler/pifo/root_partition/25.3.1/partitioned/1/mifs/ram15_PifoMesh_a88d83e7.hdl.mif
        Info (286033): Parameter READ_DURING_WRITE_MODE_MIXED_PORTS set to OLD_DATA
    Info (276029): Inferred altsyncram megafunction from the following design logic: "pifoEngines_1|enque_brain|engineCAM|ram_rtl_0"  File: /data/work/rio-synthesis/hardware-overhead/pe5-v32-c1024-static-quartus/rtl/PifoMesh.v Line: 142917
        Info (286033): Parameter OPERATION_MODE set to DUAL_PORT
        Info (286033): Parameter WIDTH_A set to 32
        Info (286033): Parameter WIDTHAD_A set to 13
        Info (286033): Parameter NUMWORDS_A set to 8192
        Info (286033): Parameter WIDTH_B set to 32
        Info (286033): Parameter WIDTHAD_B set to 13
        Info (286033): Parameter NUMWORDS_B set to 8192
        Info (286033): Parameter ADDRESS_ACLR_A set to NONE
        Info (286033): Parameter OUTDATA_REG_B set to UNREGISTERED
        Info (286033): Parameter ADDRESS_ACLR_B set to NONE
        Info (286033): Parameter OUTDATA_ACLR_B set to NONE
        Info (286033): Parameter ADDRESS_REG_B set to CLOCK0
        Info (286033): Parameter INDATA_ACLR_A set to NONE
        Info (286033): Parameter WRCONTROL_ACLR_A set to NONE
        Info (286033): Parameter INIT_FILE set to qdb/_compiler/pifo/root_partition/25.3.1/partitioned/1/mifs/ram16_PifoMesh_a88d83e7.hdl.mif
        Info (286033): Parameter READ_DURING_WRITE_MODE_MIXED_PORTS set to OLD_DATA
    Info (276029): Inferred altsyncram megafunction from the following design logic: "pifoEngines_1|enque_brain|brainStateMem|ram_rtl_0"  File: /data/work/rio-synthesis/hardware-overhead/pe5-v32-c1024-static-quartus/rtl/PifoMesh.v Line: 142860
        Info (286033): Parameter OPERATION_MODE set to DUAL_PORT
        Info (286033): Parameter WIDTH_A set to 32
        Info (286033): Parameter WIDTHAD_A set to 5
        Info (286033): Parameter NUMWORDS_A set to 32
        Info (286033): Parameter WIDTH_B set to 32
        Info (286033): Parameter WIDTHAD_B set to 5
        Info (286033): Parameter NUMWORDS_B set to 32
        Info (286033): Parameter ADDRESS_ACLR_A set to NONE
        Info (286033): Parameter OUTDATA_REG_B set to UNREGISTERED
        Info (286033): Parameter ADDRESS_ACLR_B set to NONE
        Info (286033): Parameter OUTDATA_ACLR_B set to NONE
        Info (286033): Parameter ADDRESS_REG_B set to CLOCK0
        Info (286033): Parameter INDATA_ACLR_A set to NONE
        Info (286033): Parameter WRCONTROL_ACLR_A set to NONE
        Info (286033): Parameter INIT_FILE set to qdb/_compiler/pifo/root_partition/25.3.1/partitioned/1/mifs/ram17_PifoMesh_a88d83e7.hdl.mif
        Info (286033): Parameter READ_DURING_WRITE_MODE_MIXED_PORTS set to OLD_DATA
    Info (276029): Inferred altsyncram megafunction from the following design logic: "pifoEngines_2|enque_brain|engineMapper|ram_rtl_0"  File: /data/work/rio-synthesis/hardware-overhead/pe5-v32-c1024-static-quartus/rtl/PifoMesh.v Line: 142785
        Info (286033): Parameter OPERATION_MODE set to DUAL_PORT
        Info (286033): Parameter WIDTH_A set to 2
        Info (286033): Parameter WIDTHAD_A set to 5
        Info (286033): Parameter NUMWORDS_A set to 32
        Info (286033): Parameter WIDTH_B set to 2
        Info (286033): Parameter WIDTHAD_B set to 5
        Info (286033): Parameter NUMWORDS_B set to 32
        Info (286033): Parameter ADDRESS_ACLR_A set to NONE
        Info (286033): Parameter OUTDATA_REG_B set to UNREGISTERED
        Info (286033): Parameter ADDRESS_ACLR_B set to NONE
        Info (286033): Parameter OUTDATA_ACLR_B set to NONE
        Info (286033): Parameter ADDRESS_REG_B set to CLOCK0
        Info (286033): Parameter INDATA_ACLR_A set to NONE
        Info (286033): Parameter WRCONTROL_ACLR_A set to NONE
        Info (286033): Parameter INIT_FILE set to qdb/_compiler/pifo/root_partition/25.3.1/partitioned/1/mifs/ram18_PifoMesh_a88d83e7.hdl.mif
        Info (286033): Parameter READ_DURING_WRITE_MODE_MIXED_PORTS set to OLD_DATA
    Info (276029): Inferred altsyncram megafunction from the following design logic: "pifoEngines_2|enque_brain|lastVirtualMapper|ram_rtl_0"  File: /data/work/rio-synthesis/hardware-overhead/pe5-v32-c1024-static-quartus/rtl/PifoMesh.v Line: 142732
        Info (286033): Parameter OPERATION_MODE set to DUAL_PORT
        Info (286033): Parameter WIDTH_A set to 8
        Info (286033): Parameter WIDTHAD_A set to 5
        Info (286033): Parameter NUMWORDS_A set to 32
        Info (286033): Parameter WIDTH_B set to 8
        Info (286033): Parameter WIDTHAD_B set to 5
        Info (286033): Parameter NUMWORDS_B set to 32
        Info (286033): Parameter ADDRESS_ACLR_A set to NONE
        Info (286033): Parameter OUTDATA_REG_B set to UNREGISTERED
        Info (286033): Parameter ADDRESS_ACLR_B set to NONE
        Info (286033): Parameter OUTDATA_ACLR_B set to NONE
        Info (286033): Parameter ADDRESS_REG_B set to CLOCK0
        Info (286033): Parameter INDATA_ACLR_A set to NONE
        Info (286033): Parameter WRCONTROL_ACLR_A set to NONE
        Info (286033): Parameter INIT_FILE set to qdb/_compiler/pifo/root_partition/25.3.1/partitioned/1/mifs/ram19_PifoMesh_a88d83e7.hdl.mif
        Info (286033): Parameter READ_DURING_WRITE_MODE_MIXED_PORTS set to OLD_DATA
    Info (276029): Inferred altsyncram megafunction from the following design logic: "pifoEngines_2|enque_brain|engineCAM|ram_rtl_0"  File: /data/work/rio-synthesis/hardware-overhead/pe5-v32-c1024-static-quartus/rtl/PifoMesh.v Line: 142679
        Info (286033): Parameter OPERATION_MODE set to DUAL_PORT
        Info (286033): Parameter WIDTH_A set to 32
        Info (286033): Parameter WIDTHAD_A set to 13
        Info (286033): Parameter NUMWORDS_A set to 8192
        Info (286033): Parameter WIDTH_B set to 32
        Info (286033): Parameter WIDTHAD_B set to 13
        Info (286033): Parameter NUMWORDS_B set to 8192
        Info (286033): Parameter ADDRESS_ACLR_A set to NONE
        Info (286033): Parameter OUTDATA_REG_B set to UNREGISTERED
        Info (286033): Parameter ADDRESS_ACLR_B set to NONE
        Info (286033): Parameter OUTDATA_ACLR_B set to NONE
        Info (286033): Parameter ADDRESS_REG_B set to CLOCK0
        Info (286033): Parameter INDATA_ACLR_A set to NONE
        Info (286033): Parameter WRCONTROL_ACLR_A set to NONE
        Info (286033): Parameter INIT_FILE set to qdb/_compiler/pifo/root_partition/25.3.1/partitioned/1/mifs/ram20_PifoMesh_a88d83e7.hdl.mif
        Info (286033): Parameter READ_DURING_WRITE_MODE_MIXED_PORTS set to OLD_DATA
    Info (276029): Inferred altsyncram megafunction from the following design logic: "pifoEngines_2|enque_brain|brainStateMem|ram_rtl_0"  File: /data/work/rio-synthesis/hardware-overhead/pe5-v32-c1024-static-quartus/rtl/PifoMesh.v Line: 142622
        Info (286033): Parameter OPERATION_MODE set to DUAL_PORT
        Info (286033): Parameter WIDTH_A set to 32
        Info (286033): Parameter WIDTHAD_A set to 5
        Info (286033): Parameter NUMWORDS_A set to 32
        Info (286033): Parameter WIDTH_B set to 32
        Info (286033): Parameter WIDTHAD_B set to 5
        Info (286033): Parameter NUMWORDS_B set to 32
        Info (286033): Parameter ADDRESS_ACLR_A set to NONE
        Info (286033): Parameter OUTDATA_REG_B set to UNREGISTERED
        Info (286033): Parameter ADDRESS_ACLR_B set to NONE
        Info (286033): Parameter OUTDATA_ACLR_B set to NONE
        Info (286033): Parameter ADDRESS_REG_B set to CLOCK0
        Info (286033): Parameter INDATA_ACLR_A set to NONE
        Info (286033): Parameter WRCONTROL_ACLR_A set to NONE
        Info (286033): Parameter INIT_FILE set to qdb/_compiler/pifo/root_partition/25.3.1/partitioned/1/mifs/ram21_PifoMesh_a88d83e7.hdl.mif
        Info (286033): Parameter READ_DURING_WRITE_MODE_MIXED_PORTS set to OLD_DATA
    Info (276029): Inferred altsyncram megafunction from the following design logic: "pifoEngines_3|enque_brain|engineMapper|ram_rtl_0"  File: /data/work/rio-synthesis/hardware-overhead/pe5-v32-c1024-static-quartus/rtl/PifoMesh.v Line: 142547
        Info (286033): Parameter OPERATION_MODE set to DUAL_PORT
        Info (286033): Parameter WIDTH_A set to 2
        Info (286033): Parameter WIDTHAD_A set to 5
        Info (286033): Parameter NUMWORDS_A set to 32
        Info (286033): Parameter WIDTH_B set to 2
        Info (286033): Parameter WIDTHAD_B set to 5
        Info (286033): Parameter NUMWORDS_B set to 32
        Info (286033): Parameter ADDRESS_ACLR_A set to NONE
        Info (286033): Parameter OUTDATA_REG_B set to UNREGISTERED
        Info (286033): Parameter ADDRESS_ACLR_B set to NONE
        Info (286033): Parameter OUTDATA_ACLR_B set to NONE
        Info (286033): Parameter ADDRESS_REG_B set to CLOCK0
        Info (286033): Parameter INDATA_ACLR_A set to NONE
        Info (286033): Parameter WRCONTROL_ACLR_A set to NONE
        Info (286033): Parameter INIT_FILE set to qdb/_compiler/pifo/root_partition/25.3.1/partitioned/1/mifs/ram22_PifoMesh_a88d83e7.hdl.mif
        Info (286033): Parameter READ_DURING_WRITE_MODE_MIXED_PORTS set to OLD_DATA
    Info (276029): Inferred altsyncram megafunction from the following design logic: "pifoEngines_3|enque_brain|lastVirtualMapper|ram_rtl_0"  File: /data/work/rio-synthesis/hardware-overhead/pe5-v32-c1024-static-quartus/rtl/PifoMesh.v Line: 142494
        Info (286033): Parameter OPERATION_MODE set to DUAL_PORT
        Info (286033): Parameter WIDTH_A set to 8
        Info (286033): Parameter WIDTHAD_A set to 5
        Info (286033): Parameter NUMWORDS_A set to 32
        Info (286033): Parameter WIDTH_B set to 8
        Info (286033): Parameter WIDTHAD_B set to 5
        Info (286033): Parameter NUMWORDS_B set to 32
        Info (286033): Parameter ADDRESS_ACLR_A set to NONE
        Info (286033): Parameter OUTDATA_REG_B set to UNREGISTERED
        Info (286033): Parameter ADDRESS_ACLR_B set to NONE
        Info (286033): Parameter OUTDATA_ACLR_B set to NONE
        Info (286033): Parameter ADDRESS_REG_B set to CLOCK0
        Info (286033): Parameter INDATA_ACLR_A set to NONE
        Info (286033): Parameter WRCONTROL_ACLR_A set to NONE
        Info (286033): Parameter INIT_FILE set to qdb/_compiler/pifo/root_partition/25.3.1/partitioned/1/mifs/ram23_PifoMesh_a88d83e7.hdl.mif
        Info (286033): Parameter READ_DURING_WRITE_MODE_MIXED_PORTS set to OLD_DATA
    Info (276029): Inferred altsyncram megafunction from the following design logic: "pifoEngines_3|enque_brain|engineCAM|ram_rtl_0"  File: /data/work/rio-synthesis/hardware-overhead/pe5-v32-c1024-static-quartus/rtl/PifoMesh.v Line: 142441
        Info (286033): Parameter OPERATION_MODE set to DUAL_PORT
        Info (286033): Parameter WIDTH_A set to 32
        Info (286033): Parameter WIDTHAD_A set to 13
        Info (286033): Parameter NUMWORDS_A set to 8192
        Info (286033): Parameter WIDTH_B set to 32
        Info (286033): Parameter WIDTHAD_B set to 13
        Info (286033): Parameter NUMWORDS_B set to 8192
        Info (286033): Parameter ADDRESS_ACLR_A set to NONE
        Info (286033): Parameter OUTDATA_REG_B set to UNREGISTERED
        Info (286033): Parameter ADDRESS_ACLR_B set to NONE
        Info (286033): Parameter OUTDATA_ACLR_B set to NONE
        Info (286033): Parameter ADDRESS_REG_B set to CLOCK0
        Info (286033): Parameter INDATA_ACLR_A set to NONE
        Info (286033): Parameter WRCONTROL_ACLR_A set to NONE
        Info (286033): Parameter INIT_FILE set to qdb/_compiler/pifo/root_partition/25.3.1/partitioned/1/mifs/ram24_PifoMesh_a88d83e7.hdl.mif
        Info (286033): Parameter READ_DURING_WRITE_MODE_MIXED_PORTS set to OLD_DATA
    Info (276029): Inferred altsyncram megafunction from the following design logic: "pifoEngines_3|enque_brain|brainStateMem|ram_rtl_0"  File: /data/work/rio-synthesis/hardware-overhead/pe5-v32-c1024-static-quartus/rtl/PifoMesh.v Line: 142384
        Info (286033): Parameter OPERATION_MODE set to DUAL_PORT
        Info (286033): Parameter WIDTH_A set to 32
        Info (286033): Parameter WIDTHAD_A set to 5
        Info (286033): Parameter NUMWORDS_A set to 32
        Info (286033): Parameter WIDTH_B set to 32
        Info (286033): Parameter WIDTHAD_B set to 5
        Info (286033): Parameter NUMWORDS_B set to 32
        Info (286033): Parameter ADDRESS_ACLR_A set to NONE
        Info (286033): Parameter OUTDATA_REG_B set to UNREGISTERED
        Info (286033): Parameter ADDRESS_ACLR_B set to NONE
        Info (286033): Parameter OUTDATA_ACLR_B set to NONE
        Info (286033): Parameter ADDRESS_REG_B set to CLOCK0
        Info (286033): Parameter INDATA_ACLR_A set to NONE
        Info (286033): Parameter WRCONTROL_ACLR_A set to NONE
        Info (286033): Parameter INIT_FILE set to qdb/_compiler/pifo/root_partition/25.3.1/partitioned/1/mifs/ram25_PifoMesh_a88d83e7.hdl.mif
        Info (286033): Parameter READ_DURING_WRITE_MODE_MIXED_PORTS set to OLD_DATA
    Info (276029): Inferred altsyncram megafunction from the following design logic: "pifoEngines_4|enque_brain|engineMapper|ram_rtl_0"  File: /data/work/rio-synthesis/hardware-overhead/pe5-v32-c1024-static-quartus/rtl/PifoMesh.v Line: 142309
        Info (286033): Parameter OPERATION_MODE set to DUAL_PORT
        Info (286033): Parameter WIDTH_A set to 2
        Info (286033): Parameter WIDTHAD_A set to 5
        Info (286033): Parameter NUMWORDS_A set to 32
        Info (286033): Parameter WIDTH_B set to 2
        Info (286033): Parameter WIDTHAD_B set to 5
        Info (286033): Parameter NUMWORDS_B set to 32
        Info (286033): Parameter ADDRESS_ACLR_A set to NONE
        Info (286033): Parameter OUTDATA_REG_B set to UNREGISTERED
        Info (286033): Parameter ADDRESS_ACLR_B set to NONE
        Info (286033): Parameter OUTDATA_ACLR_B set to NONE
        Info (286033): Parameter ADDRESS_REG_B set to CLOCK0
        Info (286033): Parameter INDATA_ACLR_A set to NONE
        Info (286033): Parameter WRCONTROL_ACLR_A set to NONE
        Info (286033): Parameter INIT_FILE set to qdb/_compiler/pifo/root_partition/25.3.1/partitioned/1/mifs/ram26_PifoMesh_a88d83e7.hdl.mif
        Info (286033): Parameter READ_DURING_WRITE_MODE_MIXED_PORTS set to OLD_DATA
    Info (276029): Inferred altsyncram megafunction from the following design logic: "pifoEngines_4|enque_brain|lastVirtualMapper|ram_rtl_0"  File: /data/work/rio-synthesis/hardware-overhead/pe5-v32-c1024-static-quartus/rtl/PifoMesh.v Line: 142256
        Info (286033): Parameter OPERATION_MODE set to DUAL_PORT
        Info (286033): Parameter WIDTH_A set to 8
        Info (286033): Parameter WIDTHAD_A set to 5
        Info (286033): Parameter NUMWORDS_A set to 32
        Info (286033): Parameter WIDTH_B set to 8
        Info (286033): Parameter WIDTHAD_B set to 5
        Info (286033): Parameter NUMWORDS_B set to 32
        Info (286033): Parameter ADDRESS_ACLR_A set to NONE
        Info (286033): Parameter OUTDATA_REG_B set to UNREGISTERED
        Info (286033): Parameter ADDRESS_ACLR_B set to NONE
        Info (286033): Parameter OUTDATA_ACLR_B set to NONE
        Info (286033): Parameter ADDRESS_REG_B set to CLOCK0
        Info (286033): Parameter INDATA_ACLR_A set to NONE
        Info (286033): Parameter WRCONTROL_ACLR_A set to NONE
        Info (286033): Parameter INIT_FILE set to qdb/_compiler/pifo/root_partition/25.3.1/partitioned/1/mifs/ram27_PifoMesh_a88d83e7.hdl.mif
        Info (286033): Parameter READ_DURING_WRITE_MODE_MIXED_PORTS set to OLD_DATA
    Info (276029): Inferred altsyncram megafunction from the following design logic: "pifoEngines_4|enque_brain|engineCAM|ram_rtl_0"  File: /data/work/rio-synthesis/hardware-overhead/pe5-v32-c1024-static-quartus/rtl/PifoMesh.v Line: 142203
        Info (286033): Parameter OPERATION_MODE set to DUAL_PORT
        Info (286033): Parameter WIDTH_A set to 32
        Info (286033): Parameter WIDTHAD_A set to 13
        Info (286033): Parameter NUMWORDS_A set to 8192
        Info (286033): Parameter WIDTH_B set to 32
        Info (286033): Parameter WIDTHAD_B set to 13
        Info (286033): Parameter NUMWORDS_B set to 8192
        Info (286033): Parameter ADDRESS_ACLR_A set to NONE
        Info (286033): Parameter OUTDATA_REG_B set to UNREGISTERED
        Info (286033): Parameter ADDRESS_ACLR_B set to NONE
        Info (286033): Parameter OUTDATA_ACLR_B set to NONE
        Info (286033): Parameter ADDRESS_REG_B set to CLOCK0
        Info (286033): Parameter INDATA_ACLR_A set to NONE
        Info (286033): Parameter WRCONTROL_ACLR_A set to NONE
        Info (286033): Parameter INIT_FILE set to qdb/_compiler/pifo/root_partition/25.3.1/partitioned/1/mifs/ram28_PifoMesh_a88d83e7.hdl.mif
        Info (286033): Parameter READ_DURING_WRITE_MODE_MIXED_PORTS set to OLD_DATA
    Info (276029): Inferred altsyncram megafunction from the following design logic: "pifoEngines_4|enque_brain|brainStateMem|ram_rtl_0"  File: /data/work/rio-synthesis/hardware-overhead/pe5-v32-c1024-static-quartus/rtl/PifoMesh.v Line: 142146
        Info (286033): Parameter OPERATION_MODE set to DUAL_PORT
        Info (286033): Parameter WIDTH_A set to 32
        Info (286033): Parameter WIDTHAD_A set to 5
        Info (286033): Parameter NUMWORDS_A set to 32
        Info (286033): Parameter WIDTH_B set to 32
        Info (286033): Parameter WIDTHAD_B set to 5
        Info (286033): Parameter NUMWORDS_B set to 32
        Info (286033): Parameter ADDRESS_ACLR_A set to NONE
        Info (286033): Parameter OUTDATA_REG_B set to UNREGISTERED
        Info (286033): Parameter ADDRESS_ACLR_B set to NONE
        Info (286033): Parameter OUTDATA_ACLR_B set to NONE
        Info (286033): Parameter ADDRESS_REG_B set to CLOCK0
        Info (286033): Parameter INDATA_ACLR_A set to NONE
        Info (286033): Parameter WRCONTROL_ACLR_A set to NONE
        Info (286033): Parameter INIT_FILE set to qdb/_compiler/pifo/root_partition/25.3.1/partitioned/1/mifs/ram29_PifoMesh_a88d83e7.hdl.mif
        Info (286033): Parameter READ_DURING_WRITE_MODE_MIXED_PORTS set to OLD_DATA
Warning (14284): Synthesized away the following node(s):
    Warning (25637): Synthesized away 624 node(s) of type RAM. See "Registers Removed during Synthesis" report for more details.
Warning (13024): Output pins are stuck at VCC or GND
    Warning (13410): Pin "io_commitReady" is stuck at VCC File: /data/work/rio-synthesis/hardware-overhead/pe5-v32-c1024-static-quartus/rtl/PifoMesh.v Line: 43
Info (17049): 1904 registers lost all their fanouts during netlist optimizations.
Info (21057): Implemented 338578 device resources after synthesis - the final resource count might be different
    Info (21058): Implemented 109 input pins
    Info (21059): Implemented 17 output pins
    Info (21061): Implemented 337942 logic cells
    Info (21064): Implemented 510 RAM segments
Info: Successfully synthesized partition
Info: Saving post-synthesis snapshots for 1 partition(s)
Info (21615): Running Design Assistant Rules for snapshot 'synthesized'
Info: No waiver waived any violations
Info (22360): Design Assistant Results: 12 of 13 enabled rules passed, and 7 rules was disabled, in snapshot 'synthesized'
Info (21661): Design Assistant Results: 0 of 1 High severity rules issued violations in snapshot 'synthesized'
Info (21621): Design Assistant Results: 1 of 6 Medium severity rules issued violations in snapshot 'synthesized'. Please refer to DRC report '/data/work/rio-synthesis/hardware-overhead/pe5-v32-c1024-static-quartus/output_files/pifo.drc.synthesized.rpt' for more information
Info (21622): Design Assistant Results: 0 of 6 Low severity rules issued violations in snapshot 'synthesized'
Info: Quartus Prime Synthesis was successful. 0 errors, 11 warnings
    Info: Peak virtual memory: 4815 megabytes
    Info: Processing ended: Sun Sep  6 22:27:11 2026
    Info: Elapsed time: 00:31:58
    Info: System process ID: 259116
