
****** Vivado v2025.2 (64-bit)
  **** SW Build 6299465 on Fri Nov 14 12:34:56 MST 2025
  **** IP Build 6300035 on Fri Nov 14 10:48:45 MST 2025
  **** SharedData Build 6298862 on Thu Nov 13 04:50:51 MST 2025
  **** Start of session at: Sun Sep  6 22:53:38 2026
    ** Copyright 1986-2022 Xilinx, Inc. All Rights Reserved.
    ** Copyright 2022-2025 Advanced Micro Devices, Inc. All Rights Reserved.

source /home/zg366/packet-scheduling/pifo-hardware/synthesis/vivado_synth.tcl
# if {$argc < 5 || $argc > 7} {
#     error {Expected BUILD_DIR PART THREADS CLOCK_PERIOD_NS PREPARE_ONLY [DIRECTIVE] [ALLOW_OVER_CAPACITY]}
# }
# lassign $argv build_dir part threads period prepare_only directive allow_over_capacity
# if {$directive eq ""} { set directive default }
# if {$allow_over_capacity eq ""} { set allow_over_capacity 0 }
# set build_dir [file normalize $build_dir]
# set rtl_dir [file join $build_dir rtl]
# set report_dir [file join $build_dir reports]
# file mkdir $report_dir
# if {[llength [get_parts -quiet $part]] != 1} {
#     error "Target part is not installed: $part"
# }
# puts "PIFO_VIVADO_VERSION: [version -short]"
PIFO_VIVADO_VERSION: 2025.2
# puts "PIFO_VIVADO_PART: $part"
PIFO_VIVADO_PART: xcku5p-ffvb676-2-e
# set_param general.maxThreads $threads
# create_project -in_memory -part $part
# cd $rtl_dir
# read_verilog -sv [glob -directory $rtl_dir *.v *.sv]
# set xdc [file join $build_dir pifo.xdc]
# set constraints [open $xdc w]
# puts $constraints "create_clock -name clk -period $period \[get_ports clk\]"
# puts $constraints {set_false_path -from [get_ports reset]}
# close $constraints
# read_xdc $xdc
# if {$prepare_only} {
#     puts "PIFO_PREPARED: $build_dir"
#     exit 0
# }
# if {$allow_over_capacity} {
#     # This version-specific Tcl hook skips only the pre-mapping device-capacity
#     # gate. The RTL, target, optimization passes, and reported device capacities
#     # remain unchanged. The resulting netlist can exceed the physical device.
#     # Verified on Vivado 2025.2 with an oversized RAM and an unchanged smaller
#     # control design; see experiment-results/hardware-overhead/diagnostics.
#     puts "PIFO_ESTIMATION_ONLY: device-capacity check disabled; no implementation or fit claim"
#     set_param synth.elaboration.rodinMoreOptions {rename rt::check_resource rt::pifo_device_capacity_check; proc rt::check_resource {args} {puts "PIFO_DEVICE_CAPACITY_CHECK_SKIPPED: $args"; return 1}}
# }
PIFO_ESTIMATION_ONLY: device-capacity check disabled; no implementation or fit claim
# synth_design -top PifoMesh -part $part -mode out_of_context -flatten_hierarchy rebuilt -directive $directive
Command: synth_design -top PifoMesh -part xcku5p-ffvb676-2-e -mode out_of_context -flatten_hierarchy rebuilt -directive RuntimeOptimized
Starting synth_design
Attempting to get a license for feature 'Synthesis' and/or device 'xcku5p'
INFO: [Common 17-349] Got license for feature 'Synthesis' and/or device 'xcku5p'
INFO: [Device 21-403] Loading part xcku5p-ffvb676-2-e
INFO: [Synth 8-7079] Multithreading enabled for synth_design using a maximum of 7 processes.
INFO: [Synth 8-7078] Launching helper process for spawning children vivado processes
INFO: [Synth 8-7075] Helper process launched with PID 292896
---------------------------------------------------------------------------------
Starting RTL Elaboration : Time (s): cpu = 00:00:05 ; elapsed = 00:00:05 . Memory (MB): peak = 2834.434 ; gain = 189.688 ; free physical = 185499 ; free virtual = 206506
---------------------------------------------------------------------------------
INFO: [Synth 8-6157] synthesizing module 'PifoMesh' [/data/work/rio-synthesis/hardware-overhead/rio-only-pe5-v32-c1024-static-vivado/rtl/PifoMesh.v:7]
INFO: [Synth 8-6157] synthesizing module 'MessageCrossBar' [/data/work/rio-synthesis/hardware-overhead/rio-only-pe5-v32-c1024-static-vivado/rtl/PifoMesh.v:5557]
INFO: [Synth 8-6157] synthesizing module 'StreamFifoLowLatency' [/data/work/rio-synthesis/hardware-overhead/rio-only-pe5-v32-c1024-static-vivado/rtl/PifoMesh.v:14740]
INFO: [Synth 8-6157] synthesizing module 'StreamFifo' [/data/work/rio-synthesis/hardware-overhead/rio-only-pe5-v32-c1024-static-vivado/rtl/PifoMesh.v:16985]
INFO: [Synth 8-6155] done synthesizing module 'StreamFifo' (0#1) [/data/work/rio-synthesis/hardware-overhead/rio-only-pe5-v32-c1024-static-vivado/rtl/PifoMesh.v:16985]
INFO: [Synth 8-6155] done synthesizing module 'StreamFifoLowLatency' (0#1) [/data/work/rio-synthesis/hardware-overhead/rio-only-pe5-v32-c1024-static-vivado/rtl/PifoMesh.v:14740]
INFO: [Synth 8-6157] synthesizing module 'StreamDemux' [/data/work/rio-synthesis/hardware-overhead/rio-only-pe5-v32-c1024-static-vivado/rtl/PifoMesh.v:14610]
INFO: [Synth 8-6155] done synthesizing module 'StreamDemux' (0#1) [/data/work/rio-synthesis/hardware-overhead/rio-only-pe5-v32-c1024-static-vivado/rtl/PifoMesh.v:14610]
INFO: [Synth 8-6157] synthesizing module 'StreamArbiter' [/data/work/rio-synthesis/hardware-overhead/rio-only-pe5-v32-c1024-static-vivado/rtl/PifoMesh.v:14428]
INFO: [Synth 8-6155] done synthesizing module 'StreamArbiter' (0#1) [/data/work/rio-synthesis/hardware-overhead/rio-only-pe5-v32-c1024-static-vivado/rtl/PifoMesh.v:14428]
INFO: [Synth 8-6155] done synthesizing module 'MessageCrossBar' (0#1) [/data/work/rio-synthesis/hardware-overhead/rio-only-pe5-v32-c1024-static-vivado/rtl/PifoMesh.v:5557]
INFO: [Synth 8-6157] synthesizing module 'PifoEngine' [/data/work/rio-synthesis/hardware-overhead/rio-only-pe5-v32-c1024-static-vivado/rtl/PifoMesh.v:4704]
INFO: [Synth 8-6157] synthesizing module 'ExternalPifoCore' [/data/work/rio-synthesis/hardware-overhead/rio-only-pe5-v32-c1024-static-vivado/rtl/PifoMesh.v:14357]
INFO: [Synth 8-6155] done synthesizing module 'ExternalPifoCore' (0#1) [/data/work/rio-synthesis/hardware-overhead/rio-only-pe5-v32-c1024-static-vivado/rtl/PifoMesh.v:14357]
INFO: [Synth 8-6157] synthesizing module 'DirectMapper' [/data/work/rio-synthesis/hardware-overhead/rio-only-pe5-v32-c1024-static-vivado/rtl/PifoMesh.v:14302]
INFO: [Synth 8-3876] $readmem data file 'PifoMesh.v_toplevel_pifoEngines_0_enque_enqueMapper_ram.bin' is read successfully [/data/work/rio-synthesis/hardware-overhead/rio-only-pe5-v32-c1024-static-vivado/rtl/PifoMesh.v:14326]
INFO: [Synth 8-6155] done synthesizing module 'DirectMapper' (0#1) [/data/work/rio-synthesis/hardware-overhead/rio-only-pe5-v32-c1024-static-vivado/rtl/PifoMesh.v:14302]
INFO: [Synth 8-6157] synthesizing module 'StreamFifoLowLatency_13' [/data/work/rio-synthesis/hardware-overhead/rio-only-pe5-v32-c1024-static-vivado/rtl/PifoMesh.v:14255]
INFO: [Synth 8-6157] synthesizing module 'StreamFifo_6' [/data/work/rio-synthesis/hardware-overhead/rio-only-pe5-v32-c1024-static-vivado/rtl/PifoMesh.v:16830]
INFO: [Synth 8-6155] done synthesizing module 'StreamFifo_6' (0#1) [/data/work/rio-synthesis/hardware-overhead/rio-only-pe5-v32-c1024-static-vivado/rtl/PifoMesh.v:16830]
INFO: [Synth 8-6155] done synthesizing module 'StreamFifoLowLatency_13' (0#1) [/data/work/rio-synthesis/hardware-overhead/rio-only-pe5-v32-c1024-static-vivado/rtl/PifoMesh.v:14255]
INFO: [Synth 8-6157] synthesizing module 'PIFOBrain' [/data/work/rio-synthesis/hardware-overhead/rio-only-pe5-v32-c1024-static-vivado/rtl/PifoMesh.v:13192]
INFO: [Synth 8-6157] synthesizing module 'StreamFork' [/data/work/rio-synthesis/hardware-overhead/rio-only-pe5-v32-c1024-static-vivado/rtl/PifoMesh.v:16705]
INFO: [Synth 8-6155] done synthesizing module 'StreamFork' (0#1) [/data/work/rio-synthesis/hardware-overhead/rio-only-pe5-v32-c1024-static-vivado/rtl/PifoMesh.v:16705]
INFO: [Synth 8-6157] synthesizing module 'Mapper' [/data/work/rio-synthesis/hardware-overhead/rio-only-pe5-v32-c1024-static-vivado/rtl/PifoMesh.v:16652]
INFO: [Synth 8-3876] $readmem data file 'PifoMesh.v_toplevel_pifoEngines_0_enque_brain_engineMapper_ram.bin' is read successfully [/data/work/rio-synthesis/hardware-overhead/rio-only-pe5-v32-c1024-static-vivado/rtl/PifoMesh.v:16675]
INFO: [Synth 8-6155] done synthesizing module 'Mapper' (0#1) [/data/work/rio-synthesis/hardware-overhead/rio-only-pe5-v32-c1024-static-vivado/rtl/PifoMesh.v:16652]
INFO: [Synth 8-6157] synthesizing module 'Mapper_1' [/data/work/rio-synthesis/hardware-overhead/rio-only-pe5-v32-c1024-static-vivado/rtl/PifoMesh.v:16599]
INFO: [Synth 8-3876] $readmem data file 'PifoMesh.v_toplevel_pifoEngines_0_enque_brain_lastVirtualMapper_ram.bin' is read successfully [/data/work/rio-synthesis/hardware-overhead/rio-only-pe5-v32-c1024-static-vivado/rtl/PifoMesh.v:16622]
INFO: [Synth 8-6155] done synthesizing module 'Mapper_1' (0#1) [/data/work/rio-synthesis/hardware-overhead/rio-only-pe5-v32-c1024-static-vivado/rtl/PifoMesh.v:16599]
INFO: [Synth 8-6157] synthesizing module 'Mapper_2' [/data/work/rio-synthesis/hardware-overhead/rio-only-pe5-v32-c1024-static-vivado/rtl/PifoMesh.v:16546]
INFO: [Synth 8-3876] $readmem data file 'PifoMesh.v_toplevel_pifoEngines_0_enque_brain_engineCAM_ram.bin' is read successfully [/data/work/rio-synthesis/hardware-overhead/rio-only-pe5-v32-c1024-static-vivado/rtl/PifoMesh.v:16569]
INFO: [Synth 8-6155] done synthesizing module 'Mapper_2' (0#1) [/data/work/rio-synthesis/hardware-overhead/rio-only-pe5-v32-c1024-static-vivado/rtl/PifoMesh.v:16546]
INFO: [Synth 8-6157] synthesizing module 'StreamFifoLowLatency_6' [/data/work/rio-synthesis/hardware-overhead/rio-only-pe5-v32-c1024-static-vivado/rtl/PifoMesh.v:16499]
INFO: [Synth 8-6157] synthesizing module 'StreamFifo_7' [/data/work/rio-synthesis/hardware-overhead/rio-only-pe5-v32-c1024-static-vivado/rtl/PifoMesh.v:17836]
INFO: [Synth 8-6155] done synthesizing module 'StreamFifo_7' (0#1) [/data/work/rio-synthesis/hardware-overhead/rio-only-pe5-v32-c1024-static-vivado/rtl/PifoMesh.v:17836]
INFO: [Synth 8-6155] done synthesizing module 'StreamFifoLowLatency_6' (0#1) [/data/work/rio-synthesis/hardware-overhead/rio-only-pe5-v32-c1024-static-vivado/rtl/PifoMesh.v:16499]
INFO: [Synth 8-6157] synthesizing module 'StreamArbiter_6' [/data/work/rio-synthesis/hardware-overhead/rio-only-pe5-v32-c1024-static-vivado/rtl/PifoMesh.v:16428]
INFO: [Synth 8-6155] done synthesizing module 'StreamArbiter_6' (0#1) [/data/work/rio-synthesis/hardware-overhead/rio-only-pe5-v32-c1024-static-vivado/rtl/PifoMesh.v:16428]
INFO: [Synth 8-6157] synthesizing module 'Mapper_3' [/data/work/rio-synthesis/hardware-overhead/rio-only-pe5-v32-c1024-static-vivado/rtl/PifoMesh.v:16375]
INFO: [Synth 8-3876] $readmem data file 'PifoMesh.v_toplevel_pifoEngines_0_enque_brain_brainStateMem_ram.bin' is read successfully [/data/work/rio-synthesis/hardware-overhead/rio-only-pe5-v32-c1024-static-vivado/rtl/PifoMesh.v:16398]
INFO: [Synth 8-6155] done synthesizing module 'Mapper_3' (0#1) [/data/work/rio-synthesis/hardware-overhead/rio-only-pe5-v32-c1024-static-vivado/rtl/PifoMesh.v:16375]
INFO: [Synth 8-6157] synthesizing module 'StreamFifoLowLatency_7' [/data/work/rio-synthesis/hardware-overhead/rio-only-pe5-v32-c1024-static-vivado/rtl/PifoMesh.v:16328]
INFO: [Synth 8-6157] synthesizing module 'StreamFifo_8' [/data/work/rio-synthesis/hardware-overhead/rio-only-pe5-v32-c1024-static-vivado/rtl/PifoMesh.v:17691]
INFO: [Synth 8-6155] done synthesizing module 'StreamFifo_8' (0#1) [/data/work/rio-synthesis/hardware-overhead/rio-only-pe5-v32-c1024-static-vivado/rtl/PifoMesh.v:17691]
INFO: [Synth 8-6155] done synthesizing module 'StreamFifoLowLatency_7' (0#1) [/data/work/rio-synthesis/hardware-overhead/rio-only-pe5-v32-c1024-static-vivado/rtl/PifoMesh.v:16328]
INFO: [Synth 8-6157] synthesizing module 'StreamArbiter_7' [/data/work/rio-synthesis/hardware-overhead/rio-only-pe5-v32-c1024-static-vivado/rtl/PifoMesh.v:16257]
INFO: [Synth 8-6155] done synthesizing module 'StreamArbiter_7' (0#1) [/data/work/rio-synthesis/hardware-overhead/rio-only-pe5-v32-c1024-static-vivado/rtl/PifoMesh.v:16257]
INFO: [Synth 8-6157] synthesizing module 'StreamFork_1' [/data/work/rio-synthesis/hardware-overhead/rio-only-pe5-v32-c1024-static-vivado/rtl/PifoMesh.v:16086]
INFO: [Synth 8-6155] done synthesizing module 'StreamFork_1' (0#1) [/data/work/rio-synthesis/hardware-overhead/rio-only-pe5-v32-c1024-static-vivado/rtl/PifoMesh.v:16086]
INFO: [Synth 8-6157] synthesizing module 'StreamFifoLowLatency_8' [/data/work/rio-synthesis/hardware-overhead/rio-only-pe5-v32-c1024-static-vivado/rtl/PifoMesh.v:16045]
INFO: [Synth 8-6157] synthesizing module 'StreamFifo_9' [/data/work/rio-synthesis/hardware-overhead/rio-only-pe5-v32-c1024-static-vivado/rtl/PifoMesh.v:17563]
INFO: [Synth 8-6155] done synthesizing module 'StreamFifo_9' (0#1) [/data/work/rio-synthesis/hardware-overhead/rio-only-pe5-v32-c1024-static-vivado/rtl/PifoMesh.v:17563]
INFO: [Synth 8-6155] done synthesizing module 'StreamFifoLowLatency_8' (0#1) [/data/work/rio-synthesis/hardware-overhead/rio-only-pe5-v32-c1024-static-vivado/rtl/PifoMesh.v:16045]
INFO: [Synth 8-6157] synthesizing module 'StreamFifoLowLatency_9' [/data/work/rio-synthesis/hardware-overhead/rio-only-pe5-v32-c1024-static-vivado/rtl/PifoMesh.v:16004]
INFO: [Synth 8-6157] synthesizing module 'StreamFifo_10' [/data/work/rio-synthesis/hardware-overhead/rio-only-pe5-v32-c1024-static-vivado/rtl/PifoMesh.v:17435]
INFO: [Synth 8-6155] done synthesizing module 'StreamFifo_10' (0#1) [/data/work/rio-synthesis/hardware-overhead/rio-only-pe5-v32-c1024-static-vivado/rtl/PifoMesh.v:17435]
INFO: [Synth 8-6155] done synthesizing module 'StreamFifoLowLatency_9' (0#1) [/data/work/rio-synthesis/hardware-overhead/rio-only-pe5-v32-c1024-static-vivado/rtl/PifoMesh.v:16004]
INFO: [Synth 8-6157] synthesizing module 'StreamFifoLowLatency_11' [/data/work/rio-synthesis/hardware-overhead/rio-only-pe5-v32-c1024-static-vivado/rtl/PifoMesh.v:15961]
INFO: [Synth 8-6157] synthesizing module 'StreamFifo_12' [/data/work/rio-synthesis/hardware-overhead/rio-only-pe5-v32-c1024-static-vivado/rtl/PifoMesh.v:17305]
INFO: [Synth 8-6155] done synthesizing module 'StreamFifo_12' (0#1) [/data/work/rio-synthesis/hardware-overhead/rio-only-pe5-v32-c1024-static-vivado/rtl/PifoMesh.v:17305]
INFO: [Synth 8-6155] done synthesizing module 'StreamFifoLowLatency_11' (0#1) [/data/work/rio-synthesis/hardware-overhead/rio-only-pe5-v32-c1024-static-vivado/rtl/PifoMesh.v:15961]
INFO: [Synth 8-6157] synthesizing module 'StreamFifoLowLatency_12' [/data/work/rio-synthesis/hardware-overhead/rio-only-pe5-v32-c1024-static-vivado/rtl/PifoMesh.v:15914]
INFO: [Synth 8-6157] synthesizing module 'StreamFifo_13' [/data/work/rio-synthesis/hardware-overhead/rio-only-pe5-v32-c1024-static-vivado/rtl/PifoMesh.v:17160]
INFO: [Synth 8-6155] done synthesizing module 'StreamFifo_13' (0#1) [/data/work/rio-synthesis/hardware-overhead/rio-only-pe5-v32-c1024-static-vivado/rtl/PifoMesh.v:17160]
INFO: [Synth 8-6155] done synthesizing module 'StreamFifoLowLatency_12' (0#1) [/data/work/rio-synthesis/hardware-overhead/rio-only-pe5-v32-c1024-static-vivado/rtl/PifoMesh.v:15914]
INFO: [Synth 8-6155] done synthesizing module 'PIFOBrain' (0#1) [/data/work/rio-synthesis/hardware-overhead/rio-only-pe5-v32-c1024-static-vivado/rtl/PifoMesh.v:13192]
INFO: [Synth 8-6157] synthesizing module 'DirectMapper_1' [/data/work/rio-synthesis/hardware-overhead/rio-only-pe5-v32-c1024-static-vivado/rtl/PifoMesh.v:13137]
INFO: [Synth 8-3876] $readmem data file 'PifoMesh.v_toplevel_pifoEngines_0_deque_dequeMapper_ram.bin' is read successfully [/data/work/rio-synthesis/hardware-overhead/rio-only-pe5-v32-c1024-static-vivado/rtl/PifoMesh.v:13161]
INFO: [Synth 8-6155] done synthesizing module 'DirectMapper_1' (0#1) [/data/work/rio-synthesis/hardware-overhead/rio-only-pe5-v32-c1024-static-vivado/rtl/PifoMesh.v:13137]
INFO: [Synth 8-6157] synthesizing module 'FrontRewriteTable' [/data/work/rio-synthesis/hardware-overhead/rio-only-pe5-v32-c1024-static-vivado/rtl/PifoMesh.v:11381]
INFO: [Synth 8-6155] done synthesizing module 'FrontRewriteTable' (0#1) [/data/work/rio-synthesis/hardware-overhead/rio-only-pe5-v32-c1024-static-vivado/rtl/PifoMesh.v:11381]
INFO: [Synth 8-6157] synthesizing module 'StreamFork_2' [/data/work/rio-synthesis/hardware-overhead/rio-only-pe5-v32-c1024-static-vivado/rtl/PifoMesh.v:11282]
INFO: [Synth 8-6155] done synthesizing module 'StreamFork_2' (0#1) [/data/work/rio-synthesis/hardware-overhead/rio-only-pe5-v32-c1024-static-vivado/rtl/PifoMesh.v:11282]
INFO: [Synth 8-6157] synthesizing module 'StreamFifoLowLatency_14' [/data/work/rio-synthesis/hardware-overhead/rio-only-pe5-v32-c1024-static-vivado/rtl/PifoMesh.v:11223]
INFO: [Synth 8-6157] synthesizing module 'StreamFifo_14' [/data/work/rio-synthesis/hardware-overhead/rio-only-pe5-v32-c1024-static-vivado/rtl/PifoMesh.v:15739]
INFO: [Synth 8-6155] done synthesizing module 'StreamFifo_14' (0#1) [/data/work/rio-synthesis/hardware-overhead/rio-only-pe5-v32-c1024-static-vivado/rtl/PifoMesh.v:15739]
INFO: [Synth 8-6155] done synthesizing module 'StreamFifoLowLatency_14' (0#1) [/data/work/rio-synthesis/hardware-overhead/rio-only-pe5-v32-c1024-static-vivado/rtl/PifoMesh.v:11223]
INFO: [Synth 8-6155] done synthesizing module 'PifoEngine' (0#1) [/data/work/rio-synthesis/hardware-overhead/rio-only-pe5-v32-c1024-static-vivado/rtl/PifoMesh.v:4704]
INFO: [Synth 8-6157] synthesizing module 'PifoEngine_1' [/data/work/rio-synthesis/hardware-overhead/rio-only-pe5-v32-c1024-static-vivado/rtl/PifoMesh.v:3851]
INFO: [Synth 8-6157] synthesizing module 'DirectMapper_2' [/data/work/rio-synthesis/hardware-overhead/rio-only-pe5-v32-c1024-static-vivado/rtl/PifoMesh.v:11164]
INFO: [Synth 8-3876] $readmem data file 'PifoMesh.v_toplevel_pifoEngines_1_enque_enqueMapper_ram.bin' is read successfully [/data/work/rio-synthesis/hardware-overhead/rio-only-pe5-v32-c1024-static-vivado/rtl/PifoMesh.v:11188]
INFO: [Synth 8-6155] done synthesizing module 'DirectMapper_2' (0#1) [/data/work/rio-synthesis/hardware-overhead/rio-only-pe5-v32-c1024-static-vivado/rtl/PifoMesh.v:11164]
INFO: [Synth 8-6157] synthesizing module 'PIFOBrain_1' [/data/work/rio-synthesis/hardware-overhead/rio-only-pe5-v32-c1024-static-vivado/rtl/PifoMesh.v:10099]
INFO: [Synth 8-6157] synthesizing module 'Mapper_4' [/data/work/rio-synthesis/hardware-overhead/rio-only-pe5-v32-c1024-static-vivado/rtl/PifoMesh.v:15682]
INFO: [Synth 8-3876] $readmem data file 'PifoMesh.v_toplevel_pifoEngines_1_enque_brain_engineMapper_ram.bin' is read successfully [/data/work/rio-synthesis/hardware-overhead/rio-only-pe5-v32-c1024-static-vivado/rtl/PifoMesh.v:15705]
INFO: [Synth 8-6155] done synthesizing module 'Mapper_4' (0#1) [/data/work/rio-synthesis/hardware-overhead/rio-only-pe5-v32-c1024-static-vivado/rtl/PifoMesh.v:15682]
INFO: [Synth 8-6157] synthesizing module 'Mapper_5' [/data/work/rio-synthesis/hardware-overhead/rio-only-pe5-v32-c1024-static-vivado/rtl/PifoMesh.v:15629]
INFO: [Synth 8-3876] $readmem data file 'PifoMesh.v_toplevel_pifoEngines_1_enque_brain_lastVirtualMapper_ram.bin' is read successfully [/data/work/rio-synthesis/hardware-overhead/rio-only-pe5-v32-c1024-static-vivado/rtl/PifoMesh.v:15652]
INFO: [Synth 8-6155] done synthesizing module 'Mapper_5' (0#1) [/data/work/rio-synthesis/hardware-overhead/rio-only-pe5-v32-c1024-static-vivado/rtl/PifoMesh.v:15629]
INFO: [Synth 8-6157] synthesizing module 'Mapper_6' [/data/work/rio-synthesis/hardware-overhead/rio-only-pe5-v32-c1024-static-vivado/rtl/PifoMesh.v:15576]
INFO: [Synth 8-3876] $readmem data file 'PifoMesh.v_toplevel_pifoEngines_1_enque_brain_engineCAM_ram.bin' is read successfully [/data/work/rio-synthesis/hardware-overhead/rio-only-pe5-v32-c1024-static-vivado/rtl/PifoMesh.v:15599]
INFO: [Synth 8-6155] done synthesizing module 'Mapper_6' (0#1) [/data/work/rio-synthesis/hardware-overhead/rio-only-pe5-v32-c1024-static-vivado/rtl/PifoMesh.v:15576]
INFO: [Synth 8-6157] synthesizing module 'Mapper_7' [/data/work/rio-synthesis/hardware-overhead/rio-only-pe5-v32-c1024-static-vivado/rtl/PifoMesh.v:15519]
INFO: [Synth 8-3876] $readmem data file 'PifoMesh.v_toplevel_pifoEngines_1_enque_brain_brainStateMem_ram.bin' is read successfully [/data/work/rio-synthesis/hardware-overhead/rio-only-pe5-v32-c1024-static-vivado/rtl/PifoMesh.v:15542]
INFO: [Synth 8-6155] done synthesizing module 'Mapper_7' (0#1) [/data/work/rio-synthesis/hardware-overhead/rio-only-pe5-v32-c1024-static-vivado/rtl/PifoMesh.v:15519]
INFO: [Synth 8-6155] done synthesizing module 'PIFOBrain_1' (0#1) [/data/work/rio-synthesis/hardware-overhead/rio-only-pe5-v32-c1024-static-vivado/rtl/PifoMesh.v:10099]
INFO: [Synth 8-6157] synthesizing module 'DirectMapper_3' [/data/work/rio-synthesis/hardware-overhead/rio-only-pe5-v32-c1024-static-vivado/rtl/PifoMesh.v:10044]
INFO: [Synth 8-3876] $readmem data file 'PifoMesh.v_toplevel_pifoEngines_1_deque_dequeMapper_ram.bin' is read successfully [/data/work/rio-synthesis/hardware-overhead/rio-only-pe5-v32-c1024-static-vivado/rtl/PifoMesh.v:10068]
INFO: [Synth 8-6155] done synthesizing module 'DirectMapper_3' (0#1) [/data/work/rio-synthesis/hardware-overhead/rio-only-pe5-v32-c1024-static-vivado/rtl/PifoMesh.v:10044]
INFO: [Synth 8-6155] done synthesizing module 'PifoEngine_1' (0#1) [/data/work/rio-synthesis/hardware-overhead/rio-only-pe5-v32-c1024-static-vivado/rtl/PifoMesh.v:3851]
INFO: [Synth 8-6157] synthesizing module 'PifoEngine_2' [/data/work/rio-synthesis/hardware-overhead/rio-only-pe5-v32-c1024-static-vivado/rtl/PifoMesh.v:2998]
INFO: [Synth 8-6157] synthesizing module 'DirectMapper_4' [/data/work/rio-synthesis/hardware-overhead/rio-only-pe5-v32-c1024-static-vivado/rtl/PifoMesh.v:9979]
INFO: [Synth 8-3876] $readmem data file 'PifoMesh.v_toplevel_pifoEngines_2_enque_enqueMapper_ram.bin' is read successfully [/data/work/rio-synthesis/hardware-overhead/rio-only-pe5-v32-c1024-static-vivado/rtl/PifoMesh.v:10003]
INFO: [Synth 8-6155] done synthesizing module 'DirectMapper_4' (0#1) [/data/work/rio-synthesis/hardware-overhead/rio-only-pe5-v32-c1024-static-vivado/rtl/PifoMesh.v:9979]
INFO: [Synth 8-6157] synthesizing module 'PIFOBrain_2' [/data/work/rio-synthesis/hardware-overhead/rio-only-pe5-v32-c1024-static-vivado/rtl/PifoMesh.v:8914]
INFO: [Synth 8-6157] synthesizing module 'Mapper_8' [/data/work/rio-synthesis/hardware-overhead/rio-only-pe5-v32-c1024-static-vivado/rtl/PifoMesh.v:15444]
INFO: [Synth 8-3876] $readmem data file 'PifoMesh.v_toplevel_pifoEngines_2_enque_brain_engineMapper_ram.bin' is read successfully [/data/work/rio-synthesis/hardware-overhead/rio-only-pe5-v32-c1024-static-vivado/rtl/PifoMesh.v:15467]
INFO: [Synth 8-6155] done synthesizing module 'Mapper_8' (0#1) [/data/work/rio-synthesis/hardware-overhead/rio-only-pe5-v32-c1024-static-vivado/rtl/PifoMesh.v:15444]
INFO: [Synth 8-6157] synthesizing module 'Mapper_9' [/data/work/rio-synthesis/hardware-overhead/rio-only-pe5-v32-c1024-static-vivado/rtl/PifoMesh.v:15391]
INFO: [Synth 8-3876] $readmem data file 'PifoMesh.v_toplevel_pifoEngines_2_enque_brain_lastVirtualMapper_ram.bin' is read successfully [/data/work/rio-synthesis/hardware-overhead/rio-only-pe5-v32-c1024-static-vivado/rtl/PifoMesh.v:15414]
INFO: [Synth 8-6155] done synthesizing module 'Mapper_9' (0#1) [/data/work/rio-synthesis/hardware-overhead/rio-only-pe5-v32-c1024-static-vivado/rtl/PifoMesh.v:15391]
INFO: [Synth 8-6157] synthesizing module 'Mapper_10' [/data/work/rio-synthesis/hardware-overhead/rio-only-pe5-v32-c1024-static-vivado/rtl/PifoMesh.v:15338]
INFO: [Synth 8-3876] $readmem data file 'PifoMesh.v_toplevel_pifoEngines_2_enque_brain_engineCAM_ram.bin' is read successfully [/data/work/rio-synthesis/hardware-overhead/rio-only-pe5-v32-c1024-static-vivado/rtl/PifoMesh.v:15361]
INFO: [Synth 8-6155] done synthesizing module 'Mapper_10' (0#1) [/data/work/rio-synthesis/hardware-overhead/rio-only-pe5-v32-c1024-static-vivado/rtl/PifoMesh.v:15338]
INFO: [Synth 8-6157] synthesizing module 'Mapper_11' [/data/work/rio-synthesis/hardware-overhead/rio-only-pe5-v32-c1024-static-vivado/rtl/PifoMesh.v:15281]
INFO: [Synth 8-3876] $readmem data file 'PifoMesh.v_toplevel_pifoEngines_2_enque_brain_brainStateMem_ram.bin' is read successfully [/data/work/rio-synthesis/hardware-overhead/rio-only-pe5-v32-c1024-static-vivado/rtl/PifoMesh.v:15304]
INFO: [Synth 8-6155] done synthesizing module 'Mapper_11' (0#1) [/data/work/rio-synthesis/hardware-overhead/rio-only-pe5-v32-c1024-static-vivado/rtl/PifoMesh.v:15281]
INFO: [Synth 8-6155] done synthesizing module 'PIFOBrain_2' (0#1) [/data/work/rio-synthesis/hardware-overhead/rio-only-pe5-v32-c1024-static-vivado/rtl/PifoMesh.v:8914]
INFO: [Synth 8-6157] synthesizing module 'DirectMapper_5' [/data/work/rio-synthesis/hardware-overhead/rio-only-pe5-v32-c1024-static-vivado/rtl/PifoMesh.v:8859]
INFO: [Synth 8-3876] $readmem data file 'PifoMesh.v_toplevel_pifoEngines_2_deque_dequeMapper_ram.bin' is read successfully [/data/work/rio-synthesis/hardware-overhead/rio-only-pe5-v32-c1024-static-vivado/rtl/PifoMesh.v:8883]
INFO: [Synth 8-6155] done synthesizing module 'DirectMapper_5' (0#1) [/data/work/rio-synthesis/hardware-overhead/rio-only-pe5-v32-c1024-static-vivado/rtl/PifoMesh.v:8859]
INFO: [Synth 8-6155] done synthesizing module 'PifoEngine_2' (0#1) [/data/work/rio-synthesis/hardware-overhead/rio-only-pe5-v32-c1024-static-vivado/rtl/PifoMesh.v:2998]
INFO: [Synth 8-6157] synthesizing module 'PifoEngine_3' [/data/work/rio-synthesis/hardware-overhead/rio-only-pe5-v32-c1024-static-vivado/rtl/PifoMesh.v:2145]
INFO: [Synth 8-6157] synthesizing module 'DirectMapper_6' [/data/work/rio-synthesis/hardware-overhead/rio-only-pe5-v32-c1024-static-vivado/rtl/PifoMesh.v:8794]
INFO: [Synth 8-3876] $readmem data file 'PifoMesh.v_toplevel_pifoEngines_3_enque_enqueMapper_ram.bin' is read successfully [/data/work/rio-synthesis/hardware-overhead/rio-only-pe5-v32-c1024-static-vivado/rtl/PifoMesh.v:8818]
INFO: [Synth 8-6155] done synthesizing module 'DirectMapper_6' (0#1) [/data/work/rio-synthesis/hardware-overhead/rio-only-pe5-v32-c1024-static-vivado/rtl/PifoMesh.v:8794]
INFO: [Synth 8-6157] synthesizing module 'PIFOBrain_3' [/data/work/rio-synthesis/hardware-overhead/rio-only-pe5-v32-c1024-static-vivado/rtl/PifoMesh.v:7729]
INFO: [Synth 8-6157] synthesizing module 'Mapper_12' [/data/work/rio-synthesis/hardware-overhead/rio-only-pe5-v32-c1024-static-vivado/rtl/PifoMesh.v:15206]
INFO: [Synth 8-3876] $readmem data file 'PifoMesh.v_toplevel_pifoEngines_3_enque_brain_engineMapper_ram.bin' is read successfully [/data/work/rio-synthesis/hardware-overhead/rio-only-pe5-v32-c1024-static-vivado/rtl/PifoMesh.v:15229]
INFO: [Synth 8-6155] done synthesizing module 'Mapper_12' (0#1) [/data/work/rio-synthesis/hardware-overhead/rio-only-pe5-v32-c1024-static-vivado/rtl/PifoMesh.v:15206]
INFO: [Synth 8-6157] synthesizing module 'Mapper_13' [/data/work/rio-synthesis/hardware-overhead/rio-only-pe5-v32-c1024-static-vivado/rtl/PifoMesh.v:15153]
INFO: [Synth 8-3876] $readmem data file 'PifoMesh.v_toplevel_pifoEngines_3_enque_brain_lastVirtualMapper_ram.bin' is read successfully [/data/work/rio-synthesis/hardware-overhead/rio-only-pe5-v32-c1024-static-vivado/rtl/PifoMesh.v:15176]
INFO: [Synth 8-6155] done synthesizing module 'Mapper_13' (0#1) [/data/work/rio-synthesis/hardware-overhead/rio-only-pe5-v32-c1024-static-vivado/rtl/PifoMesh.v:15153]
INFO: [Synth 8-6157] synthesizing module 'Mapper_14' [/data/work/rio-synthesis/hardware-overhead/rio-only-pe5-v32-c1024-static-vivado/rtl/PifoMesh.v:15100]
INFO: [Synth 8-3876] $readmem data file 'PifoMesh.v_toplevel_pifoEngines_3_enque_brain_engineCAM_ram.bin' is read successfully [/data/work/rio-synthesis/hardware-overhead/rio-only-pe5-v32-c1024-static-vivado/rtl/PifoMesh.v:15123]
INFO: [Synth 8-6155] done synthesizing module 'Mapper_14' (0#1) [/data/work/rio-synthesis/hardware-overhead/rio-only-pe5-v32-c1024-static-vivado/rtl/PifoMesh.v:15100]
INFO: [Synth 8-6157] synthesizing module 'Mapper_15' [/data/work/rio-synthesis/hardware-overhead/rio-only-pe5-v32-c1024-static-vivado/rtl/PifoMesh.v:15043]
INFO: [Synth 8-3876] $readmem data file 'PifoMesh.v_toplevel_pifoEngines_3_enque_brain_brainStateMem_ram.bin' is read successfully [/data/work/rio-synthesis/hardware-overhead/rio-only-pe5-v32-c1024-static-vivado/rtl/PifoMesh.v:15066]
INFO: [Synth 8-6155] done synthesizing module 'Mapper_15' (0#1) [/data/work/rio-synthesis/hardware-overhead/rio-only-pe5-v32-c1024-static-vivado/rtl/PifoMesh.v:15043]
INFO: [Synth 8-6155] done synthesizing module 'PIFOBrain_3' (0#1) [/data/work/rio-synthesis/hardware-overhead/rio-only-pe5-v32-c1024-static-vivado/rtl/PifoMesh.v:7729]
INFO: [Synth 8-6157] synthesizing module 'DirectMapper_7' [/data/work/rio-synthesis/hardware-overhead/rio-only-pe5-v32-c1024-static-vivado/rtl/PifoMesh.v:7674]
INFO: [Synth 8-3876] $readmem data file 'PifoMesh.v_toplevel_pifoEngines_3_deque_dequeMapper_ram.bin' is read successfully [/data/work/rio-synthesis/hardware-overhead/rio-only-pe5-v32-c1024-static-vivado/rtl/PifoMesh.v:7698]
INFO: [Synth 8-6155] done synthesizing module 'DirectMapper_7' (0#1) [/data/work/rio-synthesis/hardware-overhead/rio-only-pe5-v32-c1024-static-vivado/rtl/PifoMesh.v:7674]
INFO: [Synth 8-6155] done synthesizing module 'PifoEngine_3' (0#1) [/data/work/rio-synthesis/hardware-overhead/rio-only-pe5-v32-c1024-static-vivado/rtl/PifoMesh.v:2145]
INFO: [Synth 8-6157] synthesizing module 'PifoEngine_4' [/data/work/rio-synthesis/hardware-overhead/rio-only-pe5-v32-c1024-static-vivado/rtl/PifoMesh.v:1292]
INFO: [Synth 8-6157] synthesizing module 'DirectMapper_8' [/data/work/rio-synthesis/hardware-overhead/rio-only-pe5-v32-c1024-static-vivado/rtl/PifoMesh.v:7609]
INFO: [Synth 8-3876] $readmem data file 'PifoMesh.v_toplevel_pifoEngines_4_enque_enqueMapper_ram.bin' is read successfully [/data/work/rio-synthesis/hardware-overhead/rio-only-pe5-v32-c1024-static-vivado/rtl/PifoMesh.v:7633]
INFO: [Synth 8-6155] done synthesizing module 'DirectMapper_8' (0#1) [/data/work/rio-synthesis/hardware-overhead/rio-only-pe5-v32-c1024-static-vivado/rtl/PifoMesh.v:7609]
INFO: [Synth 8-6157] synthesizing module 'PIFOBrain_4' [/data/work/rio-synthesis/hardware-overhead/rio-only-pe5-v32-c1024-static-vivado/rtl/PifoMesh.v:6544]
INFO: [Synth 8-6157] synthesizing module 'Mapper_16' [/data/work/rio-synthesis/hardware-overhead/rio-only-pe5-v32-c1024-static-vivado/rtl/PifoMesh.v:14968]
INFO: [Synth 8-3876] $readmem data file 'PifoMesh.v_toplevel_pifoEngines_4_enque_brain_engineMapper_ram.bin' is read successfully [/data/work/rio-synthesis/hardware-overhead/rio-only-pe5-v32-c1024-static-vivado/rtl/PifoMesh.v:14991]
INFO: [Synth 8-6155] done synthesizing module 'Mapper_16' (0#1) [/data/work/rio-synthesis/hardware-overhead/rio-only-pe5-v32-c1024-static-vivado/rtl/PifoMesh.v:14968]
INFO: [Synth 8-6157] synthesizing module 'Mapper_17' [/data/work/rio-synthesis/hardware-overhead/rio-only-pe5-v32-c1024-static-vivado/rtl/PifoMesh.v:14915]
INFO: [Synth 8-3876] $readmem data file 'PifoMesh.v_toplevel_pifoEngines_4_enque_brain_lastVirtualMapper_ram.bin' is read successfully [/data/work/rio-synthesis/hardware-overhead/rio-only-pe5-v32-c1024-static-vivado/rtl/PifoMesh.v:14938]
INFO: [Synth 8-6155] done synthesizing module 'Mapper_17' (0#1) [/data/work/rio-synthesis/hardware-overhead/rio-only-pe5-v32-c1024-static-vivado/rtl/PifoMesh.v:14915]
INFO: [Synth 8-6157] synthesizing module 'Mapper_18' [/data/work/rio-synthesis/hardware-overhead/rio-only-pe5-v32-c1024-static-vivado/rtl/PifoMesh.v:14862]
INFO: [Synth 8-3876] $readmem data file 'PifoMesh.v_toplevel_pifoEngines_4_enque_brain_engineCAM_ram.bin' is read successfully [/data/work/rio-synthesis/hardware-overhead/rio-only-pe5-v32-c1024-static-vivado/rtl/PifoMesh.v:14885]
INFO: [Synth 8-6155] done synthesizing module 'Mapper_18' (0#1) [/data/work/rio-synthesis/hardware-overhead/rio-only-pe5-v32-c1024-static-vivado/rtl/PifoMesh.v:14862]
INFO: [Synth 8-6157] synthesizing module 'Mapper_19' [/data/work/rio-synthesis/hardware-overhead/rio-only-pe5-v32-c1024-static-vivado/rtl/PifoMesh.v:14805]
INFO: [Synth 8-3876] $readmem data file 'PifoMesh.v_toplevel_pifoEngines_4_enque_brain_brainStateMem_ram.bin' is read successfully [/data/work/rio-synthesis/hardware-overhead/rio-only-pe5-v32-c1024-static-vivado/rtl/PifoMesh.v:14828]
INFO: [Synth 8-6155] done synthesizing module 'Mapper_19' (0#1) [/data/work/rio-synthesis/hardware-overhead/rio-only-pe5-v32-c1024-static-vivado/rtl/PifoMesh.v:14805]
INFO: [Synth 8-6155] done synthesizing module 'PIFOBrain_4' (0#1) [/data/work/rio-synthesis/hardware-overhead/rio-only-pe5-v32-c1024-static-vivado/rtl/PifoMesh.v:6544]
INFO: [Synth 8-6157] synthesizing module 'DirectMapper_9' [/data/work/rio-synthesis/hardware-overhead/rio-only-pe5-v32-c1024-static-vivado/rtl/PifoMesh.v:6489]
INFO: [Synth 8-3876] $readmem data file 'PifoMesh.v_toplevel_pifoEngines_4_deque_dequeMapper_ram.bin' is read successfully [/data/work/rio-synthesis/hardware-overhead/rio-only-pe5-v32-c1024-static-vivado/rtl/PifoMesh.v:6513]
INFO: [Synth 8-6155] done synthesizing module 'DirectMapper_9' (0#1) [/data/work/rio-synthesis/hardware-overhead/rio-only-pe5-v32-c1024-static-vivado/rtl/PifoMesh.v:6489]
INFO: [Synth 8-6155] done synthesizing module 'PifoEngine_4' (0#1) [/data/work/rio-synthesis/hardware-overhead/rio-only-pe5-v32-c1024-static-vivado/rtl/PifoMesh.v:1292]
INFO: [Synth 8-6157] synthesizing module 'StreamFifo_51' [/data/work/rio-synthesis/hardware-overhead/rio-only-pe5-v32-c1024-static-vivado/rtl/PifoMesh.v:986]
INFO: [Synth 8-6155] done synthesizing module 'StreamFifo_51' (0#1) [/data/work/rio-synthesis/hardware-overhead/rio-only-pe5-v32-c1024-static-vivado/rtl/PifoMesh.v:986]
INFO: [Synth 8-6157] synthesizing module 'StreamDemux_6' [/data/work/rio-synthesis/hardware-overhead/rio-only-pe5-v32-c1024-static-vivado/rtl/PifoMesh.v:751]
INFO: [Synth 8-6155] done synthesizing module 'StreamDemux_6' (0#1) [/data/work/rio-synthesis/hardware-overhead/rio-only-pe5-v32-c1024-static-vivado/rtl/PifoMesh.v:751]
INFO: [Synth 8-6155] done synthesizing module 'PifoMesh' (0#1) [/data/work/rio-synthesis/hardware-overhead/rio-only-pe5-v32-c1024-static-vivado/rtl/PifoMesh.v:7]
WARNING: [Synth 8-6014] Unused sequential element logic_ptr_wentUp_reg was removed.  [/data/work/rio-synthesis/hardware-overhead/rio-only-pe5-v32-c1024-static-vivado/rtl/PifoMesh.v:17080]
WARNING: [Synth 8-6014] Unused sequential element logic_ptr_wentUp_reg was removed.  [/data/work/rio-synthesis/hardware-overhead/rio-only-pe5-v32-c1024-static-vivado/rtl/PifoMesh.v:16951]
WARNING: [Synth 8-6014] Unused sequential element logic_ptr_wentUp_reg was removed.  [/data/work/rio-synthesis/hardware-overhead/rio-only-pe5-v32-c1024-static-vivado/rtl/PifoMesh.v:17957]
WARNING: [Synth 8-6014] Unused sequential element logic_ptr_wentUp_reg was removed.  [/data/work/rio-synthesis/hardware-overhead/rio-only-pe5-v32-c1024-static-vivado/rtl/PifoMesh.v:17812]
WARNING: [Synth 8-6014] Unused sequential element logic_ptr_wentUp_reg was removed.  [/data/work/rio-synthesis/hardware-overhead/rio-only-pe5-v32-c1024-static-vivado/rtl/PifoMesh.v:17667]
WARNING: [Synth 8-6014] Unused sequential element logic_ptr_wentUp_reg was removed.  [/data/work/rio-synthesis/hardware-overhead/rio-only-pe5-v32-c1024-static-vivado/rtl/PifoMesh.v:17539]
WARNING: [Synth 8-6014] Unused sequential element logic_ptr_wentUp_reg was removed.  [/data/work/rio-synthesis/hardware-overhead/rio-only-pe5-v32-c1024-static-vivado/rtl/PifoMesh.v:17409]
WARNING: [Synth 8-6014] Unused sequential element logic_ptr_wentUp_reg was removed.  [/data/work/rio-synthesis/hardware-overhead/rio-only-pe5-v32-c1024-static-vivado/rtl/PifoMesh.v:17281]
WARNING: [Synth 8-6014] Unused sequential element logic_ptr_wentUp_reg was removed.  [/data/work/rio-synthesis/hardware-overhead/rio-only-pe5-v32-c1024-static-vivado/rtl/PifoMesh.v:15890]
WARNING: [Synth 8-6014] Unused sequential element logic_ptr_wentUp_reg was removed.  [/data/work/rio-synthesis/hardware-overhead/rio-only-pe5-v32-c1024-static-vivado/rtl/PifoMesh.v:1248]
WARNING: [Synth 8-6014] Unused sequential element logic_pop_addressGen_rData_reg was removed.  [/data/work/rio-synthesis/hardware-overhead/rio-only-pe5-v32-c1024-static-vivado/rtl/PifoMesh.v:1213]
WARNING: [Synth 8-3917] design PifoMesh has port io_commitReady driven by constant 1
WARNING: [Synth 8-7129] Port io_commit in module DirectMapper_9 is either unconnected or has no load
WARNING: [Synth 8-7129] Port reset in module Mapper_19 is either unconnected or has no load
WARNING: [Synth 8-7129] Port reset in module Mapper_18 is either unconnected or has no load
WARNING: [Synth 8-7129] Port reset in module Mapper_17 is either unconnected or has no load
WARNING: [Synth 8-7129] Port reset in module Mapper_16 is either unconnected or has no load
WARNING: [Synth 8-7129] Port io_poped_payload_data[7] in module PIFOBrain_4 is either unconnected or has no load
WARNING: [Synth 8-7129] Port io_poped_payload_data[6] in module PIFOBrain_4 is either unconnected or has no load
WARNING: [Synth 8-7129] Port io_poped_payload_data[5] in module PIFOBrain_4 is either unconnected or has no load
WARNING: [Synth 8-7129] Port io_poped_payload_data[4] in module PIFOBrain_4 is either unconnected or has no load
WARNING: [Synth 8-7129] Port io_poped_payload_data[3] in module PIFOBrain_4 is either unconnected or has no load
WARNING: [Synth 8-7129] Port io_poped_payload_data[2] in module PIFOBrain_4 is either unconnected or has no load
WARNING: [Synth 8-7129] Port io_poped_payload_data[1] in module PIFOBrain_4 is either unconnected or has no load
WARNING: [Synth 8-7129] Port io_poped_payload_data[0] in module PIFOBrain_4 is either unconnected or has no load
WARNING: [Synth 8-7129] Port io_commit in module DirectMapper_8 is either unconnected or has no load
WARNING: [Synth 8-7129] Port io_dequeueRequest_payload_engineId[2] in module PifoEngine_4 is either unconnected or has no load
WARNING: [Synth 8-7129] Port io_dequeueRequest_payload_engineId[1] in module PifoEngine_4 is either unconnected or has no load
WARNING: [Synth 8-7129] Port io_dequeueRequest_payload_engineId[0] in module PifoEngine_4 is either unconnected or has no load
WARNING: [Synth 8-7129] Port io_commit in module DirectMapper_7 is either unconnected or has no load
WARNING: [Synth 8-7129] Port reset in module Mapper_15 is either unconnected or has no load
WARNING: [Synth 8-7129] Port reset in module Mapper_14 is either unconnected or has no load
WARNING: [Synth 8-7129] Port reset in module Mapper_13 is either unconnected or has no load
WARNING: [Synth 8-7129] Port reset in module Mapper_12 is either unconnected or has no load
WARNING: [Synth 8-7129] Port io_poped_payload_data[7] in module PIFOBrain_3 is either unconnected or has no load
WARNING: [Synth 8-7129] Port io_poped_payload_data[6] in module PIFOBrain_3 is either unconnected or has no load
WARNING: [Synth 8-7129] Port io_poped_payload_data[5] in module PIFOBrain_3 is either unconnected or has no load
WARNING: [Synth 8-7129] Port io_poped_payload_data[4] in module PIFOBrain_3 is either unconnected or has no load
WARNING: [Synth 8-7129] Port io_poped_payload_data[3] in module PIFOBrain_3 is either unconnected or has no load
WARNING: [Synth 8-7129] Port io_poped_payload_data[2] in module PIFOBrain_3 is either unconnected or has no load
WARNING: [Synth 8-7129] Port io_poped_payload_data[1] in module PIFOBrain_3 is either unconnected or has no load
WARNING: [Synth 8-7129] Port io_poped_payload_data[0] in module PIFOBrain_3 is either unconnected or has no load
WARNING: [Synth 8-7129] Port io_commit in module DirectMapper_6 is either unconnected or has no load
WARNING: [Synth 8-7129] Port io_dequeueRequest_payload_engineId[2] in module PifoEngine_3 is either unconnected or has no load
WARNING: [Synth 8-7129] Port io_dequeueRequest_payload_engineId[1] in module PifoEngine_3 is either unconnected or has no load
WARNING: [Synth 8-7129] Port io_dequeueRequest_payload_engineId[0] in module PifoEngine_3 is either unconnected or has no load
WARNING: [Synth 8-7129] Port io_commit in module DirectMapper_5 is either unconnected or has no load
WARNING: [Synth 8-7129] Port reset in module Mapper_11 is either unconnected or has no load
WARNING: [Synth 8-7129] Port reset in module Mapper_10 is either unconnected or has no load
WARNING: [Synth 8-7129] Port reset in module Mapper_9 is either unconnected or has no load
WARNING: [Synth 8-7129] Port reset in module Mapper_8 is either unconnected or has no load
WARNING: [Synth 8-7129] Port io_poped_payload_data[7] in module PIFOBrain_2 is either unconnected or has no load
WARNING: [Synth 8-7129] Port io_poped_payload_data[6] in module PIFOBrain_2 is either unconnected or has no load
WARNING: [Synth 8-7129] Port io_poped_payload_data[5] in module PIFOBrain_2 is either unconnected or has no load
WARNING: [Synth 8-7129] Port io_poped_payload_data[4] in module PIFOBrain_2 is either unconnected or has no load
WARNING: [Synth 8-7129] Port io_poped_payload_data[3] in module PIFOBrain_2 is either unconnected or has no load
WARNING: [Synth 8-7129] Port io_poped_payload_data[2] in module PIFOBrain_2 is either unconnected or has no load
WARNING: [Synth 8-7129] Port io_poped_payload_data[1] in module PIFOBrain_2 is either unconnected or has no load
WARNING: [Synth 8-7129] Port io_poped_payload_data[0] in module PIFOBrain_2 is either unconnected or has no load
WARNING: [Synth 8-7129] Port io_commit in module DirectMapper_4 is either unconnected or has no load
WARNING: [Synth 8-7129] Port io_dequeueRequest_payload_engineId[2] in module PifoEngine_2 is either unconnected or has no load
WARNING: [Synth 8-7129] Port io_dequeueRequest_payload_engineId[1] in module PifoEngine_2 is either unconnected or has no load
WARNING: [Synth 8-7129] Port io_dequeueRequest_payload_engineId[0] in module PifoEngine_2 is either unconnected or has no load
WARNING: [Synth 8-7129] Port io_commit in module DirectMapper_3 is either unconnected or has no load
WARNING: [Synth 8-7129] Port reset in module Mapper_7 is either unconnected or has no load
WARNING: [Synth 8-7129] Port reset in module Mapper_6 is either unconnected or has no load
WARNING: [Synth 8-7129] Port reset in module Mapper_5 is either unconnected or has no load
WARNING: [Synth 8-7129] Port reset in module Mapper_4 is either unconnected or has no load
WARNING: [Synth 8-7129] Port io_poped_payload_data[7] in module PIFOBrain_1 is either unconnected or has no load
WARNING: [Synth 8-7129] Port io_poped_payload_data[6] in module PIFOBrain_1 is either unconnected or has no load
WARNING: [Synth 8-7129] Port io_poped_payload_data[5] in module PIFOBrain_1 is either unconnected or has no load
WARNING: [Synth 8-7129] Port io_poped_payload_data[4] in module PIFOBrain_1 is either unconnected or has no load
WARNING: [Synth 8-7129] Port io_poped_payload_data[3] in module PIFOBrain_1 is either unconnected or has no load
WARNING: [Synth 8-7129] Port io_poped_payload_data[2] in module PIFOBrain_1 is either unconnected or has no load
WARNING: [Synth 8-7129] Port io_poped_payload_data[1] in module PIFOBrain_1 is either unconnected or has no load
WARNING: [Synth 8-7129] Port io_poped_payload_data[0] in module PIFOBrain_1 is either unconnected or has no load
WARNING: [Synth 8-7129] Port io_commit in module DirectMapper_2 is either unconnected or has no load
WARNING: [Synth 8-7129] Port io_dequeueRequest_payload_engineId[2] in module PifoEngine_1 is either unconnected or has no load
WARNING: [Synth 8-7129] Port io_dequeueRequest_payload_engineId[1] in module PifoEngine_1 is either unconnected or has no load
WARNING: [Synth 8-7129] Port io_dequeueRequest_payload_engineId[0] in module PifoEngine_1 is either unconnected or has no load
WARNING: [Synth 8-7129] Port io_commit in module DirectMapper_1 is either unconnected or has no load
WARNING: [Synth 8-7129] Port reset in module Mapper_3 is either unconnected or has no load
WARNING: [Synth 8-7129] Port reset in module Mapper_2 is either unconnected or has no load
WARNING: [Synth 8-7129] Port reset in module Mapper_1 is either unconnected or has no load
WARNING: [Synth 8-7129] Port reset in module Mapper is either unconnected or has no load
WARNING: [Synth 8-7129] Port io_poped_payload_data[7] in module PIFOBrain is either unconnected or has no load
WARNING: [Synth 8-7129] Port io_poped_payload_data[6] in module PIFOBrain is either unconnected or has no load
WARNING: [Synth 8-7129] Port io_poped_payload_data[5] in module PIFOBrain is either unconnected or has no load
WARNING: [Synth 8-7129] Port io_poped_payload_data[4] in module PIFOBrain is either unconnected or has no load
WARNING: [Synth 8-7129] Port io_poped_payload_data[3] in module PIFOBrain is either unconnected or has no load
WARNING: [Synth 8-7129] Port io_poped_payload_data[2] in module PIFOBrain is either unconnected or has no load
WARNING: [Synth 8-7129] Port io_poped_payload_data[1] in module PIFOBrain is either unconnected or has no load
WARNING: [Synth 8-7129] Port io_poped_payload_data[0] in module PIFOBrain is either unconnected or has no load
WARNING: [Synth 8-7129] Port io_commit in module DirectMapper is either unconnected or has no load
WARNING: [Synth 8-7129] Port io_dequeueRequest_payload_engineId[2] in module PifoEngine is either unconnected or has no load
WARNING: [Synth 8-7129] Port io_dequeueRequest_payload_engineId[1] in module PifoEngine is either unconnected or has no load
WARNING: [Synth 8-7129] Port io_dequeueRequest_payload_engineId[0] in module PifoEngine is either unconnected or has no load
---------------------------------------------------------------------------------
Finished RTL Elaboration : Time (s): cpu = 00:00:08 ; elapsed = 00:00:09 . Memory (MB): peak = 2998.402 ; gain = 353.656 ; free physical = 185617 ; free virtual = 206627
---------------------------------------------------------------------------------
---------------------------------------------------------------------------------
Start Handling Custom Attributes
---------------------------------------------------------------------------------
---------------------------------------------------------------------------------
Finished Handling Custom Attributes : Time (s): cpu = 00:00:08 ; elapsed = 00:00:09 . Memory (MB): peak = 2998.402 ; gain = 353.656 ; free physical = 185543 ; free virtual = 206553
---------------------------------------------------------------------------------
---------------------------------------------------------------------------------
Finished RTL Optimization Phase 1 : Time (s): cpu = 00:00:08 ; elapsed = 00:00:09 . Memory (MB): peak = 2998.402 ; gain = 353.656 ; free physical = 185543 ; free virtual = 206553
---------------------------------------------------------------------------------
Netlist sorting complete. Time (s): cpu = 00:00:00.09 ; elapsed = 00:00:00.11 . Memory (MB): peak = 2998.402 ; gain = 0.000 ; free physical = 185340 ; free virtual = 206350
INFO: [Project 1-570] Preparing netlist for logic optimization

Processing XDC Constraints
Initializing timing engine
Parsing XDC File [/data/work/rio-synthesis/hardware-overhead/rio-only-pe5-v32-c1024-static-vivado/pifo.xdc]
Finished Parsing XDC File [/data/work/rio-synthesis/hardware-overhead/rio-only-pe5-v32-c1024-static-vivado/pifo.xdc]
Completed Processing XDC Constraints

Netlist sorting complete. Time (s): cpu = 00:00:00.01 ; elapsed = 00:00:00.01 . Memory (MB): peak = 3088.641 ; gain = 0.000 ; free physical = 184526 ; free virtual = 205536
INFO: [Project 1-111] Unisim Transformation Summary:
No Unisim elements were transformed.

Constraint Validation Runtime : Time (s): cpu = 00:00:00.22 ; elapsed = 00:00:00.11 . Memory (MB): peak = 3088.676 ; gain = 0.000 ; free physical = 184514 ; free virtual = 205524
can't rename to "rt::pifo_device_capacity_check": command already exists
INFO: [Common 17-83] Releasing license: Synthesis
180 Infos, 97 Warnings, 0 Critical Warnings and 1 Errors encountered.
synth_design failed
synth_design: Time (s): cpu = 00:00:28 ; elapsed = 00:00:29 . Memory (MB): peak = 3088.676 ; gain = 1505.352 ; free physical = 184065 ; free virtual = 205090
INFO: [Common 17-2834] synth_design peak Physical Memory [PSS] (MB): overall = 2449.627; main = 2165.177; forked = 293.608
INFO: [Common 17-2834] synth_design peak Virtual Memory [VSS] (MB): overall = 4075.301; main = 3088.645; forked = 986.656
ERROR: [Common 17-69] Command failed: Vivado Synthesis failed
INFO: [Common 17-206] Exiting Vivado at Sun Sep  6 22:54:13 2026...
