Copyright 1986-2022 Xilinx, Inc. All Rights Reserved. Copyright 2022-2025 Advanced Micro Devices, Inc. All Rights Reserved.
------------------------------------------------------------------------------------------------------------------------------------------------------------------------------------------
| Tool Version : Vivado v.2025.2 (lin64) Build 6299465 Fri Nov 14 12:34:56 MST 2025
| Date         : Mon Sep  7 14:46:01 2026
| Host         : netarch-cxl.ece.cornell.edu running 64-bit Ubuntu 24.04.4 LTS
| Command      : report_utilization -hierarchical -hierarchical_depth 5 -file /data/work/rio-synthesis/shared-fifo-34e35d2/pifo-house-v256-c1024-vivado/reports/utilization-hierarchy.rpt
| Design       : PifoMesh
| Device       : xcku5p-ffvb676-2-e
| Speed File   : -2
| Design State : Synthesized
------------------------------------------------------------------------------------------------------------------------------------------------------------------------------------------

Utilization Design Information

Table of Contents
-----------------
1. Utilization by Hierarchy

1. Utilization by Hierarchy
---------------------------

+----------+-------------------+------------+------------+---------+------+-------+--------+--------+------+------------+
| Instance |       Module      | Total LUTs | Logic LUTs | LUTRAMs | SRLs |  FFs  | RAMB36 | RAMB18 | URAM | DSP Blocks |
+----------+-------------------+------------+------------+---------+------+-------+--------+--------+------+------------+
| PifoMesh |             (top) |     116236 |     116236 |       0 |    0 | 27749 |      0 |      0 |    0 |          0 |
|   core   | ConcurrentPifoRTL |     116236 |     116236 |       0 |    0 | 27749 |      0 |      0 |    0 |          0 |
+----------+-------------------+------------+------------+---------+------+-------+--------+--------+------+------------+


