Copyright 1986-2022 Xilinx, Inc. All Rights Reserved. Copyright 2022-2025 Advanced Micro Devices, Inc. All Rights Reserved.
------------------------------------------------------------------------------------------------------------------------------------------------------------------------
| Tool Version : Vivado v.2025.2 (lin64) Build 6299465 Fri Nov 14 12:34:56 MST 2025
| Date         : Wed Sep  9 15:52:40 2026
| Host         : netarch-cxl.ece.cornell.edu running 64-bit Ubuntu 24.04.4 LTS
| Command      : report_ram_utilization -file /data/work/rio-synthesis/cam-pipeline-kcu116-20260909/pe5-v1024-c1024-q256-p128-static-kcu116/reports/ram-utilization.rpt
| Design       : PifoMesh
| Device       : xcku5p-ffvb676-2-e
| Speed File   : -2
------------------------------------------------------------------------------------------------------------------------------------------------------------------------

RAM Usage Information

Table of Contents
-----------------
1. Summary
2. Memory Description
3. Memory Utilization - Inferred
4. Memory Performance - Inferred
5. Block Ram / URAM Memory Power - Inferred

1. Summary
----------

+--------------------------+------------+-----------+-------+-----------+
| Memory Type              | Total Used | Available | Util% | Inferred% |
+--------------------------+------------+-----------+-------+-----------+
| URAM                     |          0 |        64 |  0.00 |      0.00 |
| BlockRAM                 |         21 |       480 |  4.38 |    100.00 |
|  RAMB36E2                |         16 |           |       |    100.00 |
|  RAMB18E2                |         10 |           |       |    100.00 |
| LUTMs as Distributed RAM |        488 |     99840 |  0.49 |    100.00 |
|  LUTMs as RAM32M16       |        168 |           |       |    100.00 |
|  LUTMs as RAM256X1D      |        320 |           |       |    100.00 |
+--------------------------+------------+-----------+-------+-----------+
*  Each RAMB18 is calculated as 0.5 BlockRAM
**  Tables 2, 3, 4 and 5 cover RAMs inferred by Vivado Synthesis using XPMs or RTL inference
***  XRAMs are not reported for detailed tables


2. Memory Description
---------------------

+----------------------------------------------------------------------------+------------+-----------+-------------+------------------------+------------------------+
| Memory Name                                                                | Array Size | RAM_STYLE | Memory Type | Port 1 Dimension / Map | Port 2 Dimension / Map |
+----------------------------------------------------------------------------+------------+-----------+-------------+------------------------+------------------------+
| pifoEngines_0/enque_brain/pipelinedCamMapper_10/banks_0_values             |      65536 |           | RAM_SDP     | 2048x18                | 2048x18                |
|  pifoEngines_0/enque_brain/pipelinedCamMapper_10/banks_0_values_reg_bram_0 |      36864 |      AUTO |             |  A:A:2048x18           |  B:B:2048x18           |
| pifoEngines_1/enque_brain/pipelinedCamMapper_10/banks_0_values             |      65536 |           | RAM_SDP     | 2048x18                | 2048x18                |
|  pifoEngines_1/enque_brain/pipelinedCamMapper_10/banks_0_values_reg_bram_0 |      36864 |      AUTO |             |  A:A:2048x18           |  B:B:2048x18           |
| pifoEngines_2/enque_brain/pipelinedCamMapper_10/banks_0_values             |      65536 |           | RAM_SDP     | 2048x18                | 2048x18                |
|  pifoEngines_2/enque_brain/pipelinedCamMapper_10/banks_0_values_reg_bram_0 |      36864 |      AUTO |             |  A:A:2048x18           |  B:B:2048x18           |
| pifoEngines_3/enque_brain/pipelinedCamMapper_10/banks_0_values             |      65536 |           | RAM_SDP     | 2048x18                | 2048x18                |
|  pifoEngines_3/enque_brain/pipelinedCamMapper_10/banks_0_values_reg_bram_0 |      36864 |      AUTO |             |  A:A:2048x18           |  B:B:2048x18           |
| pifoEngines_4/enque_brain/pipelinedCamMapper_10/banks_0_values             |      65536 |           | RAM_SDP     | 2048x18                | 2048x18                |
|  pifoEngines_4/enque_brain/pipelinedCamMapper_10/banks_0_values_reg_bram_0 |      36864 |      AUTO |             |  A:A:2048x18           |  B:B:2048x18           |
| pifoEngines_0/enque_brain/brainStateMem/ram                                |      32768 |           | RAM_SDP     | 1024x32                | 1024x32                |
|  pifoEngines_0/enque_brain/brainStateMem/ram_reg_bram_0                    |      32768 |      AUTO |             |  A:A:1024x32           |  B:B:1024x32           |
| pifoEngines_1/enque_brain/brainStateMem/ram                                |      32768 |           | RAM_SDP     | 1024x32                | 1024x32                |
|  pifoEngines_1/enque_brain/brainStateMem/ram_reg_bram_0                    |      32768 |      AUTO |             |  A:A:1024x32           |  B:B:1024x32           |
| pifoEngines_2/enque_brain/brainStateMem/ram                                |      32768 |           | RAM_SDP     | 1024x32                | 1024x32                |
|  pifoEngines_2/enque_brain/brainStateMem/ram_reg_bram_0                    |      32768 |      AUTO |             |  A:A:1024x32           |  B:B:1024x32           |
| pifoEngines_3/enque_brain/brainStateMem/ram                                |      32768 |           | RAM_SDP     | 1024x32                | 1024x32                |
|  pifoEngines_3/enque_brain/brainStateMem/ram_reg_bram_0                    |      32768 |      AUTO |             |  A:A:1024x32           |  B:B:1024x32           |
| pifoEngines_4/enque_brain/brainStateMem/ram                                |      32768 |           | RAM_SDP     | 1024x32                | 1024x32                |
|  pifoEngines_4/enque_brain/brainStateMem/ram_reg_bram_0                    |      32768 |      AUTO |             |  A:A:1024x32           |  B:B:1024x32           |
| pifoEngines_0/pipelinedCamMapper_10/banks_0_values                         |      26624 |           | RAM_SDP     | 2048x13                | 2048x13                |
|  pifoEngines_0/pipelinedCamMapper_10/banks_0_values_reg_bram_0             |      26624 |      AUTO |             |  A:A:2048x13           |  B:B:2048x13           |
| pifoEngines_1/pipelinedCamMapper_10/banks_0_values                         |      26624 |           | RAM_SDP     | 2048x13                | 2048x13                |
|  pifoEngines_1/pipelinedCamMapper_10/banks_0_values_reg_bram_0             |      26624 |      AUTO |             |  A:A:2048x13           |  B:B:2048x13           |
| pifoEngines_2/pipelinedCamMapper_10/banks_0_values                         |      26624 |           | RAM_SDP     | 2048x13                | 2048x13                |
|  pifoEngines_2/pipelinedCamMapper_10/banks_0_values_reg_bram_0             |      26624 |      AUTO |             |  A:A:2048x13           |  B:B:2048x13           |
| pifoEngines_3/pipelinedCamMapper_10/banks_0_values                         |      26624 |           | RAM_SDP     | 2048x13                | 2048x13                |
|  pifoEngines_3/pipelinedCamMapper_10/banks_0_values_reg_bram_0             |      26624 |      AUTO |             |  A:A:2048x13           |  B:B:2048x13           |
| pifoEngines_4/pipelinedCamMapper_10/banks_0_values                         |      26624 |           | RAM_SDP     | 2048x13                | 2048x13                |
|  pifoEngines_4/pipelinedCamMapper_10/banks_0_values_reg_bram_0             |      26624 |      AUTO |             |  A:A:2048x13           |  B:B:2048x13           |
| io_controlRequest_fifo/logic_ram                                           |      15616 |           | RAM_SDP     | 512x61                 | 512x61                 |
|  io_controlRequest_fifo/logic_ram_reg                                      |      31232 |      AUTO |             |  B:B:256x61            |  A:A:256x61            |
| pifoEngines_0/enque_enqueMapper/ram                                        |      10240 |           | RAM_SDP     | 1024x10                | 1024x10                |
|  pifoEngines_0/enque_enqueMapper/ram_reg_bram_0                            |      10240 |      AUTO |             |  A:A:1024x10           |  B:B:1024x10           |
| pifoEngines_1/enque_enqueMapper/ram                                        |      10240 |           | RAM_SDP     | 1024x10                | 1024x10                |
|  pifoEngines_1/enque_enqueMapper/ram_reg_bram_0                            |      10240 |      AUTO |             |  A:A:1024x10           |  B:B:1024x10           |
| pifoEngines_2/enque_enqueMapper/ram                                        |      10240 |           | RAM_SDP     | 1024x10                | 1024x10                |
|  pifoEngines_2/enque_enqueMapper/ram_reg_bram_0                            |      10240 |      AUTO |             |  A:A:1024x10           |  B:B:1024x10           |
| pifoEngines_3/enque_enqueMapper/ram                                        |      10240 |           | RAM_SDP     | 1024x10                | 1024x10                |
|  pifoEngines_3/enque_enqueMapper/ram_reg_bram_0                            |      10240 |      AUTO |             |  A:A:1024x10           |  B:B:1024x10           |
| pifoEngines_4/enque_enqueMapper/ram                                        |      10240 |           | RAM_SDP     | 1024x10                | 1024x10                |
|  pifoEngines_4/enque_enqueMapper/ram_reg_bram_0                            |      10240 |      AUTO |             |  A:A:1024x10           |  B:B:1024x10           |
| pifoEngines_0/enque_brain/lastVirtualMapper/ram                            |       8192 |           | RAM_SDP     | 1024x8                 | 1024x8                 |
|  pifoEngines_0/enque_brain/lastVirtualMapper/ram_reg_bram_0                |       8192 |      AUTO |             |  A:A:1024x8            |  B:B:1024x8            |
| pifoEngines_1/enque_brain/lastVirtualMapper/ram                            |       8192 |           | RAM_SDP     | 1024x8                 | 1024x8                 |
|  pifoEngines_1/enque_brain/lastVirtualMapper/ram_reg_bram_0                |       8192 |      AUTO |             |  A:A:1024x8            |  B:B:1024x8            |
| pifoEngines_2/enque_brain/lastVirtualMapper/ram                            |       8192 |           | RAM_SDP     | 1024x8                 | 1024x8                 |
|  pifoEngines_2/enque_brain/lastVirtualMapper/ram_reg_bram_0                |       8192 |      AUTO |             |  A:A:1024x8            |  B:B:1024x8            |
| pifoEngines_3/enque_brain/lastVirtualMapper/ram                            |       8192 |           | RAM_SDP     | 1024x8                 | 1024x8                 |
|  pifoEngines_3/enque_brain/lastVirtualMapper/ram_reg_bram_0                |       8192 |      AUTO |             |  A:A:1024x8            |  B:B:1024x8            |
| pifoEngines_4/enque_brain/lastVirtualMapper/ram                            |       8192 |           | RAM_SDP     | 1024x8                 | 1024x8                 |
|  pifoEngines_4/enque_brain/lastVirtualMapper/ram_reg_bram_0                |       8192 |      AUTO |             |  A:A:1024x8            |  B:B:1024x8            |
+----------------------------------------------------------------------------+------------+-----------+-------------+------------------------+------------------------+


3. Memory Utilization - Inferred
--------------------------------

+----------------------------------------------------------------------------+-----------+-----------+----------------+-----------+-----------+---------+---------------+---------------+---------+---------------+---------------+---------+---------------+---------------+---------+---------------+---------------+
| Memory Name                                                                | Primitive | RAM STYLE | Available Bits | Used Bits | Bit Util% | A Depth | A Depth Avail | A Depth Util% | A Width | A Width Avail | A Width Util% | B Depth | B Depth Avail | B Depth Util% | B Width | B Width Avail | B Width Util% |
+----------------------------------------------------------------------------+-----------+-----------+----------------+-----------+-----------+---------+---------------+---------------+---------+---------------+---------------+---------+---------------+---------------+---------+---------------+---------------+
| pifoEngines_0/enque_brain/pipelinedCamMapper_10/banks_0_values             |           |           |                |           |           |         |               |               |         |               |               |         |               |               |         |               |               |
|  pifoEngines_0/enque_brain/pipelinedCamMapper_10/banks_0_values_reg_bram_0 | RAMB36E2  |      AUTO |          36864 |     36864 |    100.00 |    2048 |          2048 |        100.00 |      18 |            18 |        100.00 |    2048 |          2048 |        100.00 |      18 |            18 |        100.00 |
| pifoEngines_1/enque_brain/pipelinedCamMapper_10/banks_0_values             |           |           |                |           |           |         |               |               |         |               |               |         |               |               |         |               |               |
|  pifoEngines_1/enque_brain/pipelinedCamMapper_10/banks_0_values_reg_bram_0 | RAMB36E2  |      AUTO |          36864 |     36864 |    100.00 |    2048 |          2048 |        100.00 |      18 |            18 |        100.00 |    2048 |          2048 |        100.00 |      18 |            18 |        100.00 |
| pifoEngines_2/enque_brain/pipelinedCamMapper_10/banks_0_values             |           |           |                |           |           |         |               |               |         |               |               |         |               |               |         |               |               |
|  pifoEngines_2/enque_brain/pipelinedCamMapper_10/banks_0_values_reg_bram_0 | RAMB36E2  |      AUTO |          36864 |     36864 |    100.00 |    2048 |          2048 |        100.00 |      18 |            18 |        100.00 |    2048 |          2048 |        100.00 |      18 |            18 |        100.00 |
| pifoEngines_3/enque_brain/pipelinedCamMapper_10/banks_0_values             |           |           |                |           |           |         |               |               |         |               |               |         |               |               |         |               |               |
|  pifoEngines_3/enque_brain/pipelinedCamMapper_10/banks_0_values_reg_bram_0 | RAMB36E2  |      AUTO |          36864 |     36864 |    100.00 |    2048 |          2048 |        100.00 |      18 |            18 |        100.00 |    2048 |          2048 |        100.00 |      18 |            18 |        100.00 |
| pifoEngines_4/enque_brain/pipelinedCamMapper_10/banks_0_values             |           |           |                |           |           |         |               |               |         |               |               |         |               |               |         |               |               |
|  pifoEngines_4/enque_brain/pipelinedCamMapper_10/banks_0_values_reg_bram_0 | RAMB36E2  |      AUTO |          36864 |     36864 |    100.00 |    2048 |          2048 |        100.00 |      18 |            18 |        100.00 |    2048 |          2048 |        100.00 |      18 |            18 |        100.00 |
| pifoEngines_0/enque_brain/brainStateMem/ram                                |           |           |                |           |           |         |               |               |         |               |               |         |               |               |         |               |               |
|  pifoEngines_0/enque_brain/brainStateMem/ram_reg_bram_0                    | RAMB36E2  |      AUTO |          36864 |     32768 |     88.89 |    1024 |          1024 |        100.00 |      32 |            36 |         88.89 |    1024 |          1024 |        100.00 |      32 |            36 |         88.89 |
| pifoEngines_1/enque_brain/brainStateMem/ram                                |           |           |                |           |           |         |               |               |         |               |               |         |               |               |         |               |               |
|  pifoEngines_1/enque_brain/brainStateMem/ram_reg_bram_0                    | RAMB36E2  |      AUTO |          36864 |     32768 |     88.89 |    1024 |          1024 |        100.00 |      32 |            36 |         88.89 |    1024 |          1024 |        100.00 |      32 |            36 |         88.89 |
| pifoEngines_2/enque_brain/brainStateMem/ram                                |           |           |                |           |           |         |               |               |         |               |               |         |               |               |         |               |               |
|  pifoEngines_2/enque_brain/brainStateMem/ram_reg_bram_0                    | RAMB36E2  |      AUTO |          36864 |     32768 |     88.89 |    1024 |          1024 |        100.00 |      32 |            36 |         88.89 |    1024 |          1024 |        100.00 |      32 |            36 |         88.89 |
| pifoEngines_3/enque_brain/brainStateMem/ram                                |           |           |                |           |           |         |               |               |         |               |               |         |               |               |         |               |               |
|  pifoEngines_3/enque_brain/brainStateMem/ram_reg_bram_0                    | RAMB36E2  |      AUTO |          36864 |     32768 |     88.89 |    1024 |          1024 |        100.00 |      32 |            36 |         88.89 |    1024 |          1024 |        100.00 |      32 |            36 |         88.89 |
| pifoEngines_4/enque_brain/brainStateMem/ram                                |           |           |                |           |           |         |               |               |         |               |               |         |               |               |         |               |               |
|  pifoEngines_4/enque_brain/brainStateMem/ram_reg_bram_0                    | RAMB36E2  |      AUTO |          36864 |     32768 |     88.89 |    1024 |          1024 |        100.00 |      32 |            36 |         88.89 |    1024 |          1024 |        100.00 |      32 |            36 |         88.89 |
| pifoEngines_0/pipelinedCamMapper_10/banks_0_values                         |           |           |                |           |           |         |               |               |         |               |               |         |               |               |         |               |               |
|  pifoEngines_0/pipelinedCamMapper_10/banks_0_values_reg_bram_0             | RAMB36E2  |      AUTO |          36864 |     26624 |     72.22 |    2048 |          2048 |        100.00 |      13 |            18 |         72.22 |    2048 |          2048 |        100.00 |      13 |            18 |         72.22 |
| pifoEngines_1/pipelinedCamMapper_10/banks_0_values                         |           |           |                |           |           |         |               |               |         |               |               |         |               |               |         |               |               |
|  pifoEngines_1/pipelinedCamMapper_10/banks_0_values_reg_bram_0             | RAMB36E2  |      AUTO |          36864 |     26624 |     72.22 |    2048 |          2048 |        100.00 |      13 |            18 |         72.22 |    2048 |          2048 |        100.00 |      13 |            18 |         72.22 |
| pifoEngines_2/pipelinedCamMapper_10/banks_0_values                         |           |           |                |           |           |         |               |               |         |               |               |         |               |               |         |               |               |
|  pifoEngines_2/pipelinedCamMapper_10/banks_0_values_reg_bram_0             | RAMB36E2  |      AUTO |          36864 |     26624 |     72.22 |    2048 |          2048 |        100.00 |      13 |            18 |         72.22 |    2048 |          2048 |        100.00 |      13 |            18 |         72.22 |
| pifoEngines_3/pipelinedCamMapper_10/banks_0_values                         |           |           |                |           |           |         |               |               |         |               |               |         |               |               |         |               |               |
|  pifoEngines_3/pipelinedCamMapper_10/banks_0_values_reg_bram_0             | RAMB36E2  |      AUTO |          36864 |     26624 |     72.22 |    2048 |          2048 |        100.00 |      13 |            18 |         72.22 |    2048 |          2048 |        100.00 |      13 |            18 |         72.22 |
| pifoEngines_4/pipelinedCamMapper_10/banks_0_values                         |           |           |                |           |           |         |               |               |         |               |               |         |               |               |         |               |               |
|  pifoEngines_4/pipelinedCamMapper_10/banks_0_values_reg_bram_0             | RAMB36E2  |      AUTO |          36864 |     26624 |     72.22 |    2048 |          2048 |        100.00 |      13 |            18 |         72.22 |    2048 |          2048 |        100.00 |      13 |            18 |         72.22 |
| io_controlRequest_fifo/logic_ram                                           |           |           |                |           |           |         |               |               |         |               |               |         |               |               |         |               |               |
|  io_controlRequest_fifo/logic_ram_reg                                      | RAMB36E2  |      AUTO |          36864 |     15616 |     42.36 |     256 |           512 |         50.00 |      61 |            72 |         84.72 |     256 |           512 |         50.00 |      61 |            72 |         84.72 |
| pifoEngines_0/enque_enqueMapper/ram                                        |           |           |                |           |           |         |               |               |         |               |               |         |               |               |         |               |               |
|  pifoEngines_0/enque_enqueMapper/ram_reg_bram_0                            | RAMB18E2  |      AUTO |          18432 |     10240 |     55.56 |    1024 |          1024 |        100.00 |      10 |            18 |         55.56 |    1024 |          1024 |        100.00 |      10 |            18 |         55.56 |
| pifoEngines_1/enque_enqueMapper/ram                                        |           |           |                |           |           |         |               |               |         |               |               |         |               |               |         |               |               |
|  pifoEngines_1/enque_enqueMapper/ram_reg_bram_0                            | RAMB18E2  |      AUTO |          18432 |     10240 |     55.56 |    1024 |          1024 |        100.00 |      10 |            18 |         55.56 |    1024 |          1024 |        100.00 |      10 |            18 |         55.56 |
| pifoEngines_2/enque_enqueMapper/ram                                        |           |           |                |           |           |         |               |               |         |               |               |         |               |               |         |               |               |
|  pifoEngines_2/enque_enqueMapper/ram_reg_bram_0                            | RAMB18E2  |      AUTO |          18432 |     10240 |     55.56 |    1024 |          1024 |        100.00 |      10 |            18 |         55.56 |    1024 |          1024 |        100.00 |      10 |            18 |         55.56 |
| pifoEngines_3/enque_enqueMapper/ram                                        |           |           |                |           |           |         |               |               |         |               |               |         |               |               |         |               |               |
|  pifoEngines_3/enque_enqueMapper/ram_reg_bram_0                            | RAMB18E2  |      AUTO |          18432 |     10240 |     55.56 |    1024 |          1024 |        100.00 |      10 |            18 |         55.56 |    1024 |          1024 |        100.00 |      10 |            18 |         55.56 |
| pifoEngines_4/enque_enqueMapper/ram                                        |           |           |                |           |           |         |               |               |         |               |               |         |               |               |         |               |               |
|  pifoEngines_4/enque_enqueMapper/ram_reg_bram_0                            | RAMB18E2  |      AUTO |          18432 |     10240 |     55.56 |    1024 |          1024 |        100.00 |      10 |            18 |         55.56 |    1024 |          1024 |        100.00 |      10 |            18 |         55.56 |
| pifoEngines_0/enque_brain/lastVirtualMapper/ram                            |           |           |                |           |           |         |               |               |         |               |               |         |               |               |         |               |               |
|  pifoEngines_0/enque_brain/lastVirtualMapper/ram_reg_bram_0                | RAMB18E2  |      AUTO |          18432 |      8192 |     44.44 |    1024 |          1024 |        100.00 |       8 |            18 |         44.44 |    1024 |          1024 |        100.00 |       8 |            18 |         44.44 |
| pifoEngines_1/enque_brain/lastVirtualMapper/ram                            |           |           |                |           |           |         |               |               |         |               |               |         |               |               |         |               |               |
|  pifoEngines_1/enque_brain/lastVirtualMapper/ram_reg_bram_0                | RAMB18E2  |      AUTO |          18432 |      8192 |     44.44 |    1024 |          1024 |        100.00 |       8 |            18 |         44.44 |    1024 |          1024 |        100.00 |       8 |            18 |         44.44 |
| pifoEngines_2/enque_brain/lastVirtualMapper/ram                            |           |           |                |           |           |         |               |               |         |               |               |         |               |               |         |               |               |
|  pifoEngines_2/enque_brain/lastVirtualMapper/ram_reg_bram_0                | RAMB18E2  |      AUTO |          18432 |      8192 |     44.44 |    1024 |          1024 |        100.00 |       8 |            18 |         44.44 |    1024 |          1024 |        100.00 |       8 |            18 |         44.44 |
| pifoEngines_3/enque_brain/lastVirtualMapper/ram                            |           |           |                |           |           |         |               |               |         |               |               |         |               |               |         |               |               |
|  pifoEngines_3/enque_brain/lastVirtualMapper/ram_reg_bram_0                | RAMB18E2  |      AUTO |          18432 |      8192 |     44.44 |    1024 |          1024 |        100.00 |       8 |            18 |         44.44 |    1024 |          1024 |        100.00 |       8 |            18 |         44.44 |
| pifoEngines_4/enque_brain/lastVirtualMapper/ram                            |           |           |                |           |           |         |               |               |         |               |               |         |               |               |         |               |               |
|  pifoEngines_4/enque_brain/lastVirtualMapper/ram_reg_bram_0                | RAMB18E2  |      AUTO |          18432 |      8192 |     44.44 |    1024 |          1024 |        100.00 |       8 |            18 |         44.44 |    1024 |          1024 |        100.00 |       8 |            18 |         44.44 |
+----------------------------------------------------------------------------+-----------+-----------+----------------+-----------+-----------+---------+---------------+---------------+---------+---------------+---------------+---------+---------------+---------------+---------+---------------+---------------+


4. Memory Performance - Inferred
--------------------------------

+----------------------------------------------------------------------------+-----------+------------------------+------------------------+-------------+-------------------------+-------------+-------------------------+-----------+--------+--------+---------+-----------+--------+--------+---------+
| Memory Name                                                                | Primitive | Port 1 Dimension / Map | Port 2 Dimension / Map | Port A Type | Port A Requirement (ns) | Port B Type | Port B Requirement (ns) | A Cascade | IREG_A | OREG_A | DOA_REG | B Cascade | IREG_B | OREG_B | DOB_REG |
+----------------------------------------------------------------------------+-----------+------------------------+------------------------+-------------+-------------------------+-------------+-------------------------+-----------+--------+--------+---------+-----------+--------+--------+---------+
| pifoEngines_0/enque_brain/pipelinedCamMapper_10/banks_0_values             |           | 2048x18                | 2048x18                |             |                         |             |                         |           |        |        |         |           |        |        |         |
|  pifoEngines_0/enque_brain/pipelinedCamMapper_10/banks_0_values_reg_bram_0 | RAMB36E2  |  A:A:2048x18           |  B:B:2048x18           |       Write |                    10.0 |        Read |                    10.0 |      NONE |        |        |       0 |      NONE |        |        |       0 |
| pifoEngines_1/enque_brain/pipelinedCamMapper_10/banks_0_values             |           | 2048x18                | 2048x18                |             |                         |             |                         |           |        |        |         |           |        |        |         |
|  pifoEngines_1/enque_brain/pipelinedCamMapper_10/banks_0_values_reg_bram_0 | RAMB36E2  |  A:A:2048x18           |  B:B:2048x18           |       Write |                    10.0 |        Read |                    10.0 |      NONE |        |        |       0 |      NONE |        |        |       0 |
| pifoEngines_2/enque_brain/pipelinedCamMapper_10/banks_0_values             |           | 2048x18                | 2048x18                |             |                         |             |                         |           |        |        |         |           |        |        |         |
|  pifoEngines_2/enque_brain/pipelinedCamMapper_10/banks_0_values_reg_bram_0 | RAMB36E2  |  A:A:2048x18           |  B:B:2048x18           |       Write |                    10.0 |        Read |                    10.0 |      NONE |        |        |       0 |      NONE |        |        |       0 |
| pifoEngines_3/enque_brain/pipelinedCamMapper_10/banks_0_values             |           | 2048x18                | 2048x18                |             |                         |             |                         |           |        |        |         |           |        |        |         |
|  pifoEngines_3/enque_brain/pipelinedCamMapper_10/banks_0_values_reg_bram_0 | RAMB36E2  |  A:A:2048x18           |  B:B:2048x18           |       Write |                    10.0 |        Read |                    10.0 |      NONE |        |        |       0 |      NONE |        |        |       0 |
| pifoEngines_4/enque_brain/pipelinedCamMapper_10/banks_0_values             |           | 2048x18                | 2048x18                |             |                         |             |                         |           |        |        |         |           |        |        |         |
|  pifoEngines_4/enque_brain/pipelinedCamMapper_10/banks_0_values_reg_bram_0 | RAMB36E2  |  A:A:2048x18           |  B:B:2048x18           |       Write |                    10.0 |        Read |                    10.0 |      NONE |        |        |       0 |      NONE |        |        |       0 |
| pifoEngines_0/enque_brain/brainStateMem/ram                                |           | 1024x32                | 1024x32                |             |                         |             |                         |           |        |        |         |           |        |        |         |
|  pifoEngines_0/enque_brain/brainStateMem/ram_reg_bram_0                    | RAMB36E2  |  A:A:1024x32           |  B:B:1024x32           |       Write |                    10.0 |        Read |                    10.0 |      NONE |        |        |       0 |      NONE |        |        |       0 |
| pifoEngines_1/enque_brain/brainStateMem/ram                                |           | 1024x32                | 1024x32                |             |                         |             |                         |           |        |        |         |           |        |        |         |
|  pifoEngines_1/enque_brain/brainStateMem/ram_reg_bram_0                    | RAMB36E2  |  A:A:1024x32           |  B:B:1024x32           |       Write |                    10.0 |        Read |                    10.0 |      NONE |        |        |       0 |      NONE |        |        |       0 |
| pifoEngines_2/enque_brain/brainStateMem/ram                                |           | 1024x32                | 1024x32                |             |                         |             |                         |           |        |        |         |           |        |        |         |
|  pifoEngines_2/enque_brain/brainStateMem/ram_reg_bram_0                    | RAMB36E2  |  A:A:1024x32           |  B:B:1024x32           |       Write |                    10.0 |        Read |                    10.0 |      NONE |        |        |       0 |      NONE |        |        |       0 |
| pifoEngines_3/enque_brain/brainStateMem/ram                                |           | 1024x32                | 1024x32                |             |                         |             |                         |           |        |        |         |           |        |        |         |
|  pifoEngines_3/enque_brain/brainStateMem/ram_reg_bram_0                    | RAMB36E2  |  A:A:1024x32           |  B:B:1024x32           |       Write |                    10.0 |        Read |                    10.0 |      NONE |        |        |       0 |      NONE |        |        |       0 |
| pifoEngines_4/enque_brain/brainStateMem/ram                                |           | 1024x32                | 1024x32                |             |                         |             |                         |           |        |        |         |           |        |        |         |
|  pifoEngines_4/enque_brain/brainStateMem/ram_reg_bram_0                    | RAMB36E2  |  A:A:1024x32           |  B:B:1024x32           |       Write |                    10.0 |        Read |                    10.0 |      NONE |        |        |       0 |      NONE |        |        |       0 |
| pifoEngines_0/pipelinedCamMapper_10/banks_0_values                         |           | 2048x13                | 2048x13                |             |                         |             |                         |           |        |        |         |           |        |        |         |
|  pifoEngines_0/pipelinedCamMapper_10/banks_0_values_reg_bram_0             | RAMB36E2  |  A:A:2048x13           |  B:B:2048x13           |       Write |                    10.0 |        Read |                    10.0 |      NONE |        |        |       0 |      NONE |        |        |       0 |
| pifoEngines_1/pipelinedCamMapper_10/banks_0_values                         |           | 2048x13                | 2048x13                |             |                         |             |                         |           |        |        |         |           |        |        |         |
|  pifoEngines_1/pipelinedCamMapper_10/banks_0_values_reg_bram_0             | RAMB36E2  |  A:A:2048x13           |  B:B:2048x13           |       Write |                    10.0 |        Read |                    10.0 |      NONE |        |        |       0 |      NONE |        |        |       0 |
| pifoEngines_2/pipelinedCamMapper_10/banks_0_values                         |           | 2048x13                | 2048x13                |             |                         |             |                         |           |        |        |         |           |        |        |         |
|  pifoEngines_2/pipelinedCamMapper_10/banks_0_values_reg_bram_0             | RAMB36E2  |  A:A:2048x13           |  B:B:2048x13           |       Write |                    10.0 |        Read |                    10.0 |      NONE |        |        |       0 |      NONE |        |        |       0 |
| pifoEngines_3/pipelinedCamMapper_10/banks_0_values                         |           | 2048x13                | 2048x13                |             |                         |             |                         |           |        |        |         |           |        |        |         |
|  pifoEngines_3/pipelinedCamMapper_10/banks_0_values_reg_bram_0             | RAMB36E2  |  A:A:2048x13           |  B:B:2048x13           |       Write |                    10.0 |        Read |                    10.0 |      NONE |        |        |       0 |      NONE |        |        |       0 |
| pifoEngines_4/pipelinedCamMapper_10/banks_0_values                         |           | 2048x13                | 2048x13                |             |                         |             |                         |           |        |        |         |           |        |        |         |
|  pifoEngines_4/pipelinedCamMapper_10/banks_0_values_reg_bram_0             | RAMB36E2  |  A:A:2048x13           |  B:B:2048x13           |       Write |                    10.0 |        Read |                    10.0 |      NONE |        |        |       0 |      NONE |        |        |       0 |
| io_controlRequest_fifo/logic_ram                                           |           | 512x61                 | 512x61                 |             |                         |             |                         |           |        |        |         |           |        |        |         |
|  io_controlRequest_fifo/logic_ram_reg                                      | RAMB36E2  |  B:B:256x61            |  A:A:256x61            |        Read |                    10.0 |       Write |                    10.0 |      NONE |        |        |       0 |      NONE |        |        |       0 |
| pifoEngines_0/enque_enqueMapper/ram                                        |           | 1024x10                | 1024x10                |             |                         |             |                         |           |        |        |         |           |        |        |         |
|  pifoEngines_0/enque_enqueMapper/ram_reg_bram_0                            | RAMB18E2  |  A:A:1024x10           |  B:B:1024x10           |       Write |                    10.0 |        Read |                    10.0 |      NONE |        |        |       0 |      NONE |        |        |       0 |
| pifoEngines_1/enque_enqueMapper/ram                                        |           | 1024x10                | 1024x10                |             |                         |             |                         |           |        |        |         |           |        |        |         |
|  pifoEngines_1/enque_enqueMapper/ram_reg_bram_0                            | RAMB18E2  |  A:A:1024x10           |  B:B:1024x10           |       Write |                    10.0 |        Read |                    10.0 |      NONE |        |        |       0 |      NONE |        |        |       0 |
| pifoEngines_2/enque_enqueMapper/ram                                        |           | 1024x10                | 1024x10                |             |                         |             |                         |           |        |        |         |           |        |        |         |
|  pifoEngines_2/enque_enqueMapper/ram_reg_bram_0                            | RAMB18E2  |  A:A:1024x10           |  B:B:1024x10           |       Write |                    10.0 |        Read |                    10.0 |      NONE |        |        |       0 |      NONE |        |        |       0 |
| pifoEngines_3/enque_enqueMapper/ram                                        |           | 1024x10                | 1024x10                |             |                         |             |                         |           |        |        |         |           |        |        |         |
|  pifoEngines_3/enque_enqueMapper/ram_reg_bram_0                            | RAMB18E2  |  A:A:1024x10           |  B:B:1024x10           |       Write |                    10.0 |        Read |                    10.0 |      NONE |        |        |       0 |      NONE |        |        |       0 |
| pifoEngines_4/enque_enqueMapper/ram                                        |           | 1024x10                | 1024x10                |             |                         |             |                         |           |        |        |         |           |        |        |         |
|  pifoEngines_4/enque_enqueMapper/ram_reg_bram_0                            | RAMB18E2  |  A:A:1024x10           |  B:B:1024x10           |       Write |                    10.0 |        Read |                    10.0 |      NONE |        |        |       0 |      NONE |        |        |       0 |
| pifoEngines_0/enque_brain/lastVirtualMapper/ram                            |           | 1024x8                 | 1024x8                 |             |                         |             |                         |           |        |        |         |           |        |        |         |
|  pifoEngines_0/enque_brain/lastVirtualMapper/ram_reg_bram_0                | RAMB18E2  |  A:A:1024x8            |  B:B:1024x8            |       Write |                    10.0 |        Read |                    10.0 |      NONE |        |        |       0 |      NONE |        |        |       0 |
| pifoEngines_1/enque_brain/lastVirtualMapper/ram                            |           | 1024x8                 | 1024x8                 |             |                         |             |                         |           |        |        |         |           |        |        |         |
|  pifoEngines_1/enque_brain/lastVirtualMapper/ram_reg_bram_0                | RAMB18E2  |  A:A:1024x8            |  B:B:1024x8            |       Write |                    10.0 |        Read |                    10.0 |      NONE |        |        |       0 |      NONE |        |        |       0 |
| pifoEngines_2/enque_brain/lastVirtualMapper/ram                            |           | 1024x8                 | 1024x8                 |             |                         |             |                         |           |        |        |         |           |        |        |         |
|  pifoEngines_2/enque_brain/lastVirtualMapper/ram_reg_bram_0                | RAMB18E2  |  A:A:1024x8            |  B:B:1024x8            |       Write |                    10.0 |        Read |                    10.0 |      NONE |        |        |       0 |      NONE |        |        |       0 |
| pifoEngines_3/enque_brain/lastVirtualMapper/ram                            |           | 1024x8                 | 1024x8                 |             |                         |             |                         |           |        |        |         |           |        |        |         |
|  pifoEngines_3/enque_brain/lastVirtualMapper/ram_reg_bram_0                | RAMB18E2  |  A:A:1024x8            |  B:B:1024x8            |       Write |                    10.0 |        Read |                    10.0 |      NONE |        |        |       0 |      NONE |        |        |       0 |
| pifoEngines_4/enque_brain/lastVirtualMapper/ram                            |           | 1024x8                 | 1024x8                 |             |                         |             |                         |           |        |        |         |           |        |        |         |
|  pifoEngines_4/enque_brain/lastVirtualMapper/ram_reg_bram_0                | RAMB18E2  |  A:A:1024x8            |  B:B:1024x8            |       Write |                    10.0 |        Read |                    10.0 |      NONE |        |        |       0 |      NONE |        |        |       0 |
+----------------------------------------------------------------------------+-----------+------------------------+------------------------+-------------+-------------------------+-------------+-------------------------+-----------+--------+--------+---------+-----------+--------+--------+---------+


5. Block Ram / URAM Memory Power - Inferred
-------------------------------------------

+----------------------------------------------------------------------------+-----------+------------------------+------------------------+--------------------+---------------+-------------------+-----------+--------------------+---------------+-------------------+-----------+
| Memory Name                                                                | Primitive | Port 1 Dimension / Map | Port 2 Dimension / Map | Port A Power Gated | Port A Enable | Port A WRITE_MODE | A Cascade | Port B Power Gated | Port B Enable | Port B WRITE_MODE | B Cascade |
+----------------------------------------------------------------------------+-----------+------------------------+------------------------+--------------------+---------------+-------------------+-----------+--------------------+---------------+-------------------+-----------+
| pifoEngines_0/enque_brain/pipelinedCamMapper_10/banks_0_values             |           | 2048x18                | 2048x18                |                    |               |                   |           |                    |               |                   |           |
|  pifoEngines_0/enque_brain/pipelinedCamMapper_10/banks_0_values_reg_bram_0 | RAMB36E2  |  A:A:2048x18           |  B:B:2048x18           |                    |        SIGNAL |        READ_FIRST |      NONE |                    |        SIGNAL |       WRITE_FIRST |      NONE |
| pifoEngines_1/enque_brain/pipelinedCamMapper_10/banks_0_values             |           | 2048x18                | 2048x18                |                    |               |                   |           |                    |               |                   |           |
|  pifoEngines_1/enque_brain/pipelinedCamMapper_10/banks_0_values_reg_bram_0 | RAMB36E2  |  A:A:2048x18           |  B:B:2048x18           |                    |        SIGNAL |        READ_FIRST |      NONE |                    |        SIGNAL |       WRITE_FIRST |      NONE |
| pifoEngines_2/enque_brain/pipelinedCamMapper_10/banks_0_values             |           | 2048x18                | 2048x18                |                    |               |                   |           |                    |               |                   |           |
|  pifoEngines_2/enque_brain/pipelinedCamMapper_10/banks_0_values_reg_bram_0 | RAMB36E2  |  A:A:2048x18           |  B:B:2048x18           |                    |        SIGNAL |        READ_FIRST |      NONE |                    |        SIGNAL |       WRITE_FIRST |      NONE |
| pifoEngines_3/enque_brain/pipelinedCamMapper_10/banks_0_values             |           | 2048x18                | 2048x18                |                    |               |                   |           |                    |               |                   |           |
|  pifoEngines_3/enque_brain/pipelinedCamMapper_10/banks_0_values_reg_bram_0 | RAMB36E2  |  A:A:2048x18           |  B:B:2048x18           |                    |        SIGNAL |        READ_FIRST |      NONE |                    |        SIGNAL |       WRITE_FIRST |      NONE |
| pifoEngines_4/enque_brain/pipelinedCamMapper_10/banks_0_values             |           | 2048x18                | 2048x18                |                    |               |                   |           |                    |               |                   |           |
|  pifoEngines_4/enque_brain/pipelinedCamMapper_10/banks_0_values_reg_bram_0 | RAMB36E2  |  A:A:2048x18           |  B:B:2048x18           |                    |        SIGNAL |        READ_FIRST |      NONE |                    |        SIGNAL |       WRITE_FIRST |      NONE |
| pifoEngines_0/enque_brain/brainStateMem/ram                                |           | 1024x32                | 1024x32                |                    |               |                   |           |                    |               |                   |           |
|  pifoEngines_0/enque_brain/brainStateMem/ram_reg_bram_0                    | RAMB36E2  |  A:A:1024x32           |  B:B:1024x32           |                    |         POWER |        READ_FIRST |      NONE |                    |         POWER |       WRITE_FIRST |      NONE |
| pifoEngines_1/enque_brain/brainStateMem/ram                                |           | 1024x32                | 1024x32                |                    |               |                   |           |                    |               |                   |           |
|  pifoEngines_1/enque_brain/brainStateMem/ram_reg_bram_0                    | RAMB36E2  |  A:A:1024x32           |  B:B:1024x32           |                    |         POWER |        READ_FIRST |      NONE |                    |         POWER |       WRITE_FIRST |      NONE |
| pifoEngines_2/enque_brain/brainStateMem/ram                                |           | 1024x32                | 1024x32                |                    |               |                   |           |                    |               |                   |           |
|  pifoEngines_2/enque_brain/brainStateMem/ram_reg_bram_0                    | RAMB36E2  |  A:A:1024x32           |  B:B:1024x32           |                    |         POWER |        READ_FIRST |      NONE |                    |         POWER |       WRITE_FIRST |      NONE |
| pifoEngines_3/enque_brain/brainStateMem/ram                                |           | 1024x32                | 1024x32                |                    |               |                   |           |                    |               |                   |           |
|  pifoEngines_3/enque_brain/brainStateMem/ram_reg_bram_0                    | RAMB36E2  |  A:A:1024x32           |  B:B:1024x32           |                    |         POWER |        READ_FIRST |      NONE |                    |         POWER |       WRITE_FIRST |      NONE |
| pifoEngines_4/enque_brain/brainStateMem/ram                                |           | 1024x32                | 1024x32                |                    |               |                   |           |                    |               |                   |           |
|  pifoEngines_4/enque_brain/brainStateMem/ram_reg_bram_0                    | RAMB36E2  |  A:A:1024x32           |  B:B:1024x32           |                    |         POWER |        READ_FIRST |      NONE |                    |         POWER |       WRITE_FIRST |      NONE |
| pifoEngines_0/pipelinedCamMapper_10/banks_0_values                         |           | 2048x13                | 2048x13                |                    |               |                   |           |                    |               |                   |           |
|  pifoEngines_0/pipelinedCamMapper_10/banks_0_values_reg_bram_0             | RAMB36E2  |  A:A:2048x13           |  B:B:2048x13           |                    |        SIGNAL |        READ_FIRST |      NONE |                    |        SIGNAL |       WRITE_FIRST |      NONE |
| pifoEngines_1/pipelinedCamMapper_10/banks_0_values                         |           | 2048x13                | 2048x13                |                    |               |                   |           |                    |               |                   |           |
|  pifoEngines_1/pipelinedCamMapper_10/banks_0_values_reg_bram_0             | RAMB36E2  |  A:A:2048x13           |  B:B:2048x13           |                    |        SIGNAL |        READ_FIRST |      NONE |                    |        SIGNAL |       WRITE_FIRST |      NONE |
| pifoEngines_2/pipelinedCamMapper_10/banks_0_values                         |           | 2048x13                | 2048x13                |                    |               |                   |           |                    |               |                   |           |
|  pifoEngines_2/pipelinedCamMapper_10/banks_0_values_reg_bram_0             | RAMB36E2  |  A:A:2048x13           |  B:B:2048x13           |                    |        SIGNAL |        READ_FIRST |      NONE |                    |        SIGNAL |       WRITE_FIRST |      NONE |
| pifoEngines_3/pipelinedCamMapper_10/banks_0_values                         |           | 2048x13                | 2048x13                |                    |               |                   |           |                    |               |                   |           |
|  pifoEngines_3/pipelinedCamMapper_10/banks_0_values_reg_bram_0             | RAMB36E2  |  A:A:2048x13           |  B:B:2048x13           |                    |        SIGNAL |        READ_FIRST |      NONE |                    |        SIGNAL |       WRITE_FIRST |      NONE |
| pifoEngines_4/pipelinedCamMapper_10/banks_0_values                         |           | 2048x13                | 2048x13                |                    |               |                   |           |                    |               |                   |           |
|  pifoEngines_4/pipelinedCamMapper_10/banks_0_values_reg_bram_0             | RAMB36E2  |  A:A:2048x13           |  B:B:2048x13           |                    |        SIGNAL |        READ_FIRST |      NONE |                    |        SIGNAL |       WRITE_FIRST |      NONE |
| io_controlRequest_fifo/logic_ram                                           |           | 512x61                 | 512x61                 |                    |               |                   |           |                    |               |                   |           |
|  io_controlRequest_fifo/logic_ram_reg                                      | RAMB36E2  |  B:B:256x61            |  A:A:256x61            |                    |        SIGNAL |        READ_FIRST |      NONE |                    |        SIGNAL |        READ_FIRST |      NONE |
| pifoEngines_0/enque_enqueMapper/ram                                        |           | 1024x10                | 1024x10                |                    |               |                   |           |                    |               |                   |           |
|  pifoEngines_0/enque_enqueMapper/ram_reg_bram_0                            | RAMB18E2  |  A:A:1024x10           |  B:B:1024x10           |                    |         POWER |        READ_FIRST |      NONE |                    |        SIGNAL |       WRITE_FIRST |      NONE |
| pifoEngines_1/enque_enqueMapper/ram                                        |           | 1024x10                | 1024x10                |                    |               |                   |           |                    |               |                   |           |
|  pifoEngines_1/enque_enqueMapper/ram_reg_bram_0                            | RAMB18E2  |  A:A:1024x10           |  B:B:1024x10           |                    |         POWER |        READ_FIRST |      NONE |                    |        SIGNAL |       WRITE_FIRST |      NONE |
| pifoEngines_2/enque_enqueMapper/ram                                        |           | 1024x10                | 1024x10                |                    |               |                   |           |                    |               |                   |           |
|  pifoEngines_2/enque_enqueMapper/ram_reg_bram_0                            | RAMB18E2  |  A:A:1024x10           |  B:B:1024x10           |                    |         POWER |        READ_FIRST |      NONE |                    |        SIGNAL |       WRITE_FIRST |      NONE |
| pifoEngines_3/enque_enqueMapper/ram                                        |           | 1024x10                | 1024x10                |                    |               |                   |           |                    |               |                   |           |
|  pifoEngines_3/enque_enqueMapper/ram_reg_bram_0                            | RAMB18E2  |  A:A:1024x10           |  B:B:1024x10           |                    |         POWER |        READ_FIRST |      NONE |                    |        SIGNAL |       WRITE_FIRST |      NONE |
| pifoEngines_4/enque_enqueMapper/ram                                        |           | 1024x10                | 1024x10                |                    |               |                   |           |                    |               |                   |           |
|  pifoEngines_4/enque_enqueMapper/ram_reg_bram_0                            | RAMB18E2  |  A:A:1024x10           |  B:B:1024x10           |                    |         POWER |        READ_FIRST |      NONE |                    |        SIGNAL |       WRITE_FIRST |      NONE |
| pifoEngines_0/enque_brain/lastVirtualMapper/ram                            |           | 1024x8                 | 1024x8                 |                    |               |                   |           |                    |               |                   |           |
|  pifoEngines_0/enque_brain/lastVirtualMapper/ram_reg_bram_0                | RAMB18E2  |  A:A:1024x8            |  B:B:1024x8            |                    |         POWER |        READ_FIRST |      NONE |                    |         POWER |       WRITE_FIRST |      NONE |
| pifoEngines_1/enque_brain/lastVirtualMapper/ram                            |           | 1024x8                 | 1024x8                 |                    |               |                   |           |                    |               |                   |           |
|  pifoEngines_1/enque_brain/lastVirtualMapper/ram_reg_bram_0                | RAMB18E2  |  A:A:1024x8            |  B:B:1024x8            |                    |         POWER |        READ_FIRST |      NONE |                    |         POWER |       WRITE_FIRST |      NONE |
| pifoEngines_2/enque_brain/lastVirtualMapper/ram                            |           | 1024x8                 | 1024x8                 |                    |               |                   |           |                    |               |                   |           |
|  pifoEngines_2/enque_brain/lastVirtualMapper/ram_reg_bram_0                | RAMB18E2  |  A:A:1024x8            |  B:B:1024x8            |                    |         POWER |        READ_FIRST |      NONE |                    |         POWER |       WRITE_FIRST |      NONE |
| pifoEngines_3/enque_brain/lastVirtualMapper/ram                            |           | 1024x8                 | 1024x8                 |                    |               |                   |           |                    |               |                   |           |
|  pifoEngines_3/enque_brain/lastVirtualMapper/ram_reg_bram_0                | RAMB18E2  |  A:A:1024x8            |  B:B:1024x8            |                    |         POWER |        READ_FIRST |      NONE |                    |         POWER |       WRITE_FIRST |      NONE |
| pifoEngines_4/enque_brain/lastVirtualMapper/ram                            |           | 1024x8                 | 1024x8                 |                    |               |                   |           |                    |               |                   |           |
|  pifoEngines_4/enque_brain/lastVirtualMapper/ram_reg_bram_0                | RAMB18E2  |  A:A:1024x8            |  B:B:1024x8            |                    |         POWER |        READ_FIRST |      NONE |                    |         POWER |       WRITE_FIRST |      NONE |
+----------------------------------------------------------------------------+-----------+------------------------+------------------------+--------------------+---------------+-------------------+-----------+--------------------+---------------+-------------------+-----------+


