Copyright 1986-2022 Xilinx, Inc. All Rights Reserved. Copyright 2022-2025 Advanced Micro Devices, Inc. All Rights Reserved.
--------------------------------------------------------------------------------------------------------------------------------------------------------------------------------------------------------------
| Tool Version : Vivado v.2025.2 (lin64) Build 6299465 Fri Nov 14 12:34:56 MST 2025
| Date         : Wed Sep  9 15:54:27 2026
| Host         : netarch-cxl.ece.cornell.edu running 64-bit Ubuntu 24.04.4 LTS
| Command      : report_utilization -hierarchical -hierarchical_depth 5 -file /data/work/rio-synthesis/cam-pipeline-kcu116-20260909/pe5-v1024-c1024-q256-p128-replay-kcu116/reports/utilization-hierarchy.rpt
| Design       : PifoMesh
| Device       : xcku5p-ffvb676-2-e
| Speed File   : -2
| Design State : Synthesized
--------------------------------------------------------------------------------------------------------------------------------------------------------------------------------------------------------------

Utilization Design Information

Table of Contents
-----------------
1. Utilization by Hierarchy

1. Utilization by Hierarchy
---------------------------

+---------------------------------+--------------------------+------------+------------+---------+--------+--------+--------+--------+------+------------+
|             Instance            |          Module          | Total LUTs | Logic LUTs | LUTRAMs |  SRLs  |   FFs  | RAMB36 | RAMB18 | URAM | DSP Blocks |
+---------------------------------+--------------------------+------------+------------+---------+--------+--------+--------+--------+------+------------+
| PifoMesh                        |                    (top) |     513630 |     328822 |     488 | 184320 | 179007 |     21 |     15 |    0 |          0 |
|   (PifoMesh)                    |                    (top) |          1 |          1 |       0 |      0 |     34 |      0 |      0 |    0 |          0 |
|   guard                         |               DrainGuard |      16224 |      16224 |       0 |      0 |  10240 |      0 |      0 |    0 |          0 |
|   pifoEngines_0                 |               PifoEngine |      93379 |      56427 |      88 |  36864 |  33641 |      4 |      3 |    0 |          0 |
|     streamFifo_57               |        StreamFifo_15_285 |        263 |        263 |       0 |      0 |    651 |      0 |      0 |    0 |          0 |
|     deque_frontRewrite          |    FrontRewriteTable_280 |       7582 |       7582 |       0 |      0 |  14336 |      0 |      0 |    0 |          0 |
|     enque_brain                 |                PIFOBrain |      29122 |      16754 |      80 |  12288 |   7129 |      2 |      1 |    0 |          0 |
|       (enque_brain)             |                PIFOBrain |       1419 |       1403 |      16 |      0 |   1042 |      0 |      0 |    0 |          0 |
|       engineMapper              |                   Mapper |         66 |          2 |      64 |      0 |      3 |      0 |      0 |    0 |          0 |
|       pipelinedCamMapper_10     |   PipelinedCamMapper_325 |      27261 |      14973 |       0 |  12288 |   5668 |      1 |      0 |    0 |          0 |
|         (pipelinedCamMapper_10) |   PipelinedCamMapper_325 |       6590 |       6590 |       0 |      0 |   2977 |      1 |      0 |    0 |          0 |
|         banks_0_stages_0_core   |              cam_srl_330 |       1316 |        548 |       0 |    768 |    158 |      0 |      0 |    0 |          0 |
|         banks_0_stages_10_core  |              cam_srl_331 |       1276 |        508 |       0 |    768 |    158 |      0 |      0 |    0 |          0 |
|         banks_0_stages_11_core  |              cam_srl_332 |       1277 |        509 |       0 |    768 |    158 |      0 |      0 |    0 |          0 |
|         banks_0_stages_12_core  |              cam_srl_333 |       1276 |        508 |       0 |    768 |    158 |      0 |      0 |    0 |          0 |
|         banks_0_stages_13_core  |              cam_srl_334 |       1277 |        509 |       0 |    768 |    158 |      0 |      0 |    0 |          0 |
|         banks_0_stages_14_core  |              cam_srl_335 |       1276 |        508 |       0 |    768 |    158 |      0 |      0 |    0 |          0 |
|         banks_0_stages_15_core  |              cam_srl_336 |       1374 |        606 |       0 |    768 |    158 |      0 |      0 |    0 |          0 |
|         banks_0_stages_1_core   |              cam_srl_337 |       1276 |        508 |       0 |    768 |    158 |      0 |      0 |    0 |          0 |
|         banks_0_stages_2_core   |              cam_srl_338 |       1276 |        508 |       0 |    768 |    158 |      0 |      0 |    0 |          0 |
|         banks_0_stages_3_core   |              cam_srl_339 |       1276 |        508 |       0 |    768 |    158 |      0 |      0 |    0 |          0 |
|         banks_0_stages_4_core   |              cam_srl_340 |       1277 |        509 |       0 |    768 |    158 |      0 |      0 |    0 |          0 |
|         banks_0_stages_5_core   |              cam_srl_341 |       1277 |        509 |       0 |    768 |    158 |      0 |      0 |    0 |          0 |
|         banks_0_stages_6_core   |              cam_srl_342 |       1276 |        508 |       0 |    768 |    158 |      0 |      0 |    0 |          0 |
|         banks_0_stages_7_core   |              cam_srl_343 |       1276 |        508 |       0 |    768 |    158 |      0 |      0 |    0 |          0 |
|         banks_0_stages_8_core   |              cam_srl_344 |       1277 |        509 |       0 |    768 |    158 |      0 |      0 |    0 |          0 |
|         banks_0_stages_9_core   |              cam_srl_345 |       1284 |        516 |       0 |    768 |    158 |      0 |      0 |    0 |          0 |
|         responses               |         StreamFifo_7_346 |        104 |        104 |       0 |      0 |    163 |      0 |      0 |    0 |          0 |
|       streamFifo_56             |         StreamFifo_9_327 |         89 |         89 |       0 |      0 |     51 |      0 |      0 |    0 |          0 |
|       streamFifo_57             |        StreamFifo_10_328 |        101 |        101 |       0 |      0 |    171 |      0 |      0 |    0 |          0 |
|       streamFifo_58             |        StreamFifo_11_329 |        115 |        115 |       0 |      0 |    171 |      0 |      0 |    0 |          0 |
|     enque_enqueMapper           |             ReplayMapper |       1076 |       1076 |       0 |      0 |      3 |      0 |      2 |    0 |          0 |
|     pipelinedCamMapper_10       | PipelinedCamMapper_1_283 |      55263 |      30687 |       0 |  24576 |  11441 |      2 |      0 |    0 |          0 |
|       (pipelinedCamMapper_10)   | PipelinedCamMapper_1_283 |      14078 |      14078 |       0 |      0 |   6127 |      2 |      0 |    0 |          0 |
|       banks_0_stages_0_core     |              cam_srl_287 |       1288 |        520 |       0 |    768 |    158 |      0 |      0 |    0 |          0 |
|       banks_0_stages_10_core    |              cam_srl_288 |       1280 |        512 |       0 |    768 |    158 |      0 |      0 |    0 |          0 |
|       banks_0_stages_11_core    |              cam_srl_289 |       1280 |        512 |       0 |    768 |    158 |      0 |      0 |    0 |          0 |
|       banks_0_stages_12_core    |              cam_srl_290 |       1280 |        512 |       0 |    768 |    158 |      0 |      0 |    0 |          0 |
|       banks_0_stages_13_core    |              cam_srl_291 |       1280 |        512 |       0 |    768 |    158 |      0 |      0 |    0 |          0 |
|       banks_0_stages_14_core    |              cam_srl_292 |       1286 |        518 |       0 |    768 |    158 |      0 |      0 |    0 |          0 |
|       banks_0_stages_15_core    |              cam_srl_293 |       1302 |        534 |       0 |    768 |    158 |      0 |      0 |    0 |          0 |
|       banks_0_stages_1_core     |              cam_srl_294 |       1280 |        512 |       0 |    768 |    158 |      0 |      0 |    0 |          0 |
|       banks_0_stages_2_core     |              cam_srl_295 |       1282 |        514 |       0 |    768 |    158 |      0 |      0 |    0 |          0 |
|       banks_0_stages_3_core     |              cam_srl_296 |       1281 |        513 |       0 |    768 |    158 |      0 |      0 |    0 |          0 |
|       banks_0_stages_4_core     |              cam_srl_297 |       1281 |        513 |       0 |    768 |    158 |      0 |      0 |    0 |          0 |
|       banks_0_stages_5_core     |              cam_srl_298 |       1281 |        513 |       0 |    768 |    158 |      0 |      0 |    0 |          0 |
|       banks_0_stages_6_core     |              cam_srl_299 |       1280 |        512 |       0 |    768 |    158 |      0 |      0 |    0 |          0 |
|       banks_0_stages_7_core     |              cam_srl_300 |       1280 |        512 |       0 |    768 |    158 |      0 |      0 |    0 |          0 |
|       banks_0_stages_8_core     |              cam_srl_301 |       1281 |        513 |       0 |    768 |    158 |      0 |      0 |    0 |          0 |
|       banks_0_stages_9_core     |              cam_srl_302 |       1280 |        512 |       0 |    768 |    158 |      0 |      0 |    0 |          0 |
|       banks_1_stages_0_core     |              cam_srl_303 |       1288 |        520 |       0 |    768 |    158 |      0 |      0 |    0 |          0 |
|       banks_1_stages_10_core    |              cam_srl_304 |       1280 |        512 |       0 |    768 |    158 |      0 |      0 |    0 |          0 |
|       banks_1_stages_11_core    |              cam_srl_305 |       1280 |        512 |       0 |    768 |    158 |      0 |      0 |    0 |          0 |
|       banks_1_stages_12_core    |              cam_srl_306 |       1280 |        512 |       0 |    768 |    158 |      0 |      0 |    0 |          0 |
|       banks_1_stages_13_core    |              cam_srl_307 |       1280 |        512 |       0 |    768 |    158 |      0 |      0 |    0 |          0 |
|       banks_1_stages_14_core    |              cam_srl_308 |       1283 |        515 |       0 |    768 |    158 |      0 |      0 |    0 |          0 |
|       banks_1_stages_15_core    |              cam_srl_309 |       1320 |        552 |       0 |    768 |    158 |      0 |      0 |    0 |          0 |
|       banks_1_stages_1_core     |              cam_srl_310 |       1280 |        512 |       0 |    768 |    158 |      0 |      0 |    0 |          0 |
|       banks_1_stages_2_core     |              cam_srl_311 |       1282 |        514 |       0 |    768 |    158 |      0 |      0 |    0 |          0 |
|       banks_1_stages_3_core     |              cam_srl_312 |       1280 |        512 |       0 |    768 |    158 |      0 |      0 |    0 |          0 |
|       banks_1_stages_4_core     |              cam_srl_313 |       1280 |        512 |       0 |    768 |    158 |      0 |      0 |    0 |          0 |
|       banks_1_stages_5_core     |              cam_srl_314 |       1280 |        512 |       0 |    768 |    158 |      0 |      0 |    0 |          0 |
|       banks_1_stages_6_core     |              cam_srl_315 |       1280 |        512 |       0 |    768 |    158 |      0 |      0 |    0 |          0 |
|       banks_1_stages_7_core     |              cam_srl_316 |       1280 |        512 |       0 |    768 |    158 |      0 |      0 |    0 |          0 |
|       banks_1_stages_8_core     |              cam_srl_317 |       1281 |        513 |       0 |    768 |    158 |      0 |      0 |    0 |          0 |
|       banks_1_stages_9_core     |              cam_srl_318 |       1280 |        512 |       0 |    768 |    158 |      0 |      0 |    0 |          0 |
|       responses                 |        StreamFifo_12_319 |        129 |        129 |       0 |      0 |    258 |      0 |      0 |    0 |          0 |
|   pifoEngines_1                 |             PifoEngine_1 |      93372 |      56420 |      88 |  36864 |  33641 |      4 |      3 |    0 |          0 |
|     streamFifo_57               |        StreamFifo_15_216 |        263 |        263 |       0 |      0 |    651 |      0 |      0 |    0 |          0 |
|     deque_frontRewrite          |    FrontRewriteTable_211 |       7582 |       7582 |       0 |      0 |  14336 |      0 |      0 |    0 |          0 |
|     enque_brain                 |              PIFOBrain_1 |      29115 |      16747 |      80 |  12288 |   7129 |      2 |      1 |    0 |          0 |
|       (enque_brain)             |              PIFOBrain_1 |       1419 |       1403 |      16 |      0 |   1042 |      0 |      0 |    0 |          0 |
|       engineMapper              |                 Mapper_3 |         66 |          2 |      64 |      0 |      3 |      0 |      0 |    0 |          0 |
|       pipelinedCamMapper_10     |   PipelinedCamMapper_256 |      27261 |      14973 |       0 |  12288 |   5668 |      1 |      0 |    0 |          0 |
|         (pipelinedCamMapper_10) |   PipelinedCamMapper_256 |       6590 |       6590 |       0 |      0 |   2977 |      1 |      0 |    0 |          0 |
|         banks_0_stages_0_core   |              cam_srl_261 |       1316 |        548 |       0 |    768 |    158 |      0 |      0 |    0 |          0 |
|         banks_0_stages_10_core  |              cam_srl_262 |       1276 |        508 |       0 |    768 |    158 |      0 |      0 |    0 |          0 |
|         banks_0_stages_11_core  |              cam_srl_263 |       1277 |        509 |       0 |    768 |    158 |      0 |      0 |    0 |          0 |
|         banks_0_stages_12_core  |              cam_srl_264 |       1276 |        508 |       0 |    768 |    158 |      0 |      0 |    0 |          0 |
|         banks_0_stages_13_core  |              cam_srl_265 |       1277 |        509 |       0 |    768 |    158 |      0 |      0 |    0 |          0 |
|         banks_0_stages_14_core  |              cam_srl_266 |       1276 |        508 |       0 |    768 |    158 |      0 |      0 |    0 |          0 |
|         banks_0_stages_15_core  |              cam_srl_267 |       1374 |        606 |       0 |    768 |    158 |      0 |      0 |    0 |          0 |
|         banks_0_stages_1_core   |              cam_srl_268 |       1276 |        508 |       0 |    768 |    158 |      0 |      0 |    0 |          0 |
|         banks_0_stages_2_core   |              cam_srl_269 |       1276 |        508 |       0 |    768 |    158 |      0 |      0 |    0 |          0 |
|         banks_0_stages_3_core   |              cam_srl_270 |       1276 |        508 |       0 |    768 |    158 |      0 |      0 |    0 |          0 |
|         banks_0_stages_4_core   |              cam_srl_271 |       1277 |        509 |       0 |    768 |    158 |      0 |      0 |    0 |          0 |
|         banks_0_stages_5_core   |              cam_srl_272 |       1277 |        509 |       0 |    768 |    158 |      0 |      0 |    0 |          0 |
|         banks_0_stages_6_core   |              cam_srl_273 |       1276 |        508 |       0 |    768 |    158 |      0 |      0 |    0 |          0 |
|         banks_0_stages_7_core   |              cam_srl_274 |       1276 |        508 |       0 |    768 |    158 |      0 |      0 |    0 |          0 |
|         banks_0_stages_8_core   |              cam_srl_275 |       1277 |        509 |       0 |    768 |    158 |      0 |      0 |    0 |          0 |
|         banks_0_stages_9_core   |              cam_srl_276 |       1284 |        516 |       0 |    768 |    158 |      0 |      0 |    0 |          0 |
|         responses               |         StreamFifo_7_277 |        104 |        104 |       0 |      0 |    163 |      0 |      0 |    0 |          0 |
|       streamFifo_56             |         StreamFifo_9_258 |         82 |         82 |       0 |      0 |     51 |      0 |      0 |    0 |          0 |
|       streamFifo_57             |        StreamFifo_10_259 |        101 |        101 |       0 |      0 |    171 |      0 |      0 |    0 |          0 |
|       streamFifo_58             |        StreamFifo_11_260 |        115 |        115 |       0 |      0 |    171 |      0 |      0 |    0 |          0 |
|     enque_enqueMapper           |           ReplayMapper_1 |       1076 |       1076 |       0 |      0 |      3 |      0 |      2 |    0 |          0 |
|     pipelinedCamMapper_10       | PipelinedCamMapper_1_214 |      55263 |      30687 |       0 |  24576 |  11441 |      2 |      0 |    0 |          0 |
|       (pipelinedCamMapper_10)   | PipelinedCamMapper_1_214 |      14078 |      14078 |       0 |      0 |   6127 |      2 |      0 |    0 |          0 |
|       banks_0_stages_0_core     |              cam_srl_218 |       1288 |        520 |       0 |    768 |    158 |      0 |      0 |    0 |          0 |
|       banks_0_stages_10_core    |              cam_srl_219 |       1280 |        512 |       0 |    768 |    158 |      0 |      0 |    0 |          0 |
|       banks_0_stages_11_core    |              cam_srl_220 |       1280 |        512 |       0 |    768 |    158 |      0 |      0 |    0 |          0 |
|       banks_0_stages_12_core    |              cam_srl_221 |       1280 |        512 |       0 |    768 |    158 |      0 |      0 |    0 |          0 |
|       banks_0_stages_13_core    |              cam_srl_222 |       1280 |        512 |       0 |    768 |    158 |      0 |      0 |    0 |          0 |
|       banks_0_stages_14_core    |              cam_srl_223 |       1286 |        518 |       0 |    768 |    158 |      0 |      0 |    0 |          0 |
|       banks_0_stages_15_core    |              cam_srl_224 |       1302 |        534 |       0 |    768 |    158 |      0 |      0 |    0 |          0 |
|       banks_0_stages_1_core     |              cam_srl_225 |       1280 |        512 |       0 |    768 |    158 |      0 |      0 |    0 |          0 |
|       banks_0_stages_2_core     |              cam_srl_226 |       1282 |        514 |       0 |    768 |    158 |      0 |      0 |    0 |          0 |
|       banks_0_stages_3_core     |              cam_srl_227 |       1281 |        513 |       0 |    768 |    158 |      0 |      0 |    0 |          0 |
|       banks_0_stages_4_core     |              cam_srl_228 |       1281 |        513 |       0 |    768 |    158 |      0 |      0 |    0 |          0 |
|       banks_0_stages_5_core     |              cam_srl_229 |       1281 |        513 |       0 |    768 |    158 |      0 |      0 |    0 |          0 |
|       banks_0_stages_6_core     |              cam_srl_230 |       1280 |        512 |       0 |    768 |    158 |      0 |      0 |    0 |          0 |
|       banks_0_stages_7_core     |              cam_srl_231 |       1280 |        512 |       0 |    768 |    158 |      0 |      0 |    0 |          0 |
|       banks_0_stages_8_core     |              cam_srl_232 |       1281 |        513 |       0 |    768 |    158 |      0 |      0 |    0 |          0 |
|       banks_0_stages_9_core     |              cam_srl_233 |       1280 |        512 |       0 |    768 |    158 |      0 |      0 |    0 |          0 |
|       banks_1_stages_0_core     |              cam_srl_234 |       1288 |        520 |       0 |    768 |    158 |      0 |      0 |    0 |          0 |
|       banks_1_stages_10_core    |              cam_srl_235 |       1280 |        512 |       0 |    768 |    158 |      0 |      0 |    0 |          0 |
|       banks_1_stages_11_core    |              cam_srl_236 |       1280 |        512 |       0 |    768 |    158 |      0 |      0 |    0 |          0 |
|       banks_1_stages_12_core    |              cam_srl_237 |       1280 |        512 |       0 |    768 |    158 |      0 |      0 |    0 |          0 |
|       banks_1_stages_13_core    |              cam_srl_238 |       1280 |        512 |       0 |    768 |    158 |      0 |      0 |    0 |          0 |
|       banks_1_stages_14_core    |              cam_srl_239 |       1283 |        515 |       0 |    768 |    158 |      0 |      0 |    0 |          0 |
|       banks_1_stages_15_core    |              cam_srl_240 |       1320 |        552 |       0 |    768 |    158 |      0 |      0 |    0 |          0 |
|       banks_1_stages_1_core     |              cam_srl_241 |       1280 |        512 |       0 |    768 |    158 |      0 |      0 |    0 |          0 |
|       banks_1_stages_2_core     |              cam_srl_242 |       1282 |        514 |       0 |    768 |    158 |      0 |      0 |    0 |          0 |
|       banks_1_stages_3_core     |              cam_srl_243 |       1280 |        512 |       0 |    768 |    158 |      0 |      0 |    0 |          0 |
|       banks_1_stages_4_core     |              cam_srl_244 |       1280 |        512 |       0 |    768 |    158 |      0 |      0 |    0 |          0 |
|       banks_1_stages_5_core     |              cam_srl_245 |       1280 |        512 |       0 |    768 |    158 |      0 |      0 |    0 |          0 |
|       banks_1_stages_6_core     |              cam_srl_246 |       1280 |        512 |       0 |    768 |    158 |      0 |      0 |    0 |          0 |
|       banks_1_stages_7_core     |              cam_srl_247 |       1280 |        512 |       0 |    768 |    158 |      0 |      0 |    0 |          0 |
|       banks_1_stages_8_core     |              cam_srl_248 |       1281 |        513 |       0 |    768 |    158 |      0 |      0 |    0 |          0 |
|       banks_1_stages_9_core     |              cam_srl_249 |       1280 |        512 |       0 |    768 |    158 |      0 |      0 |    0 |          0 |
|       responses                 |        StreamFifo_12_250 |        129 |        129 |       0 |      0 |    258 |      0 |      0 |    0 |          0 |
|   pifoEngines_2                 |             PifoEngine_2 |      93373 |      56421 |      88 |  36864 |  33641 |      4 |      3 |    0 |          0 |
|     streamFifo_57               |        StreamFifo_15_147 |        263 |        263 |       0 |      0 |    651 |      0 |      0 |    0 |          0 |
|     deque_frontRewrite          |    FrontRewriteTable_142 |       7582 |       7582 |       0 |      0 |  14336 |      0 |      0 |    0 |          0 |
|     enque_brain                 |              PIFOBrain_2 |      29115 |      16747 |      80 |  12288 |   7129 |      2 |      1 |    0 |          0 |
|       (enque_brain)             |              PIFOBrain_2 |       1419 |       1403 |      16 |      0 |   1042 |      0 |      0 |    0 |          0 |
|       engineMapper              |                 Mapper_6 |         66 |          2 |      64 |      0 |      3 |      0 |      0 |    0 |          0 |
|       pipelinedCamMapper_10     |   PipelinedCamMapper_187 |      27261 |      14973 |       0 |  12288 |   5668 |      1 |      0 |    0 |          0 |
|         (pipelinedCamMapper_10) |   PipelinedCamMapper_187 |       6590 |       6590 |       0 |      0 |   2977 |      1 |      0 |    0 |          0 |
|         banks_0_stages_0_core   |              cam_srl_192 |       1316 |        548 |       0 |    768 |    158 |      0 |      0 |    0 |          0 |
|         banks_0_stages_10_core  |              cam_srl_193 |       1276 |        508 |       0 |    768 |    158 |      0 |      0 |    0 |          0 |
|         banks_0_stages_11_core  |              cam_srl_194 |       1277 |        509 |       0 |    768 |    158 |      0 |      0 |    0 |          0 |
|         banks_0_stages_12_core  |              cam_srl_195 |       1276 |        508 |       0 |    768 |    158 |      0 |      0 |    0 |          0 |
|         banks_0_stages_13_core  |              cam_srl_196 |       1277 |        509 |       0 |    768 |    158 |      0 |      0 |    0 |          0 |
|         banks_0_stages_14_core  |              cam_srl_197 |       1276 |        508 |       0 |    768 |    158 |      0 |      0 |    0 |          0 |
|         banks_0_stages_15_core  |              cam_srl_198 |       1374 |        606 |       0 |    768 |    158 |      0 |      0 |    0 |          0 |
|         banks_0_stages_1_core   |              cam_srl_199 |       1276 |        508 |       0 |    768 |    158 |      0 |      0 |    0 |          0 |
|         banks_0_stages_2_core   |              cam_srl_200 |       1276 |        508 |       0 |    768 |    158 |      0 |      0 |    0 |          0 |
|         banks_0_stages_3_core   |              cam_srl_201 |       1276 |        508 |       0 |    768 |    158 |      0 |      0 |    0 |          0 |
|         banks_0_stages_4_core   |              cam_srl_202 |       1277 |        509 |       0 |    768 |    158 |      0 |      0 |    0 |          0 |
|         banks_0_stages_5_core   |              cam_srl_203 |       1277 |        509 |       0 |    768 |    158 |      0 |      0 |    0 |          0 |
|         banks_0_stages_6_core   |              cam_srl_204 |       1276 |        508 |       0 |    768 |    158 |      0 |      0 |    0 |          0 |
|         banks_0_stages_7_core   |              cam_srl_205 |       1276 |        508 |       0 |    768 |    158 |      0 |      0 |    0 |          0 |
|         banks_0_stages_8_core   |              cam_srl_206 |       1277 |        509 |       0 |    768 |    158 |      0 |      0 |    0 |          0 |
|         banks_0_stages_9_core   |              cam_srl_207 |       1284 |        516 |       0 |    768 |    158 |      0 |      0 |    0 |          0 |
|         responses               |         StreamFifo_7_208 |        104 |        104 |       0 |      0 |    163 |      0 |      0 |    0 |          0 |
|       streamFifo_56             |         StreamFifo_9_189 |         82 |         82 |       0 |      0 |     51 |      0 |      0 |    0 |          0 |
|       streamFifo_57             |        StreamFifo_10_190 |        101 |        101 |       0 |      0 |    171 |      0 |      0 |    0 |          0 |
|       streamFifo_58             |        StreamFifo_11_191 |        115 |        115 |       0 |      0 |    171 |      0 |      0 |    0 |          0 |
|     enque_enqueMapper           |           ReplayMapper_2 |       1076 |       1076 |       0 |      0 |      3 |      0 |      2 |    0 |          0 |
|     pipelinedCamMapper_10       | PipelinedCamMapper_1_145 |      55264 |      30688 |       0 |  24576 |  11441 |      2 |      0 |    0 |          0 |
|       (pipelinedCamMapper_10)   | PipelinedCamMapper_1_145 |      14079 |      14079 |       0 |      0 |   6127 |      2 |      0 |    0 |          0 |
|       banks_0_stages_0_core     |              cam_srl_149 |       1288 |        520 |       0 |    768 |    158 |      0 |      0 |    0 |          0 |
|       banks_0_stages_10_core    |              cam_srl_150 |       1280 |        512 |       0 |    768 |    158 |      0 |      0 |    0 |          0 |
|       banks_0_stages_11_core    |              cam_srl_151 |       1280 |        512 |       0 |    768 |    158 |      0 |      0 |    0 |          0 |
|       banks_0_stages_12_core    |              cam_srl_152 |       1280 |        512 |       0 |    768 |    158 |      0 |      0 |    0 |          0 |
|       banks_0_stages_13_core    |              cam_srl_153 |       1280 |        512 |       0 |    768 |    158 |      0 |      0 |    0 |          0 |
|       banks_0_stages_14_core    |              cam_srl_154 |       1286 |        518 |       0 |    768 |    158 |      0 |      0 |    0 |          0 |
|       banks_0_stages_15_core    |              cam_srl_155 |       1302 |        534 |       0 |    768 |    158 |      0 |      0 |    0 |          0 |
|       banks_0_stages_1_core     |              cam_srl_156 |       1280 |        512 |       0 |    768 |    158 |      0 |      0 |    0 |          0 |
|       banks_0_stages_2_core     |              cam_srl_157 |       1282 |        514 |       0 |    768 |    158 |      0 |      0 |    0 |          0 |
|       banks_0_stages_3_core     |              cam_srl_158 |       1281 |        513 |       0 |    768 |    158 |      0 |      0 |    0 |          0 |
|       banks_0_stages_4_core     |              cam_srl_159 |       1281 |        513 |       0 |    768 |    158 |      0 |      0 |    0 |          0 |
|       banks_0_stages_5_core     |              cam_srl_160 |       1281 |        513 |       0 |    768 |    158 |      0 |      0 |    0 |          0 |
|       banks_0_stages_6_core     |              cam_srl_161 |       1280 |        512 |       0 |    768 |    158 |      0 |      0 |    0 |          0 |
|       banks_0_stages_7_core     |              cam_srl_162 |       1280 |        512 |       0 |    768 |    158 |      0 |      0 |    0 |          0 |
|       banks_0_stages_8_core     |              cam_srl_163 |       1281 |        513 |       0 |    768 |    158 |      0 |      0 |    0 |          0 |
|       banks_0_stages_9_core     |              cam_srl_164 |       1280 |        512 |       0 |    768 |    158 |      0 |      0 |    0 |          0 |
|       banks_1_stages_0_core     |              cam_srl_165 |       1288 |        520 |       0 |    768 |    158 |      0 |      0 |    0 |          0 |
|       banks_1_stages_10_core    |              cam_srl_166 |       1280 |        512 |       0 |    768 |    158 |      0 |      0 |    0 |          0 |
|       banks_1_stages_11_core    |              cam_srl_167 |       1280 |        512 |       0 |    768 |    158 |      0 |      0 |    0 |          0 |
|       banks_1_stages_12_core    |              cam_srl_168 |       1280 |        512 |       0 |    768 |    158 |      0 |      0 |    0 |          0 |
|       banks_1_stages_13_core    |              cam_srl_169 |       1280 |        512 |       0 |    768 |    158 |      0 |      0 |    0 |          0 |
|       banks_1_stages_14_core    |              cam_srl_170 |       1283 |        515 |       0 |    768 |    158 |      0 |      0 |    0 |          0 |
|       banks_1_stages_15_core    |              cam_srl_171 |       1320 |        552 |       0 |    768 |    158 |      0 |      0 |    0 |          0 |
|       banks_1_stages_1_core     |              cam_srl_172 |       1280 |        512 |       0 |    768 |    158 |      0 |      0 |    0 |          0 |
|       banks_1_stages_2_core     |              cam_srl_173 |       1282 |        514 |       0 |    768 |    158 |      0 |      0 |    0 |          0 |
|       banks_1_stages_3_core     |              cam_srl_174 |       1280 |        512 |       0 |    768 |    158 |      0 |      0 |    0 |          0 |
|       banks_1_stages_4_core     |              cam_srl_175 |       1280 |        512 |       0 |    768 |    158 |      0 |      0 |    0 |          0 |
|       banks_1_stages_5_core     |              cam_srl_176 |       1280 |        512 |       0 |    768 |    158 |      0 |      0 |    0 |          0 |
|       banks_1_stages_6_core     |              cam_srl_177 |       1280 |        512 |       0 |    768 |    158 |      0 |      0 |    0 |          0 |
|       banks_1_stages_7_core     |              cam_srl_178 |       1280 |        512 |       0 |    768 |    158 |      0 |      0 |    0 |          0 |
|       banks_1_stages_8_core     |              cam_srl_179 |       1281 |        513 |       0 |    768 |    158 |      0 |      0 |    0 |          0 |
|       banks_1_stages_9_core     |              cam_srl_180 |       1280 |        512 |       0 |    768 |    158 |      0 |      0 |    0 |          0 |
|       responses                 |        StreamFifo_12_181 |        129 |        129 |       0 |      0 |    258 |      0 |      0 |    0 |          0 |
|   pifoEngines_3                 |             PifoEngine_3 |      93372 |      56420 |      88 |  36864 |  33641 |      4 |      3 |    0 |          0 |
|     streamFifo_57               |         StreamFifo_15_78 |        263 |        263 |       0 |      0 |    651 |      0 |      0 |    0 |          0 |
|     deque_frontRewrite          |     FrontRewriteTable_73 |       7582 |       7582 |       0 |      0 |  14336 |      0 |      0 |    0 |          0 |
|     enque_brain                 |              PIFOBrain_3 |      29115 |      16747 |      80 |  12288 |   7129 |      2 |      1 |    0 |          0 |
|       (enque_brain)             |              PIFOBrain_3 |       1419 |       1403 |      16 |      0 |   1042 |      0 |      0 |    0 |          0 |
|       engineMapper              |                 Mapper_9 |         66 |          2 |      64 |      0 |      3 |      0 |      0 |    0 |          0 |
|       pipelinedCamMapper_10     |   PipelinedCamMapper_118 |      27261 |      14973 |       0 |  12288 |   5668 |      1 |      0 |    0 |          0 |
|         (pipelinedCamMapper_10) |   PipelinedCamMapper_118 |       6590 |       6590 |       0 |      0 |   2977 |      1 |      0 |    0 |          0 |
|         banks_0_stages_0_core   |              cam_srl_123 |       1316 |        548 |       0 |    768 |    158 |      0 |      0 |    0 |          0 |
|         banks_0_stages_10_core  |              cam_srl_124 |       1276 |        508 |       0 |    768 |    158 |      0 |      0 |    0 |          0 |
|         banks_0_stages_11_core  |              cam_srl_125 |       1277 |        509 |       0 |    768 |    158 |      0 |      0 |    0 |          0 |
|         banks_0_stages_12_core  |              cam_srl_126 |       1276 |        508 |       0 |    768 |    158 |      0 |      0 |    0 |          0 |
|         banks_0_stages_13_core  |              cam_srl_127 |       1277 |        509 |       0 |    768 |    158 |      0 |      0 |    0 |          0 |
|         banks_0_stages_14_core  |              cam_srl_128 |       1276 |        508 |       0 |    768 |    158 |      0 |      0 |    0 |          0 |
|         banks_0_stages_15_core  |              cam_srl_129 |       1374 |        606 |       0 |    768 |    158 |      0 |      0 |    0 |          0 |
|         banks_0_stages_1_core   |              cam_srl_130 |       1276 |        508 |       0 |    768 |    158 |      0 |      0 |    0 |          0 |
|         banks_0_stages_2_core   |              cam_srl_131 |       1276 |        508 |       0 |    768 |    158 |      0 |      0 |    0 |          0 |
|         banks_0_stages_3_core   |              cam_srl_132 |       1276 |        508 |       0 |    768 |    158 |      0 |      0 |    0 |          0 |
|         banks_0_stages_4_core   |              cam_srl_133 |       1277 |        509 |       0 |    768 |    158 |      0 |      0 |    0 |          0 |
|         banks_0_stages_5_core   |              cam_srl_134 |       1277 |        509 |       0 |    768 |    158 |      0 |      0 |    0 |          0 |
|         banks_0_stages_6_core   |              cam_srl_135 |       1276 |        508 |       0 |    768 |    158 |      0 |      0 |    0 |          0 |
|         banks_0_stages_7_core   |              cam_srl_136 |       1276 |        508 |       0 |    768 |    158 |      0 |      0 |    0 |          0 |
|         banks_0_stages_8_core   |              cam_srl_137 |       1277 |        509 |       0 |    768 |    158 |      0 |      0 |    0 |          0 |
|         banks_0_stages_9_core   |              cam_srl_138 |       1284 |        516 |       0 |    768 |    158 |      0 |      0 |    0 |          0 |
|         responses               |         StreamFifo_7_139 |        104 |        104 |       0 |      0 |    163 |      0 |      0 |    0 |          0 |
|       streamFifo_56             |         StreamFifo_9_120 |         82 |         82 |       0 |      0 |     51 |      0 |      0 |    0 |          0 |
|       streamFifo_57             |        StreamFifo_10_121 |        101 |        101 |       0 |      0 |    171 |      0 |      0 |    0 |          0 |
|       streamFifo_58             |        StreamFifo_11_122 |        115 |        115 |       0 |      0 |    171 |      0 |      0 |    0 |          0 |
|     enque_enqueMapper           |           ReplayMapper_3 |       1076 |       1076 |       0 |      0 |      3 |      0 |      2 |    0 |          0 |
|     pipelinedCamMapper_10       |  PipelinedCamMapper_1_76 |      55263 |      30687 |       0 |  24576 |  11441 |      2 |      0 |    0 |          0 |
|       (pipelinedCamMapper_10)   |  PipelinedCamMapper_1_76 |      14078 |      14078 |       0 |      0 |   6127 |      2 |      0 |    0 |          0 |
|       banks_0_stages_0_core     |               cam_srl_80 |       1288 |        520 |       0 |    768 |    158 |      0 |      0 |    0 |          0 |
|       banks_0_stages_10_core    |               cam_srl_81 |       1280 |        512 |       0 |    768 |    158 |      0 |      0 |    0 |          0 |
|       banks_0_stages_11_core    |               cam_srl_82 |       1280 |        512 |       0 |    768 |    158 |      0 |      0 |    0 |          0 |
|       banks_0_stages_12_core    |               cam_srl_83 |       1280 |        512 |       0 |    768 |    158 |      0 |      0 |    0 |          0 |
|       banks_0_stages_13_core    |               cam_srl_84 |       1280 |        512 |       0 |    768 |    158 |      0 |      0 |    0 |          0 |
|       banks_0_stages_14_core    |               cam_srl_85 |       1286 |        518 |       0 |    768 |    158 |      0 |      0 |    0 |          0 |
|       banks_0_stages_15_core    |               cam_srl_86 |       1302 |        534 |       0 |    768 |    158 |      0 |      0 |    0 |          0 |
|       banks_0_stages_1_core     |               cam_srl_87 |       1280 |        512 |       0 |    768 |    158 |      0 |      0 |    0 |          0 |
|       banks_0_stages_2_core     |               cam_srl_88 |       1282 |        514 |       0 |    768 |    158 |      0 |      0 |    0 |          0 |
|       banks_0_stages_3_core     |               cam_srl_89 |       1281 |        513 |       0 |    768 |    158 |      0 |      0 |    0 |          0 |
|       banks_0_stages_4_core     |               cam_srl_90 |       1281 |        513 |       0 |    768 |    158 |      0 |      0 |    0 |          0 |
|       banks_0_stages_5_core     |               cam_srl_91 |       1281 |        513 |       0 |    768 |    158 |      0 |      0 |    0 |          0 |
|       banks_0_stages_6_core     |               cam_srl_92 |       1280 |        512 |       0 |    768 |    158 |      0 |      0 |    0 |          0 |
|       banks_0_stages_7_core     |               cam_srl_93 |       1280 |        512 |       0 |    768 |    158 |      0 |      0 |    0 |          0 |
|       banks_0_stages_8_core     |               cam_srl_94 |       1281 |        513 |       0 |    768 |    158 |      0 |      0 |    0 |          0 |
|       banks_0_stages_9_core     |               cam_srl_95 |       1280 |        512 |       0 |    768 |    158 |      0 |      0 |    0 |          0 |
|       banks_1_stages_0_core     |               cam_srl_96 |       1288 |        520 |       0 |    768 |    158 |      0 |      0 |    0 |          0 |
|       banks_1_stages_10_core    |               cam_srl_97 |       1280 |        512 |       0 |    768 |    158 |      0 |      0 |    0 |          0 |
|       banks_1_stages_11_core    |               cam_srl_98 |       1280 |        512 |       0 |    768 |    158 |      0 |      0 |    0 |          0 |
|       banks_1_stages_12_core    |               cam_srl_99 |       1280 |        512 |       0 |    768 |    158 |      0 |      0 |    0 |          0 |
|       banks_1_stages_13_core    |              cam_srl_100 |       1280 |        512 |       0 |    768 |    158 |      0 |      0 |    0 |          0 |
|       banks_1_stages_14_core    |              cam_srl_101 |       1283 |        515 |       0 |    768 |    158 |      0 |      0 |    0 |          0 |
|       banks_1_stages_15_core    |              cam_srl_102 |       1320 |        552 |       0 |    768 |    158 |      0 |      0 |    0 |          0 |
|       banks_1_stages_1_core     |              cam_srl_103 |       1280 |        512 |       0 |    768 |    158 |      0 |      0 |    0 |          0 |
|       banks_1_stages_2_core     |              cam_srl_104 |       1282 |        514 |       0 |    768 |    158 |      0 |      0 |    0 |          0 |
|       banks_1_stages_3_core     |              cam_srl_105 |       1280 |        512 |       0 |    768 |    158 |      0 |      0 |    0 |          0 |
|       banks_1_stages_4_core     |              cam_srl_106 |       1280 |        512 |       0 |    768 |    158 |      0 |      0 |    0 |          0 |
|       banks_1_stages_5_core     |              cam_srl_107 |       1280 |        512 |       0 |    768 |    158 |      0 |      0 |    0 |          0 |
|       banks_1_stages_6_core     |              cam_srl_108 |       1280 |        512 |       0 |    768 |    158 |      0 |      0 |    0 |          0 |
|       banks_1_stages_7_core     |              cam_srl_109 |       1280 |        512 |       0 |    768 |    158 |      0 |      0 |    0 |          0 |
|       banks_1_stages_8_core     |              cam_srl_110 |       1281 |        513 |       0 |    768 |    158 |      0 |      0 |    0 |          0 |
|       banks_1_stages_9_core     |              cam_srl_111 |       1280 |        512 |       0 |    768 |    158 |      0 |      0 |    0 |          0 |
|       responses                 |        StreamFifo_12_112 |        129 |        129 |       0 |      0 |    258 |      0 |      0 |    0 |          0 |
|   pifoEngines_4                 |             PifoEngine_4 |      93372 |      56420 |      88 |  36864 |  33641 |      4 |      3 |    0 |          0 |
|     streamFifo_57               |         StreamFifo_15_22 |        263 |        263 |       0 |      0 |    651 |      0 |      0 |    0 |          0 |
|     deque_frontRewrite          |        FrontRewriteTable |       7582 |       7582 |       0 |      0 |  14336 |      0 |      0 |    0 |          0 |
|     enque_brain                 |              PIFOBrain_4 |      29115 |      16747 |      80 |  12288 |   7129 |      2 |      1 |    0 |          0 |
|       (enque_brain)             |              PIFOBrain_4 |       1419 |       1403 |      16 |      0 |   1042 |      0 |      0 |    0 |          0 |
|       engineMapper              |                Mapper_12 |         66 |          2 |      64 |      0 |      3 |      0 |      0 |    0 |          0 |
|       pipelinedCamMapper_10     |       PipelinedCamMapper |      27261 |      14973 |       0 |  12288 |   5668 |      1 |      0 |    0 |          0 |
|         (pipelinedCamMapper_10) |       PipelinedCamMapper |       6590 |       6590 |       0 |      0 |   2977 |      1 |      0 |    0 |          0 |
|         banks_0_stages_0_core   |               cam_srl_56 |       1316 |        548 |       0 |    768 |    158 |      0 |      0 |    0 |          0 |
|         banks_0_stages_10_core  |               cam_srl_57 |       1276 |        508 |       0 |    768 |    158 |      0 |      0 |    0 |          0 |
|         banks_0_stages_11_core  |               cam_srl_58 |       1277 |        509 |       0 |    768 |    158 |      0 |      0 |    0 |          0 |
|         banks_0_stages_12_core  |               cam_srl_59 |       1276 |        508 |       0 |    768 |    158 |      0 |      0 |    0 |          0 |
|         banks_0_stages_13_core  |               cam_srl_60 |       1277 |        509 |       0 |    768 |    158 |      0 |      0 |    0 |          0 |
|         banks_0_stages_14_core  |               cam_srl_61 |       1276 |        508 |       0 |    768 |    158 |      0 |      0 |    0 |          0 |
|         banks_0_stages_15_core  |               cam_srl_62 |       1374 |        606 |       0 |    768 |    158 |      0 |      0 |    0 |          0 |
|         banks_0_stages_1_core   |               cam_srl_63 |       1276 |        508 |       0 |    768 |    158 |      0 |      0 |    0 |          0 |
|         banks_0_stages_2_core   |               cam_srl_64 |       1276 |        508 |       0 |    768 |    158 |      0 |      0 |    0 |          0 |
|         banks_0_stages_3_core   |               cam_srl_65 |       1276 |        508 |       0 |    768 |    158 |      0 |      0 |    0 |          0 |
|         banks_0_stages_4_core   |               cam_srl_66 |       1277 |        509 |       0 |    768 |    158 |      0 |      0 |    0 |          0 |
|         banks_0_stages_5_core   |               cam_srl_67 |       1277 |        509 |       0 |    768 |    158 |      0 |      0 |    0 |          0 |
|         banks_0_stages_6_core   |               cam_srl_68 |       1276 |        508 |       0 |    768 |    158 |      0 |      0 |    0 |          0 |
|         banks_0_stages_7_core   |               cam_srl_69 |       1276 |        508 |       0 |    768 |    158 |      0 |      0 |    0 |          0 |
|         banks_0_stages_8_core   |               cam_srl_70 |       1277 |        509 |       0 |    768 |    158 |      0 |      0 |    0 |          0 |
|         banks_0_stages_9_core   |               cam_srl_71 |       1284 |        516 |       0 |    768 |    158 |      0 |      0 |    0 |          0 |
|         responses               |             StreamFifo_7 |        104 |        104 |       0 |      0 |    163 |      0 |      0 |    0 |          0 |
|       streamFifo_56             |             StreamFifo_9 |         82 |         82 |       0 |      0 |     51 |      0 |      0 |    0 |          0 |
|       streamFifo_57             |            StreamFifo_10 |        101 |        101 |       0 |      0 |    171 |      0 |      0 |    0 |          0 |
|       streamFifo_58             |            StreamFifo_11 |        115 |        115 |       0 |      0 |    171 |      0 |      0 |    0 |          0 |
|     enque_enqueMapper           |           ReplayMapper_4 |       1076 |       1076 |       0 |      0 |      3 |      0 |      2 |    0 |          0 |
|     pipelinedCamMapper_10       |     PipelinedCamMapper_1 |      55263 |      30687 |       0 |  24576 |  11441 |      2 |      0 |    0 |          0 |
|       (pipelinedCamMapper_10)   |     PipelinedCamMapper_1 |      14078 |      14078 |       0 |      0 |   6127 |      2 |      0 |    0 |          0 |
|       banks_0_stages_0_core     |                  cam_srl |       1288 |        520 |       0 |    768 |    158 |      0 |      0 |    0 |          0 |
|       banks_0_stages_10_core    |               cam_srl_23 |       1280 |        512 |       0 |    768 |    158 |      0 |      0 |    0 |          0 |
|       banks_0_stages_11_core    |               cam_srl_24 |       1280 |        512 |       0 |    768 |    158 |      0 |      0 |    0 |          0 |
|       banks_0_stages_12_core    |               cam_srl_25 |       1280 |        512 |       0 |    768 |    158 |      0 |      0 |    0 |          0 |
|       banks_0_stages_13_core    |               cam_srl_26 |       1280 |        512 |       0 |    768 |    158 |      0 |      0 |    0 |          0 |
|       banks_0_stages_14_core    |               cam_srl_27 |       1286 |        518 |       0 |    768 |    158 |      0 |      0 |    0 |          0 |
|       banks_0_stages_15_core    |               cam_srl_28 |       1302 |        534 |       0 |    768 |    158 |      0 |      0 |    0 |          0 |
|       banks_0_stages_1_core     |               cam_srl_29 |       1280 |        512 |       0 |    768 |    158 |      0 |      0 |    0 |          0 |
|       banks_0_stages_2_core     |               cam_srl_30 |       1282 |        514 |       0 |    768 |    158 |      0 |      0 |    0 |          0 |
|       banks_0_stages_3_core     |               cam_srl_31 |       1281 |        513 |       0 |    768 |    158 |      0 |      0 |    0 |          0 |
|       banks_0_stages_4_core     |               cam_srl_32 |       1281 |        513 |       0 |    768 |    158 |      0 |      0 |    0 |          0 |
|       banks_0_stages_5_core     |               cam_srl_33 |       1281 |        513 |       0 |    768 |    158 |      0 |      0 |    0 |          0 |
|       banks_0_stages_6_core     |               cam_srl_34 |       1280 |        512 |       0 |    768 |    158 |      0 |      0 |    0 |          0 |
|       banks_0_stages_7_core     |               cam_srl_35 |       1280 |        512 |       0 |    768 |    158 |      0 |      0 |    0 |          0 |
|       banks_0_stages_8_core     |               cam_srl_36 |       1281 |        513 |       0 |    768 |    158 |      0 |      0 |    0 |          0 |
|       banks_0_stages_9_core     |               cam_srl_37 |       1280 |        512 |       0 |    768 |    158 |      0 |      0 |    0 |          0 |
|       banks_1_stages_0_core     |               cam_srl_38 |       1288 |        520 |       0 |    768 |    158 |      0 |      0 |    0 |          0 |
|       banks_1_stages_10_core    |               cam_srl_39 |       1280 |        512 |       0 |    768 |    158 |      0 |      0 |    0 |          0 |
|       banks_1_stages_11_core    |               cam_srl_40 |       1280 |        512 |       0 |    768 |    158 |      0 |      0 |    0 |          0 |
|       banks_1_stages_12_core    |               cam_srl_41 |       1280 |        512 |       0 |    768 |    158 |      0 |      0 |    0 |          0 |
|       banks_1_stages_13_core    |               cam_srl_42 |       1280 |        512 |       0 |    768 |    158 |      0 |      0 |    0 |          0 |
|       banks_1_stages_14_core    |               cam_srl_43 |       1283 |        515 |       0 |    768 |    158 |      0 |      0 |    0 |          0 |
|       banks_1_stages_15_core    |               cam_srl_44 |       1320 |        552 |       0 |    768 |    158 |      0 |      0 |    0 |          0 |
|       banks_1_stages_1_core     |               cam_srl_45 |       1280 |        512 |       0 |    768 |    158 |      0 |      0 |    0 |          0 |
|       banks_1_stages_2_core     |               cam_srl_46 |       1282 |        514 |       0 |    768 |    158 |      0 |      0 |    0 |          0 |
|       banks_1_stages_3_core     |               cam_srl_47 |       1280 |        512 |       0 |    768 |    158 |      0 |      0 |    0 |          0 |
|       banks_1_stages_4_core     |               cam_srl_48 |       1280 |        512 |       0 |    768 |    158 |      0 |      0 |    0 |          0 |
|       banks_1_stages_5_core     |               cam_srl_49 |       1280 |        512 |       0 |    768 |    158 |      0 |      0 |    0 |          0 |
|       banks_1_stages_6_core     |               cam_srl_50 |       1280 |        512 |       0 |    768 |    158 |      0 |      0 |    0 |          0 |
|       banks_1_stages_7_core     |               cam_srl_51 |       1280 |        512 |       0 |    768 |    158 |      0 |      0 |    0 |          0 |
|       banks_1_stages_8_core     |               cam_srl_52 |       1281 |        513 |       0 |    768 |    158 |      0 |      0 |    0 |          0 |
|       banks_1_stages_9_core     |               cam_srl_53 |       1280 |        512 |       0 |    768 |    158 |      0 |      0 |    0 |          0 |
|       responses                 |            StreamFifo_12 |        129 |        129 |       0 |      0 |    258 |      0 |      0 |    0 |          0 |
|   replayControl                 |        ReplayControlFifo |      24374 |      24374 |       0 |      0 |     39 |      1 |      0 |    0 |          0 |
|   xbar                          |          MessageCrossBar |       6132 |       6084 |      48 |      0 |    469 |      0 |      0 |    0 |          0 |
|     (xbar)                      |          MessageCrossBar |       5451 |       5451 |       0 |      0 |    379 |      0 |      0 |    0 |          0 |
|     streamArbiter_22            |          StreamArbiter_9 |         94 |         94 |       0 |      0 |      7 |      0 |      0 |    0 |          0 |
|     streamArbiter_23            |         StreamArbiter_10 |         95 |         95 |       0 |      0 |      7 |      0 |      0 |    0 |          0 |
|     streamArbiter_24            |         StreamArbiter_11 |         95 |         95 |       0 |      0 |      7 |      0 |      0 |    0 |          0 |
|     streamArbiter_25            |         StreamArbiter_12 |         94 |         94 |       0 |      0 |      7 |      0 |      0 |    0 |          0 |
|     streamArbiter_26            |         StreamArbiter_13 |         96 |         96 |       0 |      0 |      7 |      0 |      0 |    0 |          0 |
+---------------------------------+--------------------------+------------+------------+---------+--------+--------+--------+--------+------+------------+


