[info] welcome to sbt 1.10.2 (Ubuntu Java 21.0.10)
[info] loading settings for project pifo-hardware-build from plugins.sbt ...
[info] loading project definition from /home/zg366/packet-scheduling/pifo-hardware/project
[info] loading settings for project rio from build.sbt ...
[info] set current project to rio (in build file:/home/zg366/packet-scheduling/pifo-hardware/)
[info] running (fork) rio.GeneratePifoMesh /home/zg366/packet-scheduling/pifo-hardware/synthesis/build/baseline/rtl 2 32 32 8
[info] [Runtime] SpinalHDL v1.12.3    git head : 591e64062329e5e2e2b81f4d52422948053edb97
[info] [Runtime] JVM max memory : 30208.0MiB
[info] [Runtime] Current date : 2026.09.06 18:14:49
[info] [Progress] at 0.000 : Elaborate components
[info] [Progress] at 1.515 : Checks and transforms
[info] [Progress] at 5.516 : Generate Verilog to /home/zg366/packet-scheduling/pifo-hardware/synthesis/build/baseline/rtl
[info] [Warning] toplevel/pifoEngines_0/enque_brain/flowStateUpdate_toStream_fifo/fifo/logic_ram : Mem[2*44 bits].readAsync can only be write first into Verilog
[info] [Warning] toplevel/pifoEngines_0/enque_brain/brainStateUpdate_toStream_fifo/fifo/logic_ram : Mem[2*37 bits].readAsync can only be write first into Verilog
[info] [Warning] toplevel/pifoEngines_0/enque_brain/engineMapper_io_readRes_toStream_fifo/fifo/logic_ram : Mem[2*2 bits].readAsync can only be write first into Verilog
[info] [Warning] toplevel/pifoEngines_0/enque_brain/brainStateMem_io_readRes_toStream_fifo/fifo/logic_ram : Mem[2*32 bits].readAsync can only be write first into Verilog
[info] [Warning] toplevel/pifoEngines_0/enque_brain/engineCAM_io_readRes_toStream_fifo/fifo/logic_ram : Mem[2*32 bits].readAsync can only be write first into Verilog
[info] [Warning] toplevel/pifoEngines_0/enque_brain/lastVirtualMapper_io_readRes_toStream_fifo/fifo/logic_ram : Mem[2*8 bits].readAsync can only be write first into Verilog
[info] [Warning] toplevel/pifoEngines_0/enque_brain/io_outputs_4_fifo/fifo/logic_ram : Mem[2*12 bits].readAsync can only be write first into Verilog
[info] [Warning] toplevel/pifoEngines_1/enque_brain/flowStateUpdate_toStream_fifo/fifo/logic_ram : Mem[2*44 bits].readAsync can only be write first into Verilog
[info] [Warning] toplevel/pifoEngines_1/enque_brain/brainStateUpdate_toStream_fifo/fifo/logic_ram : Mem[2*37 bits].readAsync can only be write first into Verilog
[info] [Warning] toplevel/pifoEngines_1/enque_brain/engineMapper_io_readRes_toStream_fifo/fifo/logic_ram : Mem[2*2 bits].readAsync can only be write first into Verilog
[info] [Warning] toplevel/pifoEngines_1/enque_brain/brainStateMem_io_readRes_toStream_fifo/fifo/logic_ram : Mem[2*32 bits].readAsync can only be write first into Verilog
[info] [Warning] toplevel/pifoEngines_1/enque_brain/engineCAM_io_readRes_toStream_fifo/fifo/logic_ram : Mem[2*32 bits].readAsync can only be write first into Verilog
[info] [Warning] toplevel/pifoEngines_1/enque_brain/lastVirtualMapper_io_readRes_toStream_fifo/fifo/logic_ram : Mem[2*8 bits].readAsync can only be write first into Verilog
[info] [Warning] toplevel/pifoEngines_1/enque_brain/io_outputs_4_fifo/fifo/logic_ram : Mem[2*12 bits].readAsync can only be write first into Verilog
[info] [Warning] toplevel/xbar/io_inputs_0_fifo/fifo/logic_ram : Mem[8*7 bits].readAsync can only be write first into Verilog
[info] [Warning] toplevel/xbar/io_inputs_1_fifo/fifo/logic_ram : Mem[8*7 bits].readAsync can only be write first into Verilog
[info] [Warning] toplevel/xbar/io_inputs_2_fifo/fifo/logic_ram : Mem[8*7 bits].readAsync can only be write first into Verilog
[info] [Warning] toplevel/pifoEngines_0/enque_flowIdStream_fifo/fifo/logic_ram : Mem[2*7 bits].readAsync can only be write first into Verilog
[info] [Warning] toplevel/pifoEngines_0/io_outputs_2_fifo/fifo/logic_ram : Mem[2*21 bits].readAsync can only be write first into Verilog
[info] [Warning] toplevel/pifoEngines_1/enque_flowIdStream_fifo/fifo/logic_ram : Mem[2*7 bits].readAsync can only be write first into Verilog
[info] [Warning] toplevel/pifoEngines_1/io_outputs_2_fifo/fifo/logic_ram : Mem[2*21 bits].readAsync can only be write first into Verilog
[info] [Warning] 503 signals were pruned. You can call printPruned on the backend report to get more informations.
[info] [Done] at 7.113
[info] PifoMesh: 2 PEs, 32 vPIFO IDs/PE, 1024 shared entries/PE, 32 global flow IDs, 8 rank bits
[success] Total time: 9 s, completed Sep 6, 2026, 6:14:56 PM
