Info (22747): Value AUTO_DISCOVERY for QSF Assignment PWRMGT_VOLTAGE_OUTPUT_FORMAT is not supported. Hence changing the value to LINEAR_FORMAT
Info: *******************************************************************
Info: Running Quartus Prime Synthesis
    Info: Version 25.3.1 Build 100 12/19/2025 SC Pro Edition
    Info: Copyright (C) 2025  Altera Corporation. All rights reserved.
    Info: Your use of Altera Corporation's design tools, logic functions 
    Info: and other software and tools, and any partner logic 
    Info: functions, and any output files from any of the foregoing 
    Info: (including device programming or simulation files), and any 
    Info: associated documentation or information are expressly subject 
    Info: to the terms and conditions of the Altera Program License 
    Info: Subscription Agreement, the Altera Quartus Prime License Agreement,
    Info: the Altera IP License Agreement, or other applicable license
    Info: agreement, including, without limitation, that your use is for
    Info: the sole purpose of programming logic devices manufactured by
    Info: Altera and sold by Altera or its authorized distributors.  Please
    Info: refer to the Altera Software License Subscription Agreements 
    Info: on the Quartus Prime software download page.
    Info: Processing started: Sun Sep  6 19:58:41 2026
    Info: System process ID: 245246
Info: Command: quartus_syn pifo
Info: qis_default_flow_script.tcl version: #2
Info: Initializing Synthesis...
Info: Project = "pifo"
Info: Revision = "pifo"
Info (21958): Initialized Quartus Message Database
Info: Analyzing source files
Warning (16749): Verilog HDL warning at pifo.sv(242): identifier pf_data_nxt is used before its declaration File: /home/zg366/packet-scheduling/pifo-hardware/synthesis/build/stock-pifo/rtl/pifo.sv Line: 242
Warning (16749): Verilog HDL warning at pifo.sv(243): identifier pf_prio_nxt is used before its declaration File: /home/zg366/packet-scheduling/pifo-hardware/synthesis/build/stock-pifo/rtl/pifo.sv Line: 243
Critical Warning (20759): Use the Reset Release IP in Agilex 7 designs to ensure a successful configuration. For more information about the Reset Release IP, refer to the Configuration User Guide.
Info: Elaborating from top-level entity "PifoMesh"
Info (22567): Verilog HDL info at PifoMesh.v(10555): extracting RAM for identifier 'logic_ram' File: /home/zg366/packet-scheduling/pifo-hardware/synthesis/build/stock-pifo/rtl/PifoMesh.v Line: 10555
Warning (13469): Verilog HDL assignment warning at pifo.sv(133): truncated value with size 32 to match size of target (10) File: /home/zg366/packet-scheduling/pifo-hardware/synthesis/build/stock-pifo/rtl/pifo.sv Line: 133
Warning (13469): Verilog HDL assignment warning at pifo.sv(157): truncated value with size 32 to match size of target (10) File: /home/zg366/packet-scheduling/pifo-hardware/synthesis/build/stock-pifo/rtl/pifo.sv Line: 157
Warning (13469): Verilog HDL assignment warning at pifo.sv(167): truncated value with size 32 to match size of target (10) File: /home/zg366/packet-scheduling/pifo-hardware/synthesis/build/stock-pifo/rtl/pifo.sv Line: 167
Warning (13469): Verilog HDL assignment warning at pifo.sv(171): truncated value with size 11 to match size of target (10) File: /home/zg366/packet-scheduling/pifo-hardware/synthesis/build/stock-pifo/rtl/pifo.sv Line: 171
Warning (13469): Verilog HDL assignment warning at pifo.sv(177): truncated value with size 32 to match size of target (10) File: /home/zg366/packet-scheduling/pifo-hardware/synthesis/build/stock-pifo/rtl/pifo.sv Line: 177
Warning (13469): Verilog HDL assignment warning at pifo.sv(182): truncated value with size 32 to match size of target (10) File: /home/zg366/packet-scheduling/pifo-hardware/synthesis/build/stock-pifo/rtl/pifo.sv Line: 182
Warning (13469): Verilog HDL assignment warning at pifo.sv(186): truncated value with size 11 to match size of target (10) File: /home/zg366/packet-scheduling/pifo-hardware/synthesis/build/stock-pifo/rtl/pifo.sv Line: 186
Warning (13469): Verilog HDL assignment warning at pifo.sv(225): truncated value with size 12 to match size of target (11) File: /home/zg366/packet-scheduling/pifo-hardware/synthesis/build/stock-pifo/rtl/pifo.sv Line: 225
Info (22567): Verilog HDL info at PifoMesh.v(7919): extracting RAM for identifier 'banks_0' File: /home/zg366/packet-scheduling/pifo-hardware/synthesis/build/stock-pifo/rtl/PifoMesh.v Line: 7919
Info (22567): Verilog HDL info at PifoMesh.v(7920): extracting RAM for identifier 'banks_1' File: /home/zg366/packet-scheduling/pifo-hardware/synthesis/build/stock-pifo/rtl/PifoMesh.v Line: 7920
Info (25395): Verilog HDL info at PifoMesh.v(7927): readmemb: reading from file 'PifoMesh.v_toplevel_pifoEngines_0_enque_enqueMapper_banks_0.bin' File: /home/zg366/packet-scheduling/pifo-hardware/synthesis/build/stock-pifo/rtl/PifoMesh.v Line: 7927
Info (25395): Verilog HDL info at PifoMesh.v(7948): readmemb: reading from file 'PifoMesh.v_toplevel_pifoEngines_0_enque_enqueMapper_banks_1.bin' File: /home/zg366/packet-scheduling/pifo-hardware/synthesis/build/stock-pifo/rtl/PifoMesh.v Line: 7948
Info (22567): Verilog HDL info at PifoMesh.v(10406): extracting RAM for identifier 'logic_ram' File: /home/zg366/packet-scheduling/pifo-hardware/synthesis/build/stock-pifo/rtl/PifoMesh.v Line: 10406
Info (22567): Verilog HDL info at PifoMesh.v(10201): extracting RAM for identifier 'ram' File: /home/zg366/packet-scheduling/pifo-hardware/synthesis/build/stock-pifo/rtl/PifoMesh.v Line: 10201
Info (25395): Verilog HDL info at PifoMesh.v(10206): readmemb: reading from file 'PifoMesh.v_toplevel_pifoEngines_0_enque_brain_engineMapper_ram.bin' File: /home/zg366/packet-scheduling/pifo-hardware/synthesis/build/stock-pifo/rtl/PifoMesh.v Line: 10206
Info (22567): Verilog HDL info at PifoMesh.v(10148): extracting RAM for identifier 'ram' File: /home/zg366/packet-scheduling/pifo-hardware/synthesis/build/stock-pifo/rtl/PifoMesh.v Line: 10148
Info (25395): Verilog HDL info at PifoMesh.v(10153): readmemb: reading from file 'PifoMesh.v_toplevel_pifoEngines_0_enque_brain_lastVirtualMapper_ram.bin' File: /home/zg366/packet-scheduling/pifo-hardware/synthesis/build/stock-pifo/rtl/PifoMesh.v Line: 10153
Info (22567): Verilog HDL info at PifoMesh.v(10095): extracting RAM for identifier 'ram' File: /home/zg366/packet-scheduling/pifo-hardware/synthesis/build/stock-pifo/rtl/PifoMesh.v Line: 10095
Info (25395): Verilog HDL info at PifoMesh.v(10100): readmemb: reading from file 'PifoMesh.v_toplevel_pifoEngines_0_enque_brain_engineCAM_ram.bin' File: /home/zg366/packet-scheduling/pifo-hardware/synthesis/build/stock-pifo/rtl/PifoMesh.v Line: 10100
Info (22567): Verilog HDL info at PifoMesh.v(11364): extracting RAM for identifier 'logic_ram' File: /home/zg366/packet-scheduling/pifo-hardware/synthesis/build/stock-pifo/rtl/PifoMesh.v Line: 11364
Info (22567): Verilog HDL info at PifoMesh.v(9924): extracting RAM for identifier 'ram' File: /home/zg366/packet-scheduling/pifo-hardware/synthesis/build/stock-pifo/rtl/PifoMesh.v Line: 9924
Info (25395): Verilog HDL info at PifoMesh.v(9929): readmemb: reading from file 'PifoMesh.v_toplevel_pifoEngines_0_enque_brain_brainStateMem_ram.bin' File: /home/zg366/packet-scheduling/pifo-hardware/synthesis/build/stock-pifo/rtl/PifoMesh.v Line: 9929
Info (22567): Verilog HDL info at PifoMesh.v(11219): extracting RAM for identifier 'logic_ram' File: /home/zg366/packet-scheduling/pifo-hardware/synthesis/build/stock-pifo/rtl/PifoMesh.v Line: 11219
Info (22567): Verilog HDL info at PifoMesh.v(11085): extracting RAM for identifier 'logic_ram' File: /home/zg366/packet-scheduling/pifo-hardware/synthesis/build/stock-pifo/rtl/PifoMesh.v Line: 11085
Info (22567): Verilog HDL info at PifoMesh.v(10957): extracting RAM for identifier 'logic_ram' File: /home/zg366/packet-scheduling/pifo-hardware/synthesis/build/stock-pifo/rtl/PifoMesh.v Line: 10957
Info (22567): Verilog HDL info at PifoMesh.v(10827): extracting RAM for identifier 'logic_ram' File: /home/zg366/packet-scheduling/pifo-hardware/synthesis/build/stock-pifo/rtl/PifoMesh.v Line: 10827
Info (22567): Verilog HDL info at PifoMesh.v(10688): extracting RAM for identifier 'logic_ram' File: /home/zg366/packet-scheduling/pifo-hardware/synthesis/build/stock-pifo/rtl/PifoMesh.v Line: 10688
Info (22567): Verilog HDL info at PifoMesh.v(6659): extracting RAM for identifier 'banks_0' File: /home/zg366/packet-scheduling/pifo-hardware/synthesis/build/stock-pifo/rtl/PifoMesh.v Line: 6659
Info (22567): Verilog HDL info at PifoMesh.v(6660): extracting RAM for identifier 'banks_1' File: /home/zg366/packet-scheduling/pifo-hardware/synthesis/build/stock-pifo/rtl/PifoMesh.v Line: 6660
Info (25395): Verilog HDL info at PifoMesh.v(6667): readmemb: reading from file 'PifoMesh.v_toplevel_pifoEngines_0_deque_dequeMapper_banks_0.bin' File: /home/zg366/packet-scheduling/pifo-hardware/synthesis/build/stock-pifo/rtl/PifoMesh.v Line: 6667
Info (25395): Verilog HDL info at PifoMesh.v(6688): readmemb: reading from file 'PifoMesh.v_toplevel_pifoEngines_0_deque_dequeMapper_banks_1.bin' File: /home/zg366/packet-scheduling/pifo-hardware/synthesis/build/stock-pifo/rtl/PifoMesh.v Line: 6688
Info (22567): Verilog HDL info at PifoMesh.v(9325): extracting RAM for identifier 'logic_ram' File: /home/zg366/packet-scheduling/pifo-hardware/synthesis/build/stock-pifo/rtl/PifoMesh.v Line: 9325
Info (22567): Verilog HDL info at PifoMesh.v(4591): extracting RAM for identifier 'banks_0' File: /home/zg366/packet-scheduling/pifo-hardware/synthesis/build/stock-pifo/rtl/PifoMesh.v Line: 4591
Info (22567): Verilog HDL info at PifoMesh.v(4592): extracting RAM for identifier 'banks_1' File: /home/zg366/packet-scheduling/pifo-hardware/synthesis/build/stock-pifo/rtl/PifoMesh.v Line: 4592
Info (25395): Verilog HDL info at PifoMesh.v(4599): readmemb: reading from file 'PifoMesh.v_toplevel_pifoEngines_1_enque_enqueMapper_banks_0.bin' File: /home/zg366/packet-scheduling/pifo-hardware/synthesis/build/stock-pifo/rtl/PifoMesh.v Line: 4599
Info (25395): Verilog HDL info at PifoMesh.v(4620): readmemb: reading from file 'PifoMesh.v_toplevel_pifoEngines_1_enque_enqueMapper_banks_1.bin' File: /home/zg366/packet-scheduling/pifo-hardware/synthesis/build/stock-pifo/rtl/PifoMesh.v Line: 4620
Info (22567): Verilog HDL info at PifoMesh.v(9231): extracting RAM for identifier 'ram' File: /home/zg366/packet-scheduling/pifo-hardware/synthesis/build/stock-pifo/rtl/PifoMesh.v Line: 9231
Info (25395): Verilog HDL info at PifoMesh.v(9236): readmemb: reading from file 'PifoMesh.v_toplevel_pifoEngines_1_enque_brain_engineMapper_ram.bin' File: /home/zg366/packet-scheduling/pifo-hardware/synthesis/build/stock-pifo/rtl/PifoMesh.v Line: 9236
Info (22567): Verilog HDL info at PifoMesh.v(9178): extracting RAM for identifier 'ram' File: /home/zg366/packet-scheduling/pifo-hardware/synthesis/build/stock-pifo/rtl/PifoMesh.v Line: 9178
Info (25395): Verilog HDL info at PifoMesh.v(9183): readmemb: reading from file 'PifoMesh.v_toplevel_pifoEngines_1_enque_brain_lastVirtualMapper_ram.bin' File: /home/zg366/packet-scheduling/pifo-hardware/synthesis/build/stock-pifo/rtl/PifoMesh.v Line: 9183
Info (22567): Verilog HDL info at PifoMesh.v(9125): extracting RAM for identifier 'ram' File: /home/zg366/packet-scheduling/pifo-hardware/synthesis/build/stock-pifo/rtl/PifoMesh.v Line: 9125
Info (25395): Verilog HDL info at PifoMesh.v(9130): readmemb: reading from file 'PifoMesh.v_toplevel_pifoEngines_1_enque_brain_engineCAM_ram.bin' File: /home/zg366/packet-scheduling/pifo-hardware/synthesis/build/stock-pifo/rtl/PifoMesh.v Line: 9130
Info (22567): Verilog HDL info at PifoMesh.v(9068): extracting RAM for identifier 'ram' File: /home/zg366/packet-scheduling/pifo-hardware/synthesis/build/stock-pifo/rtl/PifoMesh.v Line: 9068
Info (25395): Verilog HDL info at PifoMesh.v(9073): readmemb: reading from file 'PifoMesh.v_toplevel_pifoEngines_1_enque_brain_brainStateMem_ram.bin' File: /home/zg366/packet-scheduling/pifo-hardware/synthesis/build/stock-pifo/rtl/PifoMesh.v Line: 9073
Info (22567): Verilog HDL info at PifoMesh.v(3376): extracting RAM for identifier 'banks_0' File: /home/zg366/packet-scheduling/pifo-hardware/synthesis/build/stock-pifo/rtl/PifoMesh.v Line: 3376
Info (22567): Verilog HDL info at PifoMesh.v(3377): extracting RAM for identifier 'banks_1' File: /home/zg366/packet-scheduling/pifo-hardware/synthesis/build/stock-pifo/rtl/PifoMesh.v Line: 3377
Info (25395): Verilog HDL info at PifoMesh.v(3384): readmemb: reading from file 'PifoMesh.v_toplevel_pifoEngines_1_deque_dequeMapper_banks_0.bin' File: /home/zg366/packet-scheduling/pifo-hardware/synthesis/build/stock-pifo/rtl/PifoMesh.v Line: 3384
Info (25395): Verilog HDL info at PifoMesh.v(3405): readmemb: reading from file 'PifoMesh.v_toplevel_pifoEngines_1_deque_dequeMapper_banks_1.bin' File: /home/zg366/packet-scheduling/pifo-hardware/synthesis/build/stock-pifo/rtl/PifoMesh.v Line: 3405
Info (22567): Verilog HDL info at PifoMesh.v(1146): extracting RAM for identifier 'logic_ram' File: /home/zg366/packet-scheduling/pifo-hardware/synthesis/build/stock-pifo/rtl/PifoMesh.v Line: 1146
Info: Found 63 design entities
Info: There are 117 partitions after elaboration.
Info: DA report generation in native DNI mode
Info (21615): Running Design Assistant Rules for snapshot 'partitioned'
Info: No waiver waived any violations
Info (22360): Design Assistant Results: 8 of 10 enabled rules passed, and 1 rules was disabled, in snapshot 'partitioned'
Warning (21620): Design Assistant Results: 1 of 1 High severity rules issued violations in snapshot 'partitioned'. Please refer to DRC report '/home/zg366/packet-scheduling/pifo-hardware/synthesis/build/stock-pifo/output_files/pifo.drc.partitioned.rpt' for more information
Info (21621): Design Assistant Results: 1 of 1 Medium severity rules issued violations in snapshot 'partitioned'. Please refer to DRC report '/home/zg366/packet-scheduling/pifo-hardware/synthesis/build/stock-pifo/output_files/pifo.drc.partitioned.rpt' for more information
Info (21622): Design Assistant Results: 0 of 8 Low severity rules issued violations in snapshot 'partitioned'
Warning (23762): Hierarchies were optimized away during sweep. For details, refer to " Hierarchies Optimized Away During Sweep " report.
Info: Synthesizing partition "root_partition"
Info (276014): Found 11 instances of uninferred RAM logic
    Info (276004): RAM logic "xbar|io_inputs_0_fifo|fifo|logic_ram" is uninferred due to inappropriate RAM size File: /home/zg366/packet-scheduling/pifo-hardware/synthesis/build/stock-pifo/rtl/PifoMesh.v Line: 10555
    Info (276004): RAM logic "xbar|io_inputs_1_fifo|fifo|logic_ram" is uninferred due to inappropriate RAM size File: /home/zg366/packet-scheduling/pifo-hardware/synthesis/build/stock-pifo/rtl/PifoMesh.v Line: 10555
    Info (276004): RAM logic "xbar|io_inputs_2_fifo|fifo|logic_ram" is uninferred due to inappropriate RAM size File: /home/zg366/packet-scheduling/pifo-hardware/synthesis/build/stock-pifo/rtl/PifoMesh.v Line: 10555
    Info (276004): RAM logic "pifoEngines_0|enque_brain|flowStateUpdate_toStream_fifo|fifo|logic_ram" is uninferred due to inappropriate RAM size File: /home/zg366/packet-scheduling/pifo-hardware/synthesis/build/stock-pifo/rtl/PifoMesh.v Line: 11364
    Info (276004): RAM logic "pifoEngines_0|enque_brain|brainStateUpdate_toStream_fifo|fifo|logic_ram" is uninferred due to inappropriate RAM size File: /home/zg366/packet-scheduling/pifo-hardware/synthesis/build/stock-pifo/rtl/PifoMesh.v Line: 11219
    Info (276004): RAM logic "pifoEngines_0|enque_brain|brainStateMem_io_readRes_toStream_fifo|fifo|logic_ram" is uninferred due to inappropriate RAM size File: /home/zg366/packet-scheduling/pifo-hardware/synthesis/build/stock-pifo/rtl/PifoMesh.v Line: 10957
    Info (276004): RAM logic "pifoEngines_0|enque_brain|engineCAM_io_readRes_toStream_fifo|fifo|logic_ram" is uninferred due to inappropriate RAM size File: /home/zg366/packet-scheduling/pifo-hardware/synthesis/build/stock-pifo/rtl/PifoMesh.v Line: 10957
    Info (276004): RAM logic "pifoEngines_1|enque_brain|flowStateUpdate_toStream_fifo|fifo|logic_ram" is uninferred due to inappropriate RAM size File: /home/zg366/packet-scheduling/pifo-hardware/synthesis/build/stock-pifo/rtl/PifoMesh.v Line: 11364
    Info (276004): RAM logic "pifoEngines_1|enque_brain|brainStateUpdate_toStream_fifo|fifo|logic_ram" is uninferred due to inappropriate RAM size File: /home/zg366/packet-scheduling/pifo-hardware/synthesis/build/stock-pifo/rtl/PifoMesh.v Line: 11219
    Info (276004): RAM logic "pifoEngines_1|enque_brain|brainStateMem_io_readRes_toStream_fifo|fifo|logic_ram" is uninferred due to inappropriate RAM size File: /home/zg366/packet-scheduling/pifo-hardware/synthesis/build/stock-pifo/rtl/PifoMesh.v Line: 10957
    Info (276004): RAM logic "pifoEngines_1|enque_brain|engineCAM_io_readRes_toStream_fifo|fifo|logic_ram" is uninferred due to inappropriate RAM size File: /home/zg366/packet-scheduling/pifo-hardware/synthesis/build/stock-pifo/rtl/PifoMesh.v Line: 10957
Info (19000): Inferred 25 megafunctions from design logic
    Info (276029): Inferred altsyncram megafunction from the following design logic: "io_controlRequest_fifo|logic_ram_rtl_0"  File: /home/zg366/packet-scheduling/pifo-hardware/synthesis/build/stock-pifo/rtl/PifoMesh.v Line: 1146
        Info (286033): Parameter OPERATION_MODE set to DUAL_PORT
        Info (286033): Parameter WIDTH_A set to 48
        Info (286033): Parameter WIDTHAD_A set to 2
        Info (286033): Parameter NUMWORDS_A set to 4
        Info (286033): Parameter WIDTH_B set to 48
        Info (286033): Parameter WIDTHAD_B set to 2
        Info (286033): Parameter NUMWORDS_B set to 4
        Info (286033): Parameter ADDRESS_ACLR_A set to NONE
        Info (286033): Parameter OUTDATA_REG_B set to UNREGISTERED
        Info (286033): Parameter ADDRESS_ACLR_B set to NONE
        Info (286033): Parameter OUTDATA_ACLR_B set to NONE
        Info (286033): Parameter ADDRESS_REG_B set to CLOCK0
        Info (286033): Parameter INDATA_ACLR_A set to NONE
        Info (286033): Parameter WRCONTROL_ACLR_A set to NONE
        Info (286033): Parameter READ_DURING_WRITE_MODE_MIXED_PORTS set to OLD_DATA
        Info (286033): Parameter RDCONTROL_REG_B set to CLOCK0
    Info (276029): Inferred altsyncram megafunction from the following design logic: "pifoEngines_0|enque_enqueMapper|banks_0_rtl_0"  File: /home/zg366/packet-scheduling/pifo-hardware/synthesis/build/stock-pifo/rtl/PifoMesh.v Line: 7919
        Info (286033): Parameter OPERATION_MODE set to DUAL_PORT
        Info (286033): Parameter WIDTH_A set to 5
        Info (286033): Parameter WIDTHAD_A set to 5
        Info (286033): Parameter NUMWORDS_A set to 32
        Info (286033): Parameter WIDTH_B set to 5
        Info (286033): Parameter WIDTHAD_B set to 5
        Info (286033): Parameter NUMWORDS_B set to 32
        Info (286033): Parameter ADDRESS_ACLR_A set to NONE
        Info (286033): Parameter OUTDATA_REG_B set to UNREGISTERED
        Info (286033): Parameter ADDRESS_ACLR_B set to NONE
        Info (286033): Parameter OUTDATA_ACLR_B set to NONE
        Info (286033): Parameter ADDRESS_REG_B set to CLOCK0
        Info (286033): Parameter INDATA_ACLR_A set to NONE
        Info (286033): Parameter WRCONTROL_ACLR_A set to NONE
        Info (286033): Parameter INIT_FILE set to qdb/_compiler/pifo/root_partition/25.3.1/partitioned/1/mifs/ram0_PifoMesh_a88d83e7.hdl.mif
        Info (286033): Parameter READ_DURING_WRITE_MODE_MIXED_PORTS set to OLD_DATA
        Info (286033): Parameter RDCONTROL_REG_B set to CLOCK0
    Info (276029): Inferred altsyncram megafunction from the following design logic: "pifoEngines_0|enque_enqueMapper|banks_0_rtl_1"  File: /home/zg366/packet-scheduling/pifo-hardware/synthesis/build/stock-pifo/rtl/PifoMesh.v Line: 7919
        Info (286033): Parameter OPERATION_MODE set to DUAL_PORT
        Info (286033): Parameter WIDTH_A set to 5
        Info (286033): Parameter WIDTHAD_A set to 5
        Info (286033): Parameter NUMWORDS_A set to 32
        Info (286033): Parameter WIDTH_B set to 5
        Info (286033): Parameter WIDTHAD_B set to 5
        Info (286033): Parameter NUMWORDS_B set to 32
        Info (286033): Parameter ADDRESS_ACLR_A set to NONE
        Info (286033): Parameter OUTDATA_REG_B set to UNREGISTERED
        Info (286033): Parameter ADDRESS_ACLR_B set to NONE
        Info (286033): Parameter OUTDATA_ACLR_B set to NONE
        Info (286033): Parameter ADDRESS_REG_B set to CLOCK0
        Info (286033): Parameter INDATA_ACLR_A set to NONE
        Info (286033): Parameter WRCONTROL_ACLR_A set to NONE
        Info (286033): Parameter INIT_FILE set to qdb/_compiler/pifo/root_partition/25.3.1/partitioned/1/mifs/ram0_PifoMesh_a88d83e7.hdl.mif
        Info (286033): Parameter READ_DURING_WRITE_MODE_MIXED_PORTS set to OLD_DATA
        Info (286033): Parameter RDCONTROL_REG_B set to CLOCK0
    Info (276029): Inferred altsyncram megafunction from the following design logic: "pifoEngines_0|enque_enqueMapper|banks_1_rtl_0"  File: /home/zg366/packet-scheduling/pifo-hardware/synthesis/build/stock-pifo/rtl/PifoMesh.v Line: 7920
        Info (286033): Parameter OPERATION_MODE set to DUAL_PORT
        Info (286033): Parameter WIDTH_A set to 5
        Info (286033): Parameter WIDTHAD_A set to 5
        Info (286033): Parameter NUMWORDS_A set to 32
        Info (286033): Parameter WIDTH_B set to 5
        Info (286033): Parameter WIDTHAD_B set to 5
        Info (286033): Parameter NUMWORDS_B set to 32
        Info (286033): Parameter ADDRESS_ACLR_A set to NONE
        Info (286033): Parameter OUTDATA_REG_B set to UNREGISTERED
        Info (286033): Parameter ADDRESS_ACLR_B set to NONE
        Info (286033): Parameter OUTDATA_ACLR_B set to NONE
        Info (286033): Parameter ADDRESS_REG_B set to CLOCK0
        Info (286033): Parameter INDATA_ACLR_A set to NONE
        Info (286033): Parameter WRCONTROL_ACLR_A set to NONE
        Info (286033): Parameter INIT_FILE set to qdb/_compiler/pifo/root_partition/25.3.1/partitioned/1/mifs/ram0_PifoMesh_a88d83e7.hdl.mif
        Info (286033): Parameter READ_DURING_WRITE_MODE_MIXED_PORTS set to OLD_DATA
        Info (286033): Parameter RDCONTROL_REG_B set to CLOCK0
    Info (276029): Inferred altsyncram megafunction from the following design logic: "pifoEngines_0|enque_enqueMapper|banks_1_rtl_1"  File: /home/zg366/packet-scheduling/pifo-hardware/synthesis/build/stock-pifo/rtl/PifoMesh.v Line: 7920
        Info (286033): Parameter OPERATION_MODE set to DUAL_PORT
        Info (286033): Parameter WIDTH_A set to 5
        Info (286033): Parameter WIDTHAD_A set to 5
        Info (286033): Parameter NUMWORDS_A set to 32
        Info (286033): Parameter WIDTH_B set to 5
        Info (286033): Parameter WIDTHAD_B set to 5
        Info (286033): Parameter NUMWORDS_B set to 32
        Info (286033): Parameter ADDRESS_ACLR_A set to NONE
        Info (286033): Parameter OUTDATA_REG_B set to UNREGISTERED
        Info (286033): Parameter ADDRESS_ACLR_B set to NONE
        Info (286033): Parameter OUTDATA_ACLR_B set to NONE
        Info (286033): Parameter ADDRESS_REG_B set to CLOCK0
        Info (286033): Parameter INDATA_ACLR_A set to NONE
        Info (286033): Parameter WRCONTROL_ACLR_A set to NONE
        Info (286033): Parameter INIT_FILE set to qdb/_compiler/pifo/root_partition/25.3.1/partitioned/1/mifs/ram0_PifoMesh_a88d83e7.hdl.mif
        Info (286033): Parameter READ_DURING_WRITE_MODE_MIXED_PORTS set to OLD_DATA
        Info (286033): Parameter RDCONTROL_REG_B set to CLOCK0
    Info (276029): Inferred altsyncram megafunction from the following design logic: "pifoEngines_0|deque_dequeMapper|banks_0_rtl_0"  File: /home/zg366/packet-scheduling/pifo-hardware/synthesis/build/stock-pifo/rtl/PifoMesh.v Line: 6659
        Info (286033): Parameter OPERATION_MODE set to DUAL_PORT
        Info (286033): Parameter WIDTH_A set to 7
        Info (286033): Parameter WIDTHAD_A set to 12
        Info (286033): Parameter NUMWORDS_A set to 4096
        Info (286033): Parameter WIDTH_B set to 7
        Info (286033): Parameter WIDTHAD_B set to 12
        Info (286033): Parameter NUMWORDS_B set to 4096
        Info (286033): Parameter ADDRESS_ACLR_A set to NONE
        Info (286033): Parameter OUTDATA_REG_B set to UNREGISTERED
        Info (286033): Parameter ADDRESS_ACLR_B set to NONE
        Info (286033): Parameter OUTDATA_ACLR_B set to NONE
        Info (286033): Parameter ADDRESS_REG_B set to CLOCK0
        Info (286033): Parameter INDATA_ACLR_A set to NONE
        Info (286033): Parameter WRCONTROL_ACLR_A set to NONE
        Info (286033): Parameter INIT_FILE set to qdb/_compiler/pifo/root_partition/25.3.1/partitioned/1/mifs/ram1_PifoMesh_a88d83e7.hdl.mif
        Info (286033): Parameter READ_DURING_WRITE_MODE_MIXED_PORTS set to OLD_DATA
        Info (286033): Parameter RDCONTROL_REG_B set to CLOCK0
    Info (276029): Inferred altsyncram megafunction from the following design logic: "pifoEngines_0|deque_dequeMapper|banks_0_rtl_1"  File: /home/zg366/packet-scheduling/pifo-hardware/synthesis/build/stock-pifo/rtl/PifoMesh.v Line: 6659
        Info (286033): Parameter OPERATION_MODE set to DUAL_PORT
        Info (286033): Parameter WIDTH_A set to 7
        Info (286033): Parameter WIDTHAD_A set to 12
        Info (286033): Parameter NUMWORDS_A set to 4096
        Info (286033): Parameter WIDTH_B set to 7
        Info (286033): Parameter WIDTHAD_B set to 12
        Info (286033): Parameter NUMWORDS_B set to 4096
        Info (286033): Parameter ADDRESS_ACLR_A set to NONE
        Info (286033): Parameter OUTDATA_REG_B set to UNREGISTERED
        Info (286033): Parameter ADDRESS_ACLR_B set to NONE
        Info (286033): Parameter OUTDATA_ACLR_B set to NONE
        Info (286033): Parameter ADDRESS_REG_B set to CLOCK0
        Info (286033): Parameter INDATA_ACLR_A set to NONE
        Info (286033): Parameter WRCONTROL_ACLR_A set to NONE
        Info (286033): Parameter INIT_FILE set to qdb/_compiler/pifo/root_partition/25.3.1/partitioned/1/mifs/ram1_PifoMesh_a88d83e7.hdl.mif
        Info (286033): Parameter READ_DURING_WRITE_MODE_MIXED_PORTS set to OLD_DATA
        Info (286033): Parameter RDCONTROL_REG_B set to CLOCK0
    Info (276029): Inferred altsyncram megafunction from the following design logic: "pifoEngines_0|deque_dequeMapper|banks_1_rtl_0"  File: /home/zg366/packet-scheduling/pifo-hardware/synthesis/build/stock-pifo/rtl/PifoMesh.v Line: 6660
        Info (286033): Parameter OPERATION_MODE set to DUAL_PORT
        Info (286033): Parameter WIDTH_A set to 7
        Info (286033): Parameter WIDTHAD_A set to 12
        Info (286033): Parameter NUMWORDS_A set to 4096
        Info (286033): Parameter WIDTH_B set to 7
        Info (286033): Parameter WIDTHAD_B set to 12
        Info (286033): Parameter NUMWORDS_B set to 4096
        Info (286033): Parameter ADDRESS_ACLR_A set to NONE
        Info (286033): Parameter OUTDATA_REG_B set to UNREGISTERED
        Info (286033): Parameter ADDRESS_ACLR_B set to NONE
        Info (286033): Parameter OUTDATA_ACLR_B set to NONE
        Info (286033): Parameter ADDRESS_REG_B set to CLOCK0
        Info (286033): Parameter INDATA_ACLR_A set to NONE
        Info (286033): Parameter WRCONTROL_ACLR_A set to NONE
        Info (286033): Parameter INIT_FILE set to qdb/_compiler/pifo/root_partition/25.3.1/partitioned/1/mifs/ram1_PifoMesh_a88d83e7.hdl.mif
        Info (286033): Parameter READ_DURING_WRITE_MODE_MIXED_PORTS set to OLD_DATA
        Info (286033): Parameter RDCONTROL_REG_B set to CLOCK0
    Info (276029): Inferred altsyncram megafunction from the following design logic: "pifoEngines_0|deque_dequeMapper|banks_1_rtl_1"  File: /home/zg366/packet-scheduling/pifo-hardware/synthesis/build/stock-pifo/rtl/PifoMesh.v Line: 6660
        Info (286033): Parameter OPERATION_MODE set to DUAL_PORT
        Info (286033): Parameter WIDTH_A set to 7
        Info (286033): Parameter WIDTHAD_A set to 12
        Info (286033): Parameter NUMWORDS_A set to 4096
        Info (286033): Parameter WIDTH_B set to 7
        Info (286033): Parameter WIDTHAD_B set to 12
        Info (286033): Parameter NUMWORDS_B set to 4096
        Info (286033): Parameter ADDRESS_ACLR_A set to NONE
        Info (286033): Parameter OUTDATA_REG_B set to UNREGISTERED
        Info (286033): Parameter ADDRESS_ACLR_B set to NONE
        Info (286033): Parameter OUTDATA_ACLR_B set to NONE
        Info (286033): Parameter ADDRESS_REG_B set to CLOCK0
        Info (286033): Parameter INDATA_ACLR_A set to NONE
        Info (286033): Parameter WRCONTROL_ACLR_A set to NONE
        Info (286033): Parameter INIT_FILE set to qdb/_compiler/pifo/root_partition/25.3.1/partitioned/1/mifs/ram1_PifoMesh_a88d83e7.hdl.mif
        Info (286033): Parameter READ_DURING_WRITE_MODE_MIXED_PORTS set to OLD_DATA
        Info (286033): Parameter RDCONTROL_REG_B set to CLOCK0
    Info (276029): Inferred altsyncram megafunction from the following design logic: "pifoEngines_1|enque_enqueMapper|banks_0_rtl_0"  File: /home/zg366/packet-scheduling/pifo-hardware/synthesis/build/stock-pifo/rtl/PifoMesh.v Line: 4591
        Info (286033): Parameter OPERATION_MODE set to DUAL_PORT
        Info (286033): Parameter WIDTH_A set to 5
        Info (286033): Parameter WIDTHAD_A set to 5
        Info (286033): Parameter NUMWORDS_A set to 32
        Info (286033): Parameter WIDTH_B set to 5
        Info (286033): Parameter WIDTHAD_B set to 5
        Info (286033): Parameter NUMWORDS_B set to 32
        Info (286033): Parameter ADDRESS_ACLR_A set to NONE
        Info (286033): Parameter OUTDATA_REG_B set to UNREGISTERED
        Info (286033): Parameter ADDRESS_ACLR_B set to NONE
        Info (286033): Parameter OUTDATA_ACLR_B set to NONE
        Info (286033): Parameter ADDRESS_REG_B set to CLOCK0
        Info (286033): Parameter INDATA_ACLR_A set to NONE
        Info (286033): Parameter WRCONTROL_ACLR_A set to NONE
        Info (286033): Parameter INIT_FILE set to qdb/_compiler/pifo/root_partition/25.3.1/partitioned/1/mifs/ram2_PifoMesh_a88d83e7.hdl.mif
        Info (286033): Parameter READ_DURING_WRITE_MODE_MIXED_PORTS set to OLD_DATA
        Info (286033): Parameter RDCONTROL_REG_B set to CLOCK0
    Info (276029): Inferred altsyncram megafunction from the following design logic: "pifoEngines_1|enque_enqueMapper|banks_0_rtl_1"  File: /home/zg366/packet-scheduling/pifo-hardware/synthesis/build/stock-pifo/rtl/PifoMesh.v Line: 4591
        Info (286033): Parameter OPERATION_MODE set to DUAL_PORT
        Info (286033): Parameter WIDTH_A set to 5
        Info (286033): Parameter WIDTHAD_A set to 5
        Info (286033): Parameter NUMWORDS_A set to 32
        Info (286033): Parameter WIDTH_B set to 5
        Info (286033): Parameter WIDTHAD_B set to 5
        Info (286033): Parameter NUMWORDS_B set to 32
        Info (286033): Parameter ADDRESS_ACLR_A set to NONE
        Info (286033): Parameter OUTDATA_REG_B set to UNREGISTERED
        Info (286033): Parameter ADDRESS_ACLR_B set to NONE
        Info (286033): Parameter OUTDATA_ACLR_B set to NONE
        Info (286033): Parameter ADDRESS_REG_B set to CLOCK0
        Info (286033): Parameter INDATA_ACLR_A set to NONE
        Info (286033): Parameter WRCONTROL_ACLR_A set to NONE
        Info (286033): Parameter INIT_FILE set to qdb/_compiler/pifo/root_partition/25.3.1/partitioned/1/mifs/ram2_PifoMesh_a88d83e7.hdl.mif
        Info (286033): Parameter READ_DURING_WRITE_MODE_MIXED_PORTS set to OLD_DATA
        Info (286033): Parameter RDCONTROL_REG_B set to CLOCK0
    Info (276029): Inferred altsyncram megafunction from the following design logic: "pifoEngines_1|enque_enqueMapper|banks_1_rtl_0"  File: /home/zg366/packet-scheduling/pifo-hardware/synthesis/build/stock-pifo/rtl/PifoMesh.v Line: 4592
        Info (286033): Parameter OPERATION_MODE set to DUAL_PORT
        Info (286033): Parameter WIDTH_A set to 5
        Info (286033): Parameter WIDTHAD_A set to 5
        Info (286033): Parameter NUMWORDS_A set to 32
        Info (286033): Parameter WIDTH_B set to 5
        Info (286033): Parameter WIDTHAD_B set to 5
        Info (286033): Parameter NUMWORDS_B set to 32
        Info (286033): Parameter ADDRESS_ACLR_A set to NONE
        Info (286033): Parameter OUTDATA_REG_B set to UNREGISTERED
        Info (286033): Parameter ADDRESS_ACLR_B set to NONE
        Info (286033): Parameter OUTDATA_ACLR_B set to NONE
        Info (286033): Parameter ADDRESS_REG_B set to CLOCK0
        Info (286033): Parameter INDATA_ACLR_A set to NONE
        Info (286033): Parameter WRCONTROL_ACLR_A set to NONE
        Info (286033): Parameter INIT_FILE set to qdb/_compiler/pifo/root_partition/25.3.1/partitioned/1/mifs/ram2_PifoMesh_a88d83e7.hdl.mif
        Info (286033): Parameter READ_DURING_WRITE_MODE_MIXED_PORTS set to OLD_DATA
        Info (286033): Parameter RDCONTROL_REG_B set to CLOCK0
    Info (276029): Inferred altsyncram megafunction from the following design logic: "pifoEngines_1|enque_enqueMapper|banks_1_rtl_1"  File: /home/zg366/packet-scheduling/pifo-hardware/synthesis/build/stock-pifo/rtl/PifoMesh.v Line: 4592
        Info (286033): Parameter OPERATION_MODE set to DUAL_PORT
        Info (286033): Parameter WIDTH_A set to 5
        Info (286033): Parameter WIDTHAD_A set to 5
        Info (286033): Parameter NUMWORDS_A set to 32
        Info (286033): Parameter WIDTH_B set to 5
        Info (286033): Parameter WIDTHAD_B set to 5
        Info (286033): Parameter NUMWORDS_B set to 32
        Info (286033): Parameter ADDRESS_ACLR_A set to NONE
        Info (286033): Parameter OUTDATA_REG_B set to UNREGISTERED
        Info (286033): Parameter ADDRESS_ACLR_B set to NONE
        Info (286033): Parameter OUTDATA_ACLR_B set to NONE
        Info (286033): Parameter ADDRESS_REG_B set to CLOCK0
        Info (286033): Parameter INDATA_ACLR_A set to NONE
        Info (286033): Parameter WRCONTROL_ACLR_A set to NONE
        Info (286033): Parameter INIT_FILE set to qdb/_compiler/pifo/root_partition/25.3.1/partitioned/1/mifs/ram2_PifoMesh_a88d83e7.hdl.mif
        Info (286033): Parameter READ_DURING_WRITE_MODE_MIXED_PORTS set to OLD_DATA
        Info (286033): Parameter RDCONTROL_REG_B set to CLOCK0
    Info (276029): Inferred altsyncram megafunction from the following design logic: "pifoEngines_1|deque_dequeMapper|banks_0_rtl_0"  File: /home/zg366/packet-scheduling/pifo-hardware/synthesis/build/stock-pifo/rtl/PifoMesh.v Line: 3376
        Info (286033): Parameter OPERATION_MODE set to DUAL_PORT
        Info (286033): Parameter WIDTH_A set to 7
        Info (286033): Parameter WIDTHAD_A set to 12
        Info (286033): Parameter NUMWORDS_A set to 4096
        Info (286033): Parameter WIDTH_B set to 7
        Info (286033): Parameter WIDTHAD_B set to 12
        Info (286033): Parameter NUMWORDS_B set to 4096
        Info (286033): Parameter ADDRESS_ACLR_A set to NONE
        Info (286033): Parameter OUTDATA_REG_B set to UNREGISTERED
        Info (286033): Parameter ADDRESS_ACLR_B set to NONE
        Info (286033): Parameter OUTDATA_ACLR_B set to NONE
        Info (286033): Parameter ADDRESS_REG_B set to CLOCK0
        Info (286033): Parameter INDATA_ACLR_A set to NONE
        Info (286033): Parameter WRCONTROL_ACLR_A set to NONE
        Info (286033): Parameter INIT_FILE set to qdb/_compiler/pifo/root_partition/25.3.1/partitioned/1/mifs/ram3_PifoMesh_a88d83e7.hdl.mif
        Info (286033): Parameter READ_DURING_WRITE_MODE_MIXED_PORTS set to OLD_DATA
        Info (286033): Parameter RDCONTROL_REG_B set to CLOCK0
    Info (276029): Inferred altsyncram megafunction from the following design logic: "pifoEngines_1|deque_dequeMapper|banks_0_rtl_1"  File: /home/zg366/packet-scheduling/pifo-hardware/synthesis/build/stock-pifo/rtl/PifoMesh.v Line: 3376
        Info (286033): Parameter OPERATION_MODE set to DUAL_PORT
        Info (286033): Parameter WIDTH_A set to 7
        Info (286033): Parameter WIDTHAD_A set to 12
        Info (286033): Parameter NUMWORDS_A set to 4096
        Info (286033): Parameter WIDTH_B set to 7
        Info (286033): Parameter WIDTHAD_B set to 12
        Info (286033): Parameter NUMWORDS_B set to 4096
        Info (286033): Parameter ADDRESS_ACLR_A set to NONE
        Info (286033): Parameter OUTDATA_REG_B set to UNREGISTERED
        Info (286033): Parameter ADDRESS_ACLR_B set to NONE
        Info (286033): Parameter OUTDATA_ACLR_B set to NONE
        Info (286033): Parameter ADDRESS_REG_B set to CLOCK0
        Info (286033): Parameter INDATA_ACLR_A set to NONE
        Info (286033): Parameter WRCONTROL_ACLR_A set to NONE
        Info (286033): Parameter INIT_FILE set to qdb/_compiler/pifo/root_partition/25.3.1/partitioned/1/mifs/ram3_PifoMesh_a88d83e7.hdl.mif
        Info (286033): Parameter READ_DURING_WRITE_MODE_MIXED_PORTS set to OLD_DATA
        Info (286033): Parameter RDCONTROL_REG_B set to CLOCK0
    Info (276029): Inferred altsyncram megafunction from the following design logic: "pifoEngines_1|deque_dequeMapper|banks_1_rtl_0"  File: /home/zg366/packet-scheduling/pifo-hardware/synthesis/build/stock-pifo/rtl/PifoMesh.v Line: 3377
        Info (286033): Parameter OPERATION_MODE set to DUAL_PORT
        Info (286033): Parameter WIDTH_A set to 7
        Info (286033): Parameter WIDTHAD_A set to 12
        Info (286033): Parameter NUMWORDS_A set to 4096
        Info (286033): Parameter WIDTH_B set to 7
        Info (286033): Parameter WIDTHAD_B set to 12
        Info (286033): Parameter NUMWORDS_B set to 4096
        Info (286033): Parameter ADDRESS_ACLR_A set to NONE
        Info (286033): Parameter OUTDATA_REG_B set to UNREGISTERED
        Info (286033): Parameter ADDRESS_ACLR_B set to NONE
        Info (286033): Parameter OUTDATA_ACLR_B set to NONE
        Info (286033): Parameter ADDRESS_REG_B set to CLOCK0
        Info (286033): Parameter INDATA_ACLR_A set to NONE
        Info (286033): Parameter WRCONTROL_ACLR_A set to NONE
        Info (286033): Parameter INIT_FILE set to qdb/_compiler/pifo/root_partition/25.3.1/partitioned/1/mifs/ram3_PifoMesh_a88d83e7.hdl.mif
        Info (286033): Parameter READ_DURING_WRITE_MODE_MIXED_PORTS set to OLD_DATA
        Info (286033): Parameter RDCONTROL_REG_B set to CLOCK0
    Info (276029): Inferred altsyncram megafunction from the following design logic: "pifoEngines_1|deque_dequeMapper|banks_1_rtl_1"  File: /home/zg366/packet-scheduling/pifo-hardware/synthesis/build/stock-pifo/rtl/PifoMesh.v Line: 3377
        Info (286033): Parameter OPERATION_MODE set to DUAL_PORT
        Info (286033): Parameter WIDTH_A set to 7
        Info (286033): Parameter WIDTHAD_A set to 12
        Info (286033): Parameter NUMWORDS_A set to 4096
        Info (286033): Parameter WIDTH_B set to 7
        Info (286033): Parameter WIDTHAD_B set to 12
        Info (286033): Parameter NUMWORDS_B set to 4096
        Info (286033): Parameter ADDRESS_ACLR_A set to NONE
        Info (286033): Parameter OUTDATA_REG_B set to UNREGISTERED
        Info (286033): Parameter ADDRESS_ACLR_B set to NONE
        Info (286033): Parameter OUTDATA_ACLR_B set to NONE
        Info (286033): Parameter ADDRESS_REG_B set to CLOCK0
        Info (286033): Parameter INDATA_ACLR_A set to NONE
        Info (286033): Parameter WRCONTROL_ACLR_A set to NONE
        Info (286033): Parameter INIT_FILE set to qdb/_compiler/pifo/root_partition/25.3.1/partitioned/1/mifs/ram3_PifoMesh_a88d83e7.hdl.mif
        Info (286033): Parameter READ_DURING_WRITE_MODE_MIXED_PORTS set to OLD_DATA
        Info (286033): Parameter RDCONTROL_REG_B set to CLOCK0
    Info (276029): Inferred altsyncram megafunction from the following design logic: "pifoEngines_0|enque_brain|engineMapper|ram_rtl_0"  File: /home/zg366/packet-scheduling/pifo-hardware/synthesis/build/stock-pifo/rtl/PifoMesh.v Line: 10201
        Info (286033): Parameter OPERATION_MODE set to DUAL_PORT
        Info (286033): Parameter WIDTH_A set to 2
        Info (286033): Parameter WIDTHAD_A set to 5
        Info (286033): Parameter NUMWORDS_A set to 32
        Info (286033): Parameter WIDTH_B set to 2
        Info (286033): Parameter WIDTHAD_B set to 5
        Info (286033): Parameter NUMWORDS_B set to 32
        Info (286033): Parameter ADDRESS_ACLR_A set to NONE
        Info (286033): Parameter OUTDATA_REG_B set to UNREGISTERED
        Info (286033): Parameter ADDRESS_ACLR_B set to NONE
        Info (286033): Parameter OUTDATA_ACLR_B set to NONE
        Info (286033): Parameter ADDRESS_REG_B set to CLOCK0
        Info (286033): Parameter INDATA_ACLR_A set to NONE
        Info (286033): Parameter WRCONTROL_ACLR_A set to NONE
        Info (286033): Parameter INIT_FILE set to qdb/_compiler/pifo/root_partition/25.3.1/partitioned/1/mifs/ram4_PifoMesh_a88d83e7.hdl.mif
        Info (286033): Parameter READ_DURING_WRITE_MODE_MIXED_PORTS set to OLD_DATA
    Info (276029): Inferred altsyncram megafunction from the following design logic: "pifoEngines_0|enque_brain|lastVirtualMapper|ram_rtl_0"  File: /home/zg366/packet-scheduling/pifo-hardware/synthesis/build/stock-pifo/rtl/PifoMesh.v Line: 10148
        Info (286033): Parameter OPERATION_MODE set to DUAL_PORT
        Info (286033): Parameter WIDTH_A set to 8
        Info (286033): Parameter WIDTHAD_A set to 5
        Info (286033): Parameter NUMWORDS_A set to 32
        Info (286033): Parameter WIDTH_B set to 8
        Info (286033): Parameter WIDTHAD_B set to 5
        Info (286033): Parameter NUMWORDS_B set to 32
        Info (286033): Parameter ADDRESS_ACLR_A set to NONE
        Info (286033): Parameter OUTDATA_REG_B set to UNREGISTERED
        Info (286033): Parameter ADDRESS_ACLR_B set to NONE
        Info (286033): Parameter OUTDATA_ACLR_B set to NONE
        Info (286033): Parameter ADDRESS_REG_B set to CLOCK0
        Info (286033): Parameter INDATA_ACLR_A set to NONE
        Info (286033): Parameter WRCONTROL_ACLR_A set to NONE
        Info (286033): Parameter INIT_FILE set to qdb/_compiler/pifo/root_partition/25.3.1/partitioned/1/mifs/ram5_PifoMesh_a88d83e7.hdl.mif
        Info (286033): Parameter READ_DURING_WRITE_MODE_MIXED_PORTS set to OLD_DATA
    Info (276029): Inferred altsyncram megafunction from the following design logic: "pifoEngines_0|enque_brain|engineCAM|ram_rtl_0"  File: /home/zg366/packet-scheduling/pifo-hardware/synthesis/build/stock-pifo/rtl/PifoMesh.v Line: 10095
        Info (286033): Parameter OPERATION_MODE set to DUAL_PORT
        Info (286033): Parameter WIDTH_A set to 32
        Info (286033): Parameter WIDTHAD_A set to 12
        Info (286033): Parameter NUMWORDS_A set to 4096
        Info (286033): Parameter WIDTH_B set to 32
        Info (286033): Parameter WIDTHAD_B set to 12
        Info (286033): Parameter NUMWORDS_B set to 4096
        Info (286033): Parameter ADDRESS_ACLR_A set to NONE
        Info (286033): Parameter OUTDATA_REG_B set to UNREGISTERED
        Info (286033): Parameter ADDRESS_ACLR_B set to NONE
        Info (286033): Parameter OUTDATA_ACLR_B set to NONE
        Info (286033): Parameter ADDRESS_REG_B set to CLOCK0
        Info (286033): Parameter INDATA_ACLR_A set to NONE
        Info (286033): Parameter WRCONTROL_ACLR_A set to NONE
        Info (286033): Parameter INIT_FILE set to qdb/_compiler/pifo/root_partition/25.3.1/partitioned/1/mifs/ram6_PifoMesh_a88d83e7.hdl.mif
        Info (286033): Parameter READ_DURING_WRITE_MODE_MIXED_PORTS set to OLD_DATA
    Info (276029): Inferred altsyncram megafunction from the following design logic: "pifoEngines_0|enque_brain|brainStateMem|ram_rtl_0"  File: /home/zg366/packet-scheduling/pifo-hardware/synthesis/build/stock-pifo/rtl/PifoMesh.v Line: 9924
        Info (286033): Parameter OPERATION_MODE set to DUAL_PORT
        Info (286033): Parameter WIDTH_A set to 32
        Info (286033): Parameter WIDTHAD_A set to 5
        Info (286033): Parameter NUMWORDS_A set to 32
        Info (286033): Parameter WIDTH_B set to 32
        Info (286033): Parameter WIDTHAD_B set to 5
        Info (286033): Parameter NUMWORDS_B set to 32
        Info (286033): Parameter ADDRESS_ACLR_A set to NONE
        Info (286033): Parameter OUTDATA_REG_B set to UNREGISTERED
        Info (286033): Parameter ADDRESS_ACLR_B set to NONE
        Info (286033): Parameter OUTDATA_ACLR_B set to NONE
        Info (286033): Parameter ADDRESS_REG_B set to CLOCK0
        Info (286033): Parameter INDATA_ACLR_A set to NONE
        Info (286033): Parameter WRCONTROL_ACLR_A set to NONE
        Info (286033): Parameter INIT_FILE set to qdb/_compiler/pifo/root_partition/25.3.1/partitioned/1/mifs/ram7_PifoMesh_a88d83e7.hdl.mif
        Info (286033): Parameter READ_DURING_WRITE_MODE_MIXED_PORTS set to OLD_DATA
    Info (276029): Inferred altsyncram megafunction from the following design logic: "pifoEngines_1|enque_brain|engineMapper|ram_rtl_0"  File: /home/zg366/packet-scheduling/pifo-hardware/synthesis/build/stock-pifo/rtl/PifoMesh.v Line: 9231
        Info (286033): Parameter OPERATION_MODE set to DUAL_PORT
        Info (286033): Parameter WIDTH_A set to 2
        Info (286033): Parameter WIDTHAD_A set to 5
        Info (286033): Parameter NUMWORDS_A set to 32
        Info (286033): Parameter WIDTH_B set to 2
        Info (286033): Parameter WIDTHAD_B set to 5
        Info (286033): Parameter NUMWORDS_B set to 32
        Info (286033): Parameter ADDRESS_ACLR_A set to NONE
        Info (286033): Parameter OUTDATA_REG_B set to UNREGISTERED
        Info (286033): Parameter ADDRESS_ACLR_B set to NONE
        Info (286033): Parameter OUTDATA_ACLR_B set to NONE
        Info (286033): Parameter ADDRESS_REG_B set to CLOCK0
        Info (286033): Parameter INDATA_ACLR_A set to NONE
        Info (286033): Parameter WRCONTROL_ACLR_A set to NONE
        Info (286033): Parameter INIT_FILE set to qdb/_compiler/pifo/root_partition/25.3.1/partitioned/1/mifs/ram8_PifoMesh_a88d83e7.hdl.mif
        Info (286033): Parameter READ_DURING_WRITE_MODE_MIXED_PORTS set to OLD_DATA
    Info (276029): Inferred altsyncram megafunction from the following design logic: "pifoEngines_1|enque_brain|lastVirtualMapper|ram_rtl_0"  File: /home/zg366/packet-scheduling/pifo-hardware/synthesis/build/stock-pifo/rtl/PifoMesh.v Line: 9178
        Info (286033): Parameter OPERATION_MODE set to DUAL_PORT
        Info (286033): Parameter WIDTH_A set to 8
        Info (286033): Parameter WIDTHAD_A set to 5
        Info (286033): Parameter NUMWORDS_A set to 32
        Info (286033): Parameter WIDTH_B set to 8
        Info (286033): Parameter WIDTHAD_B set to 5
        Info (286033): Parameter NUMWORDS_B set to 32
        Info (286033): Parameter ADDRESS_ACLR_A set to NONE
        Info (286033): Parameter OUTDATA_REG_B set to UNREGISTERED
        Info (286033): Parameter ADDRESS_ACLR_B set to NONE
        Info (286033): Parameter OUTDATA_ACLR_B set to NONE
        Info (286033): Parameter ADDRESS_REG_B set to CLOCK0
        Info (286033): Parameter INDATA_ACLR_A set to NONE
        Info (286033): Parameter WRCONTROL_ACLR_A set to NONE
        Info (286033): Parameter INIT_FILE set to qdb/_compiler/pifo/root_partition/25.3.1/partitioned/1/mifs/ram9_PifoMesh_a88d83e7.hdl.mif
        Info (286033): Parameter READ_DURING_WRITE_MODE_MIXED_PORTS set to OLD_DATA
    Info (276029): Inferred altsyncram megafunction from the following design logic: "pifoEngines_1|enque_brain|engineCAM|ram_rtl_0"  File: /home/zg366/packet-scheduling/pifo-hardware/synthesis/build/stock-pifo/rtl/PifoMesh.v Line: 9125
        Info (286033): Parameter OPERATION_MODE set to DUAL_PORT
        Info (286033): Parameter WIDTH_A set to 32
        Info (286033): Parameter WIDTHAD_A set to 12
        Info (286033): Parameter NUMWORDS_A set to 4096
        Info (286033): Parameter WIDTH_B set to 32
        Info (286033): Parameter WIDTHAD_B set to 12
        Info (286033): Parameter NUMWORDS_B set to 4096
        Info (286033): Parameter ADDRESS_ACLR_A set to NONE
        Info (286033): Parameter OUTDATA_REG_B set to UNREGISTERED
        Info (286033): Parameter ADDRESS_ACLR_B set to NONE
        Info (286033): Parameter OUTDATA_ACLR_B set to NONE
        Info (286033): Parameter ADDRESS_REG_B set to CLOCK0
        Info (286033): Parameter INDATA_ACLR_A set to NONE
        Info (286033): Parameter WRCONTROL_ACLR_A set to NONE
        Info (286033): Parameter INIT_FILE set to qdb/_compiler/pifo/root_partition/25.3.1/partitioned/1/mifs/ram10_PifoMesh_a88d83e7.hdl.mif
        Info (286033): Parameter READ_DURING_WRITE_MODE_MIXED_PORTS set to OLD_DATA
    Info (276029): Inferred altsyncram megafunction from the following design logic: "pifoEngines_1|enque_brain|brainStateMem|ram_rtl_0"  File: /home/zg366/packet-scheduling/pifo-hardware/synthesis/build/stock-pifo/rtl/PifoMesh.v Line: 9068
        Info (286033): Parameter OPERATION_MODE set to DUAL_PORT
        Info (286033): Parameter WIDTH_A set to 32
        Info (286033): Parameter WIDTHAD_A set to 5
        Info (286033): Parameter NUMWORDS_A set to 32
        Info (286033): Parameter WIDTH_B set to 32
        Info (286033): Parameter WIDTHAD_B set to 5
        Info (286033): Parameter NUMWORDS_B set to 32
        Info (286033): Parameter ADDRESS_ACLR_A set to NONE
        Info (286033): Parameter OUTDATA_REG_B set to UNREGISTERED
        Info (286033): Parameter ADDRESS_ACLR_B set to NONE
        Info (286033): Parameter OUTDATA_ACLR_B set to NONE
        Info (286033): Parameter ADDRESS_REG_B set to CLOCK0
        Info (286033): Parameter INDATA_ACLR_A set to NONE
        Info (286033): Parameter WRCONTROL_ACLR_A set to NONE
        Info (286033): Parameter INIT_FILE set to qdb/_compiler/pifo/root_partition/25.3.1/partitioned/1/mifs/ram11_PifoMesh_a88d83e7.hdl.mif
        Info (286033): Parameter READ_DURING_WRITE_MODE_MIXED_PORTS set to OLD_DATA
Warning (14284): Synthesized away the following node(s):
    Warning (25637): Synthesized away 168 node(s) of type RAM. See "Registers Removed during Synthesis" report for more details.
Info (17049): 277 registers lost all their fanouts during netlist optimizations.
Info (21057): Implemented 99714 device resources after synthesis - the final resource count might be different
    Info (21058): Implemented 77 input pins
    Info (21059): Implemented 13 output pins
    Info (21061): Implemented 99380 logic cells
    Info (21064): Implemented 244 RAM segments
Info: Successfully synthesized partition
Info: Saving post-synthesis snapshots for 1 partition(s)
Info (21615): Running Design Assistant Rules for snapshot 'synthesized'
Info: No waiver waived any violations
Info (22360): Design Assistant Results: 12 of 13 enabled rules passed, and 7 rules was disabled, in snapshot 'synthesized'
Info (21661): Design Assistant Results: 0 of 1 High severity rules issued violations in snapshot 'synthesized'
Info (21621): Design Assistant Results: 1 of 6 Medium severity rules issued violations in snapshot 'synthesized'. Please refer to DRC report '/home/zg366/packet-scheduling/pifo-hardware/synthesis/build/stock-pifo/output_files/pifo.drc.synthesized.rpt' for more information
Info (21622): Design Assistant Results: 0 of 6 Low severity rules issued violations in snapshot 'synthesized'
Info: Quartus Prime Synthesis was successful. 0 errors, 3 warnings
    Info: Peak virtual memory: 3693 megabytes
    Info: Processing ended: Sun Sep  6 20:01:47 2026
    Info: Elapsed time: 00:03:06
    Info: System process ID: 245246
