
****** Vivado v2025.2 (64-bit)
  **** SW Build 6299465 on Fri Nov 14 12:34:56 MST 2025
  **** IP Build 6300035 on Fri Nov 14 10:48:45 MST 2025
  **** SharedData Build 6298862 on Thu Nov 13 04:50:51 MST 2025
  **** Start of session at: Sun Sep  6 22:43:34 2026
    ** Copyright 1986-2022 Xilinx, Inc. All Rights Reserved.
    ** Copyright 2022-2025 Advanced Micro Devices, Inc. All Rights Reserved.

source /home/zg366/packet-scheduling/pifo-hardware/synthesis/vivado_synth.tcl
# if {$argc < 5 || $argc > 7} {
#     error {Expected BUILD_DIR PART THREADS CLOCK_PERIOD_NS PREPARE_ONLY [DIRECTIVE] [ALLOW_OVER_CAPACITY]}
# }
# lassign $argv build_dir part threads period prepare_only directive allow_over_capacity
# if {$directive eq ""} { set directive default }
# if {$allow_over_capacity eq ""} { set allow_over_capacity 0 }
# set build_dir [file normalize $build_dir]
# set rtl_dir [file join $build_dir rtl]
# set report_dir [file join $build_dir reports]
# file mkdir $report_dir
# if {[llength [get_parts -quiet $part]] != 1} {
#     error "Target part is not installed: $part"
# }
# puts "PIFO_VIVADO_VERSION: [version -short]"
PIFO_VIVADO_VERSION: 2025.2
# puts "PIFO_VIVADO_PART: $part"
PIFO_VIVADO_PART: xcku5p-ffvb676-2-e
# set_param general.maxThreads $threads
# create_project -in_memory -part $part
# cd $rtl_dir
# read_verilog -sv [glob -directory $rtl_dir *.v *.sv]
# set xdc [file join $build_dir pifo.xdc]
# set constraints [open $xdc w]
# puts $constraints "create_clock -name clk -period $period \[get_ports clk\]"
# puts $constraints {set_false_path -from [get_ports reset]}
# close $constraints
# read_xdc $xdc
# if {$prepare_only} {
#     puts "PIFO_PREPARED: $build_dir"
#     exit 0
# }
# if {$allow_over_capacity} {
#     # This version-specific Tcl hook skips only the pre-mapping device-capacity
#     # gate. The RTL, target, optimization passes, and reported device capacities
#     # remain unchanged. The resulting netlist can exceed the physical device.
#     # Verified on Vivado 2025.2 with an oversized RAM and an unchanged smaller
#     # control design; see experiment-results/hardware-overhead/diagnostics.
#     puts "PIFO_ESTIMATION_ONLY: device-capacity check disabled; no implementation or fit claim"
#     set_param synth.elaboration.rodinMoreOptions {rename rt::check_resource rt::pifo_device_capacity_check; proc rt::check_resource {args} {puts "PIFO_DEVICE_CAPACITY_CHECK_SKIPPED: $args"; return 1}}
# }
# synth_design -top PifoMesh -part $part -mode out_of_context -flatten_hierarchy rebuilt -directive $directive
Command: synth_design -top PifoMesh -part xcku5p-ffvb676-2-e -mode out_of_context -flatten_hierarchy rebuilt -directive RuntimeOptimized
Starting synth_design
Attempting to get a license for feature 'Synthesis' and/or device 'xcku5p'
INFO: [Common 17-349] Got license for feature 'Synthesis' and/or device 'xcku5p'
INFO: [Device 21-403] Loading part xcku5p-ffvb676-2-e
INFO: [Synth 8-7079] Multithreading enabled for synth_design using a maximum of 7 processes.
INFO: [Synth 8-7078] Launching helper process for spawning children vivado processes
INFO: [Synth 8-7075] Helper process launched with PID 288166
---------------------------------------------------------------------------------
Starting RTL Elaboration : Time (s): cpu = 00:00:05 ; elapsed = 00:00:05 . Memory (MB): peak = 2833.578 ; gain = 181.688 ; free physical = 102751 ; free virtual = 123126
---------------------------------------------------------------------------------
INFO: [Synth 8-6157] synthesizing module 'PifoMesh' [/data/work/rio-synthesis/hardware-overhead/pe5-v256-c1024-dynamic-vivado/rtl/PifoMesh.v:7]
INFO: [Synth 8-6157] synthesizing module 'MessageCrossBar' [/data/work/rio-synthesis/hardware-overhead/pe5-v256-c1024-dynamic-vivado/rtl/PifoMesh.v:6003]
INFO: [Synth 8-6157] synthesizing module 'StreamFifoLowLatency' [/data/work/rio-synthesis/hardware-overhead/pe5-v256-c1024-dynamic-vivado/rtl/PifoMesh.v:155657]
INFO: [Synth 8-6157] synthesizing module 'StreamFifo' [/data/work/rio-synthesis/hardware-overhead/pe5-v256-c1024-dynamic-vivado/rtl/PifoMesh.v:157902]
INFO: [Synth 8-6155] done synthesizing module 'StreamFifo' (0#1) [/data/work/rio-synthesis/hardware-overhead/pe5-v256-c1024-dynamic-vivado/rtl/PifoMesh.v:157902]
INFO: [Synth 8-6155] done synthesizing module 'StreamFifoLowLatency' (0#1) [/data/work/rio-synthesis/hardware-overhead/pe5-v256-c1024-dynamic-vivado/rtl/PifoMesh.v:155657]
INFO: [Synth 8-6157] synthesizing module 'StreamDemux' [/data/work/rio-synthesis/hardware-overhead/pe5-v256-c1024-dynamic-vivado/rtl/PifoMesh.v:155527]
INFO: [Synth 8-6155] done synthesizing module 'StreamDemux' (0#1) [/data/work/rio-synthesis/hardware-overhead/pe5-v256-c1024-dynamic-vivado/rtl/PifoMesh.v:155527]
INFO: [Synth 8-6157] synthesizing module 'StreamArbiter' [/data/work/rio-synthesis/hardware-overhead/pe5-v256-c1024-dynamic-vivado/rtl/PifoMesh.v:155345]
INFO: [Synth 8-6155] done synthesizing module 'StreamArbiter' (0#1) [/data/work/rio-synthesis/hardware-overhead/pe5-v256-c1024-dynamic-vivado/rtl/PifoMesh.v:155345]
INFO: [Synth 8-6155] done synthesizing module 'MessageCrossBar' (0#1) [/data/work/rio-synthesis/hardware-overhead/pe5-v256-c1024-dynamic-vivado/rtl/PifoMesh.v:6003]
INFO: [Synth 8-6157] synthesizing module 'PifoEngine' [/data/work/rio-synthesis/hardware-overhead/pe5-v256-c1024-dynamic-vivado/rtl/PifoMesh.v:5204]
INFO: [Synth 8-6157] synthesizing module 'ConcurrentPifoRTL' [/data/work/rio-synthesis/hardware-overhead/pe5-v256-c1024-dynamic-vivado/rtl/PifoMesh.v:27401]
INFO: [Synth 8-6157] synthesizing module 'priority_encode_log' [/data/work/rio-synthesis/hardware-overhead/pe5-v256-c1024-dynamic-vivado/rtl/priority_encode_log.v:1]
	Parameter width bound to: 1024 - type: integer 
	Parameter log_width bound to: 10 - type: integer 
INFO: [Synth 8-6155] done synthesizing module 'priority_encode_log' (0#1) [/data/work/rio-synthesis/hardware-overhead/pe5-v256-c1024-dynamic-vivado/rtl/priority_encode_log.v:1]
INFO: [Synth 8-6155] done synthesizing module 'ConcurrentPifoRTL' (0#1) [/data/work/rio-synthesis/hardware-overhead/pe5-v256-c1024-dynamic-vivado/rtl/PifoMesh.v:27401]
INFO: [Synth 8-6157] synthesizing module 'TransactionalMapper' [/data/work/rio-synthesis/hardware-overhead/pe5-v256-c1024-dynamic-vivado/rtl/PifoMesh.v:27251]
INFO: [Synth 8-3876] $readmem data file 'PifoMesh.v_toplevel_pifoEngines_0_enque_enqueMapper_banks_0.bin' is read successfully [/data/work/rio-synthesis/hardware-overhead/pe5-v256-c1024-dynamic-vivado/rtl/PifoMesh.v:27305]
INFO: [Synth 8-3876] $readmem data file 'PifoMesh.v_toplevel_pifoEngines_0_enque_enqueMapper_banks_1.bin' is read successfully [/data/work/rio-synthesis/hardware-overhead/pe5-v256-c1024-dynamic-vivado/rtl/PifoMesh.v:27326]
INFO: [Synth 8-6155] done synthesizing module 'TransactionalMapper' (0#1) [/data/work/rio-synthesis/hardware-overhead/pe5-v256-c1024-dynamic-vivado/rtl/PifoMesh.v:27251]
INFO: [Synth 8-6157] synthesizing module 'StreamFifoLowLatency_13' [/data/work/rio-synthesis/hardware-overhead/pe5-v256-c1024-dynamic-vivado/rtl/PifoMesh.v:27204]
INFO: [Synth 8-6157] synthesizing module 'StreamFifo_6' [/data/work/rio-synthesis/hardware-overhead/pe5-v256-c1024-dynamic-vivado/rtl/PifoMesh.v:157747]
INFO: [Synth 8-6155] done synthesizing module 'StreamFifo_6' (0#1) [/data/work/rio-synthesis/hardware-overhead/pe5-v256-c1024-dynamic-vivado/rtl/PifoMesh.v:157747]
INFO: [Synth 8-6155] done synthesizing module 'StreamFifoLowLatency_13' (0#1) [/data/work/rio-synthesis/hardware-overhead/pe5-v256-c1024-dynamic-vivado/rtl/PifoMesh.v:27204]
INFO: [Synth 8-6157] synthesizing module 'PIFOBrain' [/data/work/rio-synthesis/hardware-overhead/pe5-v256-c1024-dynamic-vivado/rtl/PifoMesh.v:26141]
INFO: [Synth 8-6157] synthesizing module 'StreamFork' [/data/work/rio-synthesis/hardware-overhead/pe5-v256-c1024-dynamic-vivado/rtl/PifoMesh.v:157622]
INFO: [Synth 8-6155] done synthesizing module 'StreamFork' (0#1) [/data/work/rio-synthesis/hardware-overhead/pe5-v256-c1024-dynamic-vivado/rtl/PifoMesh.v:157622]
INFO: [Synth 8-6157] synthesizing module 'Mapper' [/data/work/rio-synthesis/hardware-overhead/pe5-v256-c1024-dynamic-vivado/rtl/PifoMesh.v:157569]
INFO: [Synth 8-3876] $readmem data file 'PifoMesh.v_toplevel_pifoEngines_0_enque_brain_engineMapper_ram.bin' is read successfully [/data/work/rio-synthesis/hardware-overhead/pe5-v256-c1024-dynamic-vivado/rtl/PifoMesh.v:157592]
INFO: [Synth 8-6155] done synthesizing module 'Mapper' (0#1) [/data/work/rio-synthesis/hardware-overhead/pe5-v256-c1024-dynamic-vivado/rtl/PifoMesh.v:157569]
INFO: [Synth 8-6157] synthesizing module 'Mapper_1' [/data/work/rio-synthesis/hardware-overhead/pe5-v256-c1024-dynamic-vivado/rtl/PifoMesh.v:157516]
INFO: [Synth 8-3876] $readmem data file 'PifoMesh.v_toplevel_pifoEngines_0_enque_brain_lastVirtualMapper_ram.bin' is read successfully [/data/work/rio-synthesis/hardware-overhead/pe5-v256-c1024-dynamic-vivado/rtl/PifoMesh.v:157539]
INFO: [Synth 8-6155] done synthesizing module 'Mapper_1' (0#1) [/data/work/rio-synthesis/hardware-overhead/pe5-v256-c1024-dynamic-vivado/rtl/PifoMesh.v:157516]
INFO: [Synth 8-6157] synthesizing module 'Mapper_2' [/data/work/rio-synthesis/hardware-overhead/pe5-v256-c1024-dynamic-vivado/rtl/PifoMesh.v:157463]
INFO: [Synth 8-3876] $readmem data file 'PifoMesh.v_toplevel_pifoEngines_0_enque_brain_engineCAM_ram.bin' is read successfully [/data/work/rio-synthesis/hardware-overhead/pe5-v256-c1024-dynamic-vivado/rtl/PifoMesh.v:157486]
INFO: [Synth 8-6155] done synthesizing module 'Mapper_2' (0#1) [/data/work/rio-synthesis/hardware-overhead/pe5-v256-c1024-dynamic-vivado/rtl/PifoMesh.v:157463]
INFO: [Synth 8-6157] synthesizing module 'StreamFifoLowLatency_6' [/data/work/rio-synthesis/hardware-overhead/pe5-v256-c1024-dynamic-vivado/rtl/PifoMesh.v:157416]
INFO: [Synth 8-6157] synthesizing module 'StreamFifo_7' [/data/work/rio-synthesis/hardware-overhead/pe5-v256-c1024-dynamic-vivado/rtl/PifoMesh.v:158753]
INFO: [Synth 8-6155] done synthesizing module 'StreamFifo_7' (0#1) [/data/work/rio-synthesis/hardware-overhead/pe5-v256-c1024-dynamic-vivado/rtl/PifoMesh.v:158753]
INFO: [Synth 8-6155] done synthesizing module 'StreamFifoLowLatency_6' (0#1) [/data/work/rio-synthesis/hardware-overhead/pe5-v256-c1024-dynamic-vivado/rtl/PifoMesh.v:157416]
INFO: [Synth 8-6157] synthesizing module 'StreamArbiter_6' [/data/work/rio-synthesis/hardware-overhead/pe5-v256-c1024-dynamic-vivado/rtl/PifoMesh.v:157345]
INFO: [Synth 8-6155] done synthesizing module 'StreamArbiter_6' (0#1) [/data/work/rio-synthesis/hardware-overhead/pe5-v256-c1024-dynamic-vivado/rtl/PifoMesh.v:157345]
INFO: [Synth 8-6157] synthesizing module 'Mapper_3' [/data/work/rio-synthesis/hardware-overhead/pe5-v256-c1024-dynamic-vivado/rtl/PifoMesh.v:157292]
INFO: [Synth 8-3876] $readmem data file 'PifoMesh.v_toplevel_pifoEngines_0_enque_brain_brainStateMem_ram.bin' is read successfully [/data/work/rio-synthesis/hardware-overhead/pe5-v256-c1024-dynamic-vivado/rtl/PifoMesh.v:157315]
INFO: [Synth 8-6155] done synthesizing module 'Mapper_3' (0#1) [/data/work/rio-synthesis/hardware-overhead/pe5-v256-c1024-dynamic-vivado/rtl/PifoMesh.v:157292]
INFO: [Synth 8-6157] synthesizing module 'StreamFifoLowLatency_7' [/data/work/rio-synthesis/hardware-overhead/pe5-v256-c1024-dynamic-vivado/rtl/PifoMesh.v:157245]
INFO: [Synth 8-6157] synthesizing module 'StreamFifo_8' [/data/work/rio-synthesis/hardware-overhead/pe5-v256-c1024-dynamic-vivado/rtl/PifoMesh.v:158608]
INFO: [Synth 8-6155] done synthesizing module 'StreamFifo_8' (0#1) [/data/work/rio-synthesis/hardware-overhead/pe5-v256-c1024-dynamic-vivado/rtl/PifoMesh.v:158608]
INFO: [Synth 8-6155] done synthesizing module 'StreamFifoLowLatency_7' (0#1) [/data/work/rio-synthesis/hardware-overhead/pe5-v256-c1024-dynamic-vivado/rtl/PifoMesh.v:157245]
INFO: [Synth 8-6157] synthesizing module 'StreamArbiter_7' [/data/work/rio-synthesis/hardware-overhead/pe5-v256-c1024-dynamic-vivado/rtl/PifoMesh.v:157174]
INFO: [Synth 8-6155] done synthesizing module 'StreamArbiter_7' (0#1) [/data/work/rio-synthesis/hardware-overhead/pe5-v256-c1024-dynamic-vivado/rtl/PifoMesh.v:157174]
INFO: [Synth 8-6157] synthesizing module 'StreamFork_1' [/data/work/rio-synthesis/hardware-overhead/pe5-v256-c1024-dynamic-vivado/rtl/PifoMesh.v:157003]
INFO: [Synth 8-6155] done synthesizing module 'StreamFork_1' (0#1) [/data/work/rio-synthesis/hardware-overhead/pe5-v256-c1024-dynamic-vivado/rtl/PifoMesh.v:157003]
INFO: [Synth 8-6157] synthesizing module 'StreamFifoLowLatency_8' [/data/work/rio-synthesis/hardware-overhead/pe5-v256-c1024-dynamic-vivado/rtl/PifoMesh.v:156962]
INFO: [Synth 8-6157] synthesizing module 'StreamFifo_9' [/data/work/rio-synthesis/hardware-overhead/pe5-v256-c1024-dynamic-vivado/rtl/PifoMesh.v:158480]
INFO: [Synth 8-6155] done synthesizing module 'StreamFifo_9' (0#1) [/data/work/rio-synthesis/hardware-overhead/pe5-v256-c1024-dynamic-vivado/rtl/PifoMesh.v:158480]
INFO: [Synth 8-6155] done synthesizing module 'StreamFifoLowLatency_8' (0#1) [/data/work/rio-synthesis/hardware-overhead/pe5-v256-c1024-dynamic-vivado/rtl/PifoMesh.v:156962]
INFO: [Synth 8-6157] synthesizing module 'StreamFifoLowLatency_9' [/data/work/rio-synthesis/hardware-overhead/pe5-v256-c1024-dynamic-vivado/rtl/PifoMesh.v:156921]
INFO: [Synth 8-6157] synthesizing module 'StreamFifo_10' [/data/work/rio-synthesis/hardware-overhead/pe5-v256-c1024-dynamic-vivado/rtl/PifoMesh.v:158352]
INFO: [Synth 8-6155] done synthesizing module 'StreamFifo_10' (0#1) [/data/work/rio-synthesis/hardware-overhead/pe5-v256-c1024-dynamic-vivado/rtl/PifoMesh.v:158352]
INFO: [Synth 8-6155] done synthesizing module 'StreamFifoLowLatency_9' (0#1) [/data/work/rio-synthesis/hardware-overhead/pe5-v256-c1024-dynamic-vivado/rtl/PifoMesh.v:156921]
INFO: [Synth 8-6157] synthesizing module 'StreamFifoLowLatency_11' [/data/work/rio-synthesis/hardware-overhead/pe5-v256-c1024-dynamic-vivado/rtl/PifoMesh.v:156878]
INFO: [Synth 8-6157] synthesizing module 'StreamFifo_12' [/data/work/rio-synthesis/hardware-overhead/pe5-v256-c1024-dynamic-vivado/rtl/PifoMesh.v:158222]
INFO: [Synth 8-6155] done synthesizing module 'StreamFifo_12' (0#1) [/data/work/rio-synthesis/hardware-overhead/pe5-v256-c1024-dynamic-vivado/rtl/PifoMesh.v:158222]
INFO: [Synth 8-6155] done synthesizing module 'StreamFifoLowLatency_11' (0#1) [/data/work/rio-synthesis/hardware-overhead/pe5-v256-c1024-dynamic-vivado/rtl/PifoMesh.v:156878]
INFO: [Synth 8-6157] synthesizing module 'StreamFifoLowLatency_12' [/data/work/rio-synthesis/hardware-overhead/pe5-v256-c1024-dynamic-vivado/rtl/PifoMesh.v:156831]
INFO: [Synth 8-6157] synthesizing module 'StreamFifo_13' [/data/work/rio-synthesis/hardware-overhead/pe5-v256-c1024-dynamic-vivado/rtl/PifoMesh.v:158077]
INFO: [Synth 8-6155] done synthesizing module 'StreamFifo_13' (0#1) [/data/work/rio-synthesis/hardware-overhead/pe5-v256-c1024-dynamic-vivado/rtl/PifoMesh.v:158077]
INFO: [Synth 8-6155] done synthesizing module 'StreamFifoLowLatency_12' (0#1) [/data/work/rio-synthesis/hardware-overhead/pe5-v256-c1024-dynamic-vivado/rtl/PifoMesh.v:156831]
INFO: [Synth 8-6155] done synthesizing module 'PIFOBrain' (0#1) [/data/work/rio-synthesis/hardware-overhead/pe5-v256-c1024-dynamic-vivado/rtl/PifoMesh.v:26141]
INFO: [Synth 8-6157] synthesizing module 'TransactionalMapper_1' [/data/work/rio-synthesis/hardware-overhead/pe5-v256-c1024-dynamic-vivado/rtl/PifoMesh.v:25991]
INFO: [Synth 8-3876] $readmem data file 'PifoMesh.v_toplevel_pifoEngines_0_deque_dequeMapper_banks_0.bin' is read successfully [/data/work/rio-synthesis/hardware-overhead/pe5-v256-c1024-dynamic-vivado/rtl/PifoMesh.v:26045]
INFO: [Synth 8-3876] $readmem data file 'PifoMesh.v_toplevel_pifoEngines_0_deque_dequeMapper_banks_1.bin' is read successfully [/data/work/rio-synthesis/hardware-overhead/pe5-v256-c1024-dynamic-vivado/rtl/PifoMesh.v:26066]
INFO: [Synth 8-6155] done synthesizing module 'TransactionalMapper_1' (0#1) [/data/work/rio-synthesis/hardware-overhead/pe5-v256-c1024-dynamic-vivado/rtl/PifoMesh.v:25991]
INFO: [Synth 8-6157] synthesizing module 'FrontRewriteTable' [/data/work/rio-synthesis/hardware-overhead/pe5-v256-c1024-dynamic-vivado/rtl/PifoMesh.v:12587]
INFO: [Synth 8-6155] done synthesizing module 'FrontRewriteTable' (0#1) [/data/work/rio-synthesis/hardware-overhead/pe5-v256-c1024-dynamic-vivado/rtl/PifoMesh.v:12587]
INFO: [Synth 8-6157] synthesizing module 'StreamFork_2' [/data/work/rio-synthesis/hardware-overhead/pe5-v256-c1024-dynamic-vivado/rtl/PifoMesh.v:12488]
INFO: [Synth 8-6155] done synthesizing module 'StreamFork_2' (0#1) [/data/work/rio-synthesis/hardware-overhead/pe5-v256-c1024-dynamic-vivado/rtl/PifoMesh.v:12488]
INFO: [Synth 8-6157] synthesizing module 'StreamFifoLowLatency_14' [/data/work/rio-synthesis/hardware-overhead/pe5-v256-c1024-dynamic-vivado/rtl/PifoMesh.v:12429]
INFO: [Synth 8-6157] synthesizing module 'StreamFifo_14' [/data/work/rio-synthesis/hardware-overhead/pe5-v256-c1024-dynamic-vivado/rtl/PifoMesh.v:156656]
INFO: [Synth 8-6155] done synthesizing module 'StreamFifo_14' (0#1) [/data/work/rio-synthesis/hardware-overhead/pe5-v256-c1024-dynamic-vivado/rtl/PifoMesh.v:156656]
INFO: [Synth 8-6155] done synthesizing module 'StreamFifoLowLatency_14' (0#1) [/data/work/rio-synthesis/hardware-overhead/pe5-v256-c1024-dynamic-vivado/rtl/PifoMesh.v:12429]
INFO: [Synth 8-6155] done synthesizing module 'PifoEngine' (0#1) [/data/work/rio-synthesis/hardware-overhead/pe5-v256-c1024-dynamic-vivado/rtl/PifoMesh.v:5204]
INFO: [Synth 8-6157] synthesizing module 'PifoEngine_1' [/data/work/rio-synthesis/hardware-overhead/pe5-v256-c1024-dynamic-vivado/rtl/PifoMesh.v:4405]
INFO: [Synth 8-6157] synthesizing module 'TransactionalMapper_2' [/data/work/rio-synthesis/hardware-overhead/pe5-v256-c1024-dynamic-vivado/rtl/PifoMesh.v:12275]
INFO: [Synth 8-3876] $readmem data file 'PifoMesh.v_toplevel_pifoEngines_1_enque_enqueMapper_banks_0.bin' is read successfully [/data/work/rio-synthesis/hardware-overhead/pe5-v256-c1024-dynamic-vivado/rtl/PifoMesh.v:12329]
INFO: [Synth 8-3876] $readmem data file 'PifoMesh.v_toplevel_pifoEngines_1_enque_enqueMapper_banks_1.bin' is read successfully [/data/work/rio-synthesis/hardware-overhead/pe5-v256-c1024-dynamic-vivado/rtl/PifoMesh.v:12350]
INFO: [Synth 8-6155] done synthesizing module 'TransactionalMapper_2' (0#1) [/data/work/rio-synthesis/hardware-overhead/pe5-v256-c1024-dynamic-vivado/rtl/PifoMesh.v:12275]
INFO: [Synth 8-6157] synthesizing module 'PIFOBrain_1' [/data/work/rio-synthesis/hardware-overhead/pe5-v256-c1024-dynamic-vivado/rtl/PifoMesh.v:11210]
INFO: [Synth 8-6157] synthesizing module 'Mapper_4' [/data/work/rio-synthesis/hardware-overhead/pe5-v256-c1024-dynamic-vivado/rtl/PifoMesh.v:156599]
INFO: [Synth 8-3876] $readmem data file 'PifoMesh.v_toplevel_pifoEngines_1_enque_brain_engineMapper_ram.bin' is read successfully [/data/work/rio-synthesis/hardware-overhead/pe5-v256-c1024-dynamic-vivado/rtl/PifoMesh.v:156622]
INFO: [Synth 8-6155] done synthesizing module 'Mapper_4' (0#1) [/data/work/rio-synthesis/hardware-overhead/pe5-v256-c1024-dynamic-vivado/rtl/PifoMesh.v:156599]
INFO: [Synth 8-6157] synthesizing module 'Mapper_5' [/data/work/rio-synthesis/hardware-overhead/pe5-v256-c1024-dynamic-vivado/rtl/PifoMesh.v:156546]
INFO: [Synth 8-3876] $readmem data file 'PifoMesh.v_toplevel_pifoEngines_1_enque_brain_lastVirtualMapper_ram.bin' is read successfully [/data/work/rio-synthesis/hardware-overhead/pe5-v256-c1024-dynamic-vivado/rtl/PifoMesh.v:156569]
INFO: [Synth 8-6155] done synthesizing module 'Mapper_5' (0#1) [/data/work/rio-synthesis/hardware-overhead/pe5-v256-c1024-dynamic-vivado/rtl/PifoMesh.v:156546]
INFO: [Synth 8-6157] synthesizing module 'Mapper_6' [/data/work/rio-synthesis/hardware-overhead/pe5-v256-c1024-dynamic-vivado/rtl/PifoMesh.v:156493]
INFO: [Synth 8-3876] $readmem data file 'PifoMesh.v_toplevel_pifoEngines_1_enque_brain_engineCAM_ram.bin' is read successfully [/data/work/rio-synthesis/hardware-overhead/pe5-v256-c1024-dynamic-vivado/rtl/PifoMesh.v:156516]
INFO: [Synth 8-6155] done synthesizing module 'Mapper_6' (0#1) [/data/work/rio-synthesis/hardware-overhead/pe5-v256-c1024-dynamic-vivado/rtl/PifoMesh.v:156493]
INFO: [Synth 8-6157] synthesizing module 'Mapper_7' [/data/work/rio-synthesis/hardware-overhead/pe5-v256-c1024-dynamic-vivado/rtl/PifoMesh.v:156436]
INFO: [Synth 8-3876] $readmem data file 'PifoMesh.v_toplevel_pifoEngines_1_enque_brain_brainStateMem_ram.bin' is read successfully [/data/work/rio-synthesis/hardware-overhead/pe5-v256-c1024-dynamic-vivado/rtl/PifoMesh.v:156459]
INFO: [Synth 8-6155] done synthesizing module 'Mapper_7' (0#1) [/data/work/rio-synthesis/hardware-overhead/pe5-v256-c1024-dynamic-vivado/rtl/PifoMesh.v:156436]
INFO: [Synth 8-6155] done synthesizing module 'PIFOBrain_1' (0#1) [/data/work/rio-synthesis/hardware-overhead/pe5-v256-c1024-dynamic-vivado/rtl/PifoMesh.v:11210]
INFO: [Synth 8-6157] synthesizing module 'TransactionalMapper_3' [/data/work/rio-synthesis/hardware-overhead/pe5-v256-c1024-dynamic-vivado/rtl/PifoMesh.v:11060]
INFO: [Synth 8-3876] $readmem data file 'PifoMesh.v_toplevel_pifoEngines_1_deque_dequeMapper_banks_0.bin' is read successfully [/data/work/rio-synthesis/hardware-overhead/pe5-v256-c1024-dynamic-vivado/rtl/PifoMesh.v:11114]
INFO: [Synth 8-3876] $readmem data file 'PifoMesh.v_toplevel_pifoEngines_1_deque_dequeMapper_banks_1.bin' is read successfully [/data/work/rio-synthesis/hardware-overhead/pe5-v256-c1024-dynamic-vivado/rtl/PifoMesh.v:11135]
INFO: [Synth 8-6155] done synthesizing module 'TransactionalMapper_3' (0#1) [/data/work/rio-synthesis/hardware-overhead/pe5-v256-c1024-dynamic-vivado/rtl/PifoMesh.v:11060]
INFO: [Synth 8-6155] done synthesizing module 'PifoEngine_1' (0#1) [/data/work/rio-synthesis/hardware-overhead/pe5-v256-c1024-dynamic-vivado/rtl/PifoMesh.v:4405]
INFO: [Synth 8-6157] synthesizing module 'PifoEngine_2' [/data/work/rio-synthesis/hardware-overhead/pe5-v256-c1024-dynamic-vivado/rtl/PifoMesh.v:3606]
INFO: [Synth 8-6157] synthesizing module 'TransactionalMapper_4' [/data/work/rio-synthesis/hardware-overhead/pe5-v256-c1024-dynamic-vivado/rtl/PifoMesh.v:10900]
INFO: [Synth 8-3876] $readmem data file 'PifoMesh.v_toplevel_pifoEngines_2_enque_enqueMapper_banks_0.bin' is read successfully [/data/work/rio-synthesis/hardware-overhead/pe5-v256-c1024-dynamic-vivado/rtl/PifoMesh.v:10954]
INFO: [Synth 8-3876] $readmem data file 'PifoMesh.v_toplevel_pifoEngines_2_enque_enqueMapper_banks_1.bin' is read successfully [/data/work/rio-synthesis/hardware-overhead/pe5-v256-c1024-dynamic-vivado/rtl/PifoMesh.v:10975]
INFO: [Synth 8-6155] done synthesizing module 'TransactionalMapper_4' (0#1) [/data/work/rio-synthesis/hardware-overhead/pe5-v256-c1024-dynamic-vivado/rtl/PifoMesh.v:10900]
INFO: [Synth 8-6157] synthesizing module 'PIFOBrain_2' [/data/work/rio-synthesis/hardware-overhead/pe5-v256-c1024-dynamic-vivado/rtl/PifoMesh.v:9835]
INFO: [Synth 8-6157] synthesizing module 'Mapper_8' [/data/work/rio-synthesis/hardware-overhead/pe5-v256-c1024-dynamic-vivado/rtl/PifoMesh.v:156361]
INFO: [Synth 8-3876] $readmem data file 'PifoMesh.v_toplevel_pifoEngines_2_enque_brain_engineMapper_ram.bin' is read successfully [/data/work/rio-synthesis/hardware-overhead/pe5-v256-c1024-dynamic-vivado/rtl/PifoMesh.v:156384]
INFO: [Synth 8-6155] done synthesizing module 'Mapper_8' (0#1) [/data/work/rio-synthesis/hardware-overhead/pe5-v256-c1024-dynamic-vivado/rtl/PifoMesh.v:156361]
INFO: [Synth 8-6157] synthesizing module 'Mapper_9' [/data/work/rio-synthesis/hardware-overhead/pe5-v256-c1024-dynamic-vivado/rtl/PifoMesh.v:156308]
INFO: [Synth 8-3876] $readmem data file 'PifoMesh.v_toplevel_pifoEngines_2_enque_brain_lastVirtualMapper_ram.bin' is read successfully [/data/work/rio-synthesis/hardware-overhead/pe5-v256-c1024-dynamic-vivado/rtl/PifoMesh.v:156331]
INFO: [Synth 8-6155] done synthesizing module 'Mapper_9' (0#1) [/data/work/rio-synthesis/hardware-overhead/pe5-v256-c1024-dynamic-vivado/rtl/PifoMesh.v:156308]
INFO: [Synth 8-6157] synthesizing module 'Mapper_10' [/data/work/rio-synthesis/hardware-overhead/pe5-v256-c1024-dynamic-vivado/rtl/PifoMesh.v:156255]
INFO: [Synth 8-3876] $readmem data file 'PifoMesh.v_toplevel_pifoEngines_2_enque_brain_engineCAM_ram.bin' is read successfully [/data/work/rio-synthesis/hardware-overhead/pe5-v256-c1024-dynamic-vivado/rtl/PifoMesh.v:156278]
INFO: [Synth 8-6155] done synthesizing module 'Mapper_10' (0#1) [/data/work/rio-synthesis/hardware-overhead/pe5-v256-c1024-dynamic-vivado/rtl/PifoMesh.v:156255]
INFO: [Synth 8-6157] synthesizing module 'Mapper_11' [/data/work/rio-synthesis/hardware-overhead/pe5-v256-c1024-dynamic-vivado/rtl/PifoMesh.v:156198]
INFO: [Synth 8-3876] $readmem data file 'PifoMesh.v_toplevel_pifoEngines_2_enque_brain_brainStateMem_ram.bin' is read successfully [/data/work/rio-synthesis/hardware-overhead/pe5-v256-c1024-dynamic-vivado/rtl/PifoMesh.v:156221]
INFO: [Synth 8-6155] done synthesizing module 'Mapper_11' (0#1) [/data/work/rio-synthesis/hardware-overhead/pe5-v256-c1024-dynamic-vivado/rtl/PifoMesh.v:156198]
INFO: [Synth 8-6155] done synthesizing module 'PIFOBrain_2' (0#1) [/data/work/rio-synthesis/hardware-overhead/pe5-v256-c1024-dynamic-vivado/rtl/PifoMesh.v:9835]
INFO: [Synth 8-6157] synthesizing module 'TransactionalMapper_5' [/data/work/rio-synthesis/hardware-overhead/pe5-v256-c1024-dynamic-vivado/rtl/PifoMesh.v:9685]
INFO: [Synth 8-3876] $readmem data file 'PifoMesh.v_toplevel_pifoEngines_2_deque_dequeMapper_banks_0.bin' is read successfully [/data/work/rio-synthesis/hardware-overhead/pe5-v256-c1024-dynamic-vivado/rtl/PifoMesh.v:9739]
INFO: [Synth 8-3876] $readmem data file 'PifoMesh.v_toplevel_pifoEngines_2_deque_dequeMapper_banks_1.bin' is read successfully [/data/work/rio-synthesis/hardware-overhead/pe5-v256-c1024-dynamic-vivado/rtl/PifoMesh.v:9760]
INFO: [Synth 8-6155] done synthesizing module 'TransactionalMapper_5' (0#1) [/data/work/rio-synthesis/hardware-overhead/pe5-v256-c1024-dynamic-vivado/rtl/PifoMesh.v:9685]
INFO: [Synth 8-6155] done synthesizing module 'PifoEngine_2' (0#1) [/data/work/rio-synthesis/hardware-overhead/pe5-v256-c1024-dynamic-vivado/rtl/PifoMesh.v:3606]
INFO: [Synth 8-6157] synthesizing module 'PifoEngine_3' [/data/work/rio-synthesis/hardware-overhead/pe5-v256-c1024-dynamic-vivado/rtl/PifoMesh.v:2807]
INFO: [Synth 8-6157] synthesizing module 'TransactionalMapper_6' [/data/work/rio-synthesis/hardware-overhead/pe5-v256-c1024-dynamic-vivado/rtl/PifoMesh.v:9525]
INFO: [Synth 8-3876] $readmem data file 'PifoMesh.v_toplevel_pifoEngines_3_enque_enqueMapper_banks_0.bin' is read successfully [/data/work/rio-synthesis/hardware-overhead/pe5-v256-c1024-dynamic-vivado/rtl/PifoMesh.v:9579]
INFO: [Synth 8-3876] $readmem data file 'PifoMesh.v_toplevel_pifoEngines_3_enque_enqueMapper_banks_1.bin' is read successfully [/data/work/rio-synthesis/hardware-overhead/pe5-v256-c1024-dynamic-vivado/rtl/PifoMesh.v:9600]
INFO: [Synth 8-6155] done synthesizing module 'TransactionalMapper_6' (0#1) [/data/work/rio-synthesis/hardware-overhead/pe5-v256-c1024-dynamic-vivado/rtl/PifoMesh.v:9525]
INFO: [Synth 8-6157] synthesizing module 'PIFOBrain_3' [/data/work/rio-synthesis/hardware-overhead/pe5-v256-c1024-dynamic-vivado/rtl/PifoMesh.v:8460]
INFO: [Synth 8-6157] synthesizing module 'Mapper_12' [/data/work/rio-synthesis/hardware-overhead/pe5-v256-c1024-dynamic-vivado/rtl/PifoMesh.v:156123]
INFO: [Synth 8-3876] $readmem data file 'PifoMesh.v_toplevel_pifoEngines_3_enque_brain_engineMapper_ram.bin' is read successfully [/data/work/rio-synthesis/hardware-overhead/pe5-v256-c1024-dynamic-vivado/rtl/PifoMesh.v:156146]
INFO: [Synth 8-6155] done synthesizing module 'Mapper_12' (0#1) [/data/work/rio-synthesis/hardware-overhead/pe5-v256-c1024-dynamic-vivado/rtl/PifoMesh.v:156123]
INFO: [Synth 8-6157] synthesizing module 'Mapper_13' [/data/work/rio-synthesis/hardware-overhead/pe5-v256-c1024-dynamic-vivado/rtl/PifoMesh.v:156070]
INFO: [Synth 8-3876] $readmem data file 'PifoMesh.v_toplevel_pifoEngines_3_enque_brain_lastVirtualMapper_ram.bin' is read successfully [/data/work/rio-synthesis/hardware-overhead/pe5-v256-c1024-dynamic-vivado/rtl/PifoMesh.v:156093]
INFO: [Synth 8-6155] done synthesizing module 'Mapper_13' (0#1) [/data/work/rio-synthesis/hardware-overhead/pe5-v256-c1024-dynamic-vivado/rtl/PifoMesh.v:156070]
INFO: [Synth 8-6157] synthesizing module 'Mapper_14' [/data/work/rio-synthesis/hardware-overhead/pe5-v256-c1024-dynamic-vivado/rtl/PifoMesh.v:156017]
INFO: [Synth 8-3876] $readmem data file 'PifoMesh.v_toplevel_pifoEngines_3_enque_brain_engineCAM_ram.bin' is read successfully [/data/work/rio-synthesis/hardware-overhead/pe5-v256-c1024-dynamic-vivado/rtl/PifoMesh.v:156040]
INFO: [Synth 8-6155] done synthesizing module 'Mapper_14' (0#1) [/data/work/rio-synthesis/hardware-overhead/pe5-v256-c1024-dynamic-vivado/rtl/PifoMesh.v:156017]
INFO: [Synth 8-6157] synthesizing module 'Mapper_15' [/data/work/rio-synthesis/hardware-overhead/pe5-v256-c1024-dynamic-vivado/rtl/PifoMesh.v:155960]
INFO: [Synth 8-3876] $readmem data file 'PifoMesh.v_toplevel_pifoEngines_3_enque_brain_brainStateMem_ram.bin' is read successfully [/data/work/rio-synthesis/hardware-overhead/pe5-v256-c1024-dynamic-vivado/rtl/PifoMesh.v:155983]
INFO: [Synth 8-6155] done synthesizing module 'Mapper_15' (0#1) [/data/work/rio-synthesis/hardware-overhead/pe5-v256-c1024-dynamic-vivado/rtl/PifoMesh.v:155960]
INFO: [Synth 8-6155] done synthesizing module 'PIFOBrain_3' (0#1) [/data/work/rio-synthesis/hardware-overhead/pe5-v256-c1024-dynamic-vivado/rtl/PifoMesh.v:8460]
INFO: [Synth 8-6157] synthesizing module 'TransactionalMapper_7' [/data/work/rio-synthesis/hardware-overhead/pe5-v256-c1024-dynamic-vivado/rtl/PifoMesh.v:8310]
INFO: [Synth 8-3876] $readmem data file 'PifoMesh.v_toplevel_pifoEngines_3_deque_dequeMapper_banks_0.bin' is read successfully [/data/work/rio-synthesis/hardware-overhead/pe5-v256-c1024-dynamic-vivado/rtl/PifoMesh.v:8364]
INFO: [Synth 8-3876] $readmem data file 'PifoMesh.v_toplevel_pifoEngines_3_deque_dequeMapper_banks_1.bin' is read successfully [/data/work/rio-synthesis/hardware-overhead/pe5-v256-c1024-dynamic-vivado/rtl/PifoMesh.v:8385]
INFO: [Synth 8-6155] done synthesizing module 'TransactionalMapper_7' (0#1) [/data/work/rio-synthesis/hardware-overhead/pe5-v256-c1024-dynamic-vivado/rtl/PifoMesh.v:8310]
INFO: [Synth 8-6155] done synthesizing module 'PifoEngine_3' (0#1) [/data/work/rio-synthesis/hardware-overhead/pe5-v256-c1024-dynamic-vivado/rtl/PifoMesh.v:2807]
INFO: [Synth 8-6157] synthesizing module 'PifoEngine_4' [/data/work/rio-synthesis/hardware-overhead/pe5-v256-c1024-dynamic-vivado/rtl/PifoMesh.v:2008]
INFO: [Synth 8-6157] synthesizing module 'TransactionalMapper_8' [/data/work/rio-synthesis/hardware-overhead/pe5-v256-c1024-dynamic-vivado/rtl/PifoMesh.v:8150]
INFO: [Synth 8-3876] $readmem data file 'PifoMesh.v_toplevel_pifoEngines_4_enque_enqueMapper_banks_0.bin' is read successfully [/data/work/rio-synthesis/hardware-overhead/pe5-v256-c1024-dynamic-vivado/rtl/PifoMesh.v:8204]
INFO: [Synth 8-3876] $readmem data file 'PifoMesh.v_toplevel_pifoEngines_4_enque_enqueMapper_banks_1.bin' is read successfully [/data/work/rio-synthesis/hardware-overhead/pe5-v256-c1024-dynamic-vivado/rtl/PifoMesh.v:8225]
INFO: [Synth 8-6155] done synthesizing module 'TransactionalMapper_8' (0#1) [/data/work/rio-synthesis/hardware-overhead/pe5-v256-c1024-dynamic-vivado/rtl/PifoMesh.v:8150]
INFO: [Synth 8-6157] synthesizing module 'PIFOBrain_4' [/data/work/rio-synthesis/hardware-overhead/pe5-v256-c1024-dynamic-vivado/rtl/PifoMesh.v:7085]
INFO: [Synth 8-6157] synthesizing module 'Mapper_16' [/data/work/rio-synthesis/hardware-overhead/pe5-v256-c1024-dynamic-vivado/rtl/PifoMesh.v:155885]
INFO: [Synth 8-3876] $readmem data file 'PifoMesh.v_toplevel_pifoEngines_4_enque_brain_engineMapper_ram.bin' is read successfully [/data/work/rio-synthesis/hardware-overhead/pe5-v256-c1024-dynamic-vivado/rtl/PifoMesh.v:155908]
INFO: [Synth 8-6155] done synthesizing module 'Mapper_16' (0#1) [/data/work/rio-synthesis/hardware-overhead/pe5-v256-c1024-dynamic-vivado/rtl/PifoMesh.v:155885]
INFO: [Synth 8-6157] synthesizing module 'Mapper_17' [/data/work/rio-synthesis/hardware-overhead/pe5-v256-c1024-dynamic-vivado/rtl/PifoMesh.v:155832]
INFO: [Synth 8-3876] $readmem data file 'PifoMesh.v_toplevel_pifoEngines_4_enque_brain_lastVirtualMapper_ram.bin' is read successfully [/data/work/rio-synthesis/hardware-overhead/pe5-v256-c1024-dynamic-vivado/rtl/PifoMesh.v:155855]
INFO: [Synth 8-6155] done synthesizing module 'Mapper_17' (0#1) [/data/work/rio-synthesis/hardware-overhead/pe5-v256-c1024-dynamic-vivado/rtl/PifoMesh.v:155832]
INFO: [Synth 8-6157] synthesizing module 'Mapper_18' [/data/work/rio-synthesis/hardware-overhead/pe5-v256-c1024-dynamic-vivado/rtl/PifoMesh.v:155779]
INFO: [Synth 8-3876] $readmem data file 'PifoMesh.v_toplevel_pifoEngines_4_enque_brain_engineCAM_ram.bin' is read successfully [/data/work/rio-synthesis/hardware-overhead/pe5-v256-c1024-dynamic-vivado/rtl/PifoMesh.v:155802]
INFO: [Synth 8-6155] done synthesizing module 'Mapper_18' (0#1) [/data/work/rio-synthesis/hardware-overhead/pe5-v256-c1024-dynamic-vivado/rtl/PifoMesh.v:155779]
INFO: [Synth 8-6157] synthesizing module 'Mapper_19' [/data/work/rio-synthesis/hardware-overhead/pe5-v256-c1024-dynamic-vivado/rtl/PifoMesh.v:155722]
INFO: [Synth 8-3876] $readmem data file 'PifoMesh.v_toplevel_pifoEngines_4_enque_brain_brainStateMem_ram.bin' is read successfully [/data/work/rio-synthesis/hardware-overhead/pe5-v256-c1024-dynamic-vivado/rtl/PifoMesh.v:155745]
INFO: [Synth 8-6155] done synthesizing module 'Mapper_19' (0#1) [/data/work/rio-synthesis/hardware-overhead/pe5-v256-c1024-dynamic-vivado/rtl/PifoMesh.v:155722]
INFO: [Synth 8-6155] done synthesizing module 'PIFOBrain_4' (0#1) [/data/work/rio-synthesis/hardware-overhead/pe5-v256-c1024-dynamic-vivado/rtl/PifoMesh.v:7085]
INFO: [Synth 8-6157] synthesizing module 'TransactionalMapper_9' [/data/work/rio-synthesis/hardware-overhead/pe5-v256-c1024-dynamic-vivado/rtl/PifoMesh.v:6935]
INFO: [Synth 8-3876] $readmem data file 'PifoMesh.v_toplevel_pifoEngines_4_deque_dequeMapper_banks_0.bin' is read successfully [/data/work/rio-synthesis/hardware-overhead/pe5-v256-c1024-dynamic-vivado/rtl/PifoMesh.v:6989]
INFO: [Synth 8-3876] $readmem data file 'PifoMesh.v_toplevel_pifoEngines_4_deque_dequeMapper_banks_1.bin' is read successfully [/data/work/rio-synthesis/hardware-overhead/pe5-v256-c1024-dynamic-vivado/rtl/PifoMesh.v:7010]
INFO: [Synth 8-6155] done synthesizing module 'TransactionalMapper_9' (0#1) [/data/work/rio-synthesis/hardware-overhead/pe5-v256-c1024-dynamic-vivado/rtl/PifoMesh.v:6935]
INFO: [Synth 8-6155] done synthesizing module 'PifoEngine_4' (0#1) [/data/work/rio-synthesis/hardware-overhead/pe5-v256-c1024-dynamic-vivado/rtl/PifoMesh.v:2008]
INFO: [Synth 8-6157] synthesizing module 'StreamFifo_51' [/data/work/rio-synthesis/hardware-overhead/pe5-v256-c1024-dynamic-vivado/rtl/PifoMesh.v:1702]
INFO: [Synth 8-6155] done synthesizing module 'StreamFifo_51' (0#1) [/data/work/rio-synthesis/hardware-overhead/pe5-v256-c1024-dynamic-vivado/rtl/PifoMesh.v:1702]
INFO: [Synth 8-6157] synthesizing module 'StreamDemux_6' [/data/work/rio-synthesis/hardware-overhead/pe5-v256-c1024-dynamic-vivado/rtl/PifoMesh.v:1467]
INFO: [Synth 8-6155] done synthesizing module 'StreamDemux_6' (0#1) [/data/work/rio-synthesis/hardware-overhead/pe5-v256-c1024-dynamic-vivado/rtl/PifoMesh.v:1467]
INFO: [Synth 8-6157] synthesizing module 'StreamFork_20' [/data/work/rio-synthesis/hardware-overhead/pe5-v256-c1024-dynamic-vivado/rtl/PifoMesh.v:1218]
INFO: [Synth 8-6155] done synthesizing module 'StreamFork_20' (0#1) [/data/work/rio-synthesis/hardware-overhead/pe5-v256-c1024-dynamic-vivado/rtl/PifoMesh.v:1218]
INFO: [Synth 8-6157] synthesizing module 'StreamArbiter_16' [/data/work/rio-synthesis/hardware-overhead/pe5-v256-c1024-dynamic-vivado/rtl/PifoMesh.v:1068]
INFO: [Synth 8-6155] done synthesizing module 'StreamArbiter_16' (0#1) [/data/work/rio-synthesis/hardware-overhead/pe5-v256-c1024-dynamic-vivado/rtl/PifoMesh.v:1068]
INFO: [Synth 8-6155] done synthesizing module 'PifoMesh' (0#1) [/data/work/rio-synthesis/hardware-overhead/pe5-v256-c1024-dynamic-vivado/rtl/PifoMesh.v:7]
WARNING: [Synth 8-6014] Unused sequential element logic_ptr_wentUp_reg was removed.  [/data/work/rio-synthesis/hardware-overhead/pe5-v256-c1024-dynamic-vivado/rtl/PifoMesh.v:157997]
WARNING: [Synth 8-3936] Found unconnected internal register 'genblk1[9].part_idx_reg[9]' and it is trimmed from '1024' to '11' bits. [/data/work/rio-synthesis/hardware-overhead/pe5-v256-c1024-dynamic-vivado/rtl/priority_encode_log.v:33]
WARNING: [Synth 8-3936] Found unconnected internal register 'genblk1[8].part_idx_reg[8]' and it is trimmed from '1024' to '522' bits. [/data/work/rio-synthesis/hardware-overhead/pe5-v256-c1024-dynamic-vivado/rtl/priority_encode_log.v:33]
WARNING: [Synth 8-3936] Found unconnected internal register 'genblk1[7].part_idx_reg[7]' and it is trimmed from '1024' to '777' bits. [/data/work/rio-synthesis/hardware-overhead/pe5-v256-c1024-dynamic-vivado/rtl/priority_encode_log.v:33]
WARNING: [Synth 8-3936] Found unconnected internal register 'genblk1[6].part_idx_reg[6]' and it is trimmed from '1024' to '904' bits. [/data/work/rio-synthesis/hardware-overhead/pe5-v256-c1024-dynamic-vivado/rtl/priority_encode_log.v:33]
WARNING: [Synth 8-3936] Found unconnected internal register 'genblk1[5].part_idx_reg[5]' and it is trimmed from '1024' to '967' bits. [/data/work/rio-synthesis/hardware-overhead/pe5-v256-c1024-dynamic-vivado/rtl/priority_encode_log.v:33]
WARNING: [Synth 8-3936] Found unconnected internal register 'genblk1[4].part_idx_reg[4]' and it is trimmed from '1024' to '998' bits. [/data/work/rio-synthesis/hardware-overhead/pe5-v256-c1024-dynamic-vivado/rtl/priority_encode_log.v:33]
WARNING: [Synth 8-3936] Found unconnected internal register 'genblk1[3].part_idx_reg[3]' and it is trimmed from '1024' to '1013' bits. [/data/work/rio-synthesis/hardware-overhead/pe5-v256-c1024-dynamic-vivado/rtl/priority_encode_log.v:33]
WARNING: [Synth 8-3936] Found unconnected internal register 'genblk1[2].part_idx_reg[2]' and it is trimmed from '1024' to '1020' bits. [/data/work/rio-synthesis/hardware-overhead/pe5-v256-c1024-dynamic-vivado/rtl/priority_encode_log.v:33]
WARNING: [Synth 8-3936] Found unconnected internal register 'genblk1[1].part_idx_reg[1]' and it is trimmed from '1024' to '1023' bits. [/data/work/rio-synthesis/hardware-overhead/pe5-v256-c1024-dynamic-vivado/rtl/priority_encode_log.v:33]
WARNING: [Synth 8-6014] Unused sequential element logic_ptr_wentUp_reg was removed.  [/data/work/rio-synthesis/hardware-overhead/pe5-v256-c1024-dynamic-vivado/rtl/PifoMesh.v:157868]
WARNING: [Synth 8-6014] Unused sequential element logic_ptr_wentUp_reg was removed.  [/data/work/rio-synthesis/hardware-overhead/pe5-v256-c1024-dynamic-vivado/rtl/PifoMesh.v:158874]
WARNING: [Synth 8-6014] Unused sequential element logic_ptr_wentUp_reg was removed.  [/data/work/rio-synthesis/hardware-overhead/pe5-v256-c1024-dynamic-vivado/rtl/PifoMesh.v:158729]
WARNING: [Synth 8-6014] Unused sequential element logic_ptr_wentUp_reg was removed.  [/data/work/rio-synthesis/hardware-overhead/pe5-v256-c1024-dynamic-vivado/rtl/PifoMesh.v:158584]
WARNING: [Synth 8-6014] Unused sequential element logic_ptr_wentUp_reg was removed.  [/data/work/rio-synthesis/hardware-overhead/pe5-v256-c1024-dynamic-vivado/rtl/PifoMesh.v:158456]
WARNING: [Synth 8-6014] Unused sequential element logic_ptr_wentUp_reg was removed.  [/data/work/rio-synthesis/hardware-overhead/pe5-v256-c1024-dynamic-vivado/rtl/PifoMesh.v:158326]
WARNING: [Synth 8-6014] Unused sequential element logic_ptr_wentUp_reg was removed.  [/data/work/rio-synthesis/hardware-overhead/pe5-v256-c1024-dynamic-vivado/rtl/PifoMesh.v:158198]
WARNING: [Synth 8-6014] Unused sequential element logic_ptr_wentUp_reg was removed.  [/data/work/rio-synthesis/hardware-overhead/pe5-v256-c1024-dynamic-vivado/rtl/PifoMesh.v:156807]
WARNING: [Synth 8-6014] Unused sequential element logic_ptr_wentUp_reg was removed.  [/data/work/rio-synthesis/hardware-overhead/pe5-v256-c1024-dynamic-vivado/rtl/PifoMesh.v:1964]
WARNING: [Synth 8-6014] Unused sequential element logic_pop_addressGen_rData_reg was removed.  [/data/work/rio-synthesis/hardware-overhead/pe5-v256-c1024-dynamic-vivado/rtl/PifoMesh.v:1929]
WARNING: [Synth 8-7129] Port reset in module Mapper_19 is either unconnected or has no load
WARNING: [Synth 8-7129] Port reset in module Mapper_18 is either unconnected or has no load
WARNING: [Synth 8-7129] Port reset in module Mapper_17 is either unconnected or has no load
WARNING: [Synth 8-7129] Port reset in module Mapper_16 is either unconnected or has no load
WARNING: [Synth 8-7129] Port io_poped_payload_data[10] in module PIFOBrain_4 is either unconnected or has no load
WARNING: [Synth 8-7129] Port io_poped_payload_data[9] in module PIFOBrain_4 is either unconnected or has no load
WARNING: [Synth 8-7129] Port io_poped_payload_data[8] in module PIFOBrain_4 is either unconnected or has no load
WARNING: [Synth 8-7129] Port io_poped_payload_data[7] in module PIFOBrain_4 is either unconnected or has no load
WARNING: [Synth 8-7129] Port io_poped_payload_data[6] in module PIFOBrain_4 is either unconnected or has no load
WARNING: [Synth 8-7129] Port io_poped_payload_data[5] in module PIFOBrain_4 is either unconnected or has no load
WARNING: [Synth 8-7129] Port io_poped_payload_data[4] in module PIFOBrain_4 is either unconnected or has no load
WARNING: [Synth 8-7129] Port io_poped_payload_data[3] in module PIFOBrain_4 is either unconnected or has no load
WARNING: [Synth 8-7129] Port io_poped_payload_data[2] in module PIFOBrain_4 is either unconnected or has no load
WARNING: [Synth 8-7129] Port io_poped_payload_data[1] in module PIFOBrain_4 is either unconnected or has no load
WARNING: [Synth 8-7129] Port io_poped_payload_data[0] in module PIFOBrain_4 is either unconnected or has no load
WARNING: [Synth 8-7129] Port clk in module priority_encode_log is either unconnected or has no load
WARNING: [Synth 8-7129] Port rst in module priority_encode_log is either unconnected or has no load
WARNING: [Synth 8-7129] Port io_dequeueRequest_payload_engineId[2] in module PifoEngine_4 is either unconnected or has no load
WARNING: [Synth 8-7129] Port io_dequeueRequest_payload_engineId[1] in module PifoEngine_4 is either unconnected or has no load
WARNING: [Synth 8-7129] Port io_dequeueRequest_payload_engineId[0] in module PifoEngine_4 is either unconnected or has no load
WARNING: [Synth 8-7129] Port reset in module Mapper_15 is either unconnected or has no load
WARNING: [Synth 8-7129] Port reset in module Mapper_14 is either unconnected or has no load
WARNING: [Synth 8-7129] Port reset in module Mapper_13 is either unconnected or has no load
WARNING: [Synth 8-7129] Port reset in module Mapper_12 is either unconnected or has no load
WARNING: [Synth 8-7129] Port io_poped_payload_data[10] in module PIFOBrain_3 is either unconnected or has no load
WARNING: [Synth 8-7129] Port io_poped_payload_data[9] in module PIFOBrain_3 is either unconnected or has no load
WARNING: [Synth 8-7129] Port io_poped_payload_data[8] in module PIFOBrain_3 is either unconnected or has no load
WARNING: [Synth 8-7129] Port io_poped_payload_data[7] in module PIFOBrain_3 is either unconnected or has no load
WARNING: [Synth 8-7129] Port io_poped_payload_data[6] in module PIFOBrain_3 is either unconnected or has no load
WARNING: [Synth 8-7129] Port io_poped_payload_data[5] in module PIFOBrain_3 is either unconnected or has no load
WARNING: [Synth 8-7129] Port io_poped_payload_data[4] in module PIFOBrain_3 is either unconnected or has no load
WARNING: [Synth 8-7129] Port io_poped_payload_data[3] in module PIFOBrain_3 is either unconnected or has no load
WARNING: [Synth 8-7129] Port io_poped_payload_data[2] in module PIFOBrain_3 is either unconnected or has no load
WARNING: [Synth 8-7129] Port io_poped_payload_data[1] in module PIFOBrain_3 is either unconnected or has no load
WARNING: [Synth 8-7129] Port io_poped_payload_data[0] in module PIFOBrain_3 is either unconnected or has no load
WARNING: [Synth 8-7129] Port io_dequeueRequest_payload_engineId[2] in module PifoEngine_3 is either unconnected or has no load
WARNING: [Synth 8-7129] Port io_dequeueRequest_payload_engineId[1] in module PifoEngine_3 is either unconnected or has no load
WARNING: [Synth 8-7129] Port io_dequeueRequest_payload_engineId[0] in module PifoEngine_3 is either unconnected or has no load
WARNING: [Synth 8-7129] Port reset in module Mapper_11 is either unconnected or has no load
WARNING: [Synth 8-7129] Port reset in module Mapper_10 is either unconnected or has no load
WARNING: [Synth 8-7129] Port reset in module Mapper_9 is either unconnected or has no load
WARNING: [Synth 8-7129] Port reset in module Mapper_8 is either unconnected or has no load
WARNING: [Synth 8-7129] Port io_poped_payload_data[10] in module PIFOBrain_2 is either unconnected or has no load
WARNING: [Synth 8-7129] Port io_poped_payload_data[9] in module PIFOBrain_2 is either unconnected or has no load
WARNING: [Synth 8-7129] Port io_poped_payload_data[8] in module PIFOBrain_2 is either unconnected or has no load
WARNING: [Synth 8-7129] Port io_poped_payload_data[7] in module PIFOBrain_2 is either unconnected or has no load
WARNING: [Synth 8-7129] Port io_poped_payload_data[6] in module PIFOBrain_2 is either unconnected or has no load
WARNING: [Synth 8-7129] Port io_poped_payload_data[5] in module PIFOBrain_2 is either unconnected or has no load
WARNING: [Synth 8-7129] Port io_poped_payload_data[4] in module PIFOBrain_2 is either unconnected or has no load
WARNING: [Synth 8-7129] Port io_poped_payload_data[3] in module PIFOBrain_2 is either unconnected or has no load
WARNING: [Synth 8-7129] Port io_poped_payload_data[2] in module PIFOBrain_2 is either unconnected or has no load
WARNING: [Synth 8-7129] Port io_poped_payload_data[1] in module PIFOBrain_2 is either unconnected or has no load
WARNING: [Synth 8-7129] Port io_poped_payload_data[0] in module PIFOBrain_2 is either unconnected or has no load
WARNING: [Synth 8-7129] Port io_dequeueRequest_payload_engineId[2] in module PifoEngine_2 is either unconnected or has no load
WARNING: [Synth 8-7129] Port io_dequeueRequest_payload_engineId[1] in module PifoEngine_2 is either unconnected or has no load
WARNING: [Synth 8-7129] Port io_dequeueRequest_payload_engineId[0] in module PifoEngine_2 is either unconnected or has no load
WARNING: [Synth 8-7129] Port reset in module Mapper_7 is either unconnected or has no load
WARNING: [Synth 8-7129] Port reset in module Mapper_6 is either unconnected or has no load
WARNING: [Synth 8-7129] Port reset in module Mapper_5 is either unconnected or has no load
WARNING: [Synth 8-7129] Port reset in module Mapper_4 is either unconnected or has no load
WARNING: [Synth 8-7129] Port io_poped_payload_data[10] in module PIFOBrain_1 is either unconnected or has no load
WARNING: [Synth 8-7129] Port io_poped_payload_data[9] in module PIFOBrain_1 is either unconnected or has no load
WARNING: [Synth 8-7129] Port io_poped_payload_data[8] in module PIFOBrain_1 is either unconnected or has no load
WARNING: [Synth 8-7129] Port io_poped_payload_data[7] in module PIFOBrain_1 is either unconnected or has no load
WARNING: [Synth 8-7129] Port io_poped_payload_data[6] in module PIFOBrain_1 is either unconnected or has no load
WARNING: [Synth 8-7129] Port io_poped_payload_data[5] in module PIFOBrain_1 is either unconnected or has no load
WARNING: [Synth 8-7129] Port io_poped_payload_data[4] in module PIFOBrain_1 is either unconnected or has no load
WARNING: [Synth 8-7129] Port io_poped_payload_data[3] in module PIFOBrain_1 is either unconnected or has no load
WARNING: [Synth 8-7129] Port io_poped_payload_data[2] in module PIFOBrain_1 is either unconnected or has no load
WARNING: [Synth 8-7129] Port io_poped_payload_data[1] in module PIFOBrain_1 is either unconnected or has no load
WARNING: [Synth 8-7129] Port io_poped_payload_data[0] in module PIFOBrain_1 is either unconnected or has no load
WARNING: [Synth 8-7129] Port io_dequeueRequest_payload_engineId[2] in module PifoEngine_1 is either unconnected or has no load
WARNING: [Synth 8-7129] Port io_dequeueRequest_payload_engineId[1] in module PifoEngine_1 is either unconnected or has no load
WARNING: [Synth 8-7129] Port io_dequeueRequest_payload_engineId[0] in module PifoEngine_1 is either unconnected or has no load
WARNING: [Synth 8-7129] Port reset in module Mapper_3 is either unconnected or has no load
WARNING: [Synth 8-7129] Port reset in module Mapper_2 is either unconnected or has no load
WARNING: [Synth 8-7129] Port reset in module Mapper_1 is either unconnected or has no load
WARNING: [Synth 8-7129] Port reset in module Mapper is either unconnected or has no load
WARNING: [Synth 8-7129] Port io_poped_payload_data[10] in module PIFOBrain is either unconnected or has no load
WARNING: [Synth 8-7129] Port io_poped_payload_data[9] in module PIFOBrain is either unconnected or has no load
WARNING: [Synth 8-7129] Port io_poped_payload_data[8] in module PIFOBrain is either unconnected or has no load
WARNING: [Synth 8-7129] Port io_poped_payload_data[7] in module PIFOBrain is either unconnected or has no load
WARNING: [Synth 8-7129] Port io_poped_payload_data[6] in module PIFOBrain is either unconnected or has no load
WARNING: [Synth 8-7129] Port io_poped_payload_data[5] in module PIFOBrain is either unconnected or has no load
WARNING: [Synth 8-7129] Port io_poped_payload_data[4] in module PIFOBrain is either unconnected or has no load
WARNING: [Synth 8-7129] Port io_poped_payload_data[3] in module PIFOBrain is either unconnected or has no load
WARNING: [Synth 8-7129] Port io_poped_payload_data[2] in module PIFOBrain is either unconnected or has no load
WARNING: [Synth 8-7129] Port io_poped_payload_data[1] in module PIFOBrain is either unconnected or has no load
WARNING: [Synth 8-7129] Port io_poped_payload_data[0] in module PIFOBrain is either unconnected or has no load
WARNING: [Synth 8-7129] Port io_dequeueRequest_payload_engineId[2] in module PifoEngine is either unconnected or has no load
WARNING: [Synth 8-7129] Port io_dequeueRequest_payload_engineId[1] in module PifoEngine is either unconnected or has no load
WARNING: [Synth 8-7129] Port io_dequeueRequest_payload_engineId[0] in module PifoEngine is either unconnected or has no load
---------------------------------------------------------------------------------
Finished RTL Elaboration : Time (s): cpu = 00:02:13 ; elapsed = 00:02:18 . Memory (MB): peak = 7004.836 ; gain = 4352.945 ; free physical = 99052 ; free virtual = 119612
---------------------------------------------------------------------------------
---------------------------------------------------------------------------------
Start Handling Custom Attributes
---------------------------------------------------------------------------------
---------------------------------------------------------------------------------
Finished Handling Custom Attributes : Time (s): cpu = 00:02:15 ; elapsed = 00:02:20 . Memory (MB): peak = 7004.836 ; gain = 4352.945 ; free physical = 98949 ; free virtual = 119508
---------------------------------------------------------------------------------
---------------------------------------------------------------------------------
Finished RTL Optimization Phase 1 : Time (s): cpu = 00:02:15 ; elapsed = 00:02:20 . Memory (MB): peak = 7004.836 ; gain = 4352.945 ; free physical = 98949 ; free virtual = 119508
---------------------------------------------------------------------------------
Netlist sorting complete. Time (s): cpu = 00:00:32 ; elapsed = 00:00:32 . Memory (MB): peak = 7004.836 ; gain = 0.000 ; free physical = 115468 ; free virtual = 135926
INFO: [Project 1-570] Preparing netlist for logic optimization

Processing XDC Constraints
Initializing timing engine
Parsing XDC File [/data/work/rio-synthesis/hardware-overhead/pe5-v256-c1024-dynamic-vivado/pifo.xdc]
Finished Parsing XDC File [/data/work/rio-synthesis/hardware-overhead/pe5-v256-c1024-dynamic-vivado/pifo.xdc]
Completed Processing XDC Constraints

Netlist sorting complete. Time (s): cpu = 00:00:00.34 ; elapsed = 00:00:00.34 . Memory (MB): peak = 8536.676 ; gain = 0.000 ; free physical = 117741 ; free virtual = 138358
INFO: [Project 1-111] Unisim Transformation Summary:
No Unisim elements were transformed.

---------------------------------------------------------------------------------
Finished Constraint Validation : Time (s): cpu = 00:06:07 ; elapsed = 00:05:33 . Memory (MB): peak = 8552.684 ; gain = 5900.793 ; free physical = 115970 ; free virtual = 136601
---------------------------------------------------------------------------------
---------------------------------------------------------------------------------
Start Loading Part and Timing Information
---------------------------------------------------------------------------------
Loading part: xcku5p-ffvb676-2-e
INFO: [Synth 8-6742] Reading net delay rules and data
---------------------------------------------------------------------------------
Finished Loading Part and Timing Information : Time (s): cpu = 00:06:08 ; elapsed = 00:05:33 . Memory (MB): peak = 8560.688 ; gain = 5908.797 ; free physical = 115969 ; free virtual = 136601
---------------------------------------------------------------------------------
---------------------------------------------------------------------------------
Start Applying 'set_property' XDC Constraints
---------------------------------------------------------------------------------
---------------------------------------------------------------------------------
Finished applying 'set_property' XDC Constraints : Time (s): cpu = 00:06:08 ; elapsed = 00:05:34 . Memory (MB): peak = 8560.688 ; gain = 5908.797 ; free physical = 115950 ; free virtual = 136581
---------------------------------------------------------------------------------
