
****** Vivado v2025.2 (64-bit)
  **** SW Build 6299465 on Fri Nov 14 12:34:56 MST 2025
  **** IP Build 6300035 on Fri Nov 14 10:48:45 MST 2025
  **** SharedData Build 6298862 on Thu Nov 13 04:50:51 MST 2025
  **** Start of session at: Mon Sep  7 15:11:57 2026
    ** Copyright 1986-2022 Xilinx, Inc. All Rights Reserved.
    ** Copyright 2022-2025 Advanced Micro Devices, Inc. All Rights Reserved.

source /home/zg366/packet-scheduling-shared-synthesis/pifo-hardware/synthesis/vivado_synth.tcl
# if {$argc < 5 || $argc > 7} {
#     error {Expected BUILD_DIR PART THREADS CLOCK_PERIOD_NS PREPARE_ONLY [DIRECTIVE] [ALLOW_OVER_CAPACITY]}
# }
# lassign $argv build_dir part threads period prepare_only directive allow_over_capacity
# if {$directive eq ""} { set directive default }
# if {$allow_over_capacity eq ""} { set allow_over_capacity 0 }
# set build_dir [file normalize $build_dir]
# set rtl_dir [file join $build_dir rtl]
# set report_dir [file join $build_dir reports]
# file mkdir $report_dir
# if {[llength [get_parts -quiet $part]] != 1} {
#     error "Target part is not installed: $part"
# }
# puts "PIFO_VIVADO_VERSION: [version -short]"
PIFO_VIVADO_VERSION: 2025.2
# puts "PIFO_VIVADO_PART: $part"
PIFO_VIVADO_PART: xcku5p-ffvb676-2-e
# set_param general.maxThreads $threads
# create_project -in_memory -part $part
# cd $rtl_dir
# read_verilog -sv [glob -directory $rtl_dir *.v *.sv]
# set xdc [file join $build_dir pifo.xdc]
# set constraints [open $xdc w]
# puts $constraints "create_clock -name clk -period $period \[get_ports clk\]"
# puts $constraints {set_false_path -from [get_ports reset]}
# close $constraints
# read_xdc $xdc
# if {$prepare_only} {
#     puts "PIFO_PREPARED: $build_dir"
#     exit 0
# }
# if {$allow_over_capacity} {
#     # This version-specific Tcl hook skips only the pre-mapping device-capacity
#     # gate. The RTL, target, optimization passes, and reported device capacities
#     # remain unchanged. The resulting netlist can exceed the physical device.
#     # Verified on Vivado 2025.2 with an oversized RAM and an unchanged smaller
#     # control design; see experiment-results/hardware-overhead/diagnostics.
#     puts "PIFO_ESTIMATION_ONLY: device-capacity check disabled; no implementation or fit claim"
#     set_param synth.elaboration.rodinMoreOptions {if {[llength [info commands rt::pifo_device_capacity_check]] == 0} {rename rt::check_resource rt::pifo_device_capacity_check}; proc rt::check_resource {args} {puts "PIFO_DEVICE_CAPACITY_CHECK_SKIPPED: $args"; return 1}}
# }
PIFO_ESTIMATION_ONLY: device-capacity check disabled; no implementation or fit claim
# synth_design -top PifoMesh -part $part -mode out_of_context -flatten_hierarchy rebuilt -directive $directive
Command: synth_design -top PifoMesh -part xcku5p-ffvb676-2-e -mode out_of_context -flatten_hierarchy rebuilt -directive RuntimeOptimized
Starting synth_design
Attempting to get a license for feature 'Synthesis' and/or device 'xcku5p'
INFO: [Common 17-349] Got license for feature 'Synthesis' and/or device 'xcku5p'
INFO: [Device 21-403] Loading part xcku5p-ffvb676-2-e
INFO: [Synth 8-7079] Multithreading enabled for synth_design using a maximum of 7 processes.
INFO: [Synth 8-7078] Launching helper process for spawning children vivado processes
INFO: [Synth 8-7075] Helper process launched with PID 441505
---------------------------------------------------------------------------------
Starting RTL Elaboration : Time (s): cpu = 00:00:04 ; elapsed = 00:00:04 . Memory (MB): peak = 2834.121 ; gain = 181.688 ; free physical = 83766 ; free virtual = 118146
---------------------------------------------------------------------------------
INFO: [Synth 8-6157] synthesizing module 'PifoMesh' [/data/work/rio-synthesis/shared-fifo-34e35d2/pifo-house-v512-c1024-vivado/rtl/PifoMesh.v:7]
INFO: [Synth 8-6157] synthesizing module 'ConcurrentPifoRTL' [/data/work/rio-synthesis/shared-fifo-34e35d2/pifo-house-v512-c1024-vivado/rtl/PifoMesh.v:96]
INFO: [Synth 8-6157] synthesizing module 'priority_encode_log' [/data/work/rio-synthesis/shared-fifo-34e35d2/pifo-house-v512-c1024-vivado/rtl/priority_encode_log.v:1]
	Parameter width bound to: 1024 - type: integer 
	Parameter log_width bound to: 10 - type: integer 
INFO: [Synth 8-6155] done synthesizing module 'priority_encode_log' (0#1) [/data/work/rio-synthesis/shared-fifo-34e35d2/pifo-house-v512-c1024-vivado/rtl/priority_encode_log.v:1]
INFO: [Synth 8-6155] done synthesizing module 'ConcurrentPifoRTL' (0#1) [/data/work/rio-synthesis/shared-fifo-34e35d2/pifo-house-v512-c1024-vivado/rtl/PifoMesh.v:96]
INFO: [Synth 8-6155] done synthesizing module 'PifoMesh' (0#1) [/data/work/rio-synthesis/shared-fifo-34e35d2/pifo-house-v512-c1024-vivado/rtl/PifoMesh.v:7]
WARNING: [Synth 8-3936] Found unconnected internal register 'genblk1[9].part_idx_reg[9]' and it is trimmed from '1024' to '11' bits. [/data/work/rio-synthesis/shared-fifo-34e35d2/pifo-house-v512-c1024-vivado/rtl/priority_encode_log.v:33]
WARNING: [Synth 8-3936] Found unconnected internal register 'genblk1[8].part_idx_reg[8]' and it is trimmed from '1024' to '522' bits. [/data/work/rio-synthesis/shared-fifo-34e35d2/pifo-house-v512-c1024-vivado/rtl/priority_encode_log.v:33]
WARNING: [Synth 8-3936] Found unconnected internal register 'genblk1[7].part_idx_reg[7]' and it is trimmed from '1024' to '777' bits. [/data/work/rio-synthesis/shared-fifo-34e35d2/pifo-house-v512-c1024-vivado/rtl/priority_encode_log.v:33]
WARNING: [Synth 8-3936] Found unconnected internal register 'genblk1[6].part_idx_reg[6]' and it is trimmed from '1024' to '904' bits. [/data/work/rio-synthesis/shared-fifo-34e35d2/pifo-house-v512-c1024-vivado/rtl/priority_encode_log.v:33]
WARNING: [Synth 8-3936] Found unconnected internal register 'genblk1[5].part_idx_reg[5]' and it is trimmed from '1024' to '967' bits. [/data/work/rio-synthesis/shared-fifo-34e35d2/pifo-house-v512-c1024-vivado/rtl/priority_encode_log.v:33]
WARNING: [Synth 8-3936] Found unconnected internal register 'genblk1[4].part_idx_reg[4]' and it is trimmed from '1024' to '998' bits. [/data/work/rio-synthesis/shared-fifo-34e35d2/pifo-house-v512-c1024-vivado/rtl/priority_encode_log.v:33]
WARNING: [Synth 8-3936] Found unconnected internal register 'genblk1[3].part_idx_reg[3]' and it is trimmed from '1024' to '1013' bits. [/data/work/rio-synthesis/shared-fifo-34e35d2/pifo-house-v512-c1024-vivado/rtl/priority_encode_log.v:33]
WARNING: [Synth 8-3936] Found unconnected internal register 'genblk1[2].part_idx_reg[2]' and it is trimmed from '1024' to '1020' bits. [/data/work/rio-synthesis/shared-fifo-34e35d2/pifo-house-v512-c1024-vivado/rtl/priority_encode_log.v:33]
WARNING: [Synth 8-3936] Found unconnected internal register 'genblk1[1].part_idx_reg[1]' and it is trimmed from '1024' to '1023' bits. [/data/work/rio-synthesis/shared-fifo-34e35d2/pifo-house-v512-c1024-vivado/rtl/priority_encode_log.v:33]
WARNING: [Synth 8-7129] Port clk in module priority_encode_log is either unconnected or has no load
WARNING: [Synth 8-7129] Port rst in module priority_encode_log is either unconnected or has no load
WARNING: [Synth 8-7129] Port io_push2_valid in module PifoMesh is either unconnected or has no load
WARNING: [Synth 8-7129] Port io_push2_payload_priority[7] in module PifoMesh is either unconnected or has no load
WARNING: [Synth 8-7129] Port io_push2_payload_priority[6] in module PifoMesh is either unconnected or has no load
WARNING: [Synth 8-7129] Port io_push2_payload_priority[5] in module PifoMesh is either unconnected or has no load
WARNING: [Synth 8-7129] Port io_push2_payload_priority[4] in module PifoMesh is either unconnected or has no load
WARNING: [Synth 8-7129] Port io_push2_payload_priority[3] in module PifoMesh is either unconnected or has no load
WARNING: [Synth 8-7129] Port io_push2_payload_priority[2] in module PifoMesh is either unconnected or has no load
WARNING: [Synth 8-7129] Port io_push2_payload_priority[1] in module PifoMesh is either unconnected or has no load
WARNING: [Synth 8-7129] Port io_push2_payload_priority[0] in module PifoMesh is either unconnected or has no load
WARNING: [Synth 8-7129] Port io_push2_payload_data[11] in module PifoMesh is either unconnected or has no load
WARNING: [Synth 8-7129] Port io_push2_payload_data[10] in module PifoMesh is either unconnected or has no load
WARNING: [Synth 8-7129] Port io_push2_payload_data[9] in module PifoMesh is either unconnected or has no load
WARNING: [Synth 8-7129] Port io_push2_payload_data[8] in module PifoMesh is either unconnected or has no load
WARNING: [Synth 8-7129] Port io_push2_payload_data[7] in module PifoMesh is either unconnected or has no load
WARNING: [Synth 8-7129] Port io_push2_payload_data[6] in module PifoMesh is either unconnected or has no load
WARNING: [Synth 8-7129] Port io_push2_payload_data[5] in module PifoMesh is either unconnected or has no load
WARNING: [Synth 8-7129] Port io_push2_payload_data[4] in module PifoMesh is either unconnected or has no load
WARNING: [Synth 8-7129] Port io_push2_payload_data[3] in module PifoMesh is either unconnected or has no load
WARNING: [Synth 8-7129] Port io_push2_payload_data[2] in module PifoMesh is either unconnected or has no load
WARNING: [Synth 8-7129] Port io_push2_payload_data[1] in module PifoMesh is either unconnected or has no load
WARNING: [Synth 8-7129] Port io_push2_payload_data[0] in module PifoMesh is either unconnected or has no load
WARNING: [Synth 8-7129] Port io_push2_payload_port[8] in module PifoMesh is either unconnected or has no load
WARNING: [Synth 8-7129] Port io_push2_payload_port[7] in module PifoMesh is either unconnected or has no load
WARNING: [Synth 8-7129] Port io_push2_payload_port[6] in module PifoMesh is either unconnected or has no load
WARNING: [Synth 8-7129] Port io_push2_payload_port[5] in module PifoMesh is either unconnected or has no load
WARNING: [Synth 8-7129] Port io_push2_payload_port[4] in module PifoMesh is either unconnected or has no load
WARNING: [Synth 8-7129] Port io_push2_payload_port[3] in module PifoMesh is either unconnected or has no load
WARNING: [Synth 8-7129] Port io_push2_payload_port[2] in module PifoMesh is either unconnected or has no load
WARNING: [Synth 8-7129] Port io_push2_payload_port[1] in module PifoMesh is either unconnected or has no load
WARNING: [Synth 8-7129] Port io_push2_payload_port[0] in module PifoMesh is either unconnected or has no load
---------------------------------------------------------------------------------
Finished RTL Elaboration : Time (s): cpu = 00:00:46 ; elapsed = 00:00:48 . Memory (MB): peak = 4300.270 ; gain = 1647.836 ; free physical = 81563 ; free virtual = 115960
---------------------------------------------------------------------------------
---------------------------------------------------------------------------------
Start Handling Custom Attributes
---------------------------------------------------------------------------------
---------------------------------------------------------------------------------
Finished Handling Custom Attributes : Time (s): cpu = 00:00:47 ; elapsed = 00:00:48 . Memory (MB): peak = 4300.270 ; gain = 1647.836 ; free physical = 81559 ; free virtual = 115955
---------------------------------------------------------------------------------
---------------------------------------------------------------------------------
Finished RTL Optimization Phase 1 : Time (s): cpu = 00:00:47 ; elapsed = 00:00:48 . Memory (MB): peak = 4300.270 ; gain = 1647.836 ; free physical = 81559 ; free virtual = 115955
---------------------------------------------------------------------------------
Netlist sorting complete. Time (s): cpu = 00:00:06 ; elapsed = 00:00:06 . Memory (MB): peak = 4436.574 ; gain = 16.305 ; free physical = 88231 ; free virtual = 122657
INFO: [Project 1-570] Preparing netlist for logic optimization

Processing XDC Constraints
Initializing timing engine
Parsing XDC File [/data/work/rio-synthesis/shared-fifo-34e35d2/pifo-house-v512-c1024-vivado/pifo.xdc]
Finished Parsing XDC File [/data/work/rio-synthesis/shared-fifo-34e35d2/pifo-house-v512-c1024-vivado/pifo.xdc]
Completed Processing XDC Constraints

Netlist sorting complete. Time (s): cpu = 00:00:00.03 ; elapsed = 00:00:00.03 . Memory (MB): peak = 5224.492 ; gain = 0.000 ; free physical = 76963 ; free virtual = 112435
INFO: [Project 1-111] Unisim Transformation Summary:
No Unisim elements were transformed.

---------------------------------------------------------------------------------
Finished Constraint Validation : Time (s): cpu = 00:01:51 ; elapsed = 00:01:48 . Memory (MB): peak = 5236.414 ; gain = 2583.980 ; free physical = 49233 ; free virtual = 84842
---------------------------------------------------------------------------------
---------------------------------------------------------------------------------
Start Loading Part and Timing Information
---------------------------------------------------------------------------------
Loading part: xcku5p-ffvb676-2-e
INFO: [Synth 8-6742] Reading net delay rules and data
---------------------------------------------------------------------------------
Finished Loading Part and Timing Information : Time (s): cpu = 00:01:51 ; elapsed = 00:01:48 . Memory (MB): peak = 5240.500 ; gain = 2588.066 ; free physical = 49231 ; free virtual = 84840
---------------------------------------------------------------------------------
---------------------------------------------------------------------------------
Start Applying 'set_property' XDC Constraints
---------------------------------------------------------------------------------
---------------------------------------------------------------------------------
Finished applying 'set_property' XDC Constraints : Time (s): cpu = 00:01:51 ; elapsed = 00:01:48 . Memory (MB): peak = 5240.500 ; gain = 2588.066 ; free physical = 49146 ; free virtual = 84756
---------------------------------------------------------------------------------
---------------------------------------------------------------------------------
Finished RTL Optimization Phase 2 : Time (s): cpu = 00:03:18 ; elapsed = 00:03:18 . Memory (MB): peak = 5248.504 ; gain = 2596.070 ; free physical = 63633 ; free virtual = 98137
---------------------------------------------------------------------------------
---------------------------------------------------------------------------------
Start RTL Component Statistics 
---------------------------------------------------------------------------------
Detailed RTL Component Info : 
+---Adders : 
	   4 Input   11 Bit       Adders := 1     
	   3 Input   11 Bit       Adders := 1     
	   2 Input   11 Bit       Adders := 1     
+---Registers : 
	               12 Bit    Registers := 1025  
	                9 Bit    Registers := 1028  
	                8 Bit    Registers := 1025  
	                1 Bit    Registers := 5     
+---Muxes : 
	   2 Input   12 Bit        Muxes := 5116  
	   2 Input   11 Bit        Muxes := 1     
	   2 Input    9 Bit        Muxes := 5119  
	   2 Input    8 Bit        Muxes := 5123  
	   2 Input    7 Bit        Muxes := 12    
	   2 Input    6 Bit        Muxes := 24    
	   2 Input    5 Bit        Muxes := 48    
	   2 Input    4 Bit        Muxes := 96    
	   2 Input    3 Bit        Muxes := 192   
	   2 Input    2 Bit        Muxes := 384   
	   2 Input    1 Bit        Muxes := 2819  
---------------------------------------------------------------------------------
Finished RTL Component Statistics 
---------------------------------------------------------------------------------
---------------------------------------------------------------------------------
Start Part Resource Summary
---------------------------------------------------------------------------------
Part Resources:
DSPs: 1824 (col length:96)
BRAMs: 960 (col length: RAMB18 96 RAMB36 48)
---------------------------------------------------------------------------------
Finished Part Resource Summary
---------------------------------------------------------------------------------
---------------------------------------------------------------------------------
Start Cross Boundary and Area Optimization
---------------------------------------------------------------------------------
---------------------------------------------------------------------------------
Finished Cross Boundary and Area Optimization : Time (s): cpu = 00:04:12 ; elapsed = 00:04:13 . Memory (MB): peak = 5260.430 ; gain = 2607.996 ; free physical = 60546 ; free virtual = 95060
---------------------------------------------------------------------------------
PIFO_DEVICE_CAPACITY_CHECK_SKIPPED: -checkfordsp
PIFO_DEVICE_CAPACITY_CHECK_SKIPPED: -checkforuram
PIFO_DEVICE_CAPACITY_CHECK_SKIPPED: -checkforram
---------------------------------------------------------------------------------
Start Applying XDC Timing Constraints
---------------------------------------------------------------------------------
---------------------------------------------------------------------------------
Finished Applying XDC Timing Constraints : Time (s): cpu = 00:05:47 ; elapsed = 00:04:28 . Memory (MB): peak = 5348.059 ; gain = 2695.625 ; free physical = 61117 ; free virtual = 95653
---------------------------------------------------------------------------------
---------------------------------------------------------------------------------
Start Technology Mapping
---------------------------------------------------------------------------------
---------------------------------------------------------------------------------
Finished Technology Mapping : Time (s): cpu = 00:06:32 ; elapsed = 00:05:18 . Memory (MB): peak = 5359.984 ; gain = 2707.551 ; free physical = 57972 ; free virtual = 92521
---------------------------------------------------------------------------------
---------------------------------------------------------------------------------
Start IO Insertion
---------------------------------------------------------------------------------
---------------------------------------------------------------------------------
Start Flattening Before IO Insertion
---------------------------------------------------------------------------------
---------------------------------------------------------------------------------
Finished Flattening Before IO Insertion
---------------------------------------------------------------------------------
---------------------------------------------------------------------------------
Start Final Netlist Cleanup
---------------------------------------------------------------------------------
---------------------------------------------------------------------------------
Finished Final Netlist Cleanup
---------------------------------------------------------------------------------
---------------------------------------------------------------------------------
Finished IO Insertion : Time (s): cpu = 00:07:02 ; elapsed = 00:05:48 . Memory (MB): peak = 5359.984 ; gain = 2707.551 ; free physical = 57369 ; free virtual = 92350
---------------------------------------------------------------------------------
---------------------------------------------------------------------------------
Start Renaming Generated Instances
---------------------------------------------------------------------------------
---------------------------------------------------------------------------------
Finished Renaming Generated Instances : Time (s): cpu = 00:07:02 ; elapsed = 00:05:49 . Memory (MB): peak = 5359.984 ; gain = 2707.551 ; free physical = 56916 ; free virtual = 92338
---------------------------------------------------------------------------------
---------------------------------------------------------------------------------
Start Rebuilding User Hierarchy
---------------------------------------------------------------------------------
---------------------------------------------------------------------------------
Finished Rebuilding User Hierarchy : Time (s): cpu = 00:07:07 ; elapsed = 00:05:54 . Memory (MB): peak = 5359.984 ; gain = 2707.551 ; free physical = 56036 ; free virtual = 92316
---------------------------------------------------------------------------------
---------------------------------------------------------------------------------
Start Renaming Generated Ports
---------------------------------------------------------------------------------
---------------------------------------------------------------------------------
Finished Renaming Generated Ports : Time (s): cpu = 00:07:07 ; elapsed = 00:05:54 . Memory (MB): peak = 5359.984 ; gain = 2707.551 ; free physical = 56036 ; free virtual = 92316
---------------------------------------------------------------------------------
---------------------------------------------------------------------------------
Start Handling Custom Attributes
---------------------------------------------------------------------------------
---------------------------------------------------------------------------------
Finished Handling Custom Attributes : Time (s): cpu = 00:07:08 ; elapsed = 00:05:55 . Memory (MB): peak = 5359.984 ; gain = 2707.551 ; free physical = 56034 ; free virtual = 92315
---------------------------------------------------------------------------------
---------------------------------------------------------------------------------
Start Renaming Generated Nets
---------------------------------------------------------------------------------
---------------------------------------------------------------------------------
Finished Renaming Generated Nets : Time (s): cpu = 00:07:08 ; elapsed = 00:05:55 . Memory (MB): peak = 5359.984 ; gain = 2707.551 ; free physical = 55854 ; free virtual = 92319
---------------------------------------------------------------------------------
---------------------------------------------------------------------------------
Start Writing Synthesis Report
---------------------------------------------------------------------------------

Report BlackBoxes: 
+-+--------------+----------+
| |BlackBox name |Instances |
+-+--------------+----------+
+-+--------------+----------+

Report Cell Usage: 
+------+-------+------+
|      |Cell   |Count |
+------+-------+------+
|1     |CARRY8 |  2048|
|2     |LUT1   |    41|
|3     |LUT2   |  1860|
|4     |LUT3   | 22672|
|5     |LUT4   | 11586|
|6     |LUT5   | 50212|
|7     |LUT6   | 48773|
|8     |MUXF7  |  2983|
|9     |MUXF8  |  1414|
|10    |FDCE   |    86|
|11    |FDRE   | 29727|
+------+-------+------+
---------------------------------------------------------------------------------
Finished Writing Synthesis Report : Time (s): cpu = 00:07:09 ; elapsed = 00:05:55 . Memory (MB): peak = 5359.984 ; gain = 2707.551 ; free physical = 55764 ; free virtual = 92312
---------------------------------------------------------------------------------
Synthesis finished with 0 errors, 0 critical warnings and 0 warnings.
Synthesis Optimization Runtime : Time (s): cpu = 00:06:17 ; elapsed = 00:05:12 . Memory (MB): peak = 5359.984 ; gain = 1771.406 ; free physical = 65912 ; free virtual = 103434
Synthesis Optimization Complete : Time (s): cpu = 00:07:09 ; elapsed = 00:06:00 . Memory (MB): peak = 5359.984 ; gain = 2707.551 ; free physical = 65919 ; free virtual = 103421
INFO: [Project 1-571] Translating synthesized netlist
Netlist sorting complete. Time (s): cpu = 00:00:01 ; elapsed = 00:00:01 . Memory (MB): peak = 5359.984 ; gain = 0.000 ; free physical = 64266 ; free virtual = 103401
INFO: [Netlist 29-17] Analyzing 6445 Unisim elements for replacement
INFO: [Netlist 29-28] Unisim Transformation completed in 0 CPU seconds
WARNING: [Netlist 29-101] Netlist 'PifoMesh' is not ideal for floorplanning, since the cellview 'ConcurrentPifoRTL' contains a large number of primitives.  Please consider enabling hierarchy in synthesis if you want to do floorplanning.
INFO: [Project 1-570] Preparing netlist for logic optimization
Parsing XDC File [/data/work/rio-synthesis/shared-fifo-34e35d2/pifo-house-v512-c1024-vivado/pifo.xdc]
Finished Parsing XDC File [/data/work/rio-synthesis/shared-fifo-34e35d2/pifo-house-v512-c1024-vivado/pifo.xdc]
INFO: [Opt 31-138] Pushed 0 inverter(s) to 0 load pin(s).
Netlist sorting complete. Time (s): cpu = 00:00:00.05 ; elapsed = 00:00:00.06 . Memory (MB): peak = 5359.984 ; gain = 0.000 ; free physical = 63921 ; free virtual = 103322
INFO: [Project 1-111] Unisim Transformation Summary:
No Unisim elements were transformed.

Synth Design complete | Checksum: d8128082
INFO: [Common 17-83] Releasing license: Synthesis
21 Infos, 42 Warnings, 0 Critical Warnings and 0 Errors encountered.
synth_design completed successfully
synth_design: Time (s): cpu = 00:07:47 ; elapsed = 00:06:37 . Memory (MB): peak = 5359.984 ; gain = 3774.598 ; free physical = 64771 ; free virtual = 103315
INFO: [Common 17-2834] synth_design peak Physical Memory [PSS] (MB): overall = 13002.845; main = 4169.905; forked = 8888.490
INFO: [Common 17-2834] synth_design peak Virtual Memory [VSS] (MB): overall = 22235.336; main = 5356.070; forked = 16978.824
# write_checkpoint -force [file join $build_dir pifo_synth.dcp]
INFO: [Timing 38-35] Done setting XDC timing constraints.
INFO: [Timing 38-480] Writing timing data to binary archive.
Write ShapeDB Complete: Time (s): cpu = 00:00:00.96 ; elapsed = 00:00:00.24 . Memory (MB): peak = 5436.102 ; gain = 0.000 ; free physical = 65556 ; free virtual = 103256
INFO: [Common 17-1381] The checkpoint '/data/work/rio-synthesis/shared-fifo-34e35d2/pifo-house-v512-c1024-vivado/pifo_synth.dcp' has been generated.
write_checkpoint: Time (s): cpu = 00:00:35 ; elapsed = 00:00:21 . Memory (MB): peak = 5436.102 ; gain = 76.117 ; free physical = 65602 ; free virtual = 103311
# report_utilization -file [file join $report_dir utilization.rpt]
# report_utilization -hierarchical -hierarchical_depth 5 -file [file join $report_dir utilization-hierarchy.rpt]
# report_ram_utilization -file [file join $report_dir ram-utilization.rpt]
report_ram_utilization: Time (s): cpu = 00:00:00 ; elapsed = 00:00:00 . Memory (MB): peak = 5436.102 ; gain = 0.000 ; free physical = 65597 ; free virtual = 103306
# set blackboxes [get_cells -hierarchical -quiet -filter {IS_BLACKBOX == 1}]
# if {[llength $blackboxes] != 0} {
#     error "Unresolved blackboxes after synthesis: $blackboxes"
# }
# set primitive_counts [dict create]
# foreach cell [get_cells -hierarchical -quiet -filter {IS_PRIMITIVE == 1}] {
#     dict incr primitive_counts [get_property REF_NAME $cell]
# }
# set counts [open [file join $report_dir primitive-counts.tsv] w]
# puts $counts "primitive\tcount"
# foreach name [lsort [dict keys $primitive_counts]] {
#     puts $counts "$name\t[dict get $primitive_counts $name]"
# }
# close $counts
# set complete [open [file join $build_dir synthesis_complete.txt] w]
# puts $complete "Vivado [version -short]; $part; PifoMesh; out_of_context; [clock format [clock seconds]]"
# close $complete
# puts "PIFO_SYNTHESIS_COMPLETE: $report_dir"
PIFO_SYNTHESIS_COMPLETE: /data/work/rio-synthesis/shared-fifo-34e35d2/pifo-house-v512-c1024-vivado/reports
INFO: [Common 17-206] Exiting Vivado at Mon Sep  7 15:19:10 2026...
