Copyright 1986-2022 Xilinx, Inc. All Rights Reserved. Copyright 2022-2025 Advanced Micro Devices, Inc. All Rights Reserved.
-----------------------------------------------------------------------------------------------------------------------------------------------------------------------------------------------
| Tool Version : Vivado v.2025.2 (lin64) Build 6299465 Fri Nov 14 12:34:56 MST 2025
| Date         : Mon Sep  7 14:34:39 2026
| Host         : netarch-cxl.ece.cornell.edu running 64-bit Ubuntu 24.04.4 LTS
| Command      : report_utilization -hierarchical -hierarchical_depth 5 -file /data/work/rio-synthesis/shared-fifo-34e35d2/pe5-v256-c1024-q256-replay-vivado/reports/utilization-hierarchy.rpt
| Design       : PifoMesh
| Device       : xcku5p-ffvb676-2-e
| Speed File   : -2
| Design State : Synthesized
-----------------------------------------------------------------------------------------------------------------------------------------------------------------------------------------------

Utilization Design Information

Table of Contents
-----------------
1. Utilization by Hierarchy

1. Utilization by Hierarchy
---------------------------

+--------------------------------------------------+-----------------------------+------------+------------+---------+------+-------+--------+--------+------+------------+
|                     Instance                     |            Module           | Total LUTs | Logic LUTs | LUTRAMs | SRLs |  FFs  | RAMB36 | RAMB18 | URAM | DSP Blocks |
+--------------------------------------------------+-----------------------------+------------+------------+---------+------+-------+--------+--------+------+------------+
| PifoMesh                                         |                       (top) |      32326 |      31218 |    1108 |    0 | 18845 |   2881 |      5 |    0 |          0 |
|   (PifoMesh)                                     |                       (top) |          1 |          1 |       0 |    0 |    34 |      0 |      0 |    0 |          0 |
|   guard                                          |                  DrainGuard |       3523 |       3523 |       0 |    0 |  2560 |      0 |      0 |    0 |          0 |
|   pifoEngines_0                                  |                  PifoEngine |       5096 |       4884 |     212 |    0 |  3169 |    576 |      1 |    0 |          0 |
|     enque_flowIdStream_fifo                      |  StreamFifoLowLatency_13_94 |        160 |        152 |       8 |    0 |     4 |      0 |      0 |    0 |          0 |
|       fifo                                       |             StreamFifo_6_97 |        160 |        152 |       8 |    0 |     4 |      0 |      0 |    0 |          0 |
|     deque_dequeMapper                            |              ReplayMapper_1 |        108 |        108 |       0 |    0 |    12 |    320 |      0 |    0 |          0 |
|     deque_existingPop_fork                       |             StreamFork_2_92 |        328 |        328 |       0 |    0 |     2 |      0 |      0 |    0 |          0 |
|     deque_frontRewrite                           |        FrontRewriteTable_93 |       2864 |       2864 |       0 |    0 |  3072 |      0 |      0 |    0 |          0 |
|     enque_brain                                  |                   PIFOBrain |       1247 |       1123 |     124 |    0 |    51 |    256 |      1 |    0 |          0 |
|       lastVirtualMapper_io_readRes_toStream_fifo | StreamFifoLowLatency_11_105 |         56 |         48 |       8 |    0 |     4 |      0 |      0 |    0 |          0 |
|         fifo                                     |           StreamFifo_12_106 |         56 |         48 |       8 |    0 |     4 |      0 |      0 |    0 |          0 |
|       engineCAM                                  |                    Mapper_2 |        126 |        126 |       0 |    0 |     6 |    256 |      0 |    0 |          0 |
|       flowStateUpdate_toStream_fifo              |  StreamFifoLowLatency_6_102 |        840 |        824 |      16 |    0 |     4 |      0 |      0 |    0 |          0 |
|         fifo                                     |            StreamFifo_7_108 |        840 |        824 |      16 |    0 |     4 |      0 |      0 |    0 |          0 |
|     enque_enqueMapper                            |                ReplayMapper |        381 |        301 |      80 |    0 |    19 |      0 |      0 |    0 |          0 |
|   pifoEngines_1                                  |                PifoEngine_1 |       5097 |       4885 |     212 |    0 |  3169 |    576 |      1 |    0 |          0 |
|     enque_flowIdStream_fifo                      |  StreamFifoLowLatency_13_72 |        160 |        152 |       8 |    0 |     4 |      0 |      0 |    0 |          0 |
|       fifo                                       |             StreamFifo_6_75 |        160 |        152 |       8 |    0 |     4 |      0 |      0 |    0 |          0 |
|     deque_dequeMapper                            |              ReplayMapper_3 |        108 |        108 |       0 |    0 |    12 |    320 |      0 |    0 |          0 |
|     deque_existingPop_fork                       |             StreamFork_2_70 |        328 |        328 |       0 |    0 |     2 |      0 |      0 |    0 |          0 |
|     deque_frontRewrite                           |        FrontRewriteTable_71 |       2865 |       2865 |       0 |    0 |  3072 |      0 |      0 |    0 |          0 |
|     enque_brain                                  |                 PIFOBrain_1 |       1247 |       1123 |     124 |    0 |    51 |    256 |      1 |    0 |          0 |
|       lastVirtualMapper_io_readRes_toStream_fifo |  StreamFifoLowLatency_11_83 |         56 |         48 |       8 |    0 |     4 |      0 |      0 |    0 |          0 |
|         fifo                                     |            StreamFifo_12_84 |         56 |         48 |       8 |    0 |     4 |      0 |      0 |    0 |          0 |
|       engineCAM                                  |                    Mapper_6 |        126 |        126 |       0 |    0 |     6 |    256 |      0 |    0 |          0 |
|       flowStateUpdate_toStream_fifo              |   StreamFifoLowLatency_6_80 |        840 |        824 |      16 |    0 |     4 |      0 |      0 |    0 |          0 |
|         fifo                                     |             StreamFifo_7_86 |        840 |        824 |      16 |    0 |     4 |      0 |      0 |    0 |          0 |
|     enque_enqueMapper                            |              ReplayMapper_2 |        381 |        301 |      80 |    0 |    19 |      0 |      0 |    0 |          0 |
|   pifoEngines_2                                  |                PifoEngine_2 |       5097 |       4885 |     212 |    0 |  3169 |    576 |      1 |    0 |          0 |
|     enque_flowIdStream_fifo                      |  StreamFifoLowLatency_13_50 |        160 |        152 |       8 |    0 |     4 |      0 |      0 |    0 |          0 |
|       fifo                                       |             StreamFifo_6_53 |        160 |        152 |       8 |    0 |     4 |      0 |      0 |    0 |          0 |
|     deque_dequeMapper                            |              ReplayMapper_5 |        108 |        108 |       0 |    0 |    12 |    320 |      0 |    0 |          0 |
|     deque_existingPop_fork                       |             StreamFork_2_48 |        328 |        328 |       0 |    0 |     2 |      0 |      0 |    0 |          0 |
|     deque_frontRewrite                           |        FrontRewriteTable_49 |       2865 |       2865 |       0 |    0 |  3072 |      0 |      0 |    0 |          0 |
|     enque_brain                                  |                 PIFOBrain_2 |       1247 |       1123 |     124 |    0 |    51 |    256 |      1 |    0 |          0 |
|       lastVirtualMapper_io_readRes_toStream_fifo |  StreamFifoLowLatency_11_61 |         56 |         48 |       8 |    0 |     4 |      0 |      0 |    0 |          0 |
|         fifo                                     |            StreamFifo_12_62 |         56 |         48 |       8 |    0 |     4 |      0 |      0 |    0 |          0 |
|       engineCAM                                  |                   Mapper_10 |        126 |        126 |       0 |    0 |     6 |    256 |      0 |    0 |          0 |
|       flowStateUpdate_toStream_fifo              |   StreamFifoLowLatency_6_58 |        840 |        824 |      16 |    0 |     4 |      0 |      0 |    0 |          0 |
|         fifo                                     |             StreamFifo_7_64 |        840 |        824 |      16 |    0 |     4 |      0 |      0 |    0 |          0 |
|     enque_enqueMapper                            |              ReplayMapper_4 |        381 |        301 |      80 |    0 |    19 |      0 |      0 |    0 |          0 |
|   pifoEngines_3                                  |                PifoEngine_3 |       5096 |       4884 |     212 |    0 |  3169 |    576 |      1 |    0 |          0 |
|     enque_flowIdStream_fifo                      |  StreamFifoLowLatency_13_28 |        160 |        152 |       8 |    0 |     4 |      0 |      0 |    0 |          0 |
|       fifo                                       |             StreamFifo_6_31 |        160 |        152 |       8 |    0 |     4 |      0 |      0 |    0 |          0 |
|     deque_dequeMapper                            |              ReplayMapper_7 |        108 |        108 |       0 |    0 |    12 |    320 |      0 |    0 |          0 |
|     deque_existingPop_fork                       |             StreamFork_2_26 |        328 |        328 |       0 |    0 |     2 |      0 |      0 |    0 |          0 |
|     deque_frontRewrite                           |        FrontRewriteTable_27 |       2864 |       2864 |       0 |    0 |  3072 |      0 |      0 |    0 |          0 |
|     enque_brain                                  |                 PIFOBrain_3 |       1247 |       1123 |     124 |    0 |    51 |    256 |      1 |    0 |          0 |
|       lastVirtualMapper_io_readRes_toStream_fifo |  StreamFifoLowLatency_11_39 |         56 |         48 |       8 |    0 |     4 |      0 |      0 |    0 |          0 |
|         fifo                                     |            StreamFifo_12_40 |         56 |         48 |       8 |    0 |     4 |      0 |      0 |    0 |          0 |
|       engineCAM                                  |                   Mapper_14 |        126 |        126 |       0 |    0 |     6 |    256 |      0 |    0 |          0 |
|       flowStateUpdate_toStream_fifo              |   StreamFifoLowLatency_6_36 |        840 |        824 |      16 |    0 |     4 |      0 |      0 |    0 |          0 |
|         fifo                                     |             StreamFifo_7_42 |        840 |        824 |      16 |    0 |     4 |      0 |      0 |    0 |          0 |
|     enque_enqueMapper                            |              ReplayMapper_6 |        381 |        301 |      80 |    0 |    19 |      0 |      0 |    0 |          0 |
|   pifoEngines_4                                  |                PifoEngine_4 |       5096 |       4884 |     212 |    0 |  3169 |    576 |      1 |    0 |          0 |
|     enque_flowIdStream_fifo                      |     StreamFifoLowLatency_13 |        160 |        152 |       8 |    0 |     4 |      0 |      0 |    0 |          0 |
|       fifo                                       |                StreamFifo_6 |        160 |        152 |       8 |    0 |     4 |      0 |      0 |    0 |          0 |
|     deque_dequeMapper                            |              ReplayMapper_9 |        108 |        108 |       0 |    0 |    12 |    320 |      0 |    0 |          0 |
|     deque_existingPop_fork                       |                StreamFork_2 |        328 |        328 |       0 |    0 |     2 |      0 |      0 |    0 |          0 |
|     deque_frontRewrite                           |           FrontRewriteTable |       2864 |       2864 |       0 |    0 |  3072 |      0 |      0 |    0 |          0 |
|     enque_brain                                  |                 PIFOBrain_4 |       1247 |       1123 |     124 |    0 |    51 |    256 |      1 |    0 |          0 |
|       lastVirtualMapper_io_readRes_toStream_fifo |     StreamFifoLowLatency_11 |         56 |         48 |       8 |    0 |     4 |      0 |      0 |    0 |          0 |
|         fifo                                     |               StreamFifo_12 |         56 |         48 |       8 |    0 |     4 |      0 |      0 |    0 |          0 |
|       engineCAM                                  |                   Mapper_18 |        126 |        126 |       0 |    0 |     6 |    256 |      0 |    0 |          0 |
|       flowStateUpdate_toStream_fifo              |   StreamFifoLowLatency_6_23 |        840 |        824 |      16 |    0 |     4 |      0 |      0 |    0 |          0 |
|         fifo                                     |                StreamFifo_7 |        840 |        824 |      16 |    0 |     4 |      0 |      0 |    0 |          0 |
|     enque_enqueMapper                            |              ReplayMapper_8 |        381 |        301 |      80 |    0 |    19 |      0 |      0 |    0 |          0 |
|   replayControl                                  |           ReplayControlFifo |       2741 |       2741 |       0 |    0 |    39 |      1 |      0 |    0 |          0 |
|   xbar                                           |             MessageCrossBar |        558 |        510 |      48 |    0 |   347 |      0 |      0 |    0 |          0 |
|     (xbar)                                       |             MessageCrossBar |          6 |          6 |       0 |    0 |   257 |      0 |      0 |    0 |          0 |
|     streamArbiter_22                             |             StreamArbiter_9 |         71 |         71 |       0 |    0 |     7 |      0 |      0 |    0 |          0 |
|     streamArbiter_23                             |            StreamArbiter_10 |         69 |         69 |       0 |    0 |     7 |      0 |      0 |    0 |          0 |
|     streamArbiter_24                             |            StreamArbiter_11 |         68 |         68 |       0 |    0 |     7 |      0 |      0 |    0 |          0 |
|     streamArbiter_25                             |            StreamArbiter_12 |         71 |         71 |       0 |    0 |     7 |      0 |      0 |    0 |          0 |
|     streamArbiter_26                             |            StreamArbiter_13 |         71 |         71 |       0 |    0 |     7 |      0 |      0 |    0 |          0 |
+--------------------------------------------------+-----------------------------+------------+------------+---------+------+-------+--------+--------+------+------------+


