
****** Vivado v2025.2 (64-bit)
  **** SW Build 6299465 on Fri Nov 14 12:34:56 MST 2025
  **** IP Build 6300035 on Fri Nov 14 10:48:45 MST 2025
  **** SharedData Build 6298862 on Thu Nov 13 04:50:51 MST 2025
  **** Start of session at: Mon Sep  7 11:53:18 2026
    ** Copyright 1986-2022 Xilinx, Inc. All Rights Reserved.
    ** Copyright 2022-2025 Advanced Micro Devices, Inc. All Rights Reserved.

source /home/zg366/packet-scheduling/pifo-hardware/synthesis/vivado_synth.tcl
# if {$argc < 5 || $argc > 7} {
#     error {Expected BUILD_DIR PART THREADS CLOCK_PERIOD_NS PREPARE_ONLY [DIRECTIVE] [ALLOW_OVER_CAPACITY]}
# }
# lassign $argv build_dir part threads period prepare_only directive allow_over_capacity
# if {$directive eq ""} { set directive default }
# if {$allow_over_capacity eq ""} { set allow_over_capacity 0 }
# set build_dir [file normalize $build_dir]
# set rtl_dir [file join $build_dir rtl]
# set report_dir [file join $build_dir reports]
# file mkdir $report_dir
# if {[llength [get_parts -quiet $part]] != 1} {
#     error "Target part is not installed: $part"
# }
# puts "PIFO_VIVADO_VERSION: [version -short]"
PIFO_VIVADO_VERSION: 2025.2
# puts "PIFO_VIVADO_PART: $part"
PIFO_VIVADO_PART: xcku5p-ffvb676-2-e
# set_param general.maxThreads $threads
# create_project -in_memory -part $part
# cd $rtl_dir
# read_verilog -sv [glob -directory $rtl_dir *.v *.sv]
# set xdc [file join $build_dir pifo.xdc]
# set constraints [open $xdc w]
# puts $constraints "create_clock -name clk -period $period \[get_ports clk\]"
# puts $constraints {set_false_path -from [get_ports reset]}
# close $constraints
# read_xdc $xdc
# if {$prepare_only} {
#     puts "PIFO_PREPARED: $build_dir"
#     exit 0
# }
# if {$allow_over_capacity} {
#     # This version-specific Tcl hook skips only the pre-mapping device-capacity
#     # gate. The RTL, target, optimization passes, and reported device capacities
#     # remain unchanged. The resulting netlist can exceed the physical device.
#     # Verified on Vivado 2025.2 with an oversized RAM and an unchanged smaller
#     # control design; see experiment-results/hardware-overhead/diagnostics.
#     puts "PIFO_ESTIMATION_ONLY: device-capacity check disabled; no implementation or fit claim"
#     set_param synth.elaboration.rodinMoreOptions {if {[llength [info commands rt::pifo_device_capacity_check]] == 0} {rename rt::check_resource rt::pifo_device_capacity_check}; proc rt::check_resource {args} {puts "PIFO_DEVICE_CAPACITY_CHECK_SKIPPED: $args"; return 1}}
# }
PIFO_ESTIMATION_ONLY: device-capacity check disabled; no implementation or fit claim
# synth_design -top PifoMesh -part $part -mode out_of_context -flatten_hierarchy rebuilt -directive $directive
Command: synth_design -top PifoMesh -part xcku5p-ffvb676-2-e -mode out_of_context -flatten_hierarchy rebuilt -directive RuntimeOptimized
Starting synth_design
Attempting to get a license for feature 'Synthesis' and/or device 'xcku5p'
INFO: [Common 17-349] Got license for feature 'Synthesis' and/or device 'xcku5p'
INFO: [Device 21-403] Loading part xcku5p-ffvb676-2-e
INFO: [Synth 8-7079] Multithreading enabled for synth_design using a maximum of 7 processes.
INFO: [Synth 8-7078] Launching helper process for spawning children vivado processes
INFO: [Synth 8-7075] Helper process launched with PID 382622
---------------------------------------------------------------------------------
Starting RTL Elaboration : Time (s): cpu = 00:00:05 ; elapsed = 00:00:05 . Memory (MB): peak = 2833.008 ; gain = 180.688 ; free physical = 174692 ; free virtual = 198291
---------------------------------------------------------------------------------
INFO: [Synth 8-6157] synthesizing module 'PifoMesh' [/data/work/rio-synthesis/pifo-component-single-push/pifo-house-1push-v64-c1024-t9-vivado/rtl/PifoMesh.v:1]
INFO: [Synth 8-6157] synthesizing module 'ConcurrentPifoRTL' [/data/work/rio-synthesis/pifo-component-single-push/pifo-house-1push-v64-c1024-t9-vivado/rtl/PifoMesh.v:43]
INFO: [Synth 8-6157] synthesizing module 'priority_encode_log' [/data/work/rio-synthesis/pifo-component-single-push/pifo-house-1push-v64-c1024-t9-vivado/rtl/priority_encode_log.v:1]
	Parameter width bound to: 1024 - type: integer 
	Parameter log_width bound to: 10 - type: integer 
INFO: [Synth 8-6155] done synthesizing module 'priority_encode_log' (0#1) [/data/work/rio-synthesis/pifo-component-single-push/pifo-house-1push-v64-c1024-t9-vivado/rtl/priority_encode_log.v:1]
INFO: [Synth 8-6155] done synthesizing module 'ConcurrentPifoRTL' (0#1) [/data/work/rio-synthesis/pifo-component-single-push/pifo-house-1push-v64-c1024-t9-vivado/rtl/PifoMesh.v:43]
INFO: [Synth 8-6155] done synthesizing module 'PifoMesh' (0#1) [/data/work/rio-synthesis/pifo-component-single-push/pifo-house-1push-v64-c1024-t9-vivado/rtl/PifoMesh.v:1]
WARNING: [Synth 8-3936] Found unconnected internal register 'genblk1[9].part_idx_reg[9]' and it is trimmed from '1024' to '11' bits. [/data/work/rio-synthesis/pifo-component-single-push/pifo-house-1push-v64-c1024-t9-vivado/rtl/priority_encode_log.v:33]
WARNING: [Synth 8-3936] Found unconnected internal register 'genblk1[8].part_idx_reg[8]' and it is trimmed from '1024' to '522' bits. [/data/work/rio-synthesis/pifo-component-single-push/pifo-house-1push-v64-c1024-t9-vivado/rtl/priority_encode_log.v:33]
WARNING: [Synth 8-3936] Found unconnected internal register 'genblk1[7].part_idx_reg[7]' and it is trimmed from '1024' to '777' bits. [/data/work/rio-synthesis/pifo-component-single-push/pifo-house-1push-v64-c1024-t9-vivado/rtl/priority_encode_log.v:33]
WARNING: [Synth 8-3936] Found unconnected internal register 'genblk1[6].part_idx_reg[6]' and it is trimmed from '1024' to '904' bits. [/data/work/rio-synthesis/pifo-component-single-push/pifo-house-1push-v64-c1024-t9-vivado/rtl/priority_encode_log.v:33]
WARNING: [Synth 8-3936] Found unconnected internal register 'genblk1[5].part_idx_reg[5]' and it is trimmed from '1024' to '967' bits. [/data/work/rio-synthesis/pifo-component-single-push/pifo-house-1push-v64-c1024-t9-vivado/rtl/priority_encode_log.v:33]
WARNING: [Synth 8-3936] Found unconnected internal register 'genblk1[4].part_idx_reg[4]' and it is trimmed from '1024' to '998' bits. [/data/work/rio-synthesis/pifo-component-single-push/pifo-house-1push-v64-c1024-t9-vivado/rtl/priority_encode_log.v:33]
WARNING: [Synth 8-3936] Found unconnected internal register 'genblk1[3].part_idx_reg[3]' and it is trimmed from '1024' to '1013' bits. [/data/work/rio-synthesis/pifo-component-single-push/pifo-house-1push-v64-c1024-t9-vivado/rtl/priority_encode_log.v:33]
WARNING: [Synth 8-3936] Found unconnected internal register 'genblk1[2].part_idx_reg[2]' and it is trimmed from '1024' to '1020' bits. [/data/work/rio-synthesis/pifo-component-single-push/pifo-house-1push-v64-c1024-t9-vivado/rtl/priority_encode_log.v:33]
WARNING: [Synth 8-3936] Found unconnected internal register 'genblk1[1].part_idx_reg[1]' and it is trimmed from '1024' to '1023' bits. [/data/work/rio-synthesis/pifo-component-single-push/pifo-house-1push-v64-c1024-t9-vivado/rtl/priority_encode_log.v:33]
WARNING: [Synth 8-7129] Port clk in module priority_encode_log is either unconnected or has no load
WARNING: [Synth 8-7129] Port rst in module priority_encode_log is either unconnected or has no load
---------------------------------------------------------------------------------
Finished RTL Elaboration : Time (s): cpu = 00:00:52 ; elapsed = 00:00:54 . Memory (MB): peak = 4342.875 ; gain = 1690.555 ; free physical = 175501 ; free virtual = 199127
---------------------------------------------------------------------------------
---------------------------------------------------------------------------------
Start Handling Custom Attributes
---------------------------------------------------------------------------------
---------------------------------------------------------------------------------
Finished Handling Custom Attributes : Time (s): cpu = 00:00:52 ; elapsed = 00:00:54 . Memory (MB): peak = 4342.875 ; gain = 1690.555 ; free physical = 175511 ; free virtual = 199137
---------------------------------------------------------------------------------
---------------------------------------------------------------------------------
Finished RTL Optimization Phase 1 : Time (s): cpu = 00:00:52 ; elapsed = 00:00:54 . Memory (MB): peak = 4342.875 ; gain = 1690.555 ; free physical = 175511 ; free virtual = 199137
---------------------------------------------------------------------------------
Netlist sorting complete. Time (s): cpu = 00:00:06 ; elapsed = 00:00:06 . Memory (MB): peak = 4455.180 ; gain = 16.305 ; free physical = 174943 ; free virtual = 198611
INFO: [Project 1-570] Preparing netlist for logic optimization

Processing XDC Constraints
Initializing timing engine
Parsing XDC File [/data/work/rio-synthesis/pifo-component-single-push/pifo-house-1push-v64-c1024-t9-vivado/pifo.xdc]
Finished Parsing XDC File [/data/work/rio-synthesis/pifo-component-single-push/pifo-house-1push-v64-c1024-t9-vivado/pifo.xdc]
Completed Processing XDC Constraints

Netlist sorting complete. Time (s): cpu = 00:00:00.03 ; elapsed = 00:00:00.03 . Memory (MB): peak = 5165.137 ; gain = 0.000 ; free physical = 173631 ; free virtual = 197315
INFO: [Project 1-111] Unisim Transformation Summary:
No Unisim elements were transformed.

---------------------------------------------------------------------------------
Finished Constraint Validation : Time (s): cpu = 00:01:55 ; elapsed = 00:01:53 . Memory (MB): peak = 5177.059 ; gain = 2524.738 ; free physical = 170593 ; free virtual = 194297
---------------------------------------------------------------------------------
---------------------------------------------------------------------------------
Start Loading Part and Timing Information
---------------------------------------------------------------------------------
Loading part: xcku5p-ffvb676-2-e
INFO: [Synth 8-6742] Reading net delay rules and data
---------------------------------------------------------------------------------
Finished Loading Part and Timing Information : Time (s): cpu = 00:01:55 ; elapsed = 00:01:53 . Memory (MB): peak = 5181.145 ; gain = 2528.824 ; free physical = 170585 ; free virtual = 194289
---------------------------------------------------------------------------------
---------------------------------------------------------------------------------
Start Applying 'set_property' XDC Constraints
---------------------------------------------------------------------------------
---------------------------------------------------------------------------------
Finished applying 'set_property' XDC Constraints : Time (s): cpu = 00:01:55 ; elapsed = 00:01:53 . Memory (MB): peak = 5181.145 ; gain = 2528.824 ; free physical = 170537 ; free virtual = 194241
---------------------------------------------------------------------------------
---------------------------------------------------------------------------------
Finished RTL Optimization Phase 2 : Time (s): cpu = 00:03:09 ; elapsed = 00:03:08 . Memory (MB): peak = 5189.148 ; gain = 2536.828 ; free physical = 163673 ; free virtual = 187499
---------------------------------------------------------------------------------
---------------------------------------------------------------------------------
Start RTL Component Statistics 
---------------------------------------------------------------------------------
Detailed RTL Component Info : 
+---Adders : 
	   4 Input   11 Bit       Adders := 1     
	   3 Input   11 Bit       Adders := 1     
	   2 Input   11 Bit       Adders := 1     
+---Registers : 
	                9 Bit    Registers := 1025  
	                8 Bit    Registers := 1025  
	                6 Bit    Registers := 1026  
	                1 Bit    Registers := 3     
+---Muxes : 
	   2 Input   11 Bit        Muxes := 1     
	   2 Input    9 Bit        Muxes := 5119  
	   2 Input    8 Bit        Muxes := 5123  
	   2 Input    7 Bit        Muxes := 12    
	   2 Input    6 Bit        Muxes := 5140  
	   2 Input    5 Bit        Muxes := 48    
	   2 Input    4 Bit        Muxes := 96    
	   2 Input    3 Bit        Muxes := 192   
	   2 Input    2 Bit        Muxes := 384   
	   2 Input    1 Bit        Muxes := 2819  
---------------------------------------------------------------------------------
Finished RTL Component Statistics 
---------------------------------------------------------------------------------
---------------------------------------------------------------------------------
Start Part Resource Summary
---------------------------------------------------------------------------------
Part Resources:
DSPs: 1824 (col length:96)
BRAMs: 960 (col length: RAMB18 96 RAMB36 48)
---------------------------------------------------------------------------------
Finished Part Resource Summary
---------------------------------------------------------------------------------
---------------------------------------------------------------------------------
Start Cross Boundary and Area Optimization
---------------------------------------------------------------------------------
---------------------------------------------------------------------------------
Finished Cross Boundary and Area Optimization : Time (s): cpu = 00:03:54 ; elapsed = 00:03:52 . Memory (MB): peak = 5201.074 ; gain = 2548.754 ; free physical = 160679 ; free virtual = 184514
---------------------------------------------------------------------------------
PIFO_DEVICE_CAPACITY_CHECK_SKIPPED: -checkfordsp
PIFO_DEVICE_CAPACITY_CHECK_SKIPPED: -checkforuram
PIFO_DEVICE_CAPACITY_CHECK_SKIPPED: -checkforram
---------------------------------------------------------------------------------
Start Applying XDC Timing Constraints
---------------------------------------------------------------------------------
---------------------------------------------------------------------------------
Finished Applying XDC Timing Constraints : Time (s): cpu = 00:05:24 ; elapsed = 00:04:04 . Memory (MB): peak = 5288.703 ; gain = 2636.383 ; free physical = 160589 ; free virtual = 184423
---------------------------------------------------------------------------------
---------------------------------------------------------------------------------
Start Technology Mapping
---------------------------------------------------------------------------------
---------------------------------------------------------------------------------
Finished Technology Mapping : Time (s): cpu = 00:06:07 ; elapsed = 00:04:54 . Memory (MB): peak = 5300.629 ; gain = 2648.309 ; free physical = 155047 ; free virtual = 178900
---------------------------------------------------------------------------------
---------------------------------------------------------------------------------
Start IO Insertion
---------------------------------------------------------------------------------
---------------------------------------------------------------------------------
Start Flattening Before IO Insertion
---------------------------------------------------------------------------------
---------------------------------------------------------------------------------
Finished Flattening Before IO Insertion
---------------------------------------------------------------------------------
---------------------------------------------------------------------------------
Start Final Netlist Cleanup
---------------------------------------------------------------------------------
---------------------------------------------------------------------------------
Finished Final Netlist Cleanup
---------------------------------------------------------------------------------
---------------------------------------------------------------------------------
Finished IO Insertion : Time (s): cpu = 00:06:27 ; elapsed = 00:05:15 . Memory (MB): peak = 5300.629 ; gain = 2648.309 ; free physical = 153628 ; free virtual = 177600
---------------------------------------------------------------------------------
---------------------------------------------------------------------------------
Start Renaming Generated Instances
---------------------------------------------------------------------------------
---------------------------------------------------------------------------------
Finished Renaming Generated Instances : Time (s): cpu = 00:06:28 ; elapsed = 00:05:16 . Memory (MB): peak = 5300.629 ; gain = 2648.309 ; free physical = 153304 ; free virtual = 177276
---------------------------------------------------------------------------------
---------------------------------------------------------------------------------
Start Rebuilding User Hierarchy
---------------------------------------------------------------------------------
---------------------------------------------------------------------------------
Finished Rebuilding User Hierarchy : Time (s): cpu = 00:06:33 ; elapsed = 00:05:20 . Memory (MB): peak = 5300.629 ; gain = 2648.309 ; free physical = 152449 ; free virtual = 176370
---------------------------------------------------------------------------------
---------------------------------------------------------------------------------
Start Renaming Generated Ports
---------------------------------------------------------------------------------
---------------------------------------------------------------------------------
Finished Renaming Generated Ports : Time (s): cpu = 00:06:33 ; elapsed = 00:05:20 . Memory (MB): peak = 5300.629 ; gain = 2648.309 ; free physical = 152438 ; free virtual = 176360
---------------------------------------------------------------------------------
---------------------------------------------------------------------------------
Start Handling Custom Attributes
---------------------------------------------------------------------------------
---------------------------------------------------------------------------------
Finished Handling Custom Attributes : Time (s): cpu = 00:06:34 ; elapsed = 00:05:21 . Memory (MB): peak = 5300.629 ; gain = 2648.309 ; free physical = 152384 ; free virtual = 176305
---------------------------------------------------------------------------------
---------------------------------------------------------------------------------
Start Renaming Generated Nets
---------------------------------------------------------------------------------
---------------------------------------------------------------------------------
Finished Renaming Generated Nets : Time (s): cpu = 00:06:34 ; elapsed = 00:05:21 . Memory (MB): peak = 5300.629 ; gain = 2648.309 ; free physical = 152236 ; free virtual = 176157
---------------------------------------------------------------------------------
---------------------------------------------------------------------------------
Start Writing Synthesis Report
---------------------------------------------------------------------------------

Report BlackBoxes: 
+-+--------------+----------+
| |BlackBox name |Instances |
+-+--------------+----------+
+-+--------------+----------+

Report Cell Usage: 
+------+-------+------+
|      |Cell   |Count |
+------+-------+------+
|1     |CARRY8 |  2048|
|2     |LUT1   |    18|
|3     |LUT2   |  2047|
|4     |LUT3   | 18825|
|5     |LUT4   | 10289|
|6     |LUT5   | 42208|
|7     |LUT6   | 39746|
|8     |MUXF7  |  2571|
|9     |MUXF8  |  1201|
|10    |FDCE   |    59|
|11    |FDRE   | 23577|
+------+-------+------+
---------------------------------------------------------------------------------
Finished Writing Synthesis Report : Time (s): cpu = 00:06:34 ; elapsed = 00:05:22 . Memory (MB): peak = 5300.629 ; gain = 2648.309 ; free physical = 152239 ; free virtual = 176160
---------------------------------------------------------------------------------
Synthesis finished with 0 errors, 0 critical warnings and 0 warnings.
Synthesis Optimization Runtime : Time (s): cpu = 00:05:43 ; elapsed = 00:04:40 . Memory (MB): peak = 5300.629 ; gain = 1814.125 ; free physical = 163349 ; free virtual = 187272
Synthesis Optimization Complete : Time (s): cpu = 00:06:35 ; elapsed = 00:05:27 . Memory (MB): peak = 5300.629 ; gain = 2648.309 ; free physical = 163375 ; free virtual = 187279
INFO: [Project 1-571] Translating synthesized netlist
Netlist sorting complete. Time (s): cpu = 00:00:01 ; elapsed = 00:00:01 . Memory (MB): peak = 5300.629 ; gain = 0.000 ; free physical = 164379 ; free virtual = 188267
INFO: [Netlist 29-17] Analyzing 5820 Unisim elements for replacement
INFO: [Netlist 29-28] Unisim Transformation completed in 0 CPU seconds
WARNING: [Netlist 29-101] Netlist 'PifoMesh' is not ideal for floorplanning, since the cellview 'ConcurrentPifoRTL' contains a large number of primitives.  Please consider enabling hierarchy in synthesis if you want to do floorplanning.
INFO: [Project 1-570] Preparing netlist for logic optimization
Parsing XDC File [/data/work/rio-synthesis/pifo-component-single-push/pifo-house-1push-v64-c1024-t9-vivado/pifo.xdc]
Finished Parsing XDC File [/data/work/rio-synthesis/pifo-component-single-push/pifo-house-1push-v64-c1024-t9-vivado/pifo.xdc]
INFO: [Opt 31-138] Pushed 0 inverter(s) to 0 load pin(s).
Netlist sorting complete. Time (s): cpu = 00:00:00.03 ; elapsed = 00:00:00.03 . Memory (MB): peak = 5300.629 ; gain = 0.000 ; free physical = 164363 ; free virtual = 188215
INFO: [Project 1-111] Unisim Transformation Summary:
No Unisim elements were transformed.

Synth Design complete | Checksum: 3ee025cc
INFO: [Common 17-83] Releasing license: Synthesis
21 Infos, 12 Warnings, 0 Critical Warnings and 0 Errors encountered.
synth_design completed successfully
synth_design: Time (s): cpu = 00:07:08 ; elapsed = 00:05:59 . Memory (MB): peak = 5300.629 ; gain = 3667.871 ; free physical = 164350 ; free virtual = 188203
INFO: [Common 17-2834] synth_design peak Physical Memory [PSS] (MB): overall = 12396.921; main = 4186.399; forked = 8358.783
INFO: [Common 17-2834] synth_design peak Virtual Memory [VSS] (MB): overall = 21746.383; main = 5296.715; forked = 16549.223
# write_checkpoint -force [file join $build_dir pifo_synth.dcp]
INFO: [Timing 38-35] Done setting XDC timing constraints.
INFO: [Timing 38-480] Writing timing data to binary archive.
Write ShapeDB Complete: Time (s): cpu = 00:00:00.81 ; elapsed = 00:00:00.21 . Memory (MB): peak = 5376.746 ; gain = 0.000 ; free physical = 164292 ; free virtual = 188156
INFO: [Common 17-1381] The checkpoint '/data/work/rio-synthesis/pifo-component-single-push/pifo-house-1push-v64-c1024-t9-vivado/pifo_synth.dcp' has been generated.
write_checkpoint: Time (s): cpu = 00:00:23 ; elapsed = 00:00:14 . Memory (MB): peak = 5376.746 ; gain = 76.117 ; free physical = 164263 ; free virtual = 188134
# report_utilization -file [file join $report_dir utilization.rpt]
# report_utilization -hierarchical -hierarchical_depth 5 -file [file join $report_dir utilization-hierarchy.rpt]
# report_ram_utilization -file [file join $report_dir ram-utilization.rpt]
report_ram_utilization: Time (s): cpu = 00:00:00 ; elapsed = 00:00:00 . Memory (MB): peak = 5376.746 ; gain = 0.000 ; free physical = 164253 ; free virtual = 188124
# set blackboxes [get_cells -hierarchical -quiet -filter {IS_BLACKBOX == 1}]
# if {[llength $blackboxes] != 0} {
#     error "Unresolved blackboxes after synthesis: $blackboxes"
# }
# set primitive_counts [dict create]
# foreach cell [get_cells -hierarchical -quiet -filter {IS_PRIMITIVE == 1}] {
#     dict incr primitive_counts [get_property REF_NAME $cell]
# }
# set counts [open [file join $report_dir primitive-counts.tsv] w]
# puts $counts "primitive\tcount"
# foreach name [lsort [dict keys $primitive_counts]] {
#     puts $counts "$name\t[dict get $primitive_counts $name]"
# }
# close $counts
# set complete [open [file join $build_dir synthesis_complete.txt] w]
# puts $complete "Vivado [version -short]; $part; PifoMesh; out_of_context; [clock format [clock seconds]]"
# close $complete
# puts "PIFO_SYNTHESIS_COMPLETE: $report_dir"
PIFO_SYNTHESIS_COMPLETE: /data/work/rio-synthesis/pifo-component-single-push/pifo-house-1push-v64-c1024-t9-vivado/reports
INFO: [Common 17-206] Exiting Vivado at Mon Sep  7 11:59:45 2026...
