
****** Vivado v2025.2 (64-bit)
  **** SW Build 6299465 on Fri Nov 14 12:34:56 MST 2025
  **** IP Build 6300035 on Fri Nov 14 10:48:45 MST 2025
  **** SharedData Build 6298862 on Thu Nov 13 04:50:51 MST 2025
  **** Start of session at: Mon Sep  7 14:39:17 2026
    ** Copyright 1986-2022 Xilinx, Inc. All Rights Reserved.
    ** Copyright 2022-2025 Advanced Micro Devices, Inc. All Rights Reserved.

source /home/zg366/packet-scheduling-shared-synthesis/pifo-hardware/synthesis/vivado_synth.tcl
# if {$argc < 5 || $argc > 7} {
#     error {Expected BUILD_DIR PART THREADS CLOCK_PERIOD_NS PREPARE_ONLY [DIRECTIVE] [ALLOW_OVER_CAPACITY]}
# }
# lassign $argv build_dir part threads period prepare_only directive allow_over_capacity
# if {$directive eq ""} { set directive default }
# if {$allow_over_capacity eq ""} { set allow_over_capacity 0 }
# set build_dir [file normalize $build_dir]
# set rtl_dir [file join $build_dir rtl]
# set report_dir [file join $build_dir reports]
# file mkdir $report_dir
# if {[llength [get_parts -quiet $part]] != 1} {
#     error "Target part is not installed: $part"
# }
# puts "PIFO_VIVADO_VERSION: [version -short]"
PIFO_VIVADO_VERSION: 2025.2
# puts "PIFO_VIVADO_PART: $part"
PIFO_VIVADO_PART: xcku5p-ffvb676-2-e
# set_param general.maxThreads $threads
# create_project -in_memory -part $part
# cd $rtl_dir
# read_verilog -sv [glob -directory $rtl_dir *.v *.sv]
# set xdc [file join $build_dir pifo.xdc]
# set constraints [open $xdc w]
# puts $constraints "create_clock -name clk -period $period \[get_ports clk\]"
# puts $constraints {set_false_path -from [get_ports reset]}
# close $constraints
# read_xdc $xdc
# if {$prepare_only} {
#     puts "PIFO_PREPARED: $build_dir"
#     exit 0
# }
# if {$allow_over_capacity} {
#     # This version-specific Tcl hook skips only the pre-mapping device-capacity
#     # gate. The RTL, target, optimization passes, and reported device capacities
#     # remain unchanged. The resulting netlist can exceed the physical device.
#     # Verified on Vivado 2025.2 with an oversized RAM and an unchanged smaller
#     # control design; see experiment-results/hardware-overhead/diagnostics.
#     puts "PIFO_ESTIMATION_ONLY: device-capacity check disabled; no implementation or fit claim"
#     set_param synth.elaboration.rodinMoreOptions {if {[llength [info commands rt::pifo_device_capacity_check]] == 0} {rename rt::check_resource rt::pifo_device_capacity_check}; proc rt::check_resource {args} {puts "PIFO_DEVICE_CAPACITY_CHECK_SKIPPED: $args"; return 1}}
# }
PIFO_ESTIMATION_ONLY: device-capacity check disabled; no implementation or fit claim
# synth_design -top PifoMesh -part $part -mode out_of_context -flatten_hierarchy rebuilt -directive $directive
Command: synth_design -top PifoMesh -part xcku5p-ffvb676-2-e -mode out_of_context -flatten_hierarchy rebuilt -directive RuntimeOptimized
Starting synth_design
Attempting to get a license for feature 'Synthesis' and/or device 'xcku5p'
INFO: [Common 17-349] Got license for feature 'Synthesis' and/or device 'xcku5p'
INFO: [Device 21-403] Loading part xcku5p-ffvb676-2-e
INFO: [Synth 8-7079] Multithreading enabled for synth_design using a maximum of 7 processes.
INFO: [Synth 8-7078] Launching helper process for spawning children vivado processes
INFO: [Synth 8-7075] Helper process launched with PID 435439
---------------------------------------------------------------------------------
Starting RTL Elaboration : Time (s): cpu = 00:00:04 ; elapsed = 00:00:04 . Memory (MB): peak = 2833.492 ; gain = 189.688 ; free physical = 89470 ; free virtual = 119620
---------------------------------------------------------------------------------
INFO: [Synth 8-6157] synthesizing module 'PifoMesh' [/data/work/rio-synthesis/shared-fifo-34e35d2/pifo-house-v256-c1024-vivado/rtl/PifoMesh.v:7]
INFO: [Synth 8-6157] synthesizing module 'ConcurrentPifoRTL' [/data/work/rio-synthesis/shared-fifo-34e35d2/pifo-house-v256-c1024-vivado/rtl/PifoMesh.v:96]
INFO: [Synth 8-6157] synthesizing module 'priority_encode_log' [/data/work/rio-synthesis/shared-fifo-34e35d2/pifo-house-v256-c1024-vivado/rtl/priority_encode_log.v:1]
	Parameter width bound to: 1024 - type: integer 
	Parameter log_width bound to: 10 - type: integer 
INFO: [Synth 8-6155] done synthesizing module 'priority_encode_log' (0#1) [/data/work/rio-synthesis/shared-fifo-34e35d2/pifo-house-v256-c1024-vivado/rtl/priority_encode_log.v:1]
INFO: [Synth 8-6155] done synthesizing module 'ConcurrentPifoRTL' (0#1) [/data/work/rio-synthesis/shared-fifo-34e35d2/pifo-house-v256-c1024-vivado/rtl/PifoMesh.v:96]
INFO: [Synth 8-6155] done synthesizing module 'PifoMesh' (0#1) [/data/work/rio-synthesis/shared-fifo-34e35d2/pifo-house-v256-c1024-vivado/rtl/PifoMesh.v:7]
WARNING: [Synth 8-3936] Found unconnected internal register 'genblk1[9].part_idx_reg[9]' and it is trimmed from '1024' to '11' bits. [/data/work/rio-synthesis/shared-fifo-34e35d2/pifo-house-v256-c1024-vivado/rtl/priority_encode_log.v:33]
WARNING: [Synth 8-3936] Found unconnected internal register 'genblk1[8].part_idx_reg[8]' and it is trimmed from '1024' to '522' bits. [/data/work/rio-synthesis/shared-fifo-34e35d2/pifo-house-v256-c1024-vivado/rtl/priority_encode_log.v:33]
WARNING: [Synth 8-3936] Found unconnected internal register 'genblk1[7].part_idx_reg[7]' and it is trimmed from '1024' to '777' bits. [/data/work/rio-synthesis/shared-fifo-34e35d2/pifo-house-v256-c1024-vivado/rtl/priority_encode_log.v:33]
WARNING: [Synth 8-3936] Found unconnected internal register 'genblk1[6].part_idx_reg[6]' and it is trimmed from '1024' to '904' bits. [/data/work/rio-synthesis/shared-fifo-34e35d2/pifo-house-v256-c1024-vivado/rtl/priority_encode_log.v:33]
WARNING: [Synth 8-3936] Found unconnected internal register 'genblk1[5].part_idx_reg[5]' and it is trimmed from '1024' to '967' bits. [/data/work/rio-synthesis/shared-fifo-34e35d2/pifo-house-v256-c1024-vivado/rtl/priority_encode_log.v:33]
WARNING: [Synth 8-3936] Found unconnected internal register 'genblk1[4].part_idx_reg[4]' and it is trimmed from '1024' to '998' bits. [/data/work/rio-synthesis/shared-fifo-34e35d2/pifo-house-v256-c1024-vivado/rtl/priority_encode_log.v:33]
WARNING: [Synth 8-3936] Found unconnected internal register 'genblk1[3].part_idx_reg[3]' and it is trimmed from '1024' to '1013' bits. [/data/work/rio-synthesis/shared-fifo-34e35d2/pifo-house-v256-c1024-vivado/rtl/priority_encode_log.v:33]
WARNING: [Synth 8-3936] Found unconnected internal register 'genblk1[2].part_idx_reg[2]' and it is trimmed from '1024' to '1020' bits. [/data/work/rio-synthesis/shared-fifo-34e35d2/pifo-house-v256-c1024-vivado/rtl/priority_encode_log.v:33]
WARNING: [Synth 8-3936] Found unconnected internal register 'genblk1[1].part_idx_reg[1]' and it is trimmed from '1024' to '1023' bits. [/data/work/rio-synthesis/shared-fifo-34e35d2/pifo-house-v256-c1024-vivado/rtl/priority_encode_log.v:33]
WARNING: [Synth 8-7129] Port clk in module priority_encode_log is either unconnected or has no load
WARNING: [Synth 8-7129] Port rst in module priority_encode_log is either unconnected or has no load
WARNING: [Synth 8-7129] Port io_push2_valid in module PifoMesh is either unconnected or has no load
WARNING: [Synth 8-7129] Port io_push2_payload_priority[7] in module PifoMesh is either unconnected or has no load
WARNING: [Synth 8-7129] Port io_push2_payload_priority[6] in module PifoMesh is either unconnected or has no load
WARNING: [Synth 8-7129] Port io_push2_payload_priority[5] in module PifoMesh is either unconnected or has no load
WARNING: [Synth 8-7129] Port io_push2_payload_priority[4] in module PifoMesh is either unconnected or has no load
WARNING: [Synth 8-7129] Port io_push2_payload_priority[3] in module PifoMesh is either unconnected or has no load
WARNING: [Synth 8-7129] Port io_push2_payload_priority[2] in module PifoMesh is either unconnected or has no load
WARNING: [Synth 8-7129] Port io_push2_payload_priority[1] in module PifoMesh is either unconnected or has no load
WARNING: [Synth 8-7129] Port io_push2_payload_priority[0] in module PifoMesh is either unconnected or has no load
WARNING: [Synth 8-7129] Port io_push2_payload_data[10] in module PifoMesh is either unconnected or has no load
WARNING: [Synth 8-7129] Port io_push2_payload_data[9] in module PifoMesh is either unconnected or has no load
WARNING: [Synth 8-7129] Port io_push2_payload_data[8] in module PifoMesh is either unconnected or has no load
WARNING: [Synth 8-7129] Port io_push2_payload_data[7] in module PifoMesh is either unconnected or has no load
WARNING: [Synth 8-7129] Port io_push2_payload_data[6] in module PifoMesh is either unconnected or has no load
WARNING: [Synth 8-7129] Port io_push2_payload_data[5] in module PifoMesh is either unconnected or has no load
WARNING: [Synth 8-7129] Port io_push2_payload_data[4] in module PifoMesh is either unconnected or has no load
WARNING: [Synth 8-7129] Port io_push2_payload_data[3] in module PifoMesh is either unconnected or has no load
WARNING: [Synth 8-7129] Port io_push2_payload_data[2] in module PifoMesh is either unconnected or has no load
WARNING: [Synth 8-7129] Port io_push2_payload_data[1] in module PifoMesh is either unconnected or has no load
WARNING: [Synth 8-7129] Port io_push2_payload_data[0] in module PifoMesh is either unconnected or has no load
WARNING: [Synth 8-7129] Port io_push2_payload_port[7] in module PifoMesh is either unconnected or has no load
WARNING: [Synth 8-7129] Port io_push2_payload_port[6] in module PifoMesh is either unconnected or has no load
WARNING: [Synth 8-7129] Port io_push2_payload_port[5] in module PifoMesh is either unconnected or has no load
WARNING: [Synth 8-7129] Port io_push2_payload_port[4] in module PifoMesh is either unconnected or has no load
WARNING: [Synth 8-7129] Port io_push2_payload_port[3] in module PifoMesh is either unconnected or has no load
WARNING: [Synth 8-7129] Port io_push2_payload_port[2] in module PifoMesh is either unconnected or has no load
WARNING: [Synth 8-7129] Port io_push2_payload_port[1] in module PifoMesh is either unconnected or has no load
WARNING: [Synth 8-7129] Port io_push2_payload_port[0] in module PifoMesh is either unconnected or has no load
---------------------------------------------------------------------------------
Finished RTL Elaboration : Time (s): cpu = 00:00:46 ; elapsed = 00:00:47 . Memory (MB): peak = 3978.359 ; gain = 1334.555 ; free physical = 87153 ; free virtual = 117348
---------------------------------------------------------------------------------
---------------------------------------------------------------------------------
Start Handling Custom Attributes
---------------------------------------------------------------------------------
---------------------------------------------------------------------------------
Finished Handling Custom Attributes : Time (s): cpu = 00:00:46 ; elapsed = 00:00:48 . Memory (MB): peak = 3978.359 ; gain = 1334.555 ; free physical = 87153 ; free virtual = 117348
---------------------------------------------------------------------------------
---------------------------------------------------------------------------------
Finished RTL Optimization Phase 1 : Time (s): cpu = 00:00:46 ; elapsed = 00:00:48 . Memory (MB): peak = 3978.359 ; gain = 1334.555 ; free physical = 87153 ; free virtual = 117348
---------------------------------------------------------------------------------
Netlist sorting complete. Time (s): cpu = 00:00:06 ; elapsed = 00:00:06 . Memory (MB): peak = 4090.664 ; gain = 16.305 ; free physical = 86748 ; free virtual = 116956
INFO: [Project 1-570] Preparing netlist for logic optimization

Processing XDC Constraints
Initializing timing engine
Parsing XDC File [/data/work/rio-synthesis/shared-fifo-34e35d2/pifo-house-v256-c1024-vivado/pifo.xdc]
Finished Parsing XDC File [/data/work/rio-synthesis/shared-fifo-34e35d2/pifo-house-v256-c1024-vivado/pifo.xdc]
Completed Processing XDC Constraints

Netlist sorting complete. Time (s): cpu = 00:00:00.03 ; elapsed = 00:00:00.02 . Memory (MB): peak = 5188.637 ; gain = 0.000 ; free physical = 85139 ; free virtual = 115361
INFO: [Project 1-111] Unisim Transformation Summary:
No Unisim elements were transformed.

---------------------------------------------------------------------------------
Finished RTL Optimization Phase 2 : Time (s): cpu = 00:02:52 ; elapsed = 00:02:50 . Memory (MB): peak = 5212.648 ; gain = 2568.844 ; free physical = 77916 ; free virtual = 108216
---------------------------------------------------------------------------------
---------------------------------------------------------------------------------
Start RTL Component Statistics 
---------------------------------------------------------------------------------
Detailed RTL Component Info : 
+---Adders : 
	   4 Input   11 Bit       Adders := 1     
	   3 Input   11 Bit       Adders := 1     
	   2 Input   11 Bit       Adders := 1     
+---Registers : 
	               11 Bit    Registers := 1025  
	                8 Bit    Registers := 2053  
	                1 Bit    Registers := 5     
+---Muxes : 
	   2 Input   11 Bit        Muxes := 5117  
	   2 Input    9 Bit        Muxes := 3     
	   2 Input    8 Bit        Muxes := 10239 
	   2 Input    7 Bit        Muxes := 12    
	   2 Input    6 Bit        Muxes := 24    
	   2 Input    5 Bit        Muxes := 48    
	   2 Input    4 Bit        Muxes := 96    
	   2 Input    3 Bit        Muxes := 192   
	   2 Input    2 Bit        Muxes := 384   
	   2 Input    1 Bit        Muxes := 2819  
---------------------------------------------------------------------------------
Finished RTL Component Statistics 
---------------------------------------------------------------------------------
---------------------------------------------------------------------------------
Start Part Resource Summary
---------------------------------------------------------------------------------
Part Resources:
DSPs: 1824 (col length:96)
BRAMs: 960 (col length: RAMB18 96 RAMB36 48)
---------------------------------------------------------------------------------
Finished Part Resource Summary
---------------------------------------------------------------------------------
---------------------------------------------------------------------------------
Start Cross Boundary and Area Optimization
---------------------------------------------------------------------------------
---------------------------------------------------------------------------------
Finished Cross Boundary and Area Optimization : Time (s): cpu = 00:03:43 ; elapsed = 00:03:40 . Memory (MB): peak = 5224.574 ; gain = 2580.770 ; free physical = 73968 ; free virtual = 104276
---------------------------------------------------------------------------------
PIFO_DEVICE_CAPACITY_CHECK_SKIPPED: -checkfordsp
PIFO_DEVICE_CAPACITY_CHECK_SKIPPED: -checkforuram
PIFO_DEVICE_CAPACITY_CHECK_SKIPPED: -checkforram
---------------------------------------------------------------------------------
Start Applying XDC Timing Constraints
---------------------------------------------------------------------------------
---------------------------------------------------------------------------------
Finished Applying XDC Timing Constraints : Time (s): cpu = 00:05:33 ; elapsed = 00:03:52 . Memory (MB): peak = 5312.203 ; gain = 2668.398 ; free physical = 74383 ; free virtual = 104692
---------------------------------------------------------------------------------
---------------------------------------------------------------------------------
Start Technology Mapping
---------------------------------------------------------------------------------
---------------------------------------------------------------------------------
Finished Technology Mapping : Time (s): cpu = 00:06:20 ; elapsed = 00:04:48 . Memory (MB): peak = 5324.129 ; gain = 2680.324 ; free physical = 71203 ; free virtual = 101490
---------------------------------------------------------------------------------
---------------------------------------------------------------------------------
Start IO Insertion
---------------------------------------------------------------------------------
---------------------------------------------------------------------------------
Start Flattening Before IO Insertion
---------------------------------------------------------------------------------
---------------------------------------------------------------------------------
Finished Flattening Before IO Insertion
---------------------------------------------------------------------------------
---------------------------------------------------------------------------------
Start Final Netlist Cleanup
---------------------------------------------------------------------------------
---------------------------------------------------------------------------------
Finished Final Netlist Cleanup
---------------------------------------------------------------------------------
---------------------------------------------------------------------------------
Finished IO Insertion : Time (s): cpu = 00:07:04 ; elapsed = 00:05:33 . Memory (MB): peak = 5324.129 ; gain = 2680.324 ; free physical = 71255 ; free virtual = 101099
---------------------------------------------------------------------------------
---------------------------------------------------------------------------------
Start Renaming Generated Instances
---------------------------------------------------------------------------------
---------------------------------------------------------------------------------
Finished Renaming Generated Instances : Time (s): cpu = 00:07:05 ; elapsed = 00:05:34 . Memory (MB): peak = 5324.129 ; gain = 2680.324 ; free physical = 71332 ; free virtual = 101177
---------------------------------------------------------------------------------
---------------------------------------------------------------------------------
Start Rebuilding User Hierarchy
---------------------------------------------------------------------------------
---------------------------------------------------------------------------------
Finished Rebuilding User Hierarchy : Time (s): cpu = 00:07:10 ; elapsed = 00:05:39 . Memory (MB): peak = 5324.129 ; gain = 2680.324 ; free physical = 71277 ; free virtual = 101123
---------------------------------------------------------------------------------
---------------------------------------------------------------------------------
Start Renaming Generated Ports
---------------------------------------------------------------------------------
---------------------------------------------------------------------------------
Finished Renaming Generated Ports : Time (s): cpu = 00:07:10 ; elapsed = 00:05:39 . Memory (MB): peak = 5324.129 ; gain = 2680.324 ; free physical = 71269 ; free virtual = 101115
---------------------------------------------------------------------------------
---------------------------------------------------------------------------------
Start Handling Custom Attributes
---------------------------------------------------------------------------------
---------------------------------------------------------------------------------
Finished Handling Custom Attributes : Time (s): cpu = 00:07:11 ; elapsed = 00:05:40 . Memory (MB): peak = 5324.129 ; gain = 2680.324 ; free physical = 71258 ; free virtual = 101105
---------------------------------------------------------------------------------
---------------------------------------------------------------------------------
Start Renaming Generated Nets
---------------------------------------------------------------------------------
---------------------------------------------------------------------------------
Finished Renaming Generated Nets : Time (s): cpu = 00:07:11 ; elapsed = 00:05:40 . Memory (MB): peak = 5324.129 ; gain = 2680.324 ; free physical = 71251 ; free virtual = 101098
---------------------------------------------------------------------------------
---------------------------------------------------------------------------------
Start Writing Synthesis Report
---------------------------------------------------------------------------------

Report BlackBoxes: 
+-+--------------+----------+
| |BlackBox name |Instances |
+-+--------------+----------+
+-+--------------+----------+

Report Cell Usage: 
+------+-------+------+
|      |Cell   |Count |
+------+-------+------+
|1     |CARRY8 |  2048|
|2     |LUT1   |     8|
|3     |LUT2   |  1758|
|4     |LUT3   | 20423|
|5     |LUT4   | 12520|
|6     |LUT5   | 52115|
|7     |LUT6   | 43626|
|8     |MUXF7  |  2853|
|9     |MUXF8  |  1344|
|10    |FDCE   |    72|
|11    |FDRE   | 27677|
+------+-------+------+
---------------------------------------------------------------------------------
Finished Writing Synthesis Report : Time (s): cpu = 00:07:12 ; elapsed = 00:05:40 . Memory (MB): peak = 5324.129 ; gain = 2680.324 ; free physical = 71243 ; free virtual = 101090
---------------------------------------------------------------------------------
Synthesis finished with 0 errors, 0 critical warnings and 0 warnings.
Synthesis Optimization Runtime : Time (s): cpu = 00:06:20 ; elapsed = 00:04:57 . Memory (MB): peak = 5324.129 ; gain = 1458.125 ; free physical = 81990 ; free virtual = 111837
Synthesis Optimization Complete : Time (s): cpu = 00:07:12 ; elapsed = 00:05:44 . Memory (MB): peak = 5324.129 ; gain = 2680.324 ; free physical = 82010 ; free virtual = 111838
INFO: [Project 1-571] Translating synthesized netlist
Netlist sorting complete. Time (s): cpu = 00:00:01 ; elapsed = 00:00:01 . Memory (MB): peak = 5324.129 ; gain = 0.000 ; free physical = 81880 ; free virtual = 111708
INFO: [Netlist 29-17] Analyzing 6245 Unisim elements for replacement
INFO: [Netlist 29-28] Unisim Transformation completed in 0 CPU seconds
WARNING: [Netlist 29-101] Netlist 'PifoMesh' is not ideal for floorplanning, since the cellview 'ConcurrentPifoRTL' contains a large number of primitives.  Please consider enabling hierarchy in synthesis if you want to do floorplanning.
INFO: [Project 1-570] Preparing netlist for logic optimization
Parsing XDC File [/data/work/rio-synthesis/shared-fifo-34e35d2/pifo-house-v256-c1024-vivado/pifo.xdc]
Finished Parsing XDC File [/data/work/rio-synthesis/shared-fifo-34e35d2/pifo-house-v256-c1024-vivado/pifo.xdc]
INFO: [Opt 31-138] Pushed 0 inverter(s) to 0 load pin(s).
Netlist sorting complete. Time (s): cpu = 00:00:00.04 ; elapsed = 00:00:00.04 . Memory (MB): peak = 5324.129 ; gain = 0.000 ; free physical = 81387 ; free virtual = 111251
INFO: [Project 1-111] Unisim Transformation Summary:
No Unisim elements were transformed.

Synth Design complete | Checksum: de1e54c1
INFO: [Common 17-83] Releasing license: Synthesis
21 Infos, 40 Warnings, 0 Critical Warnings and 0 Errors encountered.
synth_design completed successfully
synth_design: Time (s): cpu = 00:07:49 ; elapsed = 00:06:19 . Memory (MB): peak = 5324.129 ; gain = 3741.746 ; free physical = 81328 ; free virtual = 111192
INFO: [Common 17-2834] synth_design peak Physical Memory [PSS] (MB): overall = 13046.647; main = 4326.359; forked = 8950.670
INFO: [Common 17-2834] synth_design peak Virtual Memory [VSS] (MB): overall = 22124.020; main = 5320.215; forked = 16903.359
# write_checkpoint -force [file join $build_dir pifo_synth.dcp]
INFO: [Timing 38-35] Done setting XDC timing constraints.
INFO: [Timing 38-480] Writing timing data to binary archive.
Write ShapeDB Complete: Time (s): cpu = 00:00:00.88 ; elapsed = 00:00:00.23 . Memory (MB): peak = 5400.246 ; gain = 0.000 ; free physical = 81285 ; free virtual = 111162
INFO: [Common 17-1381] The checkpoint '/data/work/rio-synthesis/shared-fifo-34e35d2/pifo-house-v256-c1024-vivado/pifo_synth.dcp' has been generated.
write_checkpoint: Time (s): cpu = 00:00:28 ; elapsed = 00:00:17 . Memory (MB): peak = 5400.246 ; gain = 76.117 ; free physical = 81262 ; free virtual = 111147
# report_utilization -file [file join $report_dir utilization.rpt]
# report_utilization -hierarchical -hierarchical_depth 5 -file [file join $report_dir utilization-hierarchy.rpt]
# report_ram_utilization -file [file join $report_dir ram-utilization.rpt]
report_ram_utilization: Time (s): cpu = 00:00:00 ; elapsed = 00:00:00 . Memory (MB): peak = 5400.246 ; gain = 0.000 ; free physical = 81256 ; free virtual = 111141
# set blackboxes [get_cells -hierarchical -quiet -filter {IS_BLACKBOX == 1}]
# if {[llength $blackboxes] != 0} {
#     error "Unresolved blackboxes after synthesis: $blackboxes"
# }
# set primitive_counts [dict create]
# foreach cell [get_cells -hierarchical -quiet -filter {IS_PRIMITIVE == 1}] {
#     dict incr primitive_counts [get_property REF_NAME $cell]
# }
# set counts [open [file join $report_dir primitive-counts.tsv] w]
# puts $counts "primitive\tcount"
# foreach name [lsort [dict keys $primitive_counts]] {
#     puts $counts "$name\t[dict get $primitive_counts $name]"
# }
# close $counts
# set complete [open [file join $build_dir synthesis_complete.txt] w]
# puts $complete "Vivado [version -short]; $part; PifoMesh; out_of_context; [clock format [clock seconds]]"
# close $complete
# puts "PIFO_SYNTHESIS_COMPLETE: $report_dir"
PIFO_SYNTHESIS_COMPLETE: /data/work/rio-synthesis/shared-fifo-34e35d2/pifo-house-v256-c1024-vivado/reports
INFO: [Common 17-206] Exiting Vivado at Mon Sep  7 14:46:09 2026...
