
****** Vivado v2025.2 (64-bit)
  **** SW Build 6299465 on Fri Nov 14 12:34:56 MST 2025
  **** IP Build 6300035 on Fri Nov 14 10:48:45 MST 2025
  **** SharedData Build 6298862 on Thu Nov 13 04:50:51 MST 2025
  **** Start of session at: Wed Sep  9 12:21:40 2026
    ** Copyright 1986-2022 Xilinx, Inc. All Rights Reserved.
    ** Copyright 2022-2025 Advanced Micro Devices, Inc. All Rights Reserved.

source /home/zg366/packet-scheduling/pifo-hardware/synthesis/vivado_synth.tcl
# if {$argc < 5 || $argc > 7} {
#     error {Expected BUILD_DIR PART THREADS CLOCK_PERIOD_NS PREPARE_ONLY [DIRECTIVE] [ALLOW_OVER_CAPACITY]}
# }
# lassign $argv build_dir part threads period prepare_only directive allow_over_capacity
# if {$directive eq ""} { set directive default }
# if {$allow_over_capacity eq ""} { set allow_over_capacity 0 }
# set build_dir [file normalize $build_dir]
# set rtl_dir [file join $build_dir rtl]
# set report_dir [file join $build_dir reports]
# file mkdir $report_dir
# if {[llength [get_parts -quiet $part]] != 1} {
#     error "Target part is not installed: $part"
# }
# puts "PIFO_VIVADO_VERSION: [version -short]"
PIFO_VIVADO_VERSION: 2025.2
# puts "PIFO_VIVADO_PART: $part"
PIFO_VIVADO_PART: xcku5p-ffvb676-2-e
# set_param general.maxThreads $threads
# create_project -in_memory -part $part
# cd $rtl_dir
# read_verilog -sv [glob -directory $rtl_dir *.v *.sv]
# set xdc [file join $build_dir pifo.xdc]
# set constraints [open $xdc w]
# puts $constraints "create_clock -name clk -period $period \[get_ports clk\]"
# puts $constraints {set_false_path -from [get_ports reset]}
# close $constraints
# read_xdc $xdc
# if {$prepare_only} {
#     puts "PIFO_PREPARED: $build_dir"
#     exit 0
# }
# if {$allow_over_capacity} {
#     # This version-specific Tcl hook skips only the pre-mapping device-capacity
#     # gate. The RTL, target, optimization passes, and reported device capacities
#     # remain unchanged. The resulting netlist can exceed the physical device.
#     # Verified on Vivado 2025.2 with an oversized RAM and an unchanged smaller
#     # control design; see experiment-results/hardware-overhead/diagnostics.
#     puts "PIFO_ESTIMATION_ONLY: device-capacity check disabled; no implementation or fit claim"
#     set_param synth.elaboration.rodinMoreOptions {if {[llength [info commands rt::pifo_device_capacity_check]] == 0} {rename rt::check_resource rt::pifo_device_capacity_check}; proc rt::check_resource {args} {puts "PIFO_DEVICE_CAPACITY_CHECK_SKIPPED: $args"; return 1}}
# }
PIFO_ESTIMATION_ONLY: device-capacity check disabled; no implementation or fit claim
# synth_design -top PifoMesh -part $part -mode out_of_context -flatten_hierarchy rebuilt -directive $directive
Command: synth_design -top PifoMesh -part xcku5p-ffvb676-2-e -mode out_of_context -flatten_hierarchy rebuilt -directive RuntimeOptimized
Starting synth_design
Attempting to get a license for feature 'Synthesis' and/or device 'xcku5p'
INFO: [Common 17-349] Got license for feature 'Synthesis' and/or device 'xcku5p'
INFO: [Device 21-403] Loading part xcku5p-ffvb676-2-e
INFO: [Synth 8-7079] Multithreading enabled for synth_design using a maximum of 7 processes.
INFO: [Synth 8-7078] Launching helper process for spawning children vivado processes
INFO: [Synth 8-7075] Helper process launched with PID 702411
---------------------------------------------------------------------------------
Starting RTL Elaboration : Time (s): cpu = 00:00:05 ; elapsed = 00:00:05 . Memory (MB): peak = 2833.496 ; gain = 189.688 ; free physical = 135506 ; free virtual = 176818
---------------------------------------------------------------------------------
INFO: [Synth 8-6157] synthesizing module 'PifoMesh' [/data/work/rio-synthesis/cam-shared-fifo-20260909/pifo-house-v32-c1024-vivado/rtl/PifoMesh.v:7]
INFO: [Synth 8-6157] synthesizing module 'ConcurrentPifoRTL' [/data/work/rio-synthesis/cam-shared-fifo-20260909/pifo-house-v32-c1024-vivado/rtl/PifoMesh.v:96]
INFO: [Synth 8-6157] synthesizing module 'priority_encode_log' [/data/work/rio-synthesis/cam-shared-fifo-20260909/pifo-house-v32-c1024-vivado/rtl/priority_encode_log.v:1]
	Parameter width bound to: 1024 - type: integer 
	Parameter log_width bound to: 10 - type: integer 
INFO: [Synth 8-6155] done synthesizing module 'priority_encode_log' (0#1) [/data/work/rio-synthesis/cam-shared-fifo-20260909/pifo-house-v32-c1024-vivado/rtl/priority_encode_log.v:1]
INFO: [Synth 8-6155] done synthesizing module 'ConcurrentPifoRTL' (0#1) [/data/work/rio-synthesis/cam-shared-fifo-20260909/pifo-house-v32-c1024-vivado/rtl/PifoMesh.v:96]
INFO: [Synth 8-6155] done synthesizing module 'PifoMesh' (0#1) [/data/work/rio-synthesis/cam-shared-fifo-20260909/pifo-house-v32-c1024-vivado/rtl/PifoMesh.v:7]
WARNING: [Synth 8-3936] Found unconnected internal register 'genblk1[9].part_idx_reg[9]' and it is trimmed from '1024' to '11' bits. [/data/work/rio-synthesis/cam-shared-fifo-20260909/pifo-house-v32-c1024-vivado/rtl/priority_encode_log.v:33]
WARNING: [Synth 8-3936] Found unconnected internal register 'genblk1[8].part_idx_reg[8]' and it is trimmed from '1024' to '522' bits. [/data/work/rio-synthesis/cam-shared-fifo-20260909/pifo-house-v32-c1024-vivado/rtl/priority_encode_log.v:33]
WARNING: [Synth 8-3936] Found unconnected internal register 'genblk1[7].part_idx_reg[7]' and it is trimmed from '1024' to '777' bits. [/data/work/rio-synthesis/cam-shared-fifo-20260909/pifo-house-v32-c1024-vivado/rtl/priority_encode_log.v:33]
WARNING: [Synth 8-3936] Found unconnected internal register 'genblk1[6].part_idx_reg[6]' and it is trimmed from '1024' to '904' bits. [/data/work/rio-synthesis/cam-shared-fifo-20260909/pifo-house-v32-c1024-vivado/rtl/priority_encode_log.v:33]
WARNING: [Synth 8-3936] Found unconnected internal register 'genblk1[5].part_idx_reg[5]' and it is trimmed from '1024' to '967' bits. [/data/work/rio-synthesis/cam-shared-fifo-20260909/pifo-house-v32-c1024-vivado/rtl/priority_encode_log.v:33]
WARNING: [Synth 8-3936] Found unconnected internal register 'genblk1[4].part_idx_reg[4]' and it is trimmed from '1024' to '998' bits. [/data/work/rio-synthesis/cam-shared-fifo-20260909/pifo-house-v32-c1024-vivado/rtl/priority_encode_log.v:33]
WARNING: [Synth 8-3936] Found unconnected internal register 'genblk1[3].part_idx_reg[3]' and it is trimmed from '1024' to '1013' bits. [/data/work/rio-synthesis/cam-shared-fifo-20260909/pifo-house-v32-c1024-vivado/rtl/priority_encode_log.v:33]
WARNING: [Synth 8-3936] Found unconnected internal register 'genblk1[2].part_idx_reg[2]' and it is trimmed from '1024' to '1020' bits. [/data/work/rio-synthesis/cam-shared-fifo-20260909/pifo-house-v32-c1024-vivado/rtl/priority_encode_log.v:33]
WARNING: [Synth 8-3936] Found unconnected internal register 'genblk1[1].part_idx_reg[1]' and it is trimmed from '1024' to '1023' bits. [/data/work/rio-synthesis/cam-shared-fifo-20260909/pifo-house-v32-c1024-vivado/rtl/priority_encode_log.v:33]
WARNING: [Synth 8-7129] Port clk in module priority_encode_log is either unconnected or has no load
WARNING: [Synth 8-7129] Port rst in module priority_encode_log is either unconnected or has no load
WARNING: [Synth 8-7129] Port io_push2_valid in module PifoMesh is either unconnected or has no load
WARNING: [Synth 8-7129] Port io_push2_payload_priority[7] in module PifoMesh is either unconnected or has no load
WARNING: [Synth 8-7129] Port io_push2_payload_priority[6] in module PifoMesh is either unconnected or has no load
WARNING: [Synth 8-7129] Port io_push2_payload_priority[5] in module PifoMesh is either unconnected or has no load
WARNING: [Synth 8-7129] Port io_push2_payload_priority[4] in module PifoMesh is either unconnected or has no load
WARNING: [Synth 8-7129] Port io_push2_payload_priority[3] in module PifoMesh is either unconnected or has no load
WARNING: [Synth 8-7129] Port io_push2_payload_priority[2] in module PifoMesh is either unconnected or has no load
WARNING: [Synth 8-7129] Port io_push2_payload_priority[1] in module PifoMesh is either unconnected or has no load
WARNING: [Synth 8-7129] Port io_push2_payload_priority[0] in module PifoMesh is either unconnected or has no load
WARNING: [Synth 8-7129] Port io_push2_payload_data[7] in module PifoMesh is either unconnected or has no load
WARNING: [Synth 8-7129] Port io_push2_payload_data[6] in module PifoMesh is either unconnected or has no load
WARNING: [Synth 8-7129] Port io_push2_payload_data[5] in module PifoMesh is either unconnected or has no load
WARNING: [Synth 8-7129] Port io_push2_payload_data[4] in module PifoMesh is either unconnected or has no load
WARNING: [Synth 8-7129] Port io_push2_payload_data[3] in module PifoMesh is either unconnected or has no load
WARNING: [Synth 8-7129] Port io_push2_payload_data[2] in module PifoMesh is either unconnected or has no load
WARNING: [Synth 8-7129] Port io_push2_payload_data[1] in module PifoMesh is either unconnected or has no load
WARNING: [Synth 8-7129] Port io_push2_payload_data[0] in module PifoMesh is either unconnected or has no load
WARNING: [Synth 8-7129] Port io_push2_payload_port[4] in module PifoMesh is either unconnected or has no load
WARNING: [Synth 8-7129] Port io_push2_payload_port[3] in module PifoMesh is either unconnected or has no load
WARNING: [Synth 8-7129] Port io_push2_payload_port[2] in module PifoMesh is either unconnected or has no load
WARNING: [Synth 8-7129] Port io_push2_payload_port[1] in module PifoMesh is either unconnected or has no load
WARNING: [Synth 8-7129] Port io_push2_payload_port[0] in module PifoMesh is either unconnected or has no load
---------------------------------------------------------------------------------
Finished RTL Elaboration : Time (s): cpu = 00:00:46 ; elapsed = 00:00:48 . Memory (MB): peak = 4005.645 ; gain = 1361.836 ; free physical = 134842 ; free virtual = 176423
---------------------------------------------------------------------------------
---------------------------------------------------------------------------------
Start Handling Custom Attributes
---------------------------------------------------------------------------------
---------------------------------------------------------------------------------
Finished Handling Custom Attributes : Time (s): cpu = 00:00:46 ; elapsed = 00:00:48 . Memory (MB): peak = 4005.645 ; gain = 1361.836 ; free physical = 135557 ; free virtual = 177145
---------------------------------------------------------------------------------
---------------------------------------------------------------------------------
Finished RTL Optimization Phase 1 : Time (s): cpu = 00:00:46 ; elapsed = 00:00:48 . Memory (MB): peak = 4005.645 ; gain = 1361.836 ; free physical = 135557 ; free virtual = 177145
---------------------------------------------------------------------------------
Netlist sorting complete. Time (s): cpu = 00:00:07 ; elapsed = 00:00:07 . Memory (MB): peak = 4117.949 ; gain = 16.305 ; free physical = 132956 ; free virtual = 175487
INFO: [Project 1-570] Preparing netlist for logic optimization

Processing XDC Constraints
Initializing timing engine
Parsing XDC File [/data/work/rio-synthesis/cam-shared-fifo-20260909/pifo-house-v32-c1024-vivado/pifo.xdc]
Finished Parsing XDC File [/data/work/rio-synthesis/cam-shared-fifo-20260909/pifo-house-v32-c1024-vivado/pifo.xdc]
Completed Processing XDC Constraints

Netlist sorting complete. Time (s): cpu = 00:00:00.03 ; elapsed = 00:00:00.04 . Memory (MB): peak = 5137.883 ; gain = 0.000 ; free physical = 123681 ; free virtual = 165179
INFO: [Project 1-111] Unisim Transformation Summary:
No Unisim elements were transformed.

---------------------------------------------------------------------------------
Finished RTL Optimization Phase 2 : Time (s): cpu = 00:02:53 ; elapsed = 00:02:52 . Memory (MB): peak = 5161.895 ; gain = 2518.086 ; free physical = 112564 ; free virtual = 154113
---------------------------------------------------------------------------------
---------------------------------------------------------------------------------
Start RTL Component Statistics 
---------------------------------------------------------------------------------
Detailed RTL Component Info : 
+---Adders : 
	   4 Input   11 Bit       Adders := 1     
	   3 Input   11 Bit       Adders := 1     
	   2 Input   11 Bit       Adders := 1     
+---Registers : 
	                8 Bit    Registers := 2050  
	                5 Bit    Registers := 1028  
	                1 Bit    Registers := 5     
+---Muxes : 
	   2 Input   11 Bit        Muxes := 1     
	   2 Input    9 Bit        Muxes := 3     
	   2 Input    8 Bit        Muxes := 10239 
	   2 Input    7 Bit        Muxes := 12    
	   2 Input    6 Bit        Muxes := 24    
	   2 Input    5 Bit        Muxes := 5164  
	   2 Input    4 Bit        Muxes := 96    
	   2 Input    3 Bit        Muxes := 192   
	   2 Input    2 Bit        Muxes := 384   
	   2 Input    1 Bit        Muxes := 2819  
---------------------------------------------------------------------------------
Finished RTL Component Statistics 
---------------------------------------------------------------------------------
---------------------------------------------------------------------------------
Start Part Resource Summary
---------------------------------------------------------------------------------
Part Resources:
DSPs: 1824 (col length:96)
BRAMs: 960 (col length: RAMB18 96 RAMB36 48)
---------------------------------------------------------------------------------
Finished Part Resource Summary
---------------------------------------------------------------------------------
---------------------------------------------------------------------------------
Start Cross Boundary and Area Optimization
---------------------------------------------------------------------------------
