Copyright 1986-2022 Xilinx, Inc. All Rights Reserved. Copyright 2022-2025 Advanced Micro Devices, Inc. All Rights Reserved.
--------------------------------------------------------------------------------------------------------------------------------------------------------------
| Tool Version : Vivado v.2025.2 (lin64) Build 6299465 Fri Nov 14 12:34:56 MST 2025
| Date         : Sun Sep  6 19:37:32 2026
| Host         : netarch-cxl.ece.cornell.edu running 64-bit Ubuntu 24.04.4 LTS
| Command      : report_ram_utilization -file /home/zg366/packet-scheduling/pifo-hardware/synthesis/build/baseline-vivado-runtime/reports/ram-utilization.rpt
| Design       : PifoMesh
| Device       : xcku5p-ffvb676-2-e
| Speed File   : -2
--------------------------------------------------------------------------------------------------------------------------------------------------------------

RAM Usage Information

Table of Contents
-----------------
1. Summary
2. Memory Description
3. Memory Utilization - Inferred
4. Memory Performance - Inferred
5. Block Ram / URAM Memory Power - Inferred

1. Summary
----------

+--------------------------+------------+-----------+-------+-----------+
| Memory Type              | Total Used | Available | Util% | Inferred% |
+--------------------------+------------+-----------+-------+-----------+
| URAM                     |          2 |        64 |  3.12 |    100.00 |
|  URAM288                 |          2 |           |       |    100.00 |
| BlockRAM                 |          8 |       480 |  1.67 |    100.00 |
|  RAMB36E2                |          8 |           |       |    100.00 |
| LUTMs as Distributed RAM |        256 |     99840 |  0.26 |    100.00 |
|  LUTMs as RAM32X1D       |         16 |           |       |    100.00 |
|  LUTMs as RAM32M16       |        200 |           |       |    100.00 |
|  LUTMs as RAM32M         |         40 |           |       |    100.00 |
+--------------------------+------------+-----------+-------+-----------+
*  Each RAMB18 is calculated as 0.5 BlockRAM
**  Tables 2, 3, 4 and 5 cover RAMs inferred by Vivado Synthesis using XPMs or RTL inference
***  XRAMs are not reported for detailed tables


2. Memory Description
---------------------

+-------------------------------------------------------+------------+-----------+-------------+------------------------+------------------------+
| Memory Name                                           | Array Size | RAM_STYLE | Memory Type | Port 1 Dimension / Map | Port 2 Dimension / Map |
+-------------------------------------------------------+------------+-----------+-------------+------------------------+------------------------+
| pifoEngines_0/enque_brain/engineCAM/ram               |     131072 |           | RAM_SDP     | 4096x32                | 4096x32                |
|  pifoEngines_0/enque_brain/engineCAM/ram_reg_uram_0   |     131072 |      AUTO |             |  B:B:4096x32           |  A:A:4096x32           |
| pifoEngines_1/enque_brain/engineCAM/ram               |     131072 |           | RAM_SDP     | 4096x32                | 4096x32                |
|  pifoEngines_1/enque_brain/engineCAM/ram_reg_uram_0   |     131072 |      AUTO |             |  B:B:4096x32           |  A:A:4096x32           |
| pifoEngines_0/deque_dequeMapper/banks_0               |      28672 |           | RAM_SDP     | 4096x7                 | 4096x7                 |
|  pifoEngines_0/deque_dequeMapper/banks_0_reg_1_bram_0 |      28672 |      AUTO |             |  A:A:4096x7            |  B:B:4096x7            |
|  pifoEngines_0/deque_dequeMapper/banks_0_reg_2_bram_0 |      28672 |      AUTO |             |  A:A:4096x7            |  B:B:4096x7            |
| pifoEngines_0/deque_dequeMapper/banks_1               |      28672 |           | RAM_SDP     | 4096x7                 | 4096x7                 |
|  pifoEngines_0/deque_dequeMapper/banks_1_reg_1_bram_0 |      28672 |      AUTO |             |  A:A:4096x7            |  B:B:4096x7            |
|  pifoEngines_0/deque_dequeMapper/banks_1_reg_2_bram_0 |      28672 |      AUTO |             |  A:A:4096x7            |  B:B:4096x7            |
| pifoEngines_1/deque_dequeMapper/banks_0               |      28672 |           | RAM_SDP     | 4096x7                 | 4096x7                 |
|  pifoEngines_1/deque_dequeMapper/banks_0_reg_1_bram_0 |      28672 |      AUTO |             |  A:A:4096x7            |  B:B:4096x7            |
|  pifoEngines_1/deque_dequeMapper/banks_0_reg_2_bram_0 |      28672 |      AUTO |             |  A:A:4096x7            |  B:B:4096x7            |
| pifoEngines_1/deque_dequeMapper/banks_1               |      28672 |           | RAM_SDP     | 4096x7                 | 4096x7                 |
|  pifoEngines_1/deque_dequeMapper/banks_1_reg_1_bram_0 |      28672 |      AUTO |             |  A:A:4096x7            |  B:B:4096x7            |
|  pifoEngines_1/deque_dequeMapper/banks_1_reg_2_bram_0 |      28672 |      AUTO |             |  A:A:4096x7            |  B:B:4096x7            |
+-------------------------------------------------------+------------+-----------+-------------+------------------------+------------------------+


3. Memory Utilization - Inferred
--------------------------------

+-------------------------------------------------------+-----------+-----------+----------------+-----------+-----------+---------+---------------+---------------+---------+---------------+---------------+---------+---------------+---------------+---------+---------------+---------------+
| Memory Name                                           | Primitive | RAM STYLE | Available Bits | Used Bits | Bit Util% | A Depth | A Depth Avail | A Depth Util% | A Width | A Width Avail | A Width Util% | B Depth | B Depth Avail | B Depth Util% | B Width | B Width Avail | B Width Util% |
+-------------------------------------------------------+-----------+-----------+----------------+-----------+-----------+---------+---------------+---------------+---------+---------------+---------------+---------+---------------+---------------+---------+---------------+---------------+
| pifoEngines_0/enque_brain/engineCAM/ram               |           |           |                |           |           |         |               |               |         |               |               |         |               |               |         |               |               |
|  pifoEngines_0/enque_brain/engineCAM/ram_reg_uram_0   | URAM288   |      AUTO |         294912 |    131072 |     44.44 |    4096 |          4096 |        100.00 |      32 |            72 |         44.44 |    4096 |          4096 |        100.00 |      32 |            72 |         44.44 |
| pifoEngines_1/enque_brain/engineCAM/ram               |           |           |                |           |           |         |               |               |         |               |               |         |               |               |         |               |               |
|  pifoEngines_1/enque_brain/engineCAM/ram_reg_uram_0   | URAM288   |      AUTO |         294912 |    131072 |     44.44 |    4096 |          4096 |        100.00 |      32 |            72 |         44.44 |    4096 |          4096 |        100.00 |      32 |            72 |         44.44 |
| pifoEngines_0/deque_dequeMapper/banks_0               |           |           |                |           |           |         |               |               |         |               |               |         |               |               |         |               |               |
|  pifoEngines_0/deque_dequeMapper/banks_0_reg_1_bram_0 | RAMB36E2  |      AUTO |          36864 |     28672 |     77.78 |    4096 |          4096 |        100.00 |       7 |             9 |         77.78 |    4096 |          4096 |        100.00 |       7 |             9 |         77.78 |
|  pifoEngines_0/deque_dequeMapper/banks_0_reg_2_bram_0 | RAMB36E2  |      AUTO |          36864 |     28672 |     77.78 |    4096 |          4096 |        100.00 |       7 |             9 |         77.78 |    4096 |          4096 |        100.00 |       7 |             9 |         77.78 |
| pifoEngines_0/deque_dequeMapper/banks_1               |           |           |                |           |           |         |               |               |         |               |               |         |               |               |         |               |               |
|  pifoEngines_0/deque_dequeMapper/banks_1_reg_1_bram_0 | RAMB36E2  |      AUTO |          36864 |     28672 |     77.78 |    4096 |          4096 |        100.00 |       7 |             9 |         77.78 |    4096 |          4096 |        100.00 |       7 |             9 |         77.78 |
|  pifoEngines_0/deque_dequeMapper/banks_1_reg_2_bram_0 | RAMB36E2  |      AUTO |          36864 |     28672 |     77.78 |    4096 |          4096 |        100.00 |       7 |             9 |         77.78 |    4096 |          4096 |        100.00 |       7 |             9 |         77.78 |
| pifoEngines_1/deque_dequeMapper/banks_0               |           |           |                |           |           |         |               |               |         |               |               |         |               |               |         |               |               |
|  pifoEngines_1/deque_dequeMapper/banks_0_reg_1_bram_0 | RAMB36E2  |      AUTO |          36864 |     28672 |     77.78 |    4096 |          4096 |        100.00 |       7 |             9 |         77.78 |    4096 |          4096 |        100.00 |       7 |             9 |         77.78 |
|  pifoEngines_1/deque_dequeMapper/banks_0_reg_2_bram_0 | RAMB36E2  |      AUTO |          36864 |     28672 |     77.78 |    4096 |          4096 |        100.00 |       7 |             9 |         77.78 |    4096 |          4096 |        100.00 |       7 |             9 |         77.78 |
| pifoEngines_1/deque_dequeMapper/banks_1               |           |           |                |           |           |         |               |               |         |               |               |         |               |               |         |               |               |
|  pifoEngines_1/deque_dequeMapper/banks_1_reg_1_bram_0 | RAMB36E2  |      AUTO |          36864 |     28672 |     77.78 |    4096 |          4096 |        100.00 |       7 |             9 |         77.78 |    4096 |          4096 |        100.00 |       7 |             9 |         77.78 |
|  pifoEngines_1/deque_dequeMapper/banks_1_reg_2_bram_0 | RAMB36E2  |      AUTO |          36864 |     28672 |     77.78 |    4096 |          4096 |        100.00 |       7 |             9 |         77.78 |    4096 |          4096 |        100.00 |       7 |             9 |         77.78 |
+-------------------------------------------------------+-----------+-----------+----------------+-----------+-----------+---------+---------------+---------------+---------+---------------+---------------+---------+---------------+---------------+---------+---------------+---------------+


4. Memory Performance - Inferred
--------------------------------

+-------------------------------------------------------+-----------+------------------------+------------------------+-------------+-------------------------+-------------+-------------------------+-----------+--------+--------+---------+-----------+--------+--------+---------+
| Memory Name                                           | Primitive | Port 1 Dimension / Map | Port 2 Dimension / Map | Port A Type | Port A Requirement (ns) | Port B Type | Port B Requirement (ns) | A Cascade | IREG_A | OREG_A | DOA_REG | B Cascade | IREG_B | OREG_B | DOB_REG |
+-------------------------------------------------------+-----------+------------------------+------------------------+-------------+-------------------------+-------------+-------------------------+-----------+--------+--------+---------+-----------+--------+--------+---------+
| pifoEngines_0/enque_brain/engineCAM/ram               |           | 4096x32                | 4096x32                |             |                         |             |                         |           |        |        |         |           |        |        |         |
|  pifoEngines_0/enque_brain/engineCAM/ram_reg_uram_0   | URAM288   |  B:B:4096x32           |  A:A:4096x32           |        Read |                    10.0 |       Write |                    10.0 |      NONE |      0 |      0 |         |      NONE |      0 |      0 |         |
| pifoEngines_1/enque_brain/engineCAM/ram               |           | 4096x32                | 4096x32                |             |                         |             |                         |           |        |        |         |           |        |        |         |
|  pifoEngines_1/enque_brain/engineCAM/ram_reg_uram_0   | URAM288   |  B:B:4096x32           |  A:A:4096x32           |        Read |                    10.0 |       Write |                    10.0 |      NONE |      0 |      0 |         |      NONE |      0 |      0 |         |
| pifoEngines_0/deque_dequeMapper/banks_0               |           | 4096x7                 | 4096x7                 |             |                         |             |                         |           |        |        |         |           |        |        |         |
|  pifoEngines_0/deque_dequeMapper/banks_0_reg_1_bram_0 | RAMB36E2  |  A:A:4096x7            |  B:B:4096x7            |       Write |                    10.0 |        Read |                    10.0 |      NONE |        |        |       0 |      NONE |        |        |       0 |
|  pifoEngines_0/deque_dequeMapper/banks_0_reg_2_bram_0 | RAMB36E2  |  A:A:4096x7            |  B:B:4096x7            |       Write |                    10.0 |        Read |                    10.0 |      NONE |        |        |       0 |      NONE |        |        |       0 |
| pifoEngines_0/deque_dequeMapper/banks_1               |           | 4096x7                 | 4096x7                 |             |                         |             |                         |           |        |        |         |           |        |        |         |
|  pifoEngines_0/deque_dequeMapper/banks_1_reg_1_bram_0 | RAMB36E2  |  A:A:4096x7            |  B:B:4096x7            |       Write |                    10.0 |        Read |                    10.0 |      NONE |        |        |       0 |      NONE |        |        |       0 |
|  pifoEngines_0/deque_dequeMapper/banks_1_reg_2_bram_0 | RAMB36E2  |  A:A:4096x7            |  B:B:4096x7            |       Write |                    10.0 |        Read |                    10.0 |      NONE |        |        |       0 |      NONE |        |        |       0 |
| pifoEngines_1/deque_dequeMapper/banks_0               |           | 4096x7                 | 4096x7                 |             |                         |             |                         |           |        |        |         |           |        |        |         |
|  pifoEngines_1/deque_dequeMapper/banks_0_reg_1_bram_0 | RAMB36E2  |  A:A:4096x7            |  B:B:4096x7            |       Write |                    10.0 |        Read |                    10.0 |      NONE |        |        |       0 |      NONE |        |        |       0 |
|  pifoEngines_1/deque_dequeMapper/banks_0_reg_2_bram_0 | RAMB36E2  |  A:A:4096x7            |  B:B:4096x7            |       Write |                    10.0 |        Read |                    10.0 |      NONE |        |        |       0 |      NONE |        |        |       0 |
| pifoEngines_1/deque_dequeMapper/banks_1               |           | 4096x7                 | 4096x7                 |             |                         |             |                         |           |        |        |         |           |        |        |         |
|  pifoEngines_1/deque_dequeMapper/banks_1_reg_1_bram_0 | RAMB36E2  |  A:A:4096x7            |  B:B:4096x7            |       Write |                    10.0 |        Read |                    10.0 |      NONE |        |        |       0 |      NONE |        |        |       0 |
|  pifoEngines_1/deque_dequeMapper/banks_1_reg_2_bram_0 | RAMB36E2  |  A:A:4096x7            |  B:B:4096x7            |       Write |                    10.0 |        Read |                    10.0 |      NONE |        |        |       0 |      NONE |        |        |       0 |
+-------------------------------------------------------+-----------+------------------------+------------------------+-------------+-------------------------+-------------+-------------------------+-----------+--------+--------+---------+-----------+--------+--------+---------+


5. Block Ram / URAM Memory Power - Inferred
-------------------------------------------

+-------------------------------------------------------+-----------+------------------------+------------------------+--------------------+---------------+-------------------+-----------+--------------------+---------------+-------------------+-----------+
| Memory Name                                           | Primitive | Port 1 Dimension / Map | Port 2 Dimension / Map | Port A Power Gated | Port A Enable | Port A WRITE_MODE | A Cascade | Port B Power Gated | Port B Enable | Port B WRITE_MODE | B Cascade |
+-------------------------------------------------------+-----------+------------------------+------------------------+--------------------+---------------+-------------------+-----------+--------------------+---------------+-------------------+-----------+
| pifoEngines_0/enque_brain/engineCAM/ram               |           | 4096x32                | 4096x32                |                    |               |                   |           |                    |               |                   |           |
|  pifoEngines_0/enque_brain/engineCAM/ram_reg_uram_0   | URAM288   |  B:B:4096x32           |  A:A:4096x32           |                    |         POWER |                   |      NONE |                    |         POWER |                   |      NONE |
| pifoEngines_1/enque_brain/engineCAM/ram               |           | 4096x32                | 4096x32                |                    |               |                   |           |                    |               |                   |           |
|  pifoEngines_1/enque_brain/engineCAM/ram_reg_uram_0   | URAM288   |  B:B:4096x32           |  A:A:4096x32           |                    |         POWER |                   |      NONE |                    |         POWER |                   |      NONE |
| pifoEngines_0/deque_dequeMapper/banks_0               |           | 4096x7                 | 4096x7                 |                    |               |                   |           |                    |               |                   |           |
|  pifoEngines_0/deque_dequeMapper/banks_0_reg_1_bram_0 | RAMB36E2  |  A:A:4096x7            |  B:B:4096x7            |                    |        SIGNAL |        READ_FIRST |      NONE |                    |        SIGNAL |       WRITE_FIRST |      NONE |
|  pifoEngines_0/deque_dequeMapper/banks_0_reg_2_bram_0 | RAMB36E2  |  A:A:4096x7            |  B:B:4096x7            |                    |        SIGNAL |        READ_FIRST |      NONE |                    |        SIGNAL |       WRITE_FIRST |      NONE |
| pifoEngines_0/deque_dequeMapper/banks_1               |           | 4096x7                 | 4096x7                 |                    |               |                   |           |                    |               |                   |           |
|  pifoEngines_0/deque_dequeMapper/banks_1_reg_1_bram_0 | RAMB36E2  |  A:A:4096x7            |  B:B:4096x7            |                    |        SIGNAL |        READ_FIRST |      NONE |                    |        SIGNAL |       WRITE_FIRST |      NONE |
|  pifoEngines_0/deque_dequeMapper/banks_1_reg_2_bram_0 | RAMB36E2  |  A:A:4096x7            |  B:B:4096x7            |                    |        SIGNAL |        READ_FIRST |      NONE |                    |        SIGNAL |       WRITE_FIRST |      NONE |
| pifoEngines_1/deque_dequeMapper/banks_0               |           | 4096x7                 | 4096x7                 |                    |               |                   |           |                    |               |                   |           |
|  pifoEngines_1/deque_dequeMapper/banks_0_reg_1_bram_0 | RAMB36E2  |  A:A:4096x7            |  B:B:4096x7            |                    |        SIGNAL |        READ_FIRST |      NONE |                    |        SIGNAL |       WRITE_FIRST |      NONE |
|  pifoEngines_1/deque_dequeMapper/banks_0_reg_2_bram_0 | RAMB36E2  |  A:A:4096x7            |  B:B:4096x7            |                    |        SIGNAL |        READ_FIRST |      NONE |                    |        SIGNAL |       WRITE_FIRST |      NONE |
| pifoEngines_1/deque_dequeMapper/banks_1               |           | 4096x7                 | 4096x7                 |                    |               |                   |           |                    |               |                   |           |
|  pifoEngines_1/deque_dequeMapper/banks_1_reg_1_bram_0 | RAMB36E2  |  A:A:4096x7            |  B:B:4096x7            |                    |        SIGNAL |        READ_FIRST |      NONE |                    |        SIGNAL |       WRITE_FIRST |      NONE |
|  pifoEngines_1/deque_dequeMapper/banks_1_reg_2_bram_0 | RAMB36E2  |  A:A:4096x7            |  B:B:4096x7            |                    |        SIGNAL |        READ_FIRST |      NONE |                    |        SIGNAL |       WRITE_FIRST |      NONE |
+-------------------------------------------------------+-----------+------------------------+------------------------+--------------------+---------------+-------------------+-----------+--------------------+---------------+-------------------+-----------+


